Using API URL: https://a985bc5b-b2e4-4dfa-b7b1-059accd4e9ea.preview.emergentagent.com/api

================================================================================
RUNNING API TESTS
================================================================================

================================================================================
Testing: Login with credentials (POST https://a985bc5b-b2e4-4dfa-b7b1-059accd4e9ea.preview.emergentagent.com/api/auth/login)
Status Code: 401
Response Headers: {
  "Date": "Mon, 16 Jun 2025 22:12:06 GMT",
  "Content-Type": "application/json",
  "Content-Length": "38",
  "Connection": "keep-alive",
  "Strict-Transport-Security": "max-age=15724800; includeSubDomains"
}
Response: {
  "detail": "Invalid email or password"
}
Test Result: FAILED

================================================================================
Testing: Test Login Endpoint (POST https://a985bc5b-b2e4-4dfa-b7b1-059accd4e9ea.preview.emergentagent.com/api/auth/test-login)
Status Code: 200
Response Headers: {
  "Date": "Mon, 16 Jun 2025 22:12:06 GMT",
  "Content-Type": "application/json",
  "Content-Length": "379",
  "Connection": "keep-alive",
  "Strict-Transport-Security": "max-age=15724800; includeSubDomains"
}
Response: {
  "access_token": "eyJhbGciOiJIUzI1NiIsInR5cCI6IkpXVCJ9.eyJzdWIiOiJ0ZXN0LXVzZXItMTIzIiwiZXhwIjoxNzUwMTk4MzI2fQ.dW2hUhQMuRpyVArO0AgJL3HNphc6-lL1_-F6-3dcxAA",
  "token_type": "bearer",
  "user": {
    "id": "test-user-123",
    "email": "test@example.com",
    "name": "Test User",
    "picture": "https://via.placeholder.com/40",
    "created_at": "2025-06-13T11:07:10.480000",
    "last_login": "2025-06-16T22:10:00.472000"
  }
}
Test Result: PASSED
Test login successful. User ID: test-user-123
JWT Token: eyJhbGciOiJIUzI1NiIsInR5cCI6IkpXVCJ9.eyJzdWIiOiJ0ZXN0LXVzZXItMTIzIiwiZXhwIjoxNzUwMTk4MzI2fQ.dW2hUhQMuRpyVArO0AgJL3HNphc6-lL1_-F6-3dcxAA

================================================================================
TESTING IMPROVED CONVERSATION GENERATION SYSTEM
================================================================================

Test 1: Creating a new simulation

================================================================================
Testing: Start simulation (POST https://a985bc5b-b2e4-4dfa-b7b1-059accd4e9ea.preview.emergentagent.com/api/simulation/start)
Status Code: 200
Response Headers: {
  "Date": "Mon, 16 Jun 2025 22:12:06 GMT",
  "Content-Type": "application/json",
  "Content-Length": "441",
  "Connection": "keep-alive",
  "Strict-Transport-Security": "max-age=15724800; includeSubDomains"
}
Response: {
  "message": "Simulation started with no time limit",
  "state": {
    "id": "952d1027-313b-4322-82a8-cc3dc91cc209",
    "current_day": 1,
    "current_time_period": "morning",
    "daily_api_requests": 0,
    "last_reset_date": "2025-06-16",
    "scenario": "The Research Station",
    "is_active": true,
    "time_limit_hours": null,
    "time_limit_display": null,
    "simulation_start_time": "2025-06-16T22:12:06.609667",
    "time_remaining_hours": null
  },
  "time_limit_active": false,
  "time_limit_display": null
}
Test Result: PASSED
✅ Successfully started simulation

Test 2: Creating test agents

================================================================================
Testing: Create Agent: Dr. James Wilson (POST https://a985bc5b-b2e4-4dfa-b7b1-059accd4e9ea.preview.emergentagent.com/api/agents)
Status Code: 200
Response Headers: {
  "Date": "Mon, 16 Jun 2025 22:12:06 GMT",
  "Content-Type": "application/json",
  "Content-Length": "480",
  "Connection": "keep-alive",
  "Strict-Transport-Security": "max-age=15724800; includeSubDomains"
}
Response: {
  "id": "46ce0ebc-8fbc-492c-aa34-f116b934073a",
  "name": "Dr. James Wilson",
  "archetype": "scientist",
  "personality": {
    "extroversion": 4,
    "optimism": 6,
    "curiosity": 9,
    "cooperativeness": 7,
    "energy": 6
  },
  "goal": "Advance scientific understanding of the project",
  "expertise": "Quantum Physics",
  "background": "Former lead researcher at CERN",
  "current_mood": "neutral",
  "current_activity": "idle",
  "memory_summary": "",
  "avatar_url": "",
  "avatar_prompt": "",
  "user_id": "",
  "created_at": "2025-06-16T22:12:06.683968"
}
Test Result: PASSED
✅ Created agent: Dr. James Wilson with ID: 46ce0ebc-8fbc-492c-aa34-f116b934073a

================================================================================
Testing: Create Agent: Sarah Johnson (POST https://a985bc5b-b2e4-4dfa-b7b1-059accd4e9ea.preview.emergentagent.com/api/agents)
Status Code: 200
Response Headers: {
  "Date": "Mon, 16 Jun 2025 22:12:06 GMT",
  "Content-Type": "application/json",
  "Content-Length": "482",
  "Connection": "keep-alive",
  "Strict-Transport-Security": "max-age=15724800; includeSubDomains"
}
Response: {
  "id": "defd6691-b46d-4dca-acb2-49d72adcf6ca",
  "name": "Sarah Johnson",
  "archetype": "leader",
  "personality": {
    "extroversion": 9,
    "optimism": 8,
    "curiosity": 6,
    "cooperativeness": 8,
    "energy": 8
  },
  "goal": "Ensure project success and team coordination",
  "expertise": "Project Management",
  "background": "20 years experience in tech leadership",
  "current_mood": "neutral",
  "current_activity": "idle",
  "memory_summary": "",
  "avatar_url": "",
  "avatar_prompt": "",
  "user_id": "",
  "created_at": "2025-06-16T22:12:06.725407"
}
Test Result: PASSED
✅ Created agent: Sarah Johnson with ID: defd6691-b46d-4dca-acb2-49d72adcf6ca

================================================================================
Testing: Create Agent: Michael Chen (POST https://a985bc5b-b2e4-4dfa-b7b1-059accd4e9ea.preview.emergentagent.com/api/agents)
Status Code: 200
Response Headers: {
  "Date": "Mon, 16 Jun 2025 22:12:06 GMT",
  "Content-Type": "application/json",
  "Content-Length": "458",
  "Connection": "keep-alive",
  "Strict-Transport-Security": "max-age=15724800; includeSubDomains"
}
Response: {
  "id": "5a837a69-b196-41c8-a732-5ed5c54d864f",
  "name": "Michael Chen",
  "archetype": "skeptic",
  "personality": {
    "extroversion": 4,
    "optimism": 3,
    "curiosity": 7,
    "cooperativeness": 5,
    "energy": 5
  },
  "goal": "Identify and mitigate project risks",
  "expertise": "Risk Assessment",
  "background": "Former security consultant",
  "current_mood": "neutral",
  "current_activity": "idle",
  "memory_summary": "",
  "avatar_url": "",
  "avatar_prompt": "",
  "user_id": "",
  "created_at": "2025-06-16T22:12:06.777073"
}
Test Result: PASSED
✅ Created agent: Michael Chen with ID: 5a837a69-b196-41c8-a732-5ed5c54d864f

Test 3: Setting a scenario

================================================================================
Testing: Set Scenario (POST https://a985bc5b-b2e4-4dfa-b7b1-059accd4e9ea.preview.emergentagent.com/api/simulation/set-scenario)
Status Code: 200
Response Headers: {
  "Date": "Mon, 16 Jun 2025 22:12:06 GMT",
  "Content-Type": "application/json",
  "Content-Length": "209",
  "Connection": "keep-alive",
  "Strict-Transport-Security": "max-age=15724800; includeSubDomains"
}
Response: {
  "message": "Scenario updated",
  "scenario": "The team is discussing the implementation of a new quantum computing project with potential applications in cryptography.",
  "scenario_name": "Quantum Computing Project"
}
Test Result: PASSED
✅ Successfully set scenario

Test 4: Generating multiple conversation rounds

Generating conversation round 1/5:

================================================================================
Testing: Generate Conversation Round 1 (POST https://a985bc5b-b2e4-4dfa-b7b1-059accd4e9ea.preview.emergentagent.com/api/conversation/generate)
Status Code: 200
Response Headers: {
  "Date": "Mon, 16 Jun 2025 22:12:18 GMT",
  "Content-Type": "application/json",
  "Content-Length": "2103",
  "Connection": "keep-alive",
  "Strict-Transport-Security": "max-age=15724800; includeSubDomains"
}
Response: {
  "id": "2f522506-9efc-4d9a-9c2d-a8d71a4a56f8",
  "round_number": 1,
  "time_period": "Day 1 - morning",
  "scenario": "The team is discussing the implementation of a new quantum computing project with potential applications in cryptography.",
  "scenario_name": "Quantum Computing Project",
  "messages": [
    {
      "id": "34ed292b-d4f6-4664-bf82-a432e6a70660",
      "agent_id": "5a837a69-b196-41c8-a732-5ed5c54d864f",
      "agent_name": "Michael Chen",
      "message": "While the Quantum Computing Project sounds promising, my background in Risk Assessment makes me cautious about implementation challenges. We've seen similar initiatives struggle with scaling. What's our realistic timeline and budget?",
      "mood": "cautious",
      "timestamp": "2025-06-16T22:12:08.472911"
    },
    {
      "id": "a8aed877-99ea-4f83-970f-464566394c1c",
      "agent_id": "defd6691-b46d-4dca-acb2-49d72adcf6ca",
      "agent_name": "Sarah Johnson",
      "message": "I'm confident we have the right team to solve this problem.",
      "mood": "strategic",
      "timestamp": "2025-06-16T22:12:09.919679"
    },
    {
      "id": "16fab397-74da-4d15-a698-6fa1f3a2638d",
      "agent_id": "46ce0ebc-8fbc-492c-aa34-f116b934073a",
      "agent_name": "Dr. James Wilson",
      "message": "Okay, let's cut to the chase. From a quantum physics standpoint, the biggest hurdle in any quantum cryptography project is maintaining qubit coherence long enough to perform meaningful computations. \n\nI propose we immediately focus on two key areas:\n\n1.  **Error Correction:** We need to nail down the specific error correction codes we'll be using. My recommendation is surface codes, given their relatively high fault-tolerance threshold.\n2.  **Qubit Technology:** What type of qubits are we talking about? Superconducting, trapped ion, topological? The choice drastically affects our hardware requirements and error rates.\n\nMichael, based on your security background, what risks do you foresee with implementing surface codes, especially regarding the increased qubit overhead?",
      "mood": "analytical",
      "timestamp": "2025-06-16T22:12:11.541552"
    }
  ],
  "user_id": "",
  "created_at": "2025-06-16T22:12:11.542468",
  "language": "en",
  "original_language": null,
  "translated_at": null,
  "force_translated": false
}
Test Result: PASSED
✅ Generated conversation round 1

Generating conversation round 2/5:

================================================================================
Testing: Generate Conversation Round 2 (POST https://a985bc5b-b2e4-4dfa-b7b1-059accd4e9ea.preview.emergentagent.com/api/conversation/generate)
Status Code: 200
Response Headers: {
  "Date": "Mon, 16 Jun 2025 22:12:30 GMT",
  "Content-Type": "application/json",
  "Content-Length": "2156",
  "Connection": "keep-alive",
  "Strict-Transport-Security": "max-age=15724800; includeSubDomains"
}
Response: {
  "id": "9fca1080-f7e3-491b-ae18-3369a36c29e7",
  "round_number": 2,
  "time_period": "Day 1 - morning",
  "scenario": "The team is discussing the implementation of a new quantum computing project with potential applications in cryptography.",
  "scenario_name": "Quantum Computing Project",
  "messages": [
    {
      "id": "d5b338b1-6d99-4229-8207-d96ed4ed73f0",
      "agent_id": "defd6691-b46d-4dca-acb2-49d72adcf6ca",
      "agent_name": "Sarah Johnson",
      "message": "Okay, let's get down to brass tacks. We're looking at a new quantum computing project with cryptography applications. From a project management perspective, that means we need to be laser-focused on two things right out of the gate: risk mitigation and a clear, adaptable implementation plan.\n\nMichael, given your risk assessment experience, especially with the 'Quantum Computing Project - Risk' document, what are the top three potential roadblocks you foresee in the first six months? I want to make sure we're proactively addressing those in the implementation roadmap.\n\nDr. Wilson, your expertise in quantum physics is crucial here. How feasible is our current timeline for achieving stable qubit coherence, and what are the key milestones we need to track to stay",
      "mood": "strategic",
      "timestamp": "2025-06-16T22:12:20.241224"
    },
    {
      "id": "897a6520-744a-4945-8071-bb16ede92268",
      "agent_id": "5a837a69-b196-41c8-a732-5ed5c54d864f",
      "agent_name": "Michael Chen",
      "message": "While Sarah Johnson makes good points, we need to also consider the implementation challenges. My experience in Risk Assessment shows these often take longer than expected to resolve.",
      "mood": "cautious",
      "timestamp": "2025-06-16T22:12:21.668809"
    },
    {
      "id": "a873b9e6-15dc-405a-a331-9f45fd1630fd",
      "agent_id": "46ce0ebc-8fbc-492c-aa34-f116b934073a",
      "agent_name": "Dr. James Wilson",
      "message": "Expanding on Michael Chen's point, my research in Quantum Physics indicates we could also explore blockchain technology. The scientific literature suggests promising synergies.",
      "mood": "analytical",
      "timestamp": "2025-06-16T22:12:23.451676"
    }
  ],
  "user_id": "",
  "created_at": "2025-06-16T22:12:23.453010",
  "language": "en",
  "original_language": null,
  "translated_at": null,
  "force_translated": false
}
Test Result: PASSED
✅ Generated conversation round 2

Generating conversation round 3/5:

================================================================================
Testing: Generate Conversation Round 3 (POST https://a985bc5b-b2e4-4dfa-b7b1-059accd4e9ea.preview.emergentagent.com/api/conversation/generate)
Status Code: 200
Response Headers: {
  "Date": "Mon, 16 Jun 2025 22:12:41 GMT",
  "Content-Type": "application/json",
  "Content-Length": "1932",
  "Connection": "keep-alive",
  "Strict-Transport-Security": "max-age=15724800; includeSubDomains"
}
Response: {
  "id": "2f702244-c511-4e45-ae57-196080dd93b8",
  "round_number": 3,
  "time_period": "Day 1 - morning",
  "scenario": "The team is discussing the implementation of a new quantum computing project with potential applications in cryptography.",
  "scenario_name": "Quantum Computing Project",
  "messages": [
    {
      "id": "f55d4999-7aac-49ea-8889-c8f3cf5606b8",
      "agent_id": "5a837a69-b196-41c8-a732-5ed5c54d864f",
      "agent_name": "Michael Chen",
      "message": "Okay, let's cut to the chase. Quantum computing offers immense potential for cryptography, but also introduces significant risks.\n\nMy primary concern is the 'Quantum Cryptography Project - Risk' document. I updated it recently, but we need to ensure we're not underestimating the timeline for migrating existing systems to quantum-resistant algorithms.\n\nDr. Wilson, given the technical complexities outlined in the 'Quantum Computing Project - Technical' document, what's your assessment of the feasibility of a phased rollout versus a complete overhaul? A phased approach might mitigate immediate risks, but could introduce vulnerabilities if not managed carefully.",
      "mood": "cautious",
      "timestamp": "2025-06-16T22:12:31.979635"
    },
    {
      "id": "dfb268ab-b3a7-4267-99b3-d568110cf2df",
      "agent_id": "46ce0ebc-8fbc-492c-aa34-f116b934073a",
      "agent_name": "Dr. James Wilson",
      "message": "Expanding on Michael Chen's point, my research in Quantum Physics indicates we could also explore blockchain technology. The scientific literature suggests promising synergies.",
      "mood": "analytical",
      "timestamp": "2025-06-16T22:12:33.431256"
    },
    {
      "id": "f2bf453d-2f4d-43bd-887c-a434cdca62e8",
      "agent_id": "defd6691-b46d-4dca-acb2-49d72adcf6ca",
      "agent_name": "Sarah Johnson",
      "message": "I believe we can turn this challenge into a major opportunity.",
      "mood": "strategic",
      "timestamp": "2025-06-16T22:12:34.871384"
    }
  ],
  "user_id": "",
  "created_at": "2025-06-16T22:12:34.872626",
  "language": "en",
  "original_language": null,
  "translated_at": null,
  "force_translated": false
}
Test Result: PASSED
✅ Generated conversation round 3

Generating conversation round 4/5:

================================================================================
Testing: Generate Conversation Round 4 (POST https://a985bc5b-b2e4-4dfa-b7b1-059accd4e9ea.preview.emergentagent.com/api/conversation/generate)
Status Code: 200
Response Headers: {
  "Date": "Mon, 16 Jun 2025 22:12:54 GMT",
  "Content-Type": "application/json",
  "Content-Length": "2392",
  "Connection": "keep-alive",
  "Strict-Transport-Security": "max-age=15724800; includeSubDomains"
}
Response: {
  "id": "2b4d8b5b-528e-439f-8d21-f334195f471c",
  "round_number": 4,
  "time_period": "Day 1 - morning",
  "scenario": "The team is discussing the implementation of a new quantum computing project with potential applications in cryptography.",
  "scenario_name": "Quantum Computing Project",
  "messages": [
    {
      "id": "8f7935a8-cfbf-4129-81ce-fa3b02b434c2",
      "agent_id": "defd6691-b46d-4dca-acb2-49d72adcf6ca",
      "agent_name": "Sarah Johnson",
      "message": "This is exactly the kind of situation where we can really shine.",
      "mood": "strategic",
      "timestamp": "2025-06-16T22:12:43.762055"
    },
    {
      "id": "7825629e-9954-4910-8c49-0d73f4ff660d",
      "agent_id": "46ce0ebc-8fbc-492c-aa34-f116b934073a",
      "agent_name": "Dr. James Wilson",
      "message": "Okay, let's cut to the chase. Quantum computing for cryptography is a game-changer, but we need to be laser-focused on the practical hurdles. \n\nMy main concern is maintaining quantum coherence long enough to perform meaningful computations. We need to decide upfront which qubit technology we're betting on - superconducting, trapped ion, or something more exotic. Each has drastically different coherence times and error correction needs.\n\nSarah, given your project management experience, what's your initial assessment of the timelines for each of those qubit approaches? Are we talking months, years, or decades to reach a fault-tolerant level? Knowing that will dictate our budget allocation and team focus.",
      "mood": "analytical",
      "timestamp": "2025-06-16T22:12:45.239790"
    },
    {
      "id": "4c97c16f-cc60-4f76-a1ce-870d9573f447",
      "agent_id": "5a837a69-b196-41c8-a732-5ed5c54d864f",
      "agent_name": "Michael Chen",
      "message": "Okay, I've reviewed the discussion. Given my background in risk assessment, especially in the context of our existing \"Quantum Computing Project - Risk\" and \"Quantum Cryptography Project - Risk\" documents, my immediate concern is threat modeling.\n\nBefore we get too deep into implementation details, we need to rigorously identify potential attack vectors that quantum computing introduces to our cryptographic systems. James, given your technical expertise, what's your initial assessment of the novel vulnerabilities we might face, and how would you prioritize them for mitigation?",
      "mood": "cautious",
      "timestamp": "2025-06-16T22:12:46.530978"
    }
  ],
  "user_id": "",
  "created_at": "2025-06-16T22:12:46.531900",
  "language": "en",
  "original_language": null,
  "translated_at": null,
  "force_translated": false
}
Test Result: PASSED
✅ Generated conversation round 4

Generating conversation round 5/5:

================================================================================
Testing: Generate Conversation Round 5 (POST https://a985bc5b-b2e4-4dfa-b7b1-059accd4e9ea.preview.emergentagent.com/api/conversation/generate)
Status Code: 200
Response Headers: {
  "Date": "Mon, 16 Jun 2025 22:12:58 GMT",
  "Content-Type": "application/json",
  "Content-Length": "1444",
  "Connection": "keep-alive",
  "Strict-Transport-Security": "max-age=15724800; includeSubDomains"
}
Response: {
  "id": "5140512b-f033-485b-80ae-3b2ca8c9fb9e",
  "round_number": 5,
  "time_period": "Day 1 - morning",
  "scenario": "The team is discussing the implementation of a new quantum computing project with potential applications in cryptography.",
  "scenario_name": "Quantum Computing Project",
  "messages": [
    {
      "id": "c6f0628a-1564-4b2d-982c-4c9e6e79f2aa",
      "agent_id": "defd6691-b46d-4dca-acb2-49d72adcf6ca",
      "agent_name": "Sarah Johnson",
      "message": "I'm confident we have the right team to solve this problem.",
      "mood": "strategic",
      "timestamp": "2025-06-16T22:12:55.652170"
    },
    {
      "id": "65813eae-634f-40d3-9d90-2ecc5a22f312",
      "agent_id": "5a837a69-b196-41c8-a732-5ed5c54d864f",
      "agent_name": "Michael Chen",
      "message": "Sarah Johnson raises valid points, though I remain concerned about the implementation challenges. My work in Risk Assessment has shown that these issues often become magnified at scale.",
      "mood": "cautious",
      "timestamp": "2025-06-16T22:12:56.930335"
    },
    {
      "id": "b1f52b69-1b44-4df8-80ce-88bde84fa512",
      "agent_id": "46ce0ebc-8fbc-492c-aa34-f116b934073a",
      "agent_name": "Dr. James Wilson",
      "message": "Expanding on Michael Chen's point, my research in Quantum Physics indicates we could also explore blockchain technology. The scientific literature suggests promising synergies.",
      "mood": "analytical",
      "timestamp": "2025-06-16T22:12:58.515875"
    }
  ],
  "user_id": "",
  "created_at": "2025-06-16T22:12:58.518211",
  "language": "en",
  "original_language": null,
  "translated_at": null,
  "force_translated": false
}
Test Result: PASSED
✅ Generated conversation round 5

Test 5: Analyzing conversation content for improvements

Checking for self-introductions after first round:
Found self-introduction in round 5: 'I'm confident we have the right team to solve this problem.'
❌ Found 1 self-introductions after first round

Checking for repetitive phrases:
✅ No repetitive phrases found

Checking for solution-focused responses:
Solution-focused messages: 11/15 (73.3%)
✅ Conversations are solution-focused

Checking for references to previous speakers:
Messages referencing previous speakers: 5/10 (50.0%)
✅ Conversations show good references to previous speakers

Checking for conversation progression:
Early rounds analysis focus: 4/6 (66.7%)
Later rounds decision focus: 3/9 (33.3%)
✅ Conversations show good progression from analysis to decisions

Test 6: Testing fallback responses

================================================================================
Testing: Generate Fallback Conversation (POST https://a985bc5b-b2e4-4dfa-b7b1-059accd4e9ea.preview.emergentagent.com/api/conversation/generate)
Status Code: 200
Response Headers: {
  "Date": "Mon, 16 Jun 2025 22:13:09 GMT",
  "Content-Type": "application/json",
  "Content-Length": "1964",
  "Connection": "keep-alive",
  "Strict-Transport-Security": "max-age=15724800; includeSubDomains"
}
Response: {
  "id": "cd002d30-94c5-4712-a3bd-d935d4ba47b2",
  "round_number": 6,
  "time_period": "Day 1 - morning",
  "scenario": "The team is discussing the implementation of a new quantum computing project with potential applications in cryptography.",
  "scenario_name": "Quantum Computing Project",
  "messages": [
    {
      "id": "e8dff2b0-81ca-40ad-91f1-56ae4b16d5d9",
      "agent_id": "defd6691-b46d-4dca-acb2-49d72adcf6ca",
      "agent_name": "Sarah Johnson",
      "message": "I believe we can turn this challenge into a major opportunity.",
      "mood": "strategic",
      "timestamp": "2025-06-16T22:13:00.020765"
    },
    {
      "id": "47d87130-f6e6-4404-8fd8-ec464d4a84b3",
      "agent_id": "5a837a69-b196-41c8-a732-5ed5c54d864f",
      "agent_name": "Michael Chen",
      "message": "Sarah Johnson raises valid points, though I remain concerned about the implementation challenges. My work in Risk Assessment has shown that these issues often become magnified at scale.",
      "mood": "cautious",
      "timestamp": "2025-06-16T22:13:01.323001"
    },
    {
      "id": "f9f51131-3758-4ab0-825d-c7742735638c",
      "agent_id": "46ce0ebc-8fbc-492c-aa34-f116b934073a",
      "agent_name": "Dr. James Wilson",
      "message": "Alright, let's cut to the chase. Quantum computing for cryptography is a game-changer, but it's also walking a tightrope. From a quantum physics perspective, the biggest hurdle is maintaining qubit coherence long enough to perform complex calculations. Decoherence introduces errors that can unravel the entire process.\n\nMichael, based on your security background, what specific risks do you foresee with our current error correction methods detailed in the 'Quantum Computing Project - Technical' document? Are we adequately addressing potential vulnerabilities in the face of increasingly sophisticated attacks? I want to make sure that we are being comprehensive in our threat assessment.",
      "mood": "analytical",
      "timestamp": "2025-06-16T22:13:02.733020"
    }
  ],
  "user_id": "",
  "created_at": "2025-06-16T22:13:02.736289",
  "language": "en",
  "original_language": null,
  "translated_at": null,
  "force_translated": false
}
Test Result: PASSED
✅ Generated fallback conversation
✅ No banned phrases found in fallback responses
Fallback solution-focused messages: 1/3 (33.3%)
❌ Fallback responses are not sufficiently solution-focused

IMPROVED CONVERSATION GENERATION SUMMARY:
❌ Improved conversation generation system has issues:
  - Found 1 self-introductions after first round

================================================================================
TESTING ENHANCED DYNAMIC CONVERSATION SYSTEM
================================================================================

Test 1: Creating a new simulation

================================================================================
Testing: Start simulation (POST https://a985bc5b-b2e4-4dfa-b7b1-059accd4e9ea.preview.emergentagent.com/api/simulation/start)
Status Code: 200
Response Headers: {
  "Date": "Mon, 16 Jun 2025 22:13:09 GMT",
  "Content-Type": "application/json",
  "Content-Length": "441",
  "Connection": "keep-alive",
  "Strict-Transport-Security": "max-age=15724800; includeSubDomains"
}
Response: {
  "message": "Simulation started with no time limit",
  "state": {
    "id": "8552167d-4458-45e0-9b75-8d569414800e",
    "current_day": 1,
    "current_time_period": "morning",
    "daily_api_requests": 0,
    "last_reset_date": "2025-06-16",
    "scenario": "The Research Station",
    "is_active": true,
    "time_limit_hours": null,
    "time_limit_display": null,
    "simulation_start_time": "2025-06-16T22:13:09.612412",
    "time_remaining_hours": null
  },
  "time_limit_active": false,
  "time_limit_display": null
}
Test Result: PASSED
✅ Successfully started simulation

Test 2: Creating test agents with diverse expertise

================================================================================
Testing: Create Agent: Dr. James Wilson (POST https://a985bc5b-b2e4-4dfa-b7b1-059accd4e9ea.preview.emergentagent.com/api/agents)
Status Code: 200
Response Headers: {
  "Date": "Mon, 16 Jun 2025 22:13:09 GMT",
  "Content-Type": "application/json",
  "Content-Length": "532",
  "Connection": "keep-alive",
  "Strict-Transport-Security": "max-age=15724800; includeSubDomains"
}
Response: {
  "id": "64979993-e904-4cd4-a36b-40619f13f471",
  "name": "Dr. James Wilson",
  "archetype": "scientist",
  "personality": {
    "extroversion": 4,
    "optimism": 6,
    "curiosity": 9,
    "cooperativeness": 7,
    "energy": 6
  },
  "goal": "Advance scientific understanding of quantum computing",
  "expertise": "Quantum Physics",
  "background": "Former lead researcher at CERN with 15 years experience in quantum computing",
  "current_mood": "neutral",
  "current_activity": "idle",
  "memory_summary": "",
  "avatar_url": "",
  "avatar_prompt": "",
  "user_id": "",
  "created_at": "2025-06-16T22:13:09.646756"
}
Test Result: PASSED
✅ Created agent: Dr. James Wilson with ID: 64979993-e904-4cd4-a36b-40619f13f471

================================================================================
Testing: Create Agent: Sarah Johnson (POST https://a985bc5b-b2e4-4dfa-b7b1-059accd4e9ea.preview.emergentagent.com/api/agents)
Status Code: 200
Response Headers: {
  "Date": "Mon, 16 Jun 2025 22:13:09 GMT",
  "Content-Type": "application/json",
  "Content-Length": "522",
  "Connection": "keep-alive",
  "Strict-Transport-Security": "max-age=15724800; includeSubDomains"
}
Response: {
  "id": "6f37d66b-e0a8-4b6c-bbb4-0b10d6994729",
  "name": "Sarah Johnson",
  "archetype": "leader",
  "personality": {
    "extroversion": 9,
    "optimism": 8,
    "curiosity": 6,
    "cooperativeness": 8,
    "energy": 8
  },
  "goal": "Ensure project success and team coordination",
  "expertise": "Project Management",
  "background": "20 years experience in tech leadership and managing complex technical projects",
  "current_mood": "neutral",
  "current_activity": "idle",
  "memory_summary": "",
  "avatar_url": "",
  "avatar_prompt": "",
  "user_id": "",
  "created_at": "2025-06-16T22:13:09.686680"
}
Test Result: PASSED
✅ Created agent: Sarah Johnson with ID: 6f37d66b-e0a8-4b6c-bbb4-0b10d6994729

================================================================================
Testing: Create Agent: Michael Chen (POST https://a985bc5b-b2e4-4dfa-b7b1-059accd4e9ea.preview.emergentagent.com/api/agents)
Status Code: 200
Response Headers: {
  "Date": "Mon, 16 Jun 2025 22:13:09 GMT",
  "Content-Type": "application/json",
  "Content-Length": "496",
  "Connection": "keep-alive",
  "Strict-Transport-Security": "max-age=15724800; includeSubDomains"
}
Response: {
  "id": "0943a35c-77d5-4ce5-8f20-687367f88ed9",
  "name": "Michael Chen",
  "archetype": "skeptic",
  "personality": {
    "extroversion": 4,
    "optimism": 3,
    "curiosity": 7,
    "cooperativeness": 5,
    "energy": 5
  },
  "goal": "Identify and mitigate project risks",
  "expertise": "Risk Assessment",
  "background": "Former security consultant specializing in cryptographic systems",
  "current_mood": "neutral",
  "current_activity": "idle",
  "memory_summary": "",
  "avatar_url": "",
  "avatar_prompt": "",
  "user_id": "",
  "created_at": "2025-06-16T22:13:09.795457"
}
Test Result: PASSED
✅ Created agent: Michael Chen with ID: 0943a35c-77d5-4ce5-8f20-687367f88ed9

================================================================================
Testing: Create Agent: Emily Rodriguez (POST https://a985bc5b-b2e4-4dfa-b7b1-059accd4e9ea.preview.emergentagent.com/api/agents)
Status Code: 200
Response Headers: {
  "Date": "Mon, 16 Jun 2025 22:13:09 GMT",
  "Content-Type": "application/json",
  "Content-Length": "531",
  "Connection": "keep-alive",
  "Strict-Transport-Security": "max-age=15724800; includeSubDomains"
}
Response: {
  "id": "f41d88ce-a544-46db-9383-5d5d9a7636af",
  "name": "Emily Rodriguez",
  "archetype": "optimist",
  "personality": {
    "extroversion": 8,
    "optimism": 10,
    "curiosity": 6,
    "cooperativeness": 9,
    "energy": 8
  },
  "goal": "Maximize the positive impact of quantum computing",
  "expertise": "Business Development",
  "background": "Startup founder with experience in bringing emerging technologies to market",
  "current_mood": "neutral",
  "current_activity": "idle",
  "memory_summary": "",
  "avatar_url": "",
  "avatar_prompt": "",
  "user_id": "",
  "created_at": "2025-06-16T22:13:09.843817"
}
Test Result: PASSED
✅ Created agent: Emily Rodriguez with ID: f41d88ce-a544-46db-9383-5d5d9a7636af

Test 3: Setting a scenario

================================================================================
Testing: Set Scenario (POST https://a985bc5b-b2e4-4dfa-b7b1-059accd4e9ea.preview.emergentagent.com/api/simulation/set-scenario)
Status Code: 200
Response Headers: {
  "Date": "Mon, 16 Jun 2025 22:13:09 GMT",
  "Content-Type": "application/json",
  "Content-Length": "326",
  "Connection": "keep-alive",
  "Strict-Transport-Security": "max-age=15724800; includeSubDomains"
}
Response: {
  "message": "Scenario updated",
  "scenario": "The team is discussing the implementation of a new quantum computing project with potential applications in cryptography. The project has a tight deadline and limited budget, but could revolutionize secure communications if successful.",
  "scenario_name": "Quantum Cryptography Project"
}
Test Result: PASSED
✅ Successfully set scenario

Test 4: Generating multiple conversation rounds

Generating conversation round 1/8:

================================================================================
Testing: Generate Conversation Round 1 (POST https://a985bc5b-b2e4-4dfa-b7b1-059accd4e9ea.preview.emergentagent.com/api/conversation/generate)
Status Code: 200
Response Headers: {
  "Date": "Mon, 16 Jun 2025 22:13:21 GMT",
  "Content-Type": "application/json",
  "Content-Length": "2913",
  "Connection": "keep-alive",
  "Strict-Transport-Security": "max-age=15724800; includeSubDomains"
}
Response: {
  "id": "a9286845-680c-41a1-bd7b-a1c76a593dab",
  "round_number": 1,
  "time_period": "Day 1 - morning",
  "scenario": "The team is discussing the implementation of a new quantum computing project with potential applications in cryptography. The project has a tight deadline and limited budget, but could revolutionize secure communications if successful.",
  "scenario_name": "Quantum Cryptography Project",
  "messages": [
    {
      "id": "4af33845-805c-4829-bbf1-b4e0dd7997ec",
      "agent_id": "0943a35c-77d5-4ce5-8f20-687367f88ed9",
      "agent_name": "Michael Chen",
      "message": "Okay, I understand the situation. Tight deadline and limited budget for a quantum computing project with cryptographic applications. Given my background in cryptographic systems and risk assessment, I see two immediate key areas of concern:\n\n1.  **Security Risks:** Implementing quantum computing for cryptography introduces novel attack vectors. We need to rigorously analyze the potential vulnerabilities in our design. What key assumptions are we making about the resilience of our quantum cryptographic protocols?\n\n2.  **Project Timeline:** Quantum projects are notorious for delays. What is the critical path for this project, and where are the most likely points of failure?\n\nI'd like to start by reviewing the existing 'Quantum Cryptography Project - Risk' document to see what vulnerabilities have already been identified.",
      "mood": "cautious",
      "timestamp": "2025-06-16T22:13:11.463908"
    },
    {
      "id": "a5fa5c96-2660-4789-8c0b-b1eeb04e75f8",
      "agent_id": "6f37d66b-e0a8-4b6c-bbb4-0b10d6994729",
      "agent_name": "Sarah Johnson",
      "message": "I believe we can turn this challenge into a major opportunity.",
      "mood": "strategic",
      "timestamp": "2025-06-16T22:13:12.595057"
    },
    {
      "id": "4e11754e-0ec4-480e-8cec-ebef81d83bdf",
      "agent_id": "64979993-e904-4cd4-a36b-40619f13f471",
      "agent_name": "Dr. James Wilson",
      "message": "Given the tight deadline and limited budget for this quantum computing project, our focus needs to be laser-sharp on the most impactful applications in cryptography. From a quantum physics perspective, that means prioritizing those areas where quantum algorithms offer a demonstrable advantage over classical methods.\n\nSpecifically, I suggest we initially concentrate on Quantum Key Distribution (QKD) protocols. While fully fault-tolerant quantum computers are still some years away, QKD can be implemented with near-term quantum devices and offers unconditional security based on the laws of physics.\n\nMichael, from a security standpoint, what existing cryptographic systems are most vulnerable to current threats, and how could QKD address those vulnerabilities?\n\nSarah, considering the implementation challenges, what's the most streamlined approach to deploying Q",
      "mood": "analytical",
      "timestamp": "2025-06-16T22:13:14.133834"
    }
  ],
  "user_id": "",
  "created_at": "2025-06-16T22:13:14.135012",
  "language": "en",
  "original_language": null,
  "translated_at": null,
  "force_translated": false
}
Test Result: PASSED
✅ Generated conversation round 1

Messages in this round:
Michael Chen: Okay, I understand the situation. Tight deadline and limited budget for a quantum computing project ...
Sarah Johnson: I believe we can turn this challenge into a major opportunity.
Dr. James Wilson: Given the tight deadline and limited budget for this quantum computing project, our focus needs to b...

Generating conversation round 2/8:

================================================================================
Testing: Generate Conversation Round 2 (POST https://a985bc5b-b2e4-4dfa-b7b1-059accd4e9ea.preview.emergentagent.com/api/conversation/generate)
Status Code: 200
Response Headers: {
  "Date": "Mon, 16 Jun 2025 22:13:33 GMT",
  "Content-Type": "application/json",
  "Content-Length": "2214",
  "Connection": "keep-alive",
  "Strict-Transport-Security": "max-age=15724800; includeSubDomains"
}
Response: {
  "id": "35c71082-e845-4988-b51a-a9241b05ed23",
  "round_number": 2,
  "time_period": "Day 1 - morning",
  "scenario": "The team is discussing the implementation of a new quantum computing project with potential applications in cryptography. The project has a tight deadline and limited budget, but could revolutionize secure communications if successful.",
  "scenario_name": "Quantum Cryptography Project",
  "messages": [
    {
      "id": "a5b1191e-fbe8-4941-857d-b1e4e61fdbbe",
      "agent_id": "f41d88ce-a544-46db-9383-5d5d9a7636af",
      "agent_name": "Emily Rodriguez",
      "message": "This Quantum Cryptography Project represents an incredible opportunity! My experience in Business Development has shown me that breakthroughs like this can create transformative potential beyond what we initially imagine. We should move quickly but thoughtfully.",
      "mood": "enthusiastic",
      "timestamp": "2025-06-16T22:13:23.268604"
    },
    {
      "id": "ca5ac0d6-06db-41e9-999e-10356e1c3aa4",
      "agent_id": "64979993-e904-4cd4-a36b-40619f13f471",
      "agent_name": "Dr. James Wilson",
      "message": "Okay, I understand the situation. A quantum computing project for cryptography with a tight deadline and budget. This is where we can shine.\n\nFrom a quantum physics perspective, the biggest challenge will be maintaining qubit coherence long enough to perform meaningful computations. Given the budget constraints, we should focus on a superconducting qubit approach. It's more scalable than trapped ions, though it may require more sophisticated error correction.\n\nI've already updated the 'Quantum Computing Project - Technical' document with a proposed architecture.\n\nSarah, based on your project management experience, what's the realistic timeline for Phase 2, considering the complexities of building a stable quantum gate array?",
      "mood": "analytical",
      "timestamp": "2025-06-16T22:13:24.834305"
    },
    {
      "id": "0c6e4f7c-9085-401b-a329-276bbd8f5431",
      "agent_id": "6f37d66b-e0a8-4b6c-bbb4-0b10d6994729",
      "agent_name": "Sarah Johnson",
      "message": "This is exactly the kind of situation where we can really shine.",
      "mood": "strategic",
      "timestamp": "2025-06-16T22:13:26.211536"
    }
  ],
  "user_id": "",
  "created_at": "2025-06-16T22:13:26.212663",
  "language": "en",
  "original_language": null,
  "translated_at": null,
  "force_translated": false
}
Test Result: PASSED
✅ Generated conversation round 2

Messages in this round:
Emily Rodriguez: This Quantum Cryptography Project represents an incredible opportunity! My experience in Business De...
Dr. James Wilson: Okay, I understand the situation. A quantum computing project for cryptography with a tight deadline...
Sarah Johnson: This is exactly the kind of situation where we can really shine.

Generating conversation round 3/8:

================================================================================
Testing: Generate Conversation Round 3 (POST https://a985bc5b-b2e4-4dfa-b7b1-059accd4e9ea.preview.emergentagent.com/api/conversation/generate)
Status Code: 200
Response Headers: {
  "Date": "Mon, 16 Jun 2025 22:13:44 GMT",
  "Content-Type": "application/json",
  "Content-Length": "2862",
  "Connection": "keep-alive",
  "Strict-Transport-Security": "max-age=15724800; includeSubDomains"
}
Response: {
  "id": "2c8b7f38-c413-449d-821f-32770316bcc1",
  "round_number": 3,
  "time_period": "Day 1 - morning",
  "scenario": "The team is discussing the implementation of a new quantum computing project with potential applications in cryptography. The project has a tight deadline and limited budget, but could revolutionize secure communications if successful.",
  "scenario_name": "Quantum Cryptography Project",
  "messages": [
    {
      "id": "fda21231-1dcc-45f7-8a23-6427f4f0db41",
      "agent_id": "0943a35c-77d5-4ce5-8f20-687367f88ed9",
      "agent_name": "Michael Chen",
      "message": "Okay, I understand the situation. A quantum computing project focused on cryptography, tight deadlines, and budget constraints. My primary concern is risk mitigation, particularly regarding the cryptographic aspects.\n\nGiven my background, I want to immediately focus on potential vulnerabilities in our proposed cryptographic systems. Dr. Wilson, in the 'Quantum Computing Project - Technical' document, could you detail the specific encryption methods we're planning to use? I need to assess their resilience against known quantum computing attacks. I think it would be good to have this clearly in the documentation so everyone can see the plan and give input.\n\nAdditionally, Sarah, what contingencies do we have in place if our initial cryptographic approach proves vulnerable? Are there alternative methods ready for rapid deployment? I am checking",
      "mood": "cautious",
      "timestamp": "2025-06-16T22:13:34.956625"
    },
    {
      "id": "76bf12ea-c0a2-4933-8981-736e6a34d026",
      "agent_id": "6f37d66b-e0a8-4b6c-bbb4-0b10d6994729",
      "agent_name": "Sarah Johnson",
      "message": "I believe we can turn this challenge into a major opportunity.",
      "mood": "strategic",
      "timestamp": "2025-06-16T22:13:36.726886"
    },
    {
      "id": "7d1f37c1-9e71-47a3-a2c8-967ae58f246b",
      "agent_id": "64979993-e904-4cd4-a36b-40619f13f471",
      "agent_name": "Dr. James Wilson",
      "message": "Alright, let's cut to the chase. Quantum cryptography is a game-changer, but success hinges on flawless execution, especially with a tight deadline and budget. \n\nMy initial thought: **error correction**. Quantum states are fragile, and decoherence can throw everything off. We need a robust error correction strategy from the get-go.\n\nSarah, given your experience in project implementation, how much of our current timeline is allocated to error correction development and testing? (Referencing the 'Quantum Cryptography Project - Implementation' document).\n\nMichael, considering your security background, what are the biggest security risks associated with imperfect error correction in our quantum cryptography system? (Referencing the 'Quantum Cryptography Project - Risk' document).\n\nI think",
      "mood": "analytical",
      "timestamp": "2025-06-16T22:13:38.263790"
    }
  ],
  "user_id": "",
  "created_at": "2025-06-16T22:13:38.264906",
  "language": "en",
  "original_language": null,
  "translated_at": null,
  "force_translated": false
}
Test Result: PASSED
✅ Generated conversation round 3

Messages in this round:
Michael Chen: Okay, I understand the situation. A quantum computing project focused on cryptography, tight deadlin...
Sarah Johnson: I believe we can turn this challenge into a major opportunity.
Dr. James Wilson: Alright, let's cut to the chase. Quantum cryptography is a game-changer, but success hinges on flawl...

Generating conversation round 4/8:

================================================================================
Testing: Generate Conversation Round 4 (POST https://a985bc5b-b2e4-4dfa-b7b1-059accd4e9ea.preview.emergentagent.com/api/conversation/generate)
Status Code: 200
Response Headers: {
  "Date": "Mon, 16 Jun 2025 22:13:56 GMT",
  "Content-Type": "application/json",
  "Content-Length": "3375",
  "Connection": "keep-alive",
  "Strict-Transport-Security": "max-age=15724800; includeSubDomains"
}
Response: {
  "id": "26c0c253-b4b0-4bf6-9649-e25c39d9df52",
  "round_number": 4,
  "time_period": "Day 1 - morning",
  "scenario": "The team is discussing the implementation of a new quantum computing project with potential applications in cryptography. The project has a tight deadline and limited budget, but could revolutionize secure communications if successful.",
  "scenario_name": "Quantum Cryptography Project",
  "messages": [
    {
      "id": "cf7c3700-3812-4786-8a13-7076062a1196",
      "agent_id": "f41d88ce-a544-46db-9383-5d5d9a7636af",
      "agent_name": "Emily Rodriguez",
      "message": "Okay, team, exciting project! Given the tight deadline and limited budget, we need to be laser-focused. My experience in bringing emerging technologies to market tells me that our biggest challenge won't just be the tech itself, but adoption.\n\nHere's my initial take:\n\n1.  **Market Validation:** We need to quickly validate that the market is ready for quantum cryptography. I propose we allocate a small portion of the budget (say, 5%) to conduct rapid market research. This will help us refine our value proposition and target the right customers from day one.\n2.  **Phased Rollout:** Instead of trying to do everything at once, let's plan a phased rollout. We can start with a",
      "mood": "enthusiastic",
      "timestamp": "2025-06-16T22:13:46.406733"
    },
    {
      "id": "acb1ab02-c9a3-420b-bad5-569a83175124",
      "agent_id": "64979993-e904-4cd4-a36b-40619f13f471",
      "agent_name": "Dr. James Wilson",
      "message": "Okay, this project has the potential to be groundbreaking, but the tight deadline and budget constraints will require a focused and efficient approach. My expertise lies in the quantum computing aspects, so let's prioritize the areas where I can contribute most effectively.\n\nFirst, we need to clearly define the specific cryptographic problem we aim to solve with our quantum algorithm. A vague target will lead to wasted effort. \n\nSecond, based on the problem definition, I can assess the suitability of different quantum algorithms and hardware platforms. This is critical for optimizing performance within our budget. Have we already selected a target algorithm and hardware? If so, I need the specifications to evaluate their potential.\n\nThird, error correction will be paramount. Quantum computations are inherently noisy, and",
      "mood": "analytical",
      "timestamp": "2025-06-16T22:13:48.081023"
    },
    {
      "id": "d5cb3b7d-5e6b-43fb-a532-40cd08a57f15",
      "agent_id": "0943a35c-77d5-4ce5-8f20-687367f88ed9",
      "agent_name": "Michael Chen",
      "message": "Given the tight deadline and limited budget for this quantum computing project, our primary focus needs to be on risk mitigation and efficient resource allocation. I've reviewed the 'Quantum Cryptography Project - Risk' document and see several potential bottlenecks, particularly around component availability and integration complexity.\n\nJames, based on your experience with the technical aspects outlined in the 'Quantum Computing Project - Technical' document, how would you prioritize the development phases to ensure we meet the deadline, even if we encounter delays in certain areas? Understanding the critical path will allow us to allocate resources more effectively and mitigate potential risks.",
      "mood": "cautious",
      "timestamp": "2025-06-16T22:13:49.344673"
    }
  ],
  "user_id": "",
  "created_at": "2025-06-16T22:13:49.345619",
  "language": "en",
  "original_language": null,
  "translated_at": null,
  "force_translated": false
}
Test Result: PASSED
✅ Generated conversation round 4

Messages in this round:
Emily Rodriguez: Okay, team, exciting project! Given the tight deadline and limited budget, we need to be laser-focus...
Dr. James Wilson: Okay, this project has the potential to be groundbreaking, but the tight deadline and budget constra...
Michael Chen: Given the tight deadline and limited budget for this quantum computing project, our primary focus ne...

Generating conversation round 5/8:

================================================================================
Testing: Generate Conversation Round 5 (POST https://a985bc5b-b2e4-4dfa-b7b1-059accd4e9ea.preview.emergentagent.com/api/conversation/generate)
Status Code: 200
Response Headers: {
  "Date": "Mon, 16 Jun 2025 22:14:08 GMT",
  "Content-Type": "application/json",
  "Content-Length": "2846",
  "Connection": "keep-alive",
  "Strict-Transport-Security": "max-age=15724800; includeSubDomains"
}
Response: {
  "id": "3b7a8ffb-8ee9-4ab3-b88b-9926a7e7c8eb",
  "round_number": 5,
  "time_period": "Day 1 - morning",
  "scenario": "The team is discussing the implementation of a new quantum computing project with potential applications in cryptography. The project has a tight deadline and limited budget, but could revolutionize secure communications if successful.",
  "scenario_name": "Quantum Cryptography Project",
  "messages": [
    {
      "id": "730c7b48-4eff-4b2f-ac97-24a83ed3feae",
      "agent_id": "f41d88ce-a544-46db-9383-5d5d9a7636af",
      "agent_name": "Emily Rodriguez",
      "message": "This Quantum Cryptography Project represents an incredible opportunity! My experience in Business Development has shown me that breakthroughs like this can create transformative potential beyond what we initially imagine. We should move quickly but thoughtfully.",
      "mood": "enthusiastic",
      "timestamp": "2025-06-16T22:13:58.115229"
    },
    {
      "id": "f0a0c52b-c6d9-47cf-972c-09e8dfb91968",
      "agent_id": "0943a35c-77d5-4ce5-8f20-687367f88ed9",
      "agent_name": "Michael Chen",
      "message": "Given the tight deadline and limited budget for this quantum computing project, my primary concern is risk mitigation, especially regarding the cryptographic applications. Quantum systems are notoriously susceptible to environmental noise and decoherence, which can introduce vulnerabilities. We need to rigorously assess these risks upfront. What specific threat models are we considering for our quantum cryptography implementation? \n\nI'd like to reference the 'Quantum Cryptography Project - Risk' (Risk) document to ensure it includes a detailed analysis of potential attack vectors, such as side-channel attacks targeting the control systems or vulnerabilities in the key distribution protocols. I'll review and update it with the team's input.",
      "mood": "cautious",
      "timestamp": "2025-06-16T22:13:59.547815"
    },
    {
      "id": "cead07a1-64a9-45dc-a680-93d4783bf76d",
      "agent_id": "6f37d66b-e0a8-4b6c-bbb4-0b10d6994729",
      "agent_name": "Sarah Johnson",
      "message": "Alright, let's cut to the chase. Tight deadline, limited budget, but potential for revolutionary impact - we've all been there. From a project management perspective, this screams for a highly structured, phased approach.\n\nI propose we immediately break this down into manageable phases with clear deliverables and go/no-go decision points after each phase. This allows us to validate our progress and adjust our approach as needed, especially given the inherent uncertainties of quantum computing.\n\nMichael, considering the budget constraints you're closest to, what's your assessment of allocating resources across these phases? A detailed budget breakdown per phase would be critical.",
      "mood": "strategic",
      "timestamp": "2025-06-16T22:14:01.034332"
    }
  ],
  "user_id": "",
  "created_at": "2025-06-16T22:14:01.035502",
  "language": "en",
  "original_language": null,
  "translated_at": null,
  "force_translated": false
}
Test Result: PASSED
✅ Generated conversation round 5

Messages in this round:
Emily Rodriguez: This Quantum Cryptography Project represents an incredible opportunity! My experience in Business De...
Michael Chen: Given the tight deadline and limited budget for this quantum computing project, my primary concern i...
Sarah Johnson: Alright, let's cut to the chase. Tight deadline, limited budget, but potential for revolutionary imp...

Generating conversation round 6/8:

================================================================================
Testing: Generate Conversation Round 6 (POST https://a985bc5b-b2e4-4dfa-b7b1-059accd4e9ea.preview.emergentagent.com/api/conversation/generate)
Status Code: 200
Response Headers: {
  "Date": "Mon, 16 Jun 2025 22:14:19 GMT",
  "Content-Type": "application/json",
  "Content-Length": "3603",
  "Connection": "keep-alive",
  "Strict-Transport-Security": "max-age=15724800; includeSubDomains"
}
Response: {
  "id": "b23bf023-2a50-4215-8503-e012f141cbd8",
  "round_number": 6,
  "time_period": "Day 1 - morning",
  "scenario": "The team is discussing the implementation of a new quantum computing project with potential applications in cryptography. The project has a tight deadline and limited budget, but could revolutionize secure communications if successful.",
  "scenario_name": "Quantum Cryptography Project",
  "messages": [
    {
      "id": "9d5c57d0-d68c-4214-a386-7d70f1f7e9f8",
      "agent_id": "f41d88ce-a544-46db-9383-5d5d9a7636af",
      "agent_name": "Emily Rodriguez",
      "message": "Okay, team, let's cut to the chase: tight deadline, limited budget, huge potential. This sounds like every startup I've ever been a part of! My expertise is bringing emerging tech to market, and quantum cryptography is definitely emerging.\n\nHere's what I see as crucial:\n\n1.  **Prioritization:** We need to laser-focus on the *minimum viable product* for secure communication. What's the ONE killer application that proves this technology's value?\n2.  **Partnerships:** With a limited budget, we need to leverage existing resources. Are there government grants, university collaborations, or industry partnerships we can tap into?\n3.  **Communication:** This tech is complex. We",
      "mood": "enthusiastic",
      "timestamp": "2025-06-16T22:14:09.681335"
    },
    {
      "id": "01673910-b3fd-4a12-b62b-3b05add52775",
      "agent_id": "64979993-e904-4cd4-a36b-40619f13f471",
      "agent_name": "Dr. James Wilson",
      "message": "The potential of this project is significant, especially in revolutionizing secure communications, but the tight deadline and limited budget present considerable challenges.\n\nMy primary concern, given my background in quantum computing, is the technical feasibility of achieving stable quantum computation within the given timeframe. Quantum systems are notoriously susceptible to decoherence, which can introduce errors and compromise the integrity of the cryptographic applications.\n\n**I recommend we immediately focus on:**\n\n1.  **Error Correction Strategy:** Defining a robust quantum error correction strategy is paramount. We need to evaluate different error correction codes and their hardware requirements.\n2.  **Hardware Selection:** Choosing the right quantum computing hardware is crucial. We should assess the performance, scalability, and error rates of available platforms (e.g",
      "mood": "analytical",
      "timestamp": "2025-06-16T22:14:11.306051"
    },
    {
      "id": "5290c12a-85f8-4d14-9291-e091c522bf40",
      "agent_id": "0943a35c-77d5-4ce5-8f20-687367f88ed9",
      "agent_name": "Michael Chen",
      "message": "Okay, I understand the situation. Tight deadline and limited budget for a quantum computing project with significant potential in cryptography. This is where we need to be particularly diligent in our risk assessment and mitigation strategies.\n\nMy initial concern, given my background in cryptographic systems, is the potential for unforeseen vulnerabilities in our quantum key distribution (QKD) implementation. Quantum systems are notoriously sensitive, and any environmental interference or imperfections in our hardware could be exploited by an attacker.\n\nI want to avoid repeating mistakes from past projects. So, building on that, I propose we immediately schedule a dedicated threat modeling session focused specifically on our QKD implementation.\n\nI recommend we move forward with a threat modeling session ASAP. I vote YES because it will help us get to action",
      "mood": "cautious",
      "timestamp": "2025-06-16T22:14:13.042075"
    }
  ],
  "user_id": "",
  "created_at": "2025-06-16T22:14:13.042937",
  "language": "en",
  "original_language": null,
  "translated_at": null,
  "force_translated": false
}
Test Result: PASSED
✅ Generated conversation round 6

Messages in this round:
Emily Rodriguez: Okay, team, let's cut to the chase: tight deadline, limited budget, huge potential. This sounds like...
Dr. James Wilson: The potential of this project is significant, especially in revolutionizing secure communications, b...
Michael Chen: Okay, I understand the situation. Tight deadline and limited budget for a quantum computing project ...

Generating conversation round 7/8:

================================================================================
Testing: Generate Conversation Round 7 (POST https://a985bc5b-b2e4-4dfa-b7b1-059accd4e9ea.preview.emergentagent.com/api/conversation/generate)
Status Code: 200
Response Headers: {
  "Date": "Mon, 16 Jun 2025 22:14:30 GMT",
  "Content-Type": "application/json",
  "Content-Length": "3433",
  "Connection": "keep-alive",
  "Strict-Transport-Security": "max-age=15724800; includeSubDomains"
}
Response: {
  "id": "13e1a61d-19ec-4407-850b-cddeeb3b10fb",
  "round_number": 7,
  "time_period": "Day 1 - morning",
  "scenario": "The team is discussing the implementation of a new quantum computing project with potential applications in cryptography. The project has a tight deadline and limited budget, but could revolutionize secure communications if successful.",
  "scenario_name": "Quantum Cryptography Project",
  "messages": [
    {
      "id": "fec703fa-14f8-4d66-89e8-777e3e633ed4",
      "agent_id": "6f37d66b-e0a8-4b6c-bbb4-0b10d6994729",
      "agent_name": "Sarah Johnson",
      "message": "Okay, I understand the high-stakes nature of this project. Given the tight deadline and budget, we need to laser-focus on execution. My experience in managing complex tech projects tells me that the key to success here is rigorous project management and clear communication.\n\nI propose we immediately create a detailed project plan with milestones, task assignments, and dependencies. I'll take the lead on drafting this plan, incorporating input from James on the technical aspects and Michael on budget constraints.\n\nMichael, can you share the 'Quantum Cryptography Project - Budget' (Budget) document so we can identify any immediate budgetary limitations that might impact our initial milestones?",
      "mood": "strategic",
      "timestamp": "2025-06-16T22:14:21.022241"
    },
    {
      "id": "a1aca912-ed7e-4638-aa53-e5c052284c48",
      "agent_id": "f41d88ce-a544-46db-9383-5d5d9a7636af",
      "agent_name": "Emily Rodriguez",
      "message": "Okay, a high-stakes quantum cryptography project with a tight deadline and limited budget \u2013 sounds like a challenge we can definitely tackle! My experience in bringing emerging technologies to market tells me that our success hinges on two things: laser focus and strategic partnerships.\n\nFrom a business development perspective, I see the immediate need to identify potential early adopters and secure pilot programs. This will not only provide crucial revenue but also give us invaluable real-world feedback to refine our technology.\n\n**Next Steps:**\n\n1.  **Identify 3-5 ideal pilot program candidates by the end of the week.** I'll leverage my network to get introductions.\n2.  **Develop a concise pitch deck highlighting the unique value proposition for each target segment.**",
      "mood": "enthusiastic",
      "timestamp": "2025-06-16T22:14:22.601972"
    },
    {
      "id": "df2d81da-6871-4136-8b41-5b76dfdc1049",
      "agent_id": "0943a35c-77d5-4ce5-8f20-687367f88ed9",
      "agent_name": "Michael Chen",
      "message": "Okay, a high-stakes quantum computing project with cryptography applications. Tight deadlines and budget \u2013 a classic challenge.\n\nFrom a risk assessment perspective, the immediate concerns are:\n\n1.  **Unproven Technology:** Quantum computing is still nascent. Over-reliance on overly optimistic performance projections is a major risk.\n2.  **Security Vulnerabilities:** New attack vectors could emerge that we haven't even conceived of yet. We need to build in rigorous security testing from the ground up.\n3.  **Integration Challenges:** Integrating quantum systems with existing infrastructure will be complex. Compatibility issues and unexpected bottlenecks are likely.\n\nI propose we start by:\n\n*   **Creating a detailed risk register:** This will allow us to systematically identify,",
      "mood": "cautious",
      "timestamp": "2025-06-16T22:14:24.083819"
    }
  ],
  "user_id": "",
  "created_at": "2025-06-16T22:14:24.086073",
  "language": "en",
  "original_language": null,
  "translated_at": null,
  "force_translated": false
}
Test Result: PASSED
✅ Generated conversation round 7

Messages in this round:
Sarah Johnson: Okay, I understand the high-stakes nature of this project. Given the tight deadline and budget, we n...
Emily Rodriguez: Okay, a high-stakes quantum cryptography project with a tight deadline and limited budget – sounds l...
Michael Chen: Okay, a high-stakes quantum computing project with cryptography applications. Tight deadlines and bu...

Generating conversation round 8/8:

================================================================================
Testing: Generate Conversation Round 8 (POST https://a985bc5b-b2e4-4dfa-b7b1-059accd4e9ea.preview.emergentagent.com/api/conversation/generate)
Status Code: 200
Response Headers: {
  "Date": "Mon, 16 Jun 2025 22:14:42 GMT",
  "Content-Type": "application/json",
  "Content-Length": "2733",
  "Connection": "keep-alive",
  "Strict-Transport-Security": "max-age=15724800; includeSubDomains"
}
Response: {
  "id": "48b40c51-6798-4df1-806a-065467945796",
  "round_number": 8,
  "time_period": "Day 1 - morning",
  "scenario": "The team is discussing the implementation of a new quantum computing project with potential applications in cryptography. The project has a tight deadline and limited budget, but could revolutionize secure communications if successful.",
  "scenario_name": "Quantum Cryptography Project",
  "messages": [
    {
      "id": "c5ab4325-8962-4793-a836-69bd6f3f0e13",
      "agent_id": "f41d88ce-a544-46db-9383-5d5d9a7636af",
      "agent_name": "Emily Rodriguez",
      "message": "Okay, a high-stakes quantum cryptography project with a tight deadline and budget \u2013 exciting! My experience bringing emerging tech to market tells me our biggest challenge will be balancing innovation with practical implementation.\n\nHere's my take: We need to ruthlessly prioritize features based on their impact on secure communications. No gold plating! Let's identify the core cryptographic functions we *must* deliver to revolutionize security, and then focus our energy there.\n\nDr. Wilson, in the 'Technical' document, what are the non-negotiable quantum algorithms for achieving a breakthrough in secure comms? Knowing that will help us make tough choices and stay on track.",
      "mood": "enthusiastic",
      "timestamp": "2025-06-16T22:14:32.364990"
    },
    {
      "id": "491cf2af-7251-4c03-b8ec-19faafb1f5e0",
      "agent_id": "0943a35c-77d5-4ce5-8f20-687367f88ed9",
      "agent_name": "Michael Chen",
      "message": "While Emily Rodriguez makes good points, we need to also consider the implementation challenges. My experience in Risk Assessment shows these often take longer than expected to resolve.",
      "mood": "cautious",
      "timestamp": "2025-06-16T22:14:34.031693"
    },
    {
      "id": "0828f5c8-cc85-4299-8d34-9a710d33f21f",
      "agent_id": "6f37d66b-e0a8-4b6c-bbb4-0b10d6994729",
      "agent_name": "Sarah Johnson",
      "message": "Alright, let's cut to the chase. Tight deadline, limited budget, but game-changing potential - we've all been there.\n\nFrom a project management perspective, the critical path is going to make or break us. We need to identify the absolute *must-do* tasks and sequence them perfectly. I've already updated the 'Quantum Cryptography Project - Implementation' (Implementation) doc with a preliminary timeline, but I need Dr. Wilson to weigh in. James, based on your expertise, how would you prioritize the core quantum entanglement experiments, and what's the *absolute fastest* we could realistically get usable data? That timeline will dictate everything else.\n\nMichael, given the budget constraints, what are the *non",
      "mood": "strategic",
      "timestamp": "2025-06-16T22:14:35.688492"
    }
  ],
  "user_id": "",
  "created_at": "2025-06-16T22:14:35.693070",
  "language": "en",
  "original_language": null,
  "translated_at": null,
  "force_translated": false
}
Test Result: PASSED
✅ Generated conversation round 8

Messages in this round:
Emily Rodriguez: Okay, a high-stakes quantum cryptography project with a tight deadline and budget – exciting! My exp...
Michael Chen: While Emily Rodriguez makes good points, we need to also consider the implementation challenges. My ...
Sarah Johnson: Alright, let's cut to the chase. Tight deadline, limited budget, but game-changing potential - we've...

Test 5: Analyzing conversation for scenario repetition elimination
Scenario keywords: {'project', 'potential', 'computing', 'limited', 'deadline', 'communications', 'secure', 'cryptography.', 'budget,', 'successful.', 'revolutionize', 'quantum', 'tight', 'applications', 'implementation', 'discussing'}

Scenario keyword count by round:
Round 1: 10 scenario keywords
Round 2: 6 scenario keywords
Round 3: 7 scenario keywords
Round 4: 9 scenario keywords
Round 5: 10 scenario keywords
Round 6: 13 scenario keywords
Round 7: 10 scenario keywords
Round 8: 11 scenario keywords
❌ Scenario repetition not properly eliminated in later rounds

Test 6: Analyzing conversation state awareness

Phase keyword counts by round:
Round 1: Early=4, Middle=2, Later=2, Advanced=1
Round 2: Early=2, Middle=1, Later=1, Advanced=1
Round 3: Early=3, Middle=4, Later=3, Advanced=0
Round 4: Early=2, Middle=2, Later=1, Advanced=2
Round 5: Early=2, Middle=1, Later=1, Advanced=3
Round 6: Early=3, Middle=1, Later=3, Advanced=0
Round 7: Early=3, Middle=0, Later=2, Advanced=1
Round 8: Early=3, Middle=0, Later=2, Advanced=1
❌ Conversation does not show clear phase progression

Test 7: Analyzing dynamic topic building
Found reference to previous speaker: 'Michael' in 'given the tight deadline and limited budget for th...'
Found reference to previous speaker: 'Michael' in 'alright, let's cut to the chase. quantum cryptogra...'
Found reference to previous speaker: 'Michael' in 'alright, let's cut to the chase. tight deadline, l...'
Found reference to previous speaker: 'Emily' in 'while emily rodriguez makes good points, we need t...'
Found reference to previous speaker: 'Michael' in 'alright, let's cut to the chase. tight deadline, l...'

Messages referencing previous speakers: 5/16 (31.2%)
✅ Agents build on specific previous points

Test 8: Analyzing for natural human-like patterns
Found incremental building: 'building on' in 'okay, i understand the situation. tight deadline a...'

Messages with incremental building: 1/16 (6.2%)
❌ Conversations lack natural incremental building

Test 9: Checking for banned phrase detection

Messages with banned phrases: 0/16 (0.0%)
✅ Enhanced filtering successfully catches banned phrases

Test 10: Checking for strategic question-answer dynamics
Found strategic question from Michael Chen to Michael: 'Okay, I understand the situation. Tight deadline and limited budget for a quantum computing project ...'
Found strategic question from Dr. James Wilson to Dr.: 'Given the tight deadline and limited budget for this quantum computing project, our focus needs to b...'
Found strategic question from Dr. James Wilson to Dr.: 'Okay, I understand the situation. A quantum computing project for cryptography with a tight deadline...'
Found strategic question from Michael Chen to Dr.: 'Okay, I understand the situation. A quantum computing project focused on cryptography, tight deadlin...'
Found strategic question from Dr. James Wilson to Sarah: 'Alright, let's cut to the chase. Quantum cryptography is a game-changer, but success hinges on flawl...'
Found direct answer from Dr. James Wilson to Michael Chen's question
Found strategic question from Sarah Johnson to Sarah: 'Alright, let's cut to the chase. Tight deadline, limited budget, but potential for revolutionary imp...'
Found strategic question from Sarah Johnson to Sarah: 'Okay, I understand the high-stakes nature of this project. Given the tight deadline and budget, we n...'
Found strategic question from Emily Rodriguez to Dr.: 'Okay, a high-stakes quantum cryptography project with a tight deadline and budget – exciting! My exp...'
Found strategic question from Sarah Johnson to Dr.: 'Alright, let's cut to the chase. Tight deadline, limited budget, but game-changing potential - we've...'
Found collaborative learning in message from Michael Chen: 'While Emily Rodriguez makes good points, we need to also consider the implementation challenges. My ...'
Found direct answer from Sarah Johnson to Dr. James Wilson's question

Strategic questions: 9/24 (37.5%)
Direct answers to questions: 2/9 (22.2%)
Collaborative learning instances: 1/24 (4.2%)
❌ Strategic question-answer dynamics need improvement

ENHANCED DYNAMIC CONVERSATION SYSTEM SUMMARY:
❌ Enhanced dynamic conversation system has issues:
  - Scenario repetition is not properly eliminated after first few exchanges
  - Agents don't show clear understanding of conversation progression
  - Conversations don't display natural human-like patterns
  - Strategic question-answer dynamics need improvement

================================================================================
TESTING ENHANCED DOCUMENT GENERATION SYSTEM
================================================================================

Test 1: Testing quality gate with budget/financial discussions

================================================================================
Testing: Quality Gate - Budget Discussion (POST https://a985bc5b-b2e4-4dfa-b7b1-059accd4e9ea.preview.emergentagent.com/api/documents/quality-check)
Status Code: 200
Response Headers: {
  "Date": "Mon, 16 Jun 2025 22:14:42 GMT",
  "Content-Type": "application/json",
  "Content-Length": "84",
  "Connection": "keep-alive",
  "Strict-Transport-Security": "max-age=15724800; includeSubDomains"
}
Response: {
  "should_create": true,
  "reason": "Quality criteria met - ready for document creation"
}
Test Result: PASSED
✅ Quality gate correctly allows document creation for budget discussions
Reason: Quality criteria met - ready for document creation

Test 2: Testing quality gate with timeline/milestone discussions

================================================================================
Testing: Quality Gate - Timeline Discussion (POST https://a985bc5b-b2e4-4dfa-b7b1-059accd4e9ea.preview.emergentagent.com/api/documents/quality-check)
Status Code: 200
Response Headers: {
  "Date": "Mon, 16 Jun 2025 22:14:42 GMT",
  "Content-Type": "application/json",
  "Content-Length": "84",
  "Connection": "keep-alive",
  "Strict-Transport-Security": "max-age=15724800; includeSubDomains"
}
Response: {
  "should_create": true,
  "reason": "Quality criteria met - ready for document creation"
}
Test Result: PASSED
✅ Quality gate correctly allows document creation for timeline discussions
Reason: Quality criteria met - ready for document creation

Test 3: Testing quality gate with risk assessment discussions

================================================================================
Testing: Quality Gate - Risk Assessment Discussion (POST https://a985bc5b-b2e4-4dfa-b7b1-059accd4e9ea.preview.emergentagent.com/api/documents/quality-check)
Status Code: 200
Response Headers: {
  "Date": "Mon, 16 Jun 2025 22:14:42 GMT",
  "Content-Type": "application/json",
  "Content-Length": "84",
  "Connection": "keep-alive",
  "Strict-Transport-Security": "max-age=15724800; includeSubDomains"
}
Response: {
  "should_create": true,
  "reason": "Quality criteria met - ready for document creation"
}
Test Result: PASSED
✅ Quality gate correctly allows document creation for risk assessment discussions
Reason: Quality criteria met - ready for document creation

Test 4: Testing quality gate with substantive content without perfect consensus phrases

================================================================================
Testing: Quality Gate - Substantive Content (POST https://a985bc5b-b2e4-4dfa-b7b1-059accd4e9ea.preview.emergentagent.com/api/documents/quality-check)
Status Code: 200
Response Headers: {
  "Date": "Mon, 16 Jun 2025 22:14:42 GMT",
  "Content-Type": "application/json",
  "Content-Length": "84",
  "Connection": "keep-alive",
  "Strict-Transport-Security": "max-age=15724800; includeSubDomains"
}
Response: {
  "should_create": true,
  "reason": "Quality criteria met - ready for document creation"
}
Test Result: PASSED
✅ Quality gate correctly allows document creation for substantive content without perfect consensus phrases
Reason: Quality criteria met - ready for document creation

Test 5: Testing chart embedding in budget document

================================================================================
Testing: Create Budget Document (POST https://a985bc5b-b2e4-4dfa-b7b1-059accd4e9ea.preview.emergentagent.com/api/documents/create)
Status Code: 200
Response Headers: {
  "Date": "Mon, 16 Jun 2025 22:14:43 GMT",
  "Content-Type": "application/json",
  "Content-Length": "120",
  "Connection": "keep-alive",
  "Strict-Transport-Security": "max-age=15724800; includeSubDomains"
}
Response: {
  "success": true,
  "document_id": "41b85f90-c307-409d-9f28-7078b059d5d1",
  "filename": "Q3_Budget_Allocation_Plan_20250616.md"
}
Test Result: PASSED
✅ Created budget document with ID: 41b85f90-c307-409d-9f28-7078b059d5d1

================================================================================
Testing: Get Budget Document (GET https://a985bc5b-b2e4-4dfa-b7b1-059accd4e9ea.preview.emergentagent.com/api/documents/41b85f90-c307-409d-9f28-7078b059d5d1)
Status Code: 200
Response Headers: {
  "Date": "Mon, 16 Jun 2025 22:14:43 GMT",
  "Content-Type": "application/json",
  "Content-Length": "184046",
  "Connection": "keep-alive",
  "Strict-Transport-Security": "max-age=15724800; includeSubDomains"
}
Response: {
  "id": "41b85f90-c307-409d-9f28-7078b059d5d1",
  "metadata": {
    "id": "2a781968-8be5-4585-ac7a-698be8322c1e",
    "title": "Q3 Budget Allocation Plan",
    "filename": "Q3_Budget_Allocation_Plan_20250616.md",
    "authors": [
      "Mark Castellano",
      "Alex Chen"
    ],
    "category": "Budget",
    "status": "Draft",
    "description": "Budget allocation for Q3 with detailed breakdown",
    "keywords": [
      "budget",
      "finance",
      "allocation",
      "Q3"
    ],
    "created_at": "2025-06-16T22:14:42.930000",
    "updated_at": "2025-06-16T22:14:42.930000",
    "simulation_id": "",
    "conversation_round": 0,
    "scenario_name": "",
    "user_id": "test-user-123"
  },
  "content": "<!DOCTYPE html>\n<html>\n<head>\n    <meta charset=\"UTF-8\">\n    <title>Q3 Budget Allocation Plan</title>\n    <style>\n        body {\n            font-family: 'Segoe UI', Tahoma, Geneva, Verdana, sans-serif;\n            line-height: 1.6;\n            max-width: 800px;\n            margin: 0 auto;\n            padding: 40px;\n            background-color: #ffffff;\n            color: #333333;\n        }\n        .header {\n            border-bottom: 3px solid #2c3e50;\n            padding-bottom: 20px;\n            margin-bottom: 30px;\n        }\n        .title {\n            font-size: 28px;\n            font-weight: bold;\n            color: #2c3e50;\n            margin-bottom: 10px;\n        }\n        .subtitle {\n            font-size: 16px;\n            color: #7f8c8d;\n            font-style: italic;\n        }\n        .meta-info {\n            background-color: #f8f9fa;\n            padding: 15px;\n            border-left: 4px solid #3498db;\n            margin: 20px 0;\n        }\n        .section-header {\n            font-size: 20px;\n            font-weight: bold;\n            color: #2c3e50;\n            margin-top: 30px;\n            margin-bottom: 15px;\n            border-bottom: 2px solid #ecf0f1;\n            padding-bottom: 5px;\n        }\n        .subsection {\n            font-size: 16px;\n            font-weight: 600;\n            color: #34495e;\n            margin-top: 20px;\n            margin-bottom: 10px;\n        }\n        .chart-container {\n            text-align: center;\n            margin: 30px 0;\n            padding: 20px;\n            background-color: #f8f9fa;\n            border-radius: 8px;\n        }\n        .chart-title {\n            font-size: 16px;\n            font-weight: bold;\n            margin-bottom: 15px;\n            color: #2c3e50;\n        }\n        .highlight {\n            background-color: #fff3cd;\n            padding: 2px 4px;\n            border-radius: 3px;\n        }\n        .important {\n            font-weight: bold;\n            color: #e74c3c;\n        }\n        .note {\n            background-color: #e8f4f8;\n            padding: 10px;\n            border-left: 4px solid #3498db;\n            margin: 15px 0;\n            font-style: italic;\n        }\n        ul, ol {\n            margin: 15px 0;\n            padding-left: 25px;\n        }\n        li {\n            margin-bottom: 5px;\n        }\n        table {\n            width: 100%;\n            border-collapse: collapse;\n            margin: 20px 0;\n        }\n        th, td {\n            border: 1px solid #ddd;\n            padding: 12px;\n            text-align: left;\n        }\n        th {\n            background-color: #f2f2f2;\n            font-weight: bold;\n        }\n    </style>\n</head>\n<body>\n\n<div class=\"header\">\n    <div class=\"title\">Q3 Budget Allocation Plan</div>\n    <div class=\"subtitle\">Budget Document</div>\n</div>\n\n<div class=\"meta-info\">\n    <strong>Authors:</strong> Mark Castellano, Alex Chen<br>\n    <strong>Date:</strong> June 16, 2025<br>\n    <strong>Document Type:</strong> Budget<br>\n    <strong>Status:</strong> <span class=\"highlight\">Draft for Review</span>\n</div>\n<p># Q3 <strong>budget</strong> Allocation Plan</p>\n\n<p>## Executive Summary</p>\n<p>This document outlines our <strong>budget</strong> allocation for Q3 2023.</p>\n\n<p>## <strong>budget</strong> Breakdown</p>\n<ul>\n<li>Development: 40%</li>\n<ul>\n<li>Marketing: 30%</li>\n<ul>\n<li>Operations: 20%</li>\n<ul>\n<li>Contingency: 10%</li>\n</ul>\n\n<p>## Justification</p>\n<p>The allocation prioritizes development to complete our new product features while maintaining adequate marketing spend to promote the <strong>launch</strong>.</p>\n\n<p>## <strong>approval</strong></p>\n<p>This <strong>budget</strong> has been approved by the management team.</p>\n\n\n<div class=\"chart-container\">\n    <div class=\"chart-title\">Budget Allocation</div>\n    <img src=\"data:image/png;base64,iVBORw0KGgoAAAANSUhEUgAACKsAAAbpCAYAAACCaxMBAAAAOnRFWHRTb2Z0d2FyZQBNYXRwbG90bGliIHZlcnNpb24zLjEwLjMsIGh0dHBzOi8vbWF0cGxvdGxpYi5vcmcvZiW1igAAAAlwSFlzAAAuIwAALiMBeKU/dgABAABJREFUeJzs3XeYVdXZN+BnGkPvVaqKIEaw9469l0hsEVui5ovGaNRoYkxioiZ2gz226ItRiaIoKipiwVcFFQtIl947TGH69wdxXoYy50zhDOW+r4uL2Xs/a+3nzJw56JzfrJVWVlZWFgAAAAAAAAAAkALpdd0AAAAAAAAAAADbDmEVAAAAAAAAAABSRlgFAAAAAAAAAICUEVYBAAAAAAAAACBlhFUAAAAAAAAAAEgZYRUAAAAAAAAAAFJGWAUAAAAAAAAAgJQRVgEAAAAAAAAAIGWEVQAAAAAAAAAASBlhFQAAAAAAAAAAUkZYBQAAAAAAAACAlBFWAQAAAAAAAAAgZYRVAAAAAAAAAABIGWEVAAAAAAAAAABSRlgFAAAAAAAAAICUEVYBAAAAAAAAACBlhFUAAAAAAAAAAEgZYRUAAAAAAAAAAFJGWAUAAAAAAAAAgJQRVgEAAAAAAAAAIGWEVQAAAAAAAAAASBlhFQAAAAAAAAAAUkZYBQAAAAAAAACAlBFWAQAAAAAAAAAgZYRVAAAAAAAAAABIGWEVAAAAAAAAAABSRlgFAAAAAAAAAICUEVYBAAAAAAAAACBlhFUAAAAAAAAAAEiZzLpuAAAAgC3LZ599Fv37909YN3HixBR0A7Wnb9++MWfOnEprnnnmmdhvv/0qrXn55ZfjxhtvrLRm3333jWeffbbKPcK6aut5CwAAAKlkZRUAAAAAAAAAAFLGyioAAECdGDBgQDzwwAO1OmdaWlo0aNAgGjVqFA0bNoxmzZrFDjvsEDvssEPsuOOOsd9++0WTJk1q9Z5AzfzrX/+K2267Len6p59+Og444IBN2BEAAAAAm5qwCgAAsNUoKyuLvLy8yMvLKz/3zTfflH+clZUV++67bxxzzDFx+umnR3Z2dl20Cazl1VdfrVL9kCFDhFUAAAAAtnC2AQIAALYZRUVF8fHHH8cf//jHOPbYY2PQoEFRUlJS121Bjbz66qvRs2fP9f4MGDCgrltLaOrUqTFu3LgqjXn77bdj9erVm6gjSI3PP/98g9+3N9xwQ123BgAAACkhrAIAAGyT5s2bFzfddFNceOGFsXTp0rpuB6rt3XffresWqq2qq6pEROTk5MTw4cM3QTeQOlvy9y0AAADUBtsAAQAA27RRo0bF+eefHwMHDozmzZvXdTtQJatXr46PPvqortuolrKysnjttdeqNXbIkCFx4okn1nJHkDrvvPNOrc115513RkFBQaU1O++8c63dDwAAAGqDsAoAALDNmzJlSvz2t7+NRx99tK5bgSoZOXJk5Ofn13Ub1TJq1KiYO3dutcaOHDkylixZEq1atarlrmDTmzBhQsyePbvW5ttrr71qbS4AAABIFdsAAQAARMT7779vWwa2OFvyc7Y6WwD9oLi4OIYOHVqL3UDq1OaqKgAAALClsrIKAACwWRs9enQ0bdo0qdqioqLIzc2NuXPnxoQJE+Ldd9+NESNGRGlpaVLjn3zyyTjqqKNq0i6kTHFxcYwYMaKu26iWgoKCGDZsWKU1++67b4waNWqj14cMGRL9+/ev7dZgkxNWAQAAACurAAAAW5GsrKxo3rx57LLLLnHGGWfEQw89FK+88kp069YtqfFffvllLFmyZNM2CbVk9OjRsXz58rpuo1qGDx8eOTk5G72elZUV1113XaVzfPvtt/H999/XdmuwSc2aNSsmTpxY120AAABAnRNWAQAAtmo9e/aMf/3rX9GwYcOEtWVlZfHNN9+koCuoua15C6C99947+vTpEx07dqzRPLC5saoKAAAArGEbIAAAYKvXvn37OPvss+PJJ59MWDtr1qwUdLR5WLp0aXz33Xcxc+bMyMnJibKysmjcuHF06tQpdt5552jXrl1dtxjTpk2LKVOmxLx58yI3NzcyMzOjWbNmscMOO0SvXr2iUaNGdd1iudmzZ8fUqVNj2bJlsXz58sjLy4sGDRpE06ZNo2vXrrHTTjtFs2bNau1+W2pYZcmSJTFy5MhKa37Yjqtv377x7LPPbrTutddei1//+teRlpZWqz1uqebPnx/Tpk2LuXPnxqpVqyI/Pz/S0tKifv360bRp0+jQoUN07do1tttuuzrpb+HChTF16tSYM2dOrFy5MlavXh0NGzaMZs2aRfPmzaN79+7RuXPnlPWzbNmyGD9+fCxZsiRWrVpVvtpPs2bNokmTJtGpU6fo1atXZGVl1do9t5awSmFhYUyZMiVmz54dixYtiry8vCgsLIzs7Oxo0KBBtG3bNrbbbrvo3r17ZGdn13W7FcyaNSvGjRsXCxcujNzc3PJV2bp16xa9e/fe7PoFAADYWgmrAAAA24QDDzwwqbBKbm5uUvOdf/75MWrUqEprbr/99jjjjDOSmm9tPXv2TFjzzDPPxH777VfluYuKimLIkCHxwgsvxDfffBNlZWUbre3Ro0ecfvrp8ZOf/CQaN25c5XtV14IFC2LgwIExZMiQmDdv3kbr6tWrFwceeGCcd955ceihh1a4tnjx4jjooIMqvc/pp58ef/vb36rdZ15eXrz99tvx3nvvxZgxY2LhwoWV1qenp0evXr3ipJNOijPOOCOaN2+e9L2SeU6s64EHHogHHnhgg9eGDx8enTp1qvKctWHo0KFRXFxcac2RRx4ZERFHH310pWGVOXPmxBdffBF77713rfa4pSgpKYkPP/ww3nrrrfjkk09iwYIFSY1r06ZN7LvvvnHsscfGEUccEfXq1dtkPX7++ecxdOjQ+OCDD2LOnDkJ6zt06BD77rtvnHHGGbH//vvXai9lZWUxevToGDx4cIwaNSpmz56dcEx2dnbssssucfLJJ8epp55apdfCvn37JvWY1zZ48OAYPHjwBq9t7HU/mftU99+Mtc2ZMyfeeOONGD58eIwdOzaKiooSjsnKyoqePXvGEUccESeeeGJsv/32Nerh3HPPjS+++GKj19u0abPBMFxOTk48++yzMXjw4JgxY8ZGx9erVy/69u0bl19+efTq1atGvQIAAFA5YRUAAGCb0L59+6Tq6tevv4k7qTtffPFF3HTTTfH9998nVT9p0qT4+9//Hk888UTcfPPNceyxx27S/srKyuLxxx+PBx98MPLz8xPWFxYWxvvvvx/vv/9+7LvvvnHbbbeVr8pQWcilpgoLC+OJJ56Ip556KlasWJH0uNLS0hg3blyMGzcuHnjggbjsssvi4osvrtVVG7YEibbu6dOnT3To0CEi1mwH1KpVq1iyZEml821rYZWSkpJ44YUX4vHHH69yGCIiYtGiRTF06NAYOnRotGnTJi688MLo379/rYZWPvnkk7jrrrti7NixVRo3b968ePXVV+PVV1+Nnj17xq9+9avylXZq4p133ok777yz0qDChhQUFMSYMWNizJgxcffdd8fFF18cl19+eWRmbjs/Ups6dWo88MADMWzYsCgpKanS2KKiohg7dmyMHTs2HnjggTj88MPjyiuvjB/96EfV6iUjI6PS64sWLYqioqIKr6tvv/12/PGPf4ylS5cmnL+wsDDeeuuteOedd+Lcc8+Na6+9dqv+7wIAAIC6lF7XDQAAAKRCstuEtGjRYhN3UjdefPHF6N+/f9JBlbUtXrw4fvWrX8VDDz20CTpbo6CgIH7xi1/EXXfdlVRQZV2jRo2Kfv36lb8xnsybktUxfvz4OOWUU+K+++6rUlBlXbm5uXHPPffE2WefXa2wwZZq6tSpCcMLxxxzTPnHGRkZFY435K233orCwsJa6W9LMH78+DjttNPiz3/+c608dxYtWhR33nlnnHTSSZWuWJGsvLy8uP766+PCCy+sclBlXRMnToxf/vKXcd1118XKlSurNUdOTk784he/iCuuuKLKQZV15ebmxoABA+K8887bpIG4zUVxcXHce++9ceqpp8Ybb7xR5aDKusrKymLEiBFx5plnxl//+tdN9n279gppDz/8cFx55ZVV/jehpKQknn322bj88stj9erVtd0iAAAAIawCAABsI5J9Y3FrXPb/P//5T9x8880Jt15J5P77748XXnihlrr6P6WlpfGrX/0qRowYUaN5li1bFpdeemksWLBgk7y5+P7778c555wT06ZNq7U5x44dG+ecc061QkRboiFDhiSsOf744ys9XtfKlStr/NzZUrz22mtx1llnxaRJk2p97hkzZkT//v1r9D2+ZMmSOPvssxOunlNVQ4YMifPOO6/KgYPly5fHBRdcEO+9916t9vPVV1/FJZdcEsuXL6/VeTcnK1eujAsvvDAeeeSRpLb7qYrS0tJ49tln45xzztkkwcKCgoKIiHjuuefivvvuq9Fcn3zySVx77bW10BUAAADrElYBAAC2CR9++GHCmlatWsVOO+2Ugm5S57vvvos//elPUVZWVivz/eUvf4mZM2fWylw/eOSRR+L999+vlbmWLFkSv/vd72q8AsC6Pv3007jyyiurtepLIgsWLIhLL700li1bVutzb07Kysritddeq7Rm9913j06dOlU4t88++0SbNm0qHVfb4YjN0csvvxzXX399+Rvxm0JxcXHcfPPN8fzzz1d5bE5OTlxwwQUxceLETdDZmm3JLrjggqRXWCkrK4srr7yyxqu7bMzUqVPjyiuv3CRz17VVq1bFBRdcEKNHj96k9xk7dmz079+/RqtUbUhZWVmMHz8+brvttlqZ75133ol33nmnVuYCAADg/wirAAAAW73Zs2fHoEGDEtb169cv0tO3rv9NuvXWW6v0W/HdunWLI444Ik455ZQ46KCDolGjRhWuFxUVxYABA2qtv/nz58djjz1WpTGNGjWKnXbaKXbZZZdo3rz5etdHjhwZ7777bi11uCZMcvXVVye9ZUXjxo2jR48e0bt37+jYsWNSY2bNmhV//OMfa9LmZm/06NEJt63Z0Coq6enpcdxxx1U67sMPP9yqV7kYNWpU3HzzzVFaWpr0mFatWkXPnj2jV69e0bp16yrd7y9/+UuVgwrXXXddTJ48OanajIyM6NixY/Tu3Tt22GGHyMrKSmrcpEmT4tZbb02q9plnnolRo0YlVZuVlRU77rhj7LbbbtG9e/ek+xk1alS89dZbSdVuKUpLS+Pqq6+O7777Lukx2dnZ0blz5+jdu3d06dIlsrOzkx47efLkuOaaa6r03E6ktLQ0brzxxlpdEeaOO+6otdAnAAAAa2TWdQMAAACb0sSJE5NaEaNFixZxwQUXpKir1Hj33Xfj888/T6p2r732iptvvjl23nnnCucLCwtjyJAhcc8998SSJUsiYk14o7bcfffdSa9W0rt37/jVr34VBx10UGRkZETEmt+g/+qrr+LBBx+Mjz76qLx26NChtdbjrbfemtRWFcccc0xcfPHFsdtuu1UIPS1evDhefvnleOyxx2LVqlUbHT9s2LD44IMP4rDDDlvv2lNPPVXh+JVXXkm4msipp54ap5122gavJVqpZFNI1G96evpGt/w54YQT4tlnn93o2KKionjjjTfi3HPPrVGPm6OcnJy47rrrknrjvWHDhvGzn/0sTjrppOjatWuFa9OnT49XX301nnjiiYSrsxQXF8dvf/vbGDp0aDRo0CDhfV999dWkttpp0KBB/PKXv4wf//jH0bJly/Lz+fn58fbbb8e9996bcMu2V155JY477rg44ogjNlqTn58fDz30UMJ+srOz47rrroszzjijQjAvNzc3Bg4cGPfdd1/CVZruu+++jYap7rzzzgqf65EjR8YTTzxR6XwHH3xwXHLJJRu8tu7r86bw9NNPV3gtrcy+++4bF110URx00EEVAioFBQUxcuTIeOyxx+Krr75KOM/IkSPj+eefr7Xv36FDh8b48eMrnGvSpEkcdNBBsd1220VRUVFMnz49Pv3006QDLTNnzowvv/wy9tprr1rpEQAAAGEVAABgK1JcXBx5eXkxf/78GD9+fAwfPjyGDx8excXFlY5LT0+PW265pcKbp1uDRx99NKm64447Lu69994NripTr169OPPMM2O//faL888/P+EbyVWxaNGieP3115OqPeOMM+Ivf/lLZGZW/N/YtLS02GOPPeLxxx+PBx98MP7xj3/UWn8REV988UUMGzYsYd3vf//76N+//wavtW7dOi699NI49thj46KLLqp0dZH7779/g2GVAw88cL2+EuncufN64+pKQUFBws/j3nvvHe3atdvgtT322CO22267mDt37kbHDxkyZKsMq/zjH/+I+fPnJ6zr2bNnPPbYY9G+ffsNXu/WrVtcddVVceqpp8bFF1+ccJWbOXPmxBNPPBFXXHFFpXWFhYVxzz33JOyvWbNm8T//8z/Ro0eP9a41aNAgTj311Dj00EPjpz/9aUyZMqXSuQYMGFBpWOW1115LaqWd2267LU466aT1zjdq1CguvfTSaNy4cfz5z3+udI5p06bFxIkTo2fPnutdWzfYkMzXsU2bNnX2fbtw4cKkXkPT0tLid7/73UZf87Kzs+PII4+MI444IgYMGJBUcOjee++NU045JRo3blzlvte19r99WVlZceWVV8YFF1wQ9evXr1C3aNGi+MMf/hAjRoxIat4333xTWAUAAKAWbV3rWwMAAFudffbZJ3r27JnUnx/96Eexzz77xMknnxzXX399DBs2LGFQJSMjI2655ZY45phjUvSIUmPOnDnxzTffJKzr3Llz/O1vf0u4/VHnzp3j/vvvj7S0tNpqMYYNG5bU1g977LFH3HLLLesFVdb1y1/+Mk4//fTaai8iIh5//PGENf369dvom7Zr69q1azzwwAOVfq7HjRsXX375ZZV63BIMHz680lVlIja8BdAP0tLSEm4FNGbMmJg5c2a1+ttcLVy4MJ5//vmEdZ06dYqnn356o0GVtXXr1i2eeuqppEIBzz77bMKVjwYPHpxUCOO2227bYFBlbS1atIh//OMfCbfhGTduXKVb/CSzNU/37t03GFRZ2znnnBNdunRJONcHH3yQsGZL8NhjjyW10tX111+f1Gteenp6XHXVVUmFyFauXBnPPfdcUn0m8sNrTVZWVjz22GNx2WWXrRdUiVgTDHrooYcqDT6t7euvv66V/gAAAFhDWAUAANhmbb/99jFw4MDo169fXbdS65JZDSQi4vLLL09qm4+IiN12261WwyBvvvlmUnXXX399wjev165t2rRpTdoqt3jx4nj//fcrrcnKyopf/epXSc+5yy67xNFHH11pzSuvvJL0fFuKIUOGVHo9MzMzYRjlhBNOqPF9tjSDBg1KuGVPRMRNN91UpZWhunbtGpdffnnCuuXLl8fw4cMrrXnhhRcSzrP77rvHUUcdlVRvO+64Y6XBpR9sbKuv4uLiGDNmTMLxhx56aMKatLS0pPoeO3ZswprNXV5eXrz88ssJ63r37h0XXXRRleb+zW9+E61bt05Y99JLL1Vp3kRuvPHGhKvUpKenx6233prUv4OTJ09OKmAJAABAcmwDBAAAbFPq1asX++yzT/Tr1y+OPfbYhCuKbKk+/PDDhDUNGjSIU045pUrznnPOOUm9oZlIQUFBUm8o9+7dO/bcc8+k523ZsmWcfPLJMXDgwJq0FxER77zzTsI3Jvfaa69o27Ztlebt27dvpWGirWWVhh8sXbo0Pvroo0pr9t9//4Rhi969e0eXLl0qXT1lyJAhCbet2ZIkE77Zddddk14ZYm39+/ePhx56KPLy8iqte/vttze6AsmsWbNi3LhxCe91zjnnVKm3Y489NuFj//TTTzd4vqSkJB588MGE99h+++2T6mVD2/usa9myZUnNtTl77733Ijc3N2HdFVdcUeUVtho3bhznnXde3H///ZXWTZ8+PSZPnhw77bRTlebfkF122SXp512rVq3ilFNOSRi8ys/Pj4ULFya1ghEAAACJCasAAADbjPT09DjooIOiT58+0bBhwyguLo569erVdVubxMSJExPW7L///lV+/H369Ilu3brF9OnTq9nZGlOmTImSkpKEdX379q3y3KeddlqthFVGjx6dsKZPnz5VnvdHP/pRpdfnz58fs2bNis6dO1d57s3R0KFDE27HlcxKGhFrVld55JFHNnp9xowZMWbMmNhjjz2q1OPmaNasWUl9nyX7uVtXdnZ2HHrooQm3zPnqq682ei2ZUFxaWlocfPDBVept//33j3vuuSfhvKWlpesFDrOzsxOuplEVLVq0SFizdOnSWrtfXUnma9m0adNqf26POeaYhGGViDXPt9oIq/z0pz+tUhj1kEMOSWqVoFWrVgmrAAAA1BJhFQAAYJtRWloaI0aMiBEjRkRERMOGDaNv377x85//PHbeeec67q72LFmyJKk3T6uyYsna9ttvvxqHVSZNmpRU3T777FPluXv37h3NmzeP5cuXV3ns2pLZ2qMqW6/8oFmzZglrJk6cuNWEVRJta5SVlRXHHHNMUnMdf/zxlYZVIiJeffXVrSKs8sUXXyRVd8ghh1T7HgceeGDCsMqCBQti/vz5G3yD/ptvvkl4j27duiW1BczaGjduHCeeeGKVxmwq9evXT1iTn5+fgk42rWSeb9UJOP6ge/fu0aZNm1i0aFGldV999VWNt+ZLZluxdfXq1SupulWrVlWnJQAAADZg61zvGgAAIAl5eXnx+uuvx2mnnRa/+c1vIicnp65bqhWTJ09Oqq5r167Vmj+ZbTESmTp1alJ1O+ywQ5XnTktLq3H4qKSkJGbPnp2w7m9/+1v07NmzSn+SCRck+zXc3E2dOjVh6Ofggw+Opk2bJjXfzjvvHDvuuGOlNW+++WYUFRUl3ePmavz48QlrMjMzk97OZkOS/f7aWChlwoQJCcd269atKi1RB1atWpXU611NVzxJ5vmWTAAqkR49ekSjRo2qNGa77baLrKyshHVbw2sLAADA5sLKKgAAwDavrKwsXn/99Rg7dmw89thj1Q5xbC6S3ZKiU6dO1Zq/uuPWtmLFioQ1jRo1ilatWlVr/s6dO8enn35arbEREQsXLkxqm6JNZWsJqwwZMiRhzQknnFClOU844YQYMGDARq8vX748PvjggzjqqKOqNO/mZubMmQlrOnXqVKOtzJINuixcuHCD5+fMmZNwbG28XtSG/Pz8GDlyZHz99dcxZcqUmDZtWqxatSpyc3Nj9erVdd1enZo1a1ZSddUJD65t++23j88++6zSmo0916qiR48eVR6Tnp4ejRo1qvGKXAAAACRPWAUAANisjR49OulVFyLWbPWTl5cXy5Yti5kzZ8bXX38dH374YYwZMybh2OnTp8ell14aL774YlJbtWyukl0hpnHjxtWav0WLFtUat7ZkemzSpEm156/O9jxrq+s3LBNtlbElKCsri9dee63Smvr168eRRx5ZpXmPP/74SsMqEWtCMlt6WCWZN+2bN29eo3sk+9q6oXBZfn5+Ului1OT7uDZMnjw5HnrooRgxYsRWsV3PppBsQKSm/y4m83xbtWpVlJWVRVpaWrXvU90+GzRoUOev/QAAANsSYRUAAGCrkp6eHo0bN47GjRtH586d46CDDor/9//+X4wZMyZuuummmDJlSqXjp0+fHrfcckvcfffdKeq49uXm5iZV16BBg2rNn52dXa1xa0umx+r2F1HzHut6pYVkv4abs9GjRydceWP16tWx55571vq9R4wYEStXrqxS0G1zk5eXl7CmYcOGNbpHvXr1IjMzM4qLiyut21BYJZn+Imr2fVwThYWFceutt8agQYPqdJWkLUGyX8uaPt+SGV9SUhI5OTk1CjlVN4iZnm63dAAAgFTyf2EAAMA2YY899ohBgwZFnz59EtYOHTo0JkyYkIKuNo1kVw+o7vYhGRkZ1Rq3tsLCwoQ1WVlZ1Z6/pj3W9Zvbya6Oszl79dVX6+zehYWF8dZbb9XZ/WtDMt8jtREcS+Z1YEPhqWT6i6jZ93F1rVixIi666KJ4/vnn6/x7eUuQ7Neyfv36NbpPss/Xmob1arIqCwAAAKkjrAIAAGwzGjZsGPfcc0/CIENZWVkMHjw4RV3VvmTfUCwoKKjW/EVFRdUat7ZkVluoyeomyb75ujF18Qb72rb0sEpBQUEMGzasTnuoy7BMbUgmRFIbKwAl8zqwoe+HZFehqItViq655pr4/PPPU37fLVWywcWabqOU7Pi6fv0FAAAgNWwDBAAAbFN+2Broww8/rLTu448/TlFHFVU3QLK2Ro0aJVVX3TeRV65cWa1xa0umx5q8MVrTHpPduuS+++6L448/vkb32hoNHz48Vq1aVac9fPHFFzFnzpzo2LFjnfZRXcl8j9R0BYr8/PykVh7ZUC/Jfo+kOqzywgsvxMiRIxPWpaenx5FHHhknnHBC9OjRI5o2bRpNmzZdL+z32WefRf/+/TdVu5uFZP/NqOnzLdnxyfYDAADAls3KKgAAwDanR48eCWumTZsWZWVlNbpPdVYgWbFiRY3uGZH8G33VvdfixYurNW5tjRs3TlizfPnyKC4urtb8CxcurNa4H7Ru3Tqpury8vBrdZ2s1ZMiQum4hysrKNos+qqtdu3YJa5YvX16jeyQ7vn379uuda9q0aVIrcixbtqyqbVVbYWFhDBgwIGFddnZ2PPbYY/HAAw/ECSecEN27d4+2bdvWeJubLVUyz7WI1Dzfmjdvvs1+HQAAALY1wioAAMA2p1mzZglriouLaxwcqc7KIPPnz6/RPSMiWrZsmVTdjBkzqjX/tGnTqjVubW3btk1YU1RUFLNnz67W/FOnTq3WuB+0aNEiqTfilyxZUqP7bI2WLl0aH330UV23ERGbR2imurp06ZKwZvbs2TVauWTy5MlJ1XXu3HmD5zt06JBwbHVfZ6rj008/jUWLFiWsu/rqq+OQQw5Jas7aWElqc9epU6dIS0tLWDdlypQa3SeZ8Z06darRPQAAANhyCKsAAADbnGR/07+wsHCj17KyshKOr87qHmPHjq3ymHXtuOOOSdVVN3TyzTffVGvc2nbaaaek6iZOnFjluVesWBHff/99lcetLS0tLbp3756wrjaCO1uboUOHVntFnNr2/fffx7ffflvXbVTLLrvskrCmtLQ0Jk2aVO17JDt2Y71sbt8jX3zxRcKazMzMOOOMM5Kes7qBuS1J48aNo2vXrgnrqvN6/IPS0tKkwlE/+tGPqn0PAAAAtiyZdd0AAABAqo0fPz6pusq2qklmq53qrCjwySefVHnMutq1axdNmzZNuCLAqFGjqjx3bm5utcatK5k3uSMiPvzwwzj22GOrNPewYcOitLS0Om1VsMsuu8R3331Xac2WGoTYlF599dWENT//+c/j2muvrfG9fv3rX8ebb76ZsJ/evXvX+F6ptvfeeydV9+GHH0afPn2qdY8PPvggYU2XLl02uhJS7969Y/jw4ZWOX7BgQUybNi223377KvV21FFHJdw25p///Gfsscce5cfJvOa2bt06qdW1flAbr8lbgr322iumT59eac3o0aMjPz8/GjRoUOX5P//886S2Tdtrr72qPDcAAABbJiurAAAA25RZs2bFZ599lrCudevW0bBhw41eryzI8oMvv/wyysrKku5txYoV8f777yddX5lkVi756quvqrzFxdtvv12t7Y3W1aVLl6QCP++9916Vtzl5+eWXq9tWBQcccEDCmsmTJ2+2Ky/URmCnqpJdyeSEE06olfslM88bb7yx2az0UhUdOnSInj17JqwbOnRoteZftGhRfP755wnrDjvssI1eO/DAA5O6VzKhmLXNmDEjZs2aFatWrdron/z8/Nh5550rjEvm9axJkyZJ9zF//vz43//93yr1XlN18X0bEXHEEUckrMnLy4v33nuvWvMnCpVFRGRkZCS9PRMAAABbPmEVAABgm1FYWBg33nhjUm8GJlqJoXPnzgnnWLp0aYwePTrp/h5//PFKtx6qioMPPjhhTVFRUQwcODDpOUtKSuKpp56qSVvlMjIy4vDDD09Yt3Tp0nj++eeTnvftt9+OMWPG1KCz/3PIIYcktd3Tv/71ryrN+9Zbb8UZZ5wRP//5z+OGG26IO+64Ix5//PEYPHhwfPDBBzF27NjIycmpbtvlVq1aVeM5qiqZVVW6deuW1BY3yTjssMMShp6WLFkSI0eOrJX7pdopp5ySsOb777+PN954o8pzP/jgg0m9Fp522mkbvda7d+/o0KFDwjkGDhwYJSUlSff22muvJazp3bv3eit8ZGRkJBy3YsWKpPt46KGHoqioKGFdMjXJqmqAsLYcdthh0bx584R1jzzySJW+lhERc+bMSSpEeOihh0bLli2rNDcAAABbLmEVAABgmzBr1qy4+OKLkw6PHHXUUZVeT2bFg4g1b+wlY8KECfH0008nVZuMo48+Oqm6p59+OubPn59U7TPPPBMTJ06sSVsVJNvj/fffHxMmTEhYN3v27PjLX/5S07bKNWvWLI488siEdS+88EJS/UWsWTXh4YcfjnHjxsWHH34YgwcPjieeeCLuvPPOuOGGG+LSSy+Nfv36xeLFiyudJy0tLeG9ku2ptpSVlSUVMjj++ONr7Z7Z2dlJrQgxZMiQWrtnKp1xxhlJbbly5513xtKlS5Oe9/PPP48XX3wxYd3uu+8eu+6660avp6enx+mnn55wnpkzZyYdjFu0aFFSr4X9+vVb71wyYYuFCxfG3LlzE9a9++678cILLySsi0g+GJbM921tvsZWRb169eLMM89MWDdp0qR44oknkp63pKQk/vznPye1QtZ5552X9LwAAABs+YRVAACArU5BQUEsWbIkvvnmmxg0aFD86le/iuOOOy7poEqrVq3ipJNOqrSmd+/eSb3x+PHHH8djjz1Wac3UqVPj5z//ea2tqhKxZhugbt26Jaxbvnx5XHnllbF8+fJK64YOHRp33nln7TT3X4cddlg0bdo0YV1eXl787Gc/q3Q7ji+//DL69+8fCxcurM0W4+KLL05YU1BQEL/4xS9i2rRpldaVlZXFbbfdljBEcuyxxyb82iUTYPjyyy8T9lSbPv/885gzZ07CutraAqgq8w0fPrxWVqtJtZYtW0b//v0T1s2dOzcuueSShCGniIhRo0bFZZddltTqGL/+9a8T1px//vmVbpn2gzvuuCM+/vjjSmuWL18el19+ecLwR/PmzePEE09c73wyq7xErFnFqjJvvfVWXH311UnNFRGRn5+fVAAmme/buXPnxieffJL0vWvTJZdcktT2bPfcc09SQZ78/Py47rrrktoGaq+99rIFEAAAwDZGWAUAANis7bPPPtGzZ88q/enTp08ceOCB0a9fv7jpppti2LBhUVxcnPQ9r7nmmqhfv36lNW3bto199tknqfnuvvvuuPHGG2P69OkVzi9ZsiQeffTR+PGPf1weskhLS4sePXok3WtlfvaznyVV980338Tpp58eQ4YMWe+33ydOnBjXX399XHPNNVXe+iGRhg0bxs9//vOkahctWhQXX3xx/PSnP42nn3463n777Rg+fHg8/fTTcdFFF8U555xTISjRrFmzWulxt912S2p1lblz58YZZ5wR//znP9cLDJSWlsb7778f/fv3j2effbbSeerVqxe/+c1vEt4vmcdXUlISV155ZUyZMmW9fhKFk6ojmS2AunfvXmvP7x8ccsgh0aRJk0prVq9eHcOGDavV+6bKZZddFh07dkxY991338WJJ54YTz/99Aafg1988UXccMMN0b9//6SCOyeddFIccMABCetatmwZl156acK6oqKi+NnPfhZ33HHHeqGm/Pz8GDx4cJx66qkxduzYhHNde+21G3yN3m+//RKOjVizLdGdd9653udhzJgxcdVVV8VVV11VITzYpk2bhHO+/vrrCWuSfV26/vrr48svv1zv/LJly5IaX10tW7ZM6vWnrKwsbr755rj88stj1KhR620ntWTJknjxxRfjhBNOiKFDhyacLysrK/70pz9Vt20AAAC2UJl13QAAAMDm5LjjjktqK4SIiFNPPTVGjRqVVO3LL78cL7/8cnTo0CFatWoVK1asiHnz5q0XojnttNMiIyMjJk2aVOXe13X66afH448/vl5IZkPmzp0b1113Xdx0003RoUOHaNy4ccyfP3+DKzUcd9xx8dZbb9W4v4goD3AksyJKWVlZjB49OuEKOW3bto2TTz65SltVVObmm2+OUaNGJVztIS8vL+6666649957o23bttGqVatYuXJlzJ8/P+lVc6666qro3LlzwrpkAx+TJ0+OE088MXbYYYdo3bp1rFy5MmbOnBlnnnlm/P73v09qjmQUFBQk9ZyozS2AflCvXr048sgj45VXXqm0bsiQIfHjH/+41u+/qTVq1CjuvPPOuOCCC6KoqKjS2uXLl8ftt98ef//736NDhw7RsmXLyM3NjQULFkRubm7S9+zatWvcfPPNSddfcskl8c4778S4ceMqrSstLY0nnnginnzyyWjXrl20adMm8vPzY8aMGQkf2w/233//DW4BFBGx9957R5MmTZLalufxxx+PZ555JnbccccoKyuL+fPnbzDElZGREQ899FCce+65lfb4j3/8IwoLC2OvvfaK3NzcyMjIWG+LqmS/bxcuXBjnnHNOdO7cOdq3bx95eXkxe/bs2HvvveOhhx5Kao7qOvfcc+Ojjz6KESNGJKwdMWJEjBgxIho3bhzbbbddZGVlxZIlS2LhwoXrBVgqc8MNN9R6iA0AAIDNn5VVAAAA/uvggw+Ov//970nXn3baadGzZ88q3WPevHkxduzYmDVr1npBldatW8e1115bpfkqk5mZGddff32VxhQUFMT06dNj7NixGwyqdOzYMS666KLaajHq168ft9xyS1JbKiUjLS0t/vSnPyW13Uay2rdvH3fffXdkZGQkVV9SUlL+dZ45c2bSQZW+ffvGJZdcklRtr169onHjxknVRkR8//33MWrUqJgwYULk5eUlPS5Z7733XlIBgdreAqgq844aNSrmz5+/Se6/qe21115x6623Rnp6cj/GKS0tjTlz5sS3334b33//fZWCKm3atIlHH320SqsT1atXLwYMGJDUCiQRUR4O+fbbb2PKlClJB1V22mmnuPfeezd6PTs7Oy688MKk5oqIKCwsjPHjx8eECRM2utrQFVdcEX369En4Wl9UVBQDBgyICy+8MH75y1/Gk08+uV5Nq1atYscdd0y6v1mzZsXo0aNj3LhxsWLFiqTH1URaWlrcddddseuuuyY9JicnJyZNmhTjxo2L+fPnVymoctFFF8VPf/rT6rQKAADAFk5YBQAAICLOP//8ePjhhxNu/7O2zMzMuOWWWyIrK6vG98/Kyoq77rorWrduXeO51nbkkUfWWrgkKysr7rnnnlrbYucHRxxxRPz2t7+tlbmuuOKKpLbtqarDDjss7rjjjsjM3DQLlB511FFx//33Jx3aycrKSnoFoFRIZgugnXfeOXbYYYdNcv8DDzww4fOytLQ0hgwZsknunwqnnnpq3H333VV6jaqqbt26xcCBA2P77bev8tiOHTvGv/71r2jXrt0m6Cxihx12iCeffDJatmxZad2FF14YXbt2rZV7nnTSSfGLX/wiItaEyWrD2WefXSvzbEqNGzeOf/3rX7H//vtvsnukpaXFFVdcETfccMMmuwcAAACbN2EVAABgm3bQQQfFoEGD4qabbop69epVefzuu+8e999/f40CK1lZWXHffffFAQccEBFR629G//a3v42zzjqrRnPUq1cv7r333th9992jadOmtdTZ/7nooovir3/9a7U/j1lZWfG73/0urrjiilru7P+cdNJJ8dRTT0Xbtm1rbc7MzMy4/PLL4/7776/y8++yyy6L9u3b11ov1bV06dIYOXJkwrpNtapKxJqv/1FHHZWw7rXXXttkPaTCCSecEIMGDYqdd965VudNS0uLM844I1566aUaBT123HHHePnll+PAAw+sxe4izjzzzHjppZeS+t5r3LhxPPzwwzUO1fXr1y/uuOOO8gDZ2WefHQ0bNqzRnBERZ511Vq1//TaFxo0bx5NPPhlXXHFFrQQy19a+fft47LHH4sorr6zVeQEAANiyCKsAAADbnLZt28ZZZ50Vzz33XDz55JPRp0+fGs135JFHxpNPPhndunWr8tju3bvHiy++WOGN9tpeuSQtLS1uueWWuPnmm6v1ZmuPHj1i4MCBcfTRR0dERMuWLasV7EmkX79+MXjw4Cq90Z2enh59+/aNV155JS644IIq3a86Ww/tu+++MXTo0LjooosiOzu7yuPXduCBB8aLL74YV199dbVWbGnZsmU8/PDDm2wli2S98cYbSW3jcvzxx2/SPpIJw0yaNCnGjx+/SfvY1Hr06BEvv/xy/PGPf4yOHTvWeL4DDzwwnnvuubj99turtLXUxrRu3TqeeuqpuPPOO2u8wsmee+4Zjz/+eNx6661Veu3acccd46WXXqrSVjY/aN68efz973+Pv/71rxW2/mrVqlX88Y9/rPGWZdnZ2fHggw9WaTugupKRkRFXXnllvPbaa3H88ccnvRXaxrRo0SKuvPLKeOutt+LQQw+tpS4BAADYUm2a9YsBAADqUFpaWjRs2DAaNWoUjRo1ig4dOsSOO+4YO+64Y+y6666x66671vgNx3Xtu+++8dprr8X//M//xAsvvBDTp0/faG16enrsueee0a9fvzj55JPXewNwu+22S3i/srKyKvd43nnnlQdrXnvttVi6dOlGa+vVqxf77LNPnHnmmXHMMcdUCFOkpaVF165dY/LkyVXuIZGddtopnnrqqRg/fny89dZb8eWXX8a0adNixYoVUVpaGg0bNoy2bdvGjjvuGHvvvXcceeSRG3zDPi8vL+G9qrtaQNOmTeOGG26Iyy67LF599dV4991346uvvkoqsNGuXbvo27dvnHvuudGjR49q3X9tu+yyS7z88svx0EMPxcsvvxz5+fmV1jdu3Dj22WefOPzww2t87x8kswXQrrvuGl26dKm1e27I/vvvHy1atIhly5ZVWvfqq69Gr169Nmkvm1pGRkace+658ZOf/CQ++OCDePPNN+OTTz6JxYsXJxybnp4ePXr0iMMPPzxOOumk2GmnnTZJj6ecckqcdNJJ8f7778fQoUPj448/Tvi1iVgTwjr88MPjzDPPjL322qva9+/cuXO8+OKL8fbbb8czzzwTX3/9dZSUlGy0focddoiTTz45zj///GjSpMkGa0477bRo3Lhx/P3vf4+ZM2dudK6mTZtWGpTp1KlTvPjii/HPf/4znnvuuVi5cmWlj6VBgwax++67x4knnlhp3aay/fbbx3333RezZ8+O119/Pd59990YP358FBcXJxzbvHnz2GeffeLYY4+No48+epNuYwUAAMCWJa2sOj/hBAAAoFKzZs2K8ePHx9y5cyMvLy8yMzOjSZMm0a1bt+jVq1c0b968TvsrLS2N8ePHx+TJk2PJkiVRUFAQ9evXj+bNm8f2228fO++8czRo0KBOe6yJP/zhD/Hiiy9WWnPBBRfE7373u1q5X2FhYUyaNClmzpwZixYtitWrV0dxcXHUq1cvmjVrFu3bt4/u3bsnFUSqroKCgvjqq6/i+++/j5UrV0ZJSUlkZ2dHs2bNom3bttGtW7fo3LlzrQe12HzMnj07pk2bFvPmzYtVq1bF6tWrIzMzMxo0aBCtWrWKTp06Rffu3aNRo0Z10t+MGTNi+vTpMXfu3MjJyYnCwsLIysqKxo0bl4cKN1WoKScnJ7766quYN29erFixIoqLi6Nx48bRvn376NWrV5VWqSktLY1x48bFd999F8uXL4/i4uJo1KhRtG3bNrp37x7du3eP9PTkFjMuLi6OsWPHxqRJk8rnqlevXjRt2jTatGkTXbp0ie233z7p+VJl9erVMWnSpJg9e3YsXrw48vPzo7i4OOrXrx9NmjSJ9u3bR7du3TZ5SA0AAIAtl7AKAAAAW51LLrkkRo4cWWnNtddeGz//+c9T1BEAAAAA8IPN69cyAAAAoIbKysri22+/TVjXuXPnFHQDAAAAAKwrM3EJAAAApMaqVati/vz5MW/evFiwYEEsXrw4Lr/88iptXfPFF1/EihUrEtb17t27Jq0CAAAAANUkrAIAAECdmD9/fvzjH/+I+fPnlwdU8vLy1qvr06dPHHTQQUnP+8wzzySs6dq1a3Ts2LFK/QIAAAAAtUNYBQAAgDrRsmXLePPNNzcYUFnb7bffHi+++GI0bNgw4ZxvvvlmDBs2LGHd8ccfn3SfAAAAAEDtSq/rBgAAANg21atXL/r27ZuwbvLkyXHhhRfGrFmzNlpTUlIS//73v+O6665LOF9WVlace+65VeoVAAAAAKg9aWVlZWV13QQAAADbpsmTJ8cpp5wSpaWlCWuzsrKib9++se+++8Z2220XGRkZsXz58pgwYUIMHz48ZsyYkdQ9f/7zn8e1115b09YBAAAAgGoSVgEAAKBO3XLLLTFw4MCU3KtHjx7x4osvRoMGDVJyPwAAAABgfcIqAAAA1KnCwsK44IIL4ssvv9yk9+nQoUM8++yz0blz5016HwAAAACgcul13QAAAADbtnr16sU///nPOOywwzbZPfbcc88YOHCgoAoAAAAAbAasrAIAAMBmobS0NJ544ol49NFHY9WqVbUyZ3Z2dlxxxRXxs5/9LNLT/b4GAAAAAGwOhFUAAADYrCxfvjyeffbZeP3112P69OnVmqNLly5x1llnxY9//ONo0aJF7TYIAAAAANSIsAoAAACbre+++y6++OKLmDBhQkyaNCmWLFkSubm5kZubG2lpadG0adNo0qRJNG/ePHr06BG9e/eOPn36RI8ePSItLa2u2wcAAAAANkBYBQAAAAAAAACAlLFhNwAAAAAAAAAAKSOsAgAAAAAAAABAygirAAAAAAAAAACQMsIqAAAAAAAAAACkjLAKAAAAAAAAAAApI6wCAAAAAAAAAEDKCKsAAAAAAAAAAJAywioAAAAAAAAAAKSMsAoAAAAAAAAAACkjrAIAAAAAAAAAQMoIqwAAAAAAAAAAkDLCKgAAAAAAAAAApIywCgAAAAAAAAAAKSOsAgAAAAAAAABAygirAAAAAAAAAACQMsIqAAAAAAAAAACkjLAKAAAAAAAAAAApI6wCAAAAAAAAAEDKCKsAAAAAAAAAAJAywioAAAAAAAAAAKSMsAoAAAAAAAAAACkjrAIAAAAAAAAAQMoIqwAAAAAAAAAAkDLCKgAAAAAAAAAApIywCgAAAAAAAAAAKSOsAgAAAAAAAABAygirAAAAAAAAAACQMsIqAAAAAAAAAACkjLAKAAAAAAAAAAApI6wCAAAAAAAAAEDKCKsAAAAAAAAAAJAywioAAAAAAAAAAKSMsAoAAAAAAAAAACkjrAIAAAAAAAAAQMoIqwAAAAAAAAAAkDLCKgAAAAAAAAAApIywCgAAAAAAAAAAKSOsAgAAAAAAAABAygirAAAAAAAAAACQMsIqAAAAAAAAAACkjLAKAAAAAAAAAAApI6wCAAAAAAAAAEDKCKsAAAAAAAAAAJAywioAAAAAAAAAAKSMsAoAAAAAAAAAACkjrAIAAAAAAAAAQMoIqwAAAAAAAAAAkDLCKgAAAAAAAAAApIywCgAAAAAAAAAAKSOsAgAAAAAAAABAygirAAAAAAAAAACQMsIqAAAAAAAAAACkjLAKAAAAAAAAAAApI6wCAAAAAAAAAEDKCKsAAAAAAAAAAJAywioAAAAAAAAAAKSMsAoAAAAAAAAAACkjrAIAAAAAAAAAQMoIqwAAAAAAAAAAkDLCKgAAAAAAAAAApIywCgAAAAAAAAAAKSOsAgAAAAAAAABAygirAAAAAAAAAACQMsIqAAAAAAAAAACkjLAKAAAAAAAAAAApI6wCAAAAAAAAAEDKCKsAAAAAAAAAAJAywioAAAAAAAAAAKSMsAoAAAAAAAAAACkjrAIAAAAAAAAAQMoIqwAAAAAAAAAAkDLCKgAAAAAAAAAApIywCgAAAAAAAAAAKSOsAgAAAAAAAABAygirAAAAAAAAAACQMsIqAAAAAAAAAACkjLAKAAAAAAAAAAApI6wCAAAAAAAAAEDKCKsAAAAAAAAAAJAywioAAAAAAAAAAKSMsAoAAAAAAAAAACkjrAIAAAAAAAAAQMoIqwAAAAAAAAAAkDLCKgAAAAAAAAAApIywCgAAAAAAAAAAKSOsAgAAAAAAAABAygirAAAAAAAAAACQMsIqAAAAAAAAAACkjLAKAAAAAAAAAAApI6wCAAAAAAAAAEDKCKsAAAAAAAAAAJAywioAAAAAAAAAAKSMsAoAAAAAAAAAACkjrAIAAAAAAAAAQMoIqwAAAAAAAAAAkDLCKgAAAAAAAAAApIywCgAAAAAAAAAAKSOsAgAAAAAAAABAygirAAAAAAAAAACQMsIqAAAAAAAAAACkjLAKAAAAAAAAAAApI6wCAAAAAAAAAEDKCKsAAAAAAAAAAJAywioAAAAAAAAAAKSMsAoAAAAAAAAAACkjrAIAAAAAAAAAQMoIqwAAAAAAAAAAkDLCKgAAAAAAAAAApIywCgAAAAAAAAAAKSOsAgAAAAAAAABAygirAAAAAAAAAACQMsIqAAAAAAAAAACkjLAKAAAAAAAAAAApI6wCAAAAAAAAAEDKCKsAAAAAAAAAAJAywioAAAAAAAAAAKSMsAoAAAAAAAAAACkjrAIAAAAAAAAAQMoIqwAAAAAAAAAAkDLCKgAAAAAAAAAApIywCgAAAAAAAAAAKSOsAgAAAAAAAABAygirAAAAAAAAAACQMsIqAAAAAAAAAACkjLAKAAAAAAAAAAApI6wCAAAAAAAAAEDKCKsAAAAAAAAAAJAywioAAAAAAAAAAKSMsAoAAAAAAAAAACkjrAIAAAAAAAAAQMoIqwAAAAAAAAAAkDLCKgAAAAAAAAAApIywCgAAAAAAAAAAKSOsAgAAAAAAAABAygirAAAAAAAAAACQMsIqAAAAAAAAAACkjLAKAAAAAAAAAAApI6wCAAAAAAAAAEDKCKsAAAAAAAAAAJAywioAAAAAAAAAAKSMsAoAAAAAAAAAACkjrAIAAAAAAAAAQMoIqwAAAAAAAAAAkDLCKgAAAAAAAAAApIywCgAAAAAAAAAAKSOsAgAAAAAAAABAygirAAAAAAAAAACQMsIqAAAAAAAAAACkjLAKAAAAAAAAAAApI6wCAAAAAAAAAEDKCKsAAAAAAAAAAJAywioAAAAAAAAAAKSMsAoAAAAAUKd69uxZ/ueGG26o63YAAADYxIRVAAAAAAAAAABImcy6bgAAAAAAElmwYEEMHz48vvzyy5g6dWrMmzcvcnNzo6SkJOrXrx9t2rSJzp07x2677RaHHHJI7LbbbpGWllbXbQMAAAAbIKwCAAAAwGZr4sSJ8eCDD8bbb78dZWVlG6zJzc2N3NzcmD59enz00UfxwAMPxI477hhXXHFFHHfccZGebnHhupCXlxd77713lJSUxBVXXBFXXnllXbcEAADAZkJYBQAAAIDNTmFhYdx6663xwgsvbDCk0rRp02jVqlXUr18/lixZEsuWLYuioqLy61OnTo2rr746Hn300fjHP/4RXbt2TWX7RMS4ceOipKQkqdqJEydu4m4AAADYnAirAAAAALBZWbp0aVxxxRXxxRdfVDi/9957x2mnnRZHHHFEtG7dusK1wsLC+Oyzz+Ltt9+OwYMHlwdXJkyYED/5yU/ivvvuiwMOOCBlj4GIb775pq5bAAAAYDNlDVQAAAAANhtFRUXx//7f/6sQVGnZsmU88MADMXDgwOjXr996QZWIiHr16sUhhxwSf/nLX+L111+Pfffdt/za8uXL4/LLL48JEyak5DGwxtdff13XLQAAALCZElYBAAAAYLNx1113xZgxY8qP27dvHwMHDoyjjz466Tm6desWTzzxRBxzzDHl51avXh1XXXVV5OTk1Gq/bNy3335b1y0AAACwmUor29CmvwAAAACQYlOmTImTTjopfvhxVUZGRjz//PPRp0+fas1XWFgYP/7xj2PSpEnl5y677LK45pprNljft2/fmDNnTkREHHTQQfHkk09GRMSCBQti4MCB8fHHH8fMmTMjLy8vmjZtGu3atYtDDjkkzjjjjNh+++2r1NuyZcvi1Vdfjc8++ywmTpwYy5Yti9LS0mjZsmW0bds2DjjggDj22GOjV69eCecaMGBAPPDAA+XHEydOjIiIzz77LP75z3/Gt99+Gzk5OXHYYYfFQw89tME5ysrK4rPPPot33nknxo0bFzNnzozc3NwoKSmJJk2axHbbbRd9+vSJk08+Ofbcc8+N9nLDDTfE4MGDE/Z8+umnx9/+9rfy4549e2702sZMmDAh3n777fj0009j7ty5sWzZskhLS4vmzZtHhw4dYr/99oujjz46fvSjHyWca+2+O3bsGO+9915ERJSWlsabb74Zb7zxRowbNy6WLFlSfo9ddtkljjnmmDj55JMjKysr4T0iIkaPHh3Dhg2LsWPHxqxZs2LVqlVRUlISjRo1ig4dOsTOO+8chx9+eBx11FFJzwkAALAlyqzrBgAAAAAgIuLxxx+PtX+v6oILLqh2UCVizdZAt99+e5x55pnl8/773/+OSy+9NBo3blzp2JUrV0ZExBtvvBG///3vIy8vr8L1pUuXxtKlS2P8+PHx1FNPxVVXXRU///nPE/ZUWloaDz74YDz55JPrzRkRMXfu3Jg7d2589dVX8fDDD8dJJ50Uv/vd76JVq1bJPuyIiBg6dGhce+21UVpaWn5u1apVG6ydOHFi/P73v9/oSig/PNaxY8fGc889FwcffHDcfvvt0bZt2yr1VFsWL14cf/nLX2LYsGGxod/Dy8/Pj3nz5sWXX34ZDz/8cBx55JFx8803R/v27at0n7lz58aVV14ZY8eOXe/aggULYsGCBTFixIj4n//5n3jkkUcq/XzMmjUrbrjhhvj88883eH3FihWxYsWKmDBhQrzyyivRsWPHuPXWW+OAAw6oUs8AAABbCtsAAQAAAFDnli5dGq+//nr5cWZmZlx44YU1nnfXXXeN/fffv/x45cqV8eqrryYcV1paGh9//HH85je/KQ+VtGnTJnbZZZfo0qVLZGb+3++AFRUVxV133RWPP/54pXMWFhbGZZddFg888ECFoEr9+vWjR48e0bNnz2jevHmFMa+//nqcc845sWjRomQebkSs+VzefPPNFYIqG/Pdd9/Feeedt15QpXXr1tGjR4/o1avXej2NHDky+vfvH8uXL19vvs6dO8duu+223oow7dq1i9122638T+fOnZN+PGubNWtWnH322fHWW29VCKo0adKk/HPYrFmzCmOGDx8e55xzTkyfPj3p+6xatSouuOCC8qBK06ZNY+edd44ePXpEw4YNK9SOGzcurrnmmo1+vufPnx/nnHPOekGVdu3aRa9evaJnz57RunXrCtfmzJkTl1xySYwcOTLpngEAALYkVlYBAAAAoM6NGjUqioqKyo8POeSQaNeuXa3M/ZOf/CQ++eST8uOPPvoozjvvvErHFBQUxB/+8IcoLS2N448/Pq666qoKW/0sXrw4HnrooRg4cGD5ubvvvjsOO+yw2GmnnTY452233RYffvhh+XHXrl3juuuui8MPP7x8y5eysrL45ptv4v7774+PP/44IiJmzJgRl19+eQwaNCjS0xP/7tnzzz8fOTk50adPn7jmmmuiT58+kZ6eHitWrKhQV1paGtdff32FFVdOPvnkuPrqq6Njx44VaseMGRN/+tOfYsKECRERMW3atLjnnnvilltuqVD3y1/+Mn75y1/G7Nmz48gjjyw/369fv7jyyisT9l6ZoqKiuOKKK2LWrFnl5/bcc8/4zW9+E3vuuWf556asrCy++uqruPvuu2P06NERsWaVlF//+tfxn//8p0LQaGNuv/32mDlzZvTo0SNuuOGGOOCAA8rnLy0tjWHDhsXvf//7yM3NjYg12/t8/PHHccghh6w31x133FEeNkpLS4uLL744LrjggvWe3zNnzoznn38+nnzyySgrK4uSkpL43e9+F++++27Uq1evGp8xAACAzZeVVQAAAACoc6NGjapwvO+++9ba3OvO9cUXXyRcdWTKlCkxZ86cOOOMM+K+++6rEFSJWLPyyM033xwXXHBB+bnS0tJ4+OGHNzjf6NGj49///nf5ce/evePll1+Oo48+ujyoErEmzLDbbrvF448/Hqecckr5+bFjx8aLL76Y+MFGxEsvvRQ/+tGP4tlnn40DDjggGjVqFA0aNFhvG5yPPvooJk+eXH588MEHx1133bVeUCUiYo899oinnnoqWrRoUX7u5Zdf3ujWQpvCU089VR6WiYg49NBD41//+lfsvffeFUI8aWlpsccee8STTz4ZBx54YPn58ePHV/gabMyCBQvipZdeit133z2ef/75OOiggyrMn56eHscff3z88Y9/rDDurbfeWm+u3NzceOedd8qPzz777Lj++us3GMTq0qVLXH/99XHXXXdV6OXtt99O2DMAAMCWRlgFAAAAgDo3bty4Csd9+vSptblbt25dIYCxcuXKmDFjRsJxzZs3j9/97neV1vz617+Oxo0blx+/++67sXr16vXqHn300fKPs7Oz4957760wbl3p6enx5z//OVq2bFl+7qmnnkrYc0TE7Nmz4w9/+EPUr1+/0rovv/wy0tLSyo/POeecSutbtmwZp512WvlxUVFR+colm1ppaWmFoEmDBg3ir3/9a6UrjtSrVy/+/Oc/V1hJJZnAT3FxcWRlZcWdd94ZjRo12mjdCSecUOFrOH78+PVqZs2aFYWFheXHRxxxRML7n3TSSXHcccfFEUccEeedd16FgBAAAMDWQlgFAAAAgDq3dOnSCsfbbbddrc6/7moh695vQ0444YRo0qRJpTUNGzaMo48+uvy4oKAgPv/88wo1S5YsiY8++qjCvJ07d054/4YNG8aZZ55Zfjx9+vSYNGlSwnE77bRT7LHHHgnrrr766hg7dmx8+OGHMXjw4AqrkGxM7969KxzPmTMn4Zja8Pnnn8fcuXPLj4866qiktonq0qVL7LfffuXHkyZNiqlTpyYcd+SRR0aXLl0qrcnKyooePXqUH2/oc7F2UCUi1tuKaWPuv//+eOSRR+Lmm2+Ogw46KKkxAAAAWxJhFQAAAADq3PLlyyscN23atFbnX3e+de+3IUceeWRSc+++++4VjtcNlKwbXjn00EOTmjdizdY8a0tmJZP9998/6fkzMzOjXbt2scsuu0TDhg0T1q+7ykey4Yua+uqrryocH3744UmPXfdz+O233yYcc8ghhyQ1d9u2bcs/zs3NXe96hw4dKhw/8cQTKd06CQAAYHMlrAIAAABAncvLy6twnGgLm6pq0KBBpffbkF122SWpubt27VrheObMmRWOv/766wrHyawI8oOddtqpwnEyq4LssMMOSc9fVRkZGRWOy8rKNtm91vbdd99VOF7381KZdT8fEydOTDhm7RVTKrP287SoqGi9623atIl99923/HjChAlx8sknx8CBA2PZsmVJ3QMAAGBrlJm4BAAAAAA2rSZNmlR48z4nJyeaN29ea/Pn5ORUOE60ckt2dna0bNkyqbnXXl0jYv0thtY9/tOf/rReeCZZs2fPTlhTlTDMD2bNmhXvvPNOjBo1KmbMmBGLFi2K/Pz8KC4urk6btW7hwoUVjtfd1qky665usmjRooRjkl3ZJy0tLWHNn/70p/jJT35S/hycN29e3HLLLXHrrbfGrrvuGvvtt18ccMABsffee0e9evWSui8AAMCWTlgFAAAAgDrXvHnzCmGVlStXbtKwyrrb2ayrKtsQZWdnVzjOz8+vcLzuVjnrbhNUFRvaamZdVQnC5OTkxK233hqvvvpqlJSUVLuvTW3drXOS2bLoB+t+PtZ9LmxIZmbt/dh0xx13jOeeey5+/etfx/fff19+vqSkJL7++uv4+uuv47HHHov69evHQQcdFCeddFIcc8wxtdoDAADA5sb/8QAAAABQ59q2bRvTpk0rP546dWp06dKl1uafPn36everTFZWVtJzr1tbWFhY4Xjd8EpNJLN90bpb9WzMypUr45xzzokpU6asd61JkybRrFmzaNasWYXQRE5OTlJbEdW21atXl3+clZUV6enJ726+bpho7blSpWfPnjFkyJB45ZVXYtCgQfHNN9+st4XS6tWrY/jw4TF8+PDo0qVL/Pa3v42jjjoq5b0CAACkgrAKAAAAAHVu9913j88++6z8+Ouvv44jjjiiVuZeuHBhha1ftttuu2jfvn2lY9YNnFSldt2VPBo1alTheMSIEbHddtslPf+m8oc//KFCUKVhw4Zx+eWXx8knn7zR/j777LPo379/qlost/bntKioKIqLi5NeeWTdcEpVVmWpTVlZWdGvX7/o169fLFy4MD744IP46KOP4tNPP11v9Z2ZM2fGFVdcEddff31cfPHFddIvAADAppT8ryAAAAAAwCay1157VTj+6KOPam3uTz75pMLxfvvtl3BMMiuY/GDdlVPWDas0bty4wnEy29BsarNmzYphw4aVHzdq1CheeOGFuOyyyyoN0pSWlqaivfWsuy1TTb4+TZo0qZWeaqJt27bRr1+/+Mc//hGffvppDBo0KC6//PIKK/6UlZXFHXfcEaNGjarDTgEAADYNYRUAAAAA6tw+++xTIdQxduzY+O6772pl7sGDB1c4PuywwxKOycvLi5UrVyY1/4IFCyoct2vXrsJxx44dKxzPnDkzqXk3pREjRlTYhubiiy+OHj16JBy3ZMmSTdnWRq37OZ09e3bSY9etXXeuupaenh59+vSJq6++OoYPHx7nnntu+bWysrL417/+VYfdAQAAbBrCKgAAAADUuYYNG0a/fv0qnHvooYdqPO8333xTYXuhzp07xzHHHJPU2LW3yKnMjBkzKhx37ty5wvGPfvSjCsfffvttUvNuSvPmzatwfNBBByU1bvTo0ZuinYR23XXXCscTJ05MeuzkyZMrHK/79dic1KtXL/74xz9Gnz59ys99+eWXddgRAADApiGsAgAAAMBm4fzzz4+srKzy43feeSfeeuutas9XXFwcN998c4Wtay6++OLIyMhIanyyWxGNGTOmwvG6YYg99tijwj3ffffdpOaNiCgqKopp06YlXZ+sdbciatasWcIxq1atiqFDh9Z6L8nYc889Kxy/9957SY99//33yz9OS0uL3XbbrbbaStqsWbOioKAg6fp99tmn/ONVq1ZtipYAAADqlLAKAAAAAJuFjh07xjXXXFPh3I033lhhZZRkFRcXxzXXXBPjx48vP7fvvvvGWWedlfQcr7zyShQWFlZak5OTUyE40axZs+jdu3eFmpYtW1bYemjKlClJB1ZefPHFOO644+LYY4+N22+/fb2QSXU1bdq0wvHcuXMTjrn99tvXC07k5+dvsDYtLS2pumTttttuscMOO5Qfv//++0ltBfTdd9/F119/XX58wAEHRPv27WvUS7IKCwvjkksuiX333TeOOuqoGDRoUNJj1/48t2rValO0BwAAUKeEVQAAAADYbFx00UVxyCGHlB/n5eXFpZdeGgMHDoySkpKk5pg1a1ZceumlMWzYsPJzrVu3jnvuuSfpVVUi1gQ47r333kpr7rzzzsjLyys/PumkkzZ4jwsvvLDC8c033xwzZ86sdO4xY8bEfffdFxER06dPj48//jgaNWqUXPMJ7LzzzhWOX3/99Y3WlpWVxT333BMvvfRSHHDAARWubSzkUq9evQrHiR5rMvr371/+cWFhYfzhD3+oNEyUk5MTN910U5SVlZWfO//882vcR7Lq1asXq1evjhUrVkRExCOPPBLff/99wnFLliyJt99+u/x47VVWAAAAthbCKgAAAABsNtLS0mLAgAHRt2/f8nOrV6+OW265JU4//fR49tlnY/78+euNKy4ujk8++SRuueWWOPHEE+Pjjz8uv9a5c+d45plnok2bNkn30bFjx9h+++3jySefjOuvvz5mzJhR4frChQvjD3/4Qzz//PPl57Kzs+OSSy7Z4Hz77bdfhVVdlixZEv369YtBgwZFbm7uenPfd999cfHFF8fKlSsjIiI9PT1+//vfr7diSXUdeuih0aBBg/LjV155JR588MEK4Y+ioqL48MMP4+yzz45HH3002rRpE3fccUekp//fjxQ/+uij9T43EWtWk6lfv3758fvvvx9vvfVW5OfnR0FBQUyYMKHKPZ911lmx1157lR//7//+b1x00UXxzTffVKgrLi6OkSNHxrnnnhvjxo0rP3/iiSdWeF6lwuWXX17+8aJFi+Kcc86J559/PpYtW7ZebUFBQbz77rtx7rnnxvLlyyNizdc9lQEbAACAVEkrW/tXCwAAAABgM1BaWhp33313/Otf/4qioqL1rjdt2jRatWoV9evXjyVLlsTSpUujuLh4vbqDDz447rrrrmjRokXCe/bt2zfmzJkTEWvCKn//+9/jwgsvLJ+3Xbt20apVq1i1alXMnTt3vZVebr/99jjjjDM2Ov/q1avj17/+dYwYMaLC+Xr16sV2220X2dnZsWDBgvKgwg/S0tLixhtvjAsuuGCD8w4YMCAeeOCB8uNnnnkm9ttvv4SP94EHHogBAwas10uXLl2ipKQkFixYUL5qTL169eKxxx6LAw44IH784x/H2LFjK4zZfvvto3v37nHPPfeUn7/88svXe6xrmzhxYvnHPXv2LP/49NNPj7/97W8bHLNgwYK46KKLYurUqRXOt2jRItq3bx/FxcUxZ86cCqvdRKzZAurhhx+Oxo0bb3DeG264IQYPHlx+PHz48OjUqdNGe9/YuLUf0w/uuOOOeOKJJyqcS0tLi/bt20eLFi2itLQ0li1bFkuXLl3vuX711VdXCLwAAABsLaysAgAAAMBmJz09Pa677roYOnRonHDCCRVW84iIWLlyZUybNi3Gjx8fCxcuXC+o0qdPn3jyySfjiSeeSCqosiH77LNPDBgwIJo3bx4Ra4IS3333XcyaNatCUKV+/frx17/+tdKgyg91Dz74YFx55ZXRsGHD8vOFhYUxffr0mDhx4npBlU6dOsWjjz660aBKTfziF7+Ifv36VThXWFgYU6ZMiWnTppUHPjp27BhPPfVU+RZA664eU1hYGBMnToxFixZVOH/VVVdVWF2lNrRr1y6ee+65OPHEEyusMrNs2bIYP358TJ48uUJQJTs7Oy6++OJ44oknNhpU2dSuv/76+OMf/xhNmjQpP1dWVhbz5s2L7777LiZMmBALFiyoEFRp06ZN3HXXXYIqAADAViuzrhsAAAAAgI3p2rVr3HvvvXHjjTfGu+++G1988UVMnTo15s2bF7m5uVFaWhr169ePNm3axPbbbx+77bZbHH744dGrV69auX/fvn3j7bffjjfeeCOGDRsWM2fOjEWLFkWjRo2iQ4cOcdhhh8WZZ56Z1CocEREZGRlxxRVXxLnnnhtDhw6Njz/+OCZPnhzLli2LgoKCaNy4cbRp0yZ69+4dffv2jSOOOCIyMzfNj/AyMjLir3/9a5x44onxn//8J8aMGROLFy+O0tLSaNGiRey8885xzDHHxKmnnhr16tUrH3fCCSdEYWFhPPHEEzF9+vTIzMyMzp07xzHHHFNh/l69esXAgQNjwIAB8eWXX0ZOTk7Ur18/OnXqFH369Kl2382bN4977rknLr300njzzTfjs88+izlz5sTy5csjMzMzWrRoEdtvv30cdNBBceKJJ0a7du2qfa/acu6558Ypp5wSb775ZnzyyScxefLkCivXNGrUKNq1axe9evWKww47LPr27VvrQR8AAIDNiW2AAAAAACDW3wbovffeq+OOAAAAYOtkGyAAAAAAAAAAAFJGWAUAAAAAAAAAgJQRVgEAAAAAAAAAIGWEVQAAAAAAAAAASBlhFQAAAAAAAAAAUkZYBQAAAAAAAACAlBFWAQAAAAAAAAAgZYRVAAAAAAAAAABImbSysrKyum4CAAAAAAAAAIBtg5VVAAAAAAAAAABIGWEVAAAAAAAAAABSRlgFAAAAAAAAAICUEVYBAAAAAAAAACBlhFUAAAAAAAAAAEgZYRUAAAAAAAAAAFJGWAUAAAAAAAAAgJQRVgEAAAAAAAAAIGWEVQAAAAAAAAAASBlhFQAAAAAAAAAAUkZYBQAAAAAAAACAlBFWAQAAAAAAAAAgZYRVAAAAAAAAAABIGWEVAAAAAAAAAABSRlgFAAAAAAAAAICUEVYBAAAAAAAAACBlhFUAAAAAAAAAAEgZYRUAAAAAAAAAAFJGWAUAAAAAAAAAgJQRVgEAAAAAAAAAIGWEVQAAAAAAAAAASBlhFQAAAAAAAAAAUkZYBQAAAAAAAACAlBFWAQAAAAAAAAAgZYRVAAAAAAAAAABIGWEVAAAAAAAAAABSRlgFAAAAAAAAAICUEVYBAAAAAAAAACBlhFUAAAAAAAAAAEgZYRUAAAAAAAAAAFJGWAUAAAAAAAAAgJQRVgEAAAAAAAAAIGUy67oBAAAAYOtSUloWeUWlkVtUGnlFZZFfVBq5haWR99/jgpLSKCopi6LSsigqibU+rvh3YUlZFP+35oePi0vLorQsoiwioqwsStf89d/jiDOWrYyYviLSIiLSI9LS0iLS1vydlhYR//07LS0t0v57PT0rPTLrZURmdsZ///7v8VrnMrIzIrNeemRmZ0RW9g/Ha4/JiIxMvxMEAAAAkAxhFQAAAKCCwpKyWLG6ZM2fgpJYsbo0lv/34+WrS2NVQcmaMEphWeQXl0Ze4ZpgSn7RmpBKQUlZnfWeuyw/8r9fUSf3TstIWxNoWSfoklk/I7IbZ0X9JvX++ycrspvUiwb/Pc7+77ms+n5MAwAAAGwb/BQEAAAAtnKFJWWxOK84FuUWx5K8klicVxzL8ktiRUFpeSBl+erS8oBKfnHdhU22ZGUlZVGUXxJF+SXVGp9RLz3qN64X9ZuuCa+sHWT5v6DL/wVe6jepF+lWcwEAAAC2QMIqAAAAsIVaXVwai/NKYklecSzKXRNCWZS3JpCyKLc4Fv83mLKyoLSuWyUJJYWlkbt0deQuXZ30mKwGmVG/SVY0aJ4djVs2iMZt6kfjVg2iUav60bh1g2jcukFkN8rahF0DAAAAVJ2wCgAAAGymlq8uifmrimLuquKYl1MU81YV//dPUSzIFUIhoii/OIryi2PVwvxYGMs3WJPVIDMa/ze8snaI5YdzDVvWj/T0tNQ2DgAAAGzThFUAAACgjizPL4m5/w2hzF1VFPP/+/e8nOKYv6oocotsx0PNFeUXx7LZObFsds4Gr6elp0WjltnRqNX/BVjKwyxt1nycVd+PkAAAAIDa4ycNAAAAsAnlFpbGzBWFMXNFUcxYvubvmcuLYubKosgttDIKda+stCxyFq+OnMWrY8FGarIbZUWTdg2jWYdG0bxDo2j637+bdWgUmdkZKe0XAAAA2PIJqwAAAEANFZeUxexVRTFjedGaYMp//56xoiiW5JXUdXtQYwW5RVHw/YpY/P2KihfSIhq1rL9+iGW7RtG4VYNIs70QAAAAsAHCKgAAAJCkopKymLa8MKYuLYwpSwvi+6WFMWN5UczNKYoSi6SwLSqLyF2yOnKXrI65Y5dUuJSZnbEmxNKxcbTo1DhadGwczTs2jqbtGgqxAAAAwDZOWAUAAADWUVZWFnNWFcfUpQUxZekP4ZTCmLmiUCgFklRcUBJLpq+MJdNXVjifkZUezbZrtCa8snaIpX2jSBdiAQAAgG2CsAoAAADbtKX5xTFlyZowyvfL/m/FlPzisrpuDbZKJUWlsXTGqlg6Y1WF8xlZ6dGya5NovX2zaL1902i9fbNo0alxpGek11GnAAAAwKYirAIAAMA2Y3FecUxYVBDjFxes+XvR6liUV1LXbQGxJsSyaMqKWDRlRfm5jKz0aNm5SbTavmm03mFNiKVlpyaRninAAgAAAFuytLKyMr8qBgAAwFZHMGXb9OtlyyP/m0V13QabUEZWerTo3KR89ZXW2zeNFp2bRIYACwAAAGwxrKwCAADAFk8wBbYdJUWlsfj7FbH4+xURMSsiItIz06JFp/9uIbTDmhBLyy4CLAAAALC5srIKAAAAW5Ti0rKYtKQgvpm/Or5ZsDq+XbA65ucU13VbbCasrMIP0jPSKq7AskOzaNXFFkIAAACwORBWAQAAYLO2fHXJf4Mp+fHNgtUxflFBrC72v7JsmLAKlcnMzoi23ZtH+51bRPudW0bbnZpHZr2Mum4LAAAAtjm2AQIAAGCzUVZWFlOXFVZYNWXmiqK6bgvYShQXlMTccUti7rglEbFm9ZXW2zeL9r1aRPueLaNdzxaR3SirjrsEAACArZ+VVQAAAKgzxSVlMW7R6vhibn6MmZcfYxcWRE5haV23xRbMyirURFpaRIvOTaL9zi3LV19p2Dy7rtsCAACArY6wCgAAACnzQzjly7n58fncNdv62NKH2iSsQm1r2q5htO/VMtr3XBNeadquYV23BAAAAFs82wABAACwyRSXlsX4RQXx+dy8+HJufnw9f3XkC6cAW5CVC/Ji5YK8mPT+7IiIaNgyO9r3/L+VV1p0ahxpaWl13CUAAABsWaysAgAAQK0p+W845Yt5+fH5nPz4ZkF+5BX5305Sx8oqpFp246xo16NFtO/VMjru2ipadW1a1y0BAADAZk9YBQAAgBqZuaIwPp2VF5/Myosx8/IjVziFOiSsQl1r2Dw7OvZpHZ12axOdereO7MZZdd0SAAAAbHaEVQAAAKiS3MLSGD0nLz6dvSagMndVcV23BOWEVdicpKWnRZsdm0Wn3VpHpz5tos0OzSIt3ZZBAAAAIKwCAABApcrKymL84oL4dFZefDorL75ZuDpKSuu6K9gwYRU2Z/WbZEXH3v9ddaVP62jQLLuuWwIAAIA6IawCAADAehbnFa8Jp8zOi89m58Xy1dIpbBmEVdhipEW06to0Ou3WJjrv1jra7tQ80jPS67orAAAASAlhFQAAAKKsrCzGLiyID6fnxsezcmPyksK6bgmqRViFLVW9hpmx3a6t1oRX+rSORq0a1HVLAAAAsMkIqwAAAGyjVheXxmez8+OjGbkxcmZuLMkrqeuWoMaEVdhatOjUeM12Qbu1jvY7t4yMTKuuAAAAsPUQVgEAANiGLM4rjo9m5MaH03Nj9Nz8KCj2v4RsXYRV2BplZmfEdj9qFV33ahtd9mobDZpm13VLAAAAUCPCKgAAAFu5KUsK4sMZufHhjNz4bmFB+J9AtmbCKmzt0tLTol3PFtFt73bRbZ920bi17YIAAADY8girAAAAbGVKSsviy3n58cH03PhoRm7MXVVc1y1BygirsK1pvX3T6LpPu+i2d7to0alJXbcDAAAASRFWAQAA2AoUl5bF53Py493vc+KD6TmxfHVpXbcEdUJYhW1Zsw6Nots+7aLr3u2izY7NIi0tra5bAgAAgA0SVgEAANhCFZeUxag5eTH8+5z4YHpurCgQUAFhFVjj4OMnx/Y7zY/M7U+N9Lb7Cq4AAACwWcms6wYAAABIXtF/AyrvTs2JD2fkxkoBFQDWkZ6RFm2LHo2icfOjaNyjkdZou8jsdrLgCgAAAJsNYRUAAIDNXFFJWXw6e80KKh9Oz41VhQIqAGxch+4R9crmlx+X5c6NonGPrgmuNOzwf8GVdvsJrgAAAFAnhFUAAAA2Q8UlZfHJ7Lx4Z2pOfDQjN3IEVABIUqf23270WlnevCj67rEo+u6xSGvYfq3gyv6CKwAAAKSMsAoAAMBm5Ov5+fHW5Jx49/tVsXy1gAoAVZOWnhbb1XsuIol/Qsry5kfRd/+Mou/+uWaroB37RdZOZ0d68x6bvlEAAAC2acIqAAAAdWzG8sJ4c/KqeGvKqpizsriu2wFgC9Z+h7TILp1Z5XFluXOj6Jv7o+ib+yO99R6RudNZkbXDjyOtfstN0CUAAADbOmEVAACAOrA0vziGTcmJNyevivGLCuq6HQC2Ep07jq/xHKWLx0Th4jFR+NkfIqPz0ZHV/azI6HJspKVn1UKHAAAAIKwCAACQMvlFpTFiWm68NWVVjJqTFyV2+QGgNqVFbFfv30ltAZSU0qIomfFGlMx4IyK7ZWTtcHpk7nR2ZLTZs5ZuAAAAwLZKWAUAAGATKikti1Fz8uKNSavig+m5kV9cVtctAbCVatstM+qXTtk0kxcsjaLxT0TR+CcirXmPyOp+VmR27xfpjTpumvsBAACwVRNWAQAA2ARmryiKIRNXxtBJK2NhbkldtwPANqBzp0kpuU/Z8klR+PlfovCLWyOjwyGR2f2syOx2UqRlNUrJ/QEAANjyCasAAADUktXFpfHe97kxZOLK+HJuflhDBYBU6pj9QqT0H5+y0iiZ+0GUzP0gCj65LjK7nRyZ3c+KjA6HRFpaWgobAQAAYEsjrAIAAFBD4xetjlcnrIxhU3Iip7C0rtsBYBvUuktmNCwbV3cNFOVG8eTno3jy85HWqFNkdu8XWTudHenNutddTwAAAGy2hFUAAACqYcXqknhz8qoYMnFlTF5SWNftALCN69xlWl23UK4sd3YUfX1vFH19b6S32SuydjonMnc8M9LqNanr1gAAANhMCKsAAAAkqbSsLEbNzo8hE1fGB9Nzo7DERj8AbB46NngpYjNc3Kt00RdRsOiLKBj9p8jcsV9k9bokMlr2quu2AAAAqGPCKgAAAAksziuOV8avjCETVsa8nOK6bgcAKmjRMSsal35e121Urigniic8FcUTnor0dgdEVq+LI3P7kyMtPauuOwMAAKAOCKsAAABsxBdz8+I/41bG+9Nzongz/G11AIiI6NJ1Zl23UCWlCz6JggWfROFnbSOzx08ja+cLI71xx7puCwAAgBQSVgEAAFhLTmFpvDFpZfznu5UxbVlhXbcDAAl1avTKZrkFUCJl+Quj6Ot7ouib+yOj8zFrtgjqeHikpaXVdWsAAABsYsIqAAAAETFlSUEMGrci3pqyKvKKyuq6HQBISrN2WdGk9OO6bqNmykqiZOabUTLzzUhrumNk7XxhZPU4N9Kym9d1ZwAAAGwiwioAAMA2q6ikLIZ/nxP/+W5FfD1/dV23AwBV1mWHuXXdQq0qWzk1Ckf9IQq/uC0ydzxjzWorrXer67YAAACoZcIqAADANmf+qqJ46buVMWTiyliaX1LX7QBAtXVsPHSL3AIooZL8KJ40MIonDYz0NntGVq+LI3P70yMts35ddwYAAEAtSK/rBgAAAFLli7n5cd2weXHav2fE018tE1QBYIvWuHVWNC99t67b2ORKF30ZBR9eEbnP946CUX+M0pXT67olYCMGDBgQPXv2LP8ze/bsum6p1syePbvCYxswYEBdtwQAsEWzsgoAALBVKy4pi7en5sS/v10eExYX1HU7AFBruuywsK5bSK2CpVH07QNR9O2DkdGpb2T1ujgyOh8TaWl+Hw8AAGBLI6wCAABslVasLomXv1sRg8atiEV5VlABYOvTqdlbW+cWQAmVRcns4VEye3ikNekaWbv+IrJ6nBdpmQ3rujG2ITfccEMMHjy4wrljjz02/vGPf9Ro3rKysjjqqKPWW5HkmWeeif32269GcwMAwObErx0AAABblRnLC+NvHy2MkwZOj4dGLxVUAWCr1KhFVrQoeaOu26hzZatmROEnN0TuC7tHwZd/j7LVS+q6JbZhI0aMiOXLl9dojs8//3yr2jpnS/D999+Xb+3z8ssv13U7AADbDCurAAAAW4VRs/Pi398uj49n5kVZXTcDAJtY5+5LIy3Nv3jlVi+JojF3RNG3D0TWTudEVu9fRnqTrnXdFduYwsLCGDp0aJx33nnVnuOVV16pvYZIyjfffJNUXadOnWLixImbuBsAgG2HlVUAAIAtVlFJWbw2cWWc+5+Z8cuhc2OkoAoA24hOzd6t6xY2T8V5UTT+icgbtE+sfu9nUbL467ruiG1AgwYNyj+uycocq1evjrfeeisiIurXr1/jvkhOsmEVAABql7AKAACwxVlZUBJPfLk0Tn5uetzy/sKYvKSwrlsCgJRp0DQzWpW9UtdtbN7KSqJ42uDIf7Vv5L95ehTPHlHXHbEV69WrVzRr1iwiIsaOHRuTJ0+u1jzvvvtu5OTkRETEPvvsU2v9UbmvvxZqAwCoC8IqAADAFmNxbnHc/8niOGXg9Hhk9NJYkldS1y0BQMp13mllpIV/A5NVMvfDWD3szMgbfHgUTf1PlJX63FG7MjMz4+CDDy4/ru7qKmtvAXTIIYfUtC2SUFhYaGsfAIA6klnXDQAAACQye0VRPPP1shg6aVUUltjoB4BtW6cWI8K+d1VXuvTbKHj/sij8/NbI2vXyyOp5fqRlNqzrtthKHHbYYTF06NCIiHjttdfi2muvjYyMjKTHL1q0KP73f/83IiKys7PjoIMOqtL9y8rK4rPPPot33nknxo0bFzNnzozc3NwoKSmJJk2axHbbbRd9+vSJk08+Ofbcc8+E87388stx4403lh8PHz48OnXqFOPHj4+HH344Pv/881ixYkXstNNOFUI2VVVWVhbXXnttvP766+XnzjzzzLj11ls3OmbZsmXx6quvxmeffRYTJ06MZcuWRWlpabRs2TLatm0bBxxwQBx77LHRq1evjc5x/vnnx6hRo9Y7f+ONN1Z43FdccUVceeWVERExe/bsOPLIIzd4bW19+/aNOXPmRETE6aefHn/7298iIiInJycGDRoU7733XkyePDlWrVoV2dnZ0bp169htt93ijDPOiAMOOGCjPa9r3rx5MXjw4BgxYkTMmzcvli9fHo0aNYqdd945TjjhhDj99NOjXr16ERFxySWXxMiRIyMiomPHjvHee+8lfR8AgE1FWAUAANhsTVpSEP8asyyGf58TMioAEJHdKDNal74UkVbXnWy5ynJmRuGnv4vCMXdFVq+Lo94uP4+0Bq3rui22cEcccURkZWVFUVFRLFq0KEaOHBmHHXZY0uNfe+21KClZs+rPgQceGPXr10967MSJE+P3v/99fPvttxu8vnTp0li6dGmMHTs2nnvuuTj44IPj9ttvj7Zt2yZ9j4iI0aNHx8UXXxyFhf+3BefKlSurNMe67rvvvgpBlSOOOCJuueWWDdaWlpbGgw8+GE8++WTk5eWtd33u3Lkxd+7c+Oqrr+Lhhx+Ok046KX73u99Fq1atatRjbfjss8/immuuicWLF1c4X1xcHLm5uTFjxowYMmRInHbaafHXv/41srKyKp1v0KBBcdttt633eVi+fHl8+umn8emnn8b//M//xCOPPBIdO3aM1atX1/pjAgCoKWEVAABgs/PVvPx4+qtl8fHM9X8IDQDbss475UZ6WmHiQhIrWBpFX90VRd8+GJk7nR31el8R6U271XVXbKGaNm0aBx54YHzwwQcRsWZlkqqEVdZeneTEE09Metx3330X/fv3j1WrVlU437p162jZsmVkZGSUr7rxg5EjR0b//v3j+eefj+bNmyd1n6Kiovjtb39bIahSU//5z3/ikUceKT/eY4894r777tvgijSFhYXxy1/+Mj788MMK5+vXrx9dunSJtLS0WLBgQYXH+frrr8e3334bAwcOjDZt2lQYt+OOO0ZBQUHk5OTE1KlTy8937tw5WrZsWX7cvn37mj7M+Pbbb+PSSy8tD4y0bds22rRpE/n5+TFr1qwoKioqr33llVeiffv2cfXVV290vkGDBsVNN91U4VxaWlp07NgxmjRpEnPnzo0VK1bEpEmT4qyzzor//Oc/UVpaWuPHAQBQ24RVAACAzcbHM3Pj6THL4qv5fvMPADakU6uRdd3C1qckP4onPBXFE5+JzG4nRVafX0VG693ruiu2QKeeemp5WOW9996LFStWRLNmzRKOGz9+fEycODEiIho2bBhHHnlkLF26NOG40tLSuP766ysEVU4++eS4+uqro2PHjhVqx4wZE3/6059iwoQJERExbdq0uOeeeza6ism63nzzzZgzZ05069Ytrr/++thnn30iOzs7lixZktT4df3v//5v/OlPfyo/7t69ezz66KMbXVHmtttuqxBU6dq1a1x33XVx+OGHl69CUlZWFt98803cf//98fHHH0dExIwZM+Lyyy+PQYMGRXp6evn4H+792WefRf/+/cvP/7//9//ijDPOqNZj2pDCwsK44YYbYvXq1XHUUUfFr3/969hpp53Kr+fl5cWTTz4ZAwYMKD/31FNPxc9+9rNo0qTJevPNmTMn/vznP1c4d8opp8Q111wTHTp0iIiIkpKSGD58eNx6660xf/78pL/GAACplp64BAAAYNMpKS2Lt6esinP/MzN+/eY8QRUA2IisBhnRJp6v6za2XmUlUTzt1ch/9cjIf+O0KJ4nGETVHHXUUdG0adOIWBNSWHt7m8qsvarKscceGw0bNkxq3EcffRSTJ08uPz744IPjrrvuWi+oErFm1ZKnnnoqWrRoUX7u5ZdfXm9Flo156aWXokOHDvHvf/87jjzyyGjatGlkZ2fHdtttl9T4tU2aNCmuvPLK8hVF2rdvH48//vhGgz2jR4+Of//73+XHvXv3jpdffjmOPvroCtvlpKWlxW677RaPP/54nHLKKeXnx44dGy+++GKV+6wNb7/9dkyZMiV++tOfxoMPPlghqBKxJpx0xRVXxJlnnll+rqCgIN57770Nzvfoo49WWInllFNOiTvvvLM8qBIRkZGREcccc0y88MIL0aFDhxg+fHiMGzeulh8ZAEDNCasAAAB1oqS0LN6YtDJ+8uLM+P3wBTF5iS0NAKAynXdaHRmRX9dtbBNK5n0Uq984NfLfODVKFnxW1+2whcjOzq6whc/gwYMTjikuLq4QajnttNOSvt+XX34ZaWlp5cfnnHNOpfUtW7asMH9RUVGMHj06qXvNnj07rr322gpb5FTHwoUL47LLLoucnJyIiGjWrFk8/vjjFcIW63r00UfLP87Ozo577703GjduvNH69PT0+POf/1yh16eeeqpGfVdXUVFR7LDDDvHb3/620rqzzjqrwvH48ePXqykpKYk333yz/Dg7OztuuOGGjc7Zvn37+Otf/xoRawIwAACbG2EVAAAgpdaEVFbFT16cGX8csTBmrihKPAgAiE6tP63rFrY5JfNGRv7rJ0T+W2dGycLP67odtgBrbyHz7bffxpQpUyqtHzlyZCxevDgiIjp27Bj77bff/2fvLqPsKu+/jX+PjU98YiPxEIMWChSHKu5OsUJb6EOpKzWqVKDlTxUKFHeIk4QoIQnE3W0yyUjG/fjezwvKkJNxvY9cn7W6Fnufvfe5BtqSmfmd++7we33nO9/Rtm3btHz5ck2fPl1nnXVWu/eceOKJEceFhYUdeq/+/fvrwgsv7HBbSxobG3XvvfeqqKhIkpSSkqJ//etfzVYbOVZFRYXee++9puNLLrlEubm57b5XWlpaxGol+fn52rNnTzfqu+7WW29VUlJSm9dMmjQpYpuij/4eHWvTpk2qra1tOj7nnHM0ePDgNp97zjnn6OSTT+5kMQAAQN9gWAUAAABAn7BsW/P21unG1wv0y6VHGVIBAKAT3MlODXW83P6F6BXhwqXyzr5Q3gU3KVy+yXQOothJJ50UMXzR3uoqx24BdMUVV0SslNIRbrdbw4YN05QpUzq0fdCx2wBJUk1NTYfe55RTTonYcqezwuGwvvvd7zZtR+NyufTII4/oU5/6VJv3rVsXOSR23nnndfg9zznnnIjjjq4i09M60pyUlKQBAwY0HTc0NDS7ZteuXRHHp59+eofe//LLL+/QdQAAAH2NYRUAAAAAvcqybS3YV6cbXyvQL5Yc1aFqhlQAAOis7AkhuVXb/oXoVeEjC+Wd+Tl5F96qcOV20zmIUldffXXTX8+aNUvhcLjF6+rq6rRkyZKm485sAdRVLpcr4ti27Q7dN27cuG697+9//3stXbq06fjBBx/U5z//+Xbv27x5c8TxsGHDOvyex6/Ysn///g7f21NSUlI6tBLMR9d+JBBovkVqfn5+xPGYMWM69Nz2BoIAAABMcZsOAAAAABCfLNvWov31enJ9pQ4yoAIAQLfkZplZEQAtCxfMk7dgvlyjL1fyKT+Sc+Ak00mIIldeeaX+8pe/KBQKqbS0VCtWrND555/f7Lq3335bfr9fknTyySdr9OjRXX7Pw4cPa+HChVqzZo0OHTqksrIyeb1ehUKhLj/zWJ0ZEjneM888oxdeeKHp+Bvf+IZuuOGGDt1bWVkZcfzggw8qNTW1Sx1Hjhzp0n3d0a9fvw5f296qOmVlZRHHw4cP79Bzx48fL6fTKcuyOtwCAADQFxhWAQAAANCjbNvWwv31enJDlQ5WNf9EIAAA6ByXx6lhrhelji2AgD5jK5w/S42H5sg95molnfJDOfuPNx2FKDBkyBCde+65TSuJTJ8+vcVhlWO3ADp2NZbOqK+v1+9+9zvNnDmz1RVcekJXB0QWLVqkP/7xjxHnqqurO3z/8dsU7dmzp0sdUstb6/S27myddDyv1xtx3JFtn6QPt4pKT09XXV1dj7UAAAD0BIZVAAAAAPQI27a16EC9nlxfpQMMqQAA0GNGjrfksSvbvxBm2JZCB95U6OAMucddp6STfyBnv45tz4H4de211zYNqyxevFi1tbURq2wUFBRow4YNkqTk5GRdfPHFnX6P2tpa3Xzzzdq3b1+z1zIzM9W/f3/1799fbvfHvwaor6/v0nY4x28f1FF//OMfm63o8cILL+jcc8/VBRdc0O79xw9odEdjY2OPPcsEn88XcZyUlNThe9PS0hhWAQAAUYdhFQAAAADdtrKgQf9YU6G9FQypAADQ03KHbzSdgI6wwwrte1Wh/W/KPeEmJX3y+3Jm5pqugiEXXHCBBg4cqKqqKgUCAc2ZM0e33HJL0+vHrqryuc99rlPbxXzk5z//ecSgSlpamu69915dfvnlGjlyZIv3rF69Wrfffnun36urPhpUOemkk7Rjx46mbYkeeOABzZo1S0OGDGnz/vT09IjjpUuXtvq1xbvjV2npzBZPxw+6AAAARAOn6QAAAAAAsWvrUZ/umXVE355XzKAKAAC9wOlyaLjrRdMZ6Aw7pNCeF9T4xmnyrfyerIZC00UwwOPx6PLLL286nj59etNf27atWbNmNR1fddVVnX7+4cOHtWDBgqbj9PR0vfrqq7rnnnvaHOY4fpWTvnD11VfrpZde0je+8Y2mcxUVFfrRj34k2257f7OMjIyI4/r6+l5pjAXHb/vT0QEU27YT+u8bAACIXgyrAAAAAOi0A1UBfX9Bse6acUQbivmUHgAAvWX4OCnJLjGdga6wggrtekaNr58m//s/ktXIP8dEc+211zb99ZYtW3Tw4EFJ0oYNG3T48GFJUlZWls4555xOP3vp0qURgx533XWXJk6c2O59FRUVnX6v7rjvvvv0hz/8QR6PR/fcc49OPfXUptdWrFihZ599ts37s7OzI44LCgp6pTMW9O/fP+K4tLS0Q/cdOHBA4XC4N5IAAAC6hWEVAAAAAB1WUh/Ur5cd1S2vF+jd/AbTOQAAxL3cEdtMJ6C7wn4FdzypxtdOlf+Dn8n29e2wAMyZNGmSpkyZ0nS8cOFCSdK8efOazl1++eVyuVydfnZxcXHE8dlnn92h+9auXdvp9+qOa665pumvnU6n/vSnPykzM7Pp3COPPKJdu3a1ev/UqVMjjrdu3drzkTEiNzdyW7EjR4506L6NG9lKDgAARCeGVQAAAAC0q9oX1l/fL9e1rxRo9u46hdterRsAAPQAh9OhkUlsARQ3wl4Ft/9LDa+fqsCWx2SH/aaL0AeOHdZYtmyZJGnRokVN566++uouPff4bV2OX3WjJXV1dZo7d26X3q+nZGdn6xe/+EXTcSAQ0Pe+971Wt7Q5+eSTI4Z5jv17155gMNi0mk08GDduXMTx+vXrO3TfzJkzeyMHAACg2xhWAQAAANAqb9DSUxsqddXLh/TSlmoFmFIBAKDPDBvjVLKVuFtexK1ArQJrf6XGN85Q8MB00zXoZZdddpk8Ho8kafPmzVq7dm3TqihTp07t0NY9LenXr1/EcVFRUbv3PPTQQ6qrq4s45/V6u/T+3XHFFVfosssuazret2+fHnrooRavHTRokM4///yIazs6sPLaa6/poosu0oUXXqiHHnqo2YCPJDkcjohjE38/Our000+X2+1uOl66dKkaGxvbvGfNmjVas2ZNb6cBAAB0CcMqAAAAAJoJhW29vr1GV79ySP9eW6mGgGU6CQCAhJOXvdN0AnqRXV8g/9KvqHHWhQof7dutWdB3Bg4cqM9+9rOSpFAopMcee6zptauuuqrLz500aVLE8Zw5c1q91rZt/eUvf9Gbb76pM888M+K1jgy59IYHH3xQI0eObDp+5ZVXtHjx4havvfPOOyOOf/GLX6igoO1Bvo0bN+rRRx+VJOXn52vlypVKT09vdl1SUlLEcXvPNSkzM1Onn35603F1dbUef/zxVq8/evSofvKTn8jtdis1NbUvEgEAADqFYRUAAAAAEZYcqNf1rxXoTyvKVNEYNp0DAEBickgjkl8xXYE+YJWtk3fORfItuVtW3SHTOegFx24F9NEqFx6PJ2J1kc4677zzIgYQZsyYoX/84x8KBAJN54LBoJYvX66bbrpJjz/+uLKysvSnP/1JTufHvxZ47733dOhQ3//3LjMzU3/+858jWn7605+qtLS02bWf/vSndeONNzYdV1RU6Prrr9frr7+uhoaGiGtLS0v16KOP6q677lJtba0kyel06qc//WmzVVQkRQzMSB/+fVy1apUCgYAaGxu1d+/ebn2dPe2ee+6JOH788cf18MMPq7q6uulcOBzWwoULddNNN+nIkSO67bbbNGjQoD4uBQAAaJ+7/UsAAAAAJIKdZT79dVW5Npa0vF88AADoO0NHuZVq7TGdgT4UOjhDoYJ58kz5qpI++T05kvq1fxNiwrnnnqusrCyVlZU1nTvvvPO6NUDQv39/feUrX9Hf/vY3SR+unvLYY4/p3//+t/Ly8hQOh3X06NGmbWKSkpL05z//WUOHDtWUKVO0bds2SVJ9fb0uu+wyjRkzRuPHj9df/vKXbnylnXPqqafqa1/7mv79739LkqqqqvSjH/1ITz/9dLPBkgceeEClpaVaunSppA9XFfnZz36mX//61xo5cqSSk5N19OjRiKEN6cNtfn784x83W1HmI0OHDtXEiRO1Z8+epud++ctfbno9OztbS5Ys6akvudvOOOMMXXvttXrzzTclffjP/T//+Y+efvpp5ebmKjU1VYWFhU2DOieccILuv/9+vfPOOyazAQAAWsTKKgAAAECCK20I6cGlR3XHW0cYVAEAIErk5kTXp/nRR8J+Bbf+XQ2vn6rAjv/ItkKmi9ADXC6XrrzyyohzV199dbef+/Wvf13XX399xLlAIKB9+/bp4MGDTYMq2dnZ+u9//9s0sHH33Xc3u2f37t0RwzR95Rvf+IamTZvWdLxq1So9/fTTza5LSUnRP/7xD91///1KS0trOh8IBJSfn6/du3c3G1TJycnR448/rjvuuKPNhu9///sRK7xEu1/96lcRq/VIH66mkp+fr507dzYNqpx33nl69tlnW9z+CAAAIBqwsgoAAACQoHxBS89vrtZzm6vkC9mmcwAAwDGyU1+TLNMVMMZXocD7P1Zwx1NKPv1BufMuMl2Ebrrmmmv05JNPSpIGDBig888/v9vPdLlc+u1vf6tLL71Ub7zxhjZu3Kjy8nJZlqWBAwdq0qRJ+uIXv6grr7xSSUlJTfddcsklCgQCeuqpp5Sfny+3263c3Fx98Ytf7HZTZ3k8Hj388MO65pprmoZr/vrXv+qMM87Q1KlTI651uVz6xje+oVtuuUVz587VypUrtXfvXlVVVcnv9ysjI0NZWVk68cQT9dnPflaf+cxn5Ha3/yuQ888/X0899ZT+9a9/afv27fJ6vUpPT1deXp7OPffcXvm6u8Pj8eihhx7S1VdfrenTp2v9+vUqKytTKBTSkCFD9MlPflLXXHNNRLtlffwvlI78PQEAAOgLDtu2+ak0AAAAkEBs29bbe+v0zzUVKm0Im84BgB717apqebf0/SfDgZ40JNetz0+8yXQGoohrxLlK+vRv5Bp8oukUADHo1FNPVV1dnSRp6tSpeuuttwwXAQAAsLIKAAAAkFA2Fnv11/fLtbPMbzoFAAC0IjfvoOkERJlw8Xvyzvys3ONvVNKnfipn+gjTSQBiRH19verr65uOBw4caLAGAADgY7GzESMAAACALjtSG9SP3inW12YVMqgCAECUy07jE+9ogW0ptPdlNb5xuvwb/ig72GC6CIAhPp9Pe/fu7dC1mzdv1rEL7E+ePLm3sgAAADqFlVUAAACAOFYfsPT0hkq9uq1GgTA7gAIAEO0GjvQow1prOgPRLNSo4MY/KbT7OSV96gG5J9wsh4PPJAKJ4JFHHtHcuXNVVFQk27Y1a9YsnXDCCW3eM2PGjIjjU089tRcLAQAAOo7vYgAAAIA4ZNu25u6p1bWvHNLzm6sZVAEAIEbkjT5sOgExwm4skf+9b8o74zMKFS03nQOgD2RlZamwsLBppZSHH35YoVCo1evff/99zZkzp+l4xIgROvfcc3u9EwAAoCMYVgEAAADizJ4Kv746q1APLi1VpTdsOgcAAHRCdvoM0wmIMVblNvnmXS3fkq/IaiwxnQOgF1133XXKyspqOl6+fLnuvfdebd++PeK6+vp6PfPMM7r33ntlWVbT+fvvv18ul6vPegEAANrisI/drBAAAABAzKr3h/WvtZV6c0eNWEgFQKL6dlW1vFvKTGcAXdJ/mEcXT7vRdAZimSdTSZ/6iTyTvyKHk19IA/Fo3bp1uvvuu+Xz+SLO9+/fXyNGjFAgEFBBQUGzFVeuueYaPfTQQ32ZCgAA0CaGVQAAAIAYZ9u25uyp099XV7CSCoCEx7AKYtmJZ5Rravq3TWcgDjgHn6Tks/4s19BTTacA6AVbtmzRAw88oL1797Z7bVpamu655x7dc889cjgcfVAHAADQMQyrAAAAADFsd7lff1xRpq1Hfe1fDAAJgGEVxLKLvvCsBlgLTWcgXjiccp9wu5JP/bkcyQNM1wDoYeFwWMuWLdPChQu1fft2lZSUqKGhQSkpKRowYIAmTpyoM844Q1deeaUGDhxoOhcAAKAZhlUAAACAGFT3vy1/3mLLHwCIwLAKYlXGEI8u+wRbAKHnOVKylHT6g/JMuMl0CgAAAAA0cZoOAAAAANBxtm1r1q5aXftKgV7fzqAKAADxIm8cQ1boHbavTP7l96lx7uWyqnaZzgEAAAAASZLbdAAAAACAjtlV5tOfVpRpa6nfdAoAAOhhOZnzJYZQ0YusklVqnHGBPNO+rqSTfyCHO810EgAAAIAExsoqAAAAQJTzBi39dVWZ7px+hEEVAADiUNoAjwZac01nIBFYQQW3PKbGN89S6NA80zUAAAAAEhjDKgAAAEAUW1nQoBtfK9BLW9nyBwCAeJU3vlIOB/+iR9+x6w/Lt+hWeRd+SVbdYdM5AAAAABIQ2wABAAAAUaiiMaSHV5Zr0YF60ykAAKCXZQ9YzBZAMCJcMF+NRcuV9MnvyXPifXI4PaaTAAAAACQIVlYBAAAAooht23prR42uf7WAQRUAABJAaj+3htjTTWcgkYUaFVj3G3mnn69w8UrTNQAAAAASBCurAAAAAFEivyqg3y8v1cYSn+kUAADQR3In1MqhsOkMQFb1bnnfvkLu8Tco6fRfy5maZToJAAAAQBxjZRUAAADAsEDY1uNrK3TLGwUMqgAAkGByBrxrOgGIENr3mhrfOEPBnf+VbbM/FQAAAIDewbAKAAAAYNCGIq++9EaBntxQpaBlugYAAPSl5HS3htivm84AmgtUy7/q+/LNu0pW3SHTNQAAAADiEMMqAAAAgAG1/rB++26p7p1dqPzqoOkcAABgQM6EBjkdAdMZQKvCxSvU+Na5Cux4klVWAAAAAPQohlUAAACAPvZufoNueK1AM3fVih/5AwCQuHIGrzCdALQv1KDA+z9ilRUAAAAAPYphFQAAAKCP1PjC+vniEn1/QbEqGsOmcwAAgEGeVJeG6hXTGUCHhYtXqHH6uQrueIpVVgAAAAB0G8MqAAAAQB94N79BN75eoPn76k2nAACAKJAzwS+XvKYzgM4JNsj//g/lm3e1rLoC0zUAAAAAYhjDKgAAAEAvYjUVAADQkpysD0wnAF0WLn5PjdPPUXDn06yyAgAAAKBLGFYBAAAAegmrqQAAgJa4k5wa5mALIMS4YIP8q37wv1VWDpuuAQAAABBjGFYBAAAAehirqQAAgLZkTwjJbVebzgB6xIerrJyt4M7/ssoKAAAAgA5jWAUAAADoQaymAgAA2pMzdJ3pBKBnBRvkX/V9+eZfK6v+iOkaAAAAADGAYRUAAACgB7CaCgAA6AiXx6nhrhdNZwC9Ilz0rhrfOlvBXc+aTgEAAAAQ5RhWAQAAALppOaupAACADho53pLHrjCdAfSeYL38K78r7zxWWQEAAADQOoZVAAAAgC7yBi397t1SfY/VVAAAQAflDN9kOgHoE+GiZayyAgAAAKBVDKsAAAAAXbC91Kdb3zysGbtqTacAAIAY4XQ5NIItgJBIPlplZf51suoLTdcAAAAAiCIMqwAAAACdELZs/Wd9pe6eeUQFNUHTOQAAIIYMHycl2cWmM4A+Fy5c+uEqK3sY1gIAAADwIYZVAAAAgA46UhPUV2cV6ol1lQpbpmsAAECsyR25zXQCYE6wTv73vinv4jtl+6tN1wAAAAAwjGEVAAAAoANm7qrVl94s0NajPtMpAAAgBjmcDo10v2Q6AzAunD9bjdPPVbh4pekUAAAAAAYxrAIAAAC0odoX1g8WFOu375aqMWibzgEAADFq2Binku1DpjOAqGA3FMk77yr51/1GthUynQMAAADAAIZVAAAAgFasKmjQza8XaFl+g+kUAAAQ43Kzd5lOAKKLbSm4+VF551wsq/ag6RoAAAAAfYxhFQAAAOA4vpClP68o07fmFau8MWw6BwAAxDqHNDL5ZdMVQFSyyjaoccYFCu7lfyMAAABAImFYBQAAADjGngq/bn/riF7bXmM6BQAAxImsUW6lWntMZwDRK1gv//JvyLf0q7IDtaZrAAAAAPQBhlUAAACA/3l9e43umn5EB6sCplMAAEAcycvdazoBiAmhA2+pcfp5Ch9dbToFAAAAQC9jWAUAAAAJr94f1o/eKdafVpTJH7ZN5wAAgDgzMuV10wlAzLDrD8s793IFNj4s27ZM5wAAAADoJQyrAAAAIKFtO+rTl948rCUHG0ynAACAODQ416N0a4vpDCC22GEFNjwk37xrZDWWmK4BAAAA0AsYVgEAAEBCsm1bz2+u0ldnHVFRXch0DgAAiFO5ow6aTgBiVrj4PXmnX6DQkSWmUwAAAAD0MIZVAAAAkHCqvWF9Z36xHvugQiFWFgcAAL0oJ/VN0wlATLN9ZfItuEH+NQ/KtoKmcwAAAAD0EIZVAAAAkFDWF3n1pTcLtLKg0XQKAACIcwNHepRhrTWdAcQBW8Gtf5N3zqWy6gpMxwAAAADoAQyrAAAAICFYtq3/rKvUfXMKVdoQNp0DAAASQO7ow6YTgLhila1X44zzFTo4y3QKAAAAgG5iWAUAAABxr7whpPvmFOmJ9ZUK26ZrAABAoshJ5xfqQI8L1Mq35Mvyrfye7JDPdA0AAACALmJYBQAAAHHt/cMNuuWNw1pX5DWdAgAAEki/oR71s5abzgDiVmjXM/LOvlBWbb7pFAAAAABdwLAKAAAA4pJt23piXYW+Pa9YVT62/QEAAH0rb2yx6QQg7lmV29Q483MKHV5kOgUAAABAJzGsAgAAgLhT6w/r2/OK9Z/1VbLY9gcAABiQk/G26QQgMQSq5Vt4swIb/yzb5g//AAAAQKxgWAUAAABxZXe5X7e9eVirDjeaTgEAAAkqY4hHA+x3TGcAicO2FNjwB/kW3So7UGu6BgAAAEAHMKwCAACAuDFrV63unnFERXUh0ykAACCB5Y0tM50AJKRwwXw1zvy8wpU7TacAAAAAaAfDKgAAAIh5gbCt371bqt+8Wyp/mKW/AQCAWdn9F5hOABKWXbtf3tkXKnhguukUAAAAAG1gWAUAAAAxraQuqK/MPKIZu1juGwAAmJc2wKNB4TmmM4DEFmqQf+lX5F/9c9lW2HQNAAAAgBYwrAIAAICY9cHhRt361mHtLPObTgEAAJAk5Y6vksPBSm9ANAhu+6d886+R7S03nQIAAADgOAyrAAAAIObYtq2nNlTqW/OKVOOzTOcAAAA0yRmw2HQCgGOEi1eoceZnFC5bbzoFAAAAwDEYVgEAAEBMqfOH9d35xfr32kpZfGgZAABEkZR+bg2x3zKdAeA4dkORvHMvV3DXc6ZTAAAAAPwPwyoAAACIGfsr/br9rSNaUdBoOgUAAKCZvPF1cihsOgNAS8J++Vd+R773vi07zDaiAAAAgGkMqwAAACAmvJvfoLtnHNGR2qDpFAAAgBblDHrXdAKAdoT2PC/vnEtl1ReaTgEAAAASGsMqAAAAiHpPbajUDxYUqyHIvj8AACA6JaW7NMR+w3QGgA6wyjfKO/OzChUtN50CAAAAJCyGVQAAABC1fEFLDywq0b/XVooxFQAAEM1yxzfKKZ/pDAAdZPvK5Zt/nQJb/mY6BQAAAEhIDKsAAAAgKpXUB/XVWYVauL/edAoAAEC7coasNJ0AoLPssAJrH5Rvyd2yg3zfAQAAAPQlhlUAAAAQdTaXeHXHW0e0q9xvOgUAAKBdnhSXhjpeNZ0BoItCB2fIO+tCWbUHTacAAAAACYNhFQAAAESVWbtq9fXZhar0hk2nAAAAdEjOBL9cdoPpDADdYFXvUuPsCxU+utp0CgAAAJAQGFYBAABAVAhbth5eWabfvFuqoGW6BgAAoONysvjlNhAXfBXyzrtawf1vmC4BAAAA4p7bdAAAAABQ6w/rJwtLtKbQazoFAACgU9xJTg1zvizZpksA9IiwX/5l98iuOaCkU35ougYAAACIW6ysAgAAAKMOVAV051tHGFQBAAAxKXtCSG672nQGgB4W2PhH+ZbdKzscMJ0CAAAAxCWGVQAAAGDMB4cbddeMIzpcGzSdAgAA0CU5Q9ebTgDQS0L7X5d33jWyfZWmUwAAAIC4w7AKAAAAjHhrR42+Pb9IDQHLdAoAAECXuDxODXe9YDoDQC+yjr6vxtkXyqrZZzoFAAAAiCsMqwAAAKBP2batxz4o10PvlSnMnAoAAIhhI8ZZ8tgVpjMA9DK79oAaZ1+kcPFK0ykAAABA3GBYBQAAAH3GH7L0k0Ulen5ztekUAACAbssdvtl0AoC+4q+Sd/51Cu59xXQJAAAAEBcYVgEAAECfqPSG9PXZhVp8oMF0CgAAQLc5XQ6NcLMFEJBQrID8y++Tf93vZNu26RoAAAAgpjGsAgAAgF6XXxXQl6cf0dZSv+kUAACAHjF8nENJdrHpDAAGBDf/Rf5lX5Md8plOAQAAAGIWwyoAAADoVeuLGnX3zCMqqguZTgEAAOgxuSO2mU4AYFDowFvyzrtKtrfcdAoAAAAQkxhWAQAAQK+Zs7tW35hbpFq/ZToFAACgxzgc0kjPy6YzABhmla5V4+wLZVXvNp0CAAAAxByGVQAAANAr/r22Qr9aVqoQcyoAACDODBvrUrJ90HQGgChg1+WrcfbFChW9azoFAAAAiCkMqwAAAKBHBcK2fr64RE9tqDKdAgAA0Ctys3eZTgAQTQI18i24UcHdL5guAQAAAGIGwyoAAADoMXX+sL4xt1Dz99WbTgEAAOgdDmlk0iumKwBEGyso/4pvyb/mQdm2bboGAAAAiHoMqwAAAKBHlDWE9NVZhdpY7DOdAgAA0GuyRrmVau82nQEgSgW3/k2+JV+WHeL7IgAAAKAtDKsAAACg2/KrA7p7xhHtrwyYTgEAAOhVebn7TCcAiHLh/NnyvXOj7ECt6RQAAAAgajGsAgAAgG7ZdtSnr848ouL6kOkUAACAXjcy5TXTCQBiQLh4hbxvXyXbW246BQAAAIhKDKsAAACgy1YVNOj/zSlUtc8ynQIAANDrBud4lG5tMZ0BIEZYFZvVOPcSWfVHTKcAAAAAUYdhFQAAAHTJ23tq9d0FxfKGbNMpAAAAfSJ3VL7pBAAxxq7ZL++ci2VV7zadAgAAAEQVhlUAAADQac9vqtKDS0sVZkEVAACQQLLT3jSdACAG2Q1FapxzmcJlG0ynAAAAAFGDYRUAAAB0mG3bevT9cj22ukKspwIAABLJgBEeZVprTGcAiFX+SnnnXaVQ0bumSwAAAICowLAKAAAAOiQUtvXLpaV6cUu16RQAAIA+lzf6iOkEALEu2CDfOzcrlD/bdAkAAABgHMMqAAAAaJc3aOk784s1b2+d6RQAAAAjcjJmmU4AEA/CfvmW3K3g7udNlwAAAABGMawCAACANlV7w/r6nEJ9cKTRdAoAAIAR/YZ61M9i6w4APcQOy7/i2wpsecx0CQAAAGAMwyoAAABoVVlDSF+bdUTbS/2mUwAAAIzJG1tiOgFAHAqs/ZX8ax40nQEAAAAYwbAKAAAAWlRUF9RXZx3Rweqg6RQAAACjcjLnmk4AEKeCW/8m33vflm2FTacAAAAAfYphFQAAADSTXx3QV2cWqrA2ZDoFAADAqIzBHg2w3jGdASCOhfY8L9/Su2WHWdESAAAAiYNhFQAAAETYW+HXPbMKVdrAoAoAAEDeuHLTCQASQDh/tnzv3CQ7WG86BQAAAOgTDKsAAACgyfZSn+6dXahKL0tQAwAASFJ2vwWmEwAkiHDRcnnfvkq2r9J0CgAAANDrGFYBAACAJGl9kVf3zSlUrd8ynQIAABAV0gZ4NMiabToDQAKxyjeqce6lshoKTacAAAAAvYphFQAAAGhVQYO+Na9IDUHbdAoAAEDUyB1fJYeDPx8B6Ft29R55Z18iq2af6RQAAACg1zCsAgAAkOCWHKjX9xcUyx/iFzEAAADHyh2wxHQCgARlNxyRd86lCldsM50CAAAA9AqGVQAAABLY23vq9MCiEgXZ+QcAACBCSqZbg+y3TGcASGC2r1zeeVczsAIAAIC4xLAKAABAgnprR40eXHpUYRZUAQAAaCZ3Qp2cCpnOAJDo/JUMrAAAACAuMawCAACQgF7cUqWH3isTcyoAAAAtyxm43HQCAHyIgRUAAADEIYZVAAAAEsxzm6r06PsVpjMAAACiVlK6S1l63XQGAHyMgRUAAADEGYZVAAAAEsh/N1bqb6sZVAEAAGhL7gSvnPKZzgCASAysAAAAII4wrAIAAJAgnt5QqX+uqTSdAQAAEPVyBq80nQAALWNgBQAAAHGCYRUAAIAE8OT6Sv1rLYMqAAAA7fGkuDTU8YrpDABoHQMrAAAAiAMMqwAAAMS5/6yr1OPrGFQBAADoiOwJfrnsBtMZANA2BlYAAAAQ4xhWAQAAiGP/WVepJ9YzqAIAANBRuVlrTCcAQMcwsAIAAIAYxrAKAABAnPrPegZVAAAAOsOd5NQwx8umMwCg4xhYAQAAQIxiWAUAACAOPb2hUk+w9Q8AAECnZE8Iya0q0xkA0DkMrAAAACAGMawCAAAQZ/67sVL/WsugCgAAQGflDNtgOgEAuoaBFQAAAMQYhlUAAADiyLObqvTPNQyqAAAAdJbT7dBw54umMwCg6xhYAQAAQAxhWAUAACBOPL+5Sn9fXWE6AwAAICaNHG/LY5eZzgCA7mFgBQAAADGCYRUAAIA48Nq2aj32AYMqAAAAXZU7fIvpBADoGQysAAAAIAYwrAIAABDjZu+u1cMry01nAAAAxCyHy6HhbrYAAhBHGFgBAABAlGNYBQAAIIYt2l+v371bKtt0CAAAQAwbMdahZLvQdAYA9CwGVgAAABDFGFYBAACIUSsONejnS0oUZlIFAACgW3JGbjedAAC9w18p3/xrZVXvNV0CAAAARGBYBQAAIAatK2zUjxeWKGSZLgEAAIhtDoc0Mull0xkA0GtsX7m886+T1cAKUgAAAIgeDKsAAADEmK1HffregmL5WVIFAACg24aOcSnFOmA6AwB6ld1wRN7518n2VZpOAQAAACQxrAIAABBTdpf79a23i9QYZFAFAACgJ+Tm7DadAAB9wq7eI++CG2QH602nAAAAAAyrAAAAxIqDVQHdP7dIdQH2/gEAAOgRDimbLYAAJBCrfKN8i26THfabTgEAAECCY1gFAAAgBhypDeq+OYWq8oVNpwAAAMSNrDy3Um1WVgGQWMJFy+Vb9jXZFt9fAgAAwByGVQAAAKLc0fqQ7ptTqLJGfpAIAADQk3Lz9ptOAAAjwvlz5F/5XdMZAAAASGAMqwAAAESxSm9I980tVFFdyHQKAABA3MlOed10AgAYE9rzgvxrHjSdAQAAgATFsAoAAECUqg9Y+ubbxTpUHTSdAgAAEHcG5XiUbm0ynQEARgW3/k2Bzf9nOgMAAAAJiGEVAACAKBQI2/rBgmLtLvebTgEAAIhLeaPyTScAQFQIrPu1grufN50BAACABMOwCgAAQJSxbFu/XHJU64q8plMAAADiVnbaW6YTACBq+Fd+T6GDs0xnAAAAIIEwrAIAABBlHl5ZrkUH6k1nAAAAxK0BIzzKtFabzgCA6GGH5Vt2j0KFy0yXAAAAIEEwrAIAABBFntpQqde315jOAAAAiGt5owtNJwBA9LEC8i2+XeGy9aZLAAAAkAAYVgEAAIgSM3bW6N9rK01nAAAAxL3sDLa6AIAWBRvkXXCTrKpdpksAAAAQ5xhWAQAAiALv5tfrD++Vmc4AAACIe/2GetTfWmY6AwCil79S3vnXyao7bLoEAAAAcYxhFQAAAMM2Fnv100VHFbZNlwAAAMS/vLElphMAIOrZjcXyLrhWlpcPVQAAAKB3MKwCAABg0L5Kv743v1h+JlUAAAD6RHbm26YTACAm2DX75Vtwg+xArekUAAAAxCGGVQAAAAwpqQvqW28XqS5gmU4BAABICBmDPRpoLTCdAQAxw6rYIu/CL8kO+UynAAAAIM4wrAIAAGBAtS+s+98uUmlD2HQKAABAwsgdV246AQBijlWySr5lX5NtsyIoAAAAeg7DKgAAAH3MF7T03XlFyq8Omk4BAABIKDn9F5pOAICYFD40V4G1vzKdAQAAgDjCsAoAAEAfsmxbP19yVFtL/aZTAAAAEkraAI8GhWeazgCAmBXc+jcFdz1nOgMAAABxgmEVAACAPvR/H1RoWX6D6QwAAICEkzu+Sg4HW1gAQHf4V/1AocJlpjMAAAAQBxhWAQAA6COvb6/RS1uqTWcAAAAkpJwBS0wnAEDss0PyLfmyrKpdpksAAAAQ4xhWAQAA6AMrCxr0yMoy0xkAAAAJKSXDrcH2W6YzACA+BGrlfedmWV6+xwUAAEDXMawCAADQy3aX+/XAohKFWXUeAADAiNwJ9XIqZDoDAOKGXV8g38JbZYd8plMAAAAQoxhWAQAA6EWlDSF9d36RGoNMqgAAAJiSM3i56QQAiDtW2Tr5l98n2+b7XQAAAHQewyoAAAC9pDFo6TvzilTaEDadAgAAkLCS0lzKsl8znQEAcSl0cIYC639nOgMAAAAxiGEVAACAXhC2bD2wqER7KgKmUwAAABJa7gSvnGKbCgDoLcHNf1Vwz0umMwAAABBjGFYBAADoBQ+vLNfKgkbTGQAAAAkvZ8gq0wkAEPf8K7+rUPEK0xkAAACIIQyrAAAA9LAXt1TpjR01pjMAAAASnifFpaF6xXQGAMQ/Kyjfojtk1ewzXQIAAIAYwbAKAABAD1p2sF6PfVBhOgMAAACSsicE5FK96QwASAyBannfuVm2r9J0CQAAAGIAwyoAAAA9ZGeZTz9fclSWbboEAAAAkpSTtdp0AgAkFLv2gLyLbpMd9ptOAQAAQJRjWAUAAKAHlDeG9P0FJfKFmFQBAACIBq4kp4Y7XjadAQAJxzr6gfzvfdN0BgAAAKIcwyoAAADdFAjb+uGCYpU2hEynAAAA4H+yx4flVpXpDABISKH9byiw4U+mMwAAABDFGFYBAADopoeWl2prKUscAwAARJPcYetNJwBAQgts/KOC+143nQEAAIAoxbAKAABAN7y0pVpz9tSZzgAAAMAxnG6HhrleMp0BAAnPv+JbCpd8YDoDAAAAUYhhFQAAgC764HCjHvug3HQGAAAAjjNyvJRkl5rOAACE/fIuvl1W7UHTJQAAAIgyDKsAAAB0QUFNQA8sKlHYNl0CAACA4+UM32w6AQDwEV+FfAu/JDtYb7oEAAAAUYRhFQAAgE6q94f1vfnFqgtYplMAAABwHIfLoRHuF01nAACOYVXvlm/5/aYzAAAAEEUYVgEAAOgEy7b108VHlV8dNJ0CAACAFgwf61CyXWg6AwBwnHD+LAW2PGY6AwAAAFGCYRUAAIBO+PvqCq063Gg6AwAAAK3IHbnddAIAoBWBdb9VqGi56QwAAABEAYZVAAAAOujtPXV6fnO16QwAAAC0wuGQRia9bDoDANAaOyzf0q/Iqj9iugQAAACGMawCAADQAdtLffr98lLTGQAAAGjD0DEupVgHTGcAANriq5Bv8R2yw37TJQAAADCIYRUAAIB2lDeG9IMFxfKHbdMpAAAAaENuzm7TCQCADrDKN8m/6gemMwAAAGAQwyoAAABtCFm2HlhYorLGsOkUAAAAtMUhZSe/aroCANBBoT0vKrjrGdMZAAAAMIRhFQAAgDb87YNybSzxmc4AAABAO7Ly3Eq1dprOAAB0gv/9nyhcus50BgAAAAxwmw4AAACIVov21+ulrTWmMwAAQB+ZcF62zr/3pG4/Z9GjG5W/pqQHij7kdDs17swRyj5xsIaM7a+UfknypLjlrwuovtynoh0VOrCqWJWH6zr8zGEnDNQJF+Ro2MSBShuYLIfTIW+NX2X7arRn+REd2Vze6c7LfvlpDT9hUNPxutf3aNP0/Z1+Tlfl5h7os/cCAPQQKyDfki8r9colcqZmma4BAABAH2JYBQAAoAUHqwL6zbtHTWcAAIAEl3fKUJ15x2RlZqU1ey1tYIrSBqZo6IQBOunysdr3XqFWPbNDIX/r2xc6nA6d9eUpmvy5vGavZWalKTMrTWPPHKEDHxTr3X9tUThodahz8hfyIgZVKg7VavOsvh0eyU59XepYLgAgitgNRfIv/YpSLnpTDie/sgAAAEgUbAMEAABwnMagpR++U6zGoG06BQAAJLDxZ4/U579zcouDKsdzOh2aeH6OLvrRqXInu1q97lPXT2hxUOV4Y88YoTPvmNyhzvRBKTrtxhOajq2wpfee2Co73Hd/lhqU7VG6tbHP3g8A0LPCxSsUWPOg6QwAAAD0IYZVAAAAjvObZaXKrw6azgAAAAksa/wAnXfviXK6Ovejm+GTBuncr01r8bWMISk66bIxEed2vHNIL967WM98+R2tfnFXxGuTPpunwaP7tfueZ989VUlpH38Sftu8fJUfrO1Ud3fljT7Up+8HAOh5we3/UnD/W6YzAAAA0EdYUw8AAOAYL26p0qID9aYzAABAFHn12++qvtzb4ettq/sripx155RmgypWyNK61/dq/6oi+euDGpSXqdNvPkHDJw2KuG7cmSO1a/FhFe+ojDh/wmdyI55ZXVSvVc/ukP6Xu3XuQWWfOEQ5Jw1pumby5/O04sltrXaOO2uE8k4e2nRcU9Kg9a/v7fTX213ZaW+xBRAAxAH/im/JOXCSXIOmmE4BAABAL2NlFQAAgP/ZWOzV31ZXmM4AAABRxrbsTv2nu0ZMGaSssf2bnV/90i5tmX1ADRU+hfxhle6t1rw/rG1xkOb4FVQ+eu6xCjaUNg2qfOTQ+qMRxyOnDW61MznDozNui9wqaMWT2xQO9u3UyIDhHmVaH/TpewIAekmoUb7Fd8gO9O0KXQAAAOh7DKsAAABIKm8I6SeLShTmE7kAAMCwCedmNzvnqwtoxzsFzc6HA5a2L2i+BU72SVlK6ZcUcW7wqMgtfaoLG5rdV10YucJcv6FpSs7wtNh5xm2Tldo/uel415Lmq7n0hbwxhX3+ngCA3mPXHpBv2b2y7e4PgAIAACB6MawCAAASXsiy9ZNFJapoDJtOAQAAUM4nspqdK9xW3uqqLYc3ljY753Q6lPvJj5/jTnbJkxK5G7S3xt/sPm9NoNm544deJCnnpCERQzUNVT6teWlXi329LTtjtpH3BQD0nvDhBQpu/LPpDAAAAPQihlUAAEDCe+yDcm0q8ZnOAAAAUEZWqtIGJDc7X3mortV7aoobFAo0H7odNnFA0197Ut3NXm9pu56WziWlRa6s4k526ey7p0WcW/Xf7Qo0hlpt7C39sjzqby3t8/cFAPS+wMY/KVTwjukMAAAA9JLmP6kAAABIIAv31+nlrTWmMwAAQJRLTvdo8hfyNOpTQ9VveLpcHqe8NQFVHanTofWl2reiUOFA9/cTHJSb2eL5mpLGVu+xbam+zKsB2RnHPatf5EVdddy9p904UZlZqU3HB1YX69C65qu79IXcsUeNvC8AoC/Y8r17r9KuXCxnvzGmYwAAANDDGFYBAAAJ63BNQL9718wvVgAAQOwYdeownXzNOKVkRG6Hk5mVqsysVOWdPFSnXDNe7z+7Q/lruzc8kTEktcXzvtrmW/Ycy1vjbzaskjn042e1tOqJy9N8wV13UvNzx947dMIATf7iqI+76gN6/7875PI4dcJncjTq1GEalJuppHSPgr6QaosbdXhTmXa8c0j+hmCbX0NX5GS+LXVjDgcAEOUCNfItul2pV7wjh7vlf0cCAAAgNrENEAAASEjBsK0HFh1VQ5DfbgAAgLadefvkZoMqx0sflKLPfetkTb1wVJvXtSe1f8vv094WOy29npyZJIfjw78OBy0FGiOHRVL7N99uKKVf5Pvblq3G6g8HZZwuh8796jQ5nY6m11e/sEvuFLeu+cM5OuvOqcqeNkSp/ZPlcjuVkpGkoRMG6FPXT9B1j5ynrPED2vwaOit9kEcD7fk9+kwAQPSxqnbI/8FPTWcAAACghzGsAgAAEtL/fVCuXeVtf0IZAACgMxxOhz5922QNnzSoy89ISmt5EdxQINzmfaFg89edToeS0jxNx2UHIrc+HJiTcfwtGpgTuQ1RdVG9gt4PB2E+edW4iNePbCnXwdUluuhHp6r/iPQ2+1L7JenCH35KaQOaD8h0Vd64ih57FgAguoV2P6vQwZmmMwAAANCDGFYBAAAJZ9nBer26rab9CwEAADrJ6XTo7Lumdvl+l8fV4nnbans1OCvU8uvHbvVTuDVyuGPUqcOaVl75yOjThkUcH95UJkkakJ2hT1wxrul80BfSiie36cRLx0QMqnhr/Jr729V6+vYFeuvHK1RdVN/0WkpGkk69aWKbX0dnZPd/p8eeBQCIfr4V35ZVd8h0BgAAAHoIwyoAACChlNQF9Zt3S01nAACAGBJoDGnNS7v0yreW6enb5uvFexfr3X9vUV1ZY4vXD8zJUPZJQ7r0Xk6Xo8XzttX2fbbd8rCK45jn7V56WEHfx9sF9RuWprPumqqUfknypLj0ySvHaeTUwU2vWyFLOxYWSA7p3K9Nixh8WffaHjVUeDXps7kR77f+9b0q3lEpK2SpsqBO7z+7M+L1sWeMUFJ6y6vHdEZqf7cGW3zCHgASSqBWvqVfkW0F278WAAAAUa/7Px0AAACIESHL1gOLj6rW385vewAAQELy1wdVkV8bcS4ctLT88S2qLmpoOuetDWjv8kId3limK397pjKz0po9K+/kLBVuKe90gxVueeiktSGWj19v+fNIxz7PXx/Umpd2R6z8MvlzeZr8ubwW793w5j7Vl3k19aJRGjZhYNP5o3urtH3BIQ3O66f0QSkR9xxadzTiuHBbuQLekJJSP/wRlDvJpRGTB+nQuu4ND+eNr5HD0fZqMwCA+GOVbVBg3W+VfPqvTKcAAACgmxhWAQAACeNfayu09ajPdAYAAIhSBRtKVbCh40MUvrqA1r6yR5+9/5PNXhs2cWDzGzogHAi3eL7dYRV3y6+Hg5HP27moQMmZHn3q2glyOFt/5pbZB7Rp5n5lDEnRqTd8vHVPOGjpvSe2SbY0ZEy/iHu8NX55awORD7Kl6qJ6DR03oOnUkDH9uz2skjNwicSsCgAkpODWf8g14ly5cz9vOgUAAADdwLAKAABICO8fbtDzm6pNZwAAgDhTsKFUVsiS0x25ssnxK450lL+h5a0NXEmuNu9ze5q/boUtBRpCzc5vmr5fh9Yd1ZQvjtKIyYOUPihFDodDDVU+leys1I6FBU0rzJx99zR5Uj7+8dGmmftVXVgvScrISo14bmO1v8U2b1Xk+YwhqS1e11EpGW4Ntt/s1jMAALHMln/5fXJetUzO9BGmYwAAANBFDKsAAIC4V94Q0oNLS/nwLQAA6HEhf1jeuoDSB0YOpySle7r0vNYGPpIz2n5eSmZSs3PemkALV36o6nC9Vj61vc1njj9npHI/kdV0XFlQp00z9zcdf7S1z0dC/pZXhQkdt1rM8fd1Vu6EejnVfAgHAJA4bF+5/O/eq5SLp8vhaHkrPAAAAEQ3/hQHAADimmXb+vmSo6r0tvzLEwAAgO5yuZv/eKW1wY321B1tbPF8S8MoEa/3a/56bUlDlxo+er8zbpvcdGxZtt77z1bZ4Y/Hf93Jkau5WOGWR4OPP+9OaXuVmPZkD1rerfsBAPEhXLxCwU2PmM4AAABAFzGsAgAA4tpTG6q0rshrOgMAAMQAT4pLmUPTNHTCAOWdMlQnXJAjV1LbPzpJTvcouYVVVHx1ra9q0paKgroWz/cfnt7qPU6XQxlDmm87VP6/rXy64sw7JkcMyGyfn6+y/TUR1xw/kON0OlrtO1bQ1/Uh4qQ0l4bqtS7fDwCIL/4dT2lPzW7TGQAAAOgCtgECAABxa0ORV0+trzSdAQAAYsCZt0/W1ItGNzsf9Id14P3iVu8bfdowOVoY0qg42LVBEV9tQNVF9RowMiPi/KBRma3eMygvU05X86Ga4p1d+3NQ7slZGnfWyKbj2tJGrXttT7PrAt7IrXhcyS2vmOJJifzxU6Ax2KUuScqZ4JVTvi7fDwCIHw1DP6VvjDhJtYde1etTfqB+7lTTSQAAAOgEVlYBAABxqdYf1s+XlKiV1egBAAAilO6rbvH8aTdNVFJ6y5/1yRiSolNvnNjia4XbK7rcUrChtNm57GmDm61Q8pFRpw5rdi7oC6lwa3mn39uT4tLZd02NOLfiyW0KB6xm19Yet2VRav+WtypKG5jc5n2dkTP4/S7fCwCIEw631k+4ThePmKY9DkslwWr9poBVtwAAAGINK6sAAIC49NDyMpU2dH2JeQAAkFgOrS9VwBtSUmrkj0oys9J09e/P1rrX9qpwS7n8DUGlDkjWqFOG6pRrxyu1f3KzZ/kbgs1WY/nKSxc3u66urFGvfuvdZuf3vFuoky4bG3EuKc2jKReO0ra38yPOJ2d4NPnzec2esX9VUYsDJu057eYTlDH440+m7152REXbWh68OX5boPSBKUrJTIrYAsnhcjRbJeb4+zrKk+LSMMfLXboXABAfrPQcPTL2i5rhivx+/52qzTqz/ANdM+QMQ2UAAADoLIZVAABA3Jm7p1aLDtSbzgAAADEk5A9r58JD+sQV45q9lpmVps/c94kOP2vr2wcVPG6LnM6oLqxX/rqjGn3ciimn33SCHE6H9q8sUtAb0pCx/XXGrZOVkhm5okk4ZGnzrIOdft9hJwzU5M99PPjSWOXT6hd3ttlZU9Kg/sPTm86N+fRw7VxU0HScd3KW3MdsD+SrD6iki9sTZY8PyCX+jAcAiao8+wJ9LWu0jqrlD6b86fAMnZIxVqNThvZxGQAAALqCYRUAABBXiuqC+vPKzi95DwAAsHH6fo06dVizlUA6o2h7hTbP2N/tlg+e36mRUwYrKe3jH9043U59+pZJ+vQtk9q8d+P0faor7dxWO063U+d+ZZoczo+3Glr1zA4FGtoeutnxToHOvH1y0/Gnrp+g6qJ6Hd1TrcGjMnXGbVMirt+z7IjCwc6v+CJJuUPXdOk+AECMc6dq/oRr9Jtkt6TW9/r1WgH9+OALev6Eb8rj5FcfAAAA0c5pOgAAAKCnWLatXy45qoYuLHkPAAAQ8oc176G1qilp6NL9R7aUa9GjG2S3/nu0Dqsv8+qdh9cr6OvcCi07FxVo0/TOD8ucfPU4Dcj+eEjn4JoS5a892u59OxYeUvnBj7f1SclM0qU/+7Tueu5CXfmbs5SZ9fGWQnWljdr41r5Ot0mSK8mpYY6XunQvACB2BQZM0g+m3vy/QZX27Ww8or8Vvd3LVQAAAOgJDKsAAIC48ezGKm0q8ZnOAAAAMayhwqcZD6zUzsUFCoc6NgDrrQ1o9Uu7tOCPa9tdiaQzSnZV6u3frVHFodp2rw14Q1r90i6tfHp7p99nUG6mTrp8bNOxvyGoVc/s6NC9dtjWgj+tixhYaUlNSYPe/v1aBX0tb93QnuzxYblV1aV7AQCxaf/oS3XZqDO0ytG5f3c8d/RdfVC7p5eqAAAA0FNYCw8AAMSFnWU+PbG+0nQGAACIA0FfWCuf2q6Nb+7TuLNHavikgRqYm6nkdI88yS75G4Ly1QVUfrBWhVvKlb/uqEL+rg1htKdsf41mPLBSo08frrxThiprXH+l9k+Wy+OUrzagmuIGHd5cpv0ri+StCXT6+Q6HdM7Xpsnl/vjzTKtf2CVvtb/Dz/DWBDTz5+9rwrnZGnvmcA0e1U9J6R4FvSFVFtQpf+1R7V56uMvb/0hSzrANXb4XABBb7ORBem7CFXrCbautbX9avV+2fpb/kt6c8gP1d6f3fCAAAAB6hMO2e2JxWgAAAHN8IUu3vXlY+dVB0ykAAMCwb1dVy7ulzHQGepDT7dBVF3xHSXap6RQAQC+rH3qq7h9xovY4ur+978UDT9Yfxt7WA1UAAADoDWwDBAAAYt7/vV/BoAoAAECcGjFODKoAQLxzuLV2wnW6ZMTUHhlUkaR5VRu1sGpzjzwLAAAAPY9hFQAAENNWFjTojR01pjMAAADQS3JHbDGdAADoReGMHP3hxNv17fR0hR09++zfFbyhimBdzz4UAAAAPYJhFQAAELOqvGH9ehmfsgUAAIhXDpdDI9wvms4AAPSS0pzP6LpxX9BsZ7hXnl8VatCvDr3WK88GAABA9zCsAgAAYtbvlpeq0ts7P9ACAACAecPHOpRsHzGdAQDoae40vT35S7p6SJ5Ke2jbn9a8W7NdM8vX9Op7AAAAoPPcpgMAAAC6YsbOGr2b32A6AwAAAL0od+QO0wkAgB4WGDhJP849S6t7aTWVlvzp8Ayd3m+CRiQN7LP3BAAAQNtYWQUAAMSc4rqg/vp+uekMAAAA9CKHQxrpecV0BgCgxzi0b8xluiTv0306qCJJ9ZZPv8x/RbZt9+n7AgAAoHUMqwAAgJhi27Z+826pGoP8gAkAACCeDR3jUoq9z3QGAKAH2CmD9d9pd+iO/oPldZhpWF23V6+UrTDz5gAAAGiGYRUAABBT3tpZq7WFXtMZAAAA6GW5OXtMJwAAekD90NN05wlX6Em3+Q+dPFo4V4d8ZaYzAAAAIIZVAABADCmuC+qxD9j+BwAAIO45pJHJr5quAAB0h9OjNROu10UjpmifwzJdI0nyWQH9PP9lhe3o6AEAAEhkDKsAAICYwPY/AAAAiWNInltp1g7TGQCALgpn5OqhqbfpO+lpsg1t+9OazQ35euboUtMZAAAACY9hFQAAEBPY/gcAACBx5OUeMJ0AAOii0pzP6Lpxn9ccV9h0Sqv+VTRfe71FpjMAAAASGsMqAAAg6rH9DwAAQGIZmfqG6QQAQGe50zVn8q26ekieSqNk25/WBO2wfnrwZQXt6B2oAQAAiHcMqwAAgKjG9j8AAACJZVCORxnWBtMZAIBOCAycrO9MvUkPJbtMp3TYbm+hHi9aYDoDAAAgYTGsAgAAohrb/wAAACSW3FGHTCcAADrMoT1jL9cleadrjSNkOqbTni5Zom0NBaYzAAAAEhLDKgAAIGqx/Q8AAEDiyU6bYToBANABdsoQPTntDn253yB5HaZruiYsS7869CrbAQEAABjAsAoAAIhKbP8DAACQeAYM96iftcp0BgCgHXXDTtcdJ1yh/7pj/3v2Pd5iPVuy1HQGAABAwmFYBQAARCW2/wEAAEg8uWOKTCcAANri9OiDiTfo4uGTtd8RP6uRPFH8jvJ9paYzAAAAEgrDKgAAIOqw/Q8AAEBiysmYbToBANCKcOYo/W7abfpeWqrsGN32pzV+O6RfH3pNth37K8UAAADECoZVAABA1PnDe2Vs/wMAAJBgMrM86m8tMZ0BAGhBSc7ndM3Yz+htZ/yspnK89fUH9Gb5B6YzAAAAEgbDKgAAIKos2FenVYcbTWcAAACgj+WNPWo6AQBwPE+GZk2+VdcOyVG5I/4/VPJo4WyVBWtNZwAAACQEhlUAAEDUqPWH9ZdVbP8DAACQiLL7zTedAAA4hn/QFH17yg36Y7LLdEqfqQv79FDBm6YzAAAAEgLDKgAAIGo89kGFKr3xu6QwAAAAWpY+0KOB4XmmMwAAkiSHdo+9XBfnna61jsT7Hn1x9VYtrtpiOgMAACDuMawCAACiwvoir2btYqldAACARJQ3vkKOBNheAgCinZ0yRE9Mu1N39RskvxL3/5cfOvyW6sJe0xkAAABxjWEVAABgXCBs66H3ShP4x2AAAACJLbv/QtMJAJDwaod9WredcLmedVumU4wrC9bqr0dmm84AAACIawyrAAAA457eUKlD1UHTGQAAADAgtb9bg+1ZpjMAIHE5k7Rq4g26ZPgkHXQwqPKRt8pXa33dftMZAAAAcYthFQAAYNTBqoCe21RlOgMAAACG5I2vkUNh0xkAkJDCmaP0m2m36gdpqbIdpmuiiy1bvzr0mgJWyHQKAABAXGJYBQAAGGPbtn6/vFRBPrgFAACQsHIGLjWdAAAJqTj387pq7Gc138nAYGsO+cv0RPE7pjMAAADiEsMqAADAmOk7a7WpxGc6AwAAAIYkZ7g12HrLdAYAJBZPhmZMuU3XDc5WJdv+tOu/R5dqr7fIdAYAAEDcYVgFAAAYUd4Q0t9WV5jOAAAAgEG54+vldARMZwBAwvANmqb7J9+gPyfxq4GOCtlhPZj/miybwR4AAICexJ9IAQCAEQ+vKlN9gB/0AAAAJLKcwe+ZTgCABOHQrrFX6JK8U7WBbX86bVtjgV4tW2k6AwAAIK4wrAIAAPrce4catPhAg+kMAAAAGJSU6lKWXjOdAQBxz07N0uPT7tTd/QbKL9t0Tsz6R9F8VQTrTGcAAADEDYZVAABAn/KFLD28ssx0BgAAAAzLmeiTS17TGQAQ12qHn6EvTbxcz7lZ2bS76sJePVo4x3QGAABA3GBYBQAA9KlnN1apqC5kOgMAAACG5Qx533QCAMQvZ5JWnnCjLhl2gg452Panp8yuWKfN9fmmMwAAAOICwyoAAKDPHKkN6vnN1aYzAAAAYJgnxaVhesl0BgDEpVDmaP1q2q36YWqKbIfpmvhiy9bvC95U2GalGgAAgO5iWAUAAPSZR1aWyR9mf2wAAIBElz0+IJfqTWcAQNwpyv2Crhp7gd5xsppKb9nlLdTrZatMZwAAAMQ8hlUAAECfWJ7foBUFjaYzAAAAEAVyh641nQAA8cWTqelTbtP1g0eqysGHRHrb34vmqTLI0CUAAEB3MKwCAAB6nT9k6ZFVZaYzAAAAEAVcHqeGOtkCCAB6im/wNN035Xo9nMSP+/tKXdirRwvnmM4AAACIafzpFQAA9LrnNlWrqC5kOgMAAABRYOSEsDx2pekMAIh9Dqd2jL1Sl+R8SpscbPvT12ZVrNWW+nzTGQAAADHLbToAAADEt8LaoJ7dVGU6AwAAAFEid9hG0wnRJam/kj/9O3km3tzspcCGPyqw8U+dfqRz6Glyj7pUrhFny5E+Uo7kgVLIK9tbpnDpOoUOv6Nw/mxJvb1ViEOu0ZfJnfM5OYeeJmdqluTJlB2olt1QrHDJSoUOzpZVuqbDT3QOnCLP5LvkHH6GnOk5kitJtq9SVvkmhQ68qdDBmZJtdaoy+YLH5Rl3XdNxcPcL8q/4VqeeAfQ1O3Wo/j3uUr3g7tx/39FzbNn6XcGbennyd+R08LlgAACAzmJYBQAA9Kq/rCqXP8x+2QAAAJCcboeGu17q/RmJGOHKvVDJZ/9FzvThPfI8R9pwJZ/9iNx5F7XwZslyJA+Qc8AEeSberHDldvlXfEdW2foeee/jOYeepuSz/yLXoCnNO1OHSqlD5RryCSVN+38KHZon/8rvyvaWtvlMz8k/UNLJP5TjuF8KO9JHyJk+Qu5RFys86U55F90hBao71OnK/ULEoIrVUCL/mp936F7AlJrhZ+rrwybpkINBFdN2eQv1etn7unHo2aZTAAAAYg7jvgAAoNesLGjQ8kMNpjMAAAAQJUaMk5LsEtMZ5iUNUPL5/1bqF1/quUGV9JFKvWRWy4MqLXANmqrUi96Sc9ine+T9I5494jylXvRmi4MqLXGPulipl8z8cIiltWtOuF3Jp/y42aBK8/c+RymfeaJjoZ4MJZ/1cMQp//s/lAK1Hbsf6GuuZL13wk26ZPhEBlWiyN+L3lZVqN50BgAAQMxhWAUAAPSKQNjWwyvLTWcAAAAgiuSO2GI6wTjXqEuVdu0qecZf33MPdbiV8oUX5ew/rnO3JWUo9QsvypHWMwMzkuTIHKWUzz8vhye9U/c5B0xUyueeleRo/qI7XcmnPRhxKnRwthpe/YTqnxkp37J7ZVvBjy/P+Zxcoy5r9z2TTv2FnBk5xzxzlsKH5naqG+groX5j9cupt+rHqcmmU3Cc2rBXjx6ZYzoDAAAg5jCsAgAAesVzm6p0pDbY/oUAAABICA6nQyM8L5vOMMeVquTP/Eepn39OzrRhPfpoz+QvyzX4pGbnQ4ffUePMz6v+2Tw1vPpJBTb9RbYduRqDI3mgkk7tuW1vkk/7lRxJGc3OB7b+XQ2vn6b6Z3PVOP08hQ693ewa17DT5Z5wc7Pz7rFXy5Hcv+nY9tfIt/z/ya4/IoX9Cu1/XaE9L0Xc45n85TY7ncM+HXGN7a+S//0ftfv1ASYcyfuCrhxznhY5Q6ZT0IqZFWu1pT7fdAYAAEBMYVgFAAD0uKK6oJ7ZVGU6AwAAAFFk+FiHkq0C0xnGONKGyzP2mmbnwyXvy7fye915sjzT/l/z55ZtlG/hl2SVb5RCDbLrDyuw/ncKbvtns2vd467tkdVVHJmj5Rp9abPzgW3/UmDNL2XXHpBCjbIqt8u36HaFyzY0u9Zz4n3NzrlGnBNxHC5aJoUaI86FCuZF3jPs05LD3XKoM0kp5zwasaWQf/UvZHtLW/vSACNsTz+9MeV23ThopKodtukctMGWrd8ffkuWzfZMAAAAHcWwCgAA6HGPfVAuf4gfpAEAAOBjudk7TSdEFdtfI9/K78k79zLZ1Xu7/Bzn8DPlzMxrdj6w+VGphV+aBrf8TbYVjjjncHrkHnttlxs+4h5/fcQAiCTZVliBzX9t4WpbgS2PNTvrGjhJziGfjDx33KoxVvWeZvcdf87hTpVz0JQWO5M++T05B0xsOg4VLlVo70stXguY4ht8ku6bcp3+mtTC1liISjsbj+iN8vdNZwAAAMQMhlUAAECP2ljs1eIDDaYzAAAAEEUcDmlkUgJvAXScUP5cNb51lkK7nun2s9w5n292zraCChcubfF621cuq3xT8+fkfbFXWqzyjZKvosXrw4VLZVvNtzVx50a2OFIGRxzb3rJm97R0zpEypNk558DJ8pz0zY/vC9bLv+K7LfYBRjic2j7uKl2Sc7I2O8LtX4+o8vfCeao9buUnAAAAtIxhFQAA0GNs29Zf3y83nQEAAIAoM3S0WynWPtMZxlmNJfIuvlO+xbfLbizpkWe6hp7a7Jxde0gKtT5AblXtaHbOOeRkyeHqeogzSc7BJzZ/r8ptrd8TrJdd33xrKOew0yNPJGVGHNphX/NntXDOkdz/uBNOJZ/7mByupKZTgfW/b7EBMMFKHaa/T7tDX8vsLz8LqsSkmnCjHi9eaDoDAAAgJjCsAgAAeszbe+u0s8xvOgMAAABRJjen+bYticb2HlXjm2cqnD+7R5/rHDi52Tmrdn+b91i1B5qdc3jS5eg3tusd/cfJ4Upu/l41zd+rvdedA4/bvsfu4hajx93nmXqPXFmnNB2HS9cpuP2Jrj0b6GHVI87SLRMv1cuu5tt3Iba8WrZCh/18kAcAAKA9btMBAAAgPviClv65puXlvQEAAJDYRia/KnVx3iBu9Ma2EJ4MOVIGNTtt+9r+JWlLW+ZIkjNzlMI1e7uU4sjIa/m9utDiTBsmudOa/p7ZwVo53Ckfv5crpdk9cqU2f3agJqIv6ZSffPxa2C//e9+UHE65x10n95gr5Rz8CTlSBkphv6y6fIULlym4/QnZjcVtfg1At7iS9e74q/VAarIktv2JB0E7rL8ema2/jPuy6RQAAICoxrAKAADoEc9vrlZpAz9YAwAAQKQheW6l2dtNZ8QlR8qQFs/bgdo272vtdUfq0K63pHaxJdhKS8qQpu157MZS6Zg2R2pWh97/2K2Wks/5qxye9Kbj4OZHZfnKlXrZPLmGfiryRleyXINPkmvwSfJMvlu+ZV9TuGB+m18H0BWhfmP1q9EXaImT76XjzeLqrdpQd0CnZHZ9xSoAAIB4xzZAAACg20obQnpuc5XpDAAAAESh3Ny2t4FB1zmS+rf8QsjX9o0hb8vPS27led1pCbf8Xh+3tNzqSB7Q9NdW+aaI15wDJjW7/vhzdqBOVtUuSZJ7ws1yZ1/wcVLVTgW2/J9SP/dM80GV4zs86Ur57NPNtyYCuulI3hd1xdjzGVSJYw8fmSm7q9uYAQAAJACGVQAAQLf9c02FfCF+AAMAAIDmstPeMJ0Qv1zJLZ+3Q23fZ7Xyekvb63S4pZV7rXZ+EW8FW3nex19buHBp5EvZF0iezIhz7tGXRxyHC5dIsuVIyVLy6b9uOm9bYfnf+5bcY66Wa/hZH58PNcq7+E7VPzNSDa99SuGjq5tec7iSlXzmH9r+OoAOspP66/Wpt+vGQSNUI8t0DnrR9sbDmle1wXQGAABA1GJYBQAAdMuOMp/e3lNnOgMAAABRaFC2RxkWv6jrNc5Wdvi22/sFeCuvO1zdaGnl3vZaWnv9mK8tlD9HVkNR07EjKVMp5/9LjvSRkitF7gm3yD3+hojbA9ufkCQlnfkHOVIGNZ0P7nhCVtl6eSbfFXF9cPsTCufPlsJ+2XX58i2/P+J114iz5eg/se2vBWiHd/BJ+n+Tr9WjHofpFPSRxwrflr+1oTwAAIAEx7AKAADolkdXlYs1VQAAANCS3FEFphPiW2srpLQ2xNLe6609r0Mtrayg0m6Lp5XnHfPLXTsk/8rvRrzsHnWx0m/aqow7C5Vy3t/kOGZYJrj7OVlHP5Ar72J5xl718SNr8xVY/3spqX+z7X9Ch96OOLZr98uq2h35njmfaftrAVrjcGrr+Gt0cc7J2uJg259EUhyo0gtH3zWdAQAAEJUYVgEAAF225EC9Npa0vMc8AAAAkJM+w3RCfAu38mfx1gZA2nu9ted1qMXbynt1cXAm7I88PLxQvuX3yz7u/PGC+16Xf9WPJE+mks/6c8Rr/pXfk0KNcg35ZLP7rModzROqdkamDjm5zfcGWmKlDddj0+7QvRmZCrKgSkJ6qmSxKoKsSAsAAHC8dr5bBAAAaFkgbOux1eWmMwAAABCl+g/zKNNaaTojrtn+6pZfcKW0fWMrr9v+qm601LTyXqlt3+hu+XXbV9nsXGjvSwoXvyfP1K/JNfJ8OTNGSU63bG+pwqVrFNr9gsLF70mSks98SM70EU33Bve8pHDRMkmSIyM38r0CtS0O29jeoxHHzoyctr8W4DhVI87R14dO1GFWU0loDZZf/yyar5+Put50CgAAQFRhWAUAAHTJq1urVVjbjWXCAQAAENfyxhSZToh7tre0xfOO5IFt3udIGdzy8xqPtni+Qy2NJa20DGinZVDzZ1lh2d6ylt+n/rACq3/e5jOdw8+U+4Tbm46txqPyr/7Zx++ZlBn5zGBjyw8KHTfA4sls+TrgeK4ULZ1wjX6W4pHEoAqk6eWrdfPQczU+dbjpFAAAgKjBNkAAAKDTqr1hPb2x65+6BAAAQPzLyZxjOiH+hX2yGoqbnW5tGKW9163a/V1OseryW3mvIe20NH/dbiiUrEDXQlzJSjn7UTkcH//Y0//+j6TAMSu/uNOOe8Ngy8+yIs87PGktXwccI9R/nH429Zb/DaoAHwrL0l+PzDKdAQAAEFUYVgEAAJ329MZK1Qcs0xkAAACIUplDPOpvLTadkRCsym3Nzjn7jW3zHmf/8c3O2b4K2fWHu9xh1x6UHahv4b3aaek3rtk5q2JLlzuSTv6hnAM+/vpC+XMUzp8deVHouJVUHK0sPu2MHDawgw1d7kJiKBh1kS4ffa6WOllNBc2tqN2l92t3m84AAACIGgyrAACATimpC+rNHbWmMwAAABDF8sa1vD0Nel645INm5xwZuW1uWeMcfGKHntM5tsKla5q/16Cprd+SMljOjOwWWlZ2qcA5aJo8J973cZG/Wv5VP2xeGoj8fsbhTm35ge70yOMA3wehZXZSf70y9Q7dPHCYah226RxEsUeOzJJl8+EfAAAAiWEVAADQSf9eV6lAmB++AQAAoHXZ/eabTkgY4YJ5zc45nC65cz/f4vWOzNFyDZzc7Hzo0NweaGn+z905+CQ5Uoe1eL0776Jm52zbUuhQ86+pXQ6nks/9PzmOWQ3Fv+YXsr1Hm79HbX7krckDJGdSs+ucacMjjq3ag53vQtxrHPJJfX3ytfobu/6gA/Z6izWjovlgHwAAQCJiWAUAAHTY/kq/5u2tM50BAACAKJY+0KOB4bdNZyQMq3q3wqXrm533nHi/5Gj+o7+kT36/2TnbX6PQwVktPj/tho3KuLui2X9aEtz/puyQN+Kcw+GU5xPfbn6xM0lJJ36z2elw0btd2o7IM+0+uYZ8suk4VLRcoT0vtnhtuGKzbCtymxbnoCnNE487Fy7b0OkuxDGHS1vGX6NLsj+hrQ62/UHH/aNwnrxWwHQGAACAcQyrAACADvvnmkpZLKoCAACANuSNr5CDbTBa5nC1/p8Wr3d26PrAlkeb3eoa8gmlfP6FD7f8cafJkTlGSWf+UZ6JNze7NrDtn1LY2+x8pwWqFdz1bLPTSVO/pqTTfilHRp7kTpNzyClKufA1OQeMb/6ITY90+m0dmaOVdMrH2/3YwQb5V3y79RuC9QoXr4g45R5zZcSxc9A0OfuP+/iZVkjhw+90ug3xyUobof+bdru+npGpoMN0DWJNeahOL5W+ZzoDAADAOLfpAAAAEBs2l3i1/FCD6QwAAABEuez+iyRmVZpxT7hZKef9vVP3JJ38AyWd/IMWX6t/anDTX4cPva1Qwfxm2+q48y6UO+/CNt8jXLVLwa1/61RXWwIb/yj36MvlzMiOOJ900jeVdFLzlVSOFdz9gqyS9zv9nsnnPCqHO+3jhg1/kF13qO332vmk3NnnNx17pnxV4bKNCh9eIEfmaCUf988qfGiu7MbiTrch/lSOPFf3Zo1XocMynYIY9kzJEt2QdZYyXammUwAAAIxhZRUAANAh/1jd8lLfAAAAwEdS+7k12J5pOiMh+Zbdo3Dp2k7dY9UelG/+9VLY33MhgVp5F1wvy1vWqdtCBfPlX9V8i6L2uCfeKvfIc5uOw2UbFNz+73bv+2jA5yMOd6pSP/dfZdxZpPRrV8k1+MSm12x/tfwf/KzTbYgzrhQtnnSLLh86lkEVdFtt2KtnS5aZzgAAADCKYRUAANCuFYcatLHEZzoDAAAAUS53Qq0cCpvOSEzBennnX6/g7hdk2+3/Ij2UP1feuZfLbizq8RS7ere8cy9TuHhl+9eG/QpseUy+xXdKVrBT7+NIHabk0391zLMC8r/3TakDX7/04YBP6MiSNq+xvKXyzr+uV/4+IXYE+4/XT6beol+keEynII68WLpclcF60xkAAADGsA0QAABok2Xb+ucaVlUBAABA+3IGLmULIJOCdfKv+JaCO56Qe+w1co08T470bDmSB8oO1MhuLFa4eKVCB2fK6uQqLJ1l1+yT9+0r5Mr5nNyjLpFz2Blypg2T3GmyfZWy6/IVKlyq0P432t2ypzXJZ/1JjuQBTcfBLf8nq2pnxx8QrJdvwfVyjb5cnvE3yDnkZDlSBkuhRlk1exUqWKDgjielYF2X+hAfDo26SPcOGK5aB4N46FmNll9PlSzWD3KvNJ0CAABghMO2bX6EAAAAWvX2njr9culR0xkAAAAd8u2qanm3dG77EfSM5Ay3rjz9djkdAdMpANBtdvIAvTz+Sv2DxVTQi5Idbs2e9oCGJQ0wnQIAANDn2AYIAAC0Khi29fg6VlUBAABA+3InNDCoAiAuNGadrHtOuIZBFfQ6vx3S48XvmM4AAAAwgmEVAADQqrd21qioLmQ6AwAAADEgZ9B7phMAoHscLm0af60uGXmStjvZ9gd9Y2b5Gh32l5vOAAAA6HMMqwAAgBY1Bi09vaHKdAYAAABiQFKqS1l61XQGAHSZlT5Sj0y7Q/dlZCjoMF2DRBKSpX8WzTedAQAA0OcYVgEAAC16ZWu1Kr18kgwAAADty5ngk0te0xkA0CUVI8/TjeMv1FsuvgeGGfMrN2qvt9h0BgAAQJ9iWAUAADRTH7D00pZq0xkAAACIETlDPjCdAACd50rRwkm36IqhY1TksEzXIIFZsvWPwnmmMwAAAPqU23QAAACIPq9uq1aNnx/UAQAAoH3uZKeGOl42nQEAnRIcMEE/yztXK5yspoLosLRmm7Y2HNKJ6aNMpwAAAPQJVlYBAAAR6v1hVlUBAABAh+VMCMqtWtMZANBh+aMv1mWjzmJQBVHn76yuAgAAEgjDKgAAIMLL22pUy6oqAAAA6KCcrHWmEwCgQ+zkgXph6h360oChqneYrgGa+6Buj9bW7TOdAQAA0CcYVgEAAE3q/WG9zKoqAAAA6CCXx6lhrhdNZwBAuxqyTtFXJl2tf3lMlwBt+3vh26YTAAAA+gTDKgAAoMnLW2tUF2BVFQAAAHTMyPGWPHal6QwAaJ3DpQ3jr9XFI0/ULgfb/iD6bWrI1/KaHaYzAAAAeh3DKgAAQJJU5w/rpa3VpjMAAAAQQ3KHbzCdAACtstKz9fC0O3R/RobCbPuDGPLvogWmEwAAAHodwyoAAECS9NKWatWzqgoAAAA6yOlyaLjrJdMZANCi8uzzdf34L2q6i9VUEHu2Nx7WyppdpjMAAAB6FcMqAABAdf6wXtlWYzoDAAAAMWTEeCnJLjGdAQCR3Kl6Z/ItujJrtEocfCADses/JQtNJwAAAPQqt+kAAABg3ousqgIAAIBOyhm+1XQCAEQIDpion406VyscIdMpQLdtrD+odXX7dGrmeNMpAAAAvYKVVQAASHC1rKoCAACATnI4HRqZxBZAAKLHgTGX6tJRZzGogrjyn+JFphMAAAB6DcMqAAAkuBc3V6uBVVUAAADQCcPGOJVsFZjOAADZyQP13NQ7dVv/IWpw2KZzgB71Qd0ebWk4ZDoDAACgVzCsAgBAAqvxhfXqtmrTGQAAAIgxedk7TCcAgBqGfkp3TbpKj3sYUkH8+k/xQtMJAAAAvYJhFQAAEtir26rVEOSHegAAAOgEhzQy+WXTFQASmcOt9ROu18UjpmmPg5VCEd+W1+zQrsZC0xkAAAA9jmEVAAASVGPQ0mvbakxnAAAAIMYMHe1WirXPdAaABGWl5+hPJ96ub6anKewwXQP0DVZXAQAA8chtOgAAAJgxfWeNavx8Ag0AAACdk5uz13QCgARVln2B7skaraMKm04B+tTi6q3a7y3RuNThplMAAAB6DCurAACQgIJhWy9tqTadAQAAgBiUnfKa6QQAicadqnmTv6SrskbpqNjKFonHlq0nSxaZzgAAAOhRDKsAAJCA5u6pVWkDn0QDAABA5wzJdSvN2mo6A0ACCQyYpO9PuUW/TWaRcCS2BZWbdNhfbjoDAACgxzCsAgBAgrFsW89vrjadAQAAgBiUO+qg6QQACWT/mEt12agz9L4zZDoFMC4sS08VLzadAQAA0GMYVgEAIMEsPlCvgpqg6QwAAADEoOzUN00nAEgAdvIg/Xfanbq9/xA1ONj2B/jI7Mp1KglUmc4AAADoEQyrAACQYJ7ZyA81AAAA0HkDsz3KsNaZzgAQ5+qHnqq7Jl2lJ90MqQDHC9lhPV2yxHQGAABAj2BYBQCABLKqoEF7KgKmMwAAABCD8kYdNp0AIJ453Foz4XpdMmKq9jjCpmuAqDWjfLXKg7WmMwAAALqNYRUAABLIM5tYVQUAAABdk50+w3QCgDgVzsjRH068Xd9JT1PYYboGiG5+O6Tnji4znQEAANBtDKsAAJAgNpd4tbHYZzoDAAAAMaj/MI/6WStMZwCIQ6U5n9F1476g2U5WUwE66s2yD1Qf5mc8AAAgtjGsAgBAgnhmI6uqAAAAoGvyxhaZTgAQb9xpmjv5Vl09JE+lDst0DRBT6i2f3ir/wHQGAABAtzCsAgBAAthX4dfKgkbTGQAAAIhR2RlzTScAiCOBgZP03Sk36ffJLtMpQMx6qfQ9hWxWJAIAALGLYRUAABLAM5uqZJuOAAAAQEzKGOLRAGuR6QwAccGhfWMu1yV5n9Zqtv0BuqU4UKWFVVtMZwAAAHQZwyoAAMS5kvqgFh2oN50BAACAGJU3rsx0AoA4YKcM0dPT7tAd/QfJ6zBdA8SH548uM50AAADQZW7TAQAAoHe9tq1GYbb/BgAAQBflZM4Xy/QB6I76oafpvhHTtM/BN6dAT9reeFjr6/brU5njTKcAAAB0GiurAAAQxxqDlmbsrDWdAQAAgBiVPtCjgdZc0xkAYpXTo9UTb9BFI6YwqAL0kudYXQUAAMQoVlYBACCOzd5dq7oAPxAEAABA1+SOr5TDwbIqADovnJGnP4z5vN52hU2nAHHt3ZodyveVanTKUNMpAAAAncLKKgAAxCnLtvXK1hrTGQAAAIhhOf0XmU4AEIOO5nxW14z7LIMqQB+wZeuFo8tNZwAAAHQawyoAAMSp5fkNOlIbNJ0BAACAGJXaz63B9gzTGQBiiTtdsyffqmuG5KqcVZmAPjO7Yq2qQvWmMwAAADqFYRUAAOLUS1uqTScAAAAghuVOqJVDrIoAoGP8A6foO1Nv0h+SXaZTgITjs4N6rWyV6QwAAIBOYVgFAIA4tLPMp40lPtMZAAAAiGE5A5aZTgAQExzaM+ZyXZp3mtY4QqZjgIT1aulKBSz+NwgAAGIHwyoAAMShF1lVBQAAAN2QnO7WEPsN0xkAopydMkT/mXaHvtx/kLwO0zVAYqsI1WlO5TrTGQAAAB3GsAoAAHGmtCGkxQfYpxgAAABdlzuhQU5HwHQGgChWN+x03XHCFXrGbZtOAfA/zx99V7bN/yYBAEBsYFgFAIA489q2aoUs0xUAAACIZTmDV5hOABCtnB69P/EGXTx8svY7wqZrABzjgO+oVtbuMp0BAADQIQyrAAAQR7xBS9N31prOAAAAQAzzpLqUpVdMZwCIQuHMUfrdtNv0/bRU2Wz7A0Sl544uM50AAADQIW7TAQAAoOfM2VOnWj/LqgAAAKDrcib45ZLXdAaAKFOS+zl9dVCeKllNBYhqq+v2ak9jkSamjTSdAgAA0CZWVgEAIE7Ytq1XtlabzgAAAECMyxnyvukEANHEk6GZU27TtYNzVOngwxFALHiljO38AABA9GNYBQCAOLHqcKMKaoKmMwAAABDD3MlODXO8bDoDQJTwD5qqb025QX9K4sfIQCx5u3KD6sM+0xkAAABt4rsMAADixBvba0wnAAAAIMZlTwjJrVrTGQCMc2j32Ct0cd5pWse2P0DM8VoBzapYazoDAACgTQyrAAAQB4rrglp1uNF0BgAAAGJc7tB1phMAGGanZumJaXfqrn4D5ZdtOgdAF71etsp0AgAAQJsYVgEAIA68uaNGFj9DBAAAQDe4PE4Nc75oOgOAQbXDPq3bJl6mZ92W6RQA3XTAd1Rr6vaazgAAAGgVwyoAAMS4YNjWrF11pjMAAAAQ40aOt+SxK0xnADDBmaRVE2/UJcMn6aCDQRUgXrxWyuoqAAAgerlNBwAAgO5ZdKBeVT72EAcAAED35A7faDoBgAHhzFH63ZjPaYGT7yuBeLO0eqvKgrXK8vQznQIAANAMK6sAABDj3theYzoBAAAAMc7pcmi4iy2AgERTlPt5XTX2swyqAHEqJEtvlr1vOgMAAKBFDKsAABDD9lT4teWoz3QGAAAAYtzwcVKSXWI6A0Bf8WRqxpTbdP3gbFWy7Q8Q194s/0Ahm4E0AAAQfRhWAQAghr2+jVVVAAAA0H25I7eZTgDQR3yDpun+ydfrz0n8aBhIBKXBGi2r5t/zAAAg+vAdCQAAMareH9aCfXWmMwAAABDjHE6HRrpfMp0BoNc5tHPclbok71RtYNsfIKG8WrbKdAIAAEAzbtMBAACga+bsqZM3ZJvOAAAAQIwbNsapZPuQ6QwAvchOHarHx12q592WJL6PBBLNmrq9Oug7qjEpw0ynAAAANGFlFQAAYtSbO9gCCAAAAN2Xl73TdAKAXlQz/Ax9aeJl/xtUAZCoXmN1FQAAEGUYVgEAIAatLWxUfnXQdAYAAABinUMakfyK6QoAvcGZpBUn3KhLh52gQw62/QES3eyKtfJaAdMZAAAATRhWAQAgBr2xnVVVAAAA0H1DR7mVau0xnQGgh4X6jdGvpt2qH6WmyHaYrgEQDerCPr1dsd50BgAAQBOGVQAAiDEVjSG9e6jBdAYAAADiQG7uXtMJAHpYYd4XdNWY8/WOk9VUAERiKyAAABBNGFYBACDGzN1TpzBbjQMAAKAHjEx53XQCgJ7iydRbU27XDYNGqsphm64BEIV2eQu1pT7fdAYAAIAkyW06AAAAdM6s3bWmEwAAABAHBue6lW5tMZ0BoAf4Bp+o7+Wcpk0OVlMB0LbpFat1UsZo0xkAAACsrAIAQCzZXOLVoeqg6QwAAADEgby8g6YTAHSXw6kd467SJTmnMKgCoEMWVG6S1wqYzgAAAGBYBQCAWDJzF6uqAAAAoGdkp71lOgFAN1ipw/SPaXfoq5n95XeYrgEQKxosvxZVbTadAQAAwLAKAACxoiFgadH+etMZAAAAiAMDR3qUYa01nQGgi6qHn6VbJ16il1yW6RQAMWhG+RrTCQAAAAyrAAAQKxbur5M3ZJvOAAAAQBzIHX3YdAKArnAla/kJN+nS4RN0yMGgCoCuWV9/QEf8FaYzAABAgmNYBQCAGDFrd53pBAAAAMSJnLSZphMAdFKo31j9cuqX9JPUZNMpAGKcLVszK1hdBQAAmMWwCgAAMeBgVUBbj/pMZwAAACAO9B/mUT/7PdMZADrhSN4XdcXY87XIGTadAiBOzK5YJ8tmhSYAAGAOwyoAAMSAmbtqTScAAAAgTuSNKTadAKCDbE8/vT71dt04aIRqxC+VAfSc4kCVVtftNZ0BAAASGMMqAABEuVDY1ry9bAEEAACAnpGdOdd0AoAO8A0+SfdNuU6PehymUwDEqZnlbAUEAADMcZsOAAAAbXuvoEGVXpZ6BgAAQPdlDPFogLXQdAaAtjic2jb2Sn0zo5/8Dr4XBNB7llRvVW3Iq37uVNMpAAAgAbGyCgAAUW4WWwABAACgh+SNLTOdAKANVtpw/W3qHbons5/8LKgCoJf57ZDmV20wnQEAABIUwyoAAESxsoaQ3j/caDoDAAAAcSK73wLTCQBaUTXibN0y4RK94rZMpwBIIDPYCggAABjCsAoAAFFszp5ahW3TFQAAAIgHaQM8GmTNMZ0B4HiuFC074SZdNmy8DrPtD4A+tr3xsPZ6i01nAACABMSwCgAAUWzenjrTCQAAAIgTeeMr5XAwCQ1Ek1C/sfr51Fv009Rk0ykAEthMVlcBAAAGMKwCAECU2lXm08HqoOkMAAAAxInsAYtNJwA4xuFRF+qKsedriZPVVACYNbdyvYI2/18EAAD6FsMqAABEqXn76k0nAAAAIE6k9HNriD3ddAYASXZSf7025Q7dNHC4amSZzgEAVYbq9V7NDtMZAAAgwTCsAgBAFLJsW+/sYwsgAAAA9Iy88bVyiE9MA6Z5h3xCX598rf4vyXQJAERiKyAAANDX3KYDAABAc2sLvSpv5JcJAAAA6Bk5A981nQAkNodTW8ZeqW9m9FPQwfd6AKLPitpdqg41aIA73XQKAABIEKysAgBAFJq3l1VVAAAA0DOS090aYr9uOgNIWFbacD027Q59PbOfgg7TNQDQspAd1sKqzaYzAABAAmFYBQCAKOMLWVp2sN50BgAAAOJEzoQGOR0B0xlAQqoceY5umnCxXnVZplMAoF3zKzeaTgAAAAmEYRUAAKLM8vwGNQRt0xkAAACIEzmDV5pOABKPK0VLJ92sy4eOU6GDQRUAsWFD/QGVBmpMZwAAgATBsAoAAFGGLYAAAADQUzwpLg11vGo6A0gowf7j9cDUW/SzlCTTKQDQKZZsLajaZDoDAAAkCIZVAACIItXesD440mg6AwAAAHEiZ4JfLrvBdAaQMApGXaQrRp+jd51h0ykA0CXzKjeYTgAAAAmCYRUAAKLIO/vrFGKFaAAAAPSQnKEfmE4AEoKd1F8vT71DNw8cploH27oCiF3bGw/rsL/cdAYAAEgADKsAABBF5rMFEAAAAHqIO8mpYY5XTGcAca9xyMm6Z9K1+rvHdAkA9Iz5lRtNJwAAgATAsAoAAFHiSE1QW0v9pjMAAAAQJ7InhOS2q01nAPHL4dLm8dfokuyTtJ1tfwDEkXkMqwAAgD7gNh0AAAA+NG8fq6oAAACg5+QMXW86AYhbVtoIPTbuYr3uYkgFQPzZ7yvRXm+RJqSONJ0CAADiGMMqAABEiYUMqwAAAKCHuDxODXe9INmmS4D4UzHyXN2bNV5FDgZVAMSveZUbNSGbYRUAANB72AYIAIAosL/Sr4PVQdMZAAAAiBMjxlny2BWmM4D44krR4km36IqhY1XksEzXAECvms9WQAAAoJexsgoAAFFg8YF60wkAAACII7kjNplOAOJKsP8E/WLUuVruZDUVAImhMFCpLQ2HdFL6KNMpAAAgTrGyCgAAUWDxgQbTCQAAAIgTTpdDI1wvms4A4sahURfrstFnMagCIOHMr9xgOgEAAMQxhlUAADDsYFVAB6oCpjMAAAAQJ4aPcyjJLjadAcQ8O3mAXpx6h24ZOFT1DtM1AND33qnaLMtm2zMAANA7GFYBAMCwRWwBBAAAgB6UO2Kb6QQg5jVmnayvTbpG//SYLgEAc8qCtVpbt990BgAAiFMMqwAAYNgShlUAAADQQxxOh0Z6XjadAcQuh0sbx1+ri0aepB0Otv0BgAVVG00nAACAOMWwCgAABuVXB7Svki2AAAAA0DOGjXEq2T5oOgOISVb6SD0y7Q59IyNDYbb9AQBJ0qKqLQrZDO8BAICex7AKAAAGLWZVFQAAAPSg3OxdphOAmFSRfZ6uH3+h3nLxC1kAOFZNuFHr2AoIAAD0AoZVAAAwaPF+hlUAAADQQxzSyGS2AAI6xZWihZNu0RVZY1TisEzXAEBUWlK91XQCAACIQwyrAABgSEFNQHvZAggAAAA9JGuUW6nWHtMZQMwIDpioH029RQ+meEynAEBUW1a9XbZtm84AAABxhmEVAAAMYVUVAAAA9KS83H2mE4CYcXD0Jbps1Jla4WTbHwBoz9FgtbY3HjadAQAA4gzDKgAAGLLoAMMqAAAA6DkjU14znQBEPTt5oJ6feoduHZCleofpGgCIHWwFBAAAehrDKgAAGHC4JqA9FWwBBAAAgJ4xONejdGuL6QwgqjVknaKvTLpa/2bXHwDotKXV20wnAACAOMOwCgAABiw52GA6AQAAAHEkd9RB0wlA9HK4tWHCtbp45Ina5WDbHwDoigO+o8r3lZrOAAAAcYRhFQAADHj3IFsAAQAAoOdkp75lOgGISlZ6th6edrvuT89QmG1/AKBb2AoIAAD0JIZVAADoYxWNIW0v85vOAAAAQJwYMMKjTGuN6Qwg6pRnX6Drx39R012spgIAPYFhFQAA0JMYVgEAoI+tKGiUZZuuAAAAQLzIG33EdAIQXdypWjDpS7oya5RKHJbpGgCIG9saDqssWGs6AwAAxAmGVQAA6GPL8xtMJwAAACCO5GTMNJ0ARI3AgBP0g6k369cpbtMpABB3bNlaWr3NdAYAAIgTDKsAANCHfCFLawobTWcAAAAgTvQb6lE/a7npDCAqHBhzqS4bdaZWOdj2BwB6C1sBAQCAnsJHDAAA6ENrC73yhdgDCAAAAD0jb2yx6QTAODt5kJ6bcIWecNuS+H4LAHrT2rp9qgt7lelKNZ0CAABiHCurAADQh9gCCAAAAD0pJ/Nt0wmAUfVDT9Vdk67836AKAKC3heyw3qvZYToDAADEAYZVAADoI7Zta0UBwyoAAADoGRmDPRpgvWM6AzDD4da6CdfpkhFTtcdhma4BgISytHqb6QQAABAH2AYIAIA+sqPMr/JG9k4HAABAz8gbV2Y6ATDCSs/Rw+O+qJlOvr8CABNW1OxSwAopycmvmAAAQNexsgoAAH2ELYAAAADQk7L7LzCdAPS50pzP/H/27jM6qvrrAvCemt57I7TQghRp0qUp0kVAURDLKygoiBVFUVFBRcQ/KioqCgqCICAgvQpIEZAWSICEkEp6n5Rp74eYS25mkkzqTSb7Wcu18rttzqQ55O45BxNChjKoQkQkIY2hECdzrkldBhERETVyDKsQERHVk79uMaxCRERERLXD3lUFd/0Oqcsgqj9Ke+xq/xge9GyGJBilroaIqMk7zFFAREREVEPs0UZERFQPEnO0uJFeJHUZRERERGQlglpnQCbjDXtqGopc2+HNZn1xQq6TuhQiIvrP39kRUpdAREREjRzDKkRERPWAXVWIiIiIqDYFuR4Em0tQUxDZYiSec/ZCnoxBFSKihiSxKAOR+bfRys5X6lKIiIiokeIYICIionrwVzTDKkRERERUO2ydlHA3bpa6DKI6ZbT1wI8dn8DjLp7IYxchIqIG6Xh2uNQlEBERUSPGsAoREVEdyysy4FxivtRlEBEREZGVCArJgRzsMkHWK9e7O55qOxbfKxlSISJqyI5nMaxCRERE1ccxQERERHXsTIIGOoPUVRARERGRtQhyP8IRQGSdZEqcbv0gXrG3h16ml7oaIiKqxLncKOQbimAnV0tdChERETVC7KxCRERUx07EaqQugYiIiIishNpBAU/jJqnLIKp1escgfHTX45jrYA+9TOpqiIjIEkVGHf7JuSF1GURERNRIMaxCRERUx07GMaxCRERERLUjKCQfchRIXQZRrUoOHIQJrYZiu5zdVIiIGhuOAiIiIqLq4hggIiKiOhSbVYT4bJ3UZRARERGRlQj0OC51CUS1R+mAP0MexCIbBQDOTiUiaoz+zmZYhYiIiKqHYRUiIqI6xBFARERERFRbVLYKeMvWA0apKyGquSK39pgX1Bun2E2FiKhRiylMRWxhKoJsPKUuhYiIiBoZjgEiIiKqQxwBRERERES1JTCkEApjntRlENWQDNdbjsaIZj0ZVCEishLHsq5KXQIRERE1QgyrEBER1RGt3oizCflSl0FEREREViLQ65TUJRDViNHWE6s6TsMTzu7Il0ldDRER1Zbj2RFSl0BERESNEMcAERER1ZELt/Oh0bJHOxERERHVnFIth4/8V44AokYrx6cHnvftiBsyg9SlEBFRLTuTcwNFBh3Uct5yIiIiIsuxswoREVEdOcERQERERERUSwJCdFAaM6Uug6jq5CqcajMJD/h2YFCFiMhK5RuKcC43SuoyiIiIqJFhWIWIiKiOnIxlWIWIiIiIakegzzmpSyCqMr1jM3wYOhUv2dvByLE/RERW7VjWValLICIiokaGYRUiIqI6kKbR4XpakdRlEBEREZEVUKjk8JWvlboMoipJChyM8a0GY6dCL3UpRERUD45nh0tdAhERETUyDKsQERHVgVNxGhilLoKIiIiIrIJfKwNUxhSpyyCyjNIB29tPwXjPIKTK+K8iIqKmIqogCbeLMqQug4iIiBoRhlWIiIjqwAmOACIiIiKiWhLke0HqEogsUujWAS+GPoyPbBRSl0JERBI4nsXuKkRERGQ5hlWIiIhqmdFoxKm4fKnLICIiIiIrIFPI4KtcJ3UZRJWQ4VqL0XgguCf+kXHsDxFRU3Uy55rUJRAREVEjopS6ACIiImtzLa0IGQX8Ay0RERER1ZxfSxlsjPFSl0FULqOtJ75vPQo/KY0Ah6ESETVpZ3IipS6BiIiIGhGGVYiIiGrZmQSOACIiIiKi2hHof1nqEojKle3TC8/7hiKS3VSIiAhAui4XN/Jvo7Wdr9SlEBERUSPAMUBERES17GwCRwARERERUc3JZECA6lepyyAyJVfhRJtJGOHbjkEVIiISOZNzQ+oSiIiIqJFgWIWIiKgWGYxGnE8skLoMIiIiIrICPi0VsDHelLoMIhG9UzA+7DgVr9jbwSiTuhoiImpoOAqIiIiILMUxQERERLUoIrUQOUUGqcsgIiIiIisQFBAudQlEIreDhuAZ92ZIZzcVIiIqx5ncSBiNRshkTDQSERFRxdhZhYiIqBZxBBARERER1QoZ4K9eL3UVRMVUjvijw1Q85BGIdBnD+UREVL4MXS5uFNyWugwiIiJqBNhZhYiIqBYxrEJEREREtcGrmRJ2xgipyyBCoXsoXgvqhTPspkJERBY6k3MDIXZ+UpdBREREDRw7qxAREdUSvcGI87cLpC6DiIiIiKxAUNANqUugJk+G8JZj8ECzHgyqEBFRlZzJiZS6BCIiImoE2FmFiIiolkSkFSK3iC2xiYiIiKjmAux+A/jSkiRitPPCylajsEZpAGCUuhwiImpkzuZGwWg0QiaTSV0KERERNWAMqxAREdUSjgAiIiIiotrgEaiCg+Gi1GVQE5Xtew+e9emAW+ymQkRE1ZShy8WNgtscBUREREQV4hggIiKiWsKwChERERHVhqDgaKlLoKZIrsbxNg9jhE9bBlWIiKjG/snhSEMiIiKqGMMqREREtUBvMOL87QKpyyAiIiIiKxBgv1nqEqiJ0Tk1x8KOU/CavS2MnNhARES14AzDKkRERFQJjgEiIiKqBeGphcgrMkhdBhERERE1cq5+KjgZTkldBjUhCUHDMN09ABnspkJERLXoXG4UjEYjZDKmIImIiMg8dlYhIiKqBRwBRERERES1oVnzOKlLoKZC5YStHaZiooc/MmRGqashIiIrk6HLw42CRKnLICIiogaMnVWIiIhqAcMqRERERFQbAh23AWzYR3WswKMjXg3oiXNydlMhIqK6czrnBkLs/KUug4iIiBoodlYhIiKqIYPRiAu3GVYhIiIioppx9lbB2XBE6jLIqslwpdU4jAjsxqAKERHVuTM5kVKXQERERA0YO6sQERHV0I30IuRp2TabiIiIiGqmWcvbUpdAVsxo541vW43Ez0q27iEiovpxLicKRqMRMplM6lKIiIioAWJYhYiIqIYu3i6QugQiIiIisgIBTjs5AojqRJZvbzzn0x63ZOymQkRE9SdTn4fIgiS0tvOVuhQiIiJqgDgGiIiIqIYuJTGsQkREREQ14+ihgpthj9RlkLWRq3Gs7SMY4duGQRUiIpLExbxoqUsgIiKiBophFSIiohq6yLAKEREREdVQs1apUpdAVkbn3ALvdZyC1+1spC6FiIiasIu5t6QugYiIiBoojgEiIiKqgfR8HeKytVKXQURERESNXIDzHsAodRVkLeKb3YcZbv7IYDcVIiKS2MU8hlWIiIjIPIZViIiIauDibXZVISIiIqKasXdVwd2wHZBJXQk1dkaVM7aEjMNStQxMPxERUUNwsyAJufoCOCpspS6FiIiIGhiOASIiIqoBjgAiIiIiopoKap0BmYzBAqqZAo+78HyHCf8FVYiIiBoGA4y4nBcjdRlERETUADGsQkREVAOXGFYhIiIiohoKdD0odQnUmMnkCGv1IEYE3o3zHPtDREQNEEcBERERkTkcA0RERFRNOr0RV1MKpS6DiIiIiBoxWyclPIybpS6DGimDnQ++bj0C6xQGqUshIiIq18XcaKlLICIiogaIYRUiIqJqCk8tRKGe7dqJiIiIqPqCQnIgh07qMqgRyvTtg5k+bXFLxqAKERE1bJc4BoiIiIjM4BggIiKiarrIEUBEREREVEOBbn9JXQI1NgobHGn7CEb6hjCoQkREjUKmPg+3ClKkLoOIiIgaGHZWISIiqqZLDKsQERERUQ2o7RXwwkapy6BGROfcEu83vxf75XqpSyEiIqqSi3m3EGzrJXUZRERE1ICwswoREVE1XUzKl7oEIiIiImrEgkLyIQcD0GSZuOD7MablQAZViIioUbqUd0vqEoiIiKiBYWcVIiKiarido0VyHv9ITERERETVF+j5t9QlUCNgVLtgU8hYfK6SAeDYHyIiapwu5EZLXQIRERE1MAyrEBERVcPl5EKpSyAiIiKiRkxlq4C37FfAKHUl1JAVeHTC3MDuuChjUJ6IiBq3G/mJyDcUwU6ulroUIiIiaiA4BoiIiKgarqawXTsRERERVV9ASCEUxjypy6CGSibH5dYPYkRgVwZViIjIKuhgwJW8WKnLICIiogaEYRUiIqJquJLCzipEREREVH1BXqelLoEaKIO9L74InYYZjs4olEldDRERUe25mHdL6hKIiIioAeEYICIiomqISGVYhYiIiIiqR6GWw0f2q9RlUAOU4dcXz3m3RSy7qRARkRViWIWIiIhKY2cVIiKiKorL0iKnyCB1GURERETUSAW01kOJDKnLoIZEYYvD7SZjlE9rBlWIiMhqXWJYhazEqVOn0LZtW+G/zZs3S10SUYM1b9480c+LOV988YXomLi4uHqukqTCzipERERVdDW1QOoSiIiIiKgRC/I5K3UJ1IDoXFrh3eCBOCRnSIWIiKxbijYbt4sy4Kt2k7oUIiIiagAYViEiIqqi8BSOACIiIiKi6pErZfBVrAWMUldCDUFs8P2Y4eaPLDCoQkRETUO4Jp5hFQtdvXoVhw8fRlhYGG7evInU1FRoNBoYDAbY2trCwcEBAQEBaNmyJe655x4MGDAALi4uUpdNVshoNOLAgQP4888/ceHCBWRkZECn08HT0xN33XUXRo8ejaFDh0Imk0lSn16vx+nTp3H8+HFcunQJsbGxyMjIQGFhIWxsbODg4IDAwEC0bNkSPXv2xMCBA+Hmxt9DRA0BwypERERVdDWVYRUiIiIiqh7/1kaojClSl0ESM6pdsCFkHL5QAQBHjBIRUdMRronHva4dpS6jQTt27BiWLVuGy5cvl3tMbm4ucnNzkZSUhHPnzmHTpk2ws7PD5MmT8cILL8De3r4eK6aKvPTSS/jzzz8REBCAgwcPSl1OlaWnp2POnDk4ffq0yb6EhAQkJCRgz5496N69O7744gu4u7vXW21arRZbtmzB119/jYSEBLPHaDQaaDQapKSk4N9//8Xvv/8OlUqFUaNG4bnnnkNwcHC91UtEpmRGo5Hv5SEiIqqCIT9FIbuQf1AmIiIiaohezMhE/sWGGwbpfe9FBCs+kboMkpDGswteCrgbl2TspkJERE3PYNe7sKzVk1KX0SAZjUZ89tlnWLlypck+pVIJX19fODo6QqFQIC8vD4mJiSgsNH1TXUhICH744Qf4+PjUR9lUiSFDhiAuLq5RhlW0Wi2mTJmC8+fPC9vUajWaN2+OoqIixMbGQq+/85o2NDQUv/32G5TKuu+VEB4ejhdeeAExMTEm+1QqFTw8PODu7o7CwkKkpqYiKyvL5DhbW1u89NJLmDZtWp3X25TNmzcPW7ZsEdYRERESVkMNDTurEBERVUFclpZBFSIiIiKqFplCBl8lRwA1WTI5LrYci9mOztAyqEJERE1UuCZe6hIarFWrVomCKgqFAg8++CAefPBBdOrUCWq1WnS8wWDAlStX8Mcff2DDhg1CcOX69euYOXMm1q9fD5VKVa/PgcTS09MRFxcndRnVtm3bNlFQ5emnn8asWbPg4OAAAMjOzsbnn3+OtWvXAgDCwsKwZcsWTJw4sU7r2r9/P1599VVoNBphm42NDSZMmIBhw4ahR48eJoGZ6Oho7N27F+vWrUNiYiIAoKCgAIsWLUJ8fDzefPPNOq2ZiMyTS10AERFRY3I1tUDqEoiIiIiokfJtKYONkTdomiKDvS+Wd5yG55ycoZVJXQ0REZF0EorSka3Ll7qMBic1NRXLli0T1vb29lizZg0+/PBDdO/e3SSoAgByuRwdO3bE/Pnz8dtvv4nGr1y+fBm//fZbvdRO5bt48aLUJdTIjh07hI/79++P1157TQiqAICzszMWLFiAIUOGCNv27dtXpzWdP38eL774oiio0rdvX/z5559YsGABevfubbazS/PmzTF9+nTs3r3bpJPK6tWr8csvv9Rp3URkHsMqREREVRCeYtpak4iIiIjIEkH+YVKXQBJI9++HR0IewAYFOzQSEREBQEQ+w7tlbdu2DVqtVljPmDED3bt3t/j8du3aYdGiRaJtP/30U22VR9XU2MMqV69eFT6ePHlyucc9+OCDwsd12UkmMzMTc+fOFf2sjBo1CitXrkRQUJBF17C1tcWbb76Jl19+WbT9o48+QmxsbK3WS0SV4xggIiKiKriayrAKEREREVWdTAb4q38FmFdoOhS2OBgyHm/bqsAvPBER0R0Rmnj0cGotdRkNSnh4uGg9aNCgKl9j0KBBaNOmDdLS0tC2bVu0bdsWubm5cHR0rPC8oqIi7N69G8ePH8eFCxeQnp4OjUYDV1dXeHh4oEuXLhg2bBj69OkDubxq74HPzc3FH3/8gaNHj+LWrVtITk6GVquFq6sr2rVrhwEDBmDcuHEV1vjFF1/gyy+/FNYHDhxAYGBgpY89b948bNmypcLz4uLiRF1BFi9ejPHjxyM9PR1ffvkljhw5gqSkJNjY2GDnzp3w8fEBAJw6dQqPP/64yXnm9pWIj49H27ZtRduOHTuGe++9FzqdDgDQpk0bbN++vdLnVtpLL72EP//8U1hv3boV7du3r9I1ypOTkyN8HBwcXO5xMtmd1oG2tra18tjmfP3110hISBDWoaGh+Pjjj812UqnM9OnTce7cORw6dAgAoNVqsW7dOrz++usVnpecnIydO3fi77//RlRUFDIyMlBYWAhXV1d4enri7rvvxoABAzBw4EDR58WczZs344033hDWO3fuRKtWrWAwGLBt2zZs374dYWFhyMnJgVqtRrNmzdC/f39MmzYNXl5eomulpqZi7dq1OHLkCKKjo1FYWAhnZ2e0bdsWw4cPx0MPPVThWLCpU6fi9OnTAIq70OzZswdAcUBo/fr1OHLkCKKiooTfKV5eXujVqxfGjx+P0NDQCp+nJarzc37jxg38+eefuHDhAiIjI5GdnY2ioiI4ODjA09MToaGhGDx4MIYNG1bp90h5vwsAIDY2FuvXr8eJEycQExOD/Px8ODg4wM/PDz169MBjjz2GFi1aWPxcjUYj/v77b+zatQthYWFISUlBZmYmHBwcEBgYiJ49e2LChAlo1aqVxdcEgEuXLmH37t04c+YM4uPjkZmZCTs7O7i7u6NFixYYMmQIhg4dCjc3typdt64xrEJERFQFEQyrEBEREVE1eLdQwNYQJXUZVE+0Lq3xTvAAHJHrpS6FiIiowYnIT6j8oCYmLS1NtLa3t6/WdTZu3FilsMDu3buxePFi3L5922RfSkoKUlJSEB4ejvXr1+Ouu+7C+++/b3EQYsuWLfjoo4+QmZlpsi8pKQlJSUk4cuQIli9fjrfffhujR4+2uO66lJqaikmTJiE+/k4HIK1WK+rmUVu8vLzQv39/ITBx7do1hIWFWXzzv6CgQDgXKA671FZQBQCcnJyQkZEBAEKgxpy//vpL+LhsIKe2ZGVliUZbyWQyLFq0qFpBlRKvvfYabt68iWHDhuGBBx6o8POu0+nwxRdf4KeffkJBQYHJ/pKfl6tXr2Lt2rVo164d3n777Sp1SAKKwyEzZ87E2bNnTR4/PDwc4eHh2LhxI7777jt06tQJALB//368/vrryM3NFZ2Tnp6OEydO4MSJE9i6dSu+++47ODk5VVpDdnY2gOLg1Ysvvoj09HSTGjMzM3H9+nWsXbsWTzzxBF555ZUafS2qIisrCwsXLhSNqSq7PysrC5GRkdi2bRuCg4OxZMkSdO7cucqPtXr1aixZssTk57/kMcLDw7Fu3TrMnz8fjz32WKXXu3nzJt544w38+++/JvtKPq+XL1/Gjz/+iPHjx2P+/Pmi0VvmJCYmYv78+Th+/LjJPq1Wi+zsbERHR+PQoUP4+OOP8dJLL2Hy5MmVhqnqC8cAERERWSguW4vsQr4jkoiIiIiqLigwQuoSqJ7cCn4AY5r3Y1CFiIioHOGauhsT0ljZ2dmJ1pcvX67WdaoSVPnqq68wZ84cUVBFLpejefPm6NChg9BFpMSlS5fwyCOP4MyZM5Vee/ny5Zg3b54oqOLk5IQ2bdqgbdu2oueblZWFV155BatWrbK49rq0ePFiUVClqhwdHdG5c2d07txZdJNZpVIJ20v+AyB0byhRuhtMZf766y9oNBphPW7cuGrXbU7z5s2Fj6OizAfvjxw5gk2bNgnrSZMm1WoNJTZv3ix6rn379kW7du1qdM2WLVtiz549eOWVVyoMqhQUFOC5557DN998IwqqqNVqtGjRwuzPS3h4OJ588kkcOHCgSjXNnj1bCKr4+voiNDQUvr6+omMyMzMxe/ZsFBYW4tSpU5gzZw5yc3OhVCrRokULtG/fHs7OzqJz/v33X5NRYeUxGAyIiIjAjBkzhKCKm5sb2rdvj+bNm0OtVgvHGo1G/Pjjj/jwww+r9DyrKzc3F1OmTDEJqjg5OaF58+YIDQ2Fn5+faN+tW7cwbdq0Ko/lWrt2LRYtWgStVgu5XI5mzZohNDQUAQEBouP0ej3ef/99s2GR0sLCwjBp0iRRUEWpVArX9fb2FrYbjUb8/vvvePrpp5GXl1fhNR966CGTx/by8kJoaChatGgh6qiTk5OD9957r96+XpZgZxUiIiILsasKEREREVWLDAiw2cBJMFbOqHbBryHj8JUKAIxSl0NERNRgRRUkQ2vQQSXnLaoSbdu2xb59+4T1559/jl69esHd3b1OHqWgcV8AAQAASURBVG/nzp1Yvny5sHZwcMCcOXMwfvx4UeeFuLg4rFq1CuvWrYPRaERBQQFmzJiBHTt2mNwQLn3tr776SlgHBQXh7bffRr9+/aBQKAAUv9v/zz//xAcffCCMminpfNCtW7e6eMoWSUhIwM6dO+Hg4ICXX34Z9913H1xdXZGWlmbx1yI0NFToAFJ6tIq3t7eoM0iJQYMGwc3NTehgsmPHDrz++usVjmwpsWvXLuFjhUJR691pOnXqJNxYP3r0KEaMGCHsMxgMWLNmDT799FPo9cUh7UcffRRdu3at1RpKlL0ZP3HixDp5HHM+/vhjUfcYf39/vPzyyxg6dKgoIBYbG4uVK1cKX+eioiK88sor2LFjh0nAwZxNmzbh1KlT6NixIxYuXCgK0Fy6dAmzZ88WxiAlJiZi06ZN+Omnn6DT6fDUU09h+vTpwoiXklFCb731ltAVZOvWrZg7d64oFGGO0WjEggULkJ+fj969e+O1115Dhw4dhP3Z2dlYs2YNVqxYIXzt161bh0GDBmHAgAGVPs+aWLJkCa5duyasO3bsiHfeeUfoMlMiNjYWS5cuFX5G8vPzMW/ePOzYscOicWbR0dFYvXo1lEolnnrqKUybNg2enp7C/tu3b+PDDz/E3r17ARR/zpYvX46+ffuavV52djaeffZZoWuNSqXCc889h8ceewyurq7CceHh4Xj33XeFn7t///0XH3/8MRYuXGhyzfT0dDz//POizlyjRo3Cs88+i5CQEGGbRqPB7t278dlnnyElJQUA8PPPP6NZs2ZmR5bVN3ZWISIistD1NIZViIiIiKjqvJopYWe4KnUZVIc0nl0xo91D/wVViIiIqCI6ox43CkzHzjRlI0aMEI1kiI6OxoQJE7B3714YDLWbeM7NzcU777wjrF1dXbFhwwZMmzbNZERIYGAgFixYILpRmpubiyVLlpi9dn5+vqh7g7e3N3799VcMHDhQCKoAxTdqx40bJ7qOwWAo97r1ZcuWLZDJZPj+++/x2GOPwcvLCyqVCr6+vqJuErVJpVKJQiYZGRk4cuRIpecVFBTg8OHDwrpPnz6VhhCqatCgQcLHu3fvRl5eHvR6PXbt2oWxY8di8eLFQhBi1KhReOutt2r18Uvo9XqcO3dOtK1nz5518lhlnT9/Hr/++quw9vf3x/r16zFq1CiTTkZBQUF4//33MWvWLGGbRqPBRx99ZNFjrVmzBm3btsWaNWtMOr3cddddJt0wFi9ejJiYGMydOxevv/66EFQBirskjRs3Dk899ZSwzWAwWPS9lZWVhfPnz6Nv37747rvvREEVAHB2dsbzzz+P119/XbS9dEitLmRlZYk6D3l6euLHH380CaoAxV+LZcuWoVevXsK2yMhIHD161KLHWrVqFQoLC7F06VK8/PLLoqAKUNz1ZtmyZWjZsqWw7fz582ZHqgHF3aaSk5OF9QcffIBZs2aJgioA0K5dO3z//fcICgoStv3222+IjIw0ueaSJUuE8BIAvPzyy1i6dKkoqAIUj5UbP348Nm7cCC8vL1FNZUfQSYFhFSIiIgtFphdJXQIRERERNUJBzUz/sERWQqbAhdbjMSKgE8I49oeIiMhi4Zrqj1mxRq1atcKjjz4q2hYfH48XXngBQ4cOxaJFi3DkyBGhC0lNrFu3Tnh3PwAsWLDA5OZmWZMmTRJ1TNi5cyeSkpJMjtuxY4fwzn2geKRJ6ZujZQ0aNAgDBw4U1v/++6+oa0J9i4uLw4QJE3D33XfX6+M+9NBDovXWrVsrPefIkSN1OgIIKA6ElHTQ0Wg0eOONNzB06FC8+OKLwtfJ3t4e8+fPx9KlS0WBpNoUHR0tGoUSGBhYZ12Hylq7di2MxjtdE+fPn28y8qesmTNnikYoHTx40KJQgE6nw4IFC0Tjo0rr3bu36HlrtVq0bNkSzzzzTLnXLNttJyLCsvG0SqUS7733XoUdfh5//HEEBwcL6/PnzyMuru7GvF28eFHo5AIUh/zKjjsqTSaT4YknnhBtO3HihEWPpdVqMX78eAwfPrzcY5RKpckYrytXrpgcl5OTg99//11Yd+vWrcKfV0dHR7z88svC2mg0ikZtAcWdXbZv3y6s+/Xrh+nTp5d7TQDw8/PDm2++Kapr48aNFZ5THxhWISIistANhlWIiIiIqBoCbKX/AxDVPoODPz7r+DhmOjpBK6v8eCIiIrojgmEVE/PmzcP9999vsj0+Ph6rV6/G9OnT0bNnT4wZMwbvvfceduzYgcTExCo/zh9//CF8HBAQgJEjR1p0XulxEUajUTS2qMTOnTuFj8t2DCnPyJEjERoain79+mH06NHIzc21qJ66Up/jZUq0a9dO1L3i8OHDwlig8uzevVv42NHREUOHDq31usqOFtqzZ4/QyUGtVmPChAnYtWtXnY8SKfu5sGSkTm0oKCgQxrwAxd00hgwZUul5SqUSDz74oLDW6XTYs2dPpee1atUK3bt3L3e/TCZD69atRdvGjx9fYUioZcuWUCrvjFwzFzIzp2/fvqLuHuXVU/ZnvOy4ptrUv39/XL58GSdOnMCOHTsqDOmUuOuuu0Tr+HjL/99TuitNecp2wCnd6aTEoUOHRMGy0t8b5enfvz/atm2Lnj174v7774eHh4do/44dO4SuRgAqDaqUGD58uKgDU+nvb6lwICAREZEFCrQGxGdrKz+QiIiIiKgU90AVHAznpS6Dalmaf38869UaCbLabctPRETUVITnM6xSllqtxvLly7Fx40asWLHC7E1Pg8GAiIgIREREYN26dQCANm3a4N5778XIkSPRrl27Ch8jPT1dNE6if//+FtfXs2dPqNVqFBUVv6Hvn3/+wZQpU4T9RUVFOHPmjLDu2LGjyZgUc8aOHYuxY8daXEddcnJyMrn5XF/Gjx8vdGXQarXYsWMHpk6davbYsiOA7r//fos+11URExOD5cuX488//xRtd3JywqOPPoqpU6dW2DWnNmVmZorWFXXTqE3h4eEoKCgQ1gMHDhSN66pIv379sGzZMmF9+fLlSs+pKKhSomxooUePHhUer1Ao4OLiInR2Kd2hpiKWhHIAoEuXLqJ1XXdGkslkcHd3t7izTunRSEDxKCFL+Pn5mQSDzCk7esvc57dsN5fKvmZAcQBt27Zt5e4v/bvW3t7eou8doHg8VN++fYVxSleuXIFGo4G9vb1F59cFdlYhIiKyQGRGEYyVH0ZEREREJNIs+JbUJVBtUthif7tHMca7JYMqRERENXBdkygarUF3TJw4EXv37sXHH3+MAQMGVDiGAyi+Obxy5UqMHTsWTz31FP75559yj7106ZLo8+7r62txXTY2NqKRH6VDLwAQGxsrBFkAiI5tLFq0aAG5XJpbp6NGjRJ9rUtuJptTlyOAtFotPvvsM4wYMQLbt2+HwSB+zWtra4vp06dXGFSJiorCvffei3feeQdHjhypcU2ln2tJDfWh7EiXysZlldaiRQtRsCU8PLzSc0qPDiqPjY2NaG3Jz1npc0p346hI+/btLTqu7OPHxMRYdF59Kd1VBoDF/9+x9Gtd9utR+ndgiRs3bggfy+VyBAYGWnTtily4cEH42MvLq0ojuEo/N6PRaPK7vL6xswoREZEFIjkCiIiIiIiqIcB+M8BMg1XQuoZgQbP++Euur/xgIiIiqlCuoQBxRWkIsvGUupQGSaVSYdy4cRg3bhxyc3Pxzz//4MyZMzh79izCwsLM3hAFikdwHD9+HE8++SRef/11ky4QJd0VSmzcuBGHDh2yuK7SY4fi4uJE+8qO16ivrhu1ycfHR7LHdnNzw+DBg4VxMWFhYbh+/brZm+a7du0SPg4ICLCoU4MlNBoNnnvuOZw8eVLY5uXlhSeeeAKrV69GcnIyUlJSsGLFCrz22mvlXufo0aNITEzE+vXrERUVhYEDB9aoLicnJ9G6vkZFJScni9b+/v4Wn+vg4AAXFxehK0xqamql55R9nuaU/ZmuzjmW8PPzs+i4sp1F0tPTq/xY1ZGTk4M9e/bgxIkTiIqKQkJCAvLy8iwO41TG0u49lnxuS3fJcnd3NwnQVJXBYBCNxkpOTsakSZMsPr/sWK24uDiTcUn1iWEVIiIiC9xIL5S6BCIiIiJqZFx9VXAynKz8QGrwops/gBku3siVMahCRERUW8I18QyrWMDR0RGDBg3CoEGDABS/c//SpUs4e/Ysjh07hnPnzpncoP3xxx9hY2ODuXPnirZnZ2eL1vHx8SYhE0vl5+dDr9cL7+gvO/6ivrpf1Capa37ooYeEsApQ3F2lbCikoKBA1K1k7Nix1QojlGU0GjF37lxRUOWxxx7Dyy+/DAcHB/j5+eGll14CAKxZswZjx45F27ZtzV7r4MGDwseWjpOpiKurq2hddixQXSkbiqnqqJTS30+WBGyq0h2jRE2DD+VxcXGx6LiynUXy8/ProhyB0WjE999/j2+//RY5OTl19jiVdbSqitK/G8t+vqojJydH1CEmPz9f1GmlqiwdDVVXOAaIiIjIAjfYWYWIiIiIqqhZi+r94Z8aDqONK9aGTsNjrt7Irfk9ACIiIiolQsPXStWhVqvRrVs3TJ8+HWvWrMFff/2FuXPnmtxIX7lypcl4h7LjVGqq9I3pwkLxm/3q6iZ6XZK65n79+ok60mzbtg16vTgsffjw4ToZAbRp0yYcPnxYWL/xxhtYsGABHBwcAAAjR45E3759ARSPknnjjTeg0+lMrpOYmIjTp08DKO46URthlbLdO6KioupljFjZ4EVVgwaljy8oKKiVmuqLpWENmUwmOra8rk+15ZVXXsGnn35qElSxs7ODn58f2rZti86dO4v+k1rp3421EYKp7UBQbf9/oaoa3/8piIiIJMAxQERERERUVQGO2zgCqBHTeN2NOf5dcIXdVIiIiOrEjYLbUpdgFdzd3fHss89ixIgRmDp1Km7fLv68GgwGbNq0Ca+//rpwbEnwoMTHH39ca2EHOzs70bqub1pbI4VCgbFjx+L7778HAKSkpOD48eMYMGCAcMzu3buFj7t27Yrg4OBaeexvv/1W+Hjo0KF44oknTI758MMPMWbMGGRnZyMsLAzLly8Xuq2U+P3332EwFP8jqG/fvggKCqpxbQEBAfDy8kJKSgoAICsrCzdu3DA7Iqk2lf2ermrgpPTxVe3KIrWioiKLwjlGo1HU2ans56w2rV27Fjt27BDWMpkMkyZNwuTJk9G2bVvI5eZ7dJTXAai+2NraCoGQ2vi9WPb3eK9evbBmzZoaX1cq7KxCRERUiYx8PdLz+QdqIiIiIrKcs5cKLobDUpdB1SFT4FzrhzDc/y4GVYiIiOpQVH6S1CVYlWbNmmHevHmibefPnxetHR0dRWtLRpNYysnJSbSuyxEdlig7GqmxGD9+vGj9559/Ch9rNBpR95PaChrduHEDsbGxwvrxxx83e5yfnx8WLFggrL/99lvR2CKNRoOff/5ZWD/66KO1Uh8A3H333aJ16c9DXXF2dhatq9qBonQHjLI/Hw2dpc+17HF1FVYxGo1YtWqVaNvixYuxcOFCtG/fvtygSklwSkqlv/a18XvRwcFBNPqrNn+PS4FhFSIiokrcSC+s/CAiIiIiolKCWvLmS2NkcPDH0o7T8IKjI/Qc+0NERFSn4grToDWYjhGh6uvXr59onZ6eLloHBASI1jExMbX22GWvXdLhpbZZOv4lOzu7Th6/rrVq1QpdunQR1gcOHBC6MRw4cEAIQKjVaowYMaJWHjM6Olq07tixY7nHjh49GpMnTxbW8+bNw/Xr1wEAP//8MzIzMwEUd7MYPHhwrdQHAAMHDhStf/3111oJIuzfvx//+9//zH6/+Pj4iNZxcXEWXzc7O1t0zbLXaugs/flNShL/u7eunmdERITo89+zZ088+OCDlZ6XmppaJ/VURenfjTk5OTUOl8jlcvj5+Qnr0kGzxohhFSIiokrc4AggIiIiIqqiQKedUpdAVZQWMAATW9+PzQp2UyEiIqoPehgQXZgidRmSi42Nxc6dO/HJJ59g4cKFNbqWnZ2d6B33ZcdFhIaGivZfunSpRo9XWlBQEGxtbYX11atXLTrPaDQKN/azs7NNRq2oVCrRurDQsjcWXrt2zaLjGqLS3VVycnLw999/AxB3WRk0aJBJ54/qKvs5VyqVFR4/f/589OjRA0BxZ41Zs2bh6tWr+Prrr4Vj5s6dK/peq6lRo0bB3d1dWMfHx2Pz5s01umZOTg7effddrFixAkOGDMFXX30l2l82tBMREWHxtUsCPCVCQ0OrX6gEbty4YdFxt27dEq1rY+yTOYmJiaJ12WBeec6cOVMX5VRJ2XFV4eHhFp2n0WiE34tlO7KU/n7Kzs42+To0JgyrEBERVSKSYRUiIiIiqgJHDxXcjLsrP5AaBqUd9rZ/FGO8WuC2TPo20URERE1JUx8FpNfr8cgjj2Du3Ln44YcfsG7dOkRFRVX7elFRUaLOI4GBgaL9Tk5OaNOmjbA+f/48UlIsDwxFRkaW281CLpeje/fuwjo2Ntaizi3//vsvevToIfy3Zs0a0X57e3vR2pJ6r1+/XmedXerDiBEjRMGfXbt2ITMzE8eOHRO21dYIIACiEAiASr8HVSoVli9fLnSMuHXrFiZNmiR0fenTpw8GDRpUa/UBgI2NDR577DHRto8++sgkxFAVixcvFr6fsrOzTTqntG3bVhT4OnLkCPR6y4LtZccUle6W0xgcPXrUouPKjhqrq1BO2W4kLi4uFp3366+/1kU5VdKrVy/RuvTPcUUefPBB4ffixIkTRftK/64FgL1791pcT2JiYoMaHcSwChERUSUiOQaIiIiIiKogqJX0rYbJMlrXNng99FG8Z6Oq/GAiIiKqdVEFjTdQUBsUCoVolIvRaMTChQstviFe1k8//SRamxvDUrprh8FgwHfffWfRtSMiIjBq1Cj07dsXr7/+utnOC2XH0qxdu7bS6x44cEC0vueee0Rrf39/0fry5cuVXnPVqlWVHlPfSoIclnBycsKwYcOE9YEDB7B9+3ZotVoAxeGSAQMG1FptHTp0gFx+55bx77//Xuk57u7uWLFiBezs7ABAGFVka2tb4w5B5XnmmWdEYaucnBw89dRTJqNoLLFixQrR8/Ty8sIrr7wiOkapVGLUqFHCOi0tDbt3V/6mBI1Gg61btwprJycnDB06tMo1Smnfvn1IS0ur8BiDwYDt27cLa7lcjt69e9dJPWW7CCUkJFR6ztatW3H69GnRtqr8HNaWQYMGCT8nALBp06ZKO0RFRkaKxnOV/b04evRoUdepNWvWWPzcXnjhBdxzzz2YNm2a6PtUKgyrEBERVcBoNCIqg51ViIiIiMhygS77pC6BLBDVfARGBvfBMZlO6lKIiIiarKiCpt1ZBQCeffZZODk5CesTJ05g7ty5VXrnu9FoNLn5HhQUhOHDh5scO27cOLi6ugrrX375Bfv376/w+qmpqXj11VdhMBiQnp6OnTt3mowYAoCRI0fCz89PdO1z586Ve93IyEhRoKVdu3bo1KmT6Jh27dqJ1ps3b4ZOV/7rt127dmHz5s0m44OkoFarhY8zMzORnZ1t8bkPPfSQ8HFOTg6+/PJLYT1q1KhKR/VUhaurq6j7w7p163Dw4MFKz9PpdCYhAi8vL9Hzrk02Njb47LPPRDf+o6KiMHnyZGFUUmVyc3Px5ptv4n//+5+wTa1WY9myZfDw8DA5fsqUKVAoFML6448/rrRrz+LFi5GcnCysJ0yYIKq5MdBoNFi4cGG5nZQA4Pvvv0d8fLywHjBggEmXntpS9vfAnj17hICUOfv378eCBQvQvHlz+Pr6CtsTExNF3afqg729PSZPniysU1JS8NFHH5V7vF6vx6JFi4S1TCbDpEmTRMd4eHhg9OjRwjo5ORlvvPFGhV8vAPj0009x6dIlaLVanDx5Eqmp0r/RhmEVIiKiCiTl6aDR1u+LFyIiIiJqvOxclHDX/yF1GVQBo40bfg6dhqmuXsiT8bU+ERGRlCKb+BggoPim4yeffCK6Ib5nzx4MHToUX3zxBa5evVpuOCM+Ph4bNmzAuHHjRDffbWxssGjRItEomRKurq54++23hbVer8fs2bOxdOlSkw4V+fn5WL9+PSZNmoSIiAhh+/Tp00WhlBK2trZ44403hLVOp8PTTz+NDRs2oKCgQNiu1Wqxfft2TJ06VegGIJPJROeWCAwMxF133SWso6KiMHfuXJNaU1NT8emnn+Lll1+GnZ0dnn76adNPWD0rGZMDFHehWLRoEVJSUqDX63H79u0KbxTfc889ovMzMzOFj2tzBFCJuXPnCt+Der0es2bNwgcffCDq7gAUP49z587hjTfewKRJk0y+DrGxsRg/fjw2bdok+pobjUahM0xNhISE4Mcff4Sbm5uwLT4+Hk8++SSeffZZ7Nq1C3l5eSbnxcTE4JtvvsHw4cNFoS4bGxt8+eWX6NGjh9nHa9OmDZ555hlhnZSUhMmTJ5sNS0REROD555/Hb7/9Jmxr1qwZZs+eXe3nKwWFQoF77rkHu3fvxowZMxAeHi7an5WVhc8//xyfffaZsE0mk+G5556rs5p8fHzQtWtXYR0dHY1XXnnF5GcoLCwMr732GmbNmgWtVotFixaJujOlpqZa1B2nts2aNQs+Pj7Cet26dXj11VdNRk9FRETg//7v/0xGfnXo0MHkmq+//jq8vLyE9a5duzB16lSzAcEzZ85gxowZok5aLVq0wNSpU2v0vGpD7cXuiIiIrFBMZs1fQBMRERFR09GsdRZkDEA0WHne3TDbrzPCZdVrrU9ERES1K6YwBTqjHkqZovKDrdjgwYOxfPlyvPnmm8jKygIAZGRk4Msvv8SXX34JlUoFPz8/2NvbQ6lUQqPRICkpyexNeXd3d3z++efo2bNnuY83atQoxMTECAEXvV6PlStX4vvvv4efnx9cXFyQmpqK1NRUk3fqDx8+HLNmzSr32vfffz9efvllLF26FEBxh4YFCxZg8eLF8Pf3h0qlQkxMDDQajei8V1991WTURYm5c+fiqaeeEtZ79+7Fvn37EBAQABcXF+Tm5iI2NhYGgwEymQzz588XhX+k0rdvX2zYsEFYb9myBVu2bBHWixcvFo1lKk0mk2HcuHH46quvRNtDQkIQGhpa67V27twZb7/9Nt577z0YjUYYDAb8/PPP+Pnnn+Hh4QEvLy9otVokJiaafO06d+6MAQMG4Msvv4TRaERqairmz5+P999/H82aNQNQ3NHiq6++EnVwqa6uXbtiw4YNmDt3LsLCwoTthw4dwqFDhyCXy+Hu7g5PT08YDAakpKQgIyPD5DqtW7fGZ599hrZt21b4eM8//zxu3ryJPXv2ACgeQTN79mzY29sjMDAQcrkcycnJSE9PF53n6+uLFStWwN7evsbPuT7p9Xq88847mDBhAv766y/89ddf8PDwgLe3N/Lz8xEfH28SPJo1axa6dOlSp3W9+OKLePLJJ4XfSXv27MG+ffvg7+8Pe3t7JCcni0JdL7zwArp164YuXbqIAhxz587F559/LlyjPjg6OuKHH37AlClThBq3bduG7du3w8/PD25ubkhNTTUJf3Xq1AnvvPOO2Wu6urri22+/xTPPPCOMbDpz5gwmT54MV1dX+Pj4oLCwEImJiSZjh7y9vfHVV1/Bxsam9p9sFbGzChERUQVuZTGsQkRERESWC3Q7IHUJZI5MibMhE/CAX0cGVYiIiBoQrVGP+ML0yg9sAoYOHYpt27Zh8uTJJjcQtVotYmJiEB4ejsuXLyMqKsokqOLi4oInn3wSe/bssSgQMHPmTCxbtsyk+0d8fDyuXLmC5ORkUVDF3t4er732Gj7//HPI5RXfXpw+fTo+++wz0ViV/Px8REZGIjw8XBR2cHNzw7JlyyrshNK3b18sWLBAFEAxGo2Ii4tDWFgYbt26BYPBAJVKhY8//hgTJ06s9PnXh6FDh+Luu++u9vkPPvggZDKZaNvYsWNrWla5Jk+ejO+++070PQEAaWlpCA8PR2RkpOhr5+rqildffRVr167F888/j88++0w0YqqgoADXrl3DtWvXkJOTU6u1BgcH4/fff8eSJUsQGBgo2mcwGJCamorw8HBcu3bNJKji5+eHBQsWYOvWrZUGVQBApVLh888/x/PPPy8a56PRaHDt2jWEh4ebBFWGDBmC3377DSEhITV4ltJp2bIlVq1aJXRQSktLw9WrVxEdHS0KqigUCsyZMwfPP/98ndd0zz33YOHChaIRXwaDAXFxcbh27ZoQArG3t8e7776LmTNnAgAeffRRUWDIaDQiOjrapGtQXQsJCcHGjRtFoTyj0YiEhASEhYWJgipyuRwTJ07EmjVrKhwhFRoaig0bNmDgwIGi7ZmZmYiIiEB0dLRJUGXYsGHYtGkTWrVqVUvPrGbYWYWIiKgCMZnlzz0kIiIiIirN1lEJD+NmqcugMgwOgVja8j5sVTCkQkRE1BDdLEhGsK1X5Qc2Ab6+vnj33Xfxyiuv4Pjx4zh9+jQiIyMRExODnJwcYWSOg4MDHB0dERQUhPbt26Nbt24YMGAA1Gp1lR5vxIgRGDp0KPbu3YujR4/i4sWLSE9PR05ODuzs7ODm5ob27dujd+/eGD16NJycnCy+9siRIzFgwADs2bMH+/fvx82bN5GSkgKtVgs3Nze0bdsWAwcOxPjx4y3qPPHYY4+hT58+WLt2Lf755x8kJCQgLy8PdnZ2CA4ORp8+fTB58mSToIWUFAoFvvvuO3z55ZfYu3cvkpKSIJPJ4Onpifbt26NNmzYVnh8UFIQePXrg9OnTAIpvYI8ZM6ZOa+7fvz/27duH/fv34+jRo7hw4QJSUlKQm5sLBwcHeHl5oU2bNhg0aBAGDRoER0dH4dwRI0bgnnvuwcaNG3HgwAHExsYiJycHLi4u6NChg2gcS22QyWQYM2YMRo0ahX/++QdHjx7FpUuXEBsbi/T0dBQWFsLW1hbOzs4IDg5GaGgoBgwYgF69elUauCpLLpfjhRdewCOPPIJt27bhxIkTiIqKQkZGBnQ6HVxdXREQEIBevXrhvvvuq5PuN/WtS5cu2LVrF/bs2YNdu3YhKioKycnJsLGxgY+PD3r37o2JEyfWayBn4sSJ6N69O3755RecPHkSCQkJKCoqgqOjI1q2bIn+/ftj0qRJ8PT0FM4JCgrC6tWr8emnn+LSpUvQ6XTw9vZG7969663uEs2aNcPq1atx8uRJ7N69G+fOnUNqaiqys7Ph4OAgfA9NmDDB4jBJUFAQVq5ciYsXL2Lfvn04deoUEhMTkZmZCZlMBmdnZzRv3hxdu3bFmDFjGlyASmY0GtmbloiIqBxzdibg71hN5QcSERERUYPwYkYm8i+mSPLYIV0L0M39/yR5bDIvNeBeTPdqjiTwz19EREQN1UsBozHNd5DUZRA1SE8//TSOHTsGABg4cCBWrlwpcUVkjaZOnSqEogAgIiJCwmqoKWFnFSIiogrEcAwQEREREVko0OMvMBPRQCjtsDtkPN63UYJfFCIiooYtujBZ6hKIGqTY2Fj8/fffwnrSpEkSVkNEVPsYViEiIiqHTm9EYg7DKkRERERUObW9Al7G36QugwAUubbF/OC++FvGsT9ERESNwc0ChlWIzFm9ejUMBgMAICAgAIMGsQMREVkXhlWIiIjKEZethZ5vwiQiIiIiCwSG5EOOAqnLaPIim4/Ecy5eyGNQhYiIqNGILpBmhCNRQxYZGYn169cL6yeeeAIKhULCioiIah/DKkREROW4lVUkdQlERERE1EgEef5d+UFUZ4w27lgTMgYrlUZw7A8REVHjkqHLRbZOA2elvdSlEDUI2dnZePHFF6HVFnf9DggIwCOPPCJxVUREtU8udQFEREQNVUwmRwARERERUeVUtgp4Y33lB1KdyPXujqfajf0vqEJERESNEUcBERU7e/YsHnnkEVy7dk3Y9uabb0KtVktYFRFR3WBnFSIionLcymJYhYiIiIgqFxBSBAVypS6j6ZEpcab1g3jJ3h56mUHqaoiIiKgGoguS0dmxudRlEEli1KhRsLOzQ0pKChITE0X7pk2bhqFDh0pUGRFR3WJYhYiIqBwxHANERERERBYI8jotdQlNjt4xEEta3oftcr3UpRAREVEtiClMlboEIslcv37d7PZp06bhjTfeqOdqiIjqD8MqRERE5YhhZxUiIiIiqoRCLYePbJ3UZTQpyYGDMMOjOZJlDKoQERFZi/jCNKlLIJKMr68vkpKSIJPJ4OHhgbvvvhtTpkxBz549pS6NiKhOMaxCRERkRm6RAWka/vGbiIiIiCoW0FoPJTKkLqNpUNpjZ8h4fGijAMCxP0RERNYkoYivp6jpOnLkiNQlUBP3888/S10CNVEMqxAREZnBEUBEREREZIkgn7NSl9AkFLm1w7ygPjjFsT9ERERWiZ1ViIiImh6GVYiIiMyI4wggIiIiIqqEXCmDj2IdYJS6Emsmw40WI/GsswfyOfaHiIjIaqXqclBgKIKtXC11KURERFRP5FIXQERE1BAl5uqkLoGIiIiIGjj/1oDamCx1GVbLaOuBHztOwzQXD+TLpK6GiIiI6lpCIUcBERERNSXsrEJERGRGYg47qxARERFRxQJ9L0pdgtXK9e6BWX4dcUNmkLoUIiIiqifxRWloaecjdRlERERUTxhWISIiMiMhh51ViIiIiKh8MoUMfsq1HAFU2+QqnG41Di/Z28PIoAoREVGTws4qRERETQvDKkRERGawswoRERERVcS3hQw2xjipy7AqescgfNJiGHYo9FKXQkRERBKIL0qTugQiIiKqRwyrEBERmZGYy84qRERERFS+oIAwqUuwKsmBgzDDozmSZQyqEBERNVXxhelSl0BERET1iGEVIiKiMtI0OhTq2M+diIiIiMyTyQB/9a8Ap9TUnNIBO0IexGIbBfgJJSIiatriixhWISIiakoYViEiIiojMYddVYiIiIiofN4tFLA1REldRqNX5NYerzfrg9Myvv4mIiIiIL6QY4CIiIiaEoZViIiIykjM1UpdAhERERE1YEGB16QuoZGT4VrLUZjp5I58BlWIiIjoP9n6fOTqC+CosJW6FCIiIqoHDKsQERGVwc4qRERERFQuGeBvs4ETa6rJaOuJH1qPwo9Kjt0kqmtOCju8GjgWYz17muz7OmEPvkncU+H53R1b4Ye2s2pcx9K4bViTdLjG1ylNBhmGuN6Fvi7t0NmhOdxVjnCU2yJbn49kbRbO5NzA/oyLOJ8XbfE1Q+z8MMmrD+52bAlftRvUMiUydXm4oonFrvRz2JtxAQZU7XfX4hZTMML9bmG9JfUU3r21oUrXIGpq4gvT0NY+QOoyiIiIqB4wrEJERFRGQg47qxARERGReV7NlLA3XJG6jEYpx6cnZvl2RKRML3UpRFZvoEsHvNVsIrzVLlKXUus6OzTH28ETEWLnZ7LPQ+4ED5UT2tsHYqrPvTiceRkLb21Emi6nwmvO8LsPz/rdB7lMLtrurXaBt9oF97p2xIScG3gp8idk6zUW1dnfub0oqJJclIWlcX9YdC5RUxZflM6wChERURMhr/wQIiKipoWdVYiIiIioPEFBUVKX0PjIVTjZZhIe8G3PoApRHXNW2GNR88ewvPX/WWVQpadTCL4NmWE2qGLOva4d8X2bmfBQOpV7zEOe92Cm/3CToEpZPZxa46MWUyx6XHu5DeYHTxBtWxy7GTn6AovOJ2rK4gvTpS6BiIiI6gnDKkRERGUksrMKEREREZUjwG6j1CU0KnqnYHwYOhUv29vBKJO6GiLrNtj1LmwJfQ0jPbpJXUqdCFC74/NWT8JOYVOl81ra+eCzVk9ABtNfQnZyNV4MGC3atj/jIoZfeh89zr2GN2+uhdZ4J2TX16UdhrjeVeljzgkYCT+1m7Del3EBBzMvValuoqYqvjBN6hKIiIionnAMEBERURmJueysQkRERESm3ANVcDD8K3UZjcbtwCGY4RGEVHZTIapTtjIV3mv+CIa7d62Xx3vm2tc4mxNp8fF6GGrlcV8KHAMHha3J9tW3D2FT6gmkaLMRZOOJ5/zvx+AygZIuji0wxqM7/kj7R7R9uFtXOCvthHW2Lh9vRa9DvqEIAPBn+lnc7dgSE7x6C8dM9OqDAxUET7o6tMAkrz7COkunweKYzVV7skRNWEJRhtQlEBERUT1hZxUiIqJS0vN1KNAZpS6DiIiIiBqgoOBbUpfQOCgdsK39FDzkGYhUGV9bE9U1L7WL2aDKuZwofHCr9rtBGYwG6GH5f7UhUO2Bwa4dTbb/nHQEn8VvR0xhKvINRbiWn4CXIn/C5bwYk2On+Qwy2dbDqbVofTInQgiqlDiceVm07urYEspy/qyukimwIHiSaKTQ0rg/kKbLKf/JEZEIO6sQERE1HQyrEBERlXKbXVWIiIiIqByB9nxnfGUK3TvgxdCH8bGNQupSiJqsbF0+Pri1EU9e+xI3C5KlLqdWjPToJgqAAIDeaMAPt/ebHGuEET/ePmiyvZWdLzrYB4q2tbMPEK1v5pt+vqIKkkRrW7kKre38zNY53W8YWtr5COsT2REm3VyIqGIp2mypSyAiIqJ6wjFAREREpaTkMaxCRERERKZcfVVwMpyUuowGTIaIlqPwnLMHCsGxP0RSOZhxCYtif7e6m739nNubbAvLi0WGLs/s8X9nR0Bn1EMpEwfnBriE4oomTli7KR1F+811QEnX5Zpsc1c5Afniba1t/fCkz2BhrdEX4v066GxDZO2y9BoUGXRQy3n7ioiIyNrx//ZERESlpGr4h3UiIiIiMtWsRbzUJTRYRltPfNd6NFYrDQA49odICinabHwUsxn7My9KXUqtU8kUJh1QAOBafkK552gMhUgozEAzW0/R9i6OzUVrR4WtaF1kMH0DS6FBa7LNucx5csjwXvOHoSp1c/3LhF2IL0ovt0YiKl+KNhsBNu5Sl0FERER1jGEVIiKiUthZhYiIiIjMCXDcARikrqLhyfbphZm+HXBTxk8OkVRStdl4MOwj5OgL6u0xbWUqjPe6B8NcO6OFnTcc5LbI0OXiVkEKDmeFYUfaGWTpNbXyWME23mY7LNwqTKnwvJjCFJOwSkiZ8T3Gagbsyp71mPcAdHRoJqwv5t7CuuSj1bo2ERX/XmNYhYiIyPoxrEJERFQKO6sQERERUVlOXiq4GA5KXUbDIlfj79bj8JqdHYwMqhBJKt9QVK+P19WxBT5s8Sh81W6i7T5qV/ioXdHTOQTP+t2H5fE7sTH17xo/XoCNm9nt6VrT8TylpWlNR/p4qpxhJ1cLn7NcfQFs5Cphv7lQTOn9JXL0d2YABajdMct/uLAuMujw7q31kEOGB9y74X63zmhnHwhXpQMKjVrEF6bhRPY1rEs+imRtVoXPgaipsrZRZkRERGQewypERESlpGrYWYWIiIiIxJq1TJK6hAZF7xSMRS2GYLecQW+ipuj5gBGVHuOstMdbwRPQzNYTS+O21ejx3JVOZrfnlgqMmN9vvtOMu9JRGM+Tqs2Bh+rO9T3MPJa70tFkW3LRnRvpbwdPhJ3CRlj/cPsA0nW5WN3uBdzlECw6Tw0l2tkHop19IB7x6ovXb/6CI1lhFT4PoqYolWEVIiKiJkEudQFEREQNCTurEBEREVFZgU47pS6hwUgMGopxLQczqEJEFnnc516Mcu9Wo2s4KWzNbi80aCs8r9Bofr+Twk74+IomVrSvlZ2vyfGty2zL1RcgsuA2AGCMRw/0dm4r7LuRn4hVtw9gacsnTIIqZdkpbPBpy2kmo4mIiGEVIiKipoJhFSIiolLYWYWIiIiISnNwV8HNuFvqMqSncsTWDlMxwSMA6Rz7Q0RV8GrQONjKTEfpWEptZgwPAOhR8e8indF8qK70WJ8T2RGiffc4t4GD3Ea0bYhrJ9H67+xwGGGEu9IRLweOuVOP0YB3ozfgfrcu6ObUStiebyjCy5E/oce51zDy0of4N/dmqeemxLyg8RU+D6KmiGOAiIiImgaGVYiIiP6jNxiRkc93iBIRERHRHc1apUldguQK3DtiTodJWKLmn5GICCgy6PBd4j6MvfwRepx7Df3Pv4WXIn/C9fxEs8e7Kh0wyqN7tR9PITP/u8dgNFZ4Xnn7S1/vQMZFJBVlCmtHhS0+bPEYfFSusJGpMM6jp0nt65KPAgDmBY2Hq9JBtP2SJgYPe/cVH590FPszL6LIqENcURreiV4v2t/dqRVa2HpX+FyImhp2ViEiImoalFIXQERE1FCk5+thqPhvXURERETUxAS47AOa7GtEGcJbjsZMZ3cUgqFuoqZGYyhEuCZetM0IIz6O3SLqDlKk1+FA5kX8nR2O79vMREeHZibXGuDSAZtST1SrDr3RfAeV8kIsJZQyhdntpTuu6GDA+7c24suQZ4Rtg1w7YpBrR7Pn/p5yEv/m3sS9LqG4372LsD2uMA1fJeyCk8LOZPzPocxLovWtwhRE5t8WjRzq49wONwuSK3w+RE1JijZH6hKIiIioHjCsQkRE9J8UjgAiIiIiolLsXJTwMG6TugxJGO28sLLVKKxRGtCE0zpETdoVTRwevrrU4uPzDUX4KHYLfmk3x2RfZ8fm1a6j0KA1u728MEpl+4sM4n/7H82+igXRv+KtZhOhlpf/5/I/085icezvcJTbYn6zCaJ979/aiHxDEXo5hZicZ67jzI0yYZVQ+6AKnwtRU5OizZK6BCIiIqoHDKsQERH9JzWP7xYlIiIiojuatc6CrAl2FMn2vQfP+nTALVnTe+5EVDOX8m4hRZsNL5WzaLur0gE2MhUKjeaDJxXJ1mvMbreVqyo8r7z9mbo8k21/pP2Df3Ju4FHv/ujl1AYBNu5QyhRI1ebgQl40tqSexOmcGwCKx/94q13unJt6GidzrgEA/NXuouvm6PNRYOY5lx1x4qd2q/C5EDU1Gbo86Iz6SkNpRERE1LgxrEJERPSfVHZWISIiIqJSAt0ONq2mInI1joc8iNdtbWFkUIWIqim+MM0krAIAzko7pGirHlYpbxyIs8K+wvNclQ4m2/RGA9J05q+XUJSBT+Mq7qZ1t2NLjPfsJaxTtdlYEveHsHZU2IqOz9cXmb1OQZluMQ5lziNq6owwIk2bAx+1q9SlEBERUR1iWIWIiOg/DKsQERERUQlbRyU8jL9LXUa90Tk1x4ctBmOvnCEVIqoZlcz8n5wLDOaDG5WJK0w1u91N5VjheW5mwiq3izKhNVbv95xapsQ7wZMgl8mFbYtjNiNHny+sy3Zz0ZXzWGW328nV1aqJyJqlMqxCRERk9RhWISIi+k8KxwARERER0X+CQnIhR9MIMycEDcN09wBksJsKEZViK1PBXeUId6UT3FWOcFM64FhWeLmdSUoE2XiYbNMadMjRF1SrjtjCNOTpC0y6jwTbeFZ4XrCtl8m2cE1ctWoAgGf97kdzW29hfSDjIvZnXhQdU7ZjSnkjTMpu1xgKq10XkbVKKTMui4iIiKwPwypERET/YWcVIiIiIioR4H5U6hLqnsoJW0LG4VO1HE1r3hERVWaq90C8EjTWZPv/4nZgVdLBcs/r5RQCZ6XpeJ7w/Phq12KEERdyo9HHpZ1oexs7/3LPcVM6wFftZrL9TG5ktWpoa+ePx33vFdbZOg0WxZh238otE8gp22mlhL1C3Eml7HlEVDxmi4iIiKybvPJDiIiImoaMAr6TlIiIiIgAtZ0CXvhN6jLqVIFHR8zqMPG/oAoRkdjFvFtmtz/pOwQBanez+5wUdpgXNN7svlPZ12tUz+GsMJNt7ewD4Kl0Mnv8vS4dTbYZjAYczrxc5ceWQ4Z3gx+GqlQ3lM/itiPVTIeZ2DIji5yV9qLzSnipXCo8j4gYViEiImoK2FmFiIjoP1kFBqlLICIiIqIGIDAkHwrkS11G3ZDJcaXFaDzv5IpCjv0honJcyItGXGEaAsuM9HFW2uGXdi/i68TdOJR5GenaXLgo7dHbuS2e878fQWZG8+iMemxOPWmyfWfHtxBgYxp86Xz2JZNtu9L/xUuBY0SdSuQyOZ72G4qPY7eIjlXJFHjCd5DJNU7lXEdCUUb5T7ocj/vciw4OQXeuk30NW9JOmT32iiYOeqMBCtmdIGCInR+ulBk/FGLnJ1pfzoupcl1E1i5ZmyV1CURERFTHGFYhIiL6TxY7qxARERERgEDPE1KXUCeMdt74ptVI/KJkSJvI2ijKaaAtl5WzHbJyz9Gj+HfET7cP4q3giSb73VWOmN9sAuY3m2BRbdvTziC+KN2iY8uTrddgU8oJTPEZINr+qHd/FBq02JjyN9J1uWhl64s5ASPR3Nbb5BorE/dV+XED1R541v9+YZ2vL8R7t8rvvKUxFOKfnBu4x7mNsO0+ty6isEpbO38E23oJa51Rj7+yrlS5NiJrl67LlboEIiIiqmMMqxAREQHQG4zILeIf7YmIiIiaOpWtAj6yX6Uuo9Zl+fbGcz7tcEvG17xE1maMRw+833xylc6Z4X8fZvjfZ3ZfSWeTTaknMdz9bnR3alXt2iLzb5t0PqmubxJ3Y6jbXfBVu4m2P+k7GE/6Dq7w3C2pp3AuN6rKj/lO8CTYydXCekXC7kqDN+uTj4nCKpO9+yMsLxZHssIQaOOBhWW+VgczL7GDBJEZ2TqN1CUQERFRHeNgYiIiIgDZhQYYpS6CiIiIiCQX0LoICljRO3kVNjja9hGM8G3DoAoRVYkRRrwY+UO1R9RcyYvFc9dXIt9QVCv15OgL8Nz1lUjX5lTpvCOZYfggZlOVH+9Bj17o6RwirC/nxeCX5L8qPe9Q1mUcyQwT1rZyFT5tNQ3/3P0JtoS+jnb2AcK+bJ0GS2L/qHJtRE1Btt5KRzISERGRgGEVIiIicAQQERERERUL8v5H6hJqjc65Bd4JnYJ5djZSl0JEjVSOvgDTIr7Ad4n7oNEXWnROnr4A3yfuxxMRXyJJm1mr9UQVJOGJiC9xJiey0mOLDDr8ePsgXor6CTpj1f7N76l0wkuBo4W11qDDO9EbYOnbXObd/AV/Z4VXeEyaNgfPXv+WXVWIypHFzipERERWj2OAiIiIAGQVMqxCRERE1NQp1HJ4y9fBGlruxTUbhmfdApAh00ldChE1cjqjHl8m7MLqpMMY8d9YoLZ2AXBVOsBeYYM8fQEydLm4pknEyZxrOJBxEVn6urvJfKswBU9f+wp9ndthsOtd6OrYAp4qZ9jJ1cjU5SGuMA1/Z4djZ/q5Skf2lOfNZg/BWWkvrFfdPogbBYkWn68xFOK5GysxxLUTRnl0Q0f7ZnBTOiDfUISbBck4khWG9cnHkGewLABE1BRxDBAREZH1kxmNRiv4EwwREVHNHInOwyt7LP/DExERERE1TC9mZCL/Ykq1zm3WwYg+flNruaL6ZVQ54/eQcVimlkldChEREVGN/NP1E6jlfM81ERGRteL/5YmIiMAxQEREREQEBPqck7qEGinw6ISXArvjgoyvbYmIiKjxy9Jr4CV3lroMIiIiqiMMqxAREYFhFSIiIqKmTq6UwVextnGOAJLJEdZyDF5wdEEhgypERERkJbJ1GnipGFYhIiKyVgyrEBERAcgs5B/1iYiIiJoyv1aA2pgsdRlVZrDzwYrWI/CrwiB1KURERES1KkuvkboEIiIiqkMMqxAREQHIKuAf94mIiIiasiC/i1KXUGWZfn3wrHc7xLKbChEREVmhbF2+1CUQERFRHWJYhYiICBwDRERERNSUyRQy+Ckb0QgghQ2OtH4Qb9rZAODrWCIiIrJO2eysQkREZNUYViEiIgKQxTFARERERE2Wb0sZbIxxUpdhEZ1zS7zX/F4clPP1KxEREVm3LB3DKkRERNaMYRUiIiJwDBARERFRUxbkf0XqEiwS1+w+THcPQBa7qRAREVETwM4qRERE1o1hFSIiIgDZ7KxCRERE1CTJZIC/an2DHgFkVLtgU8hYfK6SAWDImoiIiJoGdlYhIiKybgyrEBERAcgr4h/9iYiIiJoi7+ZK2BpvSF1GufI9OuGlwO64KGO4moiIiJqWHH2+1CUQERFRHWJYhYiImjyD0Yh8XQN+Ky0RERER1ZmgwAipSzBPJselVmPxgoMztAyqEBERURPEzipERETWjWEVIiJq8jRaBlWIiIiImiQZ4G+7ocFN1jHY++Krlg9gvbKBFUZERERUj7L1DKsQERFZM4ZViIioycvX8iYAERERUVPk2UwJe8MVqcsQyfDrh+e82yCW3VSIiIioicvScQwQERGRNWNYhYiImrw8hlWIiIiImqRmQVFSl3CHwhaHQx7EfFs1AAZViIiIiHLYWYWIiMiqMaxCRERNnoZhFSIiIqImyd9uU4MYAaRzaYV3gwfikJwhFSIiIqISGn2h1CUQERFRHWJYhYiImjxNUQO4Q0FERERE9co9QAVHwzmpy0BM8P2Y4eqHbI79ISIiIhIpNOpgNBohk8mkLoWIiIjqAMMqRETU5Gm0RqlLICIiIqJ6FhR8S9LHN6pdsCFkHL5QAQBfjxIRERGZk28ogr3CRuoyiIiIqA4wrEJERE0exwARERERNT0BDlslGwGk8eyClwLuxiV2UyEiIiKqUIFBy7AKERGRlWJYhYiImjyGVYiIiIiaFldfFZwNf9f/A8sUuNhqLGY7OEHLoAoRERFRpQoMRVKXQERERHWEYRUiImry8hhWISIiImpSglok1PtjGuz98EWr4fhNwdeeRERERJYqMGilLoGIiIjqCMMqRETU5OUzrEJERETUpAQ67qjXEUDp/v3xrFdrxMv4upOIiIioKthZhYiIyHoxrEJERE1entYodQlEREREVE+cPFVwMRyonwdT2OJgyHi8batCvaZjiIiIiKwEO6sQERFZL4ZViIioydMU8cYBERERUVPRrFVSvTyO1qU13gkegCNyfb08HhEREZE1ymdnFSIiIqvFsAoRETV5Go4BIiIiImoyApx313mTk1vBw/Gsqy+yZQyqEBEREdUExwARERFZL4ZViIioySvQcQwQERERUVPg4KaCm34XIKub6xvVLvg1ZBy+UgEAX2MSERER1RTHABEREVkvhlWIiKjJK9LzRgIRERFRU9CsdRpksrp57afx6ooX/boijGN/iIiIiGoNxwARERFZL4ZViIioydMZGFYhIiIiagoCXPbXfsMTmQLnW43Fiw5O0HLsDxEREVGt4hggIiIi68WwChERNXlahlWIiIiIrJ6dixIexj9q9ZoGB3983vJ+/K4w1Op1iYiIiKgYxwARERFZL4ZViIioyeMYICIiIiLr16x1FmSovc4naf4D8KxXKyTIGFQhIiIiqivsrEJERGS95FIXQNKLi4tD27Zthf+++OILqUsiIqpXOoZViIiIiKxeoNuh2rmQwhb72j2KMd4tGFQhIiIiqmP57KxCRERktdhZhYiImjyOASIiIiKybjaOSngYNgOyml1H6xqCt5r1xzF57XVoISIiIqLysbMKERGR9WoQYZV58+Zhy5YtlR5nb28PZ2dnODs7Izg4GJ06dUKXLl3QtWtXqFSqeqiUiGpDXFwchgwZUmfXX7x4McaPH19n1yfrwzFARHeMauOEdwb51Pg6r+9NxMGbeRUe08nHFve2cMDdfnbwcVDC2VaBAp0B6Ro9LicX4FhMHg5G5aGuf0JlAAa1cEDvIHt08rGFu50SDmo5sgv1SMnT4WxiAQ5G5eJiUoHF12ztrsZDHVzQ1c8WPo4qqBUyZBboEZ5SiN03cnAgKhdVzcm9P9gHw0OchPUf4dn44Ehy1S5CRNREBYXkQS6r2Y2O6OYPYIaLN3JlDKoQERER1ZcCdlYhIiKyWg0irGIpjUYDjUaD27dv49q1a9i3bx8AwMvLCw899BAefvhh+Pv7S1wlkXWKiorCAw88AIBhELI+OnZWIapXnvYKvDnAG/2DHUz2qRUKONso0NxNjVFtnXE9rRAf/pWMsOTCOqmlk48t3ujvhdYeNib7POyV8LBXop2XLR7r5Iq/ovOw6K9kpOVXfJPy/7q54Zlu7pDLxG/f93ZQwttBiQHNHXA2IR+v7U1EdqFl4yP6NrMXBVVS8nT4/ESqRecSEREQ6H602ucabVyxtvVYfM33yBARERHVuyKjTuoSiIiIqI40yLBKSEgI7O3tTbbn5eUhKysLGRkZ0OnuvEBJSUnBN998g59++gkvvfQSHn/8cchkNeztS0QiFy9erLVrqdVqdO7cudLjcnNzERkZKaw9PDwQGBhY6Xnu7u41qo+aHi3fHEtUb3wclFgx2h/NXNQWHR/iYYOvRgZgzq4EXLhteWcTS/QIsMPS+/1gp5JbdPyA5g4IcgnAc9vjyw2sPNjeGTO6e1R6rW7+dvhgiA9m70ys9Fh7lQzz+nmJtn1yLAW5RZYFXYiImjq1nQJe2FCtczVed2OOfxdcYTcVIiIiIkkYjPy3LxERkbVqkGGVDz74AF26dCl3f0FBAS5fvoyTJ09i48aNuH37trB90aJFOHz4MFasWAE7O7t6qpjI+tVmWMXb2xu//fZbpcedOnUKjz/+uLAeOnQoFi5cWGt1EJUoYmcVonqhkANLh/tZHFQp4aCWY+n9fnhkYwxSNbVzszDASYkl91keVCnRwk2NT+7zxf/9EW8ynshOKcMLvcRBlYNRuVh2IhXp+XoMaemABQN9oFQUh6p7BzlgUAsHHKpkXNLzvTzg63Tn7fwHonJxOLric4iI6I7ANgVQIL9qJ8kUONdqHF50cISeQRUiIiIiyejBsAoREZG1apBhlcrY2tqie/fu6N69O5599ln8/vvvWLx4MfLzi//49Pfff2POnDlYsWIFlMpG+RSJGpwLFy5IXQJRndHpGVYhqsy4X6NxO8fy1rvmfqweau+Ctp6m43aO3crDd2fTcTOjCK62Coxr74wnurqJxui42Cowq6cH3jucXK36y5p9jycc1KZBlV8uZGDzlWykaHQIclZhend33NvCUXRMJ187jGrrhO0ROaLt97V2gpONQljnFOrxzqEkFOiKPxm7rueiq58dHmzvIhzzUAeXCsMqnX1t8VCHO8dnFeix5FhK1Z4sEVETF+h5okrHGxwC8FnL+7FFwZAKERERkdSMRv7djoiIyFpV7a2kDZBSqcTDDz+M33//Hb6+vsL2I0eO4KOPPpKwMiLrUVRUhIiICKnLIKozWnZWIaqUwVAcQLH0v7JkAB7r7Gqy/UpyAV7ek4grKYXI1xmRmKvD1/+kY93FTJNjh7d2gqe9wmR7VQU4K3FvCweT7esuZuJ/J9MQm61Fgc6I6+lFeG3vbYQlm44fmtLJ9Ll08xd39TsVly8EVUocKdMRpbOvLRTlvCJXyYH5A7xFoZ3/nUwtdwQRERGZUtrI4Y31Fh+fGjAQE1vfx6AKERERUQOhN+lrSkRERNbCatqOtGrVCt988w0effRRaDQaAMCvv/6KyZMno1WrVhZd48SJEzhw4ADOnTuHxMRE5OTkwMHBAR4eHggJCcHQoUMxePBgODiY3twAgA8//BBr1qwR1p9//jkeeOABi5/D6dOnMXXqVGE9fvx4LF68uM7qrakzZ87g4MGDOH36NJKSkpCZmQmVSgVXV1cEBQXhnnvuwf3334+WLVtWeq3BgwcjPj4eANC3b1+sWrUKAJCUlIS1a9fi+PHjiImJgUajgbOzM3x8fNC/f3+MHz8eLVq0qPDa8+bNw5YtWwAAnp6eOH78OAAgNzcXv/zyCw4cOICoqCgUFBTA0dERrVu3xv3334+HH34YNjbid3+Hh4dj3bp1OH36NBITE2EwGODu7o7OnTtjwoQJGDBgQJU+h5GRkdixYwfOnDmD6OhoZGZmQq1Ww8PDA4GBgRg4cCDuv/9+URCrPFOnTsXp06cBAD179sTPP/8MoDhosnXrVuzZswcRERHC18nNzQ0dO3bE6NGjMXToUMhK3Qgzd83S3njjDbzxxhvC+vnnn8cLL7xQpedeX4qKirB7924cP34cFy5cQHp6OjQaDVxdXeHh4YEuXbpg2LBh6NOnD+TyquX3bty4gT///BMXLlxAZGQksrOzUVRUBAcHB3h6eiI0NBSDBw/GsGHDKu3yFBcXhyFDhgjrd999F5MnTwZQ/Lth/fr1+Pfff5GSkgK5XA4fHx90794dU6ZMQWhoqMlz3rRpE/bs2YPw8HDk5ubC3t4eQUFBGDBgAKZNmwY3N7cqPVdrpjMYwawKUd3r6mcL/1KjbEr8dD7D7M/gmvOZmHyXKxTyO/9/UipkGN7aCb+YCbJUxQMhTqIACADoDUb8+G+6ybFGAGvOZ+Dj+/xE21u626C9pw2uphYK28p2jYnOLDK5XnSGeJutUo7W7jaIKHWdEk/f7Y4WbndGJp2M1Zh0cyEioooFhmihRHblByrtsDfkQbxnowLYap6IiIiowTAa+dqMiIjIWllNWAUA2rdvj9mzZwsdVXQ6HZYuXYoVK1ZUeN61a9fwxhtv4PLlyyb7MjMzkZmZicjISOzevRteXl546623MHz4cJNjR40aJQqr7Nu3r0phld27d4vWY8aMqdN6qys6Ohrvvfce/v77b5N9RUVFyMvLQ3x8PE6ePIkvvvgCY8eOxZtvvgknJyeLrp+dXfyHxJ07d2L+/PlC+KhEeno60tPTcfXqVfz444+YM2cOnnnmmSo9hytXruDZZ59FUlKSaHtmZibOnDmDM2fO4Pfff8dPP/0k3NRftmwZVq5cCYNB/OL49u3buH37Nvbs2YNHH30U77zzTqWPn5WVhXfffRe7d+82uV5RURFyc3Nx69YtHD9+HEuXLsWMGTMwffp0qFSmN/kqEhERgRdeeAG3bt0SbddqtdBoNIiPj8eePXvQr18//O9//4Ojo2M5V2qcdu/ejcWLF+P27dsm+1JSUpCSkoLw8HCsX78ed911F95//320b9++0utmZWVh4cKF2LFjR7n7s7KyEBkZiW3btiE4OBhLlixB586dq1S/0WjEwoULsW7dOpN9MTExiImJwdatW/Huu+/i4YcfBlAcgJo5cyaio6NFx2dnZyMsLAxhYWHYuHEjVq1ahbZt21apHmvFEUBE9aNPkGl4Vqc34mSsxszRQEaBHldTCtHRx1a0vV+wQ43DKuZquZJSiMwC838AOxmngc5ghFIuDrj0C3YQhVXcbMVdX9LNdEAx1xXF3c60W0wrdzUe73InWKjRGrD4aO2MQCIiakoCvf6p9Bitaxu8Fdwfx2SWj7sjIiIiovrBzipERETWq9GPASpr8uTJ8PLyEtYHDx5EYmJiucf/9ddfePjhh02CH35+fggNDUVwcLCo20JKSgrmzJkjdP4orXPnzggKChLWhw8fRlGR6TtqzTEYDNi7d6+w9vHxQa9eveq03uq4dOkSHnnkEZOgipubG9q1a4eQkBBRJxe9Xo/NmzdjypQpSEtLs+gxDAYDjh8/jpdfflkIqnh5eaFDhw5o1qyZqEOFVqvFp59+iu+//97i55CWlob/+7//Q1JSEuRyOZo3b4727dvDxcVFdFx4eDjeffddAMDXX3+Nb775BgaDAfb29mjbti1CQkJMwiPr1q3D1q1bK3z8uLg4TJgwATt37hQFVVxdXdGhQwe0atUKtrZ3bswVFhZi+fLlePHFF6HXW96KOj4+HtOmTROCKu7u7mjfvj1CQkJMOsYcO3ZMeK6ltWrVCp07dzbpThQUFITOnTsL/1nS+aW+ffXVV5gzZ44oqFLy9e7QoQN8fHxEx5d8b585c6bC6+bm5mLKlCkmQRUnJyc0b94coaGh8PMTv/v+1q1bmDZtGi5evFil5/Dll18KQRVXV1e0b98ezZs3F/2MGwwGvPfeewgPD0d6ejqeeOIJIagSEBCA0NBQeHt7i66bmpqKF1980eLfT9aOI4CI6sddZUInABCfo0W+rvyfwRvppt1GOnjZQGHaDMxiKrlpBxQAuJ5m+lglNFojEnO0Jts7lXlODmrxS+tCnWn4pchMQM6xzHlyGfD2QG+oSj3Rb/5JQ0IOb6ISEVWFQiWHj8I0+F1aVPMRGBnch0EVIiIiogbKaOTf7oiIiKyVVXVWAQBbW1uMGjUKP/74I4DiFzIHDhzAlClTTI6Njo7GSy+9JAQiZDIZpkyZgieeeAKBgYHCcdnZ2di8eTOWL1+OvLw8AMDHH3+MZs2aYejQoaJrjhw5Et988w0AIC8vD8eOHcPgwYMrrfvs2bNISUkRXafsSJK6qLcqsrOzMXPmTGRkZAjbBg0ahDlz5oi6Uej1epw4cQKffPIJIiIiABQHP+bPny98bipSWFiIt99+GwaDAQ888ADmzJkjGvWTmpqKFStWYO3atcK2pUuXYuDAgQgJCan0+h999BHS0tIwZswYvPLKK0JowWg0YseOHXjjjTeg1RbfkNqzZw8OHDiAr776Cg4ODpg3bx7GjRsHtbq4Jb9Go8GyZctEHXVWrlyJcePGlfvcZs+ejZiYGGFbv379MHv2bFHXjaKiIhw5cgSffvqpEDzYv38/PvnkE9H4nfIYjUbMnz8fGRkZ6N69O1599VV06dJFdP1NmzZh0aJFwnPdvn07Zs6cKRrbVBJgOXXqFB5//HFh+8yZMzF+/PhK65DKzp07sXz5cmHt4OCAOXPmYPz48aIOP3FxcVi1ahXWrVsHo9GIgoICzJgxAzt27DAJnJRYsmQJrl27Jqw7duyId955B506dRIdFxsbi6VLl2LXrl0AgPz8fMybNw87duywaNxQZGQk1q9fD09PT7zzzjsYMmQIFIrid94nJSVh3rx5QmhMr9fjxx9/hE6nQ3JyMvr164f58+eLvpYXLlzA7NmzhfBOVFQU9u/fjxEjRlRai7VjYxUiyznbyDGhgwsGNndAoIsKaoUMGfl6RKYX4a9bedh5PQeF5YRPWrqrTbbFZJkGQEqLNbPfTiVHoIsKtzIrPrc8zVzVUJtJu5h7rLL7g1zEzyHEQ7wu/gNaDZI0/3mkoytCve8EYS4lFWD9pawaX5eIqKnxD9FDZTQd8QYARhs3/Nx6LL5VGQG+W5eIiIiowdJzRCMREZHVsrrOKgDQu3dv0frcuXNmj1uwYAFycnIAFHdcWLJkCd566y1R8AMAnJ2d8cQTT2Dt2rWws7MTti9evBiFheJ34Y4cOVK0Lt0tpSIlN7RLmBsBVBf1VsXSpUuRnHyn/fzEiRPx9ddfm4xNUSgU6NevH9auXYs2bdoI2w8dOoSDBw9W+jg3btxAfHw8xo8fj88//1wUVAEAT09PLFiwANOmTRO2GQwGfP3115VeOyMjA9u2bcP48eOxZMkSUXcNmUyG0aNH4+mnnxa2GY1GzJkzBwaDAd9++y0mTZokBFUAwN7eHvPnz0fXrl2FbZGRkSZjd0p89913CAsLE9aTJ0/GDz/8YDIeRq1WY9iwYdi4cSNat24tbP/ll19w/fr1Sp/n+fPnceLECQwdOhSrV68WBVVKrv/oo49i5syZou1lR1E1Rrm5uaJRTK6urtiwYQOmTZtmMooqMDAQCxYswMKFC0XnL1myxOy1s7KysGXLFmHt6emJH3/80SSoAhR3n1m2bJmoQ1JkZCSOHj1q0fP49ddfoVKpsHr1atx3331CUAUo7ry0bNkyURejP//8Ezt27MCAAQOwcuVKUVAFKO789OGHH4q2WfLz2CTw3gSRRe5t4YDNjwTjuZ4e6OBtC2cbBWyVcvg5qdAv2AFvDvDG5keCMaiF6Ygde5UMrramo24yzIzEKc3cGB0ACHCq2li80vydzGe1y3usivZ72Cthq7wTTsktEv8BzUZp+lLbxkxQJqfwznn+Tko828NdWBfpjfjgSDLkMmBEiBM+G+6HnVOa4/j/tcKhJ1rgl4eC8EIvD3jZm35+iYiauiCff81uz/PuhqfajfsvqEJEREREDRk7qxAREVkvqwyrdOvWTbSOiooyOebChQs4deqUsJ44cSJGjx5d4XXbt2+PWbNmCeu4uDiTMEqbNm1EAY2DBw8KnSvKU3YEUEhIiEkApK7qtVRubi7++OMPYe3t7Y0333wTMln57x52cnLCggULRNt+++03ix7P1dUVb775ZoXHvPjii3B0dBTW+/fvR0FBQYXn6PX6Sq89atQo0Vqr1eKhhx5Cjx49yj2n7NeidOeNEvn5+fj555+FdUhICN56660K63V2dsbixYuFtU6nE3VxKY9Wq4WrqysWLVokGptU1sSJE0Vfw6tXr1Z67YZu3bp1yM7OFtYLFiyotOPOpEmTMGDAAGG9c+dOJCUlmRx38eJF0SimESNGwNnZudzrymQyPPHEE6JtJ06cqOwpACj+Wj/zzDOisFJprq6u6Nevn7DWarVQKpV47733RMGW0vr27Qt39zs3QM19nzZF/OcukWVe6uMFFzOBk9K8HZT4aJgvHu4oHq3nZmf+vLLhDkv3e9QgmOFWznOobi3upZ5bWplAi7uZ521uW4rmzuiJNwd4w0515yX6T/9mID1fh+/HBuK9wT7oH+wALwcl1AoZHG0UaOtpg8e7uOH3R4IxINi+wudARNSUyBUy+JYdASRT4mzIBDzg1xHXZHyHLhEREVFjwM4qRERE1ssqwyqOjo6i7heJiYkmx2zdulW0fuaZZyy69uTJk6FS3Xk37759+0yOKd1dJSsrSxQyMafsCCBzIZS6rNcS+/btQ35+vrAeP3487O0rvyHSo0cPNG/eXFgfO3YMubm5lZ43YsQIky4YZdnb22PYsGHCurCwEGfOnKn02g888ECF127ZsqVJwGPixIkVXrNsGKJk1Epphw8fRmZmprB+6qmnKgySlOjUqZOoM8qBAwdEgYnyPPTQQ3BxcanwGC8vL3h7ewvr+Pj4Sq/b0JUOVQUEBJh0OypP6TFHRqPR7M9K//79cfnyZZw4cQI7duyw6OfwrrvuEq0t/RzL5XJMmDChwmNKB+MAoE+fPvD39y/3eJlMJgq/mAvkNEVGxlWIapVcJsPc3p642+/OGBsntfmASKG+4j84FZYzp6u861nCyaaatZQz3qj09a6miDvYtXQzHX1UdhxSbpEBUelFAIBRbZzQK/DO66vI9EKsPp+Bj+/zQ0cfW1TETiXH4mF+aG1m3BIRUVPk1xpQG+/8u8zgEIglHR/HbAcH6Gs+sY2IiIiI6gk7qxAREVkvqwyrAMVdB0poNBqT/aVDDS1btkRQUJBF13V0dBSNfPnnn39MjqnqKKDSo1dKRtHUZ72W+Pdfcfvke++91+Jzy3Z/CA8Pr/ScIUOGWHTtsuNtLOkUUVGHFKB4jFHpkIednR06duxY4TkeHh6idV5enskxZYM0pTt5VKb05zAtLQ03b96s9Jz+/ftbdO3SYRVzdTcm6enpiIyMFNaWfg4AoGfPnqKQW3k/KzKZDO7u7ggJCRF97srj5uYmWmdlZVlUT3BwcKXXL90lBaj8exsQf6829q93beG/d4lqn0Iuw+v97/wOU5sZfQMAleRDoDOY/wFVK6t/l7G2ayk91udUnPg1Z89AezioxI83uIWjaH0yVgMjijuuzOntWaoeI94/koxhrRxxt9+dsY4FWgNe35uIvt9HYtyv0bhw+06YWK2Q4dW+XhU/ESKiJiLQ95LwcWrAvZgQMhRbFZWH/omIiIioYWFnFSIiIutltWGV0jedy3ahyMvLw/Xr14W1r69vla5duotGeno60tPTRfuDgoLQqVMnYb1//34YDOZfUBkMBuzZs0dYd+vWzaQzQl3Xa4my42EqG6tSWsuWLUVrS8IqHTp0sOjawcHBonVMTEyVzzHHxsZG+DgoKAhyecU/KqW/3wCYHf104cIF4WOVSgVPT0+TY8pT9vN948aNSs8p23WjPLa2d96pXdnIqobu0qVLoqR9VX5WbGxsRN8bpUMvNVG2e46l7wQo3ZGoPKW/T4Gqf2839q93bWFWhcgyuUUGLD+ZirHrotH7uxu4f81NvHcoCQk55n+XtHRT457/uoQoy/nfaDn5j0r31yCrAkV1a7Hgegdv5iIp985IH0e1HO8N9oGPgxI2ChlGt3XCAyHi7m4bLmcCAF7p6wnXUiOKNlzOQlhyISZ0EHdJW385Cwdv5qFIb0R8tg4LDyeL9t/tb4fmrioQETVpcsBfvQ5Q2mF3+8cw1isYSXzVR0RERNQoGfhOMyIiIqtV+QySRqp094LSN+MBICMjQ3TDOCwsDJMmTbL42mVHZ8TFxZl0OBg5ciQuXrwIoLgTxpkzZ9CzZ0+Ta5UdATRmzBiTY+qj3sokJ9+5EeLi4gJHR8cKjhbz8/MTrUs/X3NsbGwsrq9s5wlLgjiVjRcCirtnlLDkuZY+vjylazMYDFX6GpbtgBEXF1fpOc7OzhZd25LaG4u0tDTReuPGjTh06JDF55ceGVbZ5zgnJwd79uzBiRMnEBUVhYSEBOTl5dVaAKQ633dV/d6m//Dfu0Qi2YV6XEsVj7Mp1Bux8HASojPv/I5Lz9djx7UcHIvJw+rxQfB3Mg1I9Au2x8k4DXTlJD3KC46UKC/kUt71LFFeB5XyHqsqtegNwOKjyfj8gTvB44HNHTGwufnf6VuvZuH87QIMCHbAsFZ3fofHZ2vx9T9pcFLLTcb/HI4Wj1OMydIiKqNINHKod5A9ojMt6+RFRGSN3LxSIHO2x6vBk/G3jN1UiIiIiBozjvAmIiKyXlYZVtHr9cjNvfOH/LIjWrKzs0XrrKwsUdeLqjI3SuOBBx7Axx9/LHRU2bt3r9mwSukRQCqVCsOHDzc5pj7qrUxOTo7wsb29fZXOtbOzE60re3xLQxaAaWeJ/Pz8co68Q6FQVHpMaWU7Y1RX6QCVXq+v86+hStX03lVd9mclPj4e8fHx1bpWfn4+9Hq9yfeL0WjE999/j2+//Vb0c1HbqvN9V9XvbSrGf+4Sif11S4O/bpmOUCxPZoEBX55Kw6Khpt2sOv0XtCjUm/9JU8orDtCVt7+wspk9FSjU1XItZZIzx2M0WHg4CfP6e5c7cggAdl3PwSfHUuCgluP1/uLRPYv+SkaBzohOAbYm591ILzLZFpleKAqrtPeyBcCwChE1Xfk+iXjQpy8yoav8YCIiIiJq0PTsrEJERGS1rDKsEhkZKepEEhgYKNqv0Vh+A8YS5q7n4+ODHj164NSpUwCKwyrz588XdTUoOwJo4MCBcHFxMblWfdRbmYKCAuHjsgGRypQdkVNZoKQqIYuyxxYVmd7AaSgsCdJYqra/J6xFbX9e8vPzTTqcvPLKK9ixY4fJsXZ2dnB1dYWzs7NJN6eaBJOo7rHXDFHNHb2VB53eCGWZcIa3Q/FLzZxC8+9qt6kgzFHR/qyC6odVcorKqaWS2ULl1lJoWsv2iBycic/Hw3e5omeAHfydVFDKgbR8PS7eLsAf4dk4k1D8uuCVXh7C56n43Gycji/e51emW01uod5s2CZNI35Ovo5W+RKfiMhi7U5H48eoMJy5ryuOtXXBSUUKCo0MrhARERE1RsZyB/MSERFRY2eVf8n+559/ROvQ0FDRuuzN5/Hjx2Px4sW1XseoUaOEsEpSUhIuXLiALl26CPvLjgAaPXq02evUV70VsbOzE7rVVDV0UVgoHiVQWWeWqgROyh5btotLQ+Lg4CB0/ggMDMSBAwckrsj6ODg4iNYff/wxxo0bV2vXX7t2rSioIpPJMGnSJEyePBlt27aFXG5+RkTbtm1rrQaqA0yrENVYgc6IjAI9vBzELy2dbYo7PpUNU5Rwsa24I5RrOftTNdW/4ZhaTi0ltValFr3BiPRyaknM1eHzE6kVXrOrny3Gtb/TUS5No8Oyv++c46AS/38lv5yuMAVltjuoK5lpRETUBNhnZGPAhiMYAKDAyR7nht2NYx3ccUKdBo2h4b7JgYiIiIjE2FmFiIjIelnlX7KPHj0qWt9zzz2iddkb2tUZi2OJ++67T9T5o3QXFUA8AsjJyQmDBw82e536qrcipUfzVLV7RdnjnZycqnR8RcoGZxpyWKV06Kj0mCqqPWWDXbX5eTYajVi1apVo2+LFi7Fw4UK0b9++3KBKySgwariYVSGqHSozY3IK/huRU6g3IjnPNNRRXhilhJud+f2xWdpqVFgsrpxz3apRS1KeDtpq/ppXK2SYP8Ab8lJd9z45loKcojsXtC3T7UVnMP8HurLb7SrpEkNE1NTY5mjQZ/MxvPbBNmxYfAYfnFXigSI/OMlNx60RERERUcNi5BBvIiIiq2V1YZXo6GgcOXJEWLu7u6NXr16iY3x8fEQhkpiYmDqpxdXVFf369RPW+/btEz4uOwLovvvuMxmXU6K+6q2Ij4+P8HFOTg6ysrIsPjcuLq7ca5mj0WiEDiSVSUpKqtK1pRQQECB8nJmZiZycHAmrsU6lP8dA7f6sREREiL6Xe/bsiQcffLDS81JTK35XPUlPxnu6RCL2KhkCnJW4y8cWA4LtMbadc6Ujcpxt5HC2NX1ZmVFwp4vJ9bRCk/3NXCoe/Wduf2a+Hom51e+sEpetRV6RacIkqBq1RKSaPidLPdPNHcGud177HbqZi4M3xYHksh1TFGYCQQCgLLM9X8s/5BERlUedX4ge20/gxUXbsP6DE/jopAyjC/zgKq+4AygRERERSUPGt5oRERFZLasLq6xYsULUyeDJJ58UBT0AQK1WIyQkRFhHRkZWuVuIpUaMGCF8HBsbi2vXrgEAzpw5IxoBNGbMmHKvUZ/1lqdjx46idUREhMXn3rhxQ7QuO5bJknPKc+vWLdE6KCjI4rrqW9nnfenSJYkqsV6hoaGQlUoe1ObnODExUbQuHUSryJkzZ2qtBqob/Acv0R0v9/HEkadaYevk5lg1LhBLh/vjrYHeGBDsUOF5g1o4ijqElCgd5jifWGCy39dRWeHImraeNibb/r1dtXGEZRkBXEwyrSXEw3xoGABcbeXwcTQNq5xLqF4tbTzUmNLJVVhnF+rx8bEUk+Nyi8Qji8p2WilhpxJvzzUTxiEiIlPKIh267j6N5z/ahnXvHcPSo3qMz/ODp8Kx8pOJiIiIqF4oZRV3QiUiIqLGy6rCKn/++Sf++OMPYe3u7o4pU6aYPbZbt27Cx0VFRTh8+LDFjxMbG4uCAtObHOYMGTIEtrZ3Wgv/9ddfAMQjgXx9fdGzZ88Kr1Nf9Zbn7rvvFq0PHjxo0XkGg0HU6cbe3h5t2rSp9Lyyo5zK8++//4rWlgRhpNK9e3fReu/evRafm5aWhvT09Nouyeo4OTmJvr/Onz8vCoVVJjIystyxPWVHCrm4uFh0zV9//dXixydpMKpCdMflZPOvF57v5QGnckIlvo5KPNfD3ey+f+LvhDn+umU6xlAhl6FPkPl3sgc4K9HK3TSscvhmzcchHjVTS1tPG3jYm/8DmLmwjsFoxJHoqtcilwFvDfSGUnHnt8//TqQiTaM3OTYuW9xBxtlGAZWZL4OXvVK0js2u/pgkIqKmSqHXo+OBc5ixZBt+fucI/negEA/n+MJX4Vz5yURERERUZ5Qyq7qNRURERKVYzf/ljx49irfeeku07c0334S9vfkbIOPHjxetv/vuOxiNlbdMLywsxJQpU9CrVy/MmDGj0tCIg4MDBg0aJKyPHTsGADh06JCwbeTIkZDLK/5S1Fe95Rk8eLDo5vwff/xhcvPenIMHDyI5OVlYjxw5stxxR6Vt3boVRUVFFR6Tm5srCs24uLjgrrvuqvTaUhk4cCDc3e/czNu6davJGKPyvPfee+jbty8efvhh/PTTT3VUYflkZd4tn59fs3e116XSPysGgwHfffedRedFRERg1KhR6Nu3L15//XWT7j7OzuI/UickJFR6za1bt+L06dOibQ35c9dkMa1CJPgrOs/siBx/JxV+mRCE4a0d4Worh0IGeDso8FAHZ/z0YCA8yoQlgOJuIXtv3Bl5F5VRhMtmOpo83tkV5qbb/N/dpgGYnEI9Dtw0//rjj0eD8c+M1ib/mbPnRg4KdOLnKZfJ8EQXN5NjVXLgcTPbT8flV2sc0WOdXNHe606Q+Z94DbZFmB8NGJ5aAL1B/HqvtZkAT+syXWHCygkdERGRZeQGA9odvYinlm7H6rcPYMUuDR7L9EGgwlXq0oiIiIiaHBU7qxAREVmtRh9WKSoqwsqVKzFjxgzRaJwnn3wSo0ePLve8Dh06iLqZXLlyBZ988kmFj6XT6TB//nzcvn0bBQUFOHz4sEU3nkeNGiV8fPbsWVy6dAnx8fHCtopGAElRrzm2traYNGmSsE5PT8cHH3xQYWAmKSkJixYtEtZyuRyPPfaYRY+XkJCAZcuWVXjMkiVLRF/zUaNGQaFouC9c1Wq16Pnn5+dj7ty5KCwsrOAsYO3atdi7dy8MBgPOnz9vMvqoPpQNGMXExNR7DZYaN24cXF1dhfUvv/yC/fv3V3hOamoqXn31VRgMBqSnp2Pnzp1wcBC/i75du3ai9Z49eyoMVO3fvx8LFixA8+bN4evrK2xPTEy0KGhG9cfcTXKipipfZ8SmsCyz+/ydVHh/iC/2TWuJk9Nb488pLTCvv7fZoAoArLuYiTyt+PfdT+czTI5r52WLT+/3QxsPNWyVMgQ6q/BqX0+Mamv6TvZ1FzNRqKv579DsQgO2XM022f7IXa54vpcH/J2UsFXK0MHLBv8b4Y9gV9Og7ap/q97xLMBZiend7oRw8rUGfHgkudzjNVojzpYZNTSklXg0RRsPNZq53KlPZzDimJnOMUREVH2tToXh8c934Ie392Hltmw8keaNlgrzXcWIiIiIqHZxDBAREZH1arRhlevXr+P777/H/fffj6VLl0Kvv9M6fcKECXj11VcrvcYHH3wg6ryyatUqzJo1C+Hh4aLjDAYDDh8+jKlTp2L79u3C9p49e+KBBx6o9HEGDBgAJycnAMXhms8//1zY16ZNG5Ob4FLXW55Zs2YhODhYWG/ZsgWzZs0y6UBRVFSEXbt2YfLkyaJQzv/93/+hffv2lT5OQEAAWrRogVWrVuG1114zCWckJyfj7bffxvr164VtNjY2ePrpp6v71OrN9OnTRWNqzp49iwkTJuDYsWOi72EAuHr1Kl577TUsXLhQCDe4u7vj+eefr9eaAcDf31+03rp1K/7++28UFRVBo9Hg+vXr9V5TeVxdXfH2228La71ej9mzZ2Pp0qUmnWzy8/Oxfv16TJo0CREREcL26dOnw8/PT3Ssj48PunbtKqyjo6PxyiuvIDU1VXRcWFgYXnvtNcyaNQtarRaLFi0Sff5SU1Oxe/fuWnmuVDuUTKsQiXx/Lh3RGRV3N6vMP/Ea/PivaTDlSHSe2RE8/YMdsHZCMxx9uhW2TA7GpI6uJsdEpRdizYXMGtVV2soz6UjKNR2XM62LG/54tDmOPt0Kq8cHoUeAaZe+P8Kz8W9i1buXzB/gDdtSc3y+PZOO+JyKu7P8ViY89HBHFwxp6QC1QoYWriq8c6+PaP/hm3lIMTNSiIiIakfwuQhM/uJPfP32HqzamIb/S/ZCG4Wn1GURERERWS2GVYiIiKyX+bfCSuytt94yO77HaDQiKysLqampyMszvdGhVqsxb948i7t3BAcHY/ny5Zg9e7bQoWP//v3Yv38/PD094eXlhdzcXNy+fRtarfhmRqtWrSrt/FG6rmHDhmHz5s0A7owCAlBh9xep6i2PnZ0dvvzySzz99NPCaJ8DBw7gwIED8PLygre3NwoKChAbG2vScWLEiBGYPXu2xY/1/vvv44knnsAff/yBP/74Az4+PvDw8EBOTg4SEhJMgh3vvvsuAgICavT86oNarcaKFSvwf//3f4iOjgYAXLt2DU8//TQcHR3h5+cHg8GAxMREUdcYAHB0dMQXX3wBDw+Peq/b29sbbdq0wbVr1wAAmZmZePLJJ4X9AQEBopFMUhs1ahRiYmLwv//9D0BxYGXlypX4/vvv4efnBxcXF6SmpiI1NRUGg3gMxPDhwzFr1iyz133xxRfx5JNPCufs2bMH+/btg7+/P+zt7ZGcnIzMzEzh+BdeeAHdunVDly5dcO7cOWH73LlzhdDanj17avGZU3WoGFYhEinQGfH8zgR8PcofQS6Vj+4r62SsBm/uvw1DOQ1Q3jpwG1+MDEAnH1vzB5gRl6XFCzsTUKSvvc5UuUUGvPBnAr4ZEwB3O8tfEh+9lYePjpbfDaU8Y9s5i4IvYckF+PVSZqXnlQR8+gcXd/yyVcrx0TA/s8dmF+qx7ERKlWsjIqLqCQiLwsSwKEwEkBQShJODQ/FXgBxhhlQYwW6KRERERLWBY4CIiIisV4PsrHL9+nVcuHDB5L+LFy/i1q1bJkEVtVqNRx99FPv27bM4qFKif//+WLt2rahjAlDc/eDq1auIjY0VBT/kcjkmTJiADRs2wNPT8ndPlR4FVEImk5nd3hDqLU+bNm2wfv169OvXT7Q9JSUFYWFhiIyMFAVVnJyc8PLLL+Ozzz6DSqWy+HF69OiBL774QhjnkpSUhCtXriA2NlYUVLG1tcUHH3yA8ePH1+yJ1aOgoCD8+uuvGD16NOTyOz+Cubm5uH79OiIjI02CKj179sRvv/2G7t2713e5gldeeUVUb0M3c+ZMLFu2TBRiMhgMiI+Px5UrV5CcnCwKqtjb2+O1117D559/Xu7zvOeee7Bw4ULR97LBYEBcXByuXbsmBFXs7e3x7rvvYubMmQCARx99VBTAMxqNiI6OFgJLJC2VQgbGVYjEknJ1mPJ7LDZfyYLWwoBIRr4e/zuZijm7EpBTZCj3OI3WiNl/xuOP8GwYLBiLduhmLqZvi0NyXu13C7mZqcX0P+JxLqHyMYlFeiNWn8/Aa3sToSv/6ZnlYa/A7HvuhE21eiPeP5JcbqCnrLcO3MaJWE2Fx6RpdHjhz4Q6+TwREVHlfK7HYuy3u7F0wU6s/TEWs2Pd0FXmDTlfaRIRERHVCDurEBERWa8G2VmlIjY2NnB3d4eHhwfat2+PPn36oE+fPkKooTo6dOiA9evX48SJEzh48CDOnDmD5ORkZGVlQalUwtnZGa1atUK3bt0wbtw4BAYGVvkx7rnnHnh4eCAtLU3Y1r17d5PxKg2l3ooEBATghx9+wNmzZ7Fv3z6cPn0aSUlJyMrKEr4+ISEh6Nu3L0aOHFntr83gwYOxd+9e7Ny5E3v27EFMTAxSUlLg4OAAPz8/DBw4EBMmTKj151cf3N3d8emnn+LZZ5/F7t27cfLkScTGxiIzMxMGgwFOTk4IDAxE586dMXLkSHTp0kXqkjFw4ED88MMP+PrrrxEWFob8/Hw4ODigWbNm6N+/v9TlmTVixAgMHToUe/fuxdGjR3Hx4kWkp6cjJycHdnZ2cHNzQ/v27dG7d2+MHj1aGNdVkYkTJ6J79+745ZdfcPLkSSQkJKCoqAiOjo5o2bIl+vfvj0mTJonCYUFBQVi9ejU+/fRTXLp0CTqdDt7e3ujdu3ddPn2qAqUc0Fbx5jORtdNojVh8NAXfnU3H8NZO6Opnh1buajjbyGGnlCO7SI/MfD2uphbiVJwGh2/mIV9nWfoiT2vEB0eSseFSJu5r7YQeAXbwdVTC2UaBnCI9UvL0OJuQjwNRubiYVPVxO1VxK0uLGdvj0SfIHgObO6CLry087JWwU8mRWaBHfLYWJ2M12HMjp9KRPeV5vZ8XnG3u/HFt9fkMRKZbPmpJozVi9s4EDGrhgBEhTujgbQs3WwXydQZEZ2px9FYeNl7ORJ6W7+InImoIPG4lYuQPiRgJIMvfC6eGdcbRFnY4h2TowBedRERERFXBsAoREZH1khmNFryllaiODR48GPHx8QAa3kgZIrJ+A1dFQsObvERERERW4afENfA4e0jqMkzkeLnhn/u64FhrR5yWp0BrZDcsIiIioso84NYVH7WcKnUZREREVAcaXWcVIiKi2qZSyACGVYiIiIioDjmlZGDw2kMYDEDj5oyzw7riWDsXnFSkosCorfR8IiIioqaInVWIiIisF8MqRETU5KnkMqlLICIiIqImxD4jG/1/O4L+AAqc7PHv0LtxLNQdf6vToDFYPiqOiIiIyNoxrEJERGS9GFYhIqImj2EVIiIiIpKKbY4GvbccQ+8tQJGdDS4OvRvH7/LCUdsM5BgKpC6PiIiISFIMqxAREVkvhlWIiKjJUykYViEiIiIi6anzC9F9+wl03w7MUitxedD/s3ffYXKf9b33v9NnZ/tqVa3eJavLtizbkmVZcsXGhWqC6RiwgdASWuAkhJZCSDjJOSmQQspJD4GQhxJA1b0XbFywwQ1LVu/S7j5/hBjLq67dvWdnXq/rynVlp+1b+SM73vns714Q6+aPiNWVrbGle1fqPACAAZfPZFMnAAD9xFgFgLpnrAIAQLXJ7zsQ8751S8z7VsQ7crl48Ny5sXbh6Fjdsj02du1InQcAMCBcWQUAapexCgB1zzFAAABUs1xXV5z6vTvi1O/dEW/PZOJH58yOdWeMi1Vtu+LZrm2p8wAA+o2xCgDULmMVAOpewdVEAQAYJDI9PTFtzT0xbc098eaIePSMmbH+rImxasje+GnXltR5AAB9ylgFAGqXsQoAdc8xQAAADFaTbnkgJt3yQLw+Ip6YPzVuPGdKrBp2IB7r2pQ6DQDgpOUz/soMAGqVsQpV4Xvf+17qBKCOGasAAFALxt35oxh354/iNRHx9MwJsf7c6bF6VMRDXRtTpwEAnJBC1sdYAFCr/JQHoO4VssYqAADUllEP/Dhe8cCP4xUR8dzk0XHj8lmxZnQ27uveGD3RkzoPAOCYVLLF1AkAQD8xVgGg7pXzLicKAEDtGvbIk/HyR56Ml0fE8+NGxs3nz47V44pxd89z0W24AgBUscZcOXUCANBPjFUAqHsNBVdWAQCgPgx54pm45CvPxCURsXXU0Lh5xdxYM7Ecd8SGOBDdqfMAAA7iyioAULuMVQCoe5WCK6sAAFB/Wp/eEBf81XfjgojYPrQtblu5INZMaYxbshtif09X6jwAgKi4sgoA1CxjFQDqnrEKAAD1rnnDljjvb78X50XErrbmuH3lglg7vTVuym+MPT37U+cBAHWqMVtKnQAA9BNjFQDqnrEKAAD8QmXL9ljyj6tiSUTsaa7EnSsWxLpTO2J9cVPs7N6bOg8AqCOVnGOAAKBWGasAUPcqhUzqBAAAqErl7bti8b+ujcX/GrGvXIp7VyyItXOGxpry5tjevSd1HgBQ4ypZxwABQK0yVgGg7jUWXVkFAACOprhnbyz8xo2x8BsR1xfzcd9582P9/JGxunFrbO7alToPAKhBrqwCALXLWAWAuteQN1YBAIDjkd93IOZ969aY962I63K5eGjp3Fh72imxumVHbOjakToPAKgRja6sAgA1y1gFgLrnyioAAHDicl1dMfP7d8TM798Rb8tk4kdnz471i8bFqrZd8UzXttR5AMAglc/kopj1MRYA1Co/5QGoe5WCsQoAAPSFTE9PTFt7T0xbe0+8KSIeO2NGrFs8KVZ37o2fdG1JnQcADCKVrCOAAKCWGasAUPcqhUzqBAAAqEkTb/lhTLzlh/H6iPjJvClx45KpsWrYgXi0a1PqNACgyjXmHAEEALXMWAWAuufKKgAA0P/G3vVwjL3r4Xh1RDwzc3ysP3dGrB4Z8WD3xtRpAEAVanBlFQCoacYqANQ9YxUAABhYIx94PK5+4PG4OiKemzw6bjpvVqwek437ujdGT/SkzgMAqkBjrpQ6AQDoR8YqANS9RmMVAABIZtgjT8bljzwZl0fEprEj4qYVc2LNuGLc1fNcdBuuAEDdqmSNVQCglhmrAFD38rlMFHOZ2NflF+EAAJBSx0+ejUu+8mxcEhFbR3bGLSvmxZpJ5bg9NsSB6E6dBwAMoIorqwBATTNWAYCIqBSMVQAAoJq0PrMxVn71u7EyIrYPbYvbV8yPNVOb4pbsxtjXcyB1HgDQz1xZBQBqm7EKAERESykXW/b4S00AAKhGzRu2xLK/+34si4hdbc1xx8r5sWZ6W9yU3xh7evanzgMA+kGjK6sAQE0zVgGAiGgtZVMnAAAAx6CyZXuc84+r45yI2NvYEHeuXBDrTh0S60qbYmf33tR5AEAfaclVUicAAP3IWAUAIqK1nEudAAAAHKfSzt1x5r+tizP/LeLd5VLce/78WDtnWKxt2BLbunenzgMATkJbvjF1AgDQj4xVACCMVQAAYLAr7tkbC//jplj4HxHXF/Nx/7L5sW7+yFjTtC02de1MnQcAHCdjFQCobcYqABCOAQIAgFqS33cg5n771pj77Yjrcrl4cOmcWH/amFjVsj02dO1InQcAHIN2YxUAqGnGKgAQrqwCAAC1KtfVFad+/8449ft3xlszmXj4rNmxftG4WNW+O57u2po6DwA4DFdWAYDaZqwCAGGsAgAA9SDT0xNT190TU9fdE2+MiMfOmBHrF0+K1Z374omuzanzAIAXMVYBgNpmrAIAEdFaMlYBAIB6M/GWH8bEW34YvxQRP507JdYvmRqrhh+IR7s2pU4DgLrXkW9KnQAA9CNjFQCIiNZyNnUCAACQ0Ji7H45X3/1wvDoinpk5Pm48d0asHhXxw66NqdMAoO6UMvmo5EqpMwCAfmSsAgDhGCAAAOAXRj7weFz1wONxVURsmDQ6blx+aqwek4v7ujdGT/SkzgOAmtfqCCAAqHnGKgAQjgECAAAObeijT8bljz4Zl0fEprEj4ubzZ8ea8aW4q2dDdEV36jwAqEntxioAUPOMVQAgHAMEAAAcXcdPno2L//zZuDgito0YEresnBerJ1Xi9syGONDTlToPAGpGm7EKANQ8YxUAiIhyPhulfCb2HnBJbwAA4Ohann0+Vnz1v2JFROwY0hq3XTA/1k5tiZuzG2Jfz4HUeQAwqBmrAEDtM1YBgJ9rLeXiuQN+qQwAAByfpue3xrK/+0Esi4jdrU1x+wULYu30trgxvzH29OxPnQcAg46xCgDUPmMVAPi5tnI2ntuZugIAABjMGrbuiHP+cXWcExF7GxvirhULYu2sIbG+tCl2dO9NnQcAg0JHvil1AgDQz4xVAODn2sq51AkAAEANKe3cHYu+ti4WfS3i3eVS3Hv+/Fg3Z1isbdgSW7t3p84DgKrlyioAUPuMVQDg5zorfiwCAAD9o7hnbyz8j5ti4X9EXJ/Pxf3nLYh1C0bG6qZtsanLJR4B4MWMVQCg9vlUDgB+rrPiyioAAED/yx3oijnfuTXmfCfiumw2Hlw6N9adNjpWt+6M57q2p84DgOTajVUAoOYZqwDAz3U2+rEIAAAMrGx3d8z8wZ0x8wd3xlszmXhk8axYv2h8rOrYHU91bU2dBwBJuLIKANQ+n8oBwM+5sgoAAJBSpqcnpqy/N6asvzfeEBGPnT49bjxrcqzq3BdPdG1OnQcAA6aj0Jw6AQDoZ8YqAPBzQyt+LAIAANVj4q0PxsRbH4zXRcSTcybH+iVTY9WIrnika1PqNADoN/nIxpB8U+oMAKCf+VQOAH6u01gFAACoUqPveSRedc8j8aqIeGb6uLhx2cxYMyoTD3RvSJ0GAH1qSKElspls6gwAoJ/5VA4Afq6z0TFAAABA9Rv54BNx1YNPxFURsWHiKXHT8lmxemw+7u3eED3RkzoPAE7K8GJr6gQAYAAYqwDAz5Xz2WgqZmPHvu7UKQAAAMdk6GNPxWWPPRWXRcSmMcPjlhVzYvX4UtzVsyG6wn/bADD4DC+0pU4AAAaAsQoAvEhnJWesAgAADEodP/1ZXPTn34mLImLbiCFxy8p5sWZSJW7LbIgDPV2p8wDgmLiyCgDUB2MVAHiRzko+Ht+yP3UGAADASWl59vlY8dX/ihURsWNIa9y2ckGsndoct+Q2xN6eA6nzAOCwhhWMVQCgHhirAMCLdFZyqRMAAAD6VNPzW2PZ//t+LIuI3a1NccfKBbF2RlvcWHg+dnfvS50HAAcZVmxLnQAADABjFQB4kaGNfjQCAAC1q2Hrjjj7n1bH2RGxt1KOu1cujLWzhsS60qbY0b03dR4AOAYIAOqET+QA4EU6K340AgAA9aG0a0+c8bV1ccbXIt5dLMa9K+bH2rnDY23DltjavTt1HgB1anihLXUCADAAfCIHAC/iGCAAAKAeFfbtiwXfvDkWfDPi+nwuHjhvfqybPypWN2+L57t2ps4DoE5kIhPDCi2pMwCAAWCsAgAv4hggAACg3uUOdMXs79wWs78T8fZsNh5cMifWnz42VrfuiJ91bU+dB0ANa883RiHr93MAUA/8xAeAFxne5EcjAADA/8h2d8fMVXfFzFV3xVsymXh08amxftH4+EHHnniqa2vqPABqzPBiW+oEAGCA+EQOAF5kWGM+cpmIrp7UJQAAANUl09MTk9ffF5PX3xfXRsSPT5seN541OVYN3RePd21OnQdADRheaE2dAAAMEGMVAHiRfDYTwxrz8cyOA6lTAAAAqtqE2x6MCbc9GNdExJOzJ8X6pdNi9YjueLjr+dRpAAxSw4rGKgBQL4xVAOAlRjQbqwAAAByP0fc+Gq+699F4VUQ8O21c3LhsZqw+JRMPdG9InQbAIDK80JY6AQAYIMYqAPASo5oLcecze1JnAAAADEojHnoirnzoibgyIjZMPCVuWj4r1ozNxz3dG6InnLkKwOENd2UVAKgbxioA8BIjm/x4BAAA6AtDH3sqLnvsqbgsIjaPHha3rJgbqyeU4s6eDdEV3anzAKgyw1xZBQDqhk/jAOAlRjYXUicAAADUnPYnn4sL/+I7cWFEbBvWHrdeMD/WTG6MWzMb4kBPV+o8AKqAK6sAQP0wVgGAlxjV7McjAABAf2p5bnOc/9ffi/MjYmdHS9y2ckGsndYSN+c2xN6eA6nzAEggE5kYWWxPnQEADBCfxgHAS7iyCgAAwMBp3LQtzv37H8S5EbGnpTHuWLkg1s5oj/XF52N3977UeQAMkGGF1ihl/V4OAOqFsQoAvMTwxnzkMhFdPalLAAAA6kt5284465/XxFkRsbdSjrtXLIh1szpjbXlz7OjekzoPgH40pjQkdQIAMICMVQDgJfK5THQ25uNnO1x6GgAAIJXSrj1xxr+vjzP+PeKGYjHuWzE/1s4dHmsbtsSW7t2p8wDoY2NKnakTAIABZKwCAIcwqslYBQAAoFoU9u2L+d+8OeZ/M+Jd+Vw8sGxerFswKlY3b4/nu3amzgOgD7iyCgDUF2MVADiEkc2FuPNZl5gGAACoNrkDXTH7u7fH7O/eHm/PZuOhJXNi/eljYnXrzni2a3vqPABO0JiyK6sAQD0xVgGAQxjZ7EckAABAtct2d8eMVXfFjFV3xZszmXj0zJmx/swJ8YOOPfFU19bUeQAcB8cAAUB98UkcABzCqOZC6gQAAACOQ6anJybfeH9MvvH+uDYiHl84PdafPSlWD90fP+7anDoPgKMY7RggAKgrxioAcAintPgRCQAAMJiNv/3BGH/7g3FNRDw5e2LcuHR6rB7RHT/qej51GgAv0Z5vjOZcQ+oMAGAA+SQOAA5hbGsxdQIAAAB9ZPS9j8Ur730sXhkRP5s2Nm5cNjNWn5KN+7s3pE4DIFxVBQDqkbEKABzC0MZ8VAqZ2LW/J3UKAAAAfWj4Qz+JKx76SVwRERsnjIqbls+KNWMLcU/PhugO/w0IkMKYUmfqBABggBmrAMBhjGktxkMb96bOAAAAoJ90/vjpeNmXn46XRcSWU4bGzSvmxpqJ5bijZ0N0RXfqPIC6YawCAPXHWAUADmNsa8FYBQAAoE60PbUhLvzL78aFEbFtWHvcunJ+rJ3cGLdmN8T+nq7UeQA1bYxjgACg7hirAMBhjG0tpE4AAAAggZbnNsf5f/O9OD8idrW3xG0XzI8101ri5tzG2NtzIHUeQM0Z7coqAFB3jFUA4DDGtRVTJwAAAJBYZfO2WPr3q2JpROxpaYw7ViyItTPbY33x+djdvS91HkBNGGusAgB1x1gFAA7DlVUAAAB4sfK2nXHWv6yJs/4lYl9DKe5asSDWzR4aa8ubY0f3ntR5AINSJVuKIYXm1BkAwAAzVgGAwxhnrAIAAMBhFHfvjTO+fmOc8fWIG4rFuO/8+bFu7vBYU9kSW7p3p84DGDRGlzpSJwAACRirAMBhNJVy0dGQi027u1KnAAAAUMUK+/bF/P+8Oeb/Z8Q7c7l4YNncWL9wdKxu3hYbu3amzgOoamMcAQQAdclYBQCOYGxrwVgFAACAY5br6orZ/3VHzP6vO+Jt2Wz86JzZsf70sbGqbWc827U9dR5A1RlbGpo6AQBIwFgFAI5gXFsx7nrWueMAAAAcv2x3d0xffXdMX313vDkiHjnz1Fi/eEKs6tgbT3ZtSZ0HUBUmNYxInQAAJGCsAgBHMLa1kDoBAACAGjH5pvtj8k33x7UR8cSCabH+7Mmxatj++HHX5tRpAMlMNlYBgLpkrAIAR2CsAgAAQH8Yd8dDMe6Oh+K1EfHkrIlx49LpsXpkT/yoa2PqNIABk41MTCgPS50BACRgrAIARzC2rZg6AQAAgBo3+r7H4pX3PRavjIifTRsbNy2bGatOycYD3RujJ3pS5wH0m1NKHVHO+v0bANQjYxUAOIIxLYXIZSK6/G4QAACAATD8oZ/Eyx/6Sbw8IjaOHxk3nz8n1ozNx909G6LbcAWoMZPKjgACgHplrAIAR1DIZWJMayEe37I/dQoAAAB1pvPxZ+LSLz8Tl0bEllOGxs0r5saaieW4s2dDHIju1HkAJ21Sg7EKANQrYxUAOIrJHSVjFQAAAJJqe2pDXPiX340LI2L70Pa49YL5sXZyY9yS3RD7e7pS5wGcEFdWAYD6ZawCAEcxqaMY330sdQUAAAD8t+YNm2P533wvlkfErvaWuO2C+bF2WmvcnNsYe3r8sQUweLiyCgDUL2MVADiKSR3F1AkAAABwSJXN22Lp36+KpRGxp7kSd65YGGtPbY/1xedjV/e+1HkAh5WNTEwoD0udAQAkYqwCAEcx2VgFAACAQaC8fVcs/tc1sfhfI/Y1lOLuFQti3eyhsba8ObZ370mdB3CQ0aXOKGULqTMAgESMVQDgKE5pKUQ5n4k9B3pSpwAAAMAxKe7eG6d//cY4/esRNxTzcd95C2Ld/BGxurI1tnTvSp0HEJMdAQQAdc1YBQCOIpvJxMT2YjywYW/qFAAAADhu+X0HYt63bol534p4Ry4XP1w2N9YtGB2rW7bHxq4dqfOAOjWpbKwCAPXMWAUAjsGkDmMVAAAABr9cV1fM+q87YtZ/3RFvy2bj4bNnxbozxsWqtl3xbNe21HlAHZnkyioAUNeMVQDgGEzuKEXE9tQZAAAA0Gey3d0xbc09MW3NPfHmiHh00amxfvGEWDVkb/y0a0vqPKDGTW4YnjoBAEjIWAUAjsGkjmLqBAAAAOhXk26+PybdfH+8PiKemD811p8zJVYPOxCPdW1KnQbUmHxkY3xpWOoMACAhYxUAOAaTjVUAAACoI+Pu/FGMu/NH8dqIeOrUiXHjudNj9cieeKhrY+o0oAaMKXdGIesjKgCoZ94JAMAxGFLJR3s5F5v3dKVOAQAAgAF1yv2PxSvufyxeERE/mzImblp+aqw+JRv3d2+MnuhJnQcMQpPKI1InAACJGasAwDGa1FGM257enToDAAAAkhn+8E/j5Q//NF4eEc+PGxk3nz87Vo8rxt09z0W34QpwjCY1GKsAQL0zVgGAY2SsAgAAAL8w5Iln4pKvPBOXRMTWUUPj5pVzY82EhrgjnosD0Z06D6hiMyqjUycAAIkZqwDAMZrcUUydAAAAAFWp9ekNccFffjcuiIjtQ9vjtpXzY82UxrgluyH29zhSFzjYTGMVAKh7xioAcIymdZZSJwAAAEDVa96wOc772+/FeRGxq70lbl85P9ZOb42bchtjT8/+1HlAYh35phhebEudAQAkZqwCAMdockcpCtmI/a5kDAAAAMeksnlbLPmHVbEkIvY0V+LOFQti3akdsb64KXZ2702dByTgqioAQISxCgAcs0IuE5M6SvHgRr9MAwAAgONV3r4rFv/r2lj8rxH7Gkpxz4oFsW720FhT3hzbu/ekzgMGyIzKmNQJAEAVMFYBgOMwvdNYBQAAAE5WcffeOO3rN8ZpX4+4vpiP+86bH+vmj4zVla2xpXtX6jygH81sdGUVAMBYBQCOy4yhpfi3B1NXAAAAQO3I7zsQ8751a8z7VsQ7crl48Ny5sW7h6FjVsj02du1InQf0MccAAQARxioAcFymDy2lTgAAAICalevqilO/d0ec+r074m2ZTPzonNmx7oxxsbptVzzTtS11HnCS2vNNMaLYnjoDAKgCxioAcBymdJSikI3Y3526BAAAAGpbpqcnpq25J6atuSfeHBGPnjEz1i+eGKs798ZPurakzgNOwIzKKakTAIAqYawCAMehkMvEpI5SPLhxb+oUAAAAqCuTbnkgJt3yQLw+Ip6YPyVuPGdqrBp2IB7r2pQ6DThGMytjUicAAFXCWAUAjtP0TmMVAAAASGncnQ/HuDsfjtdExNMzJ8SN506P1SMjHuzemDoNOIIZldGpEwCAKmGsAgDHacbQUvzbg6krAAAAgIiIUQ/8OK5+4MdxdUQ8N3l03Lh8VqwZnY37ujdGT/SkzgNeZKaxCgDwc8YqAHCcpg8tpU4AAAAADmHYI0/Gyx95Ml4eEc+PGxk3nz871owrxl09z0W34Qok1ZZrjFGljtQZAECVMFYBgOM0uaMU+WzEge7UJQAAAMDhDHnimbjkK8/EJRGxddTQuHnF3Fg7sSFuj+fiQPiPehhoMxpdVQUA+AVjFQA4TsVcJiZ1lOKhjXtTpwAAAADHoPXpDXHBX303LoiI7UPb4vYV82P11Ka4Jbsh9vd0pc6DuuAIIADgxYxVAOAEzOg0VgEAAIDBqHnDllj2d9+PZRGxq605bl+5INZOb42b8htjT8/+1HlQs4xVAIAXM1YBgBMwY2gp/u3B1BUAAADAyahs2R5L/nFVLImIvY0NcccFC2LdqUNifXFT7Oz2RyrQl2ZUxqROAACqiLEKAJyAU4eVUycAAAAAfai0c3cs/td1sfhfI/aVS3HvigWxds7QWFveEtu6d6fOg0GtNVeJU0odqTMAgCpirAIAJ2ByRzEqhUzs2t+TOgUAAADoY8U9e2PhN26Mhd+IuL6Yj/uWzY/1C0bG6satsblrV+o8GHRmN45NnQAAVBljFQA4AblsJmYOLcdtT/vLKgAAAKhl+X0HYt63b4153464LpeLh5bOjXWnjY5VLdtjQ9eO1HkwKMxrmpA6AQCoMsYqAHCC5gw3VgEAAIB6kuvqipnfvyNmfv+OeGsmEz86a3asP3NcrGrbFc90bUudB1XLWAUAeCljFQA4QXNGlFMnAAAAAIlkenpi2rp7Ytq6e+JNEfHYGTNi/eJJsbpzXzzRtTl1HlSNfGRjlmOAAICXMFYBgBM0e3g5MhHRkzoEAAAASG7iLT+Mibf8MH4pIn4yb0rcuGRqrBp2IB7t2pQ6DZKaVjklGrLF1BkAQJUxVgGAE9RSysX4tkL8eMv+1CkAAABAFRl718Mx9q6H49UR8czM8XHjuTNi1ciIB7s3pk6DATevaXzqBACgChmrAMBJmD28bKwCAAAAHNbIBx6Pqx54PK6KiOcmj46bzpsVq8fk4r7uDdHjeq3UgXlNE1InAABVyFgFAE7CnBEN8e8PbU+dAQAAAAwCwx55Mi5/5Mm4PCI2jR0RN62YHWvGleKunuei23CFGjWv0VgFAOjNWAUATsKc4eXUCQAAAMAg1PGTZ+OSrzwbl0TE1pGdccuKebFmUkPcHs/FgehOnQd9YlSxPYYVW1NnAABVyFgFAE7C+LZCtJSysW2vXyIBAAAAJ6b1mY2x8qvfjZURsWNIa9x6wfxYO7U5bslujH09B1LnwQlzBBAAcDjGKgBwEjKZTMwaVo71P92VOgUAAACoAU3Pb43z/u4HcV5E7G5titsvWBBrp7fFjfmNsadnf+o8OC6OAAIADsdYBQBO0pwRxioAAABA32vYuiPO+cfVcU5E7G1siDtXLoh1pw6JdaVNsbN7b+o8OKq5TeNTJwAAVcpYBQBO0pzh5dQJAAAAQI0r7dwdZ/7bujjz3yLeXS7FvefPj3VzhsWahi2xrXt36jzopTFbiikNI1NnAABVylgFAE7SrGHlyGUiunpSlwAAAAD1oLhnbyz8j5ti4X9EXJ/PxX3nLYh1C0bGmqZtsalrZ+o8iIiI2Y3jIpfJps4AAKqUsQoAnKSGQjamdpbihxtcfhcAAAAYWLkDXTH3O7fG3O9EvCObjQeXzo11p42O1a0747mu7anzqGPzmyakTgAAqpixCgD0gYUjG4xVAAAAgKSy3d0x8wd3xswf3BlvzWTi4cWzYv2Z42NV++54umtr6jzqzNym8akTAIAqZqwCAH1g4aiG+Ot7tqTOAAAAAIiIiExPT0xdf29MXX9vvDEiHjt9eqw/a1Ks7twfT3RtTp1HjctFNuY0jkudAQBUMWMVAOgD80Y2RC4T0dWTugQAAACgt4m3PhgTb30wfikifjp3SqxfMjVWD++KR7qeT51GDZrcMDIac+XUGQBAFTNWAYA+0FTMxrTOUjzgKCAAAACgyo25++F49d0Px6sj4pnp4+LGZTNj9SkRP+zamDqNGnFa88TUCQBAlTNWAYA+snBUg7EKAAAAMKiMfPCJuOrBJ+KqiNgwaXTcuPzUWDMmH/d2b4iecAlZTswZzVNTJwAAVc5YBQD6yMJRDfHVu7ekzgAAAAA4IUMffTIuf/TJuDwiNo0ZHjevmBNrxpfirp4N0RXdqfMYJHKRjdOaJ6XOAACqnLEKAPSReSMaIpeN6PK7GwAAAGCQ6/jpz+LiP/9OXBwR20YMiVtWzos1kypxW2ZDHOjpSp1HFZvZODqacuXUGQBAlTNWAYA+0ljMxvTOUtz/nKOAAAAAgNrR8uzzseKr/xUrImLHkNa47YL5sXZqS9yc3RD7eg6kzqPKLHIEEABwDIxVAKAPLRzVYKwCAAAA1Kym57fGsr/7QSyLiN2tTXHHygWxdkZbrM9vjD09+1PnUQXOaJ6SOgEAGASMVQCgDy0c2RB/ddeW1BkAAAAA/a5h6444+59Wx9kRsbdSjrtWLoy1s4bE+tKm2NHtj3nqUSmTj3lN41NnAACDgLEKAPSheSMbIpeN6OpOXQIAAAAwcEq79sSir62LRV+LeHe5FPctnxdr5w6PtQ1bYmv37tR5DJC5TROilC2kzgAABgFjFQDoQ5VCNmZ2luJeRwEBAAAAdaq4Z28s+ObNseCbEdfnc3H/eQti3YKRsbppW2zq2pk6j360yBFAAMAxMlYBgD62YFSDsQoAAABAROQOdMWc79wac74TcV02Gw8umRPrTh8Tq1t3xnNd21Pn0cfOaDFWAQCOjbEKAPSxhaMa4i/v2pI6AwAAAKCqZLu7Y+aqu2LmqrvirZlMPLJ4VqxfND5WdeyOp7q2ps7jJDVly3FqZUzqDABgkDBWAYA+Nn9EQxRzmdjX1ZM6BQAAAKAqZXp6Ysr6e2PK+nvjDRHx49Omx/qzJseqofviia7NqfM4AQubJ0Uuk02dAQAMEsYqANDHyoVszB1Rjluf2p06BQAAAGBQmHDbgzHhtgfjdRHx5JzJsX7J1Fg9ojse7no+dRrHaFGzI4AAgGNnrAIA/WDx6IqxCgAAAMAJGH3PI/Gqex6JV0XEM9PHxY3LZsaaUZl4oHtD6jSO4IwWYxUA4NgZqwBAPzhzTCX+4GZ/+QMAAABwMkY++ERc9eATcVVEbJh4Sty0fFasGZuPe7o3RE84grladOSbYkrDyNQZAMAgYqwCAP1gypBSdFZysXFXV+oUAAAAgJow9LGn4rLHnorLImLz6GFx84q5sXpCKe7q2RBd0Z06r66d4QggAOA4GasAQD85c3QlvvGj7akzAAAAAGpO+5PPxUV/8Z24KCK2jRgSt66YG6snN8ZtmQ1xoMcfDw20RY4AAgCOk7EKAPSTxWOMVQAAAAD6W8uzz8f5f/29OD8idna0xK0XLIy1U5vjltyG2NtzIHVeXXBlFQDgeBmrAEA/OWN0JbKZiG7HJwMAAAAMiMZN22LZ//t+LIuIPS2NccfKBbFmZnvcWHg+dnfvS51Xk8aWOmN0aUjqDABgkDFWAYB+0lbOxfTOUjywYW/qFAAAAIC6U962M8765zVx1j9H7K2U4+6VC2PtrCGxrrQpdnT7fU1fWdI6I3UCADAIGasAQD86c0zFWAUAAAAgsdKuPXHG19bFGV+LeHexGPetmB9r5g6PtQ1bYmv37tR5g9qS1pmpEwCAQchYBQD60eLRlfjKHZtTZwAAAADwc4V9+2L+N2+O+d+MuD6fiwfOmx/r5o+K1c3b4vmunanzBpVKthSnNU1KnQEADELGKgDQj2YNL0djMRs793WnTgEAAADgJXIHumL2d26L2d+JeHs2Gw8tmRPrTh8Tq1t3xs+6tqfOq3qLWqZEIeujJgDg+HkHAQD9KJ/NxOmjGuIHj/urHAAAAIBqlu3ujhmr7ooZq+6Kt2Qy8ejiU2P9ovHxg4498VTX1tR5VWmpI4AAgBNkrAIA/WzxmIqxCgAAAMAgkunpicnr74vJ6++LayPi8YXTY/3Zk2LV0P3xeJcjn//HOS0zUicAAIOUsQoA9LMzx1RSJwAAAABwEsbf/mCMv/3BuCYinpw9KW5cOi1WjeiOh7ueT52WzPSGU2JYsTV1BgAwSBmrAEA/G9VciAntxfjx5n2pUwAAAAA4SaPvfTReee+j8cqIeHbauLhx2cxYfUomHujekDptQC1xBBAAcBKMVQBgACwdVzFWAQAAAKgxIx56Iq586Im4MiI2ThgVNy2fFavHFuKeng3REz2p8/rV0lZHAAEAJ85YBQAGwNJxjfGXd21JnQEAAABAP+n88dPxsi8/HS+LiM2jh8UtK+bG6gmluLNnQ3RFd+q8PtWeb4xZjWNTZwAAg5ixCgAMgFnDy9HRkItNu7tSpwAAAADQz9qffC4u/IvvxIURsW1Ye9y6cn6smdwYt2Y3xIGewf/7obNapkc2k02dAQAMYsYqADAAsplMnD22El9/aHvqFAAAAAAGUMtzm+P8v/lenB8ROzta4raVC2LttJa4Obch9vYcSJ13Qpa0zkydAAAMcsYqADBAlo5rNFYBAAAAqGONm7bFuX//gzg3Iva0NMYdKxbE2pntsb74fOzu3pc675jkIhtnt0xLnQEADHLGKgAwQM4cXYlSLhN7u3pSpwAAAACQWHnbzjjrX9bEWf8SsbdSjrtXLIh1szpjbXlz7OjekzrvsOY2jY+WfCV1BgAwyBmrAMAAKReycfopDbH2J7tSpwAAAABQRUq79sQZ/74+zvj3iBuKxbjv/Pmxdu7wWFvZElu6d6fOO8iS1hmpEwCAGmCsAgADaMm4RmMVAAAAAA6rsG9fzP/Pm2P+f0a8K5+LB5bNi/ULTonVzdtiY9fO1HmxpHVm6gQAoAYYqwDAAFoyrjE+t2ZDOAgIAAAAgKPJHeiK2d+9PWZ/9/Z4WzYbD50zO9afMTZWt+6MZ7u2D3jPyGJ7TGkYOeDfFwCoPcYqADCAhjbmY/rQUvxww97UKQAAAAAMItnu7pix+u6YsfrueHMmE4+eOTPWnzkhVnXsjSe7tgxIw7mtpw7I9wEAap+xCgAMsKXjGo1VAAAAADhhmZ6emHzj/TH5xvvj2oh4fOH0WH/2pFg9dH/8uGtzv33f89tn99trAwD1xVgFAAbY0vGN8ce3bUqdAQAAAECNGH/7gzH+9gfjmoh4ctbEuHHp9Fg9sjt+1PV8n32P9nxjLGya1GevBwDUN2MVABhgU4eUYkRTPp7dcSB1CgAAAAA1ZvR9j8Ur73ssXhkRP5s2Nm5cNjNWn5KN+7s3nNTrntt6auQy2b6JBADqnrEKACSwdFxj/MP9W1NnAAAAAFDDhj/0k7jioZ/EFRGxcfzIuPn8ObF6bD7u6dkQ3dFzXK+1vM0RQABA3zFWAYAElk80VgEAAABg4HQ+/kxc+uVn4tKI2HLK0Lh5xdxYM7Ecd/RsiK7oPuJzG7OlWNwybWBCAYC6YKwCAAnMH9kQHQ252LS7K3UKAAAAAHWm7akNceFffjcujIjtQ9vj1gvmx5rJjXFrdkPs7+n9+6pzWmdEMesjJQCg73hnAQAJZDOZOG9CY/zzA9tSpwAAAABQx5o3bI7lf/O9WB4Ru9pb4rYL5sfaaa1xU25D7O05EBGOAAIA+p6xCgAkcv7EJmMVAAAAAKpGZfO2WPr3q2JpROxprsQdKxfE+lM7Y0nrjNRpAECNyaYOAIB6tWBkQ7SXc6kzAAAAAKCX8vZdcda/rI2PfXtjNObKqXMAgBpjrAIAieSy/30UEAAAAABUq/I556VOAABqkLEKACS0fGJT6gQAAAAAOLRCMUpnnJ26AgCoQcYqAJDQaaMaoq3sxzEAAAAA1ae04IzIVlwZGADoez4dA4CEctlMLBvv6ioAAAAAVJ/y2ctSJwAANcpYBQASWzHJWAUAAACAKlMoRmnROakrAIAaZawCAIktHNUQrY4CAgAAAKCKlOaf7gggAKDf+GQMABLLOwoIAAAAgCrjCCAAoD8ZqwBAFTh/or9SAQAAAKBK5AuOAAIA+pWxCgBUgdNPqURryY9lAAAAANIrzT89so2uBAwA9B+figFAFchnM7Fsgl8AAAAAAJBe+ZzzUicAADXOWAUAqsRFk41VAAAAAEisUHQEEADQ74xVAKBKLBzVEMOb8qkzAAAAAKhjpTPOcgQQANDvjFUAoEpkMpm4cJJfBAAAAACQTsPyi1InAAB1wFgFAKrIRVOaUycAAAAAUKeybe1RWrgodQYAUAeMVQCgikwZUorJHcXUGQAAAADUofLSFZHJOaYaAOh/xioAUGUudnUVAAAAABJwBBAAMFCMVQCgylw4uTkyqSMAAAAAqCv58ROjMGlq6gwAoE4YqwBAlRnelI8FoxpSZwAAAABQRxrOc1UVAGDgGKsAQBVyFBAAAAAAAyabi/KylakrAIA6YqwCAFXo/AmNUcw5DAgAAACA/lecd1rkOjpTZwAAdcRYBQCqUFMpF+eMraTOAAAAAKAONCx3BBAAMLCMVQCgSjkKCAAAAID+lqk0RvnMJakzAIA6Y6wCAFXq7LGN0VLyoxoAAACA/lM+e1lkSqXUGQBAnfEJGABUqUIuEysmNqXOAAAAAKCGNZx/ceoEAKAOGasAQBV72bSW1AkAAAAA1KjciFFRmDkndQYAUIeMVQCgis0eXo4J7cXUGQAAAADUoPJ5F0Ymk0mdAQDUIWMVAKhyl09rTp0AAAAAQA1qWH5R6gQAoE4ZqwBAlbt0akvk/cQGAAAAoA8VZs6J/IhRqTMAgDrloy8AqHLtDblYMq4xdQYAAAAANaRh+YWpEwCAOmasAgCDwMunt6ROAAAAAKBWFItRPmd56goAoI4ZqwDAIHDm6EoMa8ylzgAAAACgBpQXnRPZxqbUGQBAHTNWAYBBIJfNxMumuroKAAAAACevYfnFqRMAgDpnrAIAg8Rl01oikzoCAAAAgEEt294Rxfmnp84AAOqcsQoADBKjWwuxYFRD6gwAAAAABrHyuRdEJue4aQAgLWMVABhELp/mKCAAAAAATlzlgktTJwAAGKsAwGCyfGJjNBX9+AYAAADg+BXnLIj8mPGpMwAAjFUAYDAp57Nx4eSm1BkAAAAADEKVS65InQAAEBHGKgAw6Fw+3VFAAAAAAByfbEdnlM5ckjoDACAijFUAYNCZObQc0zpLqTMAAAAAGEQaLrwsMrl86gwAgIgwVgGAQenqma6uAgAAAMAxyuWicuHlqSsAAF5grAIAg9DFk5ujqejHOAAAAABHVzpzSeSGdKbOAAB4gU+5AGAQKheycenU5tQZAAAAAAwClUuuTJ0AAHAQYxUAGKRecWpr6gQAAAAAqlxuzLgozVmQOgMA4CDGKgAwSI1vK8ZpoxpSZwAAAABQxSoXX5E6AQCgF2MVABjEXunqKgAAAAAcRqbcEA3nX5w6AwCgF2MVABjElo5vjGGNudQZAAAAAFSh8rILIltpTJ0BANCLsQoADGL5bCaumO7qKgAAAAD0VrnkitQJAACHZKwCAIPclTNaIucnOgAAAAAvUpgxOwoTJqfOAAA4JB9tAcAg19mYj2XjXc4VAAAAgF+oXHJl6gQAgMMyVgGAGvDKUx0FBAAAAMB/y7a1R/nsZakzAAAOy1gFAGrAwlGVmNBeTJ0BAAAAQBVoWPmyyBQKqTMAAA7LWAUAasQrZrakTgAAAAAgtWwuKhe9PHUFAMARGasAQI24ZGpLNBYyqTMAAAAASKh0+uLIDRueOgMA4IiMVQCgRjQVs3HZNFdXAQAAAKhnlUuuSJ0AAHBUxioAUENeM7stsi6uAgAAAFCXciNHR3H+GakzAACOylgFAGrIKS2FOHd8Y+oMAAAAABKoXPzyyGT8JRMAUP2MVQCgxlwzuy11AgAAAAADrViKhpWXpq4AADgmxioAUGPmjWyImUNLqTMAAAAAGEANyy+KbFNz6gwAgGNirAIANeiaOW2pEwAAAAAYKNlsNF75mtQVAADHzFgFAGrQ+RObYnhTPnUGAAAAAAOgdOaSyI8anToDAOCYGasAQA3KZzPxqlNbU2cAAAAAMAAar74mdQIAwHExVgGAGnXljJZoyGdSZwAAAADQjwqz5kVx6szUGQAAx8VYBQBqVHMpF5dNa0mdAQAAAEA/arr6dakTAACOm7EKANSw18xujayLqwAAAADUpPz4iVE67czUGQAAx81YBQBq2JjWYiwZ15g6AwAAAIB+0Hjla1MnAACcEGMVAKhxr53dljoBAAAAgD6WHTo8yueuSJ0BAHBCjFUAoMYtHNUQMzpLqTMAAAAA6EONl78yMrl86gwAgBNirAIAdeAN89tTJwAAAADQRzJNzdFw4WWpMwAATpixCgDUgfMmNMa4tkLqDAAAAAD6QOWSKyPbUEmdAQBwwoxVAKAOZDOZuHauq6sAAAAADHrFYlQue0XqCgCAk2KsAgB14pIpzTGs0TnGAAAAAINZw/KLI9fmj5IAgMHNWAUA6kQ+l4nXzWlLnQEAAADAicpmo/HK16SuAAA4acYqAFBHrpzREq1lP/4BAAAABqPSmUsiP2p06gwAgJPm0yoAqCMNhWy8+tS21BkAAAAAnIDGq69JnQAA0CeMVQCgzrxqVmtUCpnUGQAAAAAch+Ls+VGcOjN1BgBAnzBWAYA601rOxRUzWlNnAAAAAHAcGq9yVRUAoHYYqwBAHXrdnLYoeBcAAAAAMCjkx0+M0mlnps4AAOgzPqYCgDo0rDEfl0xtSZ0BAAAAwDFovPK1qRMAAPqUsQoA1Klr57VFNpO6AgAAAIAjyQ4dHuVzV6TOAADoU8YqAFCnxrYWY/mEptQZAAAAABxB4xWvjkwunzoDAKBPGasAQB174/z2cHEVAAAAgOqU7eiMykWXp84AAOhzxioAUMemdZbi3PGNqTMAAAAAOITGV/5SZIql1BkAAH3OWAUA6tzbTutwdRUAAACAKpPtHBaVCy9LnQEA0C+MVQCgzk0dUoplE1xdBQAAAKCaNL36DZEpFFNnAAD0C2MVACDettDVVQAAAACqRW74yGhYcUnqDACAfmOsAgDElCGlOM/VVQAAAACqQuNr3hCZfD51BgBAvzFWAQAiwtVVAAAAAKpBbuToaDjvotQZAAD9ylgFAIiIiMlDSnH+xKbUGQAAAAB1rem1b4xMLpc6AwCgXxmrAAAveOvC9si6vAoAAABAErkx46J87srUGQAA/c5YBQB4waSOUiyf4OoqAAAAACk0vfZNkcn66AYAqH3e8QAAB3nbaR2urgIAAAAwwPLjJ0b5nOWpMwAABoSxCgBwkIntxVgx0dVVAAAAAAZS02vfHJmMvyACAOqDsQoA0MtbF7q6CgAAAMBAyU+cEqXFS1NnAAAMmHzqAACg+kxoL8bKSU3xrUd2pE4BAIDalM9H+axzo7RgURSmzohsa1tkKk3Rs2d3dO/cHgee+HHsf+j+2POD70TXc88e10sXps+K8uKlUZg1N3KdwyPb3Bw9e/dG95ZNsf+hB2LPretj7/pVET09/fSP+7lMJkqLz43SwkVRmH5q5NraI9PQGN07tkf3po2x7947Y8/6VbH/h/ce80vmx0+KysVXROHUOZEbOjwyhUJ0b9sa+x95KPas+m7sWff9iO7u48ps/eAnouHclS98vevb34htX/r8cb0GwMlqet1bXFUFAKgrmZ6e/v6vUgBgMHpiy7549T/+JLqO7/e8AABJ/cUzfxVDbv9+6gw4ovI5y6P5ze+K3NDhR31sT3d37Fn7/dj+J1+M7q1bjvjYbMeQaLn+Q1E+4+yjvu7+Hz8a2/73b8X+Hz1wrNnHpTB9VrRc/8EojJ901MfuuXltbPvfvx3dWzYd8XGNr3ljNL32TZHJHv5i0fvuvTM2f+Zj0bNj+zF1lk5bHO2f/K0Xvu56fmNsvP710bPTcB8YOIWpM2LI7/5J6gwAgAHlGCAA4JDGtRXjsqktqTMAAKCmNL3+bdH2q79+TEOViIhMNhsNS8+PIb//lciNGHXYx2U7h0XHZ790TEOViIjChEnR/qnfi8LM2cf0+ONRnLMw2j/1hWMaqkRElBedEx2f+f3ItnUc9jENF14Wza97yxGHKhERxdnzo+2Dnzym75tpaIiWd33goNu2/d8vGKoAA67pdW9JnQAAMOCMVQCAw3rbaR1RyrsELQAA9IWGlZdG06uuPaHn5oYMjfZPfD4ilzvEnblo//hnIz9qzHG9ZrZSifaPfy6yHUNOqOlQcsNHRtvHPhPZcsNxPS8/Zny0ffQ3Iw5xBEam3BDNb3znQbftWf+DeO7Nr4hnrzo/tvzup6LnwIEX7istXBSlxUuP+j2b3vCOg0ZDe9b9IPbetOa4ugFOVmHG7CgtWJQ6AwBgwBmrAACHNawxH68+tTV1BgAADHqZxqZofvP1J/Ua+THjo+HCy3rdXrn4iihMmtrr9j233hgb3/+2+NkrL4gNb3ll7PiHv4qe7oPP+cw2t0TztdedVNeLNb/5XZGtVHrdvvNf/y42vP218bNXrIyN735j7DnEKKQ4Y3Y0LL+41+3lpedHtqn5ha+7d2yPrV/4dHRv+FnE/n2x5wffjt3f/eZBz6lcfMUROwszZx/0mO7t22Lb//29o/zrAPqeq6oAAPXKWAUAOKI3zG+P5qK3DAAAcDIql1x50ODif/Ts3RPb/+bLseEd18SzV58fG97yytj6B5+Lrk3PH/J1Gs5defANmUw0XvHqXo/b//APY8tvfjgOPPxg9OzZHV3PPRs7vvqnsetrf9/rseVzV/bJ1VVyI0ZF6czeVzTZ+bV/iO1f+aPoeubJ6Nm7Jw48/mhs+czHYt+PHuj12MpVr+l1W3HW/IO+3nfXbdGzd89Bt+29ee3Bz5k559BXoYmIyBei9YZfOehIoe1f/sPo3rLpsP82gP5QnD0/SnMXps4AAEjCJ08AwBG1lHJx7bz21BkAADColc9edsjbt/7h78TO//cX0fXUTyP27Yuu556N3d/5j9jymx+Jnq4DvR5fmDrzoKNyCqfOjdzwkb0et+Mf/zriJVdRiYjY+c9/Gz1dXQfdlsnno/zSEcwJKC+74KABSERET1dX7PiHr/Z+cE9P7Pznv+t1c2HshMhPnnbwbS+5asyBJ5/o9bwDP338oK8zpVLkx086ZGfTq6+N/JjxL3y9985bYvd/ffOQjwXoT66qAgDUM2MVAOCoXjO7NYZWDvNXiQAAwBFlGiqRnzC51+0Hnvpp7Pn+tw75nP0P/zAOPPZw79fK5yPT/IujOksLF/V6TM+BA7HvzlsP+brdW7fE/kce6nV7+fSzDtt/rEoLz+x12/6HH4yebVsO+fh9d958yEHOS1uyrW0Hfd29ufcVULq3bO5120ufFxGRHzcxGq9+3S+et3tXbPvD3zlkH0B/Ks47PYqnzk2dAQCQTD51AABQ/cr5bLx1YUd8ds2G1CkAADDoZJqaDzlK2Xf/3Ud83oGfPROFKTN63/GigUdx+qzedz/7dPTs2X34133isShOm3nQbfkp0yOyuYjursM86yjyhShMmtL7ez3+yGGf0rN7d3T97NnIjxp90O2FGQf/mzKVysHP27+v92sd4rZs40uOXcpmo+U9vxqZQuGFm3b89Z9F18+eOWwjQH9p+iVXVQEA6puxCgBwTC6f3hJ/c8+W+MnW/alTAABgUOne8LPY+sXPHPfzch1De7/W7l3Rs3PHC1/nx07o9ZgDzzx5xNftevqnvW7LlhsiN+qU6HryJ8fdGRGRP2VMZArF3i1PH6XlmSd7jVV6Hd/T03NCTS99XuWyV0Zx6i9GOvsevD92ff2fTuy1AU5C+ZzlUZx2auoMAICkjFUAgGOSz2biHad3xEe/+7PUKQAAUPNyY8ZH4SVXP4mI2Hf37S/875mGhsi2tPZ6zKGOxDmW+3PDR53wWCU3bMRxfa8j3Z9rHxKZUjl69u7578fs3Bm5YumF+w81ism86P4XXvtFo57c8JEHXcWgZ/++2Palz0VkslFetiLKS5ZHYeLUyLa0RM++fdH17NOx967bYte//2N0b9p4xH8DwHEpFKPpDdelrgAASM5YBQA4ZismNsVXO7fEDzfuTZ0CAAC1K5+P1vd8ODK5XK+7dn/3my/879nW9kM+vWfXziO+/ItHHC+Wa+s4jsiDZdv6tiXb1v7C8TzdWzZFrv0Xbdn23p3Z1rber/2ikUnL9R+KbLnhha93/uNfR9eWLdHxW3/U60ikTKEY2UlTozBpalQuvTK2/vavx95b1h3x3wFwrBovuzryI0alzgAASC6bOgAAGDwymUxcv2hI6gwAAKhd2Wy0vv/jUZze+3iIfffdFXtvXvvC15nGpkO+RM/eI4/Le/Yd+v5MU/NxhL7kuYdrOcz3Op6W/Q8/eNB9+bHjez3+pcchde/aGQd+8uOIiGg4/+IozT/9F6/3xGOx45/+Jto/8qleQ5WXypYbou3Dv9H7aCKAE5BpaY3GV12bOgMAoCoYqwAAx2XR6EqcfkrD0R8IAAAcn2Ix2n71N6Jhyfm97uresT22/sHnDrrtUEff/PeDu478fQ4c+v5MsffxOsfqsM/tOlrLgUO/3ouO+tl3560H3Vecd3pkGioH3VY+e9lBX++745aInp7ItrVH85uvf+H2nq6u2PYHn4/ykuVRnDXvF7fv3RObP/tr8exV58eGt7069j1w70EtLdf98pH/HQDHoOmaN0f2MOM+AIB6Y6wCABy3GxYNiUzqCAAAqCHZ9iHR8enfj/JZ5/a6r2ff3tjy+U9E1zNPHXzHIY4JioiI7u4jf7Oew9x/uNc7FtkTbek5asueG1dF18bnfvGtKo3R+v6PR7ZzWESxGA0rLonysgsOevrOr/9TREQ0X/fLkW1pfeH2Xd/459j/oweicsmVBz/+3/8p9q7/QcT+fdH17NOx9fc/e9D9xVnzIjd63JH/LQBHkBs9LioXXZ46AwCgauRTBwAAg8/MoeW4YHJTfOuRQ58vDwAAHLvClBnR9rFPR27I0F739ezdG1s+92ux767bej/xcFctOdroJH+YXwke5ionx+RwV3M5WkvuGFq6umLbH/5OtH/yt164qXzmkiifueSQT931ra/H/gfuidKic6LhnOW/eMlnn44dX/3TyDQ29Tr+Z+9Naw76uuvpn8aBnzx+0JFDpQVnxK4nnzjyvwfgMJrf9M7IHO7/5wEA1CFXVgEATsgNi4ZEKe/6KgAAcDLK5yyPjs9+6ZBDla7Nm2LTx94be2+78ZDP7dm399AvepQPQw/3YWnP/n1Hjj2Cnr2Hee7hhjH/03KY+1/asve2G2PrFz971Mbd3/92bPu/vxeZSmO0vPP9B9237Q9/O3r27onC5Gm9nrf/iUd73/aTxw76ujB5+hG/N8DhFOcujPIZZ6fOAACoKma8AMAJGdFUiNfNaYuv3LE5dQoAAAxKTa99UzRd8+ZD3rfvRw/Els/9WnRveO6Q90dE9OzYfsjbM6XSkb9x8dD3d2/beuTnHcFhWw7zvX7RUjx0y/beLbv/65ux7947onLZK6I497TIDR8ZmXwuujdvin0P3he7v/2N2HfPHRER0Xzdew8aAO367jdfuDpNbvjIg7/Xzh0Re3sPf7o3PX/Q17lhw4/8bwE4lGw2mt9yQ+oKAICqY6wCAJywN85rj39/cFts3HWYS34DAAC9ZTLR8u5fjcrKSw95965vfyO2/Z8vRBzYf8SX6dr8/CFvzza1HPF52ZbWQ97efZjXOxZdmzce+ns1H62lrddtPV1d0b350KP4rueeje1f/t9HfM3CqXOj4YLLXtT2fGz/sy+98HWmofHg77dnzyFfp+clA5ZMpfGQjwM4koblF0VhwuTUGQAAVccxQADACWsoZOOdpw9JnQEAAINHJhOtH/i1Qw5Vevbvj61/+Nux7UufP+pQJSIi9u2Lruc39Lo529p2xKcd7v6up588+vc8jK5nnj709zrEGOVoLd0bnzu2f/+hFIrResOvRCb7i197bvu/X4yenTte+LrXlWe6Dhz6tV5ye6ZUPrEmoG5lyg3R9Pq3pc4AAKhKxioAwEl52bTmmNZ5lEt7AwAAERHRfN0vR8O5K3vd3r1je2z+xPtj9//378f1egd+/Eiv23KjRh/xOflTxvT+/tu2RNdzzx7X936xrmefiu5du46/5RD373/0Ryfc0fTaN0V+9NgXvt6zflXsXf+Dgx7z0iumRC536BfLHXxR6p49u0+4C6hPjVe9NnIdnakzAACqkrEKAHBSsplMvG+xq6sAAMDRVC69KhovvarX7d3bt8Wmj74n9t1313G/5r777+l1W27o8CMeWZOfOOWYXue49PTE/gfv63XzkY6+yLS0RW7o8N4tJ/B/h4iI/ITJ0Xjla174unvH9tj2f3+vd+quHQd9fbgrpmTKDS953s4T6gLqU3bI0Gi88rWpMwAAqpaxCgBw0haOqsSy8c5vBwCAw8lPmBzNb35Xr9t7DhyIzZ/52CGvkHIs9t6yttdtmVwuSgvPPOTjcyNGRWHcxF6377lx9Ql9/4Nabu7dkp84JbLthx63lxed3eu2nu7uQ77OUWWz0fqeD0cm/4uroWz/yh9G9+bnez2065mnDn5qU3NEvtDrcbkhB3cfOIljkoD60/RLb41M2fFhAACHY6wCAPSJ95w5JPLeWQAAwCG1vOuDkSn2Pj5z13/+W+w/wSuJREQc+Mnjse+hB3rd3nj1NRHZ3m/Qm17zxl63de/YHnteclTO/xj6Z/8QI76+ptf/HMru1d/tdcROJpuNxlf+Uu8H5wvReNU1vW7ed/dtJ3QcUeMVr4nC5GkvfL337ttj93f+45CP3f/oQ9HT1XVwzvjeA578+EkHP+/hHx53F1Cf8hOnRMP5F6fOAACoavmjPwQA4OjGtBbjVae2xt/euzV1CgAAVJXSWcuiOP3UQ97XeNkrovGyVxzX6+3426/Ejr/78xe+3vlPfx3Fj33moMcUJk2Nto9/Nnb89Z9F11M/jWzHkKhc/spDfni682v/EPGSkcmJ6NmxPXb9f1+Lxpe/6qDbGy97RfTs3Ru7/7+vRfeWzZEfOyGa3nBd5EeP7f1v+/u/Ou7vmxsxKpquedMLX3fv2R3bvvT5w3fu3h377r0zSvNOe+G28tnnxY5HHnrh6/yEyZEfNeYXz+k6EHtvWX/cbUB9an7LDZHJZFJnAABUNWMVAKDPvHVhR/zHw9tj657u1CkAAFA1CuMm9Ovr771pTey5ZV2Uzzj4WJ3y6WdF+fSzjvjc/T/5cez857/ts5Ydf/fnUT7r3MgNHX7Q7U2veF00veJ1R3zurm9/I/bff/dxf8+WG34lMqVfHLWx42++HF0/e+bI3+s//uWgsUrjZa+I/Y88GHtvWR+5EaOi9Zc/etDj9964Jro3bTzuNqD+lBadE6U5C1JnAABUPRfrBwD6THMpF29f2JE6AwAA6s7W3/n12Pfgfcf1nAPPPBWbP/GBiP37+qyjZ+eO2PTJD0bXls3H9bw9t6yLbf/nd4/7+zVc8LIozV34wtf7fvRA7Pr3fzzq8/5n4PM/MqVStH/4UzHiX/4rhv7RV6MwccoL93Xv2B7b/uxLx90G1KF8Pprf9M7UFQAAg4KxCgDQp66a2Rrj2wqpMwAAoK707N4dmz/xgdj17W9ET/fRr3S458bVsenDN0T38xv6vKXrp4/Hpg9fH/vuu+uoj+3Zvy92/NPfxJbPfjziwIHj+j7Z9iHR/KZ3vei19se2P/h8xDH8+yP+e+Cz945bjviYrs2bYtMn3t8v/3cCak/lopdH/pTeR5wBANCbY4AAgD6Vz2bifYs7473/eeTLbgMAAH2rZ/eu2Palz8eur/9TlJeuiOLcBZEbOjyyTS3RvXNHdD+/Ifbdd1fsWfv92H+cV2E5Xl1P/TQ2feTdUVy4KMpnLonCzDmRax8SmXI5urdtja5nn469d9wSe1Z956hH9hxOyzveF9mm5he+3vnPfxMHnnjsmJ/fs3t3bP7kB6J01rnRcN6FUZgyPbItbdGzd08cePKJ2HvL+tj1jX+Ont27TqgPqC+ZxqZoeu2bUmcAAAwamZ6enp7UEQBA7fnQt56JHzy+M3UGAFBn/uKZv4oht38/dQYAUGea33x9NF75mtQZAACDhmOAAIB+8f6zOqOUz6TOAAAAAOhXuVPGRuVlV6fOAAAYVIxVAIB+MbK5EG+c1546AwAAAKBftbzz/ZEpFFJnAAAMKsYqAEC/uXZee4xu8csaAAAAoDaVz10ZpbkLU2cAAAw6xioAQL8p5jLxgbM6U2cAAAAA9LlMY1M0v+WG1BkAAIOSsQoA0K/OGdcYS8ZVUmcAAAAA9Kmm178tcu0dqTMAAAYlYxUAoN994KyhUcplUmcAAAAA9In85OlRufiK1BkAAIOWsQoA0O9OaSnEtfPaUmcAAAAAnLxsNlrf9YHIZH3EAgBworyTAgAGxBvmtceo5nzqDAAAAICTUrn4iihMmZ46AwBgUDNWAQAGRCmfjfefNTR1BgAAAMAJy7Z3RNPr35Y6AwBg0DNWAQAGzLnjG+PssZXUGQAAAAAnpPnNN0S2sSl1BgDAoGesAgAMqA+eNTSKuUzqDAAAAIDjUpy7MBqWrUydAQBQE4xVAIABNbq1ENfObUudAQAAAHDs8oVoecf7U1cAANQMYxUAYMC9aUFHjG0tpM4AAAAAOCaNV18T+dFjU2cAANQMYxUAYMAVc5n46NJh4TAgAAAAoNrlRoyKple9PnUGAEBNMVYBAJJYOKohLpvWnDoDAAAA4IharntfZIql1BkAADXFWAUASOY9Z3ZGR0MudQYAAADAIZXOOjdKp52ZOgMAoOYYqwAAybSWc/G+xZ2pMwAAAAB6yTQ0RMvb3pM6AwCgJhmrAABJXTSlORaPqaTOAAAAADhI0zVvjlznsNQZAAA1yVgFAEjuw0uGRjmfSZ0BAAAAEBER+fGTonLZK1JnAADULGMVACC5Uc2FePtpHakzAAAAACIymWh51wcik8unLgEAqFnGKgBAVbhmdltM6yylzgAAAADqXMPKS6M4Y3bqDACAmmasAgBUhVw2Ex9dOjRyTgMCAAAAEsm2dUTzG9+ZOgMAoOYZqwAAVWPm0HK8alZr6gwAAACgTrW86wORbW5JnQEAUPOMVQCAqvLO04fEiCZnQgMAAAADq3zuyigvXpo6AwCgLhirAABVpaGQjQ8vGZo6AwAAAKgj2faOaLnul1NnAADUDWMVAKDqnD22MS6d2pw6AwAAAKgTLdd/yPE/AAADyFgFAKhKHzirM4ZWcqkzAAAAgBpXXnZBlBedkzoDAKCuGKsAAFWpuZSLjywdljoDAAAAqGHZjiGO/wEASMBYBQCoWkvGOQ4IAAAA6D8t138osk1+9wAAMNCMVQCAquY4IAAAAKA/lM+7MMpnnJ06AwCgLhmrAABVzXFAAAAAQF/LdgyJlre/N3UGAEDdMlYBAKqe44AAAACAvuT4HwCAtIxVAIBBwXFAAAAAQF8oL7/I8T8AAIkZqwAAg4LjgAAAAICTle3ojJa3vSd1BgBA3TNWAQAGDccBAQAAACej5QbH/wAAVANjFQBgUHEcEAAAAHAiyssvivLpZ6XOAAAgjFUAgEHGcUAAAADA8XL8DwBAdTFWAQAGnSXjGuNljgMCAAAAjlHru3/F8T8AAFXEWAUAGJQ+ePbQGNWcT50BAAAAVLmGFZdE6bTFqTMAAHgRYxUAYFBqLGbj188bHrlM6hIAAACgWmU7h0XzW9+dOgMAgJcwVgEABq15Ixvi2nntqTMAAACAKtV6w69EtrEpdQYAAC9hrAIADGpvX9gRM4aWUmcAAAAAVaZh5aVRWrgodQYAAIdgrAIADGr5XCZ+Y/nwKOedBwQAAAD8t9yo0dH8tvekzgAA4DCMVQCAQW98WzHee2Zn6gwAAACgGuTz0fah/xXZhkrqEgAADsNYBQCoCa84tTXOGeuXUAAAAFDvml//9ihMnpY6AwCAIzBWAQBqxsfPHRbt5VzqDAAAACCR4oIzonLla1JnAABwFMYqAEDNGFLJx8fOHZY6AwAAAEgg29YRrb/8schkMqlTAAA4CmMVAKCmnDu+Ma6Y3pI6AwAAABhImUy0vu+jkWvvSF0CAMAxMFYBAGrO+8/qjLGthdQZAAAAwACpvPzVUVqwKHUGAADHyFgFAKg5DYVs/Mby4ZHzTgcAAABqXn7y9Gh+w3WpMwAAOA4+wgEAatKpw8px3UKX/gUAAIBalmloiLYPfTIy+XzqFAAAjoOxCgBQs94wvz0WjW5InQEAAAD0k5Z3vD/yo0anzgAA4DgZqwAANSubycSvnzc8OhpyqVMAAACAPlZedkE0LL8odQYAACfAWAUAqGlDKvn41PLhkc2kLgEAAAD6Sm7kKdHyzg+kzgAA4AQZqwAANe+M0ZV447z21BkAAABAX8jno+2Dn4xspZK6BACAE2SsAgDUhbef1hHzRpRTZwAAAAAnqemX3hqFqTNSZwAAcBKMVQCAupDLZuI3zx8RrWVvfwAAAGCwKs47PRqvuiZ1BgAAJ8mnNQBA3RjelI9PLhueOgMAAAA4Adm29mh9/8cik8mkTgEA4CQZqwAAdWXJuMa4ZnZr6gwAAADgeGQy0frLH4tc+5DUJQAA9AFjFQCg7tywqDNmDi2lzgAAAACOUeXlr4rSwkWpMwAA6CPGKgBA3SnkMvHpFSOiseitEAAAAFS7/ORp0XztdakzAADoQz6hAQDq0uiWQnx86bDUGQAAAMARZBoaou1Dn4xMoZA6BQCAPmSsAgDUrRWTmuLqmS2pMwAAAIDDaH3vRyI/akzqDAAA+pixCgBQ195/1tCYObSUOgMAAAB4icarXhvls89LnQEAQD8wVgEA6loxl4nPrxwRrWVviwAAAKBaFOcsiKZrr0udAQBAP/GpDABQ90Y0F+LT54+IbCZ1CQAAAJAdOjzafuXXI5PLpU4BAKCfGKsAAETEotGVePtpHakzAAAAoL4VitH+kd+MbGtb6hIAAPqRsQoAwM+9eX57LBlXSZ0BAAAAdavlne+PwpTpqTMAAOhnxioAAD+XyWTi188bHqNbCqlTAAAAoO40XHh5VFZemjoDAIABYKwCAPAizaVcfP6CEVHKZ1KnAAAAQN0oTJsZLdf9cuoMAAAGiLEKAMBLTB1Sio8sGZo6AwAAAOpCtq092j78qcgUXOkUAKBeGKsAABzCpVNb4uqZLakzAAAAoLZlc9H6K78euc5hqUsAABhAxioAAIfxgbOGxqnDSqkzAAAAoGY1v/EdUZo9P3UGAAADzFgFAOAwCrlMfG7liGgre8sEAAAAfa28ZHk0Xvma1BkAACTgkxcAgCMY0VSIT58/InKZ1CUAAABQO/LjJkbLez6cOgMAgESMVQAAjuKM0ZW4YdGQ1BkAAABQEzKNTdH20U9HttyQOgUAgESMVQAAjsEvzW2PS6c2p84AAACAwS2Tidb3fzzyo0anLgEAICFjFQCAY/TRpcNi1rBS6gwAAAAYtBpfdW2Uzzg7dQYAAIkZqwAAHKNiLhO/fcHIGNaYS50CAAAAg07ptDOj6Zo3p84AAKAKGKsAAByHzsZ8/PaFI6OUy6ROAQAAgEEjN2JUtH7gE5HJ+lgCAABjFQCA4zZzaDk+fu6w1BkAAAAwKGRK5Wj76Kcj29ScOgUAgCphrAIAcAIumtIc185tS50BAAAA1S2TiZb3fiQKEyanLgEAoIoYqwAAnKDrFw2Jc8ZWUmcAAABA1Wp63VujYcny1BkAAFQZYxUAgBOUzWTiU+ePiAlthdQpAAAAUHUazr84ml59beoMAACqkLEKAMBJaCpm43cvGhktJW+rAAAA4H8UZ8+Plht+JXUGAABVyqcqAAAnaUxrMT6zYkTkMqlLAAAAIL3cKWOi7SO/GZl8PnUKAABVylgFAKAPLBpdifcu7kydAQAAAEllmluj/RO/FdnmltQpAABUMWMVAIA+8trZbXH1TL+MAwAAoE7lC9H+sU9HftTo1CUAAFQ5YxUAgD70obOHxlljKqkzAAAAYMC1vudXo3jq3NQZAAAMAsYqAAB9KJfNxGdWjIgpHcXUKQAAADBgGl/zxmg478LUGQAADBLGKgAAfayxmI3fu3hUDK3kUqcAAABAvyufuzKaX/eW1BkAAAwixioAAP1geFM+fu/iUVEpZFKnAAAAQL8pzJgdre/9cOoMAAAGGWMVAIB+Mq2zFJ8+f0Tk7FUAAACoQbkRo6L9Y5+JTMFRuAAAHB9jFQCAfnTOuMZ4/1mdqTMAAACgT2Uam6L9E78V2da21CkAAAxCxioAAP3sVbPa4jWzWlNnAAAAQN/I56PtI78Z+THjUpcAADBIGasAAAyA953VGeeOb0ydAQAAACet5V0fjNLchakzAAAYxIxVAAAGQDaTid9cPjxmdJZSpwAAAMAJa7z6dVFZeWnqDAAABjljFQCAAVIuZOMLF4+MEU351CkAAABw3EpnL4umN1yXOgMAgBpgrAIAMIA6K/n4vYtHRlPR2zAAAAAGj8LUGdH2vo9HJpNJnQIAQA3wKQkAwACb3FGK37lwZBRzfsEHAABA9csOGxFtH/9cZEqOtgUAoG8YqwAAJLBwVEN8avnwyNqrAAAAUMUyLa3R8b9+J3LtHalTAACoIcYqAACJLJ/YFL9yztDUGQAAAHBImYaG6Pjkb0d+zLjUKQAA1BhjFQCAhK6e2RpvXdCeOgMAAAAOVihG28c+E4WpM1KXAABQg4xVAAASu+70IXHVjJbUGQAAAPDfsrlo++AnojT3tNQlAADUKGMVAIAq8KtLhsay8Y2pMwAAACBarv9glM86N3UGAAA1zFgFAKAKZDOZ+M3zh8f8keXUKQAAANSxpje+IyoXvCx1BgAANc5YBQCgSpTy2fjChSNjSkcxdQoAAAB1qPGq10bT1a9LnQEAQB0wVgEAqCJNpVz8wSWjYlRzPnUKAAAAdaRh5aXR/KZ3pc4AAKBOGKsAAFSZzsZ8/MElo6Kt7K0aAAAA/a+0eGm0XP+h1BkAANQRn4AAAFShcW3F+OLFo6Ihn0mdAgAAQA0rzlkQbR/6ZGRyudQpAADUEWMVAIAqdeqwcvzWBSOj4B0bAAAA/SA/eXq0feyzkSkUU6cAAFBnfPQBAFDFzhxTic+sGBE579oAAADoQ7nR46Ljf/12ZCuV1CkAANQhH3sAAFS5ZROa4pPLhkfWiUAAAAD0gWznsOj4jd+NbGtb6hQAAOqUsQoAwCBw8ZTm+PCSoakzAAAAGOQyLa3R8RtfiNzQ4alTAACoY8YqAACDxJUzWuN9iztTZwAAADBIZRoq0fG/fifyY8alTgEAoM4ZqwAADCLXzGmLt5/WkToDAACAwaZQjLaPfSYKU6anLgEAAGMVAIDB5m0LO+L1c9tSZwAAADBYZHPR9qFPRmnuwtQlAAAQEcYqAACD0nvO7IyrZ7akzgAAAGAQaLnhQ1FevDR1BgAAvMBYBQBgkPrVc4bGpVObU2cAAABQxZrf9p6orLw0dQYAABzEWAUAYJDKZDLxa+cOi+UTGlOnAAAAUIWa3/aeaLz8lakzAACgF2MVAIBBLJfNxKfPHxFnjamkTgEAAKCKGKoAAFDNjFUAAAa5fC4Tn79gRJw2qiF1CgAAAFXAUAUAgGpnrAIAUAPK+Wz83kUjY8HIcuoUAAAAEjJUAQBgMDBWAQCoEeVCNr548aiYP8JgBQAAoB41v/XdhioAAAwKxioAADWkoZCNL14yKuYZrAAAANSV5re+Oxpf/qrUGQAAcEyMVQAAakylkI3fv2RUzDVYAQAAqAuGKgAADDbGKgAANahSyMbvXzwqZg83WAEAAKhlhioAAAxGxioAADWqsZiNP7jEYAUAAKBWNb/lBkMVAAAGJWMVAIAa1lTMxpcuGRVzDFYAAABqSvNbbojGK16dOgMAAE6IsQoAQI1rLGbjS5eOinkjDFYAAABqgaEKAACDnbEKAEAdqBSy8fuXjIr5Iw1WAAAABjNDFQAAaoGxCgBAnagUsvH7F4+KBQYrAAAAg5KhCgAAtcJYBQCgjjT8fLBy2qiG1CkAAAAch+a3XG+oAgBAzTBWAQCoM+VCNn7v4pFx1phK6hQAAACOwX8PVV6TOgMAAPqMsQoAQB0q57PxOxeOjPMnNqZOAQAA4AgMVQAAqEXGKgAAdaqQy8Snzx8Rl05tTp0CAADAIRiqAABQq/KpAwAASCeXzcQnlw2Lhnw2/umBralzAAAAiIjI5qLlXR+IyoWXpS4BAIB+YawCAFDnMplM/OqSoVEpZOKv7t6SOgcAAKC+5QvR9sFPRPnsZalLAACg3xirAAAQERHvPrMzGgrZ+OPbNqVOAQAAqEuZhoZo++hnojTvtNQpAADQr7KpAwAAqB5vXdgR71vcmToDAACg7mSaW6P9N79oqAIAQF0wVgEA4CDXzGmLjy4dGtlM6hIAAID6kB0yNIZ87ktRnDozdQoAAAwIYxUAAHq5ckZr/Pp5wyPn3SIAAEC/yo0aHUN+648iP3ZC6hQAABgwPn4AAOCQLprSHJ9bMSKKOZdYAQAA6A/5iVOi4/N/FLlhI1KnAADAgDJWAQDgsJZNaIrfvXBkNOQNVgAAAPpS4dS50fHZL0WurT11CgAADDhjFQAAjujMMZX4P5edEm1lbx0BAAD6Qun0s6Lj1383spXG1CkAAJCETxwAADiqU4eV489ePjpGNuVTpwAAAAxq5fMujLaPfToypVLqFAAASMZYBQCAYzKurRhfvmJ0TO4opk4BAAAYlCqXvSJa3/exyOT8IQAAAPXNWAUAgGM2tDEff3r5KTF/ZDl1CgAAwKDSdM2bo+Xt741MJpM6BQAAkjNWAQDguDSVcvGlS0bFsvHOVgcAADiqTCaa3/G+aHrtm1KXAABA1TBWAQDguJXy2fjcyhFx1YyW1CkAAADVK5+P1g98IhovvSp1CQAAVBVjFQAATkgum4mPLB0Wb13QnjoFAACg+hRL0f6xz0TDuStSlwAAQNUxVgEA4KRcd/qQ+PCSoZF17DoAAEBERGQam6LjU1+I0mmLU6cAAEBVMlYBAOCkXT2zNT67YkQUcxYrAABAfct2dEbHZ78UxZlzUqcAAEDVMlYBAKBPLJ/YFH9wychoKnqLCQAA1Kf8hMkx5Hf/OAoTJqdOAQCAquaTBAAA+szCUZX408tPieFN+dQpAAAAA6p02uLo+PwfRq5zWOoUAACoesYqAAD0qclDSvEXV4yO6Z2l1CkAAAADovKyq6Pt45+NbEMldQoAAAwKxioAAPS5zsZ8/Mnlp8TScY2pUwAAAPpPNhfNb39vtFz3y5HJ5VLXAADAoGGsAgBAv2goZOO3LxwRr5nVmjoFAACgz2UaGqL91z4bjZe9InUKAAAMOsYqAAD0m2wmEx84e2h88OzOyGVS1wAAAPSNbOew6Pj8H0XptMWpUwAAYFAyVgEAoN+9elZb/PaFI6Mhb7ECAAAMbvlJU2PI7/xxFCZMTp0CAACDlrEKAAADYsm4xviTy0+Jzopz3AEAgMGptOic6Pjc/47ckM7UKQAAMKgZqwAAMGCmDy3Hn185OqZ0FFOnAAAAHJfKy18VbR/9dGTLDalTAABg0DNWAQBgQI1oKsSfvnx0LB5TSZ0CAABwdNlctLzrA9Hy1ndHJutX6gAA0Be8swYAYMA1FrPxhYtGxlUzWlKnAAAAHFam0hjtn/x8VC6+InUKAADUFGMVAACSyGcz8ZGlw+J9izsjl0ldAwAAcLDs0OHR8Vt/FKUFi1KnAABAzTFWAQAgqWvmtMUXLx4VLSVvTQEAgOpQmDIjhvzuH0dh3MTUKQAAUJN8IgAAQHJnjqnEn185Osa3FVKnAAAAda60+Nzo+OyXItc+JHUKAADULGMVAACqwtjWYvz5lWPi7LGV1CkAAECdarzqtdH2kU9FplRKnQIAADXNWAUAgKrRVMzGFy4aGdfObUudAgAA1JN8Plpu+FA0v+ldkclkUtcAAEDNy6cOAACAF8tmMvHuMztj8pBSfHrVc7G3qyd1EgAAUMOyHUOi7cOfiuKM2alTAACgbriyCgAAVeniKc3xx5efEsMac6lTAACAGlWYOSeGfPHLhioAADDAjFUAAKhapw4rx19eOSZmDXNePAAA0LcqL7s6Oj79+5FrH5I6BQAA6o6xCgAAVa2zMR9/fPnouHRqc+oUAACgFhRL0fr+j0fLdb8cmXw+dQ0AANQlYxUAAKpeMZeJ/3Xe8HjvmUMil0ldAwAADFa54SNjyG//n2g478LUKQAAUNeMVQAAGDR+aW57/P4lo6Kt7G0sAABwfIoLFsWQL345ChOnpE4BAIC657f8AAAMKotGV+KrV4+JmUNLqVMAAIDBIJOJxlddG+2f/K3INjleFAAAqoGxCgAAg86IpkL82ctHx1UzWlKnAAAAVSxTaYy2j346ml//tshk/TocAACqhXfnAAAMSoVcJj6ydFh8ctmwKOUzqXMAAIAqkx8zPoZ84U+ifOaS1CkAAMBLGKsAADCovWxaS3z55aPjlJZ86hQAAKBKlM5eFh2/+8eRP2Vs6hQAAOAQjFUAABj0pnWW4qtXjYlzxlZSpwAAACllc9H8pndG+4c/FdkG/30AAADVylgFAICa0FzKxRcuGhnXndYRWacCAQBA3cm0tEb7b/xONF51TeoUAADgKIxVAACoGZlMJt66sCO+ePHIaC17qwsAAPUiP3l6dP7el6M097TUKQAAwDHwG3wAAGrO4jGN8dWrxsSMzlLqFAAAoJ81rLw0hvzWH0Zu2PDUKQAAwDEyVgEAoCaNbC7En10xOq6c0ZI6BQAA6A/5QrS864PR+p4PR6ZQTF0DAAAcB2MVAABqVjGXiY8uHRafPn94NBYyqXMAAIA+khsxKoZ8/g+jcvHLU6cAAAAnwFgFAICad8Hk5vjrq8c6FggAAGpA+ZzlMeT3vxKFqTNSpwAAACfIWAUAgLowurUQX75idLxmVmvqFAAA4EQUS9Fy/Yei7Vd/PbKVxtQ1AADASTBWAQCgbhRymfjA2UPjdy4cEa0lb4UBAGCwyI8ZH0O+8CdRuejy1CkAAEAf8Bt6AADqzrnjm+KvXzEm5o4op04BAACOouGCl8WQL/xpFMZNTJ0C/397fx5mZ13fj//Pc2bfMlnIvrKFJexL2MIiUILBiKBQkAoFf9hSUKtYaqtAam2FH1asotJClSJIAaF+RIyI4AKIbAKyxsgWQkJIMmSyTjKTme8fgSlDIBkgOWeSPB7XlSvnfZ/7Pud5n0yuKzM8eb0BANhAlFUAANgiDWusyuVTR+Yv9xiQQrnDAAAAaynUN6T57y5M8yf/PoVaRXMAANicKKsAALDFqiwWcvZ+g/LNY0ZkYF1FueMAAACvqdxuxwz6+n+l7pAjyx0FAADYCJRVAADY4u03qj7XfmR09h1ZV+4oAACwZSsUUv+hP8+g//+3Uzl8ZLnTAAAAG4myCgAAJNmqvjKXHTMiZ+07MBX+lQwAACVXHDAwA6Z9Nf0+fk4KVVXljgMAAGxEfgwPAACvKRYKOWOvgbnig6Myup8fjgMAQKnU7HtgtvrmVanZa2K5owAAACWgrAIAAG+y69DaXPOR0Tl2x37ljgIAAJu36uo0/fVnMuCCi1NsHlDuNAAAQIkoqwAAwFuoryrmi4cOySVHDUv/Wv9sBgCADa1y3DYZ9LUr03DM8eWOAgAAlJifugMAwDoctnVjrjthTA4cXV/uKAAAsNmon/qRDPraFakau3W5owAAAGVQWe4AAADQ121VX5l/nzIiNzy+KN+4b2FWdnSVOxIAAGySiv0HpPnT/5iaffYvdxQAAKCMTFYBAIBeOnGX/rnm+NHZcauackcBAIBNTvXe+2fQN65SVAEAAJRVAADgnRg3oDrf+9ConLZH/xQL5U4DAAB9X6G+If0++fcZOO2SVAwYWO44AABAH6CsAgAA71BlRSHn7LdVLp86MsMb7awJAABvp3rPfbPVZf+d+qM+UO4oAABAH6KsAgAA79Kew+vygxPGZMr2TeWOAgAAfUqhviH9zjkvA7/0tVQMHlruOAAAQB+jrAIAAO9BY3Ux/3T40Hx18vAMqq8odxwAACi76j1em6YyeWq5owAAAH2UmeUAALABHDquIXsOH5Ov3rMg02cuKXccAAAouUJdfZo+fnbqJ3+w3FEAAIA+zmQVAADYQPrVVORLpqwAALAFWjNN5WpFFQAAoFdMVgEAgA3MlBUAALYUhbr6NJ1xduqPVlIBAAB6z2QVAADYCExZAQBgc1e9xz7Z6rL/VlQBAADeMZNVAABgIzJlBQCAzU2hrj5Np/9N6t9/bLmjAAAAmyiTVQAAYCMzZQUAgM1F9e57r5mmoqgCAAC8ByarAABAiZiyAgDApqpQV5em0/8mdUcfm0KhUO44AADAJs5kFQAAKKHXp6z82+ThGdKgOw4AQN+3ZprK1al//4cUVQAAgA3CT8cBAKAMDhnXkL1H1OU7DyzMjU+0prOr3IkAAKCnQl1dmv7yrNQpqQAAABuYySoAAFAmDdXFfO6gwfnuh0Zl+0HV5Y4DAADdqnffO4O++d+pn3KcogoAALDBmawCAABlNmFIba4+fnSu/cOiXPFQS1Z2GLMCAEB5FAcMTNPHP5m6Q48sdxQAAGAzpqwCAAB9QGWxkNP2GJAjtmnMRXe9kvtmryh3JAAAtiTFYuqnfCiNf3Fmig2N5U4DAABs5pRVAACgDxnVryqXHTMyP/3jknz93gV5tW11uSMBALCZq9p+p/T7m3NTtd0O5Y4CAABsIZRVAACgD5oyvikHjqnP1+9dkFv/uKTccQAA2AwVGhrTdOonUnf0sSkUi+WOAwAAbEGUVQAAoI/qX1uRae8bmmPGN+Wiu+ZnVmt7uSMBALCZqD3sqDSdcXYqBgwsdxQAAGALpKwCAAB93L4j6/ODj4zOd3//ar7/6Ktp7yx3IgAANlUVo8em31nnpmbXPcsdBQAA2IIpqwAAwCagprKYsyYOyjE7NOWr9yzIvS8uL3ckAAA2IYWa2jT8+WlpOO6kFCr9WBgAACgv35UAAMAmZExzdb4xZUR+9dzSfO23CzJ3aUe5IwEA0MfVTDwoTZ/4dCqHDi93FAAAgCTKKgAAsEk6bOvG7D+6Pt97+NVc8+iirFrdVe5IAAD0McXBQ9PvE59O7f4HlzsKAABAD8oqAACwiaqtLOasfQflA+Ob8m+/XZB7ZtkaCACAJJWVaTj2z9N40l+mUFtb7jQAAABrUVYBAIBN3Ojm6nz9/SPym+eX5d9+Oz9zltgaCABgS1U1Yff0O+vcVI3dutxRAAAA3payCgAAbCYOGdeQ/UbV5b8feTVXP7IoK20NBACwxSg290/T6X+TuiPeX+4olMljjz2W733ve3nooYeycOHCFIvFDBgwIP/0T/+Uww47rNzxAACgB2UVAADYjNRUFvOJfQZlyvh++dpv5+euF2wNBACwWStWpG7yB9J06l+l2NhU7jSUyfTp03Puuedm9erVPY6//PLLaWlpKVMqAAB4e8oqAACwGRrVrypfO3pE7n5hWS69d0FmtbaXOxIAABtY9V4T03TGObb8KZPZs2fniCOO6F5PmjQp//Vf/1XyHG1tbbnwwgt7FFVqa2uzzTbbpL29PbW1tSXPBAAA66OsAgAAm7FJYxuy/6j63Phka658qCWLV3aWOxIAAO9R5dht0nTG36Rmr/3KHYU+4IEHHkhra2v3epdddskVV1yRgQMHljFV+f3bv/1b/vM//zNJMmPGjDKn6TsmTZqU+fPn57jjjstFF11U7jgAwBZMWQUAADZzlRWFnLxr/0zZvilXPtSSHz7Zmg6dFQCATU6x/8A0/sXHU3fkMSlUVJQ7Dn3E3Llze6zPOuusLb6okiSPPvpouSP0OXPmzMn8+fPLHQMAIImyCgAAbDGaayty7kGD85EJzfn33y3IXS8sL3ckAAB6o7omDcedlIYPfzTFuvpyp6GPWbBgQY/1uHHjyhOkD+ns7Mzjjz9e7hh9zh/+8IdyRwAA6KasAgAAW5ix/avztaNH5P7Zy/P1exdkZsuqckcCAOCtFAqpPeyoNJ36iVRsNaTcaeijVq9e3WNdW1tbpiR9xzPPPJNly5aVO0afY9oMANCXKKsAAMAWauKo+lzzkdH58dOL850HWtKyYvX6LwIAoCSqdtkj/T5+Tqq226HcUWCTY4LIW3vsscfKHQEAoJuyCgAAbMGKhUI+tFNz/mzbplz18Ku57rFFWbm6q9yxAAC2WBUjRqXpL89K7QGHlDsKG8jnP//5/O///m+SZOTIkbnzzjuTrNmqZvr06fnpT3+aJ554IgsXLkyhUEj//v2z884756ijjsrUqVNTVVW1ztd8syOOOKLH+itf+UqOP/74JMnHPvax3H///UmSiRMn5vvf/36S5IYbbsgNN9yQZ555Ju3t7fnsZz+bM8444y1fv62tLXfccUd+/etf56mnnsorr7ySZcuWpaKiIk1NTdlmm22y99575/jjj8/o0aN7/TmtWrUqd955Z+68887MmDEjL7/8cpYtW5ZCoZDGxsaMHTs2u+66ayZPnpx99tlnretnz5691r2/bocdepa+7rjjjowaNSpJcvPNN+cf/uEf1nruqaeeyne+8508+OCDaW1tzfbbb58f/ehH3ed985vfzGWXXfaWr7kub/6z6811K1euzPTp03PnnXfm2WefzSuvvJLly5enf//+2XbbbXPQQQflIx/5SAYOHLjWtW/O+br//d//7ZHjjV8PSXL44YfnpZdeesvn1uWNn/XbXffmTDNmzEiS3Hfffbniiivy2GOPZenSpTn00EPz7W9/+23fa/ny5bnlllty77335oknnkhLS0tWrVqVAQMGZKuttsrEiRNz5JFHvuXXCwBQfsoqAABAGqqLOXu/QTl+53755n0Lc/szS8sdCQBgi1Joak7jSX+Z+ikfSqHSj203d3PmzMknP/nJPP7442s9N2/evMybNy+//OUvc8011+Tyyy/PkCEbbxuoadOm5brrrutx7O220Ln99tvzpS99Ka+88spaz7W3t6etrS3z58/Pfffdl8svvzynnnpqzj333FRXV68zwz333JPzzz+/uxzxZi0tLWlpacnDDz+cq6++Ovvss08uvvjiXpVD3o0HHnggZ5xxRlat+r8tUxcvXrxR3mt9fv3rX+fCCy/M3Llz13pu/vz5mT9/fn73u9/lW9/6Vj7zmc/ktNNOS6FQKEPS9+bWW2/N5z73uXR2dnYfW7Jkyduef+211+Yb3/hGFi1atNZzr/8deuKJJ/K9730vkyZNyrRp095ReQoA2Ph81wMAAHQb3lSVfz1yWE7ZrS2X3bcwD85ZUe5IAACbt8qq1H/gw2n881NTbGwqdxpKYMmSJTnttNMya9asJEm/fv0yYsSIdHZ2Zvbs2Vm+fHn3uU888UQ++9nP5uqrr06xWOw+Pnr06Oy+++5Jkpdffjnz5s3rfm6nnXbqUQ55q2kbr7v77rvXKqq8nRtvvDHnn39+urr+bxJjRUVFBg8enAEDBmT16tWZNWtW2trakqyZHHPVVVdl3rx5ufTSS9+2QHHXXXflrLPOSnt7e/exysrKDB8+PP369cuKFSuyYMGCHmWRBx98MCeddFJ++MMfZtiwYUmS6urq7s9k1qxZefXVV7vPf/3469ZVnmlvb8/f//3f9yiqlMuNN96YCy64oEeBo76+PsOHD091dXVmz57dXehoa2vLV77ylbz44os5//zzu88fNmxY9/0/+uij3ccHDBiQMWPGdK+33XbbjX07b6ulpWWt+1yXL37xi7nxxht7HKuqqsrYsWNTVVWVV155JQsXLux+7u67786JJ56Ya665pqz3CQD0pKwCAACsZcKQ2nxn6sjc++KyfOv+lsxYsLLckQAANjs1Bx2Wpr88K5XDRpQ7CiX0la98JbNmzcr48ePz+c9/PgcccEB3EaWzszO33XZbvvCFL3RPN3nggQdyzz335OCDD+5+jbPPPjtnn312krW3VLnssst6PXHkyiuvTJJMnTo1Z555ZrbeeuusXLlyraLG7Nmz8+Uvf7m7qFJZWZlPfepTOeWUU9LY2Nh9Xnt7e2677bb88z//c/fEi+nTp+fII4/MBz7wgbXev6OjI+eff353UaWxsTGf//znM2XKlDQ0NHSf19XVlUceeST/8R//kV/+8pdJ1kwV+dd//dd84xvfSJIMGTIkN9xwQ5K1t9p5/XhvTJ8+PS+99FLGjRuX8847L/vuu29qamp6lB9K4fe//32mTZvWXeAYOHBgvvCFL+Soo47qLtt0dnbmV7/6VS688MLuaTfXXHNN9txzz+7P+4QTTsgJJ5yQpOcWPYcddlguuuiiUt7S2/qf//mfLF26NLvttls++9nPZrfddkuxWExra+ta515xxRU9iiqDBw/OZz/72UyZMiW1tbXdx2fOnJlvf/vb+elPf5pkTSHm4x//eG699dYeX1sAQPkoqwAAAG/rgNEN2X9UfW5/Zmm+80BLZi9uX/9FAACsU9UOO6fpjLNTvfNu5Y5Cic2bNy833XRT9thjj3z3u99d6z+aF4vFvP/978+qVaty3nnndR//2c9+1qOssiG89NJLmTNnTk4++eRMmzat+/hbTR257rrruiemJMmnPvWp/NVf/dVa51VVVeUDH/hAhgwZko997GPdx6+66qq3LKvcf//9Pba3+ed//udMmTJlrfMKhUL23HPPfOc738mFF16Y66+/Pkny85//PPPmzcvQoUN7d9O9cNNNN2X48OG57rrrekylGTGidKWyrq6u/NM//VM6OjqSrJmm8v3vfz/bbbddj/OKxWIOP/zwDBs2LCeeeGJ36eerX/1qjj766FRuIluK3XTTTZkwYUK+//3v9yic1NXV9TjvxRdfzNe//vXu9ejRo3Pttde+5Z//9ttvn0svvTRjxozJ5ZdfniSZO3duLr/88px77rkb50YAgHekuP5TAACALVmhUMhR2zXlxhPH5LxJgzOovqLckQAANkkVQ4an+XMXZuAllyuqbKE6OjpSVVWVSy65ZJ3THaZMmdJjYslTTz21wbO89NJLaW5u7lGKeTsPP/xw9+NCoZCTTjppnedPnDgxEyZM6F4/8cQT3dvVvNHMmTN7rA8//PB1vm6hUMi5556b3XffPZMnT87pp5+eFSs27Nals2fPzuc+97l1bp+0sd177715+umnu9ennXbaWkWVN9p55527p6cka0oZd91110bNuCHNnj07559/fo+iylu58soruws8hUIhl1xyyXqLSp/+9Kczfvz47vW1117bJ7Z4AgBMVgEAAHqpsqKQEyY05wPjm3LdY4ty9aOLsmxV7/YUBwDYkhW3GpLGE09N3Z8dk8ImMumAjeeII47ImDFj1nlOVVVVxo8fn9///vdJ1hRLNoZjjjkm9fX16z3vBz/4Qdra2rJgwYK0tramubl5vdfssssueeKJJ5Ks2a5mzpw5PbahSbJWaaC1tXW9hYXm5uZ3tK3PO9Xc3JzJkydvtNfvjde3rnnd8ccfv95rJk+enIcffjgDBgzIwIEDu7ds2hRsv/322XPPPdd5zurVq3PLLbd0r/fdd9/1XpOsmT5zyimn5MILL0ySLFu2LPfcc0/e9773vbfQAMB75jsjAADgHamrKuaMvQbm+J2bc9XDr+bGJ1qzavWm84NQAIBSKQ7cKg0nfiz1R01Noaqq3HHoI3q7nc+QIUO6Hy9btmyjZNl///17fW5tbW1GjRqVUaNG9er8AQMG9FgvXrx4rXNGjhzZY/3v//7v+Zd/+ZcUCoVe59rQ9tprr1SV+e/rvffe2/14yJAh6y03JWv+LH/0ox9txFQbT2++Dp966qkefw/eybZYkyZN6rF+4IEHlFUAoA+wDRAAAPCu9K+tyN8esFVuOmlMpu7QlIry/TwZAKBPKfYfmKb/3ycz+Ir/ScMxxyuq0MMbtyRZlzdOGGlvb98oWbbddtuN8rpJUvmmKUKdnWtPZTzkkEN6bHd000035aSTTsrtt99etq1aNuZn0hsrVqzoMUln7NixZUxTGttss816z3n00Ud7rIcNG9br1x81alSPCULPPPNM78MBABuNySoAAMB7MqyxKhccNjQf231A/vPBltzx7NKYswIAbImKzf3TcPxHUz/luBTWs5UJW65+/fr16rxSTBcZOnToO77m0UcfzZ133plHHnkkL774Yl599dW0tbW9ZRllfRobGzNt2rT83d/9Xfe2NY888kjOOeec1NfXZ6+99sr++++fAw88MDvvvHOf/Uw2pDlz5vTYwmfw4MFlTFMavfnMW1paeqy/9a1v5Zprrun1e3R0dHQ/nj17du/DAQAbjbIKAACwQWw9oDpf+bNh+VPLylz5UEvufHaZ0goAsEUoNPVLw3Enp37qh1OsrSt3HPq4N08cKafad1Cqeu655/LFL34xDz744AbNMHXq1FRUVGTatGlpbW3tPr58+fLcfffdufvuu5MkAwcOzJFHHpljjz02++yzzwbN8EZ1deX9O/zmLZ/eyZ/Rpqo3n/kbvzaS5Pnnn3/X77exttUCAN6ZvvOvYgAAYLOw3cCaXPRnw/OnhStzxUMt+eVzSisAwOap0NCYhg/9eeo/eGKKb9hiAjYVvS3O/OEPf8gZZ5yRJUuW9DheKBTSv3//NDc3p6mpKcVisfu5l19+OfPmzevV60+ZMiUHHHBArr322vzoRz/Kiy++uNY5LS0tueGGG3LDDTdk4sSJueCCC7L99tv36vXfiYqKig3+mu/Em7c/6kvlpo2lN5/5ihUrNtj7LV++fIO9FgDw7m3+/8oBAADKYrtBNbn4qOH548KVueLBlvz6eaUVAGDzUKhvSP3Uj6ThQ3+eYmNTuePARrV8+fJ85jOf6VFUGTNmTM4+++y8733vS3Nz81te981vfjOXXXZZr99nwIABOeecc3LOOedk5syZ+dWvfpW77rorDz/88FoFjvvvvz8nnXRSvvWtb2X//fd/dzfWR715ksqb731L1dDQ0GN9zTXXZN999y1TGgBgQ1BWAQAANqrxg2pyyeThmbFgzfZAv3reyGUAYNNUqKtL/Qc+nIbjTk6xqV+540BJ/OxnP8vs2bO71zvssEN+8IMfpLGxcZ3XdXZ2vuv33H777bP99tvnzDPPTFtbW+67777cfvvt+clPftI9YWPp0qX59Kc/nZ///OdvW5jpi9rb29f5fFNTzwLcm6fZ9GXru7f34s1fb0uXLt1o7wUAlEZx/acAAAC8dztstaa0cs2HR+eQsQ3rvwAAoI8o1NSm/riTMviK69N06l8pqrBFufPOO3usv/jFL663qJIkCxcu3CDvX1tbm0MPPTRf/vKXc9ttt2Xvvffufm7RokX50Y9+tEHe573q6urdHMnFixev8/nhw4f32Bbn5Zdffk+5NoQNdW/vxciRI3usZ82atdHeCwAoDWUVAACgpHbYqib/dvTwfP/4UTl4bH254wAAvL3q6tR/8IRsdcX16XfG2Sk2Dyh3Iii5OXPmdD+urq7u9dYrDz744AbPMnTo0Fx22WWpq6vrPvb73/9+g79Pb1RVVfVYr1y5slfX/fGPf1zn89XV1RkzZkz3+plnnun1VkBLlizJ4sWLs3jx4ixfvrxX17ydN95fW1tbr65Z3729FxMmTOixfuyxxzbaewEApaGsAgAAlMWOg2vztaNH5OrjR+XwrRtSLJQ7EQDAayqrUn/M8Rn8n9en35mfSsWAgeVOBGWzbNn/bePZ3NycQmH9/3C///7788wzz/Tq9Ts6OvLcc8/1Os/AgQOz3Xbbda/LtR1MfX3P4v38+fPXe83MmTN7NSll4sSJ3Y/b2try0EMPrfeaefPmZZ999sm+++6bfffdNxdddNF6r1mXN95fb+4tSX7zm9+8p/dcl+233z79+/fv8V69LfEkyZ/+9KeNkAoAeC+UVQAAgLLaaXBtLj5qeK4/YUym7tCUSt+lAABlUqhvSMPxJ2fwlTek319/JhWDtip3JCi7fv3+b9urhQsXrneCSFtbW770pS+95fE3evrpp3PiiSdmr732ytFHH50ZM2b0OtOSJUu6Hw8cuHaZ7M2FmhUrVvT6tXtrxIgRPdaPP/74eq/57ne/26vXnjJlSo/1tddeu95r7rjjjh7r/ffff53nr+8zGT58ePfjefPmZcGCBes8f9GiRbn55pvXk/Ldq6ioyNSpU7vXra2tue6663p17a9+9ascc8wxOeyww3LhhRf2ia2VAABlFQAAoI8YN6A6Fxw2NP978tictEtzaiuNWgEASqM4cKs0nX5WBn/vpjSd/jdKKvAGO+64Y/fjzs7O3HrrrW977tKlS3PWWWdl5syZOeCAA3o899JLL/VYjx49OjNmzOguv3z5y1/u1ZSUe++9N88//3z3+o1TSF735i16XnjhhfW+7jv1xs8lSW6++eZ0dHS87fnTp0/PzTffvFa2t7Lffvtl11137V7ffvvt+elPf/q25y9YsCDf/va3u9eDBg3KkUceudZ51dXV3Y9nzZq1zgw77bRT9+Ourq7ceOONb3tuR0dHvvCFL2TRokW9ur9365RTTunx+pdeemkeffTRdV7z3HPPZdq0aUmSuXPn5rbbbktzc/NGywgA9J6yCgAA0KcMa6zKuQcNzi0fHZeP7zUg/Wp82wIAbByVo8el36c/n8FX3pCG4z+aYn1DuSNBnzN58uQe64svvjjTp0/vcWzJkiX54Q9/mGOOOSa//e1vM2nSpJx55pk9zrnpppt6TPNoaGjIqaee2r2+//7789GPfjR33nnnW05vefXVV3PNNdfknHPO6T42ePDgvP/971/r3JEjR/ZYf/WrX83s2bPT2dmZBQsWZO7cub2483UbNWpUj0LJs88+m8985jOZN29ej/MWLFiQr371qzn33HNTV1eXj3/84+t97UKhkPPPPz+VlZXdx/7u7/4u//Ef/9FjqkxXV1d+/etf5+STT+6xVc/nPve5HsWU171xGsyTTz6Za6+9NkuXLs2qVavyzDPP9Pjc3/y5futb38p1112X9vb2HscfeeSRnHbaafnFL36Rgw46KHvuued67+/d2nrrrfPJT36ye71ixYqceuqpufLKK7No0aIe57a2tubKK6/MySef3OPP+7zzzktdXd1GywgA9F7l+k8BAAAovf51FfnrfQflY7sPyM1PteYHf1iUBctXlzsWALAZqNp5tzR8+KOp2ffAtbYLAXqaNGlS9t9///zud79Lsma7l7/927/NF7/4xYwaNSpLly7NvHnzuksMI0eOzL/+67+mtrY2VVVV3ccff/zxHHzwwRk1alSOPfbYnH766TnnnHPy8MMP54EHHkiSzJgxI2eddVaqqqoyYsSINDU1ZeXKlWlpaUlLS0u6urq6c9XW1uaSSy5JY2PjWpkPOuigfO1rX+te33XXXTniiCO61+ecc06P0sO79ZnPfCZnnHFG9/rnP/95br/99owcOTLNzc1ZunRpXnzxxXR2dqZQKOQLX/hCKioqevXau+++ey666KKcd9556ezsTEdHR772ta/lm9/8ZkaOHJn6+vrMnj07ixcv7nHdX/zFX+T4449/y9ecNGlSj6k0X/rSl3ps2XTHHXdk1KhRSZLtttsuU6dOzS233JIkaW9vz7Rp03LRRRdl9OjRqaqqyssvv5yWlpYka4pD//Iv/5LzzjuvV/f3bp155pl56aWXcv311ydZs73UJZdckksvvTTDhw9PY2Nj5s+fn4ULF/b4ekmS008//W0/GwCg9PwvigAAQJ/WUF3Mx3YfkP/30XH5h4MHZ1S/jTdWGgDYjBWLqTngkAy85DsZdPG3UjvxIEUV6KVLL700u+22W49jS5cuzdNPP53Zs2d3F1ImTpyY6667LkOHDk1zc3NOOOGEHtcsWbIkTz31VPd2PzU1Nbnyyivz0Y9+tMcUkfb29rzwwgt5/PHHM3PmzLWKBxMmTMg111yz1lZDr9tll11yzDHHbJB7X5eDDjooF1xwQY8CSldXV2bPnp0nnngiL7zwQjo7O1NVVZWLL754rc9jfaZOnZrvfve7GT16dPex9vb2PP/883nyySd7FFXq6+vzj//4jzn//PPf9vU+8YlPZMCAAb1+/2nTpmXSpEk9jrW1tWXmzJl58sknu4sq2267ba6//voMHz6816/9bhWLxXzpS1/KBRdc0ONeOjo68uKLL+app57KggULeny9DBw4MBdddFE+//nPb/R8AEDvmawCAABsEqorCjl+5+Ycu2O/3PHs0lz1yKuZuXBVuWMBAH1dVXXqDp+chuNOSuXIMeVOA5ukgQMH5gc/+EF+/OMfZ/r06XnqqafS2tqaysrKDBkyJLvuums++MEP5tBDD+1x3T/+4z+mqakpP/nJTzJv3rw0NDRk/Pjx2WeffbrPqa2tzYUXXpgzzzwzt956ax588ME8//zzmT9/ftra2lJZWZmmpqaMHj06EyZMyFFHHZWJEyeut2x28cUXZ9ttt82Pf/zjvPTSS0mS/v37Z4cddsgee+yxwT6bU045JQceeGCuvfbaPPDAA5kzZ06WLVuWurq6jB07NgceeGBOPvnktbYm6q0DDjggP/nJT3LnnXfmtttuy4wZM7Jw4cKsWLEi/fv3zzbbbJNJkyblhBNOWG8RZejQobn++uvz9a9/Pffee29aW1tTU1OTYcOGZdddd02/fv16nN/Y2Jgrr7wyv/jFL3LLLbfk8ccfT0tLSzo6OtLc3Jwdd9wxRx99dI499ti33HZoYzrllFNy7LHHZvr06bn77rvz9NNPp6WlJcuXL099fX0GDhyYXXbZJQcffHCOPvro1NbWljQfALB+ha43z0EDAADYRNw/e3mue2xR7pm1PL6xAZLkqrlXZ9BDvyx3DKAPKDQ0pn7Kh1I/9SOpGDCo3HEAAAB4A5NVAACATdbEUfWZOKo+zy9alf95bFFu/eOStHWorQDAlqy41ZA0HHtC6iZ/MMW6+nLHAQAA4C2YrAIAAGw2WttW5+YnW3PjE62Zv3x1ueMAZWCyCmy5Ksdtk4bjTk7tIUemUOn/0QMAAOjLfNcGAABsNpprK3L6XgPzsd0H5OfPLMkPHmvNjAUryx0LANiIqnfdMw3HfzQ1++xf7igAAAD0krIKAACw2amsKGTK+H6ZMr5fHpqzPD/4Q2vunrUsneZKAsDmoao6tZPel4YPfDhV43cqdxoAAADeIWUVAABgs7b3iPrsPaI+s1pX5X8ea81PZizOig6tFQDYFFUMG5G6oz+Y+iOPSbG5f7njAAAA8C4Vurq6/JQWAADYYixZuTq3zFiSm55szazW9nLHATawq+ZenUEP/bLcMYANqVhMzV77pf6Y41K9134pFIvlTgQAAMB7ZLIKAACwRWmqqchHd+ufk3dtzv0vrcgPn2jNXS8sy2o1fgDoU4rN/VN35DGpe/+xqRw6vNxxAAAA2ICUVQAAgC1SoVDIfqPqs9+o+sxb2pGbn2rN/3t6cRYuX13uaACwRavaaZfUTzkutQe9L4WqqnLHAQAAYCOwDRAAAMBrOlZ35c7nluaHT7bm4blt5Y4DvAu2AYJNU6G2LrWH/lnqjzkuVVtvV+44AAAAbGQmqwAAALymsqKQo7ZrylHbNeWZlpX54ROLM33m4ixr1/EHgI2hYvTY1L//Q6k74v0p1jeUOw4AAAAlYrIKAADAOixv78xP/7gkNz3Zmj+1rCp3HGA9TFaBTUBFRWr2Pzj1U45LzW57lTsNAAAAZWCyCgAAwDrUVxXzkQnN+ciE5jw2ry3/7+nF+cUzS0xbAYB3qDhocOonT03d5KmpGLhVueMAAABQRsoqAAAAvbTr0NrsOrQ25x64VX7x7NL8+OnFeeTltnLHAoC+q1BI9e57p/79H0rNfgelUOHHkQAAACirAAAAvGN1VcVM3aFfpu7QL88vWpVbnl6cW2cuycLlq8sdDQD6hIqRY1J3+OTUHTY5FUOGljsOAAAAfUyhq6vL7GoAAID3qKOzK/fMWp4fP70497y4LKs7y50ItkxXzb06gx76ZbljwBap0NQvdQcfkdrDJ6d6hwnljgMAAEAfZrIKAADABlBZLOTQcQ05dFxDFizvyK1/XJIfP704s1rbyx0NADaeysrU7L1/6g4/OjX7HphCVVW5EwEAALAJMFkFAABgI3pk7orcMmNx7nxuWZauMm4FNjaTVaA0Krfbcc02P4ccmWJz/3LHAQAAYBNjsgoAAMBGtMfwuuwxvC7nTerMXS8sz8/+tCS/nbUs7XorAGxiioMGp+6wo1J3+ORUjtm63HEAAADYhCmrAAAAlEBNZTFHbtuYI7dtTGvb6vzi2aX52cwlefTlthh3CUBfVaipTc0Bh6Tu8KNTvfveKRSL5Y4EAADAZkBZBQAAoMSaayvy4Z2b8+GdmzNnSXt+NnNJfjZzSZ5b1F7uaACQFAqp3mWP1B5+dGoPOizFuvpyJwIAAGAzU+jq6vI/8QEAAPQBT89vy/SZS/LzZ5ZmwfLV5Y4Dm6Sr5l6dQQ/9stwxYJNUMXJ06t53dOred1QqhgwrdxwAAAA2YyarAAAA9BE7Dq7NjoNr86n9t8qDc1Zk+swl+fXzy7J0VWe5owGwmSoOHpraAw9N7aTDU73jhHLHAQAAYAuhrAIAANDHVBQL2W9UffYbVZ/21V353ezluePZpfnN88uyRHEFgPeoYvioNQWVAw9N1fidyh0HAACALZCyCgAAQB9WVVHIwWMbcvDYhrSv7sr9Ly3PL55Zmt+8sCyLVyquANA7laPHpebAQ1N70GGp2nq7cscBAABgC6esAgAAsImoqijkoDENOWhMQzpeK67c8ezS/Pr5ZWlVXAHgTSq32T61Bx6W2gMPTeXoseWOAwAAAN2UVQAAADZBlRWFHDimIQeOacg/dHblwZdW5BfPLs2vnl+a1jbFFYAtUqGQqvE7pfbAQ1Nz4GGpHDai3IkAAADgLRW6urq6yh0CAACADaOjsysPzVmRO59dmrteWJb5y1eXOxKU1FVzr86gh35Z7hhQOsViqnba9bUJKoekYqsh5U4EAAAA62WyCgAAwGaksljIfqPqs9+o+ny+qytPLViZ3zy/LL95YVlmLlxV7ngAbAgVFanedc81E1T2PyQVAwaWOxEAAAC8I8oqAAAAm6lCoZCdB9dm58G1+et9B+XlJe35zQvLctcLy/LQnBVpt1sQwKajsio1e+ydmgMPS+1+k1Ls11zuRAAAAPCuKasAAABsIYY1VeXEXfrnxF36Z9mqztz74vL85oVl+e2sZWldqbkC0NdUDB2e6r32S83e+6V6t71SrKsvdyQAAADYIJRVAAAAtkAN1cUcuW1jjty2Mas7u/Loy23dU1dmtbaXOx7Alqm6JtW77JGavfdLzV77pXLUmHInAgAAgI2i0NXV1VXuEAAAAPQds1pX5XcvLs+9Ly7PQ3NWZEWHbxvZdFw19+oMeuiX5Y4BvVYxckx3OaV6lz1SqKkpdyQAAADY6ExWAQAAoIcxzdUZ01ydE3fpn/bVXXn05RW5d/by/O7F5Zm5cFVUVwDevUJdXap32zs1e01M9V77pXLYiHJHAgAAgJJTVgEAAOBtVVUUss/I+uwzsj6f3C9ZuLwj981eM3Xlvtkr8mrb6nJHBOjzKsdts2Zyyt77p3qnXVOoqip3JAAAACgrZRUAAAB6bVB9ZaaM75cp4/ulq6srMxaszL2vlVcem9eWjs5yJwQov0JDY6r32Cc1e++fmr0mpmLQ4HJHAgAAgD5FWQUAAIB3pVAoZMfBtdlxcG1O33Nglq3qzO/nrshDc1bk93NWZMbClem0ZxCwJaisTNW2O6R6971Ts/d+qdphQgoVFeVOBQAAAH2WsgoAAAAbREN1MQePbcjBYxuSJEtXrs7v57blodcKLDOVV4DNRKGmNlU77JzqXfZI1c67pXqHCSnU1pY7FgAAAGwylFUAAADYKBprKnLIuIYcMm5NeWXxytV5+LXiypryyqrorgCbgkJDY6p33i1VE3ZL9YQ9UrXdDilU+rEaAAAAvFu+qwYAAKAk+tVU5NBxjTl0XGOSpLWtZ3nlTy3KK0DfUBw4KNU77/5aOWX3VI7dJoVisdyxAAAAYLOhrAIAAEBZNNdW5LCtG3PY1mvKK0tWrs7jr7TlDy+35Q/z2vLEK21Z1q6+Amx8FcNGrNnOZ5c9Uj1ht1SOGF3uSAAAALBZU1YBAACgT2iqqcgBoxtywOg12wZ1dnXlmZZV+cO8tjw2b02J5cXF7WVOCWzyCoVUjtn6tXLK7qmesHsqBg0udyoAAADYoiirAAAA0CcVC4VsP6gm2w+qyYd3bk6SvLpidf4wb8WaAsvLbXlywcqs7DB9BXh7haZ+qdp2h1RtNz5VO+6S6p13S7GpX7ljAQAAwBZNWQUAAIBNxoC6ihw6rjGHjluzdVDH6q7MWLgyT7zSlqfmr8zTC1bmuVdXZbX+CmyRehRTttshldvukMphI8odCwAAAHgTZRUAAAA2WZUVhUwYUpsJQ2q7j7W1d+aPC9cUVxRYYPNVaGruLqVUbbtDKrfbIZVDh5c7FgAAANALyioAAABsVmqritltWF12G1bXfUyBBTZthX7N3aWUqu3W/KoYMqzcsQAAAIB3SVkFAACAzd66CiwzFq7KMy0r86eWVXmmZVWWruosY1JAMQUAAAA2f8oqAAAAbJHeqsCSJC8vbc8zrxVX/tSyKn9qWZkXFrVnlTEssEEV6upTOXpsKkaNTeWosakcPTZV24xPxZCh5Y4GAAAAbGTKKgAAAPAGwxqrMqyxKgeNaeg+1tHT5nuFAAAL40lEQVTZlRdb2/OnlpU9iiwvLW6PCgusW3HgoDVllFFjUzF6TSmlctTYVAwaXO5oAAAAQJkoqwAAAMB6VBYL2XpAdbYeUJ0/2/b/jre1d2bW4vbMWtSeWa2r8sJrv89qbc/ilbYTYgtSrEjFsOHdE1LeOC2l2NBY7nQAAABAH6OsAgAAAO9SbVUx4wfVZPygmrWeW7RidV54U4HlhUXteWlxe1baUohNVKGmNhUjR3cXUdYUU8alcsSoFKqqyh0PAAAA2EQoqwAAAMBG0L+uIv3r6rL7sLoexzu7uvLy0o7MWtSel5a0Z86S9sxd0pG5S9ozZ0lHWlasLlNiSFJdnYrBQ3v8Kg4emoohw1IxdHgqhgxLoVAod0oAAABgE6esAgAAACVULBQyoqkqI5reegpFW0dnXl66prwyd0lHzzLL0o60LF8dc1l4twr9mv+viDJkWCoGD0nF4GFrSilDhqWi/4ByRwQAAAC2AMoqAAAA0IfUVhYzrn91xvWvfsvnV63uytwl7Xl5aUcWLu/I/OWrs2BZRxYsX50Fy//v97YOlZYtTmVlKgYOTnHIGyajdD9eU0gp1NaWOyUAAACAsgoAAABsSqorChnbvzpj36bM8rqlK1evKbK8XmBZ1tGjzPJqW2da21andeXqrO4sUXjemcqqFPv1S7Ffc4r9+r/2qzmFfs0pNvd/w/HmFJsHpDhgYArFYrlTAwAAAKyXsgoAAABshhprKtJYU5GtB6y71JIkS1d1ZlHb6jXllbbVaV3ZufbjlavT2rbmvCUrV2d5e5ftiN6JQiGFxqbXCiZvKJl0l036rymhvH6suX+K9Q3lTg0AAACwUSirAAAAwBausbqYxupiRvWr6vU1XV1dWdHRleXtnWt+rerM8vY3rNvXrJe1d2bFa+tlqzqzoqMrKzs6s2p1V9o7k/bVXWnv7Frz++uPe6w34o2/UbEihZqaFGpqU6itXfP76+uamqTmzcfe+Ktm7efe/BoNjSlUVJToZgAAAAD6tkJXV5f/EQoAAADos14vsaxa3ZWOzq50dSVdyWu/r1l0Zc2vfiuXpK5zVZJCUiwkhWJSSFIoplAsvHa8mBQKr/0qplBVlUJV74s6AAAAALw3yioAAAAAAAAAAJRMsdwBAAAAAAAAAADYciirAAAAAAAAAABQMsoqAAAAAAAAAACUjLIKAAAAAAAAAAAlo6wCAAAAAAAAAEDJKKsAAAAAAAAAAFAyyioAAAAAAAAAAJSMsgoAAAAAAAAAACWjrAIAAAAAAAAAQMkoqwAAAAAAAAAAUDLKKgAAAAAAAAAAlIyyCgAAAAAAAAAAJaOsAgAAAAAAAABAySirAAAAAAAAAABQMsoqAAAAAAAAAACUjLIKAAAAAAAAAAAlo6wCAAAAAAAAAEDJKKsAAAAAAAAAAFAyyioAAAAAAAAAAJSMsgoAAAAAAAAAACWjrAIAAAAAAAAAQMkoqwAAAAAAAAAAUDLKKgAAAAAAAAAAlIyyCgAAAAAAAAAAJaOsAgAAAAAAAABAySirAAAAAAAAAABQMsoqAAAAAAAAAACUjLIKAAAAAAAAAAAlo6wCAAAAAAAAAEDJKKsAAAAAAAAAAFAyyioAAAAAAAAAAJSMsgoAAAAAAAAAACWjrAIAAAAAAAAAQMkoqwAAAAAAAAAAUDLKKgAAAAAAAAAAlIyyCgAAAAAAAAAAJaOsAgAAAAAAAABAySirAAAAAAAAAABQMsoqAAAAAAAAAACUjLIKAAAAAAAAAAAlo6wCAAAAAAAAAEDJKKsAAAAAAAAAAFAyyioAAAAAAAAAAJSMsgoAAAAAAAAAACWjrAIAAAAAAAAAQMkoqwAAAAAAAAAAUDLKKgAAAAAAAAAAlIyyCgAAAAAAAAAAJaOsAgAAAAAAAABAySirAAAAAAAAAABQMsoqAAAAAAAAAACUjLIKAAAAAAAAAAAlo6wCAAAAAAAAAEDJKKsAAAAAAAAAAFAyyioAAAAAAAAAAJSMsgoAAAAAAAAAACWjrAIAAAAAAAAAQMkoqwAAAAAAAAAAUDLKKgAAAAAAAAAAlIyyCgAAAAAAAAAAJaOsAgAAAAAAAABAySirAAAAAAAAAABQMsoqAAAAAAAAAACUjLIKAAAAAAAAAAAlo6wCAAAAAAAAAEDJKKsAAAAAAAAAAFAyyioAAAAAAAAAAJSMsgoAAAAAAAAAACWjrAIAAAAAAAAAQMkoqwAAAAAAAAAAUDLKKgAAAAAAAAAAlIyyCgAAAAAAAAAAJaOsAgAAAAAAAABAySirAAAAAAAAAABQMsoqAAAAAAAAAACUjLIKAAAAAAAAAAAlo6wCAAAAAAAAAEDJKKsAAAAAAAAAAFAyyioAAAAAAAAAAJSMsgoAAAAAAAAAACWjrAIAAAAAAAAAQMkoqwAAAAAAAAAAUDLKKgAAAAAAAAAAlIyyCgAAAAAAAAAAJaOsAgAAAAAAAABAySirAAAAAAAAAABQMsoqAAAAAAAAAACUjLIKAAAAAAAAAAAlo6wCAAAAAAAAAEDJKKsAAAAAAAAAAFAyyioAAAAAAAAAAJSMsgoAAAAAAAAAACWjrAIAAAAAAAAAQMkoqwAAAAAAAAAAUDLKKgAAAAAAAAAAlIyyCgAAAAAAAAAAJaOsAgAAAAAAAABAySirAAAAAAAAAABQMsoqAAAAAAAAAACUjLIKAAAAAAAAAAAlo6wCAAAAAAAAAEDJKKsAAAAAAAAAAFAyyioAAAAAAAAAAJSMsgoAAAAAAAAAACWjrAIAAAAAAAAAQMkoqwAAAAAAAAAAUDLKKgAAAAAAAAAAlIyyCgAAAAAAAAAAJaOsAgAAAAAAAABAySirAAAAAAAAAABQMsoqAAAAAAAAAACUjLIKAAAAAAAAAAAlo6wCAAAAAAAAAEDJKKsAAAAAAAAAAFAyyioAAAAAAAAAAJSMsgoAAAAAAAAAACWjrAIAAAAAAAAAQMkoqwAAAAAAAAAAUDLKKgAAAAAAAAAAlIyyCgAAAAAAAAAAJaOsAgAAAAAAAABAySirAAAAAAAAAABQMsoqAAAAAAAAAACUjLIKAAAAAAAAAAAlo6wCAAAAAAAAAEDJKKsAAAAAAAAAAFAyyioAAAAAAAAAAJSMsgoAAAAAAAAAACWjrAIAAAAAAAAAQMkoqwAAAAAAAAAAUDLKKgAAAAAAAAAAlIyyCgAAAAAAAAAAJaOsAgAAAAAAAABAySirAAAAAAAAAABQMsoqAAAAAAAAAACUjLIKAAAAAAAAAAAlo6wCAAAAAAAAAEDJKKsAAAAAAAAAAFAyyioAAAAAAAAAAJSMsgoAAAAAAAAAACWjrAIAAAAAAAAAQMkoqwAAAAAAAAAAUDLKKgAAAAAAAAAAlIyyCgAAAAAAAAAAJaOsAgAAAAAAAABAySirAAAAAAAAAABQMsoqAAAAAAAAAACUjLIKAAAAAAAAAAAlo6wCAAAAAAAAAEDJKKsAAAAAAAAAAFAyyioAAAAAAAAAAJSMsgoAAAAAAAAAACWjrAIAAAAAAAAAQMkoqwAAAAAAAAAAUDLKKgAAAAAAAAAAlIyyCgAAAAAAAAAAJaOsAgAAAAAAAABAySirAAAAAAAAAABQMsoqAAAAAAAAAACUjLIKAAAAAAAAAAAlo6wCAAAAAAAAAEDJKKsAAAAAAAAAAFAyyioAAAAAAAAAAJSMsgoAAAAAAAAAACWjrAIAAAAAAAAAQMkoqwAAAAAAAAAAUDLKKgAAAAAAAAAAlIyyCgAAAAAAAAAAJaOsAgAAAAAAAABAySirAAAAAAAAAABQMsoqAAAAAAAAAACUjLIKAAAAAAAAAAAlo6wCAAAAAAAAAEDJKKsAAAAAAAAAAFAyyioAAAAAAAAAAJSMsgoAAAAAAAAAACWjrAIAAAAAAAAAQMkoqwAAAAAAAAAAUDLKKgAAAAAAAAAAlIyyCgAAAAAAAAAAJaOsAgAAAAAAAABAySirAAAAAAAAAABQMsoqAAAAAAAAAACUjLIKAAAAAAAAAAAlo6wCAAAAAAAAAEDJKKsAAAAAAAAAAFAy/x/X+C7C8nbvSwAAAABJRU5ErkJggg==\" style=\"max-width: 100%; height: auto;\" alt=\"Budget Allocation\">\n</div>\n\n<div style=\"margin-top: 50px; padding-top: 20px; border-top: 2px solid #ecf0f1; text-align: center; color: #7f8c8d; font-size: 12px;\">\n    <p>This document was generated through AI-assisted collaboration and team consensus.</p>\n    <p>Please review and provide feedback before final approval.</p>\n</div>\n\n</body>\n</html>",
  "preview": ""
}
Test Result: PASSED
✅ Budget document correctly contains embedded pie chart

Test 6: Testing chart embedding in timeline document

================================================================================
Testing: Create Timeline Document (POST https://a985bc5b-b2e4-4dfa-b7b1-059accd4e9ea.preview.emergentagent.com/api/documents/create)
Status Code: 200
Response Headers: {
  "Date": "Mon, 16 Jun 2025 22:14:43 GMT",
  "Content-Type": "application/json",
  "Content-Length": "118",
  "Connection": "keep-alive",
  "Strict-Transport-Security": "max-age=15724800; includeSubDomains"
}
Response: {
  "success": true,
  "document_id": "e0097dfd-13cc-43c0-ad75-a21d99bc14a4",
  "filename": "Project_Launch_Timeline_20250616.md"
}
Test Result: PASSED
✅ Created timeline document with ID: e0097dfd-13cc-43c0-ad75-a21d99bc14a4

================================================================================
Testing: Get Timeline Document (GET https://a985bc5b-b2e4-4dfa-b7b1-059accd4e9ea.preview.emergentagent.com/api/documents/e0097dfd-13cc-43c0-ad75-a21d99bc14a4)
Status Code: 200
Response Headers: {
  "Date": "Mon, 16 Jun 2025 22:14:43 GMT",
  "Content-Type": "application/json",
  "Content-Length": "196851",
  "Connection": "keep-alive",
  "Strict-Transport-Security": "max-age=15724800; includeSubDomains"
}
Response: {
  "id": "e0097dfd-13cc-43c0-ad75-a21d99bc14a4",
  "metadata": {
    "id": "c7d6d5a4-4f27-4384-91d6-238041ed48f9",
    "title": "Project Launch Timeline",
    "filename": "Project_Launch_Timeline_20250616.md",
    "authors": [
      "Alex Chen",
      "Dex Rodriguez"
    ],
    "category": "Protocol",
    "status": "Draft",
    "description": "Timeline for project development and launch",
    "keywords": [
      "timeline",
      "project",
      "milestones",
      "launch"
    ],
    "created_at": "2025-06-16T22:14:43.378000",
    "updated_at": "2025-06-16T22:14:43.378000",
    "simulation_id": "",
    "conversation_round": 0,
    "scenario_name": "",
    "user_id": "test-user-123"
  },
  "content": "<!DOCTYPE html>\n<html>\n<head>\n    <meta charset=\"UTF-8\">\n    <title>Project Launch Timeline</title>\n    <style>\n        body {\n            font-family: 'Segoe UI', Tahoma, Geneva, Verdana, sans-serif;\n            line-height: 1.6;\n            max-width: 800px;\n            margin: 0 auto;\n            padding: 40px;\n            background-color: #ffffff;\n            color: #333333;\n        }\n        .header {\n            border-bottom: 3px solid #2c3e50;\n            padding-bottom: 20px;\n            margin-bottom: 30px;\n        }\n        .title {\n            font-size: 28px;\n            font-weight: bold;\n            color: #2c3e50;\n            margin-bottom: 10px;\n        }\n        .subtitle {\n            font-size: 16px;\n            color: #7f8c8d;\n            font-style: italic;\n        }\n        .meta-info {\n            background-color: #f8f9fa;\n            padding: 15px;\n            border-left: 4px solid #3498db;\n            margin: 20px 0;\n        }\n        .section-header {\n            font-size: 20px;\n            font-weight: bold;\n            color: #2c3e50;\n            margin-top: 30px;\n            margin-bottom: 15px;\n            border-bottom: 2px solid #ecf0f1;\n            padding-bottom: 5px;\n        }\n        .subsection {\n            font-size: 16px;\n            font-weight: 600;\n            color: #34495e;\n            margin-top: 20px;\n            margin-bottom: 10px;\n        }\n        .chart-container {\n            text-align: center;\n            margin: 30px 0;\n            padding: 20px;\n            background-color: #f8f9fa;\n            border-radius: 8px;\n        }\n        .chart-title {\n            font-size: 16px;\n            font-weight: bold;\n            margin-bottom: 15px;\n            color: #2c3e50;\n        }\n        .highlight {\n            background-color: #fff3cd;\n            padding: 2px 4px;\n            border-radius: 3px;\n        }\n        .important {\n            font-weight: bold;\n            color: #e74c3c;\n        }\n        .note {\n            background-color: #e8f4f8;\n            padding: 10px;\n            border-left: 4px solid #3498db;\n            margin: 15px 0;\n            font-style: italic;\n        }\n        ul, ol {\n            margin: 15px 0;\n            padding-left: 25px;\n        }\n        li {\n            margin-bottom: 5px;\n        }\n        table {\n            width: 100%;\n            border-collapse: collapse;\n            margin: 20px 0;\n        }\n        th, td {\n            border: 1px solid #ddd;\n            padding: 12px;\n            text-align: left;\n        }\n        th {\n            background-color: #f2f2f2;\n            font-weight: bold;\n        }\n    </style>\n</head>\n<body>\n\n<div class=\"header\">\n    <div class=\"title\">Project Launch Timeline</div>\n    <div class=\"subtitle\">Protocol Document</div>\n</div>\n\n<div class=\"meta-info\">\n    <strong>Authors:</strong> Alex Chen, Dex Rodriguez<br>\n    <strong>Date:</strong> June 16, 2025<br>\n    <strong>Document Type:</strong> Protocol<br>\n    <strong>Status:</strong> <span class=\"highlight\">Draft for Review</span>\n</div>\n<p># Project <strong>launch</strong> <strong>timeline</strong></p>\n\n<p>## Overview</p>\n<p>This document outlines the <strong>timeline</strong> for our project development and <strong>launch</strong>.</p>\n\n<p>## Key Milestones</p>\n<ul>\n<li>Month 1-2: Development</li>\n<ul>\n<li>Month 3-4: Testing</li>\n<ul>\n<li>Month 4-5: Beta</li>\n<ul>\n<li>Month 6: Launch</li>\n</ul>\n\n<p>## Dependencies</p>\n<p>The <strong>testing</strong> phase cannot begin until development is at least 90% complete.</p>\n\n<p>## Responsibility</p>\n<p>Each team lead is responsible for meeting their respective milestones.</p>\n\n\n<div class=\"chart-container\">\n    <div class=\"chart-title\">Project Timeline</div>\n    <img src=\"data:image/png;base64,iVBORw0KGgoAAAANSUhEUgAADfIAAAbpCAYAAAC2PRLBAAAAOnRFWHRTb2Z0d2FyZQBNYXRwbG90bGliIHZlcnNpb24zLjEwLjMsIGh0dHBzOi8vbWF0cGxvdGxpYi5vcmcvZiW1igAAAAlwSFlzAAAuIwAALiMBeKU/dgABAABJREFUeJzs3XeYlOW9+P/Pzu7S1qUIKEgQaYJosGGN9ViIHjVYvvYWxShorLF7osYYozH2qKgxHjVHiV1UFMFy7KISDCKKRqpKEWm7sGyZ3x/+dg8I7MyWh1ng9bouL2Xmfu7nnp19Vq7Zec+dl06n0wEAAAAAAAAAAAAAAAAAJCKV6wUAAAAAAAAAAAAAAAAAwLpMyAcAAAAAAAAAAAAAAAAACRLyAQAAAAAAAAAAAAAAAECChHwAAAAAAAAAAAAAAAAAkCAhHwAAAAAAAAAAAAAAAAAkSMgHAAAAAAAAAAAAAAAAAAkS8gEAAAAAAAAAAAAAAABAgoR8AAAAAAAAAAAAAAAAAJAgIR8AAAAAAAAAAAAAAAAAJEjIBwAAAAAAAAAAAAAAAAAJEvIBAAAAAAAAAAAAAAAAQIKEfAAAAAAAAAAAAAAAAACQICEfAAAAAAAAAAAAAAAAACRIyAcAAAAAAAAAAAAAAAAACRLyAQAAAAAAAAAAAAAAAECChHwAAAAAAAAAAAAAAAAAkCAhHwAAAAAAAAAAAAAAAAAkSMgHAAAAAAAAAAAAAAAAAAkS8gEAAAAAAAAAAAAAAABAgoR8AAAAAAAAAAAAAAAAAJAgIR8AAAAAAAAAAAAAAAAAJEjIBwAAAAAAAAAAAAAAAAAJEvIBAAAAAAAAAAAAAAAAQIKEfAAAAAAAAAAAAAAAAACQICEfAAAAAAAAAAAAAAAAACRIyAcAAAAAAAAAAAAAAAAACRLyAQAAAAAAAAAAAAAAAECChHwAAAAAAAAAAAAAAAAAkCAhHwAAAAAAAAAAAAAAAAAkqCDXCwAAAAAAAFifvffee3HiiSfWOqZLly7xyiuvrKEVQe0uueSSeOqpp2odc9ZZZ8Wvf/3rNbQi6uuEE06I999/v9Yx1113XRx22GG1jvFzDAAAAAAAIDM78gEAAAAAAAAAAAAAAABAguzIBwAAAAAA64Dbb7897rjjjkads6CgIJo1axbFxcXRsWPH6Nq1a/Tt2zcGDBgQ22yzTRQU+DUDNJY+ffrkegmr9eCDD8ZOO+2U62UAAAAAAADAWs1v2AEAAAAAgFWqqKiIioqKKC0tjVmzZsWECRNi5MiRERHRunXrOPDAA+OYY46Jvn375nilAAAAAAAAANC0CfkAAAAAAIA6W7hwYTz66KMxfPjwGDhwYFx22WWx8cYb53pZUGdlZWWx8847R2lp6Qq3d+nSJV555ZUcrQoAAAAAAABY16RyvQAAAAAAAGDtlU6n48UXX4wDDzwwxowZk+vlQJ299dZbK0V8AAAAAAAAAI3NjnwAAAAAAECDLV68OM4888y49tpr4/DDD8/1ctYqffv2jb/97W+1jmnevPkaWs365+WXX871EtY6gwcPjkMOOaTWMV27dl1Dq6Ep8HMMAAAAAAAgMyEfAAAAAADQKNLpdFxxxRWx8cYbx2677Zbr5aw12rRpE7vuumuul7FeqqysjFdffTXXy1jr9OrVK3r16pXrZdCE+DkGAAAAAACQWSrXCwAAAAAAANYdVVVVceGFF8bChQtzvRTI6IMPPojvv/8+18sAAAAAAAAA1gN25AMAAAAAgPXI2LFjo3Xr1hnHLV26NBYtWhRTp06NcePGxdNPPx1ffPFFVueYN29e3HXXXXHxxRc3dLmQqJdffjnXS6jx2Wef1eu4Tz/9NAYNGpRx3HXXXReHHXZYvc4BAAAAAAAANJwd+QAAAAAAgJW0aNEiOnbsGAMGDIjTTjstnn/++bj++uujqKgoq+OHDx8eixcvTniV0DBjxozJ9RIAAAAAAACA9YSQDwAAAAAAyMqgQYPi3nvvjWbNmmUcW1JSEq+++uoaWBXUz4QJE+Lrr7/O9TIAAAAAAACA9URBrhcAAAAAAACsPbbffvs4/fTT4/bbb8849o033oiDDz640ddQVlYWY8eOjWnTpsXChQujTZs20atXr9hhhx0aNG9VVVVMmTIlpk+fHt98802UlJREWVlZFBQURIsWLWLDDTeMzp07R8+ePaNt27aN82ByZPHixTFx4sSYO3duzJ8/PxYuXBj5+fnRqlWr6NKlS3Tv3j26deu2Rte0dOnS+Pzzz2PGjBkxZ86cWLp0aeTl5UXbtm2jTZs20blz59hiiy2isLCwUc738ssvN8o85E5FRUVMmjQpPv3005g/f36k0+lo06ZNbLbZZrHVVltlvYPo8mbNmhWffPJJfP3117F48eJIpVLRvn376NWrV2y11VaRn5+fwCNZUVO8PtcmVVVV8dVXX8Wnn34ac+fOjdLS0mjevHm0b98+evToEf369YuCgjXza/LZs2fHZ599Ft9//30sWLAgFi1aFC1atIji4uL4yU9+Er17944OHTqskbUAAAAAAAC5J+QDAAAAAADq5KSTToq77747ysvLax03fvz41d43bdq02G+//Wo9/owzzojzzjuv5s/Lli2Le++9N+67774oLS1dafxnn32WYeUrW7x4cbz00ksxatSo+PDDD2PRokVZHbfZZpvFbrvtFgcccEAMGDCgzudd3nvvvRcnnnhirWO6dOkSr7zySoPO89FHH8ULL7wQH3zwQXz++edRWVlZ6/iNNtoo9t577zj66KOjX79+DTr36syePTueffbZePnll+OTTz7J+D3VsmXL2HbbbWPfffeNQw89NFq1apXVeS655JJ46qmn6rS2mTNnRp8+fVZ531lnnRW//vWv6zTfuiSbr2c2X6N33nknTj755FrHXH311XH00UevcNuiRYvi3nvvjccffzy+++67VR5XWFgY++23X/zqV7+KLbbYotZzpNPpGDFiRDz00EPx8ccfr3Zc27Zt44gjjoihQ4fWKxKsTVO8PuuiMX+O7bnnnvHtt9+u9v5tttkmhg8fvtLt3333Xdx///0xYsSImDVr1mqPLyoqip///OcxZMiQ6Nq1a8b11MWyZcvi9ddfj1GjRsVHH30UM2bMyHhM7969Y+DAgXHkkUfGxhtv3KjrAQAAAAAAmhYhHwAAAAAAUCfFxcWx9dZbxwcffFDruJkzZ0ZVVVWkUqmV7lvVbT/2zTff1Px3WVlZDB06NN588826L3gVFixYEMOGDYvhw4fH4sWL63z8lClTYsqUKfHwww9H3759Y+jQoTFw4MBGWVtje+utt+Kmm26KCRMm1Om42bNnx/Dhw2P48OGx7777xiWXXNJo0cucOXPilltuiWeeeSZjvLe8JUuWxNtvvx1vv/123HLLLXHMMcfEkCFDomXLlo2yLtasuv4ciIh499134ze/+U3MmTOn1uPKy8vjhRdeiFGjRsVZZ50VQ4YMWeW47777Ls4555wYO3ZsxrXMnz8/7rvvvhg5cmT88Y9/jB133DHjMZk0xesz1zLtevj111+vdNv//M//xI033hglJSUZ5y8pKYknnnginnvuufjVr34VQ4cOzep7sTZVVVXx6KOPxt13311rRLgqkydPjsmTJ8c999wTxx9/fJx11lmNHooCAAAAAABNQ8N+IwEAAAAAAKyXevbsmXFMeXl5LFiwoN7nWH7XvWuvvbbRIr4XXnghfv7zn8df//rXekV8PzZp0qQ4++yz4+STT65zwJGkpUuXxqWXXhqnnHJKnSOhHxs9enT84he/iOeff77B63r22Wdj4MCB8fjjj9cp4vuxhQsXxrBhw2LQoEExbty4Bq+Lpmn5MGvMmDExePDgjBHf8ioqKuKWW26Jm266aaX75syZE0ceeWRWEd/yZs6cGaeddlp89NFHdTpueU31+lwbLP89kU6n47e//W1cffXVWUV8yysrK4vbb789Lrnkkqiqqqr3embMmBFHH310XH311Q36f8CyZcvi/vvvj0MPPTQmTZpU73kAAAAAAICmS8gHAAAAAADUWdu2bbMaV1ZWVu9zLFmyJCIixo0bF8OHD6/3PNXS6XRce+21cd5558W8efMaPN+PvfPOO3HooYfG+PHjG33uupo3b14ce+yx8eSTTzbanCUlJXHBBRfEww8/XO85/vznP8eFF15Y5+CmNlOmTIkTTjghxowZ02hz0nQsXbo0IiI+++yz+M1vflPv+HPYsGHxv//7vzV/XrZsWZxxxhkxY8aMeq9ryJAhMXfu3Dof21Svz7XF8v9fufHGGxv8/4dnnnkm/vjHP9br2I8//jiOOOKIRv25P3Xq1Dj++OMbFIoCAAAAAABNk5APAAAAAACos2XLlmU1boMNNqj3OSorKyMi4tZbb633HMu7/PLL48EHH2yUuVbnu+++i1NOOSX+9a9/JXqe2pSUlMSpp54an3zySaPPnU6n4/e//32MGjWqzsfecsstcc899zT6miJ+2P3xnHPOiddffz2R+cmddDodlZWVcemll66wS2d9XHfddZFOpyMi4p577mnwTnjz58+P2267rU7HNNXrc21S/Ry+/vrrcd999zXKnA899FCdvx8mT54cgwcPju+//75R1rC8RYsWxZAhQ2LatGmNPjcAAAAAAJA7Qj4AAAAAAKDOvvvuu4xjWrRo0aCQLyLiiy++iHfeeadBc0RE3H333fHEE09kPT4/Pz86deoUW265ZfTs2TOKi4uzPnbx4sVx1llnZfU1SsKVV14ZEydOzGpsfn5+bLbZZtG/f//o2bNntGjRIuMx6XQ6Lrvsspg1a1bWaxo1alTcddddWY9v165dbLHFFtG3b9+sd38sLy+Piy++OGdfd5Lz2GOPNUr49u9//ztef/31+Oabb2LYsGGNsLKIxx9/PL755pusxzfF63NtVFpaGpdffnmjzVdVVRV/+tOfsh5fUlISv/71r2PBggVZjW/RokX07t07+vfvH926dYtUKvOv6efPnx8XXHBBTdQOAAAAAACs/QpyvQAAAAAAAGDt8/HHH2cc07FjxwafZ/jw4Q2e4+OPP85616wuXbrEkCFDYt9994127drV3J5Op2PcuHHxyCOPxLPPPptxnm+//TauueaauOWWW+q77Hp59dVXY8SIERnHbbrppjF06NDYb7/9Vogtly1bFm+99Vbccccdte5OtWjRorjuuuuyenzz58+Pq666Kpvlx8CBA+O0006Ln/70pzW3pdPp+Ne//hV33nlnvPrqq7Ue//3338fVV1+90vM9ePDgOOSQQ2r+PHfu3LjwwgtrnatDhw6rDXu6du2a6aHQSCorK1faybF79+6x4447RlFRUXz11VfxxhtvREVFRVbzjR49Ot58880VdhVNpVKx6667xuabbx5lZWUxfvz4rHdnq6ysjFGjRsVJJ52UcWxTvD7XVg8++GDMmTNnhdvat28fu+yyS3Tq1ClKS0vjiy++iLFjx9bs4JfJe++9F99++2106tQp49g77rgjvvrqq4zjdtxxxzjjjDNixx13jMLCwprbFyxYEC+88ELceeedMXv27NUe//HHH8fw4cPj2GOPzeoxAAAAAAAATZuQDwAAAAAAqJMvv/wypkyZknHc9ttv36DzVFZWxnPPPbfCbQUFBbHTTjtF9+7do7i4OEpLS2PGjBkxadKkVc6RTqfjyiuvzGpHo4MPPjh+//vfr3LXq7y8vNhuu+1iu+22iwMPPDDOPvvsFUKgVRk5cmQcd9xxscMOO2Q8d2OoqqqK66+/PuO4HXfcMe66665V7pbYrFmz2HvvvWO33XaL3/72t/Hkk0+udp4XX3wxJk2aFH379q31fMOGDctql7zzzjsvzjjjjJVuz8vLi/79+8fdd98dN954Y9x77721zvPSSy/FZ599Fn369Km5rVevXtGrV6+aP8+YMSPjepo3bx677rprxnEk6+WXX47FixdHxA/fn1dddVUcdthhkZeXVzNm2rRpMWTIkPjiiy8yzvfiiy+ucO327ds3brnllujevfsK40aPHh0XXnhhlJaWZpxz9OjRGUO+pnp9ro2qqqpW+DlQVFQUl1xySRx22GFRULDir7+nTp0aF198cYwbNy7jvOl0OkaOHBm//OUvax03Y8aMeOihhzLOd8opp8RFF120wvdqtTZt2sQxxxwT+++/f5x22mm17jh51113xRFHHBHNmjXLeE4AAAAAAKBpS+V6AQAAAAAAwNpl2LBhWY3bZZddGnSesWPHxrx582r+PHDgwHjttdfi/vvvj//6r/+Kc889Ny677LK4884745VXXlnlHKNHj46JEydmPNc+++wT119//Sojvh/be++944YbbsjqMWT7tWoMY8aMybhDVPv27eP2229fZSS0vMLCwrjmmmtW2Bnvx9LpdPz973+vdZ4FCxbEI488UuuYiIh99913lRHfj11wwQUxYMCAjOMeeOCBjGNYO1RHfHl5eXHzzTfH4YcfvlIYtemmm8Z9992X8fs64ofd6srKyiIiokePHvH3v/99pYgv4ofvyT/84Q9ZrTGbnzFN8fpcW6XT6Zrvi9atW8cjjzwSRx555EoRX0REt27d4oEHHogtt9wyq7nHjx+fccwDDzwQ5eXltY752c9+ttqIb3nt27ePv/zlL7U+57Nnz46XXnop47oAAAAAAICmT8gHAAAAAABkbcSIEfHMM89kHFdQUBA/+9nPGnSudDpd89/HHXdc3HbbbdGxY8c6zfHwww9nHFNUVBRXXXVV5OfnZz3vAQccEHvssUfGcW+99VbMmjUr63kb4rHHHss4ZvDgwdG2bdus5isoKIgzzzyz1jHPP/98rTsTjhgxIpYsWVLrHHl5eXH++edntaa8vLw466yzMo576aWXoqKiIqs5WTscfvjhse+++672/s6dO8fJJ5+c9Xx5eXnx5z//udaA6oADDshqZ9HFixfH119/XeuYpnh9rgtuvPHGFXbfXJUWLVrEddddlzGqi4j49NNPa72/vLw8q/8Hnn/++VmdL+KH790jjzyy1jFPP/10VnMBAAAAAABNm5APAAAAAADIqKKiIu6777646KKLshq/zz771Dm6W51+/frF5ZdfXufjZs2aFe+9917GcUcddVRstNFGdZ7/9NNPzzimqqoqRo8eXee562rx4sXx9ttvZxx3wAEH1Gnen/3sZ7XuUlhSUhIffPDBau8fOXJkxnPstNNO0bNnz6zXtPPOO0ebNm1qHVNSUhIff/xx1nPStOXn58fQoUMzjjvssMOynnP//fePfv36ZRx3+OGHZzXfjBkzVntfU70+13b/8R//EXvuuWdWY/v06ZNVXD59+vRa73/nnXdi4cKFtY7p2rVrbLXVVlmtq9o+++xT6/3vv/9+lJaW1mlOAAAAAACg6SnI9QIAAAAAAICmp7y8PBYsWBAzZsyId999N5544omYNm1aVsemUqmMO0XVxXnnnVen3fKqvfHGGyvs6rc6dY1nqm233XbRoUOHmDt3bq3jxo0bF8cdd1y9zpGtcePGRXl5ea1jOnbsGJ07d67TvM2aNYtevXrFhAkTVjtm7Nixseuuu650++LFi+Of//xnxnPstttudVpTXl5e3HzzzTF//vxax3Xo0KFO89J0DRgwILp06ZJxXJcuXWKTTTbJuDteRMSgQYOyOveOO+6Y1bjFixev9r6meH2uC0466aQ6jd99993jzTffrHVMZWVllJaWRqtWrVZ5/9ixYzOep3///nVaV0RkjEqXLVsW48ePj1122aXOcwMAAAAAAE2HkA8AAAAAANYjO+ywQ+LnOPHEE6NPnz6NMlfHjh3rHHpV+/DDDzOOadu2bb2ii4gfgsWdd945nnvuuVrHjR8/vl7z10VtIU+1du3a1Wvutm3b1nr/559/vsrbJ0yYEBUVFRnnr8/3ZDY7a7Hu2GuvvbIe26tXr4whX0FBQdbfQ127do2WLVvGkiVLah1XUlKy2vua4vW5tuvYsWPstNNOdTpmiy22yGrcokWLVhvyZfNcbrjhhnVaV0REq1atolmzZrFs2bLVjvn888+FfAAAAAAAsJYT8gEAAAAAAI1m6623jvPPP7/R5ttjjz0ilUrV69hJkyZlHNO7d+96zV2te/fuGcdMmzYt5s+fnzG4aYipU6dmHPP55583WmC5vMmTJ6/y9my+/hER3bp1a8zlsA7KNsCKiKx2tevevXs0b9486zk7deoUX331Va1jattxrylen2u7bbbZJvLy8up0zKabbprVuIY+lw899FA89NBDWa8rW+vqcwkAAAAAAOuT+v3mGwAAAAAA4Ec233zzuOuuu+oUyGTSt2/feh87bdq0jGN69OhR7/nrcvzs2bMbdJ5Mvvnmm0Tnr8306dNj6dKlK90+c+bMjMcWFRXVeycy1h/ZBLPVioqKMo7ZZJNN6nT+bOasTVO8Ptd2m2++eZ2Pad26dYPOWVVVFbNmzWrQHA0h5AMAAAAAgLWfkA8AAAAAAGiw3XffPR5++OFo3759o85b39CutLQ0Fi9enHFcmzZt6jV/teLi4qzGLVy4sEHnyWT+/PmJzl+bqqqqmDt37kq3ZxMvNjSsYf2wwQYbZD22ZcuWjTpftnPWpilen2u7+vzsbujzuHjx4qioqGjQHA0xZ86cnJ0bAAAAAABoHAW5XgAAAAAAALD2atu2bZx77rlx9NFHR15eXiLz10dpaWlW41q1alWv+et6fNIhT6533CopKVnptmyegxYtWiSxHNYxddkRL5ufQ82aNavT+Rv6s60pXp9ru7rGmBERqVTDPuPW8wgAAAAAADSUkA8AAAAAAKizrl27xlFHHRVHH3101rvS1Ud9Q7tly5ZlNa6hIVnz5s2zGpd0gFFZWZno/JmsavfDbJ6DwsLCJJbDOiaJSHhNaorX59ouF98TuX4ehXwAAAAAALD2E/IBAAAAAACrlJeXF82bN4+ioqLo1KlTdO3aNfr37x877bRTbLXVVmtkDXXdOauuxy1ZsqRe81fLdoempIO1XAdxqwqF8vPzMx5XVlaWxHKgSWmK1yd1l+vnsby8PJYuXWonUwAAAAAAWIsJ+QAAAAAAYD0yduzYaN26da6XkbiioqKsxjV0h6Nsj892PfXVsmXLjGP23HPPuOeeexJdx/KyiU0aGlLC2qApXp/UXTbPY0TEhRdeGIMHD054NQAAAAAAwNoolesFAAAAAAAANLaWLVtmFSzOnz+/Qef5/vvvsxrXqVOnBp0nkw4dOmQcU1pamugafiybNS1YsCDS6fQaWA3kTlO8Pqm7oqKirGI+zyUAAAAAALA6Qj4AAAAAAGCd1LVr14xjvvjiiwadI5vj8/LyokuXLg06TybZhIJz585NdA0/1rlz54xjysrK4ttvv10Dq4HcaYrXJ/Wz8cYbZxzjuQQAAAAAAFZHyAcAAAAAAKyTttxyy4xjJk+eHFVVVfU+x+eff55xTLdu3WKDDTao9zmy0atXr4xjZsyYEZWVlYmuY3m9e/fOatxXX32V8Eogt5ri9Un9ZPNzbcqUKckvBAAAAAAAWCsJ+QAAAAAAgHXS9ttvn3FMSUlJfPDBB/Waf8mSJfH+++9nHDdgwIB6zV8X/fr1yzimvLw8Jk6cmPhaqv30pz/Naty7775b57lvvvnmGDBgQK3/XHPNNXWeF5LQFK9P6ieb53LixIlRUVGxBlYDAAAAAACsbYR8AAAAAADAOmmPPfaIVCrzr0Kee+65es3/2muvxZIlSzKO22uvveo1f11svfXW0apVq4zjXnvttcTXUm3jjTeOHj16ZBz3+uuv13nu999/PxYtWlTrP3369KnPsms0ZKdGWF5TvD6pn1122SXjmEWLFsWHH364BlYDAAAAAACsbQpyvQAAAAAAAIAkbLjhhrH77rtnDMWefvrpOP3006NLly5Zz11ZWRl33nlnxnFt27aNPffcM+t566uwsDB23333eOmll2odN3z48DjttNOiRYsWWc27ZMmSOP7446OoqCjat28fG264YWy44YbRvn37aN++fbRr1y46d+682q/d/vvvH3fffXet55g0aVK89957sdNOO2W1punTp8e4ceMyjtthhx2ymm91Fi5c2KDjoVpTvT6pu/79+0eHDh1i7ty5tY777//+76x/pkVEjBs3Ln73u9+t8Bz++Pns2rVrtGvXrqEPAQAAAAAAyCEhHwAAAAAAsM467rjjMoZ8ZWVl8bvf/S7uuuuurHbwi4i477774vPPP8847sgjj4xmzZplNWdDHX744RlDoTlz5sSdd94Z559/flZzPvLIIzFhwoRaxwwdOjTOOeecVd532GGHxT333JNxd7s///nP8fe//z0KCwszrummm26KdDpd65gddtghunfvvtr78/LyMp6npKQkpk+fHl27ds04FjJpitcndZefnx+/+MUv4q9//Wut48aMGRNvvPFG7L777lnNO2zYsJg4cWKtYx544IGsdgQEAAAAAACarux+Gw0AAAAAALAW2nPPPWPbbbfNOO61116Lyy+/PJYtW1bruHQ6HQ888EDcdNNNGecsLi6OU089Neu1NtTuu+8evXv3zjhu2LBh8cgjj2Qc98EHH8Stt95a65hWrVrFCSecsNr7u3XrFvvvv3/Gc40fPz6uvvrqqKysrHXcX/7yl3jhhRcyznfsscfWen/Lli0zzhER8cQTT2Q1DjJpitcn9XPCCSdkFR2fd955MX78+Izj7r///nj11VdrHbP11luL+AAAAAAAYB0g5AMAAAAAANZpV155ZRQUFGQc9+STT8ahhx4aI0eOjCVLlqxw35IlS2L06NFx7LHHxnXXXZfVeS+66KJo27ZtfZZcL6lUKs4999ysxl511VVx7rnnrjIymTp1alx77bXxy1/+MpYuXVrrPKeffnpsuOGGtY45//zzo3nz5hnX9Nhjj8UJJ5wQ77zzzgo77qXT6Rg/fnycfvrpcdttt2WcZ4cddogDDjig1jGtW7fOale+++67Lx577LGVdhScN29exmNheU31+qTuOnfuHMccc0zGcYsWLYrjjjsubrrpppgxY8ZK948dOzbOPPPMuP766zPOdckll9RrrQAAAAAAQNOS+bfWAAAAAAAAa7EtttgizjvvvPjTn/6UcewXX3wR5557bjRv3jw6d+4cxcXFMX/+/Jg1a1bG3fqWN3DgwDjyyCMbsux62XfffWPgwIHx0ksvZRw7cuTIGDlyZLRt2zY23njjiIj49ttvY8GCBVmdq1+/fnHKKadkHNetW7c499xzs4pVPvzwwzj55JOjdevW0blz5ygoKIiZM2fG/Pnzs1pT8+bN43e/+13GSK+goCB69OgRX375Za3jysvL44orroibbropunfvHhUVFTFr1qwoLS2NsWPHZrUmqNYUr0/q59xzz40xY8bEzJkzax1XXl4ew4YNi3vuuSc6dOgQG220UZSWlsa33367UjC+Oscee2xst912jbFsAAAAAAAgx4R8AAAAAADAOm/w4MExbdq0GD58eFbjy8rKYsqUKfU61/bbbx833HBDvY5tDNdee2188cUXGSO1avPnz886lKvWpk2buPXWW6NZs2ZZjT/llFPik08+ieeeey6r8QsXLoyFCxfWaU0FBQVx8803R48ePbIav+OOO2b9NZo3b94Ku/AVFxfXaW1QrSlen9RdUVFR3HHHHXHcccdFaWlpxvHpdDrmzJkTc+bMqdN5fvrTn8all15a32UCAAAAAABNTCrXCwAAAAAAAFgTrr766sR3qNp7773jr3/9a7Ro0SLR89SmuLg47r///qyDtrrq0KFDPPjgg7HpppvW6bjrr78+DjzwwETWVFhYGH/6059in332yfqYo48+OpG1QG2a6vVJ3fXr1y/uuuuuaNWqVSLzb7vttnH//fcLMgEAAAAAYB0i5AMAAAAAANYLeXl5cfHFF8dtt90W7du3b9S5W7ZsGRdddFHcdddd0bJly0aduz46deoUjzzySOy9996NOu+AAQPi0Ucfjb59+9b52IKCgrjpppviggsuiMLCwkZbU8+ePeMf//hHnSPBvn37xlFHHdVo64BsNcXrk/rZeeed49FHH230MPPII4+M+++/P1q3bt2o8wIAAAAAALkl5AMAAAAAANYrAwcOjBdffDFOPfXUKCoqatBchYWFcfjhh8cLL7wQp556auTl5TXSKhuubdu2cffdd8fNN98cXbt2bdBcm2yySVx55ZXx8MMPN2iuvLy8+NWvfhXPPPNM7LPPPg36enXo0CHOO++8ePLJJ6Nfv371muOKK66Ifffdt95rgPpqitcn9dOnT594+umn45xzzoni4uIGzdW/f/944IEH4pprrklspz8AAAAAACB3CnK9AAAAAAAAgDWtdevWcdFFF8WQIUNi5MiR8dJLL8VHH30UpaWlGY9t0aJF9O/fP/bdd9848MADo2PHjmtgxfV34IEHxs9//vN47bXX4oUXXog333wzvv/++4zHNW/ePHbaaac49NBDY+DAgZGfn99oa+rZs2fceeed8eWXX8YzzzwTY8aMiS+//DLS6XStxxUWFsb2228fBx10UBxyyCHRvHnzBq2jWbNmcccdd8Tjjz8e9957b0ydOrXW8fn5+dG3b99G30mN9VdTvD6pu+bNm8fQoUPjpJNOiueffz5eeuml+OCDD2Lp0qUZj23Xrl3sueeecdRRR8V22223BlYLAAAAAADkSl46029EAQAAAAAA1gOVlZXx73//O6ZOnRqzZs2KkpKSKC8vj2bNmkWrVq1i4403jp/85CfRs2fPKCwsbLTzvvfee3HiiSfWOqZLly7xyiuvNNo5p0+fHv/+97/jm2++iUWLFsWyZcuioKAgWrVqFR07dozNNtus0R9nJgsWLIjJkyfHjBkz4vvvv68JYFq2bBkdO3aMrl27Rt++faNZs2aJreHLL7+Mf/3rXzFv3rxYsmRJFBYWRlFRUXTo0CG6dOkSvXv3bnA8CJk0xeuTuquoqIgvv/wypk6dGrNnz47S0tIoLy+PwsLCKC4ujk6dOkWPHj1i0003bVK7uQIAAAAAAMkR8gEAAAAAAORQLkI+AAAAAAAAANasVK4XAAAAAAAAsD7zmYsAAAAAAAAA6z4hHwAAAAAAQA6VlZXlegkAAAAAAAAAJEzIBwAAAAAAkEPz5s3LOCY/P38NrAQAAAAAAACApAj5AAAAAAAAcmjixIkZxxQXF6+BlQAAAAAAAACQFCEfAAAAAABAjsyZMyeeffbZjOM22mijNbAaAAAAAAAAAJJSkOsFAAAAAAAArC9GjhwZxcXFsXTp0pg8eXI8+uijMX/+/IzHbbXVVskvDgAAAAAAAIDECPkAAAAAAADWkHPPPbdex+2+++6NuxAAAAAAAAAA1qhUrhcAAAAAAADA6m2xxRax9dZb53oZAAAAAAAAADSAkA8AAAAAAKCJSqVSccUVV+R6GQAAAAAAAAA0kJAPAAAAAACgCcrLy4tLL700BgwYkOulAAAAAAAAANBABbleAAAAAAAAACvq3LlzXHbZZbH//vvneikAAAAAAAAANAIhHwAAAAAAwBrSrVu3mDVrVixdurTmtlQqFa1bt4527drFlltuGbvvvnsceOCB0axZsxyuFAAAAAAAAIDGlJdOp9O5XgQAAAAAAAAAAAAAAAAArKtSuV4AAAAAAAAAAAAAAAAAAKzLhHwAAAAAAAAAAAAAAAAAkCAhHwAAAAAAAAAAAAAAAAAkSMgHAAAAAAAAAAAAAAAAAAkS8gEAAAAAAAAAAAAAAABAgoR8AAAAAAAAAAAAAAAAAJAgIR8AAAAAAAAAAAAAAAAAJEjIBwAAAAAAAAAAAAAAAAAJEvIBAAAAAAAAAAAAAAAAQIKEfAAAAAAAAAAAAAAAAACQICEfAAAAAAAAAAAAAAAAACRIyAcAAAAAAAAAAAAAAAAACRLyAQAAAAAAAAAAAAAAAECChHwAAAAAAAAAAAAAAAAAkCAhHwAAAAAAAAAAAAAAAAAkSMgHAAAAAAAAAAAAAAAAAAkS8gEAAAAAAAAAAAAAAABAgoR8AAAAAAAAAAAAAAAAAJAgIR8AAAAAAAAAAAAAAAAAJEjIBwAAAAAAAAAAAAAAAAAJEvIBAAAAAAAAAAAAAAAAQIKEfAAAAAAAAAAAAAAAAACQICEfAAAAAAAAAAAAAAAAACRIyAcAAAAAAAAAAAAAAAAACRLyAQAAAAAAAAAAAAAAAECChHwAAAAAAAAAAAAAAAAAkCAhHwAAAAAAAAAAAAAAAAAkSMgHAAAAAAAAAAAAAAAAAAkS8gEAAAAAAAAAAAAAAABAgoR8AAAAAAAAAAAAAAAAAJAgIR8AAAAAAAAAAAAAAAAAJEjIBwAAAAAAAAAAAAAAAAAJEvIBAAAAAAAAAAAAAAAAQIKEfAAAAAAAAAAAAAAAAACQICEfAAAAAAAAAAAAAAAAACRIyAcAAAAAAAAAAAAAAAAACRLyAQAAAAAAAAAAAAAAAECChHwAAAAAAAAAAAAAAAAAkCAhHwAAAAAAAAAAAAAAAAAkSMgHAAAAAAAAAAAAAAAAAAkS8gEAAAAAAAAAAAAAAABAgoR8AAAAAAAAAAAAAAAAAJAgIR8AAAAAAAAAAAAAAAAAJEjIBwAAAAAAAAAAAAAAAAAJEvIBAAAAAAAAAAAAAAAAQIKEfAAAAAAAAAAAAAAAAACQICEfAAAAAAAAAAAAAAAAACRIyAcAAAAAAAAAAAAAAAAACRLyAQAAAAAAAAAAAAAAAECChHwAAAAAAAAAAAAAAAAAkCAhHwAAAAAAAAAAAAAAAAAkSMgHAAAAAAAAAAAAAAAAAAkS8gEAAAAAAAAAAAAAAABAgoR8AAAAAAAAAAAAAAAAAJAgIR8AAAAAAAAAAAAAAAAAJEjIBwAAAAAAAAAAAAAAAAAJEvIBAAAAAAAAAAAAAAAAQIKEfAAAAAAAAAAAAAAAAACQICEfAAAAAAAAAAAAAAAAACRIyAcAAAAAAAAAAAAAAAAACRLyAQAAAAAAAAAAAAAAAECChHwAAAAAAAAAAAAAAAAAkCAhHwAAAAAAAAAAAAAAAAAkSMgHAAAAAAAAAAAAAAAAAAkS8gEAAAAAAAAAAAAAAABAgoR8AAAAAAAAAAAAAAAAAJAgIR8AAAAAAAAAAAAAAAAAJKggVyeeM2dRrk4NAAAAAAAAAAAAAAAAwHqoY8finJzXjnwAAAAAAAAAAAAAAAAAkCAhHwAAAAAAAAAAAAAAAAAkSMgHAAAAAAAAAAAAAAAAAAkS8gEAAAAAAAAAAAAAAABAgoR8AAAAAAAAAAAAAAAAAJAgIR8AAAAAAAAAAAAAAAAAJEjIBwAAAAAAAAAAAAAAAAAJEvIBAAAAAAAAAAAAAAAAQIKEfAAAAAAAAAAAAAAAAACQICEfAAAAAAAAAAAAAAAAACRIyAcAAAAAAAAAAAAAAAAACRLyAQAAAAAAAAAAAAAAAECChHwAAAAAAAAAAAAAAAAAkCAhHwAAAAAAAAAAAAAAAAAkSMgHAAAAAAAAAAAAAAAAAAkS8gEAAAAAAAAAAAAAAABAgoR8AAAAAAAAAAAAAAAAAJAgIR8AAAAAAAAAAAAAAAAAJEjIBwAAAAAAAAAAAAAAAAAJEvIBAAAAAAAAAAAAAAAAQIKEfAAAAAAAAAAAAAAAAACQICEfAAAAAAAAAAAAAAAAACRIyAcAAAAAAAAAAAAAAAAACRLyAQAAAAAAAAAAAAAAAECChHwAAAAAAAAAAAAAAAAAkCAhHwAAAAAAAAAAAAAAAAAkSMgHAAAAAAAAAAAAAAAAAAkS8gEAAAAAAAAAAAAAAABAgoR8AAAAAAAAAAAAAAAAAJAgIR8AAAAAAAAAAAAAAAAAJEjIBwAAAAAAAAAAAAAAAAAJEvIBAAAAAAAAAAAAAAAAQIKEfAAAAAAAAAAAAAAAAACQICEfAAAAAAAAAAAAAAAAACRIyAcAAAAAAAAAAAAAAAAACRLyAQAAAAAAAAAAAAAAAECChHwAAAAAAAAAAAAAAAAAkCAhHwAAAAAAAAAAAAAAAAAkSMgHAAAAAAAAAAAAAAAAAAkS8gEAAAAAAAAAAAAAAABAgoR8AAAAAAAAAAAAAAAAAJAgIR8AAAAAAAAAAAAAAAAAJEjIBwAAAAAAAAAAAAAAAAAJEvIBAAAAAAAAAAAAAAAAQIKEfAAAAAAAAAAAAAAAAACQICEfAAAAAAAAAAAAAAAAACRIyAcAAAAAAAAAAAAAAAAACRLyAQAAAAAAAAAAAAAAAECChHwAAAAAAAAAAAAAAAAAkCAhHwAAAAAAAAAAAAAAAAAkSMgHAAAAAAAAAAAAAAAAAAkS8gEAAAAAAAAAAAAAAABAgoR8AAAAAAAAAAAAAAAAAJAgIR8AAAAAAAAAAAAAAAAAJEjIBwAAAAAAAAAAAAAAAAAJEvIBAAAAAAAAAAAAAAAAQIKEfAAAAAAAAAAAAAAAAACQICEfAAAAAAAAAAAAAAAAACRIyAcAAAAAAAAAAAAAAAAACRLyAQAAAAAAAAAAAAAAAECChHwAAAAAAAAAAAAAAAAAkCAhHwAAAAAAAAAAAAAAAAAkSMgHAAAAAAAAAAAAAAAAAAkS8gEAAAAAAAAAAAAAAABAgoR8AAAAAAAAAAAAAAAAAJAgIR8AAAAAAAAAAAAAAAAAJEjIBwAAAAAAAAAAAAAAAAAJEvIBAAAAAAAAAAAAAAAAQIKEfAAAAAAAAAAAAAAAAACQICEfAAAAAAAAAAAAAAAAACRIyAcAAAAAAAAAAAAAAAAACRLyAQAAAAAAAAAAAAAAAECChHwAAAAAAAAAAAAAAAAAkCAhHwAAAAAAAAAAAAAAAAAkSMgHAAAAAAAAAAAAAAAAAAkS8gEAAAAAAAAAAAAAAABAgoR8AAAAAAAAAAAAAAAAAJAgIR8AAAAAAAAAAAAAAAAAJEjIBwAAAAAAAAAAAAAAAAAJEvIBAAAAAAAAAAAAAAAAQIKEfAAAAAAAAAAAAAAAAACQICEfAAAAAAAAAAAAAAAAACRIyAcAAAAAAAAAAAAAAAAACRLyAQAAAAAAAAAAAAAAAECChHwAAAAAAAAAAAAAAAAAkCAhHwAAAAAAAAAAAAAAAAAkSMgHAAAAAAAAAAAAAAAAAAkS8gEAAAAAAAAAAAAAAABAgoR8AAAAAAAAAAAAAAAAAJAgIR8AAAAAAAAAAAAAAAAAJEjIBwAAAAAAAAAAAAAAAAAJEvIBAAAAAAAAAAAAAAAAQIKEfAAAAAAAAAAAAAAAAACQICEfAAAAAAAAAAAAAAAAACRIyAcAAAAAAAAAAAAAAAAACRLyAQAAAAAAAAAAAAAAAECChHwAAAAAAAAAAAAAAAAAkCAhHwAAAAAAAAAAAAAAAAAkSMgHAAAAAAAAAAAAAAAAAAkS8gEAAAAAAAAAAAAAAABAgoR8AAAAAAAAAAAAAAAAAJAgIR8AAAAAAAAAAAAAAAAAJEjIBwAAAAAAAAAAAAAAAAAJEvIBAAAAAAAAAAAAAAAAQIKEfAAAAAAAAAAAAAAAAACQICEfAAAAAAAAAAAAAAAAACRIyAcAAAAAAAAAAAAAAAAACRLyAQAAAAAAAAAAAAAAAECChHwAAAAAAAAAAAAAAAAAkCAhHwAAAAAAAAAAAAAAAAAkSMgHAAAAAAAAAAAAAAAAAAkS8gEAAAAAAAAAAAAAAABAgoR8AAAAAAAAAAAAAAAAAJAgIR8AAAAAAAAAAAAAAAAAJEjIBwAAAAAAAAAAAAAAAAAJEvIBAAAAAAAAAAAAAAAAQIKEfAAAAAAAAAAAAAAAAACQICEfAAAAAAAAAAAAAAAAACRIyAcAAAAAAAAAAAAAAAAACRLyAQAAAAAAAAAAAAAAAECChHwAAAAAAAAAAAAAAAAAkCAhHwAAAAAAAAAAAAAAAAAkSMgHAAAAAAAAAAAAAAAAAAkS8gEAAAAAAAAAAAAAAABAgoR8AAAAAAAAAAAAAAAAAJAgIR8AAAAAAAAAAAAAAAAAJEjIBwAAAAAAAAAAAAAAAAAJEvIBAAAAAAAAAAAAAAAAQIKEfAAAAAAAAAAAAAAAAACQICEfAAAAAAAAAAAAAAAAACRIyAcAAAAAAAAAAAAAAAAACRLyAQAAAAAAAAAAAAAAAECChHwAAAAAAAAAAAAAAAAAkCAhHwAAAAAAAAAAAAAAAAAkSMgHAAAAAAAAAAAAAAAAAAkS8gEAAAAAAAAAAAAAAABAgoR8AAAAAAAAAAAAAAAAAJAgIR8AAAAAAAAAAAAAAAAAJEjIBwAAAAAAAAAAAAAAAAAJEvIBAAAAAAAAAAAAAAAAQIKEfAAAAAAAAAAAAAAAAACQICEfAAAAAAAAAAAAAAAAACRIyAcAAAAAAAAAAAAAAAAACRLyAQAAAAAAAAAAAAAAAECChHwAAAAAAAAAAAAAAAAAkCAhHwAAAAAAAAAAAAAAAAAkSMgHAAAAAAAAAAAAAAAAAAkS8gEAAAAAAAAAAAAAAABAgoR8AAAAAAAAAAAAAAAAAJAgIR8AAAAAAAAAAAAAAAAAJEjIBwAAAAAAAAAAAAAAAAAJEvIBAAAAAAAAAAAAAAAAQIKEfAAAAAAAAAAAAAAAAACQICEfAAAAAAAAAAAAAAAAACRIyAcAAAAAAAAAAAAAAAAACRLyAQAAAAAAAAAAAAAAAECChHwAAAAAAAAAAAAAAAAAkCAhHwAAAAAAAAAAAAAAAAAkSMgHAAAAAAAAAAAAAAAAAAkS8gEAAAAAAAAAAAAAAABAgoR8AAAAAAAAAAAAAAAAAJAgIR8AAAAAAAAAAAAAAAAAJEjIBwAAAAAAAAAAAAAAAAAJEvIBAAAAAAAAAAAAAAAAQIKEfAAAAAAAAAAAAAAAAACQICEfAAAAAAAAAAAAAAAAACRIyAcAAAAAAAAAAAAAAAAACRLyAQAAAAAAAAAAAAAAAECChHwAAAAAAAAAAAAAAAAAkCAhHwAAAAAAAAAAAAAAAAAkSMgHAAAAAAAAAAAAAAAAAAkS8gEAAAAAAAAAAAAAAABAgoR8AAAAAAAAAAAAAAAAAJAgIR8AAAAAAAAAAAAAAAAAJEjIBwAAAAAAAAAAAAAAAAAJEvIBAAAAAAAAAAAAAAAAQIKEfAAAAAAAAAAAAAAAAACQICEfAAAAAAAAAAAAAAAAACRIyAcAAAAAAAAAAAAAAAAACRLyAQAAAAAAAAAAAAAAAECChHwAAAAAAAAAAAAAAAAAkCAhHwAAAAAAAAAAAAAAAAAkSMgHAAAAAAAAAAAAAAAAAAkS8gEAAAAAAAAAAAAAAABAgoR8AAAAAAAAAAAAAAAAAJAgIR8AAAAAAAAAAAAAAAAAJEjIBwAAAAAAAAAAAAAAAAAJEvIBAAAAAAAAAAAAAAAAQIKEfAAAAAAAAAAAAAAAAACQICEfAAAAAAAAAAAAAAAAACRIyAcAAAAAAAAAAAAAAAAACRLyAQAAAAAAAAAAAAAAAECChHwAAAAAAAAAAAAAAAAAkCAhHwAAAAAAAAAAAAAAAAAkSMgHAAAAAAAAAAAAAAAAAAkS8gEAAAAAAAAAAAAAAABAgoR8AAAAAAAAAAAAAAAAAJAgIR8AAAAAAAAAAAAAAAAAJEjIBwAAAAAAAAAAAAAAAAAJEvIBAAAAAAAAAAAAAAAAQIKEfAAAAAAAAAAAAAAAAACQICEfAAAAAAAAAAAAAAAAACRIyAcAAAAAAAAAAAAAAAAACRLyAQAAAAAAAAAAAAAAAECChHwAAAAAAAAAAAAAAAAAkCAhHwAAAAAAAAAAAAAAAAAkSMgHAAAAAAAAAAAAAAAAAAkS8gEAAAAAAAAAAAAAAABAgoR8AAAAAAAAAAAAAAAAAJAgIR8AAAAAAAAAAAAAAAAAJEjIBwAAAAAAAAAAAAAAAAAJEvIBAAAAAAAAAAAAAAAAQIKEfAAAAAAAAAAAAAAAAACQICEfAAAAAAAAAAAAAAAAACRIyAcAAAAAAAAAAAAAAAAACRLyAQAAAAAAAAAAAAAAAECChHwAAAAAAAAAAAAAAAAAkCAhHwAAAAAAAAAAAAAAAAAkSMgHAAAAAAAAAAAAAAAAAAkS8gEAAAAAAAAAAAAAAABAgoR8AAAAAAAAAAAAAAAAAJAgIR8AAAAAAAAAAAAAAAAAJEjIBwAAAAAAAAAAAAAAAAAJEvIBAAAAAAAAAAAAAAAAQIKEfAAAAAAAAAAAAAAAAACQICEfAAAAAAAAAAAAAAAAACRIyAcAAAAAAAAAAAAAAAAACRLyAQAAAAAAAAAAAAAAAECChHwAAAAAAAAAAAAAAAAAkCAhHwAAAAAAAAAAAAAAAAAkSMgHAAAAAAAAAAAAAAAAAAkS8gEAAAAAAAAAAAAAAABAgoR8AAAAAAAAAAAAAAAAAJAgIR8AAAAAAAAAAAAAAAAAJEjIBwAAAAAAAAAAAAAAAAAJEvIBAAAAAAAAAAAAAAAAQIKEfAAAAAAAAAAAAAAAAACQICEfAAAAAAAAAAAAAAAAACRIyAcAAAAAAAAAAAAAAAAJS6fTuV4CkENCPgAAAAAAAAAAAAAAAGgkPw72qv+cl5eXi+UATURBrhcAAAAAAAAAAAAAAAAAa4N0Ol1rkFdVVRWp1A/7bk2Z8lXMnDkj3n337SgvXxYbbtg++vffJvr12zJat26T1XzAukPIBwAAAAAAAAAAAAAAABlUR3rLx3qruj8iYuTI5+Kxxx6JqVOnxLJly1YYt8cee8Uuu+wWBx30i8jLyxPzwXoiL/3j/TrXkDlzFuXitAAAAAAAAABNljdrAAAAAAA0Tddee1W0bdsuzjjjrMjPz18p5lv+9d1//OORuP32m2ruqx5fUFAQ5eXlERFRVLRBHHzwoDjzzHNWOh5IVseOxTk5rx35AAAAAAAAAJqA6jd9TJ8+LZYsKY3NN++b6yUBAAAAABARF154Trz77tvRqVPnKCoqihNO+OVKMV91hPf888/WRHypVCrS6XRUVVVFOp2OioqKmh39SktL4tFHH45FixbGJZf8l535YD2w8j6eAAAAAAAAAKxR1W/2GD/+n3HssYfHAw/8NT7/fFKulwUAAAAAsN67+OLz4t13345UKhXffvtNjBjxdDz00N+isrKyJsqr9u9/fxn/+McjERFRWNis5r50Ol0T/FXHetX/PP/8s/GHP1wdEVET8wHrJjvyAQAAAAAAAORQdcT3r3+Nj/POOzMiIt5447Vo2bJFHHnkcdGnj535AAAAAABy4fTTfxkTJ06IwsLCmihv9uxZMWLE0xERNTvzVVRUREFBQUybNiWmT58a+fn5UV6+LCIiWrZsGVVV6aisrIjy8vLIz8+PdDq9wu57I0c+FxERl112pZ35YB0m5AMAAAAAAADIoVQqFR999EH85jdnR3l5eTRv3jzKyspi1KgXIyLEfAAAAAAAOdKx40YREVFZWRl5eXk1O/DNnj0rnn32qYj4IeYrKCiIqqqqeOWV0VFeXl5z/AUXXBw9e/aODTYojkmTJsZTTz0en376SaRSqRV25osQ88H6IJXrBQAAq7b8ttjL/4UeAAAAAIB1S0VFRTz88H9HeXl5NGvWrOYTmSMiRo16Mf7xj7/HZ59NyvEqAQAAAADWH9W77/3+99fHwQcPiqqqqqiqqqqJ+SIi5syZHSNGPB0PPfS3qKioiFQqFZWVFRERkZeXF9ddd2MMGnRE/PSnW0f37j3igAMOijvvvC/22mufmkCv+jzVQd/Ikc/FH/5wdc1ty7+fGFj7CfkAoAla/hM0xo59N1588fmYO3fOCvdX/8W9rGxpTtYIAAAAAEDDVL/OW1BQEGeddU5ss812sWzZspr7xHwAAAAAALnxQ5RXGRERF110eRx00KCa9+8uH/PNnj0rRox4Oh588P6IiGjXbsOIiNhrr31ip512jaqqqpoYr6KiIgoKCuKqq66NQYOOiOLi1hEh5oP1iZAPAJqg5SO+xx57NG644dp46KG/xdy5c2vuT6VSMWHCx3H77bfE5Mmf53K5AAAAAADUQfWbLpb/1OaWLVvFL395Wmy+ed+aN3ZUVlaK+QAAAAAAciQ/P78m5rv44tpjvmeffSoeeuhv0bHjRhER0b59hygsLIxUKlXzvuCCgoKa133PPvv8+M//PCQ22KA4IsR8sL4oyPUCAIBV+/77efHiiy/EO++8FRERTz75WKRS+XH00cfFxht3igkTPo4hQ06NiIj8/FQccshh0bNnr1wuGQAAAACADKqqqiKVSsXMmTPio48+iNGjR8X06VMjnU5H69ata974Uf3Gjuqd+SorK2PUqBcjIuLII4+LPn365uwxAAAAAACsL6pfn83Pz4+LL748IiKee+7pmtd6U6lUVFVVxXffzY0XX3w+fvKTrhER0apVq4j4v9eEVzXfkCG/jnQ6Hc8//2wsXryoZmz168MjRz4XERGXXXZlTcxXfR+wdhLyAUATlUqlYsmSJRER0aJFy1i6dEk8/vij0bJly+jbt1/89reXRMQPb+Z49tmnYuHChXH22RdEu3btcrlsAAAAAABWo/pNGJ9++knceOMfY+bMGVFSsrjm/rlz59T8dzqdrvl0ZjEfAAAAAEDuZBvzTZs2NUpLSyMi4qOPPoiFCxdE69Ztap1v6NCzIyKyjvl+HAYCaxchHwA0UW3atI1Bgw6PN954LZYuXRKFhYVRXl4eDz30t5q/8Ldo0SKWLl0aFRUV0aNHLxEfAAAAAEATlU6nI5VKxSefTIgLLvh1lJQsjvz8/Jr7d9hh5+jQoUO0bdsuZsyYHmPHvhtLly6NiKj5pGUxHwAAAABAbtRlZ76IiG+//SZmzfo2WrduU3Pc6ubLJub74bxXiPhgLZeXTqfTuTjxnDmLcnFaAFjr3HzzDfHkk49FRNT8JT8vLy/y8/OjoqIiIiIGDz4jTjrp1IgI22YDAAAAADRRU6Z8FZdcckHMnDk9CgubRXn5soiIOPnkwXHCCb+MZs2aRcQPO/d9+eUXcf/9w2LixE9i3rzvat6ckZeXF5WVlRERsd9+P4+jjhLzAQAAAACsKctHeTfccG2MGPF05OXlRSqVisrKysjLy6vZOa9//23i1lvvioKCglXGfMvPl06n4847b4vnn382Fi1aGBFR87pwfn5BlJcvi1/84vD4zW8uWXMPFtZhHTsW5+S8UlwAaOK23Xb7aNGiRc1f6iN+iPWq36hx9NHH10R8FRUVIj4AAAAAgCYmnU5HeXl5vPDCszF79reRSqWioqI8IiIOOeTQOPXU06NZs2ax/Gew9u69eVxwwaVx7LEnRNeum67w+nD1mz1efvnFGD787/HZZ5PW/IMCAAAAAFgPVe+kFxFx0UWXx8EHD4p0Oh1VVVUrhHr5+fnx8cf/jJtvviEqKipWOG5V8+Xl5cXQoWfHf/7nIVFc3Doi4v+f84eIr7i4dfziF4etmQcJJEbIBwBNVPWbMvbaa5/Yeutta97A8eNQL5VKxbx530VVVVUUFBSs8XUCAAAAAFC7vLy8KC8vj/fffy/Ky8sjnU7XvNa71Vb9I51Or3BbKpWKdDodHTp0iIMO+kWceOIpsdlm3cV8AAAAAABNQG0xX/Xru9Wv544ZMyr+8pdb6xXz5efn10R8f/nLvdG79+Zr9HECjU/IBwBN3GefTYoPPxxb8+cfB33/8z8PxoMP3h/z5n2Xk/UBAAAAAJDZxIkT4quvvoxUKlXz+m7z5s2jT5++K32AW8T/vQZcVLRB7LHH3vH//t8xsckmXaKqqmqlT3cW8wEAAAAAJKM6yKtW/T7eTDFftZKSkhg58rk6x3wHHzwoKisro6hog7jjjnuie/ceCT5KYE2xbQ8ANFGpVComTfo0TjvtxIj44Q0dZWVlNZ/UEfF/f2l/4ol/REReHH/8SdGhQ8ccrhoAAAAAgFUpKyureQNH9b/Lyspi/Ph/Ro8evVbYke/HWrVqFXvttU98++038dhjj8ayZWUrxHyVlZXx8ssvRkTEUUcdF3369F2TDw0AAAAAYJ1T/Zrt8lFeRKzwOu4PO+aVR2FhYVx00eURETFixNMr7cxXUrI4Ro58LiIizjzznCgoKIjKysqaD2tbfr7q288446woLCyM/fb7eXTrtlmyDxZYY4R8ANCEpVJ50bp161i4cGGUlZVFRETbtu1i3rzvIi8vL9Lp9HIx3/CICDEfAAAAAEAT1KZN2ygsLIyKioqI+L9PbZ44cUIceugRNW/qWF3M17p16zj44EHx+uuvxLRpU2vGV7+pQ8wHAAAAANAwy++mt3Tp0pg5c0aMHv1SfP31zFiypDSWLSuPrbfeJrbaqn9st92AKCgoqHndt6CgYJUxX/WHu9Un5hs8+Iw1+wUAEpeXrv4N0Ro2Z86iXJwWANY6kyd/FpdcckHMnj0rTj55cGy1Vf+4++7b44svJkdeXl7NP9XbbB9++FFiPgAAAACAJubzzyfFWWedHkuWlNa8EaSqqioiIi6++PI46KBBERGrjfmqb3/99VfjyisvrTm2WiqVqnmd+IADDoqTTjo1unT5SYKPCAAAAABg3bF8xPf222/Ga6+NiddeeyWWLCmNiKgJ8qr/veee/xEHHnhw7LrrbhERK0R5N9xwbYwY8XTNjn7VO/NFRBQVbRAHHHBQrTEfkLyOHYtzct5U5iEAQC717t0nrrnmj3HOORfEqaeeHtttNyCOP/7k6NWrd6TT6Zp/qv8S/8QTw+Phh/875s6dk+OVAwAAAABQbfPN+8bOO+8aET+8ISSdTkcqlYq8vLx4/vkR8dFHH0RERF5eXqzqs1irb99kky5RWFgY6XQ6mjdvURP4Lf868ciRz8VTTz0ey5YtW3MPEAAAAABgLbV8xPfMM0/Gddf9LkaNGhlLlpRGQUFBzYevVY+JiJg69atYuHBBzeu51TvpRURcdNHlcfDBg2oCvuqgLyJqdub7y19ujYqKihWOA9Z9Qj4AaCJ+/OnJ1X+uqqqKfv22iiOOODoiIgoLC2O33faIE088pd4xX1nZ0gQfCQAAAAAAy6t+I8e2224fhYWFK3y6cjqdjokTJ8QzzzwRkyZNjIjaY77evTePjTfuFPn5+bHvvgOjb98tal5PXv514uHD/x6jR7+U9EMDAAAAAFirVX/oWkTEY489GjfeeF3Mn/99ze2VlZU1H6hWVVUVVVVV0aNHzxj0/7F3n+FRlVsbx/97z0wmFZIQem+K2AtKU1CQrnhEERUFBQtiwY4I9nJsRwTFCioCUkRAkSaKCIICgkBo0ksgEEqAtOnvh7x7M0NCUSExcP+uywsys8vsfDjnmcW6n3XdDVx9dRs75AcK84nIsSnIJyIiUsysZgxrcR4MBvF4PPbP1p/hTRtudzSNGzc9Zphv5Mjh7N692z7Paub45puJzJ7948l/OBEREREREREREZHTQHj91vp7+GtWI0ebNu2pWbM2gUAA0zTtRpBgMMjs2bMYP34sK1ak2uccvgEcwJo1q8nM3EcgEMDhcHDrrd2oXr1mRJjP6XQCMHToh2zYsO7kPLSIiIiIiIiIiIjIKcCq306Z8i2DBr0FgNvttkN7hmEQFRVl12Br1apDx46duO66TjgcjgJ13L8a5nv//cF2mE9ETn3O4v4AIiIipzNrFHda2jYWLVrAzz//xL59e8nJyaF+/bNp0OAyWrRoRVRUlN20YS3grTAfwPDhw1i3bq19XetLwFdfjcbn83HNNddx5pn1ME2TyZMnMmjQW1SuXIVQKETz5i2K5dlFRERERERERERESjprF2ar0cP6GSjwWiAQICYmhieffJq+fR8lI2NXRJgvEAjw/ffTyMrK4tpr/0OjRk3skJ9VFwZYunQx+/fvByAxMZHmzVvg9Xr5/POhbNmy2b6XaZocOLCfnTvTqVWrTsRnExEREREREREREZFDliz5nc8/HwpAVFQUHo8HgPvue4hatWpTrlx5UlOX8ccfv1O7dl06drzeDvGF128tDocDv9+P0+nkiSeeBuDbbyfax1u137y8XMaOHYXL5eLee+8vugcWkWKjIJ+IiEgxsRbjq1ev5LXXXmL79jRycnLsEF5a2la+/34a8+bNpVmzK2nZsnWBpo3jCfNNmjSedev+JCWlLNHR0UyfPgWAtLRtjB49knr16lOhQsWi/wWIiIiIiIiIiIiIlGBWrXbnznQ2btzATz/9wIEDB4iJiaFSpco0a3YVVapUJTo62p6eB1CzZm1uu+0Ohg79gP379xcI882bN4dNmzawYcM6One+BZfLBYDHk8cPP3zP4MFv25/B5/MB0LBhE3bv3s2oUZ9z4MAB+/28vDxmzpxOw4ZNivA3IyIiIiIiIiIiIlIyWBugLVjwKxkZGRiGgdfrBeCVV97g8sub28fWrFmLdu2usafqFRbiC99Qzel04vV6iYqKKjTM53JF4fN5iYuLp23bDkXzwCJS7BTkExERKQZWU0Zq6jIeeeQBcnNz7IW9tYi3duP46acf2LhxPWlp2+jWrYfdzGE1fRQW5jMMg1AoZIf5VqxYHnF/lyuKQMBPtWrVcbvdRf78IiIiIiIiIiIiIiVZ+EZtb7/9Btu3p5GZuS/imB9//J569epz//0Pk5SUFNac4eLyy5uxd+8evvpqDFlZByPCfMFgkG3btvLBB+8yd+5sEhOTKV26NDt3prNo0QL7+nFx8bRs2QqAUqVKcfXVrZk5c3pEOBAgJydXk/hERERERERERERECmEYBmlp25g4cTw+n9eurXbv3pPLL28eEcwD7N5dq54bzjp28eJFLF26hDvuuIuoqKhCJ/OZponP5yUhoRTvvvsR1avXKLJnFpHipSCfiIhIMTAMgw0b1jFgQF9yc3NwOp0EAgFCoZC9kA8EAnbTxubNm/jqqzHk5OTQq9cDdkDvWGE+615w6EuDtfhPSSlLmzbtSUpKLp5fgoiIiIiIiIiIiEgJFL5R2+OP9yEr6yCQX4u1Nmzz+/1s2bKZLVs2s3JlKq+++hY1atS0679WfTYvL4/vvvuGgwcPRGz0Zm3olpp6aJM2q9brcrnw+/1cfPEllCtX3v5MZcuW46abbuGVV56PmPB34MB+fD4fpmnaNWURERERERERERGR051Vj12yZBFZWQft2itA5cpVAI64Sdrhr1vX+v33hTz55MMkJibRqFFT6tU7y+4RdjgcPPHE05img0mTxhMfn8B7731MzZq1Tu6Disi/innsQ0RERORECoVCeDx5jBs3hj17duNy5e+2YU3RAyJ26bD+npm5j2+/nciQIYMA7DCfxQrz3X77ndSpU9e+VnigzzAM+0vGQw89ykUXXXLyH1hERERERERERETkFGIYBmvX/knfvo+SlXUQp9MZsaFaIBCw67FOp5Nt27byyCP3s2JFakQduHLlKlx//Y107nwzSUnJ9sQ+yJ/4Z10j/D+n04nP5yMuLp5rr72e0qUTIz5bfHyCvWGcdZ969erjcrkU4hMREREREREREREJY9V1161bB2D310J+rfV4hYf4+vZ9BI/Hw86d6Sxdutg+Jrzn97HH+nLjjV0YNOgDhfhETkMK8omIiBQxK0y3dOliQqEQPp8XgCpVqlK37pmUKZNCdHR0RKOF1bxx8OABJk+edMwwX/fud1Gv3lkEg0H7nlYDCcDTTz9H8+YtAOx7iIiIiIiIiIiIiMixHThwgBEjPmX//swCG7WF/wkQCARwOp1kZOxiwIAnSU1dHhHmq1ixEh07duKBBx6mQoWKdgjQmqhnsV6zGkkeeeQJLrusEUBELXnnznQMw8DhcNivVapUuch+NyIiIiIiIiIiIiIlTfjmbFZtd/nypfZ7x2IYBgsW/Erfvo+Sl5dHVFQUANOmfUd2dpbdy+twOOwa74MPPkrdumecjMcRkX85BflERESKwOFhuSVLFrN16xZ7wd+1a3feeecDhg0bwaefjuSRR/py0UWX/O0wX6NGTXjiiadp0uRyHA4nwWCQuLg46tWrz4sv/pc2bdrbn+tIY79FREREREREREREpKD9+zNZuXIlgL1RW1JSMmXLliMhoRRAxCZr4WG+Z57pWyDMl5SUxNVXt2HQoA9o0KAhZcqkAPkNIlagLxgM4nQ6KV++As899wpXX93GPgYO1Y9//30BwWCQYDBIKBSifv1zaNfumiL6zYiIiIiIiIiIiIiUPD6f167XWn/OmjWTzMxMHA6HXe89milTviUvLxeXy4XP5wNg7949BIORm7Y5nc6T8AQiUpLofwVEREROsmAwiGmabNmymcTEREqVKm03d4RCIa6//kbuuae3fXxSUjJXX92aiy66mIED32D27Fl22M5q2LDCfAD33fegHeZzOBwAREVFUbfumfz3v/8jNXU5Bw/up2zZ8sTHJ1ChQgX73grxiYiIiIiIiIiIiPw1c+b8RHr6dvvnW265nRYtrqZixcqkpW1jzpyfGD16BD6fz64PHx7me+GF/3LOOefaddpgMEjFipV49dU3WLlyBXPn/syyZUvYtm0bpUuXJjY2jpYtW3H22edx/vkXAOD3+3E6nfaGcAMHvsHPP/8E5AcIY2PjuPzyZvYxqgeLiIiIiIiIiIiIHGLVTa3JeNbEPIfDwY4d23nzzVcYMOAF3O5ou9Z7JL16PUBq6jJ27doJgMvlwuPx4PV6gISieBwRKSEU5BMRETmJrIX7smV/0Lv3XTRocBl9+jyOy5U/Njs6OoYmTa6IOBbymyxSUsry0kuv8+KLzzBjxlT7veMN81nXO+eccwt8LjVtiIiIiIiIiIiIiBybVWfduTMdp9NJmTIpeL1e+/0uXbrSq9cD9s/16p1FvXpnUbVqNb78cgSbNm04ZpgPDtV93e5oLrzwYi688GL8fj85OTm43W4cDoe9U3MoFOL776fjdDqpU6cuq1evYt68OfzwwwwAXK4ofD4vderUpU2b9rhcriL8jYmIiIiIiIiIiIiUDFYf7dlnn4dpmvh8PrtWaxgGixf/zhdffMbtt99JVFTUEcN8gUCAxMRE3G633Z/r8/kIBAL4/f6ifiwR+ZdTkE9EROQksRbsy5cvpU+f/Il7Cxf+xocfvkubNu2Jjo7B5XJxxhn1AAoE66zzBwx4AeAvh/mOtvOHQnwiIiIiIiIiIiIiR2fVaJcuXcILLwygUaMm9OzZi+TkMgCULVuOFi2uBoiYrGeaJm3atKdUqdKMGTOSpUuXEAgEjivMF35f0zRJSEjAMAxCoZD9uSZM+Iphwz4iJyebqKgovF4vPp8PwP65fPkK9O07gJSUskX5KxMREREREREREREpUUKhEHXq1KV586v46acfI14/ePAAM2ZMJTY2lhtu6HLEMJ/D4cDhcOB2RwP5PbqGYVC//tmkpJTV8A0RiaAgn4iIyElimiZ//LGYBx+8l1AoZDdQ/PzzT6Sn5+/efPDgATZv3khi4oUFFummaeL3+3E6nX85zHesEd4iIiIiIiIiIiIipyuPx4Pb7T7qMVaNddmyP3j44d74fD5mz55FIBCkTJkyGIaB0+mkUqUqwKHN00zTtJsyGjduisuV/8+xxxvms64R/mf49Rcu/I0ffpjB/v2ZAPYO0YZhYJomXq+XpKRk3nxzEFWqVD0xvzARERERERERERGREqiwAN3hr1m13gYNLuPHH2cC+cG8UChEMBhkx47tTJr0Nbm5uXTt2g23O9oeuAGHasnbtm3l4MGDdo04FApRu3Zd+zgREYs6/EVERE4Sr9fLlCnfEgqF7OYMq/Hizz9Xk5OTjdPpZOfOdCB/tPbhnE6nPVZ7wIAXaNWqLcFg0H7fup4V5hsyZJD9emHXExERERERERERETmdffbZJ3zxxaccOHDgqMflT+L7gz597sPn8+FyRZGZuY9ff/2FFSuWYxgGUVFROJ0F900Nn6DXoEFDunbtxvnnX2hvwmYYRoEwX2rq8mN+9h07tjN58iSWLfvD/ozhTSGhUIhaterw7rsfUqNGzb/+yxEREREREREREREp4cJ7bD0eDzt2bGfx4kUsWrSAjIxd5Obm2u9bYT2ADh2uo2PH64FD/bxWj+727WlMnDieN9/8L9nZWRHhPOuYkSOHk56+nWAwSCgUonLlqnTs2Mm+j4iIRRP5RERETpKoqCi6deuBYRhMmfItkL9LR3gTh9/vZ/jwYVx6aSMSExML3f3DCvMdz2S+adO+w+/38eCDj2oXDxEREREREREREZEww4cPY+jQDwGIi4unfftrKFWqdIHjQqEQWVlZPPNMXzvEFwj4MU2T3bszOHjwAKFQiC1bNrNw4a80a3ZVgWtYdWDDMGjQoKH9+l+ZzBcuEAgwZ85sfvzxe/v61k7PoVCIqlWrccEFF3H77XdSoULFE/HrEhERERERERERESlRrJopwJw5PzFnzmzmzZvDwYMHCYVCJCeX4fzzL6BFi9ZccUVzDMPAMAy7R7d797vYvTuDX36ZY1/L6tHNzNzHtGnfsWrVCm69tRu1atWhUqXKbNy4nu+++8buE3a5XPh8Ps4551wqVqwEUKAvWEROb0aomOK9GRkHi+O2IiIiRW779jQ+/fRjpk37DsgP8wUCAQzDwDRNDMPgxhu70L17T2Jj4woN8wH2FwWAF198JiLMB/mBPr/fj8Ph4IMPPqVevbOK5gFFRERERERERERE/uU+/3won3zyQcRr9957P126dD3ipmi//DKHt976LxkZu+xarDX5zmrwuOmmW7nvvgePWNcNf33hwl8ZMeLziDBfKBTC4XDg9/upUKEizzzzIueee36B6wSDQX7/fSGzZs1k6dIl7N+fid8foHLlKpxxxpl07NiJqlWrEhcX/09/VSIiIiIiIiIiIiIlTniIb/z4sXzwwWB8Ph+BQMCuAVuT9gC6d+9Jhw4dKV++gv1aKBRi1aoVfPjheyxevAjAruNafw8EAkRFReH3+yldOhGv10N2djaQPwDE6/VSvXoNXn99IJUqVS6SZxeRv6ds2YRiua+CfCIiIkWgsDCfNT4boHLlKtx44820b38t0dHRfznM53Q68Xq9ADz11DO0a3dNET2ZiIiIiIiIiIiIyL/b6NEjeO+9dwCIjo4hLy8XgHff/Yjzz7+wwPHh9dnffpvPyy8/x759eyMaNsIn4r311mAuueTSiEaRI13vSGE+t9tNXl4ecXHxjB49gcTExCM+T0bGLoLBIH6/n4SEUpQqVeof/X5EREREREREREREThXjx49h4MA3gcgQnsXaWA2gfftr6dSpM3Xrnmm/HwgEWLp0CSNHDmfBgvkFrmPVeq16cHitOBAIkJyczKBBH1K9eo2T/agi8g8VV5Cv4L8kiYiIyAlXqVJl7rjjLtq0aQ9gN2hYTR1paduYOPErpk6dTF5eHoZhFPjyAOB0Ou0vEAMGvECrVm0JBoN2iK9fv2ftEF8xZfVFRERERERERERE/jWys7NIT99BQkJ+2C0vLxeXy8W7737M+edfSCAQKFBLDa/PXnZZI55++jmSkpIJBoN2k0YoFMLpdBIMBnnuuX6sXr2y0KaQw6/XoEFDunbtxvnnX2hv+OZ0usjLywPypwQeKcQXDAYBSEkpS/nyFahcuYod4lM9WERERERERERERE53c+fO5oMP3gOwh2ZAfo3Wqu2GT+j77rtvGDXqC1avXmUf63A4uOCCi+jd+yFatGgFYA/usGrA4Zu3We+FQiHq1KnL4MEK8YnI0SnIJyIiUkQqVarMnXfeTdu2HYD8LwOGYdhhvk2bNvL112P/cpjvqqtaAvkhPuva4Q0lIiIiIiIiIiIiIqeruLh4unS5jU6dOuNyuQB4++33OP/8C+wQn2EYZGTs4sCBA/Z5h4f5+vd/vkCYz2r42L9/P88+mx/mO1Jd90hhPrfbjc93aKO2667rBBQezLNqyYXVflUPFhERERERERERkdNVKBTC5/Pxyy9z8Pm8uFwu/H6/HbILBoMFNmqzwnwzZ05n9OgRrF690r6eaZrUqlWb5557mZ4976VKlaoAdk05fFO3UChE9eo1aNfuWl555U2qVatRtA8vIiWOESqm7RkzMg4Wx21FRESKlDUuO3z3jR07tvPppx8zdepkIH/3DuuLAkCNGjW5/vrOtG3bgejo6Ihzw4XvCrJ06RLOP/9CgCMeLyIiIiIiIiIiInK6Sk/fwbffTqRRo6acc865BAIBIL8+u3TpEh56qBe33XYHN954sz3lDiLrrQsW/MpLLz3Lvn17Ixo1DMMgGAxSqVJlnn/+FerVq3/EOm346wsX/sawYR+RmrqMJ5/sT4cOHQscIyIiIiIiIiIiIiLHtmPHdnr2vC1iw7ZrrrmOhIRSOJ1Opk6dTGbmPnw+nz2hzzAMu1bcokUrunS5lXr16gORPbpr165hw4b1fPPNBPbu3cPBgwfw+XycffZ51KhRg2uu+Q/ly1cgNja26B9cRP62smUTiuW+CvKJiIj8DVYjhceTR05OLrNmzWT//kw8Hg+maVKnzhnUq3cWFSpUtHdJDl/Un6gwn9/vjxj/bQUHRURERERERERERCSSz+fD5XLZuyY7nU6WLfuDhx/ujdfrxel0cuedd9OxY6ciC/PNn/8Lpmly2WWNCrwnIiIiIiIiIiIiIgUV1is7f/5c+vV7HL/fD8Brr71N48ZN7fd37kxn/PgxzJr1A+npO44rzHd4j67P58PpdJKdnY3P5yUpKflkP6qInEQK8omIiJQQ1heATZs2MnHiV/z++0I2bdoYcYzT6SQuLo62ba/h4osb0LBh4wLXOd4wX5s27YmJiVEDh4iIiIiIiIiIiMgJYNValy5dwsMP98bn8xEdHU1eXh4Ad9993z8K81WsWIkXXnj1uMN8R3tNRERERERERERERA4JD/F9880E8vJy6dz5FubO/ZmnnnoU0zS5665edO3a3R7AYQXy9u/PZNasmXz99Tg2btxgX+doYb7wum34vcNfV21XpGRSkE9ERKQEsBbhq1at4OWXnyctbSt+vz9iMR8MBiMW/oZh0q3bnXTp0hW32x1xPYX5RERERERERERERIpeeno69957B3v27CYqKgqfz2fXdaFownwiIiIiIiIiIiIicvzCg3RffjmCIUPeweWK4sEHH6Zhw6bceeetHDx4oMA0PjhU383NzWX+/F/4/POhbNiw7rjCfCJyaiquIJ957ENEREQE8hfxpmmSmrqchx66j82bNxZozggEApimid/vx+FwEAwG8fm8fPLJB7zxxiukpi4jPENfsWIl7rjjLtq27QBAIBDAMAz7i8GmTRv5+uuxTJv2HXl5eRiGQTFl8EVERERERERERET+tQqrm1obphXGMKBFi6tJSSmL1+u1mzScTicAH300hEmTxnPgwIGwcw7VZy+9tCH9+z9PUlIywWAwYudl0zTZsWM7zzzzFKtXr1RdV0REREREREREROQEODzEBxAMBnj77Tf4/PNPSEpKIjo6muTk5ALnWjXcmJgYGjduyu2330mtWnXsOnIoFMLhcADwww8zGD16JKtXr7TPV41XRE4UBflERESOk2EYrFu3lmeffYrc3Bzcbre9+0aZMilUr16DlJSyREdHA4dCedbCfvr0KQwf/ilz5syOaCA5njDfpElfM3nyRHJzc7Vzs4iIiIiIiIiIiEiY8Il3qanLmTt3th2os2qxh4f6ypevwE033UqbNu1JTEyyw3iBQMCu6Z7oMN/RgoUiIiIiIiIiIiIicmzffjvRDvG5XFEEg0GCwSCzZv3Ajh3bCQSCZGVlAUcO30VHR9OkyeV069ajQJjP6t09PMynDdtE5ERRkE9EROQ47du3l08//Yhdu3bicrnweDwA3HTTrbzxxjt8+ukoPv10FI888iSXXdYIyA/lWVP6TNNk/vy5jB49gv37MyOufbQwn9PpZP36tYwePZKMjJ1F+swiIiIiIiIiIiIi/3ZWgO733xcyfPgw3nvvHUaPHmk3Xfj9fkzTJDV1GRMnfmWfV65cea67rhMdOnSMCPMFg8ETOpnvhRcGsGJFqt0AIiIiIiIiIiIiIiJ/XSAQIC1tGykpZQHw+bx2TTYnJ5tAIIDP52XSpK/Jy8s76uCM6OhoGjduWiDMBxQymW8VgAZxiMgJoX8tEhEROQZr6t7atX+yalX+zho+nw+A2267g/vv70OtWrVxuVwkJibSqlVbXn99IHXq1LUbMxwOh73Iv/32O0lKKji2u7Awn8vlwu/3A9C9ew+qVatxUp9VREREREREREREpCRau3YNn332CfPnz2Xbtq18990kxo4dhd/vx+l0snTpEnr3vou33nqNb76ZYJ9XvnyFQsN8J2oyn8sVxdatW+jb9xH278/Ujs0iIiIiIiIiIiIif5PD4eCOO+7iP/+5gQoVKgIQDAbtXl2r/rpx43pWrFh+zOsdKcwXCoUiwnzDhn3En3+uPhmPJCKnIQX5REREjsFajH/99VgyMnbZC/5zzjmPzp1vAfK/CFiBP4Bx475k3bq19s7NVvDvf/8bTMOGjQkGgxENG9a5h4f5rKl//fo9S4cO1wFHHvUtIiIiIiIiIiIicroqV648e/fuAcA0TTZv3sTEieOZPn0KS5cuoU+f+wgGg0RFRfHWW/9l9OgR9rlHCvMFg8F/FObLrw17Abjnnt6ULp2oHZtFRERERERERERE/qZgMIjb7eamm26lfftrI8J84bXXzZs3MWHCOPbvzzzmNY8W5nO73QAsXryw0AEeIiJ/h4J8IiIix+HAgf1s2rQRp9Npv5aUlExiYqL9s9XQ8eWXI3j33YFA/gLfmqj31luDadCgod3YYRgGu3dn2Odar1thvpYtWwPQt+8AO9h3+JcNEREREREREREREYHY2DiuuupqXK4oezO2bdu2MmzYRzz44L34/X6io2Pwer0Eg0F78zXLiQ7zhUIh+x75G7V1BLRRm4iIiIiIiIiIiMixWGE6wK6zWpP3rDDfzTffVmiYz6oPz549iyFDBpGXl3fM+xUW5nM4nHg8HkqXLs1HH31O2bLlTsKTisjpSEE+ERGR45CevoO0tG12KA+wQ3weT5698B89egRDhrwD5C/srS8Ab701mEsvzQ/xWV8Ufv11Hp07X8e8eXMBIgJ6FStWomfPe3n33Y9p3/5aIL/Bw7qPiIiIiIiIiIiIiBzicrm44ooriYpy4ff7cblcAOzatZNgMIjL5SIvLxeAO++8m9tuu6PANY4W5rM2eTueMN+AAc8TExMD5If4rI3arPqwiIiIiIiIiIiIiBTOCuwBTJr0NUOGDCIrK8sO8R0rzAeHBnNMmfItAwe+8ZfDfGecUQ+fz0tCQikGD/6IWrVqn6SnFZHTkfPYh4iIiIjXm7+jh2madkPGwoUL2LNnN2XKpAD5Ib733jtyiA/yGzoOHjzIzz/PYuDAN/H5vOTkZBd6z8qVq1C5chUg8ouJiIiIiIiIiIiIiEQKhULUrXsGd955D4MH/w+fz2eH5sKn4915593cccddQOF1VyvMBzB58iQyM/dhmiaBQACHw0EgEOCjj4YA0LFjJ0qVKgUcCvMZhkGDBg157rmXycnJoUWLVvZnUIhPRERERERERERE5MjCa7ZWT25iYhIxMTHceuvtxMXFFxrmA/juu29IT99hv2/Vc7/77hsA+vR5nOjo6KPe3wrz+XxeJk4cz2OPPUXNmrVO7kOLyGlHiQAREZHjkJSURFxcHA5HfgbeNE327MmwF/jjxo0+aojPCv/t35/JmDEjeeut1+zdn+fP/wWIHAV+OIX4RERERERERERERI4sFAoRDAZp3LgptWrViQjNGYaBYRiULp1ob8x2NEebzGft5HysyXyNGjW1Q3zW+SIiIiIiIiIiIiJSuFAoZPfKjhkz0u7Jzczcx7Rp3zFixOdkZx//ZL5QKGTXc7/77pu/NJmvefOreOutQdSuXeckPa2InM40kU9EROQ4JCYm4nZHk52dbTdj+Hw+Zs2ayYYN6/nhhxnAkUN81jnp6elMnDgen8+Ly+XC5/PZXxQU1hMRERERERERERH5e6ymjAMH9rN588aIuqxl//5MRo8eQU5ONjfddGtEw8fhjjSZLxgM4nQ68fv9R5zMdzjVfkVERERERERERESOzqqtDh8+jI8/fh/A7rPNyNjF9OlTAOjatdsxJvN9S3r69n80mc/tPvr7IiL/hP7VSERE5BiCwSBxcfG0aHE1hmFgmqa9g/O6dWuPK8QH+V8yKlWqjNOZn6P3+/0AlC6dWPQPJSIiIiIiIiIiInIKcTgcLF++lF69ehAIBHC5ouz3TNO0w3Rbt27hm28mMG7cl/YOz8FgsNBrHmkyXyAQsOu8H300hG+/ncCBA/tP/kOKiIiIiIiIiIiInMLyB2bsAPJ7bsM3YrPCfMeezHfNCZnMJyJysijIJyIip73wJo3CGjasLwEXXHAxoVCIQCAQ8b4V7rMW9gMHDuHSSxvaTR3h196yZTN+vw/DMOxGj8qVKwNE7AwtIiIiIiIiIiIiIscvFAoxc+Z0gsEgUVFR+Hxeu+Zq/Rke5ps4cfw/DvNZzR8ffPAuX301Bp/PVwRPKiIiIiIiIiIiInJqMgyDRx55kptuutXu17V6dOGvhPmuVZhPRP61FOQTEZHT1uHNG4f/PfwYgCuuaE6nTp0BCoT0rOPuvPNuLr64gf2a9Z917T/++J39+/N3Zvb5fJQpk0KzZlcBRFxPRERERERERERERI6fYRjcd99D3HBDF7vWes89vbn22v8UqNPCiQnzhdeTK1SoiMvlOslPKSIiIiIiIiIiInJqczqd3Hvv/XTufDPASQ3zeTwK84lI0XMW9wcQEREpDtaiffv2NFasWM7Chb8RCPiJiYmlWbOrqFGjJmXLlrNHcxuGgWEYtGrVlo0bN7B48aKIhb/l11/nkZiYRPPmV5GUlBxxz2nTvuODD94F8ptKXC4XV1/dhtKlEyPGf4uIiIiIiIiIiIjIX2M1aNx77/0cOLCfGjVq0rVrdwC8Xi/Tpn0HYDd8BINBO8wHcOONN0c0fBzOCvMBTJ48iczMfXZtuF+/Z2nbtkMRPKWIiIiIiIiIiIjIqc/pdNKr14MAjB37JYFAAIfDYddwrTAfQNeu3YiLiy80zAf5ob309B32+w6Hg0AgwHfffUNOTg5PP/0sbnd0sT2riJx+jFD4qKEilJFxsDhuKyIiYi/GV61awWuvvcyOHWnk5OTY75umycUXN6Bly9a0a3dNxDkAU6dOZvToEWzYsN4+Hg5N4EtJKUu1ajXo3PlmSpcuTUbGLlavXsWoUcMBcLvdeDweKleuQv/+L3DOOecW5eOLiIiIiIiIiIiInFKsJg6/34/T6bR/DvfKK88zdepke9M2wA7iVa1ajeuu68SNN95sb+4WHuYL/zk9PZ1vv53AuHGjyc3NiQjxacM2ERERERERERERkRPH7/fz/vuDGDv2SwAcDgehUMiu7ZYtW47WrdsVGuYzTROPx8OXX35hh/kgv+fX5XLh8XgAmDBhCikpZYvnAUWkWJUtm1As91WQT0RETiuhUAjDMFi1agUPPtiLvLzciMYKh8OBz+fDMAxCoRDduvWgZ897gcgmjK++Gs0330xg48YNQMEwH+TvCOJ0OvH7/fj9fuBQiA/ghRde5corWxbNg4uIiIiIiIiIiIiconw+Hy6Xy/7ZquWGQiECgQBOpxP4a2E+KxTo8eSxePEiLrnkMvse6ek7GDduNGedVZ+WLVsDh2rPIiIiIiIiIiIiIlK48D5cqwZ7LCc6zGf19ZYuXZpBgz6kVq3aJ++BReRfTUE+ERGRIrJlyyYGDOjLhg3r7d2Zrf87LKyBo1Onm+jd+yFcLlfETs5TpnzLt99OJDV1GZD/5cA6xwoChkKhAjs3Azz99HO0adMeUIOHiIiIiIiIiIiIyPGwaqm5ubnk5GTz7bcTycjYxdatW6hQoSLlypWnbdsOlCmTQnR0tH1eeF33aGG+atWq067dNdx6azf73EmTvubNN1+lU6fO3HffQ0RFRQGQl5dn30OT+ERERERERERERESOLryOOnnyJILBIC1aXE1cXPwxzz1RYb5p06aQlraV+PgEhgz5hJo1a528BxaRf73iCvIdO8IsIiJyirAW5D/88D1bt261d9WwdmaGQwE8yF/oBwIBxo8fQzAY4P77HyYqKspu+mjX7hqSkpKYNm0KP/74PYFAwG7+CA/nGYZh7/qclJTMgw8+ylVX5U/iU4hPRERERERERERE5Nis+u6WLZuZNOlrfvttPps3byxw3JQp3/Laa/+jbt0z7desWq/D4aBfv2cBmDp1MpBfv7UaOrZs2cyIEZ+zcmUqF154Mdu3pzFu3GgAxo8fS2xsHHfffR9ARFBQIT4RERERERERERGRIwsP8Y0ZM5J33x1IhQoVcbvdXH55M2Jj4456vtPppFevBwEYO/ZLu95r1XYzMnYxffoUgELDfG63m5tvvg2Px8O8eXN59tmXFOITkWKjIJ+IiJw2rC8Bv/++EJ/Pa79esWIlcnNz8Hp9ZGUdjJimZzV4TJjwFYAd5rMW+I0aNeXccy+gfv2z+fLLEWRnZ5OXlwtgBwIDgQBJSclcfnkzrr66DRdccJH9vkJ8IiIiIiIiIiIiIkdn1WNXrVrBa6+9zNatm/F6vXbN1+Fw2jXfZs2uokqVagWucbxhvpycbH7++Sd++WUOgUAAwN7gLSvrIDk52cdsKhERERERERERERGRfKFQqECIDyA9fQefffYJwWCQZs2uLJIw3x133MVNN91KYmLiSXteEZFjUZBPREROKzk5OaSn77B/vu22O/jPf27A7/eTlZXF++8PYs2aVRw4cMBewB8pzGcF8eLj47nppltp0OAy0tPT+eGH6Rw8mEVubg5JSclUqFCRtm07UKZMCqVKlQIU4hMRERERERERERE5HladdvnypTz66IPk5uYUmIBnhfiuuupqOna8npiYmEKvdawwn7XJm2EYBINBDMPA4XDg9XqpUqUqrVq1U4hPRERERERERERE5C+wemVHjfqC998fBIDL5SIQCLBt21aGDx8GcNxhvrvvvo+8vDy++WYCgUAA0zSPO8wXFRVFVFTUSXxaEZFjU5BPREROaeGBOb/fj8eTh9eb39RxxRXNufvu+yKOf/HF/zJq1Bf88MMM0tK2HTPMB4caSWrVqkOtWnVo2LAxpmni8eThdkcX+rkU4hMRERERERERERE5Omun5pUrU3nssfwQn9vtxuPxAFC6dCJxcXHs3p1BnTp1ad26HTVq1AQO1W2t61g12WOF+UKhkH1/h8OB3+/H5XJx7733c8455xbZs4uIiIiIiIiIiIicKjIzM1mzZqX9czAYBMA0zb8c5nO7o7nxxpvZunULS5b8btd0jxbmC58KKCJS3BTkExGRU5LVmBEemHM6nSQlJXPppQ2ZPn0KFSpUArCbNoLBIHFx8dx22x0kJ5fh228nsn792mOG+Q5f3Fs/R0W5Iz6LiIiIiIiIiIiIiBw/wzDYuHEDL774DDk5kSG+G27oQuvWbalb90x27NjO3r17OO+8C+xzw+u2h9dnDw/zGYbBlCnf2kE+l8uFz+fD7/cD8OST/WnW7CpA9V4RERERERERERGRvyoxMZHbbruT+PgEe5Kew+GwA3bbtm3l88/zw3xXXNGcuLj4o16vatVqNGhwGUuW/G7XdcMn72Vk7GLmzOnk5uZw1129jnk9EZGipCCfiIiccqzFeFraNhYvXsScObPx+31ERUXRqFFTcnJyAOyGj/DdOEKhENHR0VxzzXW43W7Gjx/DunXHDvMVxmrmUFOHiIiIiIiIiIiIyF+3f38mI0d+zo4d23E6nXZNt3v3nvTocY99XJUqValSpar9c3Z2Flu3bmXBgvlkZWWRlXWQhg2bUKNGDapVqwHk14OtZpGnnnqGpKRkfvzxe3bs2I7P58PlclGuXHnuuqsXLVq0AhTiExEREREREREREfmrrLpqnTp1uf76zgSDQSZPnlQgzJeWdnxhvlAohMPhoFOnzkyY8BUZGbuIjY0lNzc3otc3PX0HixYtpFu3HsQdfcifiEiRUpBPREROKdYifMWKVF5//SXS03eQk5Nj77KxYkUqgUAAgJ07dwD5k/rCJ/iFQiGioqJo1aotoVCI8ePHHtdkPhERERERERERERH556xa7NatW1m6dIld0wW4+eaudojP2mXZ4XAAkJOTw8aNG3jvvYGkp+8gI2OXfd7MmTMoV64cDz74KJde2hDDMCIm89177/00bdqMrVs3s379Os4++xyqVatB7dp17HspxCciIiIiIiIiIiLy14TXVWvXrsMNN3QB+NthPsMw8Pl8REfHkJxchn379nLWWWezcuUKcnNzcDic+Hxe4uMTeOGFV0lKSi6aBxUROU5GyBpDVMQyMg4Wx21FROQUZjVSpKYuo0+f+/B4PHY4z3rfWuwHg0EAnn76Odq0aX/Ea3m9XmbMmML48WNZt24tkL9Ts2EYdvPIddfdwAMPKMwnIiIiIiIiIiIiciI988xTzJo1067pXnjhxTz//CskJSXbDR6WP/5YzJw5s/nuu2/Izs7CNM2IDdyseq7D4eDVV9+kUaOm9rlWcPBIFOITEREREREREREROXHWr1/HV1+NZvLkSQB2mA/y67WVK1elW7c7jzqZD+Cuu25n9epVPPPMixiGwZtvvkp2djZxcfG8//5QatasVSTPIyIlU9myCcVy3yP/i5SIiEgJYxgGmzZt5Pnn++PxeHA68wfPWrsyW8dYYT7DMJg5czpr1qwu9FqHJvO1o1OnztSpUxfI/5JgjeYGmDjxK4YMeQev11tETyoiIiIiUrSs9fThiml/KBERERE5DRw8eJCtWzdHBOzi4uJJSCgVUZ8F+Oqr0bz44jNMmDCO7OwsnE5nRPjOCupZE/j+97/X7Y3bgAIhvsPXvwrxiYiIiIiIiIiIiByfw/sICusrsCbzdejQEYBAIGDXYcMn833//TT27dsXcS1r07bt29PIysoCYN68ubRs2Zq77+5N3bpnKsQnIv9qzuL+ACIiIieC1Yjx88+z2LNnD06nE7/fbzdgHD6Jz3pt0aIFVK1anfj4eCpXrhJxzcPDfIA9mS+88SMUCjF+/Fhyc3N58sn+R925WURERESkpAhvfDZNk3379rJzZzqbNm0kMTGJxMREqlevSUxMTDF/UhERERE5FR08eICdO3cSDAbD1qWGPWEP8pszZs2aybRp39nnOZ1OAoEAoVAookHEqvcahkFmZiarV6+kTp26hU7bU41XRERERERERERE5PgUVmMNd6T3rDAfwOTJkwgEAnZPrhXm++KLz9i5cycdOnSkcuUqGIZhb/I2atRwtm3bCmD3LVx//Y20adOO2Ni4E/mIIiInlIJ8IiJySjBNk1AoxG+/zcfnOzQZLy4unmAwSHZ2lr0Lh3WsaZoEAgEmTvyKqKgorr32P385zOdyRdn3O+uss9XgISIiIiKnBGvjCoDVq1eyfPkyxowZSVZWFtnZWfamFvXrn0O7dtfQrt01xfyJRURERORU43Q6sfo7rDrtzz//xAsv9KdatRqsWbOadev+JCNjFwAuVxR+v88O8dWuXZeKFSuRkJBAauoytm7dgmmaGIZBXl4uc+b8RIcOHTVtT0RERERERERERORvCu8tSE/fwZYtm5k0aTz79+/HNE2io2No2bI19erVo1q1Gnboz/rzWGG+Xbt2MnHieH77bR5dunQlObkMubk5/PTTj8yYMdX+HElJyfbfFeITkX87BflERKTECv8CALBz50527Nhu/3zLLbdz9dVtiIpysXLlCr76agxbtmwmNzfHDvM5HA78fj9jx44iFArRseP1fynMZ4X4+vV7lrZtOxTBU4uIiIiInFzh6+zp06cwZswotmzZhMfjweFwYBgGTqcTr9fL+vXrIgriIiIiIiInSmJiEueddyHz5s2xd1kOBAL8+ONMTNOMWLe6XC67VhsbG0ubNu257bY7SUlJIRAIsGDBfF5//RV2786wzwkb1iciIiIiIiIiIiIif1F4jXbWrJlMnTqZP/5YQm5uDoBdx122bAkpKWV56KFHadCgIcBxhfms62dlHWTt2oO8+OIzmKaJy+XC4/HY9yhbthzNm18FHHs6oIjIv4GCfCIiUiJZC/TFixcxduwonnnmRRIS4nG5XAC0b38tvXo9YB9frVoN6tQ5g++++4YZM6Zw4MAB+0uCFeYbN+5LgOMK8xmGyahRw9myZTNPPfWMHeI7PFwoIiIiIlKShK9nx48fw6BB/yMYDAJENEt7vV7i4uK47bY7uOCCi4rzI4uIiIjIKSoqKorzzruAuXNnA+BwOOwN2qzdmCF/cp/P58MwDK64ojlXXHEVrVq1AbA3c6tX72zc7mj7NYDSpUsXw1OJiIiIiIiIiIiIlHzhvQUTJnzFkCHv4PF47JpseJ9BTk4Omzdv4pFHHqB//+dp3Tp/oMbxhvkMw7CPDYVC+Hw+AFyuKHw+L3XrnkGFCpXsa4qI/NspyCciIiWO9QVg+fKlPPbYQ/h8Xp555ikee6wf5ctXYPv2NGrVqgOA3+/HNE1M06ROnbrcdNMtJCeXYezYUWRm7vvbYb6WLVvj83lJSSlL06bNACKaR0RERERESprw9ey4caMZNOgt4FDx2yq0BwIBTNPkyitbcuWVLYiJiSm2zywiIiIipyareePmm7uyadMGpkz51l6HWmE+yK8VB4NB3G4399//MA0aXGbXda1GD4Bdu3YSCuXXlR0OBz6fj6pVq0XcS0RERERERERERESO7Ui9BQ6Hg1AoZPcWWMcCuFwufD4fL730LH6/n/btrwUKhvluvLELDoeTSZPGEwgEcDqdBAIBO8RnHZ9f5/VSpkwKvXv3ISEhoYh/CyIif5+CfCIiUqJYXwCWLv2DRx7pjc/nJSoqit9+m8+rr75A2bLlME0TpzP//+IcDkdEE0aFChXp0OFa3G43I0Z8xr59e/9WmM/tdnPttdfbX0Y0iU9ERERESjpr3Tx58iS70B4dHU1eXh4A1113A3Xq1MXn85Kdnc2FF15MxYr5u9r5/X57DR5OTdEiIiIiUpjwdWJ44M6qsxqGYb/+xBNP43JFMWnS+IgGEIBKlSpzwQUXcf31nTnzzHoR1w+v186dO5vt29PseyQnl6FNm/aAdmgWERERERERERER+SsK6y1wu914PB4AuyfXCvGZpmn3FPj9fv773xcBCg3z1apVh1tuuY2kpCQ+++wT/H4/AE6n064PB4NBAoEA5ctX4M03B1GlStWie3gRkRNAQT4RESlRDMNg69Yt3H//XUD+4t/n82GaJosXL8TliiIUCpGevv2I10hKSubqq9sAIUaM+PxvhfmAiEYQhfhERERE5FSwaNEChg8fBkBUVJQd4nvppde4/PLm9rrX5/Phcrns8wzDwOPJY9euXXg8HkqXLk3ZsuXUFC0iIiIihbLWiaFQiP37M0lMTAIi66wOh8Ou2T72WF/OPfc8Nm7cwKpVK6latRrJyclcc811xMbGEhcXHxEODF+HTp06mc8++8R+3e12067dNaSklNUGbSIiIiIiIiIiIiJ/w+LFi/jii0+B/N4CK8T3wAOPULFiRXw+P59/PpS0tK14PB5M07Qn7B0rzFepUmV69LiHOnXqMmzYx+zcmU52dpZ97woVKnHmmWfSq9eDBfp7RURKAgX5RESkxMnNzaFZsyuZPXsWHo/HbujI36XZTygU4rvvvqFdu2upUaNmoddISkri6qvbAsbfmswnIiIiInIqCYVCeDweZs2aye7dGZimidfrBeD119+mUaOm9rGBQCAixLdo0QJmzpzO778vZM+ePfh8XpKTy3DJJQ3o1q0nlSpVLnRan4iIiIicXqwmjL1797Bly2a++WYCu3btZO3aNaSklCU+PoFGjZpw9tnn0qDBZUB+sM/aRKJ163YABcJ31o7McGi6n3Wv6dOn8MorzwP5zSRer5dKlarQrNmVCvCJiIiIiIiIiIiI/EXWpL3Zs38kI2MXhmHYvQWvvvomTZs2s4+tXLkKY8eO4pdffiY7OxvgmJP5wjVrdhVnnnkWO3fuZP78uURHR+N0OmnUqCnly1cgPj6+KB5ZROSEM0LWzNIilpFxsDhuKyIip4i1a/9kzJiRTJ8+BTi0O3MoFLIbNa655jp69LiXpKSkI15n3759fP/9tIgwXygUitj9o0uXrrRvf63Gb4uIiIjIKW39+nXcd18PcnJy7Nf69HmMTp1ushuhraI6wPLlS5k3by4jRnxmH281RzscDgKBAOeffyG3334nF1/cAIfDUdSPJCIiIiL/Elb4bu3aP/nww3dZv34du3dn2O9bm6xZrr/+Rho0uMxu+ghfh4aH9ayN2QD27t1DfHwCUVFRbNu2lXnz5jB48NsAREdHk5eXh8vl4rnnXuGKK5oX0ZOLiIiIiIiIiIiInFq2bt1Cz563kZOTY9d2u3fvSY8e9xAIBDBNE7/fj8vlYvv2NB588F527ky3zzcMwx64AdC37wA7zHf4Rm4iIidT2bIJxXJfbYcuIiIlitVAXLfuGXTufDMA06dPsZs3gsGgHej79dd5nHFGPVq2bE1sbGyh18ufzNcGCDFixOeFTuYbMeIz8vLyuOuuXke8joiIiIhISRU+rSQnJweXy4Xf76dixUpcfPGlEcdYzdNDh37I/Pm/sGbNKgCcTieBQACfzxdx/NKlSxg+fBjVqtWgQoUK9usiIiIicvqwGi9SU5fxzDNPkZGxC8gP71lrQ+sYq8Hj66/HsWDBr6xYkco99/S215sOh8MO7lnNHgDTpn3H558PpWLFykRFudi5M51169YC4Ha7ycvLA/IbQqwQn9amIiIiIiIiIiIiIsfPqqnOnftzRG8B5NdhAbvv1uVyAfDRR0MiQnyQX9u1Bm1Yk/mCwSDt219rh/iWLv2DGjVqULp0IhAZ8FNtV0RKOgX5RESkRAlffJ9xRr0jhvlM02TnznTGjh1FdHQMTZtecYwwX1vAiJjMZ03ly7/XmQrxiYiIiMgpyVpjb9++DcifdhIKhfB6vXZx3TRNsrOz2LRpE5999jG//jrPPt/lcuHz+Y5YNF+6dAkjRnzGY4/1VTFdRERE5DQTCoUwTZNVq1bw2GMPkp2dba8fwyfwAREToP1+P9u2bWXEiM/YtGkjr776pj2F7/A15Z9/ruann35g27atbNu21b4W5DeNeDweAJ5++jlatWprfy6tTUVERERERERERESOn1VTTUvLr8MGAgEMwyAUCtl1WJ/PZ/cZ9O//BLNnz7LPr1WrNjt3ppOdnW3351r14Ndff5k9e3ZzySWXsX79Wj7+eAjNm7ekZ897SUxMjJjSp9quiJR0CvKJiEiJdqQwn9UgsnnzJoYPHwZwHGG+NgB2mM9qJOnX71natu1QBE8jIiIiIlJ8rGZmq9CenZ3NxInjadmyNU6nkwkTvuKPP35n8+ZNdpHcNE17Cp/L5SIxMYmdO9MJBAL2hBXDMFixYhmZmZkkJiYW4xOKiIiIyIliBe6O9LPFMAy2bNnMyy8/T3Z2Nm63227oaNCgIVWqVKF06URWrlzBkiWLCAaD+P1+TNMM2915Nvfd15NXX33T3n3ZkpOTzezZs+yNJqyN3qxdnwHKlStP7959uOqqloBCfCIiIiIiIiIiIiL/hFULtibrAcyaNZNrr/0PZcuWA6B//ycjQnw9etxDx47XM3Dgm8yZMxu/P7/PIHxzt6FDP2T8+LEcPHiAQCDApEnjSUlJoXv3nkX8hCIiJ5eCfCIiUmJZDRfHDvNt/EthPtM0+Pjj98nJyYkI8YWP5hYREREROdVER8fYa2zTNMnNzWH8+LFMnPgVPp/PLsBb06v9fr+9+UX37j0577wLOO+885kxYxqvv/6yvX4OBoPs3LmT3NwcBflERERETgHWLskAQ4d+yK23diM6OrpAmC8UCpGXl8e3304kPX17xHS87t170rVrd9xut338t99O5IcfZvD77wsJhUJAfkOI1+tl+fKl7Nixo0CQLzV1OWPGjLRrwtaGEn6/n1KlSnHJJZfRseP1XHTRJfZnUohPRERERERERERE5K+z6qtRUfl1XasnoFat2nTt2t0O8b344gBmz/7RPq9r1+52GO/mm29jzZrVpKVttTdms+q6wWCQ/fszCYVCuFxRBAJ+8vLyIqb8iYicChTkExGRfxVroe/x5JGbm0dq6jJ7/PYZZ9QjNjaWUqVKAYd283A4HCc0zNeiRSs8Hg/ly1egZcvW9udSiE9ERERETkXWGrx9+2v5/feF7Nmz2w7rBQJ+/P4QoVAIp9MZ0RgdFxdP/fpnc8MNXWjcuKl9vWuuuY4//1zDxIlf2Q3Y1n1EREREpGSz6q4Ar776AlOmfMuvv/7Cu+9+hNsdGebLr/N6mD9/Lh6Pxw7Qdep0Ez163GNfMy8vj+joaK655jqWL19qv26F+EzT5M0336FevbMKBPHq1j2TTp1uYsuWzSxbtoScnBxq1apDmTJluPXW7lSpUoUyZVIAhfhERERERERERERE/gmrvtqiRSumTp1MZuY+atasRffud9Gs2ZUAvPfeO8yYMc0+54YbunDPPb2B/Ol79eqdRc+e9/D88/3t3uBQKGT36Fq9CT6fl+rVa3LddTcoxCcipxwF+URE5F/D2p1j/fp1fPXVGJYs+Z20tK32+0lJyZQrV57bbruDc889j+TkMjgcDrs55MSF+ZK58cabiYqKivhcIiIiIiKnIqvYXr16DS644CLmzPnJbpgOL5j7/X4Mw8Dv91O+fAVuvvk2GjS4jGrVqgOH1s0+n499+/bY1zYMg+rVa5CYmFRMTygiIiIiJ0J4iO/ll59j2rTvcDqdrF69igcf7MWgQe/jdkdHBOYmTBjH5s2b7PpqdHQMzZtfBWBPd46OjgZg7NgvmTp1MgBOpwufzwvAG2+8Q4MGDQkGg4RCIfszQP7GbL16PQDA/v2Z+Hx+UlJSIj6rRSE+ERERETldHGsTC21yISIiIiL/REpKCnXrnkF6+g7uuqsXTZs2A2Du3NnMnv2jHc678MKL6d69B5BfD7ZqtmeccSZly5YjI2MXUVFRmKaD3Nwcu+fA7/dTunRpXnrpNSpUqFBszykicrIoyCciIv8K1gJ8xYpUBgx4kt27M+ydNaz3MjP3sW/fXvr3f4Irr2zJVVe1pHnzFjidzhMe5rNCfIBCfCIiIiJyWihTJoXbb7+D7Owsli9fRnZ2Fi5XFD6f156mV65ceerWPZM+fR6jfPlDBfPwxo9du3ayc+dO+/VQKETdumccce0tIiIiIv9+hYX4rGYMt9vNypWpdO9+CyNGjIsI0O3cmR5xnbi4OM488ywgvyZsTe8bPXoE7733DpAf7MvLywPgrbcGc+mlDe31pmma/PnnajZt2kSrVm3sMKBpmiQklLLXpFZNWM3JIiIiInK6CF//GobBnj27SU9PZ+vWzSQlJeN0Ojn//AsxDAOHw6ENjUVERETkbytTJoV7772fjIwMmjS53H79jz+WsGPHdvvnypWrULp0IhDZh1u1anVSUsqye3cGV17ZkrJly7Fkye+kpi4jObkMFSpUoG/fZ6hevUZRPZKISJFSkE9ERIqdFbJbs2Y1jz/+EAcPHrAX7YFAwG7+tYJ9fr+fn376gdTUZWzZspnbb7/zpIT5REREREROBcez+7KlVq06PPjgo8yYMZUff/yeXbt2EgiYlC1bjoYNG9O0aTMuvPAi3O7oiEYPa60N8PnnQ1m9eqX9es2atejU6abj+iwiIiIi8u9zpBCf9Z/H4wGgQ4eO9nF+v59QKMSqVSvs6wSDQfbs2c3GjeupX/+c4w7xAfZk6F9+mcPzzz9Ny5atadWqTUTzx+FNyFp3ioiIiMjpIrxWu2TJ7yxduoTx48fi8XjIzc3B4XAQCAQ455zzqFy5Cnfd1YsyZVIU5BMRERGRvyUUCnHGGfU444x69s/btm1lwoRxAHY/r9vtBrB7ey0HDx5k//5MQqEQOTnZ3H33feTm5rJ27RpSUsoSFxdnBwBFRE5FCvKJiEixMwyD9PQdvPPOmxw8eACXy4Xf77cbLaym4GAwSCAQsP+ekbGLjz9+n4MHD9K790N/K8xnmgaNG1+uMJ+IiIiInFLCGzc8Hg+7dqWzdOkfbN+ehtvtJjExkfLlK3DJJZfhcDgwTdNea1etWo0777ybrl27sXPnTkzTJC4ujqSk5ALXt/607jVw4JtMnToZyJ+C4nA4uOSSSylXrjygZmoRERGRkuZoIT7TNPH7/QD06fM4nTp1BvLruQ6HA8MwKFWqtH0t0zRxOJykpi6nfv1zgOOfxLd37x5mzZrJBx+8i8/nY82a1ezfn6lmDhERERE57YXXgqdM+ZZhwz5i3769eL1enE4npmnam7mlpi4jNXUZixYt4JprrqN58xbUrl2nOD++iIiIiJRAh/+7v2EYHDx4wO7fDQQCACxatICsrCzi4+Px+/12b8H27Wn2Mdu2bSM3N5eYmBjOO++Con4UEZFioSCfiIgUK6uovGzZUjZt2ohpmvh8PiB/ce9wOOwAH2AXma1mkWAwyOjRI/D5fPTp89hfDvN99NEQfD4frVq1tRtSRERERERKsvDGjXnz5vLzz7OYM+cnDhw4EHGcaZrUr382l19+JVde2YKKFSsRDAbtdbbbHU21atWBQ1P7fD4fLpcrIsQXDAbJzc1hyJBBfPPNBACioqLwer3UrXsGN910KzExMUX2/CIiIiJyYvydEF/4WhQgObkMcGgys8/nZdy4L2nTph0zZ844ZogPIDc3l4kTxzNy5Od4vV4AsrIOEjZYWkRERETktGT1PgCMHfslgwf/D8BukA4EAva62uq9cDgc7Nmzm9GjR/LHH4u55ZbbadSoSbE9g4iIiIicGnJzc/9/vekEAv/fo7uJxx9/iDfffIe4uHj72EmTvmbnznQAUlLK4na77RqyiMjpQEE+EREpVlZR+bvvvuHgwUONxe3aXcPFFzegfPmK7Ny5gxkzprJ27Z/s3bvHLjCHT+obP34MMTEx3HNPb3tHD4fDccQwn2k6CAa97Nixnbi4eIX4REREROSUEN44/e23E/n44/c5cGA/gUAgYp0cDAYBSE1dzp9/ruHrr8fSr9+zXHDBRQAF1seGYRAKhXC5XACMGzeaAwf207hxUxYvXsSyZX8wb95cANxuNx6Ph7JlyzFgwIuUL1+hqB5fRERERE6Qfxris/5+5pln8eOP39sbsDkcDtLTd3DLLTewf38mcPRJfAAxMTGsXfunPVEkEAjg9/vJy8sFEovulyIiIiIi8i9jrZm//XaiHeKzNlkDcLmicDqdeDx5BAIBO9xnmiZ5ebksXbqE9evX8dhjT3HVVS2L7TlERERE5MSzBmJYtdaTHZQrVaoUAD6f164TOxwOUlOX0bv33bRrdw1RUS6WL1/GjBlT7fPKlCkTsTmciMjpQEE+EREpclYTR05ONrGxcWRlZbF162Y7lNetWw969rw37IwLuPjiBvz552qGDBnEpk0bcTqdBcJ8Y8eOonz58lx33Q12c7JpmoWG+awJf/36PcsVVzQv+l+CiIiIiMgJdqTdlx0OB4ZhEAgEMAwDv9+PaZp2I7bf72fnznQef/whevS4h+bNW1CpUuUC17eK+hMnjmfEiM/Yu3cPI0Z8ZjdxA7hcLjweD6VLJ/LWW4PtiX4iIiIiUnIcLcRnrR8B+vR57IiT+Ky/N27clM8++4Tc3JyIqc7Wpm5ut/uoIT5LfHy8/dlCoRCVKlUiJaXsSfwtiIiIiIiUDL//vpDPPx8KRIb47r77PurUOYNSpUqze/cuPvnkA9LTd9jrb2t9f/DgAZ599ikcDgfNml1ZbM8hIiIiIieOFeI7cGA/L730HPfd9yA1atQ8qWG+atVq0LRpM+bNm2NPhYb8foX169fy3nsD7Q2HrddLlSrNFVfkr0E1kU9ETieKL4uISJGyGjWWL1/Kk08+wty5PxMVFUVm5j6CwSCXXHIpXbt2t4+1Fu5lyqTQqFFT3nnnfc44ox5+v98uLFsLeJ/Px7RpU0hNXQYQ0Thihfnatu1gv9av37P2z+FfEERERERESiKrqD116mQ7xOd2u+1m59KlE6lZszYuVxQul8tu0A6FQjidTrxeL5988iFffz2ONWtWF3qPlStT+emnH9i7dw9waH1v3dvn81GlSlXee+9jatasVQRPLSIiIiIn0tFCfKFQyN4grW/fAXTqdBNQMMRnCQaDVKtWnQ4drrVDfNbr1t89Hg8AH374qR3iO9zBgwfZs2e3PQ0QICmpTIEp0iIiIiIip5NgMIjX62XWrJns2bMb0zTtEN/rr7/NbbfdQaNGTTj77HNo1uwqBg36kJYt2+ByuexrWOvrChUqce655xXLc4iIiIjIiXUoxHeABx64l/nz5/Lss0+xdesWu857Mrjdbi65pIFd+7XuFQwG7X4Cq7fA5YoiEAhQrVp16tc/2z5eROR0oYl8IiJSZMJDfPfd1xOAjIwMevS4m7PPPpc//lhMhQqViI6OBijQ/BEMBklOLsOQIR/zwAP3smrVCrvx2DAMgsEgq1atYNGiBZxzznkFdug444x6XH99Z3Jzc7nsskZ2iC98comIiIiISEmWmrqckSOHA/m7L1uN0U8++TT1659LrVq1Wb16FYsXL2L8+DHs2rUT0zTx+/04HA58Pi9jxozE5XJRp07diObo3NxcpkyZzO+/L8Q0TRwOJ36/zy7AJyeX4dxzz6NXrwepXLlKsTy/iIiIiPx9RwvxhTdb1KpVh+bNrwIONYUUxqq5NmzYhHnz5pKWti2iXmvVb8uVK0+9evUBIhpJrPd//PF7Fi78zf6MpUuX5sYbu0Rs8iYiIiIicroxTZOdO9OZOXM6fr/fXn/37v0QjRo1jdgQ2eVykZSUxJ49Gfh8+TVdh8OB3++nWrXqvPvuRyQlJR91fS8iIiIi/37hIb7evXuyadNG3G43Gzas56mnHuXVV9+iatVqJ7yual2vU6eb2LZtG199Ndp+L7y+bPXq+nxekpKSeeKJp0lOLnPCPoeISEmh1IKIiBSJ8BDfgw/eC4DT6WT79m2MHDmcLVs2AZCYmAjkT/I4nNVg7HZH8/bb71KnTl0CgQCmadoL/GAwyPDhw1i/fl2hXzTq1TuLxx9/ig4dOtqfS40eIiIiIlLSWZNRFi9eyPbtaQD27sv//e//6NDhOmrVqg3kr4lvueU2XnrpNaKjYwDsBm3I3325c+ebC0w4yczch9frsX/2+bz2DnoNGlzGPff05tFHn1KIT0RERKQEOtYkPsD+c/v2bbz00rNs2bIZp9N5zB2cL720ITfcUHB6nzVhb+fOdG6++Xp++WUOGRm77HVpbm4ukydP4s03XwXA5XJhmiYXXHARVapUta8hIiIiInK6saaczJw5nezsbFwul908Xbt2HSB/rez3++0JfP37P8H8+b9gmiZOp/OoIb6DBw8Wz4OJiIiIyD9ihfjuuy8/xOdyufD5fDgcDjZv3sRTTz16UibzGYZh9yw89NCjdOrU2X4vGAzatedQKEQgEKBSpcoMGvQB1apVP2GfQUSkJNEWOiIiUiRM02T16pX2JD6Xy0UgECAUCrFp0wZ7Eb9mzWr7/cI4nU4CgQBxcfE8++zL9O37KGlpW+0wn9U4kpq6jNq160TsHGL9vVSp0hGfS0RERESkpHM4HOzbt4+vvx6Hz+fF4XAQCATo1OkmmjS5vMDuywCjRn1BXl7uEXdfDj8WoGLFSvTr9yw33XQrmzZtJD19O+XKlScpKZlLLrm0uB5dRERERP6h453EZ/2Zl5f3/xPyBnH//Q9TuXKVI+7gbAX3brihC/v37+ezzz6J2JwtGAz+/4Zvabz88nNUq1adCy64iAMH9rN37x5++WUOANHR0eTl5ZGQUIprr72esmXLFc0vR0RERETkX8jqc0hL2wbkT14BiIuLp3btugAR9d3+/Z9k9uxZdojP6/VG1IKtdTnA+PFj2bdvLz173huxEYeIiIiIlAyzZs1k8+aNds9AKBQiFApFhPlOxmQ+q+fA6XTSp8/jVK1anUWLFjB//ly7Fly7dl3OOec8brnlNipVqnxC7isiUhIpyCciIkUmNjaWMmVS2LNnt/0FIbwZxDAMNmxYx+LFi7jookuOeB2rqaRKlap06tSZjz4agseTB2Bf99df59Gx4/URXzK0O7OIiIiInMrWrfuTffv24nK57MaNqlWrAYXtvvwks2f/iGmaOBxOfD5vgd2XrWP37NlNmTIp9o58tWvXsXd1Dncii/wiIiIiUjSOFuIzTdOe9AHYjR+GYeDxeFi48Dfefffto4b5rGuYpkmPHvcA8Nlnn9jXNU3TDvYdPHiAFSuWs2LFcuBQPdfliiIvL7/++8gjT3DppQ1P7i9FRERERKSEOHBgP3Bo7ZydncXixYto3rzFEWvBh4f4IH9dvm/fPsaN+5IvvviUqlWr0aPHPQrxiYiIiJRAHTtez4EDB/jkk/cjNmqzJuOdrDBfIBDA6XTi8eThdkfTqVNnWrVqS1raVvbv34/X6+H88y/E7Xbjdkf/4/uJiJRk+rYtIiJFIhAIUK1aDd599yNq164b8QXBEgwG2bNnN3Pnzo547UicTieXXdaQhIQE+8uEdU2PJ++Ejv4WEREREfm327RpI8FgEL/fb++sbDVi5OXl2TsqHyvEZ+2+HAgE+OyzT7jrrm7s27c3Yr0NFFhvK8QnIiIiUrIcK8RnbQ5x4YX5m65Z60ygQJgvLW0bhmEUWpO1wnoAPXrcQ69eDxIfnxAR8rPqu6ZpYpqm/XcAn8+L0+mkf//nadmyNVBwLSoiIiIicjqx+igCgUP9FNaklV9+mWPXgp9++vGj1oKtdfr69esYOvQDvvjiUyB/7W+FBEVERESk5LDWd7fd1t3emCG8lnp4mG/r1i1HrOv+FX6/H4fDwe7du/nww/dYunQJAAkJCdSrV5/LLmvE5Zc3p1Sp0grxiYigIJ+IiBQRh8NBMBikSpWqvPjifwsN81mNGePGjWbSpK/t1470JSEYDFKtWg2aNbuqwHuBQFDNHCIiIiJyWrGmlFgN0X6/n/nz5wIQHZ1fDD9WiM86P7/A/i5Dh36I1+u1C/7hFNwTERERKbmON8TXp8/jDBz4Hjff3NU+7++E+axpfgC33HIbjzzyBA0bNrY3kDh80wjr+OjoGOrWPZMXXniV1q3bAZoELSIiIiJirckvuOBCgIj19MyZ0xk27COee+5pfv75p6OG+BwOB36/n/Hjx9g9Gi6Xiz17dnPgwIHieTgRERER+dusPl2A22+/84hhPqfTecLCfH6/H6fTye7du+nZ8zbGjRvN5MmTWLky9YQ8k4jIqUhBPhERKTJWQ3HVqtUKDfOFQiF7Z7g333yVGTOmAvlF58Im81nFaY8nzz7fEhsbe1KfRURERESkqB2+Jj48XJeSkgKAaTrsxo3FixexaNECAAYM6HvUEJ/VrL1hwzqGDHmHL78cAcD+/ZksW7b0ZD+eiIiIiBQhK8T3/PP9jxLie4xOnTpjGAY33ngzXbr88zCftaa9+uo23H//wzzxxNPUrFmL0qUTCQaD9n+maVK5chV69Libp54awOWXNwcU4hMRERERCVelSlXgUK3YWud/+unH/PDDDEzTxOk8cojPauIuX74CkB/i8/l89qQWERERESl5TNO014dHCvNZ68F/GuYLD/H16tWDPXt2A/mbS0yY8BXLl6vPQESkMM7i/gAiInJ6OTzMN2BAX9avX2t/UbCaQILBIG+88QqBQIC2bTvYjSGWUChEKBTCNE1ycnKAQ4G/uLg42rUreI6IiIiISEllNTMDzJnzE2eddQ4pKSkRk1SsIJ/P57XX17t27WTixPF8/vlQ/vhj8VF3X3Y6nQSDQZYtW8r3308DwOWKwufz2htuiIiIiMipY/LkicycOR0Ap9NJKBSKmMTXqVNnIL8WW7ZsObp0uRWA0aNHRDT+Hh7mu//+h6lcuUqhoTtrnWoYBlWrVqNq1Wo0btyUPXt2k5q63L5epUqVOOusc4iPj7fPVYhPRERERCTSlVe25NJLv2HBgvn2Wjp8I2XDMPB682vB77zzfkSIDw71b6SlbQMONXTXrFmbMmVSiu25REREROSfcTgc9tru9tvvBGDo0A8jBm9YmzdYYb5XX32LqlWrHXcd9vAQX3r69og687Rp3+FyuTjjjHq43e6T+rwiIiWNEg4iIlJkrN06jmcyn2ma5OXl8corzzN27Jf21L1wpmkye/YsfvhhBoB9fqVKlalWrUbRPJSIiIiISBGwQnxjx35Jv36P06fPfWRk7MLhcNjN1vXqnU39+ufYx1p/zp79Y4EQX9Wq1QrsvmydU7p0afvvPp8XgJiYmCJ9XhERERE5+WrXrkv79tcSHR2Nz+crNMQXXrctUyaFLl1u/ceT+cKbQEKhEKVLJ1KrVh2uvfY/XHddJzp2vJ4GDRoSHx8fMZVaIT4REREROV2Er4MLe91aZweDQS6++BKio6Pttbm1KTLkr9kTE5MYNmwkKSll8Xq9di3YulZ2djY7d6bb5wYCAerWPUPN1iIiIiIlnLURGxx5Mt/hYb7jncx3pBBfeM3Y7XZz4403a10pIlIIBflEROSEOXzxHgwG7eYPONRoYS3WA4HAUcN8VgF58OD/8frrrzB58iRyc3PxeDzs3buHqVMn88wzfQGIioqyr9u9+11Ur16jCJ5YRERERKTozJo1k8GD/wfA5s0beeyxh8jI2GXvapeQkECdOnULNDuHNzxbk/jef39ogRCfdV56ejqmaWIYBqZpUqpUKRITk4rwSUVERESkKJx11tl06nQTLVu2sV97+OEnIkJ8VtOF5USF+SzHCucdfn8RERERkVNV+LrZNE32789kw4b1zJ79IwsX/kpa2jaysrIA7HW2aZpcf31n6tc/127CPrwmnJ2dxYQJ44D8vorwewB89NEQFi9eZH+GSpUq06FDxwKfSURERERKHqtPF05cmO9oIT6n04nP5yM+PoGPPx5OzZq1iuQ5RURKGiNUTN+4MzIOFsdtRUTkJLBGafv9frKzs5gxYxrbtm1h06ZN5ObmUK5cec4440zOOec8LrrokohzrcbhrVu3MGBAX9avXxvxRSH8i4RpmlSpUhW3O5pAIMCGDeuAQ0VqlyuKJ57oR5s27SM+l4iIiIjIqWDgwDfthgtrsl7ZsuX49NORlC6dCMC+fft4/PGHWLNmVcS62lobx8bG8corb9jrcqs52/ozEAgwYEBf5sz5yV5nN2lyOf/97/+K4YlFREREpCj8+edqRo78nAsvvJjrrrsBKDzEF27Pnt2MGTOSL78cAUTu7hwKhXC73TRocBn33/8wlStXUa1WREREROQowtffq1evYsWKZYwZM4qDBw+SlZXfY1eqVCkqVapM16530KzZlcChfosDB/bTq1cPtmzZHLE2h0NhvDZt2tOqVRvq1Tsb0zTYsmUzEyZ8xdSpkwFwuVz4fD6uvroNDz/8BAkJCUX5KxARERGRkyh8g9/hw4cxdOiHEYM34FCvbvXqNXj11beoWrVagbru8Yb4hgz5RCE+ESkRypYtnu++CvKJiMg/YhWU09K28eOPM5k5cxobNqwv9NjExCTOPLMeDz74COXLV8TtdhMKhexF/JHCfFYDsWEYEQVnS3x8AjVq1ODWW7vTtOkVgEJ8IiIiIlKyHd44nZeXx3339WDt2j/tQngoFKJhw8Y8/PATVKpU2V5bf//9NIYO/ZCdO9MjJl5b2rbtwBVXXGmvncP973+vMWHCV/bPyclleOCBh2nZsrXW2CIiIiKnsMzMTBITE4Fjh/gse/bsZvTokYwerTCfiIiIiMjfFb7+njFjGuPGjWLjxg14PB67FhwVFYXH4yEuLp7+/Z+PqO1aTdmbNm2kX7/H2Lp1i30eENFnkZBQipiYGEzTxOv1snfvHgDcbjcej4fq1Wvw+usDqVSpchH/FkRERETkZPunYT6F+ETkVKQgn4iIlDhWQfnPP1fz5pv/ZdOmjeTm5kQ0eYRCIXtxb036qFKlKv/5zw00b96CcuXKH1eYz+JyuahSpSotWrRi06aNuN3RtGhxNRUqVKRKlar2PdUQIiIiIiIlVXjjxuzZs6hVqzZVq1bjyScfZt68ufa6un37a+nbd0CB8zMzMxk1ajhTpnzL/v2ZGIZhr4+tho3q1Wty0UUX06pVW9zuaDZsWMevv85j5szpALhcUfh8Xho3bkrfvs+QlJRURE8vIiIiIkXp8FrqX62tajKfiIiIiMjfF14LHj9+DIMG/c9eT1tra4fDgd/vJy4uju7de9KxYydiYmIirmOts7du3cJTTz3G5s0b7TqydX3r7+HXt/o0/H4/SUnJDB78IdWr1yi6X4CIiIiIFKnjCfNZ68/wMJ/P58PlcrF7dwa9evVUiE9EThkK8omISIliFXlTU5fx9NNPsHfvnogGYatQfPif1rlJSclcddXV3HDDTVSpUpVQKGQXoY8U5rNCgfHx8Tz+eD+aN29R4HOpEURERERESrLwxoovvxzBkCHvUK/eWbz++kDmzv2Z119/GYALLriIt99+D6fTWejElF27djJ8+KfMnv0jmZn7It63CvGhUIi4uDgCgSDBYACv1wtAVFQUXq+XihUr8b//vWtvmCEiIiIiUhhN5hMRERER+evC18Xjxo1m0KC3gEObrB2uY8frufXWblSsWOmo1ztw4AB9+z7CypWp9lS+8DU6YNeHrV6M6tVr8vLLryvEJyIiInIaCO8vOJ7JfC+++Bo1a9YiI2MX9913l0J8InJKUZBPRERKDKsAvHr1Sh56qBc5OTkFisnWrm2AvcAPD/QFg0Hi4xNo1uxKunXrYRebrR0/jhbmA4iNjeXxx/vRsmXriM8kIiIiIlJSha9px4wZybvvDrTfq127Ll27dmPixPEsXbqETp1uok+fxwoN8VnXycjYxddfj2PGjKns2rXTPu7wzTasDTWsawUCAZKSkhk06ANq1KhZZM8vIiIiIiWXwnwiIiIiIn/P5MmTeO21lwCIjo4mLy8PgI4dO1GjRg0Mw2TPnt1cdlkjzj//QiBykko4a1JKbm4uo0YN57ff5rNq1Qr7fWsKn1Ufrly5Kueeex533nn3EQOCIiIiInLq+Sthvlq1avPII315+eVn2bFDIT4RObUoyCciIiXKpk0bGTDgSTZt2ojb7cbj8QDQsmVr6tY9g3PPPZ/Nmzfy+++LmD37R3w+H4AdyrMahkuXLs011/yHm266lcTERODQl4Qjhfmsc+Pi4njssacU5hMRERGRU8rYsV8yePD/AOwieCgUolq16hiGyebNG7nzzru544678Pv9OJ3OAtew1sb79u1j9uwfmDTpa9aty19XW8G9QCAQEe4LhUK4XC5q1KjFc8+9TLVq1Yv0uUVERESkZFOYT0RERETkr1m0aAGvvfYS6ek7iIqKwuvN3zz5xRf/yxVXXFlgc7ZweXl57Nq1EwgRFRVNhQoVIt73+/1kZOxi1qyZLFq0kHXr/iQYDJKXl0vNmrWoU+cMrr32P1SpUo2EhOJpXBQRERGR4hO+OcSRwnwOh8PuSfD7/bhcLvtnhfhE5FSgIJ+IiJQY2dlZvP/+u3z33SRCoRCBQACAbt16cOeddwNETAWZOnUys2b9wPz5c4FDDRxWIK9cufI88siTNGlyuf3lQGE+ERERETkd7dmzm+eee5ply/6w18SHQnZRmKaBx+OhXbtreOqpZ47rmj6fjz17dvPuuwP544/F7N+fWehxtWrV4bLLGnH99Z0LNH2IiIiIiByPY4X54uLiOPvs8+jT5zGqVq1WnB9VRERERKTYhEIh8vLyGDTof0ybNplgMGivm19//W0aNWpqH3v4Zm6LFi3gp59+4LfffiUzcx8eTx6xsbG0b9+Rq69uQ716ZxW4n8/nIzc3h0AggMfjITExiejo6JP/oCIiIiLyr3Y8YT7AnugMKMQnIqcUBflERORfzwrJbdmyib59H2Xr1i32Av0//7mBRx55MuJYa9IHwMqVqXz77SQmT54IFAzz1a17Jh98MIyoqCj7GgrziYiIiMjpKDV1OaNGDee33+bh9XojwnzWRL3SpUvz0kuvc8EFF/2lay9d+gerV69g2bI/2Lt3D6EQVK1ajcqVq9CmTXs1cIiIiIjIP3akMJ/V4AEwcOAQLr64QXF+TBERERGRYrV27Z/cd18P8vLy7NceffRJrrvuBrvnITzEl5q6nHnz5vDFF5/ax4dP8QO49NJGXH/9jTRpcjlwqOfC+hOI6LdQb4WIiIiIHCvMZ60Z8zcfdinEJyKnlOIK8jmPfYiIiJzqwhfiR2MtzMeMGcXWrVswTRPDMIiPj+fKK1sChxbthmHgcDjsn+vXP4f4+Hjc7ijGjx9LIBCwC8UOh4O1a9cwZsxIbrvtDvt+VkG5atVqvPjifwuE+axG5uzsbN5881UAWrZsrYKziIiIiJRI1hr2nHPOpWvXbgSDARYu/M0O81nHAGRlZfHrr/OoU+cM4uPjj3lta81//vkXcP75F3DDDV0IhUL4/X4F90RERETkhCpTJoUuXW4FYPToEQQCAdxuNx6PB4C+fQcoxCciIiIipy0rVDdt2nfk5eXhcrnw+/1UrFiJCy+8JKKXwgrxDRv2EfPnz2X16lX264FAwN4ow+qtWLBgPoYBVapUpXr1GnbPhHU9IKKPQj0VIiIiIuJwOOx+gttvvxMgIsynEJ+IyIlnHvsQERE5VU2ePJG0tG32jsjHIxAIsH17WsTPsbFxnHXW2UDBQm/4z9Wq1eCaa/5Dq1ZtgPwCtTW5D2Dduj8L3O/wMF/t2nUL7PYRHuabOXO6fd9iGjorIiIiInJMx1p/169/DrffficNGlxGVFRUxBrYNE0CgQBffTWaefPmHtf9Dt+4wzRNnE5nRIhP62cREREROVGsMF+XLl0B7BBfv37P0r79tYDWnyIiIiJyerJCdTt2bAfA7/fbfRNlyqTgcDgwDIOcnGxWrVrBE0/04dNPP7ZDfC6Xi0AgAGA3VsOhGvBvv83nxx+/t98XERERkVOHVVM90bXV8B7i22+/kx497rEHbhiGoRCfiMgJpiCfiMhp6vPPh/Laay/z9NNPsGPHdrsZ+GiCwSDp6TtYuvQP4NCXAb/fj9frOa771q5dhzZtOlCrVh27qGwVj+fO/ZlNmzYW+JLxV8J8Awe+wdSpkwEVpUVERETk38nacRnghx9mMHv2LKDgZhRHCvOFQiEcDgcej4c33niFuXN//sufobC1stbPIiIiInIilSmTws03d+WGG7oA8OST/WnbtgNwaBq1iIiIiMjpytrswjAMTNNkz549fPLJB2zbtpW1a//kww/f4+WXn2P+/F8wTdPenM3n89k14uTkMnYIMBgM2mG+H374nr1792jzDBEREZES7vD1nFVTPRm11fAe4vAwn2ma+Hw+EhJKKcQnInKCOIv7A4iISNH7/POhfPLJBwCsX7+W/v2f5KWXXqNixUr2iOzCmKaJ2x39/7tvOOwG5EAgQEZGBqVKlT7q+VZzRoMGl3HFFc3ZsGGd/Z7D4cDv90cE9A6/d3iYb8CAvqxfv9be9SN/dHcU+/fv55NPPuCKK5oTGxunZhARERER+VcJD/GNGvUF778/iLPPPpeoKBeNGjW1g3rWOtYK8wEsXPgbXq/XXhs7nU7y8nJ5/vn+PP/8KzRu3LTYnktEREREpDDJyWW49dZutG7dlnr16gMK8YmIiIjI6c1aD8fERAOHGqZ9Pi8TJoxj+vQp5Obm2E3UpmliGAaBQMCektKtWw/OPvtcLrnkUkaPHsFnn32Cz+ez38/JyY7YVFlERERESp7w3oLt29PYvj2NxYsXARAbG0vjxk0pUyaF0qUTgRNTd3U4HHYP8O2334lpmnz44XvExyfw3nsfK8QnInKCGKFi2nonI+NgcdxWROS099lnnzB06IcAOJ1Oe2e2M86od1xhvj17dtOly/Xk5eVGTAz5z39u4JFHngSO/oXA+nKRnZ1Fr1492LRpI3AoyPfhh59Sv/45R/z81vlbt26JCPM5HA58Ph+lSpVi8OCPqFWr9t/+HYmIiIiInAzhhfbRo0fw3nvvAOByRVG//tnccsvtdhjv8DX1ypWpDB8+LCLMZ+267Pf7iY6OUZhPRERERP71wtfEIiIiIiKns4ULf6Nfv8fJy8v9/82Ug3YPRigUwul02r0bfr+fuLg46tWrz4033kyTJpdH1JCfffYpfvxxpn1+6dKJfPLJF1SoUKGYn1JERERE/o7wOuq0ad8xceJ4/vxzNT6fzz4mPj6Biy66mPbtO57wPoHwHuLRo0dw2WWNFeITkVNS2bIJxXJf/UuZiMhpZP36dXaIz+VyEQgECIVCmKbJn3+upn//J9mxY7u9q8bh8hfnTsqUKQPkj+e2vizMnDmDGTOm2a8fKSduTQ9xuaJwu6Pt4/x+v32Po2XMD5/MV7t2XYLBoD26+913P1aIT0RERET+lay182effRIR4vP5vCxfvpRRo4Yzb95coOCa2prM16DBZURFRdlNHYFAwJ7M9+yz/ezzRUREROT0Zk3isBTTvp4FKMQnIiIiIpKvVq3aXHllC1yuKAKBQESIzzRNu4fC7/dTrlx5eva8l0ceeYImTS63rxEKhf6/XyL/WGsKX82atUhKSiyOxxIRERGRf8haDwKMGzeal19+jhUrluPz+XC5XBiGgcvlIivrIHPmzOappx5l4sSvTuhnCO8h7tKlq0J8IiInmP61TETkNFK7dh369XuW+PgEfD6fvTvb8Yb5HA4HiYmJNGzYGMhvBrEaQA4ePMCUKd/Yo7uPFeaLiooiIeFQit0wDGrVqkPNmrWPOd47PMz30kuvUa5ceaKjozW6W0RERET+9fbt28fYsV8C4Ha78ft99vpWYT4RERER+aes9WN4YM7v9x+z5ioiIiIiIkWrTJkUrrnmOho1akx0dPT/b4jsAg5tzJGSUpYmTS7nvfc+5oYbulCtWg3g0LrfMAzS0raRnr7Dfj0UClG7dl3c7uiifygRERER+cesWu4330xg0KC3gPx6r2EY+P1+QqGQXfM1DINgMMhbb73GF198ekI/hzWRT0RETjxncX8AEREpGtao7bZtO2CaJm+99Rq5uTmYphmxq9uff67m6aef4KWXXqNSpcoRI7JDoRCGYXDuuRfw3Xff4PV6AewvA7//vpCEhFI4nU7OO+8C+/XCdlneunUL6ek77C8YgUCA5ORk3G73cT2P1excpUpVBg36AIDKlaucoN+WiIiIiMjJkZSUxNtvv8fzzz/N1q1bcDqdBAKBAmE+gMaNm9phPqtYb4X5ABYu/A2v14tpmgXCfM8//wqNGzcttucUERERkaJn1WK3b09j6dIl/PTTDxw4cACPJ48zz6xPo0ZNaNLkcrvee6TarYiIiIiI/H1HWmdbdd7weu+5555PTEwsZ555FuPGjSYvLxfID/A1btyUpk2bcdFFF+N2R0dcN3xKyxdffMratWvs12vVqk2nTp0j7ikiIiIiJUtq6jK++OIzAFyuKHw+b8RaMnyas9PpxO/389FHQwgEAnTv3rN4P7yIiByTETrSuKSTLCPjYHHcVkTktBZe2J0+fUqBMB8cCuXVrXtmoWE+gEAgwEMP9WLp0iX2udZ5AE2bXsG11/6HRo2a2scbhhFRrB47dhSDB79t/1y6dGmef/5VLr64wV8qJqvZRERERERKorVr1zBgQF/S0rbZYb7wjTDOOec8brnldpo0uRwo2HCxatUKhg8fxoIFv9phvlAohMPhwO/3Ex0dw3PPvWyfLyIiIiKnNmsduXr1St5441XS0raSnZ2Nw+EgEAjYx7Vt24ErrmhO06bNIs4TEREREZG/L7x+6/f72b07gzVrVrF7dwaxsXHUrl2H5OQUUlJSgPx1uNWAbTlwYD8HDx4kEAgQGxtnHwvYPRuHr98HDnyD8ePHAvkTUxwOB9dddwM9e95LTExMUTy6iIiIiJxA1rpy7NhRvP/+YCB/fQkQExNLIODH7/cTDAbt9SFg9wkA9Ohxj8J8IiLHqWzZhGK5r4J8IiKnmX8a5rP+3LBhHf36PUFa2tZCw3x1657J1Ve34eabuxb4DNOnT+Gll54FwOl0EgwGadLkCvr0eYxy5coX0W9CRERERKR4hYf5rCL7iQzzxccn0Ldvf5o1u6q4HlFEREREioC1TkxNXcYjjzxAbm5ORFNw+BoRoE6durRtew2dO98MKMwnIiIiIvJPhK+nFy1awLx5c5g+fQoHDhywj3G5XJxzznm0atWWDh062q+H91mEr8mt130+Hy6Xq8A9s7OzeP/9wUya9DUAUVFReL1ezjrrbF588b+UL1/hZD2uiIiIiJxgh/cBeDwe7rnnDtavX2u/9sADj1CnTl0Atm3bymeffUJGxi4A+1yF+URE/joF+UREpMj83TBf+Hkej4epUyfz+edD2b07o9AwH0DDho0566yzufDCi1m/fi1btmxmwoSvAHC73Xg8HhITk3jmmRdo0KBhEf8mRERERESK18mazOd2u8nLyyMlpSwjR35FbGxscT2iiIiIiBSB9evX8cgj97N37x57XQlE1HvDa7cpKWW57rpOdOvWA1CYT0RERETk7whfR3/77USGDfuIzMx9+P1+XC4Xfr8fp9OJz+ezz7n99ju5665ex7x2eC34yy9HEAwGuPjiS1m27A9+/30B8+bNBQ71XZQtW46BA4dQrVr1k/CkIiIiInIyhK8nd+/OICWlLAA333w927ZtBeDVV9+iadMrIs5LS9vGwIFvsGzZH+Tk5CjMJyLyNynIJyIiReqfTuYD2LdvLxMnjmfixK/Yu3dvRJgP8gvL1rVM04wI+LlcUfh8XgCee+4VWrS4usieXURERETkZCmsAfrw8N3hTnSYz9p9OTExiYEDh1C7dp2T87AiIiIiUuxCoRC5ubkMHPgGU6dOtuuuVq3WmsZnTX8G7DptYmISnTp1tps5FOYTERERETl+4evnsWNHMXjw28ChTTQOb8kzTdPecKNz55vp1etBnE7nMe8zYcJXDB8+jN27M3A6nXZjNuRP+vP5fJQuncjgwR9Ss2atE/V4IiIiInKSha8nx4wZybx5c+nc+RYaN25K587XkZ6+nRYtWjFgwAv2GjO8j2DXrp18/vlQfv75JzIz9ynMJyLyNxRXkE//GicicpoKD9a1bt2ORx99kpiY2IiGjlAohGmarF27hv79n2T79jQcDoddXE5KSqZDh47cdFNXypUrH/HFwmouNgzDfs0wDDsE6PN5cbmi6N//eTvEV0zZchERERGREyJ8PTx//i+sXJkKcNQQH0Ddumfy4ov/pXLlKvj9frvp2lqzp6YuY9So4fzyyxz7euFr57POOpvbb7+TSy9tSGxsLF6vl1KlSjFo0AcK8YmIiIic4gzDwO/3sWzZUgB787Ty5StQo0ZN4uLicbmiItaP1po1M3MfX389js8++8R+PXwzNhERERERKZxVvwWYOPErO8QXFZW/9g4Gg/bGGodvsgEwduyXvP/+oIhQXmFWrEhl9uwf2b07w76vw+Gwa84+n48qVary3nsfK8QnIiIiUoIcHuJ7992BLF68iJEjP2fWrB+oUqUKAOXKlcPhcGCapr0GtNaX5cqVp0ePe2jR4moSE5PsGnAgELA3jBg69EO7/isiIv8eCvKJiJzG/kmYzyooly1bjg4druWBBx6mZs1adsgvPMhn/WyFAKOjo6lVqzbPPfcyrVu3izheRERERKQkCi+0jxo1nCee6MOYMaP488/Vx3V+eJgvEAj8rTBft249OOOMeiQnl2Hw4I/UuCEiIiJyijp8Q7SFCxeQlrbV/rlr1+4MGvQhn38+mk8/HcmDDz5CvXpnRYT0rLXrvn17FeYTEREREfmLrN6GOXN+4v33BwPgdrvxevM31mjW7CquueY6KleuYq/frXDf8Yb5cnNz+eabr/n994UYhkFUVFREQDA5OZnLL2/Om28Oonr1Gif1eUVERETkxLLqs6NHj+DddwcC+WvMFSuWM23aZPbu3QtAXFw8QIE1o9UvkJxchttuu6NAmC8YDCrMJyLyL2aEimn8UUbGweK4rYiIFCK86Xj69Cm89dZr5Obm2M3DgD2Su27dM3nppdeoVKkyfr/fXuwDZGVlMWjQW6xbt5a1a9cUeq/y5SvQseP1XHppI848sx6gEJ+IiIiIlGzh6+nRo0fw3nvv2O+1atWGzp1vtde+x7J27RoGDOhLWto2HA6HvcmGdY9zzjmPW265nSZNLgcKrqXXrFlNYmIi5ctXOIFPKCIiIiL/Fta6MC1tG0lJycTGxjJ16mReeeV5AG64oQsPPfRogXN27NjO66+/zOLFi+y1q/UeQGJiEp06daZ7954R9xERERERkcLt2LGdt99+nd9+m49pmnZz9UsvvU6zZlcCsH9/Jh9//D6//DLHnqoH2JsgA3TufDO9ej0Y0XsBsGvXTt57byA//jizwL0vvrgBLVu2pkmTK0hKSjpZjygiIiIiJ9Hs2bPo3/8JAJxOJ8Fg0K7LxsTEkp2dxUUXXcJbbw0usFa0WP0Ce/bs5osvPuWHH74nM3Of3UMQPrSjR4977PqviIjkK1s2oVjuqyCfiIgAfz/MFwgE7CKz1Wi8b99eFiz4lW3btrJ69SqSkpJITi5DrVq1ueyyxhGFZIX4RERERORU8cUXn/LRR0MAiIqKsndf/qthvlWrVvDMM/1IT99ur8ePFeYDtK4WEREROcVZ68GlS//g/vvvonnzFvTu3YcVK5bz3HP9iI9P4JVX3uDCCy8uNIjn9/vp1+8x5s//RWE+EREREZG/yarXLljwK08//Th5eXn2RJSnnnqGdu2uAQ6tpwOBAJ9++jGjR4/A6/Xa9dzjCfMBpKYuZ+fOdLZvT6NcuXIkJ5ehQYPLiu6BRUREROSkyMnJoX//J1m48NcCfQHW+rJSpcq88MJ/OfPMekes1x4tzGcYRsSmE3fffR+33XZHUT+qiMi/loJ8IiJyUoUH5qwF/eEhun8a5jveUJ4aQERERETkVLNlyyb69OlNRsYuXC4XgUAAwzDsRoy/GuabOXM6Awe+wf79++019l+ZzCciIiIipxZrHbh8+VL69LnP3jSibdsONG7clOeee5qEhFKMGjWehISC/+ho1XABnniij8J8IiIiIiJ/UygUwufz0bfvoyxc+Ku94XGpUqUYPPgjatasBeRvpGEF85566lHmzv0ZwG7KNk0zoobcufPN3H13b6Kiouxab1ZWFvHx8Uf8HKoJi4iIiJRM1loxLy+PZ57pa9drw2Md1t/btu1Av37PApF13nB/ZTJfr14Pcsstt53sRxQRKRGKK8inf3kTETlNhBdws7OzAfD5fAWOsxo2Wrdux6OPPklMTKy9wwdgF5TXrl1D//5Psn17ml2YLqxIbF3POhdQ44eIiIiIlBh+v99ukrYK2wCH74uUklKWe+99gDp16trr7FAoZBfRZ8yYxtixI1mzZvVx3fe88y7g3HMvAA41dlhN1MFgkNTUZYwZM5LZs3+0jxERERGRU5dpmixZ8jv33383Xq8Xt9sNwNSpkxkzZhTR0TEcOLCf7dvTCj0/vFHj9dcH0qhRk4jarVWzzczcx/jxY/nss0/s18OPExERERE53RmGgcvlIjNzH3Bo8wun04XL5QLyezGsEF///k/YIT6AmJgY+7xgMGjXkMeO/ZIhQ95hx47tAHzzzQTeeONlNm/eZB9/+OcQERERkZLJ6XQSCASIjo7m+edfpVGjpgV6cK2a7dSpk/nkkw+AyKnO4ayegjJlUrjttjto0eJqEhOTwgZ45F/L7XZz2WWNTvbjiYjIMWgin4jIKczaZSMzM5P09B1MmvQ1+/btYdu2bSQmJhIbG8fVV7emfPkKnHfeBfZ54TvD/ZXJfNqdWUREREROJX6/n8mTJ7JgwW88/ng/kpKS8Pv9mKZpr3v3788kIaEUpmmSk5PDvHlzGD58GBs3brCP+buT+WbP/pH+/Z+0G0OsQKG1Lg+FQlx2WSNeeOG/xMbGnqTfgoiIiIj8G3g8ebz44rPMnv0jTqfTbuK1/jRNE5fLxbPPvsTllzc/4s7M4bXfo03mS0pK5vrrb7Qn8x3peiIiIiIip5tQKERm5j5uvvl6srOzIza/6N37Ibp06Wof27//k/ZmbABdunQlLi6OCRO+Yu/ePXajtmmadg25fv1ziImJYcOG9ezbt5d69c7ixRdfp0KFCkX4lCIiIiJSFKy6a25uLs8+24/58+cW2qdrGAY9etxDt249Is473JEm8wEkJJTivfc+tidIi4hI8U3kcxbLXUVE5KSzQnXr1q1l6NAPWbfuT9LTd9jvb96c/+eCBfOJjo6hY8frad/+GipXrorT6bQbOlq3bgdQIMx3+GQ+K8ynhg4RERERORUEAgFmzJjKd999y+rVK9mwYT0ffDCMxMREuylj+PBh/PrrPB555Elq1apNbGwsjRtfbr9nhfmsyXz515wGEBHms4rph9+/Tp0zKF06EY8njwoVKrJp00ZM08ThcODz+YiJiaV37z4K8YmIiIicBtzuaO68824Mw+Cnn34A8pt9w9eRHo+HL774jAYNGhIdHV3oOjO89vv66wMLhPmsJuR9+/YyadLXBAIBevS4RzVfEREREZH/FwqFcDpdJCSUIicnh2AwiNPppHLlKiQnp9jHPfvsUxEhvq5du3PPPb3Jy8tjx47tTJnyrb3+tibzBQIBVq5MBQ6t99evX8+6dWsU5BMRERE5BVlrwJiYGJ5//pUCYT6rTzcYDDJs2EcAdOvWwz7v8Lrt4ZP5TNNk/PixREVFKcQnIvIvorFJIiKnICvEl5q6nKeeeoy5c2eTnr7DnhxiFXwdDgfBYJDs7CxGjRrOm2/+l8mTJ+HxeHA6nfh8PgBat27Ho48+SUxMbMT47sPDfNu3p9nXFBEREREpyXbuTGfKlPwQn8vlIi1tK7163cmBA/sxTZNRo77g44/fZ/nypQwb9hHr168jGAwSGxtLkyZXcPvtd1KzZi17bWyF+QBmzJjG2LEj+fPP1cChYno4h8NBqVKlcTgcJCSUonfvPjRu3JRgMIjP5yM+PoEPP/xUhXYRERGR00itWrXp2fNeLr+8OYBdqw1v6Fi/fi2jRg3H5/MVus6EQ2E+gNdfH0ijRk0iarrW5hG7d2fw5ZdfsG7d2iJ5PhERERGRksA0TRISEjj//AvtdXi1atW5++7etGrVBoA333yVH3+caZ/TpUtX7rmnNwDR0dHce+/9VKhQyZ7CFwqFCAQCdi+H1c8RCoU4++xzOPvsc4v+QUVERETkhCisRgvYNdnDw3yNGjWN6NOFQ5P5hg37iM8/Hxpx3uHCw3y33HI7N910K0OHfqHeAhGRfxEF+URETjFWoXjlylQee+wB0tO343K5AOyd3ILBYEQh2GooXrLkd4YPH8bgwW+Tm5uLy+X6W2E+0zQL/YIgIiIiIlJSVKpUmfLl83c4DgaDuFwutm3byn333cWnn37M++8PAvKbLubM+YkPP3yXvLw8AGJiYo4rzDd69EiWL18KHCq8W/cDWLNmFR6Ph4yMXWRlHeTFF1+jQYOGpKSU1W55IiIiIqep6tVrcM89vSPCfNY0vWAwiNfrZdasmcyYMRW/3/+3wnwOh9Ou7z7yyJPUqVO3CJ5MRERERKRksNbNF110CQkJpahRoxY9e97LFVc0B+Drr8cxc+Z0u6eiVas29Or1AACBQAC/309SUjL/+U8nHA4HhmHgckXZNWJrc2afz0dSUjKPP96PpKTkYnlWEREREfnnQqEQwWCQzMxMdu/OICsrC8Cu61qT9fx+f6FhvlAoZG/28FfDfCkpZbnnnt5Uq1ajyJ5XRESOzVncH0BERE4swzDYvHkTL7/8HNnZ2bjdbjweDwDnnns+5cqVxzAMdu/O4I8/FtuLeGv89q5dO5k5cxq7du3kuedeIjY2zv4i0Lp1OwDeeus1cnNzCozvXrt2DU888TCvvfY/KleuUmy/AxERERGRf8JqlujWrQd//rmaTZs22mG+zZs3MmzYRwBER8eQl5cLwPXXdyY2Nta+hhXmAxg+fBgbN26w189WMf3776eRlXWQ9u070qzZlXah3vrz+++nkZ2dX8TPyckhKiqKV155g6ysLFJSUors9yEiIiIi/y5WmA9gzpyf7PWr1cixadNGvv56HKZpcvXVbXA6nXaNN5wV5nM6nbz++kCeeKIP8+f/QjDoBaBfv2dp27YDQKHni4iIiIicjqz67RVXXMmSJb/TqFFTe6ON/2PvPsOjKrc2jv+nZVIIKQQINYBUpYmAItgbiu2IFUFQUTxiAfXFBoIUFRUbYhdFpYhdpCvSpEjvAaS3AAFSSJv6fsjZDzOEpkKAcP+u61wHZvaUnQ/nrCzW/azMzAzmzZtLTk4Odrsdt9vNhRdeHNYbtlSoUNEMbTdpch47d6axefMm81jFipUYOPBNqlZNORm3KSIiIiL/QOjBa1lZmWzYsJ6ff/6eLVu2sH37NnJzcylXrhy1atWhSZOmXHrpFSQkJAAH+rVWmK937+eYPXumqSWt/qwV5gPo2PF+M38QWmsC5vqDHxcRkZNPQT4RkRImNzeHb74ZxY4d23E4HCbE17Hj/bRr14Ho6Bhz7Vdffc4334xk3759JozncDjIyclh9uyZbN26hdq164ad/Ha4MJ/D4SAQCLBp0wY2bFivIJ+IiIiInLasxnpSUhLnnNOAjRs3mBPwAHPanRXiszaYHDzcfKQwn3WQxuzZf7BzZxrLly/lttvuJBgMsn//fr7/fjTjxo0x11lbtiMjI4mMjCzOH4eIiIiInIIOF+az6sc1a1L59tuvAf5WmK9bt4dZsGCeQnwiIiIicsYKHb6G8HrY+rPf76dUqVL06PG86d0CLF++jJkzp5lrC7fvFQ5mhw5e2+12ypVLxuFw4HA4aNfuHkqXjiM1dSWpqas466yatGjRkuTkCsV12yIiIiLyL4XWkbNnz2TKlF+ZOvU38vPzgQPb89LSdrBt21ZmzJjKqFFf8fjjT1Gv3jkkJCQc9zCfiIicmhTkExEpIawiPSsrm/nz/8Tr9Zrn7rjjbjp3fshc5/V6iYiIoH37TqxencrUqb9hs9lwOBzmdYMGDaZ27brmfa0BkEOF+VyuCLzeA6c0t2p1cTHfvYiIiIjI8RcdHcOdd7Zn6tTfyMnJASgywPziiy/TokVLvF5v2MCG5XBhPjiwFXv9+nWsX7+OKVMm4/N5cbki2LkzDShswFerVp3zz29xIm9VRERERE4BBw8MH+55q2d7IsJ8b731HvPmzaVZs/MBhfhERERE5MwQWvfa7XYKCgoIBoNkZOzDZrNRvnxy2GC0ddCx1RO2nktNXQmAy+UyB8Olpe0IuyYYDAKwatVyAoEAfr+fpUsX06lTZ2rWrMX1199UrPcuIiIiIv9eaG937Nif+fjj99m3by+BQACn04nf7ycQCAAHak+bzcb27dvo27cXbdrcSOvWbahVq7bCfCIiZwAF+URESgirOP/mmxFs27bF/FIQG1uaK664CsD8IhAREQHA6NEjmDr1N6BwWCM0xNe8+QXm+tCG9cFhvrffHkR2dhZA2CnNRxs6ERERERE5lVkN7mrVqtO8eQt+//3XsFOXrWGLoUM/onHjc0lMLGOGnw92pDCf1aAH2L17l9nWB4XDHl6vl/r1GxETE1PkfUVERESkZLHqwB07trNt21YAcnJyqF69OklJ5YiOjgYKa0ir/3oiwnxWiE89XhERERE5E4TWvWvXrmbNmtV8993XZGdnk5a2A5fLRd26Z1OuXHluu+0uKlasSEJCYtggtTUsnZ6eDoDP58Nms+Hz+XjnnTeoW7ceNWrUBDDXLly4wPSZS5eOK+7bFhEREZHjJLSeHD16JIMHvwFg+rR+v7/IhudgMGhmEnJy9vPTT9+Rnr6LW2+9kwYNGv3tMJ/d7qBDh04K8YmInCYU5BMRKWF27kwLK9JjY2OpV+8coPCXAKtQHzXqK4YMeRuAyMhIs77bCvGFnvqxYcN68vPzzPuEhvn8fj8vv9yXZ57ppRCfiIiIiJQYVt08YsSX/P77r2HPWfW20+lk06YNdO36AO+/P5T4+PijhvlsNjtffDGU9ev/wm63myY9EPbf1kEbyckV6dChE2535Im8XRERERE5Saw+7L59+9iwYR1ffz2cjRs3sH37NnOCcmJiInFx8dx2213UrVuPWrXqhB26djzDfKHU4xURERGRki50tmHixHGMGvUVmzZtwuv14HA4sNlseL1eli1bAsC8eXNo3LgJ119/Ey1atCoykB0RUbihz6rFXS4XOTn7efjhB+jZsw9VqqQQGRnJl19+zowZU8111qEdIiIiInJ6CT2od8yYH02ILyIiAo/HAxTOF8THx5Obm0t+fj5+vx8IX6xRUFDAjBnT8Xp9RES4qVOn7jGH+ex2Ox99NASn08ldd7U/CT8FERH5u2xBa0qsmO3enX0yPlZEpMQKBALk5+fTvv1t7N69yxT58fEJvP/+p5QrV95s4jtaiM/i9/v5448ZPP/8/3HLLbfRvXsP81zoLwLbtm2lUqXKRR4XERERETmdzZo1k6ef7g5AVFQ0eXm55jmrOe5wOPD5fFSpUpX33vv0iGE+gIKCfBYtWsjnn3/CihXLTN3udDoJBAJhYb4yZZJ46633qFat+om/WREREREpdtaQxvr1fzFs2FBWrFjGzp1ppkZ0OBzmGr/fT1RUNMnJydxzz31ceeU1Rd5v06aNfPjhEGbMmAocCOIFAgEAateuy6233nHEMJ+IiIiIyJkiNMT37bejePfdt8xQtdPpxO/3h9XUVi/Y8vjjT3LDDTeHHcI2e/ZMXnjhOfLz88IOhPN6vbhcEcTExBAZGUVa2nagcKi7cuUqvPPOhyQlJRXLfYuIiIjI8Tdz5jReeaU/mZkZuN1uCgoKAPjvfx+jdu061K/fkI0bNzB//ly+//4b9u3bi8/nCwvlBQIB3G43rVtfT4cOnShfPhnAbO7Ly8srEuZzOl14vR5KlYrlvfc+oXr1GifzxyAictopWzb2pHyujtIUETnNWY1km82Gw2EnIsId9nx2dhabNm00Ib6RI4++iQ9g3759jBnzI/36vQBAWtoO4MCWEOsXB4CKFSuZ5zT4ISIiIiIlRenScVx66RXY7Xby8nKx2+3UqFHTDFbbbDb8fj9Op5MtWzbz8MP3k5GRYU7GOxS3O5LmzS+gf/9XueSSy4mKigLA5/OZIF98fALnnnse77zzgUJ8IiIiIiWUNTS8atUKnnuuB7///qsJ8UF4/9W6Ni8vlw0b1vPiiz354ouhprdrsTbzXXTRpeZ1cCDQZ23mmzx5Aj6fL2w7tIiIiIjImSR0c8qPP37H228Pwu/343IVzlX4fD6CwSB+vx+/308wGDR1ucPhAODttwfxwQdD2L59m3nfihUrU7ly4SHI1vt7vV4cDgder4eMjH3s2pUGgMsVQTAY5Oyz6xMTE1Ns9y4iIiIix1d6ejoTJowjOzsLh8NhQnwDB75Ju3YdaNq0OZGRkdStW4/27Tvxwgv9uPba64mMjDQ1plWfFhQU8OuvE8xGaOtAicKD3go387Vo0ep/hwUXhvhiY0srxCcicprRRj4RkdOMVbhv2bKZKlWqFnn+//7vcebMmYXNZjMnNZcvn8zQocOZMmUSgwYNBA4f4gsGg+Tn5zF06Md8993XZgC5XLnyfPnl10RHq4EsIiIiImeO1atT+fzzj5k5czrvvPMBLlcEH3wwmGXLloQ11f/uZj7LrFkzWbMmlQUL5hEVFUVSUllatbqEevXOISEhoZjuUkRERESKk3Ug2vLly+je/WHy8/PNYRDWoRGhrJoTCNsCctdd7WnXriPx8fFhh6wdbTNfvXrncOON/6F16zZHrVdFREREREqymTOnM2BAH/bvzw7bnNK27R2UK1eepKSyTJkyiXXr/iItbUeRfjDAxRdfygMPPGwOZfvtt0n06fM8gNmyDeEHI1uvL18+mbfffp9KlSoX962LiIiIyL9k1XcLF87nueeeIicnxxye1q3bU7Rte0dYDRi6EXrr1i1MnDiOr78eQV5erqkbrQPeypRJ4uOPh1G2bDnzeaGb+fr27cnMmdOJjS3NkCEfK8QnIvIPnayNfPrXORGR04hVyC9dupgePbrxwAP/pW3bO4ADvxQkJZUFMAMfDoeDnTvTeOCBe8xJcIcL8dlsNmw2G9HRMWzatMEMHheePOcCtG1PRERERM4sderUpWPH+7nvvi7UqlUbgLvvvofhw78IC/MdvJnvWMN8F17YigsvbMU999xnmvYiIiIiUnJZfdi1a9fwwgvPkJ+fHzYwXLlyFaKjY4iLi2P9+nXs27c3rE9rDWv4/X5GjvyKiAg3nTs/ZLZFOxwOs5kPYMaMqaZmtdvt2Gw2Vq1aQU7Ofs499zwNDIuIiIjIGSs9fTeTJ48nNzcnbHPKK6+8QcuWF5nrmje/gLVrUxk69COWL18GFA5RR0RE4PF4WLNmDWXLljXXX3HF1eTl5TJw4AD8fj9QGNyzDucIBAL4fD4SExN5/fV3VJOLiIiInGJCw3dHYrPZKCgoYNSo4eTk5JgwXlxcPPXrNzLXWELnASpXrsJNN92Cw+Fg+PAvyM/PM4dGOJ1O9uxJZ+zYn+nY8X6zrS90M1+vXv0YOLAfHTverxCfiMhpSEE+EZHTRGiI77HHHsLv97NhwwbzvPXLw80338rUqVPYvz/bnM4BmBCf2+0+bIgv/PMKm8h+v59gMEhycgWio6OL41ZFRERERE4J1iB03bpnh/29RYtWgI3hw4cdMcw3ZMgnJCQkmMFrq+7et28f0dHRuN1u857WdmzrhL5j+YcBERERETn92Gw20tLSeOedQezevQuXy2UGhu+8sz3XXXcDlSpVJiIigr/+Wktq6kreffctcnL2m9dbB7j5/X6GDfuUhIRE2ra93dSVNpvtkGE+a9AYCrf5aWBYREREREqav9Nb3bJlM3PmzArbiP300z1p2fIi0/MtKCggPj6eZs0u4MsvPwcKa3KHw4HH4yElpTrvvPM+MTGl8Pv92Gw27HY7119/M1FR0Ywc+RWbNm0wMxoAiYllqFHjLLp370HVqinH9f5FRERE5J/r3783V199rZmpBY5aW9psNvbu3QNgNupVqFCROnXqHvXzkpLKcvXV15KZmclPP32P1+vBZrOZzc8rViwzyzks1mbn6Oho+vR5SXMFIiKnKQX5REROA9aJGkuXLqZbt67m1LaffvqO88+/gIsuutSc1lGmTBJ16tRlwYJ5ZpjDYp0AAvD++59Sv37DsHXd1mdlZOwjPz/PNKB9Pp9Z0a2hYhEREREpKQ6uba3a2AreORwO4ECAL3QwukWLlgBHDPN17drZbOaDwnrc4/EwfPgwypUrxw03/IeoqCgA81nWdSIiIiJS8lg146JF89mwYT0AXq8XgA4d7uXBBx8Ou75mzVrUrFmLBg0a8cor/UhNXYnP5zNhPqfTic/n47333iYlpRpNmzYPqyUPDvNZIb7nnuvNtddeD6jfKyIiIiIlw4YN66levcYxHZQWDAbx+/38+OO35Obmms0pFStWolGjcwFMn9jtdgPQq9czLFq0wGxC8Xq9VK2awuDBH5CQkGh6yqGuuOJqatWqzaZNG/n110m4XC5KlSpFy5YXUatWXdM3FhEREZGTr0eP7syePZNFixbQq1dfGjductTXBINBtm7dwtq1q039GQgE2L17F7t37zIzt0dSsWIlrr66NUuWLGLt2tVmK18wGGTJksVs2bKZSpUqh834WnWn+roiIqcvBflERE4DNpuNTZs20rXrAwC4XBEEAn4CgQBTp06hSZOmREVFY7fbSUpK4tZb72DBgnmmWWwNd1jOOaeBWadtnQJiPW+z2Zg2bQpLly4GwOfzERcXR9u2dxTvTYuIiIiInEChB1qkpaWxfftWxo0bQ1ZWJsFgkLJly9G4cRMuvPAiSpUqZV4XOghyLGG+hx66l169+lG+fHkiIiL48MMh/PzzD6SkVAfgppvammEQERERETk9HWsYzhoG/umn78nMzMButxMIBGjW7ALat+94yPfy+/2kpFSjZ88XeffdN5k3by4FBQXYbDb8fr95z99+m8TZZ9cnMjIybKgjJaUaDz3UFZ/Py+zZf/Dssy+YEN/Bh7yJiIiIiJyOnn32SdLT03nkke40atT4qGE+a2teeno6UFgXB4NBYmNjqVChIkBYMK9nz6eZNm3K/0J8TrxeD1WrpvDuux+RkJBo+sEA33//DeXKladVq4sBqFq1GlWrVuOiiy49wT8FEREREfmnevToxuzZf+B0OklP3023bg/zwQdDqVv37CO+zpq7tfqs1sKOYDBAVlYWZcuWM4cGH0m9eudw443/YdCgV8yWZ4C8vFzy8/PUwxURKYH0v+wiIqeJmJhSZtjX5/OaUzfmzp3Fzp07zcAwQKtWl/DII93+d63PbA6x1n2vWZPKo48+RGrqSpxOpyn8fT4f48aNYdCggUDhyR12u53zzmtOcnIFQKd4iIiIiMjpL3Rgedq0Kbz11qs8++yTTJw4jtmz/2DOnFmMGfMjr746gEcffZDU1FVhr7cGQQBatGjJ3Xd3pGHDxmYQ2xqqdjqdbNu2laef7sajj3bh0Ue78PPPPwCwadMG5s+fR0bGvuK9eRERERE5bnbuTAPC68OjWbBgHmvWpIYNX1StWpXo6BjzXqGs7SCVKlXmsceepGHDxmEHs0FhfTtr1gz2788+5FBH1arV+O9/H+Ptt9/nuutuADBDJSIiIiIip7MePbozc+Z0NmxYx/Dhn7NkyWLgyDV6MBhkz550du3aGVZbp6enk5mZAXDMIT4orNn379/P0KEf8eabr7JmTSpQWKdbQv98rL87iIiIiMiJ98QTj5oQn81W+O/9VapUpUqVqsf0+sTEROLjE8Ie27t3L5988gGAmd09HKtOvOKKq6levYbp2TqdTpxOJ2535D+5LREROcXpX+hERE4TpUuXpmXLi7Db7eb0DofDQWZmJh9//B55eXlhRf/NN7elXbt7AMypHlYT2ufzsXbtarp2fYB+/XoxbNinvP/+YPr1e4GXX+4LQGRkJD6fj9Kl47jhhpuJj48/WbcuIiIiInLchIb4fvjhW/r3783s2X+Qm5trambrv30+H3/9tZann+7OtGm/U1BQYN7n4DBfu3b3HDLMZ7fbyczMZOvWLWzYsB4Al8uFy+WiSpUqxMXFF/vPQERERET+vWHDPmXgwP4sWbIIOPYw3+bNm/B6vWEHr1lDIaHDvaGsGrNChYp0796DihUrEwgETD/Y6XSyd+9eJk+eABx6MLh69Ro0adLUfI4ObBMRERGR090zzzzB7NkzcTqdFBQUMH/+n3z55dCjhvlsNhulSsUSFRVl6nKHw0FGxj7Gj//FXNezZw8T4nM6D72JD2Ddur/46KMhfPbZxwAsX760yMEZoX9WLS4iIiJyatiwYT2LFs0HCus1r9dDzZq1eO+9T4mJKYXX6wUO9FsPri2DwSCBQIDIyKiwnqvdbmfx4oV8880o4Mi9Y6tOjI2NJTo6xvSIvV4vfr8fn893nO9aREROBQryiYicJiIiIrj55rbExyeY9dlW0b5x4wY2bFgHHBj2cLsjufPOu7nrrg4ARVZ0O51OPB4PkyZN4JNPPmDEiC+YMmWy+az8/HwAunV7iqZNmxfbfYqIiIiInCihwxOjR4/kjTcGkp+fj81mM8PRoQPVgUDgf0PRexg06BVmzpz2t8N8wWAwbDCjcODDy1ln1eL229sRGakT9ERERERON198MZRPPvmAefPm8tNP37NwYeGwx5EGcq26ce/ePcCBDR82m439+/cf9fVWjVmlSlV69nwRt9uNz+czB0gAbN++7ajvY72XiIiIiMjprHfvZ/njjxlERESYw9u8Xi8LF84/pjAfhNfk1pD0n3/OYfXq1P+F+H43m/g8nqIhPmsT39dfD+eHH74FCmvt3NxchfVERERETgPVq9fgnXc+oFKlyng8HmrVqs0773xIbGwsHo8Hl8sFwO7duw75epvNRkJCIldf3RrAzBoEAgH2789m0qRx/P77r+baIx0E5/F4yMvLM9fabDbOPrs+ycnJx/OWRUTkFKF/qRMROU1YJy536dLVNKOt5u/WrVuYMGEsEL6KOyEhkfvue5AHH3wYAJ/PZwaJrTCg3W43hb81wOHxeLDb7Tz/fB+uuOJq4NCnOIuIiIiInE6s+vmXX35k8OA3AHC73fj9/v+F9gob8Vagz6qbHQ4H+/bt5e23Bx1TmK9Ro3PDwnzWdQ6HA5/PR9my5ejVqy/ly6vpLiIiInK6+eKLoXz88ftAYS928uQJ/PTT9+Tk7D/i66y6sKCg8AA1K4QXDAaZPHkiO3emHVMALxAIULt2HS677MqwWhNg27atACbYJyIiIiJSUrVu3Ya4uHgz22Ad4nasYb6oqCguu+xKHA5H2KzEokUL6NGjmwnxHW4Tn3WIckREBKtWrQDA5YowQ9t5eXmqy0VEREROccFgkAYNGtGjx/M0a3YBb7/9gQnxRUREADBixBe0a9eWhQvnHzaMV7t2nbBDIqzaMjV1FT/++B3Tp081z1mLOizW3zdt2khubo6pbYPBIDVqnEV0dMyJun0RETmJFOQTETlNWMV93br1qFGjJhBe9E+ePJH58/80j1siIyPp0OFennuuN8nJFXG73QQCAdNYtq51OBz/W/MdSUpKdfr2fYXWrdsAFNkiIiIiIiJyulqwYB6ff/4pUDhkYYXyunTpSu/e/Xn00e7Url0Xp9NpgnhW/XysYb4OHTpx4YWtzOCGddiGFeJ74413qVo1pfhvXkRERET+le++G21CfJGRUWYw95ZbbiMmptQxvYd1Xej25oyMvcydOxufz3fU19vtdiIiIjj77PrmdGdLVFSUeW8RERERkZKsRYtW9OkzgNjY0vh8PtOD/TthvpSU6vj9flPXW7MXGRn7zMFs1ia+wYM/LBLig8Iec6lSsQAEAoXvU6/eOURFRYVdJyIiIiKnHqtGbNKkKa+//naREN+oUV/x/vuDKSgo4KWXXjxsmO+SSy7n0kuvMAE8OFBbLlw4n5Ejv2DMmB9NvRoIBExf17ru229HkZa2wxw6nJJSjbZt7wC0hENEpCRynuwvICIif0+NGjW56qrWpKauxO/3m0I+NzeH5cuX0rRpcwKBgHnccu2111OlSgrz5s1h3Lhf2L17J8Fg0DSlA4EA5csnc9NNt9Cs2fnUrXs2oBCfiIiIiJQMgUAAn8/H77//yp496dhsNjweDwCvvPIGLVteZK6tWbM2EyaM5ddfJ+H1eszrQ8N8AK1aXYLb7QYOnJ5nt9tp1uwC4uMTOPfcpgwfPgyfz0uZMkmcfXZ9OnS4l0qVKhfz3YuIiIjIvxUIBChbthzlyyezc2ca+fl5uFwu3nxzCI0anYvf7w87eA0O3Vs977xmjB49gvz8fPNYZmYmP//8Aw0aNKJ69RpH/B7W4HCtWnWIjIzE6/WaoY+KFSsBFOkNi4iIiIiURE2bNqdv35d54YVnyc7Owul0mhkKK8xX6D4aNWocdpgGwMUXX0rr1m2YMGFs2IyFVV97vV4qVKjI4MEfkphYBp/PZzatWNdv27aVzMwMM5ANB+pyERERETn1WbWhtQkvNMQ3ZMjbALhcLnbuTKNfvxfo1asvTZo0NXWl1a/t3Pkh0tK2s3z5MvO+Vo24fPkydu3axYoVy3j44cdxu9243W58Ph+5ubl88sn7jBs3BsAcUNGo0blUqFAh7DuKiEjJoSCfiMgp4FjDctZ1bdvezsKF8/jjjxmmQRwIBBg58ksuu+xKUlKqHfJ19es3oH79BrRtezvLli1l8+ZN+Hw+7HYblStXoWHDxiQkJP7t7yUiIiIicqqz2+2kpe1g4sTx5oRmv9/P/fd3oWXLi8yQhXXiXnx8PIsWLSAtbYcZ8DhSmO/gwzRq1apDrVp1aN26Dfn5eZQqFYvL5cLlcp2U+xcRERGRf8dut9OiRUvcbjf9+vUiMzOTN998j0aNGodt8Ni8eSMZGRk0bFh0UBggPj4BtzuS3NxcM5Rhs9lYvXoVb775Ki+++DIJCQmH/R7WVo9169aSn5+P3W7H4XDg8/lISakOqK8rIiIiImeOfxrmg8KB6Kuuas26dWtZu3aN6fFaz1ubUAoKCsjPzzcHabhcLtML/uqrYWzZstl8nxo1zuKGG/5jXq+6XEREROT0YdVuP//8gwnxOZ3O/83Y2klP310kzGfVheXLJ3PrrXeRk5PDhg3rzftZs727d+9i7NifWbp0MSkp1TjnnAasW/cXu3fvYsmSRUDhtmePx0OtWrXp0OFeoqNjTsJPQUREioOO5BQROckCgQA2m421a1czdepvpKfvBg69Djv09I/zz7+QiIgIM+zhcDjIzc1l3LgxeDyesNeHNocDgQClS8fRsuVF3HVXezp06MTdd3fkkksuJyEh0QwwH/w6EREREZHTlVXjTps2xWxOsR6LiSkFYBro1mD0sGGfkpa2AyBssOPgMN+0ab+Tk7PfNOhXrlzOzp1p5rNLly5NuXLliY6OVohPRERE5DTncrlo0qQpPXv25aOPPg8L8TkcDpYsWUzHjnfxxRdDWbp0MUDYoDBAtWrVueOOdgDmtVBYjy5atIAXX3w+rJ48nDVrUs2ffT4fyckVuOiiS8xnioiIiIicKawwX2xsaXOImzVUbYX5vvxyKEuWLAbCa/QmTZpy2WVXkphYeOCxNb9hmTNnFgMG9GHcuDHk5eWZHu/OnWm8/vor/PLLj0DhgLfT6aRp0+bExMSYzxERERGRk+9Qs7hHUrlyFRITywCEHQgcGuZbuHC+qfcCgQBOp5MWLVpy001tSUmpRjAYDJszsEJ9W7ZsZubM6Xz44RB+/XWiCfG5XC48Hg+JiYn06fMSyckVjtfti4jIKUhBPhGRk8g60W3ZsiXcd197BgzoQ58+z7N48cKwQF3on6GwsG/T5kZq1KiJ3+83A8UAf/45m/z8vLDHQoVuCTmUoz0vIiIiInK6sWrc7du3A5gTmQFyc3MA8Hq9OJ1OAHr27MGUKb+a19eoUROXK8IMcYSG+QYPfoMffviWtWvXMGbMj/Tt24sffviWHTu2F+ctioiIiEgxcblcXHDBhdSrdw5+v98csrZ06WK6d++Kz+dj4cIFfPPNqCKDwtbgxgUXtOTcc88DCnu/1uN2u50FC+bx4os9WbhwPjk5+4HCoJ51LcD48b/w888/AIUDJJGRkbRpcyNxcfGH7AmLiIiIiJR0fzfMZ7fb8fl8OJ1Obr+9HZdddqU59M3qA1s95CVLFjFkyFvcf397+vbtxRNPPMrTTz/BTz99BxRuTvH5fFStWo3bbmtHVFTUSfkZiIiIiEhR1pZkr9fL0qWLSU9PD3v+UP3UJk2a0r//QMqVKx920MPhwnzWDEF0dDTXXtuGDh3upU6deqYnHPr60FCf3W43z3m9XqpWTeGddz6katWUE/xTERGRk80W/Lsx8+Nk9+7sk/GxIiKnDCvEt3TpYrp1exiv14vD4TBDxf/5z200bdqcVq0uNq+xCnm/34/D4WDBgnn06fM8GRn7TBM5EAhwxx1388gj3U7SnYmIiIiInJr69+/NxInjzPY9gIYNG9O//6skJCQA0LPn00ybNsW8plOnzrRu3YahQz9kypRf8fl8YZuy/X4/LlcE0dFR5Obm4fV6AHj00Sdo2/Z2s+FPREREREquRYsW8NRTj+HxeHC73RQUFGCz2bjkksu59dY7adSoMXCgJwzw3Xdf89lnn5CZmWHqy9ATnKtUqUrTps25+ea2VKmSgsvlYsuWzfz55xzeeus1AFyuCLxeDykp1enZ80Xq1q1X/DcvIiIiInIKmT//T1544Vmys7NwOp1hByNbG7Y7dLjP1OhWmK+gIJ8PPxzC77//Rnr6boCwGYzQnnIol8uF1+slMTGRwYM/pGrVasV1qyIiIiJyjLxeL5MnT2D48GHUrVuPzp3/S4UKFcOumT37D2JjY6lfv6F5bOnSxbz4Yk927dqJ3W4P27AXCARISipLr159adKkqQnt2e12CgoKWLduLV9++RkzZ043taR12IQ1A2w9XrZsOerWPZuuXR+nUqXKxfqzERE505UtG3tSPtd5Uj5VRERMiO/RR7uYprHVJPb5fHz//WgmThzH1Ve35o477qZMmSTcbrcJ8QGkpFTj7LPPYdasmeZUZ5vNxrJlS9i+fRsVK1YKO9FDRERERORMZA1alC5d2jxmt9upUeMsbr65rQnxvfhiz7AQX/v2nbj//i4AXHfdjaxevZpNmzaYhrr1vl6vh8zMwgCfyxWBz+clOzuLk3R2koiIiIgUo+zsbF59dYAJ8Xk8HlMvhtaWjRo1Dtv60bbtHezcuZOvvx5e5GRmu93Oli2b2bJlM7/88hMpKdWIjIwkPX0PaWmFm5+twKDLFUGXLg8rxCciIiIiwoHNfAeH+UI38xUqDPNZ8xludyRdujxCXFw8v/02iQ0b1pth69BZjNBtKsFgEK/XS6VKlXnllTcU4hMRERE5Rc2aNZOvvx7O5s2b2Lx5Ey5XBB063GtCc8OHD+ODD97l8suvwul0mV5rw4aN6d27f5Ew38Gb+awwHxTOJrjdbs4+uz4vvzyIESO+JDV1JdOmTTE1qSUmphQNGzaiTZsbadiwMXFx8cX+sxERkZNDG/lERE6S3bt30b17VzZt2ghgTtuwGsChp7nVqVOPxo2bcNdd7SlTJinsfWbPnkmPHt3Ne/j9fgCefPJpbr751uK5GRERERGR08CyZUt45JEHCQQC1KhxFvfd14VLLrkMgCFD3mbUqK/MtbfeeiePP/4kcGAz9siRX/Hee28DFBneCAaDOJ1OvF4v1apV57XX3iE5Obn4b1JERERE/pVDHYwWerjawbxeL3Pm/MEHH7zL5s2bcDgcBAIB0+M91GY+K8wH8NZbrzF27M/k5+cDhJ3s7HA4zEZo63tZdafP5wOgZ88Xueaa6w773UVEREREzkT/dDOfz+djzpw/mDx5IlOmTDY1uMvlIhAImN8N/H4/SUllqVu3Ho880l2bU0REREROUX6/nzFjfuCNN141/VaA6667gW7d/o8ff/zOzADExMTQtGlz7r67I/XqnWP6rX93Mx9gDoWAwr7t6tWr2LNnD+vWraV06dKUKZNEuXLJ1KlT9yT8VERExHKyNvIpyCcichLNnTubdevW8umnH5rT2kIHPYCwQF/ZsuV44IH/Uq/eOVSrVt08/uabr/L9998AmOZypUqVefnlQVSvXqN4b0pERERE5BS1d+8eXnmlPzt3ptG5cxcuuuhSAKZN+513332TnTvTCAaDNGnSlP79XyU2NtbU43a7ne3bt/HYYw+xa9dOYmJK4XA4yMzMCDt5Ly4ujnff/TisXhcRERGR00NoEG7+/D9Zv/4vbr+9HXAgzGdtZQ7l9XqZP38ub731Otu3b/vbYb5PP/2QyZMnsG3bVgAzaGx9J6vetNvtZptIXFw8jz/+FFdccVWR7y4iIiIiIv88zGf57rvRLFo0n9mz/8Dv95saPTa2NI0aNebKK6/hvPOaEx8ffxLuTkRERESO1aZNG+natTOZmZm4XBF4vR4A6tY9m9TUlQBER0eTm5uLw+Fg6NCvqFGjJsA/DvOFHs52NOrtioicPAryiYicQQ4e9li5cjmzZs3k118nmmENCN/SZ50GEhUVTfXqNbjxxv9w3XU3YLPZ+PPPOfTt25Ps7Gzz/jExMTzxxNNcffW1RzwxWkRERETkTDJ37mwCgQAtWrQ0j7399iC+/XaU+fvNN9/Kk08+XaRhXlCQT6dO7di6dQstWrSkZs3azJnzB2vXriExsQwVKlTk2WdfICWlWnHekoiIiIgcZ/Pn/8l3333NzJnTufLKa+jduz8AHo+HiIgIFi1awNy5s+nc+SEz6Ptvw3y///4rM2dOZ9Kk8eZ7uFwR+Hxe4MBASGxsaZo0OY+bbrqFZs0uADToISIiIiJyOH83zHfwLIfH42HXrp3s2rWT7OwsYmNLEx8fbwa7RUREROTUZvVOx4z5kddee4lgMGiWZdjtdgKBAG63m4KCAux2O6+88kbYLEHoe/yTMJ+IiJzaFOQTETkDhRbrfr+f/fuz+eSTD1m9ehWrVq0w11lFv1XwW6688houuuhSLr/8SgYNGsiPP36LzWYz11WvXoMPPviM6OjoYr83EREREZHicqitKMdyTTAYZPPmTdx7bzuzHdvv93PLLbfRvXuPIs31/fv307HjnezatZPrrruBZ599gdzcHJYsWUxycgXi4xNISEg4IfcoIiIiIsVj+/ZtvPPOIGbP/sP0Yq+++lqee643DoeDxYsX8uijXQDo0OFe7rvvQRPG8/l8zJs35x+H+QoKCvjjjxlMn/47y5cvJSsri7y8XABq1qxFuXLlueOOu0lJqUaZMkmAQnwiIiIicmY5ll7wwTXy3w3zhQ5kH6nePpbvIiIiIiKnhvXr/+KVV/qTmroyrF8bGqMYNGgwzZtfcMjFGQrziYiUTCcryOc8KZ8qInKGOVwD12azmaI/GAwSFxfP448/SVraDn79dSI///wDGRkZeL0eM/Rht9vN6379dSKzZ8/k999/5eqrWzN9+u/s3bsHKNzmt3nzJn755Sduu+1O83kiIiIiIiXBwU3vnTvT2LRpI9u3b8PtdlOuXHni4uKpWbMWUHg4RuiQNBTWx9nZWfj9flwuFz6fD4C//lrLvn37TCjPet2mTRvx+/0ArFq1goKCfKKjY4qcyCciIiIip6/y5ZPJyMgwQ71+v59Jk8YTGRnJNddcR/fuXQFwOp18+eVn7N+fTffuPbDZbDidTpo1u4Bu3Z4qEuazTneeNm2K+axGjRqbQWKHw4Hb7ebyy6/k4osvpaAgn4yMDPLy8nA6nVSoUAGXK6JIn1k9XxEREREp6ULnLXw+H7t27WTVqhWkpaUBUKFCBcqUSaJRo3PNwcehw9dNmzanb9+Xi4T57HY7Xq+XhQvn/++TCsN8oQPdR6q3FeITEREROX3UqFGTSy65jFWrVoSF96x6r2nT82nQoBGBQKBIiM+6LhgM0rBhY3r37l8kzBcMBrHb7aSn76ZfvxcU5hMRkSPSRj4RkRPo4CI8PT2dffv2AkHKlEkiJqYUbrfbPH/wYHFq6kpWrFjOV199Tnr6bgDTeAbCBkBKly5NQUEBBQUFYd/hwgtbMXDgmyfwLkVEREREilfo4Ma8eXOYM2c2kyaNJzMzwzTd7XY7kZGRXHLJ5TRvfgGXXnoFTqezyCEbc+fO5qmnHjPPhW5defTRJ4iPjzfXvvJKP8aO/RmACy64kNdee1uNdxEREZESxKoV582bQ//+fdi7d4/px4b2YiMjo8jPzwOgfftOdOnSNex9/slmvtC68kibPVR/ioiIiMiZJLQ2nj17Jn/8MYMpU34lOzuryLUtWrSkUaNzufXWO8PmMKwa+p9s5lPtLSIiInJ6C60nv/tuNG+99VqRTXyWa6+9nk6dOlOxYqXDvt8/3cxnPSciIqeWk7WRT0E+EZETxPoFIC1tB4sXL2TcuDFs2rSBvXv3AlC2bDni4+O57robqFevPuecU9+89uDV3Onpu/n55x+YP/9Pli1bYn6RsIaNrc+DA8W+0+nC6/UA8PnnI6lR4yz9IiAiIiIip73QRvsvv/zE0KEfsW/fXnw+n9mqZw1KWzVyqVKx1Kt3Ns8914ekpKSw91uyZBGPPPIgcOAEZet1zZu3oHnz80lISGTu3MKwoOXGG//D//3fcyf8fkVERESk+O3atZMBA15k4cJ5psa0BjTsdrvZ0nz//V3o1KnzId/j34b5RERERETOdKG94DFjfuSTTz4gI2OfCd5ZveBgMGhqdIDatevSvfv/UaNGTaKjowGF+URERETOdEOHfsRnn30MYHq11hY9a6MzwHXX3UCnTp2pUKHiYd/r74T5evfuT+PGTU78DYqIyD+iIJ+ISAliNZTXrEnl7bcHsWHDerKzs3C5XHi9XhPS8/v9uFwu4uMTuOWW27j11juJjIwMew8r1Ofz+fB4PIwa9RXz5s1h+fJlAGEnM1sDINb1AM8804s2bW4s5p+AiIiIiMjxFzo0MXr0SAYPfgM4UBNbjXa/34/dbsdut+Pz+czmlJSUatx/fxfOO68ZpUvHAYUD1s888wRz584GCNu4YrFeD4VN/dKl43j++T6cf34LDXKIiIiIlFCzZ8+kR4/uQNGTkoPBYFiI73Ab9BTmExERERH5Z0Lr4m++GcU77wwCwnvBoXW1w+EwfWG/309yckVuueU2LrvsSpKTk8NeozCfiIiIyJklKyuL++67m50704iJiSEnJyfs+RMV5gsGg7hcLt54Y4ipLUVE5NRysoJ8Rf9VUURE/hVraGP58qU8+eRjLF26mP37s8MGioPBIIFAAIfDgdfrZffuXXz44RBee20ACxfON+9hXQPgdDqJjo7mvvse5PnnX+TZZ18gObkiUVFRYdv4nE6XCfE9++wLJsQXOogsIiIiInI6soYlxo792YT4IiIizPY9h8NBYmIZoLBx7vP5cDqdQGEAb9Omjbz77ltMmDCOXbt2msebNGlKTEyM+ZzQk/eswRCbzYbLFYHf76d69RrUrl0n7DuJiIiISMkQCATw+Xy0aNGKiy++NOy5YDBoBjF27twZ9vihOJ1OmjW7gG7dnqJixUph/WHrv6dNm8K3345iyZLFwIEBDxERERGRM5nVdx0//hcT4nO73aYXHB0dTaVKlXG5XACmF2zNWqSlbWf48GF8880INmxYH/aeTZs2p2/fl4mNLR221c9ut+P1elm4cD4jRgxj4cL5Ya8TERERkdNT6dKlGTRoMPXqnUNOTg52u5377+9Co0bnApjtfNas7rhxY/j880/YsWP7Yd/T6uM2bNiY3r37U65ceXPIBBBSYzpISEg48TcpIiKnFW3kExE5jqxTNlJTV9G9e1f2788mIiICj8djrrFOgrMcfJpH/foNuemmW7jqqtbmFwPLwSc7b9mymaVLF/Pjj9+SmroqbFPIs8++wHXX3RD2vURERERETneLFy/kpZdeZMeO7WG19uOPP0mtWnWpW7cus2f/wcKF8/nxx+/ChqStwzVsNhuPPvoEt9xyGw6HA4/Hw8CB/Zg0aYL5HKu2tupo67WJiYkMHvwRVaumnJT7FxEREZETy+qlLl++lMceewiv1wscGMyw6sNgMMjVV7emV69+APj9/iL9XIs284mIiIiI/H3Lli1h4MD+bNq0MawX/H//9xz16p1NrVp1WLJkEUuXLuHjj98L6wVbtTbAXXd14KGHHimyRftIm/kALr30Cnr27IPbHVm8Ny4iIiIiJ8TGjRvo0+d5HnroES644EJmzpzOV199zooVy4Djt5nP5YrA6/UQG1uaIUM+pnr1GsVyfyIi8vedrI18CvKJiBxn27Zt5cUXe7Jq1YqwZvI111xH7dp1qFOnHnPnzmbFimXmBDerYWw1hJOTK3LbbXdy++13HdNner1eRo36iqVLFzNnziyefron119/k3nPgxvSIiIiIiKnG+sUvI8+eo9vvhmJz+czm0peffVNWrRoVeQ148f/wssv9zVD106nE6/XS7ly5fn006+Ij483A9cFBQW8/HJf5syZRU7OfuDQdfprr71FtWrVi+muRURERORkWLMmlfvv7wAUbv0oKCgwNaU1GAxWmO9aevXqC/z7MN9ll13Jf/5zK40bNymeGxUREREROQVZMw6ff/4JX3zxGV7vgYOTBw58kwsvPNALtjbxLVgwj+7duxbpBVeoUJEPP/z8sFtQDg7z2Ww2vF4vkZFRfPzxMPWCRURERE5TBx+UZtWYBQX55qCGgoIC5s//ky+//OxfhfksS5cuZsCAPmzfvo3SpUvz7rsK8YmInOpOVpDPeVI+VUSkBLKGe6dN+53Nmzdis9lMiK9Tp87cf38X88tB3bpn4/N5+eij9/j++2/Ma63gX1radurWrXdMn+v3+3G5XHTocC8FBfls27aVGjVqApjBEhERERGR053dbictbQdjx/6M1+s1A9SdOnWmRYtWptb2eDxEREQA8McfM8yQtcPhwOv1UrVqCu+++xHx8fFmyMPn8+F2u3nuud58//1o5s//k7lzZwOFdX61atWpX78R7dt3pFKlyiftZyAiIiIixWPdur+oVKkK27dvpaCgAIDIyCjy8nLNwIdVf06aNB6AXr364nA4DhvmczqdNGt2Ad26PVUkzGdtg54yZTJ5ebmkpFQjISGxWO9ZRERERORUYbfb2b17Fz/88A1er8fUy7fffhcXXnigF+z1enG5XACMHfvzYXvBCQkJphd8sKZNm9O378smzAdQqlQs7733iUJ8IiIiIqchq1a0QnxW/9Wao7VCfH6/H7fbTfPmFwCYMJ91vdXrHTduDMFgkPvue5Dk5ArAgcMk0tLS2LZtC+ed1wyAhg0b8/TTPXnrrdfo0+clhfhEROSwFOQTETlO7HY7+fn5/PbbJHJycswvAtdeez3339/FXGcNCbvdbqpWTQHAZrPhdDrxeAqb0K+99jYNGzYucirIoTgcDnOd2x1pQnzaxCciIiIip4OCgnzy8vKJj48/6rULF84nMzMDp9NpTsCrUeMsoLCm9vl8JsTXs+fTTJs25X9NdiderydkcCMxbHAj9GCNO+64m1tuuZ1Fixbg9XrJz8+jSZOmREfHEBkZeQJ+AiIiIiJyqrnyymuw2+2MHPkV69at5YEH/ktMTAxffPEZe/fuOe5hPmswGeCyy65UiE9EREREznirV6eSkRHeC65ePbwXbIX4evbswbRpvx9TL3j//v2UKlUqbJ6iadPm9Ov3Ct26PQzAe+99oqFrERERkdNIaG2Xl5dLWtoOpk+fyvbt28jLyyMqKor4+ARat25DXFwcZcokmblbl8t11DDf+PG/YLPZuOOOu6lR4yxTW3722Uf88ccMHnmkG61btwGgSZOmfPzxMBMYFBERORQF+UREjqPp06eyZk2qWa8N0LBhI+DAcLBVxI8Y8QXvvz8YAJfLZbb3vfba2zRvfgGBQIBgMBg28HG4YN+hHlOIT0REREROdVlZWTzwwD2cd14z7r+/C2XKJB3x+s2bNwGFh2PY7XaioqJISioLFAYCrWb40UJ8gUDA1OWff/4JixYtZNCgd3A6ndhsNiIiIjj//BYn8M5FRERE5FRlDW9cccXV5OXlYbPZuOmmWwDIy8vjm29GHSHMF6RXr35HDfOdd17zsDCfNZj83HO9uaHr2kQAAQAASURBVPba6833ONohbyIiIiIiJdXGjevNzIR1MLJ10FrRXvDhQ3xWLzgYDDJ06EdMnz6Vjz76rMhg9XnnNWPw4A9JTEykatVqxX27IiIiIvIPhYb4Zs/+g+nTpzJ16m/s359d5Nrx43/hrLNqcv/9XWjQoJHpv1phPpvNxpdfDmX58kNv5tu9ezfnndeUihUrMXPmNCZNmgDABx+8S1xcHC1atAIgIsJdTHcvIiKnKwX5RESOo/T03ebPfr8fp9NJ+fLJAGHDwqNGfWVCfJGRkeTn5wMwaNBgmje/gGAwaH65WLBgHkuXLubeex/Q4IaIiIiIlBhZWVk8+mgXtm/fxvbt24iOjuGuu9ofMsxnDWvs378fwDTLc3NzWbZsKQ0aNDrmEB8UHnqxb99evv56BMOHD6Nater4/QdOZRYRERGRM5fNZjO93Btv/E/YgWnt23fCbrfz9dcjDhPmmwDYDruZzxo4joiIoEmTZnTv3oOBA/uTnr47LMQXOnwiIiIiInIm8nq9QGEv2OfzEQgEWLt2DVdeec3f7gXv2ZPO6NEjGTHiCxITE8nOzj7khpTGjZsU3w2KiIiIyL8W2kf96afv+fjj99i/f7/py4b2b4PBIBkZ+9izJ52//lpLgwaNwt7L5XLRrNn5AIcN882bN4d58+bgcrnwer3YbDYz6+v1+kyfWHO+IiJyNPpXQBGR42jPnsIgX+hGvqysLICwEN+QIW8Dhw7xQeGwiMfjYcqUX3nqqcf44YdvycjIMFv9REREREROZ1lZWTz8cGfWr/8Lt7vwNLqvvx7OZ599wp496UWut2rrxMRE83erIT958ng2btwAHH1ww+fzAbB27Wref38ww4cPA2DLls389ddfJ/amRUREROSUEwwGD/n4oUJ0Vm+2Xbt7uOOOdiQmljGPW/WqtZmvf//ewIEDKCzTp09l8eKFBINB3G435557Hk8++TT9+r0StolPIT4RERERKQmsGvpwdfeR5h+sIF5ofTxu3BiWLFkMHHsvODV1Fe+99zYjRnwBwN69e1m/ft1xuT8REREROXlC68TRo0fy+usvk5mZaR63tjuH/qdGjbO45ZbbufHG/xzyPa0wX4cO91G/fgMA8z7WTLDdbjc9X+sQt7p1z6ZRo8YK8ImIyDHTUfMiIseR3V5YmPv9fmw2Gz6fj5Ejv6JJk6YkJCQyYsSXvP/+O8DhN/HZbDbS0nYwbdoUPv74fXw+H36/j9zcHOLj40/WrYmIiIiIHBdWiG/Tpg04nU48Ho+pjX/66Ts6dOh02NfGxcUB4PP5TBN806ZNjBnzIxs2rGfevDmHHdywNmYHAgFmz/6D8eN/AcDlisBmg4iIiBN+7yIiIiJyarD6sF6vF5/Py8yZM8jKysDpdBEbG0v9+g0pV668GcpwOBxm+MNut9Ou3T0Ah93MN3HiODweDy+++JIZ5hgz5kdefXUA55/fgkAgwLnnnofb7aZly4tNbatNfCIiIiJSElh1sVXb7ty5k9zc/WRkZJCbm0u1atUpW7bsIbfiWWJjY4HC2QvrfbKzs/jmm5F8+ukHLFq04Ki9YIDVq1f9b3M2uN1uPB6PeU5ERERETl9WT3Xs2J8ZPPgNoLDeKygoAArnABwOu5nRrVGjJjfddAs33vifsG19BzvSZj7rgIpgMIjT6cTn85GSUp2uXR8nLi7+RN+yiIiUIOpMiIgcR9YpzKFDHdu3b2Ps2J/x+Xx8+umHwJFDfAB//jmHd999Cyj85WL//v1kZWVRsWKl4r8pEREREZHj5OAQnzVQkZ+fT1RUNG+9NYTy5ZPDauNQLVq04ptvRrFjx3Zz6p3X6+Hbb0eZ+tsKB1apUjVscMMaoLbb7aYh73A48Ho9/2u6a/u1iIiIyJnAqhs3b97EpEnjmTlzOuvWrQ27plat2jRo0IjHHnsSh8MRNoh8LGE+u93O77//yo4d26hZszZer5eJE8cBMHfubEqViqV69bNISEgIq3sV4hMRERGR053Vi/V6vWzYsI7ffpvMtGlTSEvbYTaXlC1bjjJlkujSpSs1apxl5ixCtWjRkjp16rF69SpTY/v9fmbMmHrMvWA4sCXF4XCYoe7Q50VERETk9LVo0QKGDfsUKDy416r3Ond+iFq16hAdHU1a2g7GjRvDpZdewU033XLEEB8UhvSsMJ/NBl99NYylSxcTDAbDesU+n4+EhEQGDHiVSpUqF9s9i4hIyaAgn4jIQY526vHBpyuHuuCCC/nyy8/Izs7CZrMRDAbJzs5ixIgvyc7OAiAyMor8/DygaIjPeu+MjH1A4akg1i8XBQX5hx1oFhERERE51R0uxOf1enG73bz99nvUq3fOEevxhIREkpLKsm3b1iINdpvNhs1mw+MpevqyNZhhXZ+VlWXe02azUaFCReLjE078D0FERERETiqrHkxNXclLL73I9u3bKCgoCDnooXCbx9q1a1i7dg2rV6fSv/9AkpLKmvc4ljCfdV1q6ipSU1eZ10ZERODz+XC5XNjt6vOKiIiISMli9WJzc3P58svPmDt3NmvXrjbPu1wuvF4ve/fuYffuXfTr14trrmnDddfdQLVq1cPey+l0kZJSjdWrV+FwOPD7/WYGw5qZ8Hg8pKRUY/Dgj0hISDhkLzgjY5/pHdtsNhISEkhIUC9YRERE5HQWCBQe0jt79kzS03ebOQGAl18eRKtWF4ddf+GFrShVKjastxsqtMa02Wz4/f7/hfkuIDq6FCNHfsEff8wgEAgQDAaJjo6mQoVKvPjiS6SkVDvxNywiIiWOgnwiIgex2+3k5uayceN6tm7dgsdTgMfjpUyZMqSkVCc5uQKRkZGmcLeK+GAwSHx8PGedVZPFixeawWKA/fuzgcLGtBXie/31d4ps4gsdQgbw+33Y7XbKl0+mSpWqCvGJiIiIyGnpaCG+wYM/PGqILxgMEhUVRdeuj/N//9eNzMwMc8CG9bzf7ycuLp7evfuTkJAY9n7WnwsK8vnrr7XmsWAwSN26Z1OuXPni+WGIiIiIyElh1YPLly/lyScfJTc3F7vdbnq7cKAfC4U92hUrlvHMM0/Sp88AKleuYt7rWDfzhQ4aOxwOPB4P5cqVp02bG4mLiy/2n4GIiIiIyIni8/lwOp3s37+fF154lkWL5uPz+QDM7ITX6w074Hjv3r389NN3ZGTso337TlStmgIU9nojIiK4//4uzJ8/l71794bNXwSDQYLBIDExpejW7f9ISEgIm7uwNvj5fD6WLVtiesfBYJAGDRpRtWq1k/IzEhEREZHjw263s2PHdsaO/Rmv12sOfrj33gdo1eriIr3Z0qXjgAN1Yijrmnnz5pCens61115vNu85nU4aNWpMo0aN+f77b0hP382+ffs499zzOPfcJpQtW+5k3L6IiJQACvKJyBnt4A13y5YtYdasmcyYMZVdu3aRl5cbdn1kZBT16p1NkyZNueqq1pQvn2wGkR0OBwkJibRu3YbFixfi8/nCBosBvF4vAP37v8r557fA5/OZE+EsgUCATZs2hv09MbEMMTExx/3+RUREREROtOMR4gPMgEe1ajW49dY7GDHiS/LycovU3Pn5efzxxwz8fj/16p1jHrfe+91332bevDlA4e8D5cqV57rrbjB/1+EZIiIiIiWPNaCRmrqSHj26k5ubi9vtpqCg4JDXW0MeDoeD1atX0afP87z44ktUqlTZXPN3wnwOhwOfz4fNZuPRR7vTuHGTYrlvEREREZHiYIX4srKy6N69K2vWpIZtqrb6t9ZWPCuIZx2yPH36VMqXT+buuzuaQ5UDgQAVK1bioYceZfDgN8nOzirSC/Z4Cpg8eQJ+v5/zz28RtkUF4J13BjFr1kyg8HeCMmWSuOqqa83f1QsWEREROf1Yvdc5c2aRlZWFy+UyB0hY/duD60LLwX+3asKFC+fzxBOP4nQ6qV79LOrWrVdk0cctt9x2om9NRETOIAryicgZywrfAaxcuZw//pjBl19+BmCGNKxGMhQW8fn5eSxatIBFixYwa9ZMzjuvGR063Et0dLRpTrdpcyOpqav48cdvwwY2rII+KaksmZkZ7Nu3l4SERLxeLy6Xy1w7YcJYJk4cBxT+0hETU4o777wbtzvyqMPNIiIiIiKnkn8b4gut2aFw6CMqKopLL72CTZs2Mn3673g8nrCtKQUFBXz55ecsWDCPK6+8hubNLyAyMpI1a1YzZcpkxo//BQCXKwKv18M55zSgTp265vUiIiIiUvLYbDa2bt3Cq68OIDs7i4iICBPia9nyIhISEsnIyGD27JlmU4fV17XCfC+88Cx9+758xDCf3W7nhx++ZceO7QQCARMWtAZJnnuuN5deegWgwWERERERKRlCQ3xWL9janmdtRgllBfGsettut5OTs5+ff/6Byy+/iurVa4RtSmnW7AJuuukWvvtutDnYDQprfK/Xy8SJ41i4cAE33HATTZo0IympLCtWLGPWrOlMmjQBONALrlfvbBo2bGxeLyIiIiKnH6se3LJlE4BZuGGz2Uzv9uA5g0Ox+rMLFszjmWeeAArrxmXLllC3bj3T91XdKCIiJ4ItGHpUUTHavTv7ZHysiAgQXqh/880opkyZzPLlSwHMgDEQdjKcVbjb7XbzvMPh4JxzGtC//0ASEhJN8Z6auoqhQz9k9uw/gPBT5oLBIElJZWnQoBGdOz9ExYqVcDqdpKXtYPbsP3jjjYHAgWZyo0bn0qPHc1StWq3Yfj4iIiIiIv/W8QzxffvtKKpUSeH881uY51esWM6XXw5l3ry5Jsxn1eyBQMBcl5RUFr/fj8fjISdnP4AZqK5UqTKDBg0OG8YWERERkZIlGAzi9Xr55JMP+OGHb/B4PKZevOee++jc+SEzjPHdd6MZO/Yn1q5dY15vDWv4/X7q1KlXZDMfEFbTTpgwlpkzpzNt2hSA/53iXIMOHe7lssuuNN9JAyAiIiIicro7VIjv4F6w0+mkbt2zqVmzNsFgkNWrV7J27RrT/7Vqab/fz5VXXsMLL/QrUitv3ryJ7777mgkTxpKbm2ted3AvODIyCofDgcdTgNfrBSAiIgKPx0OFChV5880h6gWLiIiIlBADBvRhwoSxpi8bCARo2/Z2HnvsyWNelrF48UK6d++Kz+fD5XLh9XqpW7ce778/FKdTu5JERM4EZcvGnpTP1f/LiMgZJ3Qg+IMP3uX7778hLy8XIOxEuNBNelYjOBgMmkay9felSxfTtesDvPzyIFJSqgFQt249brzxFnJzc1myZFGR4eT09N38/vuvzJ49k5SU6kRHR5OevpstWzYDEBkZSX5+PhEREbRrd49CfCIiIiJyWjlaiO/ddz+ibt2zjynE99577zBy5JfUrFkLl8tFkyZNATjnnPp07Hg/sbGlmTp1Cvn5eWEDHNYQx5496WEnODscDgoKCoiPT2DgwDc1uCEiIiJSwtlsNvLz85g1awb5+fmmLrzhhpt54IH/Agfqz7Ztb6dixYq89trLpKfvBg6E9A63mc+qNa3rWrduw6WXXsFtt93Fnj3plCtXnqSksiQnJ5vrFeITERERkdPdsYT4IiIi6NHjeRo1Opfk5AoArFmTysSJ4/nuu6/x+/2mj2uz2UhL237IWrlq1RRuvfVOYmNL8913o9m/P9t8VuhhzB5PQdjmFLvdjsfjISEhkVdffUu9YBEREZESwOrlWnO+oYc7rF6dys6daVSoUPGwswiWgoICfvjhG3w+H263G4/Hg9PpJDMzk9zcHEqXjiuW+xERkTPTsUXORURKiNCB4FdfHcDw4cPIz88DDoT4rO17fr/fhPV8Pp9pHh+8pc/pdLJly2aefvoJNmxYbz6rVauLufPOu83WEOv11mudTif5+fmsXr2KRYsWsHXrFgBcLhf5+fkAPP10Ly68sBVwYDugiIiIiMip7Fg28R1riO+DD95l5MgvAdi0aRPvv/8OCxfON9fWq3cO7drdw6233kHp0qXx+/1h27Ct+vvgDdk1atRkyJCPzEEcIiIiIlKyjRnzI5s2bQyrP+vUqQcUDdZt3bqV3bt3FenHWge+rVmTSu/ez5lD2azXZmVl4fP5gMKD2ho1aszll19J/foNFOITERERkRLlWEJ8brebt956j2uuuc6E+ABq165LmzY30KhRE4Cw+nj9+nXs3Jl2yM+sUqUqN998Kw899AiJiYn4fD4zs2HV2dYhG6GP1apVm3ff/ZBq1aqf2B+KiIiIiBQLa5agYcPGQHjPdfnypXz77SgAc/ja4bjdbjp0uA+XK4KCggKgcFYhMzODnJycE3gHIiIiCvKJyBkkdCB4wIA+jBnzo9nUYTWVAaKiomjU6Fz++99H6d9/IL179+fJJ5+mYcPGlCmTBBA2dGw1o7dt28Lzz/8f+/btM5/ZqtUl3HPPfVx1VWtzrfWZoX+2ToMD8Hq9REVF06tXX66+uvB1GvAQERERkdPBoQY37HZ7WIivXr1zjjnEN3z4MID/vZeP1NRVvPTSi2zfvs003atXr0G7dvfQv/+rpKRUw+WKMO9nDWxYf05JqcaNN97CK68M0tZrERERkTPInj3p5s9WL9bpdAKFQ8hWbTpixJe8884gc210dDSAqT2tMN/q1avo3fs5li9fis/nIzV1Jb17P8fMmdOOOByiHq+IiIiInO6ONcQ3ePCHNGjQ6JD1cY0aNWnatBmAOVw5GAzi9XqP+NlJSUncdNMtDBnyCeeeex5JSWXNcwf3gmvUOItbbrmNl15SL1hERETkdBJaPxYU5B/2ugoVKoZdb80ZjB49khEjCg8LPlKYz+v1Uq1adc466yyAkEMiDryXiIjIieI82V9ARKQ4HBzimzBhbFiAzjop+eqrW3PxxZdxySWXF3mPNm1uYsWKZfzyy09MnDgubNuH1ZTesmUzzz33JIMGDSY6OgYoPPmjSpWqnHVWTT799EMCgQB+vx+XKwK/v/Bzre8QExNDrVp1uOuuDmGb+DTgISIiIiKnuqysLB555IGwwQ2rVna5XHz00efUqFEzrDYPdbgQn/WY1WC/5prrqFixUthrY2NjOffc83j//aHMmzeXOXP+YNOmjezZk47NZqNq1WpUq1ada6+9nooVK5paXURERERKNqu3um3bVgBzwBrAr79O5Oqrr8XlcgEwatRXvP/+O+a1TZs257rrbmD06BGkpq4iEAiYPq3D4WDt2tX07v0clStXYfv27aSlbWfx4gUMGPAarVpdXMx3KiIiIiJy4v2dEN/hDnSz3qNmzdrY7fawTXrJyRWIjS19xO8QCASoXLkKr7wyiPXr1zNt2hS2bt3Mli1bcDgcVKtWnSpVqtK6dRuSksoSGRl5In8kIiIiInIchdaP33//DdnZWdxww80kJpYpcu3557fgoosuZcaMqaZ363A48Pv9fPLJB7jdbtq2vR273X7IGQWXy4Xf78fr9ZnH7HY7tWvXCTswQkRE5ERQkE9ESrxjDfF17vwQbdveQalSpYADDWTrPVwuF40bN6Fx4yYkJ1dg2LBPzS8O1oCy3W5n5coVfP75pzzwwH/NEEhCQiJ3392ROnXq/S8M+DP792ezf78HgDJlkihbthxt297B2WefQ+XKVQCF+ERERETk9ODz+fi//3ucDRvWm4Z3OBsFBQUAf2sTn/WYVbPfc899PPDAfwGKDIH4/X5iY2O5/PIrufzyKykoyCc/P59AIEhsbKyp7UVERESkZArtpYb2bW02mxkGtjZ0lC1bjjp16pn+7ejRIxky5G3zXk2aNOXNN4cAkJOzn61bt5KTs98MGUNhXbtr10527doJFA5+eL1eli9fSvPmFxARcWBTtIiIiIjI6e54hPgA06ddsmRRWN3u8/moVq2G2Yp9ONZWlejoGOrXb0D9+g0AyMvLIxgMHvX1IiIiInJqCq0fv/56OO+++xYxMTFERUVx5ZXXhIX5rGtbtbqYFSuWsnfvXvO4zWbD6/Xw/vvv4PV6uPPO9kVCfNbrN23aSE7OflOTBoNBqlWrccg6VkRE5HjSFJuIlGjHGuJ7/PEnufXWO8NeGzroG7oFxG6307nzQ0RHx/DBB4MJBAI4HA4CgYDZEjJ//p+0bt2GGjXOMo/Z7XaaNm1O06bNuf32duzfn83OnWmAjeTkZBISEsN+YVCIT0REREROF06nk1tvvYN33tlGRsY+09i26m6v18Ojj3ahX7+BtGjRMuy1RwvxWaHADh3uNSG+Q52YZ/3dqqPd7kjc7vDTllVji4iIiJRMVt92/fq/cDpdVK2aEjb4ccEFFzJx4jgCgQBlyiTxn//cSocO9wLwyy8/MXjwG+a9GjU6l0GDBpu/33zzraxevZpffvkx7POsPjNgBpcTEhJp0aKlQnwiIiIiUqIcKcTncDhMiO+ddz44YojPuj4zM4NVq1YCmIHpxMQyXHnlNUD4EPeh3sv6e2i/NyoqKuwa9YJFRERETi8Hh/gAcnJy+OKLzwgEAlx99bUmzGfVeZdeejnTp//OH3/MMNv4rOcLCgoYMuRtMjMz6dChE1FR0eZ11md9++0o0tJ2mO9QuXIVbrjhZkD1pIiInFiKjItIieXz+Y4pxNet21MmxGedpnw41uluAO3adaBjx/uBwoaz9b4Aa9euZtKk8eY1oY3lQCBAVFQUZcuWo379htSv34CkpLImDGjRLwEiIiIicjqwauirrmrNU089S2xsaTPYDIX1r9PppKCggF69nmbOnFnmtX8nxPfggw8Xec2hHKmOVo0tIiIiUvIEg0HsdjvLly/lgQc68vDDnVm7dk1YD7h69bOoUeMskpLK0rbtHSbEt3jxQkaN+sq8V7Vq1enZ80UzlGzVozfeeDMJCYnY7XYcDgcOh8N8buEJz14AHnmkO40anVvMPwERERERkRMnGAz+L8SXyaOPPhgW4oPCuQyXK4KPPhrG2WfXx+fzHTHEB/D555+ycOE8gLA+8qJFC9iwYT07dmw3r7Pey/q80JkO9YJFRERESpbRo0eaEJ/T6TSHQHz11TAmTRrP3r17gMJaz+/3Ex0dwzPPvEDFipXC5oXhQB351Vef06fP84wc+RU7d6axa9dOli9fyssv92XMmB/NZwE0aNCIypUrm88QERE5UbSRT0RKJGtYGOCll14MC/EFg0EzwNGjx/PmBI3DnQp3MCvMZ7fbuf/+Luzcmcb48b+YYWXrZI85c2Zx2213kphYJqyoP9JnaCW3iIiIiJxurBrbZrNxySWXATBwYH+ys7Ow2+0Eg0H8fr8J8/Xs2YP+/V/lggsuNI30998fzIgRXwD/LsQnIiIiImcem83Gxo0beOGFZ/F4PHg8Hnr06MZrr71NzZq1ADjrrJpce+315Obm0qFDJ/PaxYsXsn37dlPTNmnSlOTkCgQCgbC6s2zZcthshfVow4aNsdlsbNiwjqysLFwuF1FRUXTv3oOrr24N6LRmERERESk5bDYbHo+HJ598jPXr1xEREWEOsrCer1u3npl1cDqdRerhgw90+/bbUQBhhx1nZOzjxx+/ZdKkcdhsNpo2bU5yckWaNTuflJRqxMcn4HA4itTZVrBP9beIiIjI6S0nZz87dhzo1QaDQTOna4X5ALOZz+Fw4PP5iI+PZ9CgwXTv3pW0tB3m0IlgMGhmeWfP/oPZs/8wMwk2m42MjH0AuN1uCgoKSEmpTqdOnYmJKXXSfgYiInLmUJBPREokq0ncp8/z/PbbJHNCcuhmkGbNLjAhPp/PZ4J/x/r+VrP5xhtvITV1JRs2rAcwjeb16/9ix44dlCmTdBzvTERERETk1PNPwnwvvzyIZs3OV4hPRERERP61ZcuWkJGRgd1ux263k56+my5dOvHpp19RrVp1AO68s33Ya/bt28sPP3yD1+sxNevhhjRKl44jNjaOvXv30rhxE9q2vZ1169Yya9YfVK9eg5SUamYTn0J8IiIiIlLS5OTsp2nT5uzYsY3MzMywAF4wGCQ1dSXvvfc27drdQ+PGTcL6xQeH+IYPLxzAtt7D2nRtXZ+fn08gEGDGjGkEAgG+/XYULlcENWvWpG7dc6haNYWmTZsTERFB+fLJqr1FRERESoiYmFLceusdREdHM3LkV3i9HlMzhm7mgwNhPiu0V7lyFV566XWee+7/SEvbbpZ1hNaaViAQDswlWPMLCQmJDBjwKhUrVjpZty8iImcYBflEpMTaunUL6em7gcKhXyvcZ53ItnnzRj78cAi3396OhISEvz1gYRXztWrVplKlymzYsN40pF0uF16vl/nz51K/fgMNHYuIiIhIifd3w3zPPfcULVq04vfffwUU4hMRERGRYxfayw0Gg6xYscwE8izx8QlmMCP0eusU582bN5GZmYnLFYHPV7hRZMeO7cCBg9zsdjs2m41169aSnZ0JwMKF8+jUqTPNml1As2YXHPZ7iYiIiIiUFAkJibRtezvR0dEMH/4FOTn7zVC13W7H6/Uyb95cwIbNZqNRo3Ox2WxhByofHOKz5jZCWZtXrJraZrNht9vJz89j+fJlLF++DIC4uDhiYkqRklKdhg0b0b59p2L5OYiIiIjIiVWpUmXatLmRQCDA11+POKYwn/V8rVq1ef/9T3j66Sf46681AOZ1oUtAbDabOZQiEAhQo0ZN+vV7mapVq52s2xYRkTOQ/eiXiIicnipXrsJDDz1ihoitJrJVjO/cmcbEieMYPXoEWVmZZvD47wgGg7jdbm655TYiIyPNYz6fD4Bdu3YCaOhYRERERM4IoTX1JZdcxtNP9yQ2tnTYZmy/34/L5SI/P18hPhERERH526zact26v1izJhWbzUZSUlmg8ARln8/HWWfV4tNPvzJb8kLDdVbYLyMjA7/fj9/vM8//+utEvv56OFBYo1qPL1q0kL179wKFAUGXy3XI76YQn4iIiIiUVElJZbn22uu5++57iIkpZQ6+sLab+Hw+5s2bw/DhX7BkySKAw4b4ALMhJfTPDofDzHRYoT6fz2cCfdZ/5+TksH37NpYtW0LLlhefhJ+GiIiIiJwoFStW4oYbbuaOO9rhckWYutOa/7XCfJMmjWfv3j0Aph5NSirLm28O4a67OlCnTj2gcN7AOizCCvQFg0GqVk3huutu4JVXBinEJyIixU4b+USkRLIK7/r1G3LHHXcTCASZMWOqKeYtu3fvYuLEcQDcdVd7SpeO+1unJlvXxcbG4fF4zEkdVtGfk7P/uN6XiIiIiMip7lg281kHX4RuUbFqaYX4RERERORwrP7u0qWL6datK2XKJDFw4CCaNTufYcM+xePxULZsOfr1e4X4+Pgj1pOhYbxgMGhCgO+++xaZmZlcccXVuN1uFiyYx/vvv2OujYqK1uY9ERERETkjWWE+4JCb+awwHxSG8urXb3jIEJ91oNtdd3XA5XKxefMm5s//E5/PS35+vvk865Dm0AOZHQ4HXq+X2NjSDBnyMdWr1yimuxcRERGR4mKF+YBj3sxn9XdLly7Nffc9yM03t2Xy5AmsWLGMlStX4HA48HgKqFmzDtWqVePGG28hOTmZmJhSJ/FORUTkTKUgn4iUSKHDww0aNDKPz5gxNWwzH/z7MB8UrvQuW7Yce/akm6YzQF5eHqABZBERERE5sxxLmC80xGcNYtx77wPcd9+DgGpoEREREQln9XWXLVtCt24P4/V6SUvbTo8e3Xn00e5cfvmVTJnyK9WqVadcufJmqONw6tdvQI0aNVm//i9sNht+v98Me3z55WeMHfsTgNnE53A4iIhwc9llV4TVuyIiIiIiZ5JjCfPNn/8nLpcLtzuSyZMnAEVDfO3bd6JLl67mfdPSdrBv315+//03du3aydy5s/H7/eTl5QKYzX8K8YmIiIicng5ewnE0RwrzhW7mg/AwXyAQICIiguTkCnTocC+BQIDs7CycTie5ubkkJCSazdEiIiIni/6fSERKrOIM8+3evYusrCyzWcT6heOss2qF/V1ERERE5ExxLGE+i91ux26307z5BQD4fD41z0VEREQkjN1uZ/nyZTz8cGcAXK4I/H4fO3em8e67b5OQkABATEwp3G532IFrh+J2R3L22eewfv1f2O12AoGAOUzC7/eTkZFhataIiAg8Hg+VKlWiSpUUAIX4REREROSMdbQwn9frZebM6QQCAaBoiK9Dh3t58MGHzWN2u53k5AokJ1egXr1zANi6dQvZ2VnMmDGNbdu2snLlCtLSthMREaEQn4iIiMhpJjTEN3r0COLjE7n66tZHfd0/CfNZnxM6/xsXFw9AdHRM2IHD6vGKiMjJoqk4ESnRiivMl5GxD6/XY/5uNaDLlStvvoeIiIiIyJnm72zm8/l8dOv2MH37vsKFF7Y6mV9bRERERE5BBQUF/PDDN+bvfr/PBO3S03eRlZUBFPZqgSNu4wsGg7jdbu699wGWLVvKpk0bcDqd+P1+M2xsvbfD4cDjKez9durUmWrVqh/3exMREREROd0cKcxn9YUB0we26uz27TuFhfhC63brNTabjcqVqwCYYN/OnWns27eXUqVizXMiIiIicmo4uK4LdXCIb/DgNwFwuyO45JLLj/re/yTMBwdmdkOXcITO8WqmV0RETiatiBKREi+0SdygQSPuuqs9F110KYBpFttsNmw2mwnzjRz5FVlZmWGvPZzc3BzGjPkRn8+Hw+HAZrPhcDioUKGi2SgiIiIiInKmCq2pL7nkMp5+uiexsaXNQAcUDmg4nU4KCgp44YVnmDNn1sn8yiIiIiJyCnK73dx9d0dat25DdHS0qSdtNhs+n4/8/HwAlixZxG+/TTrie9lsNvx+P+XKlefVV98kObkCPp8vbNjYGji2Dm177rneZrDkaD1jEREREZEzgRXmu/vue4iJKWW264UKDfHdd9+DdOnSFTj0sLdV34eyXluuXHnq1j1bIT4RERGRU8jkyROAwsPQrD5qqGAwaOrDr78ebkJ8AC++2JPff//1mD7HCvPdcUc7XK4I/H6/mUM4EOb7nEmTxrN3757jcGciIiInloJ8InJGODjM165dh38d5rNet337dv76a415LHQIJCmpbDHcnYiIiIjIqe1Ywnx+v9+E+Xr27KEwn4iIiIgUUaPGWXTo0IlWrS4uEuaztj0Hg0HmzJnF7t27jvhe1nBJxYqVGDz4I1q1upjy5ZPNoLHf7ycqKpq6dc+mf/9XzbaR0K3SIiIiIiJnugNhvo5FwnyhdXOlSlXMjEboQPfRHOq9REREROTk69GjG3379uKzzz4GDh3ms2q4b74ZxbvvvgWA0+nE6XTi9Xrp27cXU6Yce5jv+utv4vrrb8TpdJr53WAwiMPhIDMzk6+++pyJExXmExGRU58teJKODd29O/tkfKyInOFChyyWL1/KiBFfMmPGVOBAAzgYDBIMBilbthzXXHMdd93VntKl48Je6/P5cDqd+P1+nn66O3PnzjavDwQCxMcn0Lfvy5x77nlhq8FFRERERM5koTX19OlTeeWVfmRnZ5ltJ1DY4Pf5fERERNC//6u0aNHyZH5lERERETkJDg7LHdxj3bx5I8OGfcrMmdPJzc019aTNZjMDHF27Ps4dd9x91IFfaxPI/v37Wb/+L2bNmkl2dhYej4fLL7+SypWrUqVK1UN+LxERERERKZSevpvx48cyfPgwcnL243A4CAQCpu/rcrlo1ux87rjjbpo0aQqovhYRERE5XfXo0Z3Zs2eanm3Hjvdz330PAkU3L+/bt49+/V5g4cJ55tAHK3xnzeG+8EI/LrvsymP67OXLl/LGGwNZu3YNdrs97LC3QCBAXFwcd9/diWuuuZbExDLH/+ZFRKREKVs29qR8roJ8InLG+bdhPmtTCEDPnk8zbdqUsBCfw+HgyiuvoWvXx0lISCzu2xMREREROaUpzCciIiIiR2KF9tauXcOGDeu5+urWYY9bDhfms9vt5uTnp59+nuuvv/mon3ksA8QaMhYRERERObLDhfmsoWqn00mzZhfQrl0HGjduAqjOFhERETndWCE+h8NBMBg09V6nTp0PG+ZbsyaV4cOHMWvWTPLz8w8Z5uvVqx+XX35sYb7Ro0cwePCbQPjmZqvuTEwsw3/+cys33XSLZnhFROSITlaQTyuiROSMY7PZzIBw/foNadeuAxdddCmAOa3ZOqFj9+5dTJw4jpEjvyIrKxObzXbYEJ/1C0GZMkm0aXOjfgEQERERETmE0Hr84osv5ZlnehEbW9o0+AFzeIbH46Fnzx7MnTv7ZH5lERERESkmVlhvyZLFdO7cgaFDP2LSpAkA5nRlS9Wq1ejY8X5atbqY6OjoIgPCAAMHDmDs2J+P+rlWHRp69mXoZ4VeIyIiIiIih5aUVJZrr23D3Xd3JCamVNjGFbvdjs/nY968OYwY8SWLFy8EwvvFIiIiInJq+/zzT8JCfHCgnvv8808YOvQjoPDgXuuwNYDatevSvn0nzj//QiIjI00v15oL8Pl89OvXiylTfj3i51s929at21C1agp2u918vvWd3G43e/fuYfz4X8IOhhMRETmV6P+hROSM9E/CfMOHf4HH4wGgZ88eYSE+65Rnm83GY489wbnnnlf8NyUiIiIicpr4u2G+p556jHnz5p7MrywiIiIiJ5gV4lu6dDHdu3clEAiQlradr78ezsSJ44BjD/NZtSTAK6/0O6YwH4SH9TTkISIiIiLy9ynMJyIiIlJy3XVXey666FIT0rO2Kx9LmK9WrTp07HjfvwrzWT3b0qXjiI6Oxu2O5PrrbyIqKhqfz4fb7aagoIC4uDheeul14uLiT9wPQ0RE5F9wnuwvICLyd1iF/8F//iesXx5sNpsJ8wHMmDHVDI1Y77979y4mT56Ay+Vi7drVzJo1MyzE5/P5AHj22Re45JLLj8v3ExEREREpyULr8YsvvhQoHLLOzs4ygx1WPW2z2ShbttxJ/LYiIiIicqJZm/i6dfsvPp+PiIgIPB4Pa9akMnr0SACuueY6E+az+rNWmA9g5szp5ObmmoPXrAGQV17pB0CbNjeenJsTERERETmDWGE+gOHDh5GTsx+Hw2HqeCvMZ2ncuElYv1hERERETj2FQblIevfuT58+zzFz5vQi/65vhfkA7rvvQRPmczgcwIEwH8DcubPIz88v0svt168XNhtcdtmVh/0ufr8fv99PXl4uVapU5aWXXqNXr2fYvz+b+PgE3nnnA6pXr3GCfyIiIiL/nI4TFZHTSmjTNnRTx795v7+zmW/UqK+OGOK79trrAYX4RERERKRkCAaDYRtPQk9FPh4nJB9pM5/T6cLr9VKqVCzDho2iWrXq//rzREREROTU9vPP35uTk30+n+nDWmG+4trMJyIiIiIi/87f2cy3ZMliAM1YiIiIiJzCnE4nfr8ft9tNnz4v0arVxaYPe7w38/Xt24sJE8ZSUJBvXhcIBExPePfuXXg8XgC2bt1K06bN6dv3JcqXT+bNN4coxCciIqc8W/B4TN79A7t3Z5+MjxWR00ToicoAGzduYNu2rSxZsgi3201kZCS1a9fhnHMaEh0d/a8/LzR4t3z5UkaM+JIZM6YCB9Zxh/7Ppc1mKxLiu+66Gw753UVERERETicHH0oRekqyz+cjMjLyhH7m9OlTef31l9m3by+lS5fm3Xc/VqNdREREpAQL7acGAgGeeeYJZs/+I+w0Z2tAo3btutx++11cc811RV4LsHnzRoYN+zRsM18wGMThcJhe7jPP9NJmPhERERGRYpKevpvx48cW2cxn1fmFsx91eeihR2jQoNHJ/roiIiIichTWhr2CgoJDbuYLBoPmz506dea++x4Me51l7drVDBs2NGwzX2gv1+Fw8MAD/+XSS6+gUqXKYd/h9ddf5qefvgfg5ptv5cknnwbA4/EQERFRTD8JEREpCcqWjT0pn6sgn4icckIL9iVLFjF//p98/fUI/H4fHo/HXOd2u0lOrkCXLl2pV+8ckpLK/qvPPVqYL/T0EOvkD1CIT0RERERKjtB6dtu2rWzYsJ6ffvqOffv2kZWVCUDz5hdQpUpVrrvuRqKioszJe6FN938itB7/7bdJfPDBEAYOfIMaNc76dzclIiIiIqek0PovEAiwdu0aYmJiiIkpxeOPP8SGDevNtaEb+BTmExERERE5vRwuzOdyufB4PMTHJ/Dxx1+QnJx8sr+qiIiIiByD4grz2e12zj+/Beed14wmTZqxffs2ZsyYysSJ48x7dOrUmfvv7wIUPbRYRETkaBTkExEhvFD/8svP+f33X1m7djVQuGLb+p+s0GI9Li6Oyy+/iptuastZZ9X8V59/tDDfwQMfoSE+/RIgIiIiIqez0AHo336bxA8/fMuqVSvweDzYbDZzQrLVeD/nnAace+553H77XSQkJB6Xejj0PXJzc4iOjvnX9yUiIiIipx6r9ty8eRPTpk3hjz9msGbNarxeD7Vq1cbn87Fhw3rTkwWO62Y+u93Ok08+w403/qf4b15ERERE5BQSOmx9IucdDg7zud1uCgoKKF26NIMHf6QD3UREREROMwfCfPn06fM8M2dON3Wl1Y/9N2E+u92O3+8317lcEfh8XtMvttvtlCtXnpdeep1atWoX782LiEiJoSCfiJzxfD4fTqcTgLfeep3vvx8dVnSHDg0DYcPEUVHRtGhxIffcc/8JDfNFRESYrYDaxCciIiIiJUVoPfv999/w3ntvU1BQAIDL5cLn85n6GzANc7vdTpUqKfTu3f+4NceLa3BERERERE4Oq/ZcuXI5AwcOYNu2Lab2PBSrTrXqw38b5nO73eTn5wMwcuT3VK5c5UTdqoiIiIjIKedw/deD/34iZiCsMN/XXw8nMzODuLg4Bg/+iOrVaxzXzxERERGRE+dQ/47v8/no3ftZZs6cbvq31jV/L8w3m/z8vLDtfhBemwaDQZxOF16vh1atLubZZ1+gdOm4E37fIiJSMinIJyJntNDC/KWXXmT8+F9MER7aRLbZbPj9/kOexBwZGcUNN9zE3Xd3pEyZpH/1fY4U5gOF+ERERESk5Aitfb///hvefPNVoDDA5/V6ww7TsDgcDlMH+/1+4uMTeOSRbrRqdTExMaWK/R5ERERE5PRg1Z6rVq2ge/eu5OTk4HQ68fl8AFxyyWVUq1aDuLh4MjL2MW7cGHJycsjLyw3rwf7TMJ/LFYHXW3hQW48ez3PDDTcX052LiIiIiJx8ofVyZmYGu3btYvr038nMzMDr9VK37tlUqlSZpk2bn7DvkJ6ezo8/fsuECWMZOPDNf31Qs4iIiIgUn9B6cvfuXaSn72bRooW43W4gyMiRX5Gevtv0by3HFuZbw4gRXzB79kxycnLCtvrBgWCgNaOQlFSWwYM/1EFtIiLyryjIJyJnrNCCfMCAPkyYMNaE9ux2uxniAMIGLeDAALEV5ouLi6dnzxe54IIL/3XALjzMt4wvvviU2bP/4JlnetGmzY1FrhEREREROZ39/vuvvPTSi+Tn5xMZGWm2lFx66RUkJCRgtztYsOBPtm/fhsfjwel0mlre5/MRH5/A7be348YbbyYuLv7k3oyIiIiInLI2b97Ec889xaZNG83hEQCdOnXm/vu7HHTtRqZNm8qECb+wefOmfxXmmzNnFllZWQA891xvrr32+kNeLyIiIiJSEoXWvbNmzWTy5An88ccM8vJyw65zOp3cdFNb7rzzbsqXTz4h8xB79qTjdDrVRxYRERE5jYTWk7/9NpkxY35g+fKlFBQUABAVFU1BQT6BQMDM9YY6ljDfxo0bGDfuZyZOHM/evXvCDhgOBoPmPcuXT+b119+hWrXqxXHrIiJSginIJyJnJJ/Ph9PpBI4c4mvV6mLq1KlH48ZNSE1dybx5f7Jw4Tx8Pl+RMF/NmrUYMuQToqOj//X3Cw3qLVmyGL/fR5MmTYs8JyIiIiJyOtu6dQtvvvka8+bNwel0mmHqAQNe4/zzW/zvBD1YvTqVxYsX8NlnH5OTkwMUnnwXERFBQUEBderUY8iQj3C7I0/avYiIiIjIqcnqp44Y8QWfffYJBQX55vGrrmrNCy/0Aw4E9KyhkPz8fNauXc1bb73OmjWp/zjM9/HHHzB16m88/XRPrr/+prDvJCIiIiJSkoXWxz/++B0ffjiE3NwcAoFA2IFtgUDA1NgXXtiKdu3uoX79hmHD1SIiIiJy5gmtJ7/7bjQffDCYgoICQiMIiYmJREVFs23bVux2uwn0hW7VO5Yw3759e1m1aiUff/weW7ZsNkFBgAoVKlK7dl3++99HqVSpcnHcuoiIlHAK8onIGedYN/E9+ODD/Oc/t1GqVCnz2k2bNjJx4jhGjfoKr9drTtxwOBxERkYxYMCrNGnS9LgMYhzqPXRKs4iIiIiUBFatW7iNry/5+XnmuT59BnDFFVeb2tc6hKOgoICHH+7MmjWp2Gw2s5EvJaU6b7/9HmXKJGkgWkREREQOyev18vDDnUlNXWl6wYFAgIceeoS77+54xNdu3ryJfv1eIDV15T8K823YsJ6srEwaNToXUIhPRERERM4MoXXx6NEjGDz4TeDAwRlWXWyNj9ntdvx+PwDnndeMu+/uSJMmTRXmExERERHGjPmRV18dAIDL5cLr9RIdHU2PHs9Ts2ZtkpKSWLt2DX/+OYcpUyazbdvWsEUdVqjvaGE+gIKCfBYsmM+6dX8RDBaGAlu0aEXZsuWIjT05oQsRESl5TlaQz3lSPlVEznjHGuLr1u0p2ra9w7zOGh5OSanGtddez+bNm5g+/XegsMHs8/nYvz+bVatW0KRJ0+MyiHGo91CIT0RERERKApvNhsfj4euvR5Cfn2dOX27YsDHnndecYDAYFuID6N+/t9mEYj1XtWoKgwd/QEJCIl6vF5fLZT7jUE13ERERETkzbdmyyQxvWAMbdruds86qBRy5dqxaNYWnn+7JgAG9+euvteZwN+t05zVrUhk9eiQA11xznXnc6uVWr17DvJdCfCIiIiJyprDq4Z9//sGE+Nxut9lsYtXNltAae8GCeQSDhX3kc889T31eERERkTPY/Pl/8skn7wMHQnxOp5NXX32bRo0am+saN27COec0oE2bGxkwoA/Lli0xIT6rJxsMBvn8808AuO++B3E4HGG9Yb/fj9sdyYUXtuLCC1sV742KiIgUAyVRRKTYHXuI7/9MiM86/c0aHgaoUqUqLVteRDAYNI1l6/k9e9LDXiciIiIiIoeWn59HRkaGOWk5GAwSFxdHfHw8NpstLMTXs2cPpk79DbvdjsPhNCG+d9/9iISERPx+vwnx/frrRPbu3aPhDhEREREx/P4AXq+HQCBAIBAwvd3Zs2cCHLV2POusmtx/fxfKlStvesLWoDFgwnwTJ44Dig4lWxTiExEREZEzyZw5s/j448Kh69AQ3+2338Vjjz3B5ZdfSZUqVYEDG6+tGnvhwnl8+eXnLFq0wGzqExEREZEzhzWDu2TJIrKzswFMXfjww4/TqFHjsF4tFM7xVqpUmbfeeo+LLrrUPG79txXs+/zzTxg69CMAE+az/iwiIlKSKcgnIsXq74X4bgcwa7VDWYX/uec2pWzZctjt9rBrPB4voCCfiIiIiMjRbN++jV270sIe83g8QGE9fSDE9zTTpv1uQnxerycsxBcMBnE4HOTl5fHFF0N58cWeLF68yLyPiIiIiIjb7cZms5vTl606cePGDWRkZAAcMnhnsdlsnHNOQ5o0aQocGOgI3bxnhfkmTRoPYDb3iYiIiIicaYLBIFlZmUyePIHs7CzsdrsJ8b3yyhs8+ugTtG17B7169aNz5/9y3nnNAMzBGwrziYiIiIjNZiMrK4uxY3/G6/WG9VvLlSsHHDgEwprhtdls+P1+IiIi6N27P5dcclnYgWzWNUcK84mIiJRkCvKJSLEJDfG99NKLYSG+YDBoQnyPP/5kWIgvtHi3WI+lp+9m37695vRmq4ivWLFS2HUiIiIiImeyIw0uR0fH4HS6zMC0zWZj5crlzJw53TTae/bswbRpU7Db7TidRUN81uEbmzdv5KOP3jOnO69bt9a8p4iIiIhIXFwclStXMQezWXXiwoXzGTPmB+DowbuEhARuuqktAD6fL6zHHBrm++670cycOQ1QPSoiIiIiZyabzUZa2g5mzJgWNhDdtevjtGx5kdmQ7XQ6ufzyK+nUqTMJCYmmXj9amE9D1iIiIiJnhtzcHPLy8nC5XKYPGxERQWJiGeDQdaEVynO73fTq1Y+GDRvj9/sV5hMREUFBPhEpRqGb+MaP/8U0f0OHMjp16sytt94JHD7EZz0HsHLlMmw2u3kv6/pKlSqdyFsRERERETlthG64turo0Ma3w+HAmmu26vOsrCwWLpzHvn176dXrmbBNfB5PeIjParbv3buHYcM+5dtvR5n3TkvbDmgjn4iIiIgUiouLp379BmbDh7XVGeCTTz4wW/QO7huH8vl81KpVixo1zgLA6XSaDX9w4HC3lSuXM2bMj6SmrjrRtyUiIiIicsqxau6xY38mLy/X1M12u52UlOph11m++WakOUg59DCMg8N8CxbMw+PxmFp+3bq/yMrKKqY7ExEREZHi5vP5KCjINz3dYDCIx+Nh8uQJwIHZ4IOFhvleeKEflSpVwe/3h9WahwvzhdapIiIiJY2CfCJSrGbOnF5kE5/1H4Dp06eydesW4PCnJPt8Pux2O3v2pDNmzI94vR5zvd/vp1atOrRseXHx3JCIiIiIyCks9HCMn3/+gddff5mCgvywU+wqVapM06bNzWus67/5ZhSPPtqFqVN/O+wmvtCt29nZ2UyfPhWAiIgIADO8oSa7iIiIiFg1YevWbahcuUrY43a7nUAgwNChH5ua8nBhPqfTidsdSVRUNHa7ndat29CgQaOwmtOqaWfNmsmsWTNO4F2JiIiIiJya7Ha7masAwraf7Nq10zzmdDoB6Nmzh6nFAcqVSwYO1PGhYb4vvhjKpEnjCQQC/PLLj7zzzhtMnjyezMyM4rg1ERERESlmTqeTQCBQJIS3cuUK1q5dfcTXOhwOgsEgSUllueGGm0z9aQmdJf7qq2G89947AIddAiIiIlIS6P/lROSEOnjFdatWF/PAA/8NGxy2CnGn08n69X/xzDNPsHXrlkMOavh8PpzOwi0gzzzzJBs3bjCDw4FAgJiYUrRufZ3Wa4uIiIiIcKC5/d13o3nttZcYM+ZHXnmlvwnz+Xw+AKpVqwEcGJa2auzNmzcV2cQ3ePCHRUJ8UBgITEwsA2Det27ds4HDn8AnIiIiIiXToQJ4Vm1arVoNzj67PlC0TtyxYxuffvoBU6f+BhTWp6EBvWAwSCAQYPv2bWRkZBAIBNi/fz99+75C3br1wq613vuzzz5m6dLFx/X+RERERESK08H19eG2V4cKBAL4fD52794NFNbjfr+fQCDAmjWp7N+/PyTE9zTTpv1uXtu+fSf69n2Jc889z7yXtc0PYMmSRQwe/Abt2rXljTdeZeHCeQwbNpT58+fpUDcRERGREig5uQLnn98Cu90eNte7evUqJk2aYK47XC1os9lwOBw0b34BLldE2GY/axu0yxWB1+vhl19+Yt++fcVyXyIiIieLgnwicsKEDvZu2bLZPH7PPffRqVNn7HZ7WIPZun7Tpo0888yTRcJ8oSG+Rx/tQmrqSnNah6VKlapceOFFpvAXERERETnTpaau5PPPPwEKh5mnTfudV17pT35+vhnUuPPO9lSpUtWcoGc12K3GudfroVKlKrz77sckJpbB5/OFHagBsHp1Kjk5OWEn45UrV744b1VEREREThGhpzLDgZrR7/cTHR3NQw89QnJyBVNXWkPBgUCAjRs3MHjwm/zyy49A+MnLNpsNu93On3/OYdu2LQD4fF6SkpLo3XsAdeocCPMFAgFcLhcAf/45J+x7iIiIiIicLoLBIDabDa/Xy/jxv7B27ZqwHu7BB1+EcjqdVK5c2TzncDioVq06jRs3oVSpUgD06fM806ZNMa9p374TXbp0pV69c7j++pupUKFi2Ptb9XleXh7btm01NX1WVibZ2Zkn5ocgIiIiIifdWWfVMgG80PncUaO+4ttvRwGYHu+h+P1+atWqQ+3adQAoW7YcpUuXNq/zej3ExpZmyJCPSUhIKIY7EhEROXkU5BOREyI0xNe797M88sgDpKenm+c7dryf++57sEiYLxAI/C/MtyEszOf1ek2I75FHHmTlyuVmwMPhcBAIBIiLi+Pxx5+icuUqxX6/IiIiIiKnioOHNXbt2kVGxj4zYOH1evj114l8++0oE9SLjY2lbds7iIuLNyfeWf+xXnfFFVcRGxtLMBjE6XSarXvW8z/99B2ZmYVbUQKBAHXrnk3r1m2K8c5FREREpLhZtWd+fj779u3l+++/4bPPPmbw4Df59NMPGTv2Z9LT08nPzwMwW6HLli1H374vEx+fgM/nM31ia9Bj166dDBw4gMGD32T58qWm9ty3bx8///wDgwa9Yr6DdThF5cpVeOSRblSsWMkMi1ivW7x4IRAeChQREREROR3YbDZ8Ph+TJ0/giy+Gct99d7N06eL/DTt7TY07btwY5s6dXaRvW7t2XaCwdk9JqcYDDzzMVVe1BuDttwfx22+TzGfdfvtddOnS1fz90ksvN6+3DusIBALmvW02G06nE7/fT40aZ9Gy5cWquUVERERKGKsH3L59R+rWPTtsk57Vm3377UGMGfMjQJGZYIvD4aCgoID9+/cD0KJFS1q2vJioqGh8Ph8xMaUYMuRjqlevUTw3JiIichI5T/YXEJGSx9qcBzBgQB+mTPmVMmWS2Lx5I0lJSXg8HiIiIujY8X4Ahg79yAwLQ9EwX//+A6lWrToFBfk8+uhDrFq1IizE5/V6sdls9O37CvXrNzAnfoiIiIiInGlChyi8Xi8ul4u9e/cAhQPOXq8XgNat23DttdebsB5Ay5YXsWLFMqZNm4LH4zENdqvJ/sUXQ8nOzuLiiy+jadPmpubPydnPhx8OYfz4X4DCBrzLFUGLFi0BVJ+LiIiIlFBW7blhw3p++OEbFi1awMaNG4pcV65ceZo1O5+rrmrNeec1M3VkvXrn0KPHcwwc2J/MzEwzAGwdJuH3+xk9egTTpk0hMbEMpUuXJjMzk9TUlUDhQEhUVDQ33dTWfFatWrVp1uwCfvrpOxMKtNvtZGdnFc8PRURERETkBFi8eCHffTearVsLt1J36/Ywb7zxLo0bNwEKt6AMGfI2lSpVoUeP52jYsLGpuy+77Ep+//03srOz6Nz5IS666FIAJkwYy5Qpk7HZbASDQVq1upgHHywM8VkHY0RERNCuXQfmzp2Nx1NAbGwseXl55iDmQCCA1+slLi6O3r0HULZsuWL+yYiIiIjIiWb9W39EhJvLLruC7du3kpWVhc1mw+/3m0OAX311AD6fj//851bzGmtWwOrT7tixnfz8fKBww/Nzz/UmOjqapUsX07NnX4X4RETkjKEgn4gcV9Z2DoCXX+7LhAljsdvt7NmTzqhRw2nSpCkREREm7HcsYb7evZ+ld+8BvPbagEOG+ADefHMITZo01ZCwiIiIiJyxQkN8P/74HX/9tYYHH+xKpUqVAPB4PABce+31PPdc7yKvT06uwF13dWD37l1m64kV5rOa7z/88C3Tpk2hSZNmVK2aQnr6bjZt2siSJYuAwsEOj8dDrVrVuOGGm3G5XMV09yIiIiJSnKzac9WqFQwY8CLbtm0x9SMc2Lxnt9vZtWsn48aNYezYn3nooUe44oprSE5OBqB58wvo1u3/eOut10yYz+fzmfcPBALs3r2LnTvTgANDIy6XC6/XS9269ahUqbL5XjExpbj88iv56afv8Pv95j2ysrLIzc3B7Y7E4XAU809LREREROTf8fv9rFmTCkBkZCT5+fl06/Yww4aNYunSxQwZ8jYA27ZtoX//3jz3XG+aNm0OQGJiGa655jqSkyuYw9f8fj8LF843h8DZbDbq1KmH2+0O6zMHg0FKlYrF7/cTCAQ455wGVK1aje+//wav10NUVDQVK1aiT58BpKRUK+afioiIiIj8W6G139GuczqdXH31dSxcOJ+5c2ebAyFCw3xvvDGQvXv30KbNjSQnVzD9XOszvv12FNu2bcFms5Gfn4/T6eSRR7qTm5tD6dJxJ/ReRURETiUK8onIcWUV3i++2JNff52I3W43RfiiRQv4/fdfueyyK83pyg6Hg44d78dms/Hppx8WCfM5nU7Wr1/Hgw92pKCgwJzqFhrie+ut9zjvvGbH/EuFiIiIiEhJE1oLW6cvR0ZGEggE6NDhXpo2bc78+X9SqVIV2rfvCGDq8VC1atWma9fH+eCDd1mxYhn5+flmG4o1BL1v3z5+/XVike/gchWG+JKSytKrVz+dviwiIiJSQgWDQex2O8uXL+OJJx4hLy83rK4MBAKmPrWutU5n/uCDd1m37i+uvvpaLrjgQtzuSC6++DJiYmJ46aW+ZGTsM68DzDCI9WebzWZ6w1FR0dxxRzvKl08238tms5GUlERkZBQeT4H5Tg0bNiY6OqYYf0oiIiIiIsfP+ee34KabbuGnn74nPz/fHGxxzz13mO15kZFR5OfnsXv3LiIiIoADBzHfdNMtYbMUq1atZPz4XwBM39eql0Ovs9lsxMXFER0dRXa2j7POqkWXLl254oqr+OuvtZQtW46aNWuTlJRUXD8KEREREfmXQpdl2O120tLSWL58CatWrcTv9xEMBomNLc3FF19KQkIiZcuWM33apKQkunX7P5566jG2bdtq5oBDw3yff/4JK1Ysp2HDRlx77fUEAgF27drFuHE/M27cGPMdypQprCGdTqdCfCIicsZRkE9EjruCgoKw5q7f7ycYDJKfn8eyZUu47LIrgcJTma3h4XvuuQ+gSJjP7/djs9nwer1mxfbBm/gU4hMRERGRM51VC48c+RXvvVd4+rLH42HSpPFkZGSYrdlOp5PExMKG+OE2kdStezaPPvoEX331OX/+OZusrCzz/tbwtPVnwAxWe70ekpMr8Nprb1O1asoJulMREREROdlsNhvr1v1Fnz7PkZeXi9vtpqCgMDSXlFSWUqVKkZGRgd/vIzMz0wTzrH7w5MkT2LdvL/v27eXaa68nIiKCFi1a8c47H9Cnz/Ns2rSBQCBgXhMa5LNCggBPPfUsLVq0AgprUmsAZePGjQQCfnMgBaDtICIiIiJy2rJmIS6++DJmz/6D9PTdYduwASIiIsjPz8Nms/H66+/QsGHjIgPacGBoOz19lzmU2ZrJWLVqBfv27SUhIREAn8+H0+lk5crl5OfnEwgESE1dCUC9eudQr945xfyTEBEREZF/K3TOdsWK5SxcOJ/Ro0ewf382Pp8v7NoxY36gTJmydOx4Py1bXmRmDipXrsIrr7zBI488QGZmJg6Hg0AgYGaB/X4/8+bNYd68Ofz443d4vR4cDif79u0FCvu8yckVaNPmRuD/2bvzcCvLsm/Av732ACKTCIoC4oRazgOpaWlqmUOmZeaspZWWZWVfltmbWmb2lkOOqWWlmamV9mrOppk5zxOKpYgDgoLMsPdea31/0PO4t4KQuUDwPI+DA1jrGdaz/tBrX1y/++4eLASAdwupF+Bt16NHj2y++Rbp2XOpJHMK76L4v/TSi3PvvXeXxxaFe5Lsv/9nc9BBX+i24nLy2hBG8asI8Z100unZZJP3CfEBAECSK6+8ogzxtba2pVarZfbs2Rk16rFMmDAhTU1N6du3b3r37j3fa6222uo5+OBDss8+B2bYsJXKYeliR5WWlpayZq/X6+nbt1822miTnHzyGVl55VUa95AAACxykyZNzPnnn5uXXhqX1tbWMsS311775qc/PS2//vXFOf/83+Y73zk2G264cVlLFrs8VyqV3HPPXbnsst/n5ZcnJJkzQLLKKqvm5JNPz1577Zf3vned8pwi1Fer1dKjR48MH75yjj32hHzkIx9NMmfAuGsP+qabrk97e3u5wNyIEWtkt90+lSTd+s4AALA4KOrcjTbaJCNGrFEujNx1kYv29vYkybnn/ibve99mZTjv9YrXxo8fX55f7K5y88035sYbr8urr76aJOWg9o03Xl/W/IMHr9jQZwUAoHG6ztled93V+dGPjsuvf31eXn11UpI5tWJLS0vZw504cWJGj34iRx/9zZx55ql5+OEHy2utvPIqOe20czJo0HLl/G/y2jxB0a+dOPGVTJkyJZMnv5okaW1tTb1ezxprrJkhQ4aW9wWAdxs78gENsd122+fmm2/KLbfc1G3F5Xq9nr///W9Zf/0Ny4J/fjvzFY3jrn8+6qjvZeTITctV4AAA4N2utbU1gwevmFdemZCOjvZUKpXUarVMmDA+r746KfV6PaNGPZb77rsnG220yXyvN2TI0HzqU3tmm222y1lnnZaxY8dk9Ognu63EV6/Xs9FGm2TrrbfNVlt9KAMGLNvIRwQAYBEqBj2efvpfeeyxR5KkXHRtv/0+k89//ovlsQMGLJvNN98im2++Rfbdd4+MHTsmyZyF3YpzPv/5L2bgwEFJUtauAwYsm89+9vPZa6/9cvXV/5cxY57Jo48+kj59+qRHj57ZZpvtstpqI7LWWu9J8touIfV6PZ2dnTn99JNz443XJZkzANKjR89sttkW6dXrtUXnAABgcdPR0ZHW1tZ87WvfzMMPP5hp06YlyRtmKdra2pLMfwGLfv36lefXarU0Nzens7MzZ5xxasaOfTbrrbdhBgwYkGuv/UuuvfYv5Xn9+/dvzAMCANBQXUN8f/jDJTnjjFPT0TFnMYium3F0XeC3qamprBMvvfTiPPvsmHz845/IBz6wdZJklVVWzSmnnJHjjz82Tz31ZLm4RNGDLTbuKGrWojc8ZMjQHHroV9KnT5+F+RUAwDuK9AvwtitCefvss3+eeurJPP/8c2UxXqvVcsstN2WfffbPwIGDuhX8CxLmKxrOF198Yd773nUyfPjKttYGAIAk22+/Y3r06JFzzjkzzz03tmzG12q1dHR0lH++887b8573rJ2lllpqvtdsaWnJ4MEr5Jhjjs+kSRPzyCMP59VXJ2XSpIlZbrnlM3DgwIwcuZmaHADgXaAY9Ljsst9nwoTxZX251lrvyac+tVeSlLvnNTc3J5kzFDJmzNNJ5tSWRYjvpJNOy8iRm3Xr/xYLwrW2tqa1tTWf/vQ+SZLZs2enR48eb/g8l19+WSZOnJj3vW+zPPbYI3nggftz6603J0na2trS3t6eVVZZNbvttnt69OjZwG8GAAAaq7W1NUly0003ZMqUKeXrxfxEpVJJtVrNZz6zd0499aysv/6G3Ya1X2+jjTbJcsstn/HjXyrr+mJI+/LL/5A//vHS9O7dJ9OmTS2vv+yyA7PFFh8s76sfDACweCh2yUuSP/7x0pxyyv8mmVNjdnR0vGFHvWROuK9Wq6VarXabM5g2bVqq1Wq23nrbJMlKK62c4447Ib/73YW5667bM3bss+Wsb2trW2q1ajk3XK1Ws/zyg3PiiSeXu/EBwLtVU31+yzA1yIQJUxfFbYGFaMqUKfnf//1hbr75xrS0tJRFfbVazcc//sl89avfeMNuekWYL0l+85tfdgvzFYoG8vDhK+eEE36aYcNW0igGAOBdretQxk033ZDzzjsrzz03tmzKF/VyrVZLv379ctxxP8pGG23Srf5ekGvPi3ocAODdYfr0afnc5w7ICy88Xw5gbLHFB/KjH52UpHvtePHFF+aMM05NkvTs2TOzZs1Kkvz0p6flfe/brFy4rVKp5JVXXs6yyw58w/2KexSDI8W1//znP+WCC87PuHEvlgMnhSLEN2jQcjn11LMybNhKDf1OAABgYbjkkoty2mknJ3lt6LrrosjFwhnNzc059dSzs/76G8y1t1ss/PaLX/w8f/rTpZk1a1a3HnJxTDGw3dralo6O9my++RY5+uhj07dvv4X+7AAA/Peuv/6anHjiDzJ79uxu/drttts+w4evnJaWlkyc+Er+7/+uyOzZs+Y6a5Akm2zyvuy332ey0UablO9Nnz4tzzzzTC655KLcf/+9mTRpYrd7r7jikIwYsUYOOeTLGTp02EJ/dgCYl0GDFs0OsXbkAxqmb9++2W+/A/OPf9ya9vb2stGbJE8+OSqvvPJyll9+cLfmcdeBjLntzJe8FvYbM+aZfPvbRwjzAQDwrte1gb7NNtslSc4776w8//xzZX1d7IwyefLkfP/7/5PTTvt5hg4dNt8w39xCfK8fAFGHAwC8O7z00riMHftsktfqxGK3vFmzZqVnzzk73y1IiK8YOr799tvy7W8fkR/+8Cd5//u37Ha/pqamslYt7nf//ffmhhuuzbhxLyZJuYBccc329vYMGLBsfvrT04T4AABYIkybNi3PP/9ckjk1crGQRWtrazmL0dnZWQb8Dj/8kHmG+SqVSnr06JHttvtInnhiVB566P50dnaWNXVRVxf95I6OOfX1l7/8dSE+AIDF1JNPjsoll1yU2bNnp7W1tezX/uAHJ2bzzbdMW1tbeez22++UP/zh97nzztszceIrZS1ZzP/ec89dGTx4xayxxlrp3bt3arVall66d9Zee50ce+wPM3r0kxk79tl/zypU06vX0tl0080zYMCy6d279yJ5fgB4p3nzJfUB/gu1Wi1rrLFWPv3pfcqAXjHg+/jjj+bqq69M8sbB4K6Bv/33/2wOOugLZdO467W7hvm6bskNAADvRl3r4W222S4HH3xohgwZWq6OV/ze0tKSl1+ekK985ZC89NK4NDc3p1qt/kf3mt8OfQAAvHPNrYda9GPnp7OzM0nS0tJSXmfUqMczbdq0BQ7xJXNq16lTp+aqq/6c733vqFSr1XKV5jfr8U6YMD5XXnl57r//3iSv1aXFwHFzc0vWWGOtnHba2VlllVUX6JkAAOCdrnfv3tljj72z//6fLevlI474Vj70oe3Ss+dSZf+3CPNVq9UcfvghefDBB7rNX3S1xhpr5bOf/XzWXnvd9OzZs+wdVyqVstdcrVaz3HLL2+kaAGAxVdSBDz/8UJ555ukkKReFOPbYE7LVVtuUIb5arZZ6vZ4111wrn//8F7PPPgdk8OAVy2sUO/QlyZVXXp477rgtyWs92uK4ESPWyDbbbJf99jswBxxwUD71qT2z0krDhfgAoAuTd0DDFAX6BhtslN6952w72nUF5Ztuuj5PP/2veZ5bDBML8wEAwGverN6dW5hv6NBh3cJ81Wo1LS0tmTBhfA499KC3HOYDAGDxU+yukST33XdPbrnlr0m6L672ZqG+AQOWTZ8+fcu/Nzc354UXns8FF5yfJLnssovnuxNfvV7PpEkTc9FFv8lJJ52YmTNnJEnuvvvON/3stVotd911R6677ppurxXPtcoqq+bjH/9EfvjD/81KK628wN8JAAAsDoYMGZoddtg5e+21X0466bTsuusn8+lP753NNnv/Ww7zrb/+Bjn88CPyiU/skQEDlk1HR0dqtVpqtVpWXHFItt562/zsZ2dn5ZVXWQRPDADAf6tSqWTSpIn57W9/nVmzZqWlpSVNTU35wAe2zqabbtZt9qBY0CFJBg4clB122DkHHfT5rLjikLLWrNfraWlpSZL8/OdnlrtGF+d3ZY4XAOatZVF/AGDJ9773bZbtt98xl1xyUarValmwjx37bEaPfjKrrLJqarXaGwr5Ypi4ubk5++//2STJL37x8247+xWrwo0Z80yOPvqb+f73f2RIAwCAJVIxdF3Uwh0dHeWfi2Z5oaivt9lmuyTJeeedleeff658vVqtprW1tQzznXXWL7L88oPL+hsAgCVTUT/ec89dueyyi3P77bflc587NPvue2AqlUo6OjrS2tqahx56IOPGvZiPfGSHbue3tfVIa2tLpk7t7DYM/I9/3JqxY5/NrbfenGTeIb7i/lOmTMk111yV9vb2tLa2pqOjo1z5uTjm9SqVSj74wQ9l3LgX8+yzz+Txxx9LvZ6svPLKGT58ley66yez7LIDs9RSS73N3xoAACx8Xevnoq87dOiwHHTQF9KjR4/UarWMGLFmDjjgoDQ1NeX222/LrFkzU6lUyjBfR0dHDj/8kJx66tlZf/0N5jqXMWLEmhkxYs184hOfyu23/z0dHZ1pako222yLLLPMMll6aTunAAAszp5++l+ZPn1aWlpaUq1WU6/XM3To0PnWeX369MmWW26VmTNn5oILzs+ECePLhYMrlUqmTp2S559/LkOGDO1Wuxbm1ecFAAT5gAXQ2dk5z8Hg+SmO22233fPAA/flySdHpV6vp7m5OZ2dnTn//HOy0UabZODAgXM9v7m5ubzGvMJ81Wo1PXr0yL/+9c989atfyoUXXpJevZb+L58aAAAWva4N746Ojjz33NjcfPON+ec/R2fq1KmpVqtZeuml84EPbJ2hQ4dlww03LsN+RR3fNcz33HNjy/q6GOYQ5gMAeHd5+ul/5ZJLfpe77ro9tVotv/zlualUKtl77/3T2tqaBx+8P4cd9vkkc4YtPvzhjyaZU5v27ds3O++8ay688Ffl+/V6Pc8883SeeebpJPMP8SVJ3759y793dnYmSXr3nv+AcJ8+fXLQQV9IvV7P1KlTUq/X06dP3wXqVQMAwOKg6N92rZ+Lerder6dHjx7d6uvVVx9RzlK8WZjvZz87O+ut1z3MN2nSpNx55z+y/vobZoUVVsyuu+6+kJ8WAIBGe+SRhzJjxoxu9WWfPn2TZK4BvK569+6drbfeJs89NzZ/+tNlqVY7y532pk+fluuuuzrve99mjX0AAFgCCfIBb6parZYhvj/96bIMHjw4m2yyaVpbWxfo/KIBvNxyy2edddbNk0+OKnfaK7btvvfeu7L99jvOMxxY7Bgyr535WlpaMnv27CTJ/vt/RogPAIAlQtf6+L777sntt9+W//u/yzN9+rQ3HHvPPXclSXbf/dPZfvudsuqqq6WlpUWYDwCAN+jTp28effShf+/S3JaOjvacc86ZWXrp3ll77XVz+OGHlsced9x3M2vWrHzsY7uWAx1rrLFmuRNfpVJJpVIphzeamprKEN+pp56VjTba5A3DIPV6PS+9NC7VarXs73Z0dGTFFYeU789reKTrLtV9+/ab63sAALC46doLrtfrefHFF/Lkk0/kpZdeTGdnZ1ZYYcUMH75yhg0bntbW1jQ1NZU1eVNT0wKF+b7ylUNy4oknZ9NNNy/ve8YZp+Smm67Pnnvum112+UQGDx688B8eAICGKuZsiz5uvV7P2LHPlu/Nby5gmWUGZKeddskNN1ybiRNfKevWSqWSKVOmJLH7HgD8pwT5gHnqOrz7/e//T6677uosv/zgrL76iHzxi4dn4MCBCxSaq9fraWtrywEHHJRbb70lEyaML38omD59eq699upsv/2O5WtzK+qL8N/rw3yVSiUdHR1JkqOO+l522GHn8p5+OAAAYHHVdXDj6quvzC9/eU5eeeXldHR0pKWlpRx6LurearWaWq2W3/3uwjz++GPZZpsPZ5dddptnmO/5558T5gMAeBeq1+sZOHBgPve5Q3PaaSenvb29XEjtpJNOTDKnFu3Zs2dmz56der2eV155uds1ttpqm3z845/IFVf8sawpiyBfYa+99s1GG22SpPticcmcoY777rsnEye+kqampnR0dGTZZQdm6623K9+fl7f6HgAAvFN17QXfccc/cscdt+Waa/7yhgXdKpVK3v/+LbPxxiOz++57lucU5y9ImO+b3/xqPvGJPdLa2poXX3whN998Y5Lkj3+8NIMGLZePfWzXbrU7AADvfPPaQKMwc+bMMsBX9HH/8Y9b8+KLL2SFFVac76xtvV7Pqquulv33/2xOOeV/y9eKBduKv+vPAsCCm/f/uYF3tc7OznJo9/jjj8l1112dJHnllZdz22235mtf+1LOPvv0PPjgA93OK1Z966oYLB4wYNl8+tN7p2fPnt1W+bj77jty5ZWXl8fOSxHmS5L99/9sPve5Q9PZ2ZlEiA8AgCVH10b7ZZddnBNOOC7jxs1ZebkYsu6640nRJC/q9wceuC8XXXRBfvnLc8oQX1E3b7PNdjn44EMzZMjQVCqVsi5/fZhv/PiXutXfAAAsGYq+6Xvfu06GDBmaZM5AcLGjR61WS2tra2bNmpV6vZ6DDvpCDjzw4PL8ov+71177ZeTITcvXuu4ekiT3339vLrzwV5kxY8YbBoGvueaqnHXWaeXnaW1ty7bbfiTLLLPMXPvLAACwpOpaS1955eU58cQf5PLL/5Dp06eltbUtlUolzc3NaW1tS61Wy2233ZpTT/1pvv3tb+SBB+7L7Nmzyp5xkjLMt/nmW6Rnz6W69X9bWlpSq9Xyhz/8Pr/73QVliK/oA7e2tpizAABYzHStJ59//rlu7xW92mHDhiVJeVxLS0smT56cM8/8WaZMmVzOHMxLUSOusMKK5XWL14pZ4Dc7HwB4I0E+YK6K4Yof/vDYXHPNVWWDuFqtplKpZPz4l3LFFX/M4Ycfkl/+8pw89NADSTLPlT2KoeINNtg4ffv2S5JuPwA89NCDC/S5mpuby2GOffc9MAceeLAQHwAAS4x6vV7W1Jdf/oeceupPU6/X09ralnq9XjbBu662XNS/XV8fN+6FXHHFH3LuuWe9aZivGNh+fZhvn312z4QJ4+3IBwCwhFpjjbXy4Q9/NEnKOrHQ0dGRJDn00K+UIb6iJ1vUm4MHr5Bdd909a675nvL9SqVSvj9q1OP57W9/kyOP/FpuvfXmPPLIw7nhhmtz1lmn5fjjj0mS9OjRI7VaLYMGDcrWW2+T5ubmN105GgAAliRd+7mXXnpxTjzx+Lz88oTy9c7OjrIf3NHRnubm5jQ1NaWpqSl///st+dnPfprLLvt9pkyZkubm5rKun1eYr5j1SFJep6WlJdVqNeuuu17e//4P6AcDACxGutaTF198Yfbcc7dceeUV5fvFHME666yfXr16lfVisQjEww8/mD//+U+ZMWPGm4b5iteHD185PXv27Dafu8EGG3XrCwMAC6Zl/ocA71Znn316rr76yvLvRUiu+L1o9p5//rm5/vprsskmm+Yznzk4vXv3SVtb21y37F5zzbWy99775ZRTfpJqtVqGA6+++sp8+MPbZ+TIzeb7uYoV5Zqbm3PQQV8oX5/fFuEAAPBOVzS9b7rphpx99pxdSnr06JHZs2cnSfbcc9+suupqGThwUCZPfjWXXfb7PPfc2Eye/Gp5frHT3uTJk3PDDddmmWWWyR577F2uuFypVLLNNtslSc4776w899zYN9TSs2bNysyZMxfikwMAsLAUvdV99jkgt912ax599OEk6TaA0dTUlJ49e87zGs3Nzdl88y0ybdrU/PGPl+aJJx7vFuar1WqZMWN6HnjgvjzyyENpapoziFwMfXStcQ855LCsu+76DXxiAAB45ynq77/85f/ys5/9NEn3OnmppXqlT58+mTp1ambOnFHW8YXRo5/MxIkT8/LLL2e//Q7MgAHLlu8VYb4kuf322zJr1sxUKpVuw9lF+G/IkGE54ohvdTsfAIB3vq715BlnnJokOfHEH6RSqWTHHT+WZM5M7XLLLZ+NN35fbr315rJ3mySvvPJyrr76yvTp0zcf+cgOWWqppea5kUa9Xs/dd9+ZWbNmpbm5uawri136AID/jCAfUHr98O4nP7lHBgwYkHvuuTu33/73MsRXrMpWq9XKIN7zzz+X554bm0cffSibbvr+7LjjxzJs2Erdrl2E/7bccqvceustuffeu1Or1crdQa6++qqstdba6dOnz3w/69xWghPiAwBgSfDss2Py5z//MTNmzEhLS0s5uHHCCT/Jlltu1e3YkSM3zV//ekOuueYv3Qawiwb8+PEv5aabbsg666yXddZZr9vCHF3DfM8//1yamprS0dGRPn365owzzs1KKw1fuA8OAMBCUQxiPPzwgxk16rEkb1zErVar5Wc/+2lmzJieffc9sKwvix7snF2jW/PhD380Sy+9dC699OI8+OD9Zc+4uFZxXq3WWdapScoa9zvfOSYf+tB23T4DAAC8Wzz44P357W9/nSRpa2sr6+QjjvhW1lxzrYwYsWYeffTh3Hbbrfnd7y5ItVot5y6SOcPXl112cVpbW3LooV/pVk+vvvqIHHDAQWlpack//vH3TJ8+La2treUOLJ2dnenXr39OPPGkDBkydCE/OQAA/616vZ4ZM6aXm3UUi0KccMJxmT17dnbbbfdUKpX06tUrH/zg1rn11pvLxSHq9XpqtVqefXZMLrvs4sycOSM777xrevfu3e2YosdbrVZz9913JEm5a/Q666yXHXbYedF9AQCwGJN6AZLMWYX59UG4QYOWyx577J0f//jkfO1r38wHP/ihJHMaunPbna9SqWT06Cdz0UW/yRe/eHD+/Oc/ZfToJ5PMCdkVTePllx+cDTbYKEnKoZBkTpP61VcnJUn5GgAAvFsUq9aNHv1EHn30kdTr9XR2diZJjjrqe9lyy63KY4rGer9+/bPTTh/Pl750eEaO3KxspievLXTx+OOP5vrrr0mSsnYvjtlmm+1y8MGHZqWVhqdarWbppZfOGWecm1VWWXWhPjsAAAtPpVLJY489ksMO+3yq1WpaW9u6vV/0eqvVas477+xcdNFvyvOKvm1RU7a2tmaLLT6YL3zhS+VCEdVqtRzwKOrOrotNVCqVDBw4KMcee0I++tGdkgjxAQDw7lLU1XfffWdefPHFJEl7e3uS5MQTT86uu34ya675nrS0tGTttdfNF7/4lRx55NHdFtZoaZmzdvuQIcOy1177z7WeXm211XPggQflU5/aM4MGLZeOjo7UarX07dsv66yzXs4889wMH77yQnhiAADeDl3napuamjJt2rQ88cSoJHP6skWN+Pe//y3Tpk0r+7Mf/ehO+eQn9yiPS16bJ3jmmadz2WW/z5lnnpqXX55QbrLRdWG20047KX/7283l60svvXQ+8IGt09LS0m3XZwBgwTTVF9H/QSdMmLoobgvMRbGCRpJ8//v/k46Ojhx33AlJko6OjrS2tiZJZsyYkccffzQXX3xhnnnm6Ywb9+JcV2IuhjxaWlqyyiqr5kMf+nD22GOvtLS0dNtJ75BDPptHH324DPlVq9Vss812+d73jre7HgAA70rTp0/LF7/4ufzrX0+VO2GvueZ78oMfnJjllx88z/Pq9XrGjHkmp59+cu688/ZuqzIXzfwf//jkbL75lt3OKY659tq/5NJLL853vnOMEB8AwBKus7Mzv/vdBbnwwl9lxowZ5eutra3p6OhIkjKEV6/X09zcnM9//ovZe+/9k+QN/eCuA8MXXHB+brzx+owZ83S5KEVXyywzIB/84Iey3XYfKRd7E+IDAODdaNy4F/O5zx2QV1+dVM5d7L33/jn00C+XNXJnZ2c5jH3ssUfnhhuuTVNTU5qbm9PZ2ZmVVhqe008/J8ssM6DbsUn3Onv27NmZOnVq7rrr9rS3t2fEiDWz4opDsswyyyySZwcA4D/XtS87ZswzGT585cyYMT177717Xn11UrlT3i677JbDD/9G2trmLOBW1IVPPTU655xzRm6//bYkrwX5uoYDBw1aLvvss3+GDBmWYcNWyqOPPpLbbvtbbrrp+iRJa2tbOjras8EGG+V73/tBBg4ctDC/AgB42w0a1GeR3Ldl/ocAS7KuIb4f/vDYXHfd1UmSn/ykb77xjW+Xwxutra1ZaqmlsvHGI7PaaiMyfvy4XHjhr/Poow9n/PiXyh8Sih32KpVKOjs7M3r0kxk9+sncd9/dGTly03zsY7ulT585/8HbY4+9c9JJJ2by5FfLc//5z3/mn/8cnREj1uz2gwcAALwbvPrqq5k6dUq5OEa9Xs/gwSu8aYgvmbPq3corr5KDDvpCZs2alQcfvL98r6ipn3hiVDbffMtuu2oXf95++x3zgQ9slV69lm7o8wEAsOi1tLRkp512SVNTUy699OJMnPhK9t//s5k6dUquueYvmTlzRrfebLVazTnnnJkk2Xvv/bst7lYMBhd15X77fSZbb71txo59NrfcclNeeeXl1Gq19OnTNyuuOCQf+cgOGTRoufTu3bvbeQAA8G7zyCMPZfLkV8sF3ZqamrLaaiOS5A0hvqOP/mZuueWvqVQqaW5uSUdH+zxDfFOmTEnfvn273au1tTUDBw7Mjjt+bOE+JAAAb4uu/dqLLrogZ531s3z960dmt912T//+y+SVV15Okmy11Yfy//7fUUnSbS4gmbNb82677Z7p06fnoYceeEOPt7m5ORMmjM9pp52carWanj17Zvbs2eWOe21tbWlvb8/gwSvmyCOPFuIDgP+CIB+8i3UN8R1//DG55pqrysL8iiv+mFqtlm9+8ztpbW3tdmz//v3Tv3//HHfcCbn//ntz33335OKLf5tqtZqOjvY0Nzd3K/Kr1WruueeuPPDAffnLX/4vhxzy5ay11nuz2WabZ/XVR+Tee+8ug39jxjydv/3t5owYsaYQHwAA7zqjRj2eCRPGd6uFi8b4ghgxYs3suusnM27ci3nppXHdduW76abrs9de+6VHjx7l8V3DfEJ8AADvHgMGLJuddtol06dPT//+/fPpT++T2bNnZfbs2fnrX2/sFuYrerzzCvMl3evKYcNWyrBhK+X975+zG3SxUNzcCPEBAPBu9cwzT6der6darSaZsyBbjx5zdk1pb28vd1A5+ugjyxBfS0tL2tu7h/hqtVoZ4vvlL8/JY489kp/85Gfdam2zFwAAi6+ufdjf//63OeusnyVJTjrpxPTu3Tuf+9yhOeqobyRJNtvs/Um6zwYnr4X6Nt30/eno6EyPHj1z9913pFarlfO+1Wo1lUqlnE9ob28v+8BNTU1pb2/Pcsstn//931MydOiwhfkVAMASR6cG3qU6OzvfEOIrVt8oCu//+7/L8+MfH59kzmobRQM5eW077Q033DgHHfSFnHLKmfnc5w7NiisOKXcOKY4pfoio1+sZM+aZ/PCHx+ZHPzouo0ePzpe+9NU3fJ4rrvhjHn30kYXyPQAAwDtJS0tztwGLpqamjBv3Yl555eUFCvS1tLRk8823yIgRayRJ2Whvbm7OrFmz5nqO4WkAgCVb1zqy6PHW6/Uss8yAHHDAQfn0p/dJkvTo0TOHH/6NbLvth7PUUr2SvNYH7hrmu+ii3yRJOcRRaGpqSkdHxxvuVYT4/pMFKgAAYEnXNcBX/H3cuBeT5HUhvpvmGeIrzn/llZdz9tmn5/zzz81jjz2a8eNfUn8DACwhinrxwgt/ldNPPyVJysV7jzvuu7nllpvKjTNWXHFoknQL8SWvLcRWqVTygQ9slc985uDssMPOSVLO+zY3N5c1ZNeZ33q9nh49emadddbLKaecmZVXXqXhzwwASzpBPniXKlZk+8EPvtctxNc1rPdmYb6uhXqSrL32Otlrr31zzjm/yoEHHpyRIzdNMqfI77pqR6VSydSpU3LnnbfnsMM+l1tuuSkjR25WBgiTZPr0aRk9+okk6TYIAgAAi5OiqZ3MqWuL2vbNatxardbtvHq9nieeeDwPPfRA2Vx/M7VaLUsv3TsHHHBQWlvbynvV6/XMmDE97e3tb8ejAQCwGChqx64LNxQDHMVrXXfKq1ar6dWrV7785a+/IczX1NSUSqXSJcx3QZKUrxXn33XXHRkz5plu9ypYQAIAgCVV177tggbollpqqfL4ola+4IJf5dlnn0mSHH30N8sQX3PzG0N8nZ2dSZJHH30kZ599en77218nSaZOnZKJE19RfwMALEFGjXo8F198YZI5s78dHR1l//Xqq6/M00//89+zuVOTpNsccKGYN2hqasq6666fI488Ol/5yhFZaaXhaWlpSWdnZ7mBR9dfa6+9bvbd94Acd9wJGTZspYX30ACwBGtZ1B8AWHQuu+ziXHvtX8ohjGIgo6sizJck3/zmd8ow3+sHPpI5Ax39+vXPgQcenHq9nssvvyz/+Mff8+CD96e9vb3bqh5FaPDXv/5FllqqV7eVPNrb2/OrX52XLbf8YAYOHLRwvgwAAHibNTU1ZebMmenRo0cmTZqYHj16pnfv3mUN3XVAozB48Arp1atXZs+enVqtVjbMTzvt5AwZMjRrrLHWm96zGKTu339AevTokY6O9i47pTSlXrdQBgDAu0GxqNqECePz1FOj87e//TUzZkzP7Nmzs9lmW2SVVVbL+utv0C1sVyzGVoT5kuTGG6/PzJkzyusV9ea5556Zzs6O7L//Z8tr/PnPf8pJJ52YXXfdPZ/4xKeyyiqrLpJnBwCAha3Ynbq1tXWufd+5GTBgQPnnYo5i2rSpOeus0zJ79uzcffedZYivo6N7iK9arZaLN48a9WiuueaqJEnPnktl1qyZFkwGAFgMFHXj3OrHoh9bGDJkaPbZ58BcddUVGTPmmfL4Yhago6Mj9Xo9119/dbba6kPl7npzmwcuNDc351Of2jObbfb+jBv3Qq655qpMmjQpEydOTKXSlA033CQrrrhidtxxl7S2tpb1JwDw3/N/VXgXGz585aywwooZP/6lcuePriqVSlnMv1mYr+vxyWsrLe+++57Zeutt88wzT+e8887O+PEvZcKE8WWIr7jOrFkz3/CDxSuvvJwXXnhekA8AgMXSLbfclDFjnsnNN9+Y2bNn55VXXk7fvv0yfPjKWWWV1bL11ttk6NCV0rdv327nrb76GllhhSH55z9Hl3VzpVLJxImv5Fe/+kUOOeSwrLTS8De9d3Nzc/r165e2trbytUqlko03Hpm+ffs15HkBAHjnKIY8Ro16PKeddlLGjHkmkye/Wr5/2223pl+//tl++x3y2c9+Pksv3bt8r+jPvlmYr6mpKZ2dnTn33LPy3HNjs/zygzNjxoxccslFSZLLL78svXv3zn77fSa9evVaqM8OAACN9vqh6muv/Uv+9a9/ZtSox9PW1prBg1fMllt+MBtttEm5A/bchqi32OKDGTLk13n++efKAe5arZbbb7+t7Au3tLxxJ75i1qK4ZjGf0dLSklmzZiaxGzYAwDtZUccVNVtnZ2cmT56c2bNnpbW1NQMGLNstNFetVtOnT5/sssuuaW6u5I9/vCzPPz82ScrrFL8ee+zR3Hjj9dl22w/PtyYsPsewYStl2LCVMnLkZuV7nZ2dgnsA0ED+LwvvYuuss35WXnnVvPjiC+Vqy8UPAuPGvZharVa+vqBhvkJR5A8cOCgDBw7KaquNyNNP/zOXX/6H3HHHPzJz5ozy/GI1uObm5nR2diZJvvWt72a99TZYGF8DAAC8LWbPnp077rgtt9zy11x//TVveH/69Ol58cUXcscd/8jFF1+YH//4lGy22fvL94t6fNttP5KxY8eks7Mz9Xq9HOC49967ctFFv8k++xyQYcNWmutnKOrwBx64NzNmTC/r7Xq9Pt8AIAAAi79iJ49HHnko/+//fTXTpk1N8toibJVK5d+DIa/mkkt+lxdeeCH77HNA1lrrPeVgxoKE+Yqd+a6++spu929ra0t7e3tmzZqVpPvCcQAAsLgrZhxmz56dm266Pn//+y35299ufsNxl19+WfbYY69sv/2OWWONtd4wRF2v17PUUr2y3nob5PnnnyvnL5qamsr5jCRpb2/P8OGr5NRTz+wW4iuu0dTUlClTppTXrVQqWXbZgRkwYNkF3hkQAICFp+ivVqvVvPzyhFx//TV56KEHMmrU46lWO9OjR88MGLBsttrqQ3nf+zbPmmuuVS7isPTSvbPjjrskyRvCfMVcwYQJ43PjjddllVVWzaqrrvamn+X1teLrF4wAABpHkA/epWq1WpZaaqkcdtjheeKJxzJx4sQ0NTX9uxG8cjbd9P254oo/dAvbFWG+ej058sg3D/N1LeTr9XqWWWaZLLPMJtloo01y22235pFHHsrvf//bVKvV1Ov19OjRI7Nnz06SHHXU97LDDjuX5/qhAACAd7oZM6bnrLNOz91331k2zIsmd1FLFw30pqamvOc9a2e55Zbvdo1iuHqzzTbPJZdclFdfnZSWlpZy9eUZM2bk5ptvysyZM7L//gdltdVWL69XHFPUzjfccG1mzZpV3nPEiDXz8Y9/MokaGwBgSdbU1JTRo5/Mt751RKZNm1rWk8ViakUtWAyL/P3vt2T69GnZZ58DsvHGIxc4zFdcoxgQKXYCaW9vz5AhQ7PNNtulV6+lF9n3AAAAb7diV5Lp06fl9NNPyd1335mXXhqX5LVecL1eT0tLSzo6OnLJJb/Lyy9PyJ577pv3vGftbtdqampKz549s/POH88111yVzs7Ocv6iUAxrf+tbR2fZZQd22xWlWMCjo6MjjzzyUJKUsxdrr71ull9+8EL6VgAAWFDFrO3MmTNz6aW/y1133ZEHH7y/2xzB9OnTM2HC+PzrX//M73//2xx22Nfy0Y/uVP77fu/evbPTTrskacqf/nRpnnuu+858tVott956c/r165cDDjg4gwcveF1YzAF33fUZAGiMyqL+AMCiUQxZDB68Yrbffse0tLSUxf6dd96eFVZYIXvssVeSlEPByZwi/corL8+JJx6fJG9oJs9Ncd3iuC22+EC+8IUv5bTTzsmee+6boUOHlSG+b3/7f8oQX9eV5gAA4J1q2rRp+fa3/18uv/y1Ve9eP9RcKAaiN9vs/fNcAW/EiDXz1a9+I8mc4ZDiWpVKJdOnT8vf//63HHPMUbnzzttTr8/Z5aS5uTlNTU3p7OzMKaf8b667bs6OgE1NTWlra8v73rdZ+vTpU74GAMCSacqUKfnVr87N5MmvprW1LZ2dnd3qv+LPxcrPSXL//ffmN7/5Ze655650dnaWx74+zLftth9Or169kqSsQ4trNjc3l8PHhx765ay77voL43EBAGChKEJ0U6dOzZFHfj1XXnlFGeLr2guu1+tlXZwkN910Q2644bq5XrNer2e99TbI17/+zSSvDXZ3XzS5lssv/0NGjXosLS0t5QIdxTGnn35ybr/9tvJ6gwYtlx13fG3RZAAA3hmKGnHatGk55pijcsEFv8qDD96fJN0W7H1tId/OTJ48Occff0wuvPBXmTZtWpI5fd2ll+6dnXb6WHbb7VMZOnRYWYcmr4Xxrrzyilx44a/KmhUAeGdpqi+izs2ECVMXxW2Bubj//ntz5JFfz8yZM9La2paOjvZsvPHI7Lbbp3LHHbflyiuvSJJyZ75kzg8MO++8a4488jtJMs+d+eanWq1m+vTp+fWvz8t6622Qrbbapry+AWMAAN7ppk6dmsMPPySjRz9ZDjrPb7GLjTcemVNOOTPJvOvejo6O/OY3v8yvfnVeknTbJbuoyZPkwx/+aIYPXzlrrfXejBr1WB599JHcfvvfkyRtbW1pb2/Pe9+7To477gSrMAMAvAs8++wz+drXDsuECePL4Y2BAwelo6MjST2TJ08ujy2CfEV9ud56G2S//T6TTTZ5X7nTR/F+sUP0GWeckltu+WsmT341Sf4dFuwo73X00cdm++13TKLHCwDAkqEI8U2ZMiVf+coh+ec/R3fbga/r2FVRYxe1cFFr//Snp+V979tsrtefMmVyLrzwV/nd7y5M8sZecHNzc/r165fPf/5LGT585QwbtlIefvjB/PWvN+a6665OknLO4wMf2Drf/OZ30r9//wZ+IwAA/Ce61pNHHPHljBr1WLkLX7EoxNwUi6clyWGHfTWf/vQ+qdfrZY04ffq0XHXV/5U78xW78s0JAs6ZV/j4xz+R/fb7jFkBAJiHQYP6LJL7CvIBSZJf/eq8/OIXPy//PmDAgBx22Ney2mqr54ILfpUbbrg2ydsf5uu68vObvQYAAO8006ZNy+GHH5onnxxV1sktLS3p6OhIpVLJsssOzMYbj8zAgYOyzDIDMmHC+Dz55KgceODB2XDDjedbP48b92IuvvjC/OEPlyTpXosXTfuiwV/8XigGNwYNWi6nnnpWhg1bqbFfBgAA7wgXXHB+zjnnzPLve+65b7bbbvv06dMn7e3tueCC8/Poow/n+eefS/Kfh/lmzZqViy++MLffflsee+yRJHNq08GDV8znPndItt32I0mE+AAAWDJ0Hbr+4hcPzpgxT6e1tS3VamdqtVpWWGHF9O+/TFZbbUTuuuv2TJkyJbNmzSwHsos+7r77HpgvfOFL87zPs8+OyWWXXZw//emyJN17wV0Dga2trVlqqaUyc+bMfy/W8dqCbiuuOCQnnXR6hgwZ2uBvBQCABTW3erKo9SqVSrcFgot/829paSlf7xrmO+GEn2TLLbdK8lr/VZgPAP47iyrI1zL/Q4AlWVHQf/CDW+fvf/9bnnji8VQqlUycODEXX/zbnHXWL3LwwYekUmnKddddUw4bFyvAXXnl5UmSI4/8TrnzyH8S5ptbYE+IDwCAd7qZM2fm+9//7lxDfK2tbTnooM9n/fU3yjrrrNvtvPb29jJwN7+6efDgFbL77ntmqaV65cILf5VqtVo27avVatmAT944gN3R0Z4VVlgxP/7xKUJ8AABLqGLYY9y4cRk8eM4QxqxZs8r399prv3zxi1/pds63vvXdXHvtVbnqqv/LI488VF6j2F36oYceyAUXnJ8k3cJ8xfs9e/bMvvsemI99bNfcddcdmTJlclZaaXhWWGFIVl55lSRCfAAALBnmF+IbOXLTfPazX8hKKw1P37598+yzY3LFFX/MDTdcm4kTX+kWwPvXv56a6z2KenyllYbn05/eJ0sv3fsNveCuO7V0dnZmypQpqVQqaWpqSqVSSXt7ewYMGJATTzxZiA8A4B1kbvVkUeMVAb3m5uYMGLBshg0bno6O9jz88INlcK8I47W0tKSzszPnnffzrLLKahkyZGgZ+lt66d7ZaaePJUkZ5isU87xXXPHHJBHmA4B3EEE+WMJ0DdItyMBE8f6qq66e9dffME888XiamprS0tKSJ58clV/84uc55JDDsvfeB6SpqZJrr/3L2x7mAwCAxUlnZ2cuuug3ue++e8thjCLE19bWlh//+JRsvPHI8viu9XFbW9t/dK+hQ4dlr732yworrJiTT/5x2bRvbm4uA4HFEEcy52eAfv36ZfXV18g3vvHtDB067O14ZAAA3mGKgd+HHnog3/72Edliiw/mqKO+l9bW1iTJwIGD8uEPb9/t2FqtltbW1uyww8cyaNDyueSS3+Wuu27/j8J8xYrQyy47MDvssPMbPpcQHwAAS4L5hfi23PKD+f73Tyxr5Wq1+u8w3t6pVjvz5z9fnmq1s6yN+/XrP9f7dF3keMiQodlzz32y7LLL5mc/O6nsBb9+IeSiLi96wquvPiLHHvvDrLTSym/ztwAAwFv1ZiG+rrMFhx/+jayzznpZddXVkiSPPPJwzjzz1Iwa9Vg6Ojq67aw3fvxLefbZMRkyZGjZh+0e5qvnT3+6TJgPABYDgnywBOk6IDx58qvdmsHFMMbcFO99/vOH5r777s5TT40uj73vvnsyduyYrLba6tl99z3T1NSUa665SpgPAIB3naIZPmbMM7njjn9k1qyZSdKt0f7Tn56WDTbYqNsA81upi7ue37dv3+yyy25ZddXV8qc/XZqHHnow48a9ONfzNtpoZLbZZrt84ANbZcCAZd/ikwIA8E5W9HMffvjBfOUrh6Rareaaa65Kjx49s/HGm6RXr17p1atXRoxYM8lrg7/FwG9zc3NGjtw0bW1taWpK7rxzwcN8C7pwHAAALK7mH+LbKiec8JMkr9XmRQ94ueWWzy677JZrr70606a1l9dcd931kySvvPJybr/9tnR2dmTWrFlZf/0Ns8IKQ9K/f/9/L9LWP7vvvmdWW21EfvGLn+fZZ8dk0qSJ3RZzKwa2V155lWy88cjsuee+GTx4hYX8LQEAMC8LEuLr0aNHfvrT07P++ht0O2+dddbNEUd8K8cff0xGj36inMWtVCqZOnVKrrzy8my++RblOd3DfLskabIzHwAsBgT5YAnRNTj3P//z7fz977fksMO+lnXWWTdrrLFWOawxtxWRi+GMHj16Zqeddsm5556VWbNmJUlGjXos119/bQ466AtZa633ZPfd90wSYT4AAN51ijr66quvzKhRjyWZU0sXjfhvfvM7bwjxvRVdz5848ZUykLfOOutltdVGpL19dm644bq8/PKEPP/8c+nRo0fWXHOtLL/84HzgA1v/dw8JAMAi8/p+6rzqymInvsMO+3zq9XpaW1vT2dmZP//5j3n44Qcze/bstLe3Z8qUyenVa+kyhJe8NthRqVSy/voblq//J2E+AABYUv0nIb65zUPU6/WsuurqWXvtdXLXXXekXq9nvfU2SI8ePXP88cfk4YcfyvPPvzZUPWDAgKywwpAcccS3MmLEGuXsxYYbbpxjjvlhXn55fC677PeZNGlSnn12TJJkxIg1MnTosOy888czaNByWWqppRbeFwQAwJta0BDf6aefk7XWem+3DTpaWlpSr9ez2mqr57DDvprDDz80nZ2v7fJcqVQybdq0JN0XVHvjznx50zBfc3Nz9tprP4tBAMAi1FQvlmxayCZMmLoobgtLpK4N4uOPPybXXHNVkqRnz57lim877PCx9O7dO5VK5U0Dds8+OyZHHPGVjBv3Qlpb29LR0Z6ll+6d44//cTbeeGSSZPToJ3LJJb8r71OE+ZI5jemdd941Rx75nTd8NgAAWJzV6/WMHftsvva1L2X8+JfKhnqtVsvWW2+bww//RgYOHPiWr1806ev1eqrVai699OKMGfN0Pvax3bL22uuUn2F+IcH/NkgIAMDC17WPetFFF2STTUZmjTXWmmttN2nSxHzjG4fnySdHdatJk6RHjx6ZPXt2KpVKzj77l3nPe9ae6/2K69ZqtTz44P357W9/nTvvvD1J3nDN9dbbIPvt9xlhPgAAlmj/bYiv8OKLL+SrX/1iXnjh+TQ1NWXgwEGZOnVKuZhyc3Nzuo5q1Wq1LLVUr5xwwk+y8cYjy8/xejNmTC8HtAEAeOdZ0BDfaaf9PO95z9rdQnyvv05nZ2e+8IUD8/TT/ypfL3ZlPu+8C9KjR483nFf0fKdPn5arrvq/MszX1NRU/qrVaqnX69ljj71z6KFf1u8F4F1v0KA+i+S+b6wAgMXK3EJ8TU1NaW1tzaxZs/Lss2Ny+umn5Nhjj85vf/vrtLe3v2mwbqWVhueQQ76UJOnoaE+lUkl7++zce+/d5eDGiBFrZo899spHP7pT+RmKHyiKnflOPPH4JK+t5AEAAIu7pqamjB//UiZNmpRkTiO8qJE33HDj/yrEl8wZmH7ppXH57W9/na9//bCceeapufbav2Ts2DHdPkNx72TOkMfr620hPgCAxUvXHu/3v/8/Oeusn+Xss8/Iv/71VLmaclfLLDMgu+yyW9Za6z2p1WrdBj6KEF+tVstVV/05U6fOfVHF1+/Mt88+B2TTTTdP8lqAr7jmQw89kIsu+k3uuuuOdHZ2NuQ7AACARWneQ9ed5UJu8wvxFXX06NFPZsqUKUnm9HFffnlCZs2alUql0q2+r9fr5Q7bM2fOyHe+8//yr389Ve7E0vWYJOnVa+luIb5FtG47AABz8WYhvubm5jLE97Ofnf2mIb5kzs58PXv2TK9evd5Q8805Z+514Ot35tttt09l6NBhZU1ZqcxZUKJnz6Wy004fE+IDgEVIkA8WY52dnXMN8TU1NZVbahfv33XX7TnnnDNz6KEH5ZZbbsoLLzzf7VpdC/711tsgW2zxgfJaHR0dufzyP+T5558rjxHmAwDg3aSol//xj1vT0fHa4hiVSiV9+vTN5ptv0e24t2LChPH5zne+mXPPPSv3339vmpub09nZmb/+9Ya0t7d3u3YR1qtUKnbABgBYjL2+x3vddVcnSR5++IGcfvqpbwjzFcPBH//4J/KJT+yRESPWKF9//WDwPffcldGjn5jnvRc0zNfS0pL77783v/jFzzNp0sQGfAsAALDo1Ov1cuj6y1/+Qreh61qtlmWWGZDPfvbzSbrX710V8xIvvvhCTjvt5EybNjUtLS2pVCrd+rrF4nBdB7c7OzvT2tqa6dOn58QTj8+kSZPK/m8xszE3FnQDAHhneLN6Minqvbb88pe/zXvfu046OzvnGeIrPPXU6IwdO7b8e6VSKfu4PXr0nOd5bxbm6+hoT9++fXPOOb/Kqquu/vY8PADwlgjywWKsWBHjmGO+0y3EV2x/3bUhXAxcPPnkqPz4x8fn2GOPzs0335j29vYkcwr44geHQYOWy8iRm5VN5NbWtkydOiXnnXd2ZsyYUV5zfmG+q666Iscff0ySGC4GAGCxVgxFvPrqq0nm1L6v1cut6devX7fj3orevfuUQxxdB7BfffXVtLa2GswAAFgCvb7HWyzUMGvWrDzwwH1vCPMVu+0lyQ477JxPfWqvbmG+rgs+PP/8czn77NPz4osvzPP+8wvztbS0lLvwffzjn8igQcs17LsAAIBFoampKbNnz84hh3wm//rXU+nRo0fZ/02SadOm5cwzT83o0U902y2vUOyy8vLLL+drXzss48a9kNbWtrLXO2LEmtltt91z0kmn56ijvpf99/9seV5RvxfD3OPGvZixY8ckseMeAMDiYl71ZNf3R4xYI717z9ld+c1CfEXvd9SoRzNt2tTy/GKRiVVWWW2BPk/XMN8nP7lH+vXrl9bWtpx++rlZZZVV/5vHBQDeBoJ8sJj7299uzo03XpckaWlpTb1eLwN9lUolK600PCussGIZ7mtubs6UKVPy2GOP5Lvf/VZ+9KPv58orr0jSPWz3yU/ukS233Cr1ej2dnR1JktGjn8jTT/8rScrhjXmF+YoG9jXXXJWHH35woX0fAADQKNVqNbNnz0qScreToik/ceLE/2oX6lqtlqWWWipbbPGBJN0DgS+++ELGj3+pbNoDALBk6drjbW5uKQN5HR3t/3WY7/HHH833v/8/eemlcfO8/5uF+YqF4I466nvZZZfdkhgoBgBgydPe3p73v/8DZb+3a/+3o6M99957T8466/Q37JjdNcR32GGfz/PPj01bW1uq1c7UarVsttn7873v/SBf+tLh2Xjjkdlhh53zuc8dmmOOOT69evXqtjNfkkyc+EruuOMfSey4BwCwOJlbPVnUjPV6PU899WR+8IPv5Z//fOoNuzYXitnbRx55KKec8pOy1ix6wRtuuHG23fYj5TXfTNcw3/bb75SDDz4kv/nNxUJ8APAOIcgHi7l1110vn/nM55IkHR3t3Zq8tVotM2bMyKc+tVc22miTclWOJGlra0uSXH/9NfnJT07IkUd+Lffdd0+5w0i9Xs+OO+6cZZcdWBb9Y8c+m8svvyzJnJWii2vNLczX0TEn/HfUUd/Luuuu3+BvAQAAGq+5uTlLL92722v1ej3Tp0/LuHEv/le7UBd1/IABy5bXLerwzs7O1OtvvjIfAACLr3n1eP+bMF+hUqnk4YcfzLHHHv0fhfn23ffAbLTRJkmSb33ru9lhh53LaxsoBgBgSdOnT5/st9+BOfDAg5O8NkSdzLsu7+zsnGuIr7NzTojvQx/aLiec8NMMH75yevTomXq9Xtbq2277kXz5y18v79VVsfMKAACLj7nVk8X8QKVSSXt7ex544P6cccapb1gcIpnTd21ubs4TT4zK1772pcyePTutra1lP7Znz54ZOXKzLL300kkWbNGH4h59+vTJxz/+yQwdOqwBTw4AvBWmAGExt8wyA/LJT+5RDnq8/geAl14al1tuuSk//OH/Zu+9989yyy2fZM4KIK2trWWx/o9//D0nnHBcfvjDYzJq1GNpamrKxhu/rxz+KIJ/N954fbk6dNeVQYow3447fqz8bEcd9b1uAx4AALC4e32Qr6i9b7zx+syaNestX7eol6dOnVK+VtTaffr0Sb9+/d7ytQEAeGd7sx7vogrzrbfeBtlvv8/kpJNOz0477ZIk5XsAALAk6tevfz7xie51+bzCfKNHP5GWlpZMmDB+riG+bbbZLscdd0K3BZKbmpq6zVhsv/2OWXfd9csh7OJngM7OzvL+AAAsPuZVT9br9Xn2eWu1Wjo7O1OpVDJq1OM57LDPZdasWWltbS1fr9fr2XDDjfPJT34qzc3N892Nr6ui1rQ4GwC8s/gXV1gCvP4HgK4FfKVSyYMP3p/jjvtuDj30yznuuBPy8Y9/IknS0dFRHlOpVDJu3Iu5/fbb8sUvfi4///kZGT/+pXzjG99Ov3790t4+ZyXozs6O3HffPeW5XQv8ESPWzCc+sUc+9KHtcuSRR5chPgMeAAAsKTbb7P3p1atXknRbQfnBB+/LpEkTk7y1AYuiXp46deobXuvRo0c6Otr/o4Y8AACLl3n1eJNFF+bbZJP3ZeTITctrGfYAAGBJ17//goX5zj337Nx77905/PBD5xriO/bYE5J0r+sLRc3d2tqafv36pV6vp16vlwG+NdZYM8lrwT4AABYfC1pPnn76qfnnP59KpVJJS0tLRo16LF/+8ue7hfiam5tTrVaz+uoj8t3vfj+9ei2darWqTwsAS4Cm+iKaBJwwYer8DwL+I6+++mr++MdLcv755yZJufpGU1NTqtVqRo7cNCeddHqS5Kabbsi1116VRx99OJMnTy6L/tbWtnR0zAntDRkyNDvv/PG0t7fnN7/5ZarVajmwcfLJZ2TjjUfO9XNMmTIlffv2TTJnwEOIDwCAJcWYMc/ki188KFOmTOm2el6tVsvIkZvlpJNOS9J9F5X/5Nrf/vYRGTv22bKGrtVq2XffA/OFL3zpbX8WAADeeebW4y0CeXOGfduywQYb5bDDDs+qq67erR4tasirr74yl176u4we/WSSdOvP1mq1rLvu+vne936Q5ZcfvJCfDgAAFg8LUpc3N1cya9asNw3xtbS0zPMenZ2d+eIXD87jjz/arWb/yU9OzciRmzXw6QAAaLQF6/NumKOPPjYzZszIZz6z9xtCfJ2dnVlppeE566xfpG/ffm9pBgEAeHODBvVZJPeVroElyNxW8yhWc2tubs7dd9+ZL3/5C6nX69lmm+1y+OHfyLHHnpA11lgrbW09kiQdHe1pbW1NrVbL2LHP5qyzTssVV/wxtVottVotLS0tqdfrOf/8c/PyyxO63b/IBRchviRCfAAALFGGD185e+yxd5Luu5JUKpXcffcdOeWU/02ScqGMBVE07B9//NG8/PLL5etFfb3SSsPfts8PAMA723+yYnMjd+YDAIB3swWpy2fNmpVKpVKG+D70oQUP8SXJqFGP59VXJ5ULxtVqtWy++RZCfAAAS4AFqScffPD+HHXU/8sBB+w53xBf8ToAsGSQsIElzPzCfA88cF8Z5ltxxSHZeOOROe20s3PooV/O+9+/ZZKko6MjSdLa2pokeeWVl8sh5OL3sWOfzZNPPtHtNVt2AwDwbrD++htmxIg1yvq3Xq+Xobtrr70655xzZpIFC/MVO6eMHftszjnnzMycOaPcWbter2ejjTbJ9tvv2NgHAgDgHUWYDwAAFr03q8sLRQDvfe/bPMcdN/8QX9Evbm9vz2WXXZwXX3whtVot9Xo9yy8/ODvvvGt5XQAAFm9vVk9WKpW0t7fnscceSXt7e1paWt40xDe/RSIAgMWLIB8sgeYX5nvwwfvzla8cUh7fq9fS2XXXT+ZHPzopX/7y17L22uumpaUlHR0d5SoelUql224jEye+kt///rdJYqUPAADeVTbYYKN88IMfKocpmpqaylp52rSp+dOfLstPf3pikrnXyl2HMIoQ39e/flgmTBiflpaWcnBjwIBls/32O5YrMgMA8O6xsMJ8P/jB9zJunDAfAADMzbzq8q494Tl/T55//rkk856fqFar5Xunn35ybrzxuiRJS0tLKpVKNtxw46y33vpJLKIMALCkmFc9Wa/Xy5qvqampfL0I8Z1xxnlCfACwBBPkgyXUguzM1zXM19nZmaampuyxx9759rf/J0ceeXQGDVquPCfp3ixua2vLfffdk0suuWjhPhgAACxCRW184IEHZ+utty1Dd0nKwepp06bm8ssvy1e/+sWMHftsZsyYkeS1wemirp40aWJuv/22HH74oRk37sW0tLSUdXuSvPe9a2fzzbfsdg4AAO8ejQ7ztbW15YEH7stRRx2RWbNmLeSnAwCAxcObDV8nc2rs+++/Nz/5yQnd6vKuuob4fvazn+ZPf7osyZyavLOzMyuvvGo++9nPp2/ffgvxyQAAWBjmV08Wv1er1QwevGIuuOCS9O/fX4gPAJZgTfVFtKz/hAlTF8Vt4V3n1VdfzR//eEnOP//cJHNWfytW86hWq9lww43zs5+dnSRpb29PW1tbee6LL76Qa665Kv/4x60ZNerxsuHco0ePzJ49O0ny4x+fXA4XAwDAu0GtVkulUsn06dNyzDHfyR13/KNcgbnrIhi1Wi1DhgzLuuuul223/UhWXHHFLL/8CpkwYXwee+zR3HbbLbnnnrsyZcqUMsTX3Nyczs7ODB++ck488eQMGTJ0ET8tAACL2tx6vEUgr16vp7W1LRtssFEOO+zwrLrq6mX/t6hbk+Tqq6/MpZf+LqNHP5kkaW1tS0dHe5LkiCOOzK677r4IngwAABYfb7Uuf32I79JLL06Scu5iwIABOe20n2ellVZeJM8FAMDCMa96suvufBtssFG++93jMmjQct1eBwAaY9CgPovkvoJ88C7wn4T5ilU8iiGPjo6OzJw5I+eff17uvvvOjBnzdHndb33ru9lpp10WyTMBAMA7wbPPPpOf/vTE3HffPd3CfEVDveuOJz179szSS/fOzJkzyl36ktca9JVKJdVqNf37L5MzzjjH4AYAAKW3M8z3z38+VZ571FHfyw477Fxex2AIAADM239al3fdReWUU36SP/zh90leC/H16dM3Z555XlZeeZVF80AAACxUc6snq9VqOWfQ1taW9dbbIF/+8te69XkBgMYQ5AMa6q2E+V7vkUceyt1335lf/vKcHHnkd7LzzrsmSbdhEAAAeLcZO/bZnHbaybn99r93q4uLH7crlUo5zNE14FfU5MWvJBk0aLmcfPIZGT585YX7EAAAvOO9XWG+3/721xkz5pluC7UZCAEAgAWzoHX5oYcelhEj1kwixAcAwGvmVU8Wvdx59XkBgLefIB/QcG81zPf6oN7LL0/IwIGDkhjwAACAJJk5c2Z+9KPjctNNN5SvvX71vNfXzcXr9Xo9Sy3VK2ussWa+9a3vZujQYQv74wMAsJh4O8J8f/7znzJgwIBsueVW5Xl6vAAAsOAWpC7fcMONc8QRR+byy/+Q3/3ugiRCfAAAzPFW+7wAwNtLkA9YKN6OnfmKoQ8/HAAAQPfB59/97sL87W9/zSOPPFS+//pd+pqbm9PZ2Vnu1LfaaiOy+eZb5JOf3KNcMAMAAObl7QjzFeb2GgAAMH/zq8vb2tqyzDID8tJL45II8QEA0J0wHwAseoJ8wELzdoT5AACA13QdgH7qqdF54IF784c/XJJXX30106bN/effNdZYK+997zrZc899suyyA9OzZ8+F+ZEBAFiMGfIAAIBFb351eUGIDwCAuVnwPu9Xs+qqqy3KjwoASyRBPmChEuYDAIC31+uHo196aVwmTnwl9957dyZPnpyZM2ckSYYOHZbVV18jI0askX79+i+iTwsAwOJuQYY8Nt54k3zhC4dl9dVHLMqPCgAAS6x51eVFv7ilpSUdHR1CfAAAzNX8+rxLLdUrq6yyar797f9RSwLA20yQD1jo5hfmW2eddXPmmb+wUjMAADRAUXvbHQUAgLfqzYY8mpqaUqvVst56G+RHPzopffosmn+IAgCAJd3c6vJqtZrW1lYhPgAA5mtefd6WltZ0dLRnwIAB+fnPf53Bgwcv4k8KAEuWRRXkqyySuwLvCP37988nPrFHPvOZzyVJqtVqmpqaUqk0J0keeeTh3HXXHYvyIwIAwGJvXuvnFOE9IT4AAN6qufV4K5VKWlpaykDfLrvsJsQHAAANNLe6vGfPnkJ8AAAskLnVkz169EhHR3v69u2bU045S4gPAJYgLYv6AwCLVvEDQJKcf/65qVarqVarSZLvfOeYbLrp5ovy4wEAwGJPUA8AgEZ6sx7vUUd9L9tvv2OS2AkaAAAaqGtd/utf/yKzZs1K//7L5LTTfi7EBwDAfKknAeDdQ5APKH8AqFQq+cUvfp5kTojvox/dKUlSq9VSqdjAEwAAAADgnWh+PV4hPgAAaLz+/fvnk5/cI7NmzcwVV/wxp556lqFrAAAWmHoSAN4dmur1en1R3HjChKmL4rbAm5g0aVIuueSiDBu2Unbc8WNJDHgAAAAAACwu9HgBAGDRmzJlcmq1evr377+oPwoAAIsh9SQALByDBvVZJPcV5AO66ejoSGtraxI78QEAAAAALG70eAEAAAAAAADe3KIK8vnXW6CbYsAjiQEPAAAAAIDFjB4vAAAAAAAAwDuTf8EFAAAAAAAAAAAAAAAAgAYS5AMAAAAAAAAAAAAAAACABhLkAwAAAAAAAAAAAAAAAIAGEuQDAAAAAAAAAAAAAAAAgAYS5AMAAAAAAAAAAAAAAACABhLkAwAAAAAAAAAAAAAAAIAGEuQDAAAAAAAAAAAAAAAAgAYS5AMAAAAAAAAAAAAAAACABhLkAwAAAAAAAAAAAAAAAIAGEuQDAAAAAAAAAAAAAAAAgAYS5AMAAAAAAAAAAAAAAACABhLkAwAAAAAAAAAAAAAAAIAGEuQDAAAAAAAAAAAAAAAAgAYS5AMAAAAAAAAAAAAAAACABhLkAwAAAAAAAAAAAAAAAIAGEuQDAAAAAAAAAAAAAAAAgAYS5AMAAAAAAAAAAAAAAACABhLkAwAAAAAAAAAAAAAAAIAGEuQDAAAAAAAAAAAAAAAAgAYS5AMAAAAAAAAAAAAAAACABhLkAwAAAAAAAAAAAAAAAIAGEuQDAAAAAAAAAAAAAAAAgAYS5AMAAAAAAAAAAAAAAACABhLkAwAAAAAAAAAAAAAAAIAGEuQDAAAAAAAAAAAAAAAAgAYS5AMAAAAAAAAAAAAAAACABhLkAwAAAAAAAAAAAAAAAIAGEuQDAAAAAAAAAAAAAAAAgAYS5AMAAAAAAAAAAAAAAACABhLkAwAAAAAAAAAAAAAAAIAGEuQDAAAAAAAAAAAAAAAAgAYS5AMAAAAAAAAAAAAAAACABhLkAwAAAAAAAAAAAAAAAIAGEuQDAAAAAAAAAAAAAAAAgAYS5AMAAAAAAAAAAAAAAACABhLkAwAAAAAAAAAAAAAAAIAGEuQDAAAAAAAAAAAAAAAAgAYS5AMAAAAAAAAAAAAAAACABhLkAwAAAAAAAAAAAAAAAIAGEuQDAAAAAAAAAAAAAAAAgAYS5AMAAAAAAAAAAAAAAACABhLkAwAAAAAAAAAAAAAAAIAGEuQDAAAAAAAAAAAAAAAAgAYS5AMAAAAAAAAAAAAAAACABhLkAwAAAAAAAAAAAAAAAIAGEuQDAAAAAAAAAAAAAAAAgAYS5AMAAAAAAAAAAAAAAACABhLkAwAAAAAAAAAAAAAAAIAGEuQDAAAAAAAAAAAAAAAAgAYS5AMAAAAAAAAAAAAAAACABhLkAwAAAAAAAAAAAAAAAIAGEuQDAAAAAAAAAAAAAAAAgAYS5AMAAAAAAAAAAAAAAACABhLkAwAAAAAAAAAAAAAAAIAGEuQDAAAAAAAAAAAAAAAAgAYS5AMAAAAAAAAAAAAAAACABhLkAwAAAAAAAAAAAAAAAIAGEuQDAAAAAAAAAAAAAAAAgAYS5AMAAAAAAAAAAAAAAACABhLkAwAAAAAAAAAAAAAAAIAGEuQDAAAAAAAAAAAAAAAAgAYS5AMAAAAAAAAAAAAAAACABhLkAwAAAAAAAAAAAAAAAIAGEuQDAAAAAAAAAAAAAAAAgAYS5AMAAAAAAAAAAAAAAACABhLkAwAAAAAAAAAAAAAAAIAGEuQDAAAAAAAAAAAAAAAAgAYS5AMAAAAAAAAAAAAAAACABhLkAwAAAAAAAAAAAAAAAIAGEuQDAAAAAAAAAAAAAAAAgAYS5AMAAAAAAAAAAAAAAACABhLkAwAAAAAAAAAAAAAAAIAGEuQDAAAAAAAAAAAAAAAAgAYS5AMAAAAAAAAAAAAAAACABhLkAwAAAAAAAAAAAAAAAIAGEuQDAAAAAAAAAAAAAAAAgAYS5AMAAAAAAAAAAAAAAACABhLkAwAAAAAAAAAAAAAAAIAGEuQDAAAAAAAAAAAAAAAAgAYS5AMAAAAAAAAAAAAAAACABhLkAwAAAAAAAAAAAAAAAIAGEuQDAAAAAAAAAAAAAAAAgAYS5AMAAAAAAAAAAAAAAACABhLkAwAAAAAAAAAAAAAAAIAGEuQDAAAAAAAAAAAAAAAAgAYS5AMAAAAAAAAAAAAAAACABhLkAwAAAAAAAAAAAAAAAIAGEuQDAAAAAAAAAAAAAAAAgAYS5AMAAAAAAAAAAAAAAACABhLkAwAAAAAAAAAAAAAAAIAGEuQDAAAAAAAAAAAAAAAAgAYS5AMAAAAAAAAAAAAAAACABhLkAwAAAAAAAAAAAAAAAIAGEuQDAAAAAAAAAAAAAAAAgAYS5AMAAAAAAAAAAAAAAACABhLkAwAAAAAAAAAAAAAAAIAGEuQDAAAAAAAAAAAAAAAAgAYS5AMAAAAAAAAAAAAAAACABhLkAwAAAAAAAAAAAAAAAIAGEuQDAAAAAAAAAAAAAAAAgAYS5AMAAAAAAAAAAAAAAACABhLkAwAAAAAAAAAAAAAAAIAGEuQDAAAAAAAAAAAAAAAAgAYS5AMAAAAAAAAAAAAAAACABhLkAwAAAAAAAAAAAAAAAIAGEuQDAAAAAAAAAAAAAAAAgAYS5AMAAAAAAAAAAAAAAACABhLkAwAAAAAAAAAAAAAAAIAGEuQDAAAAAAAAAAAAAAAAgAYS5AMAAAAAAAAAAAAAAACABhLkAwAAAAAAAAAAAAAAAIAGEuQDAAAAAAAAAAAAAAAAgAYS5AMAAAAAAAAAAAAAAACABhLkAwAAAAAAAAAAAAAAAIAGEuQDAAAAAAAAAAAAAAAAgAYS5AMAAAAAAAAAAAAAAACABhLkAwAAAAAAAAAAAAAAAIAGEuQDAAAAAAAAAAAAAAAAgAYS5AMAAAAAAAAAAAAAAACABhLkAwAAAAAAAAAAAAAAAIAGEuQDAAAAAAAAAAAAAAAAgAYS5AMAAAAAAAAAAAAAAACABhLkAwAAAAAAAAAAAAAAAIAGEuQDAAAAAAAAAAAAAAAAgAYS5AMAAAAAAAAAAAAAAACABhLkAwAAAAAAAAAAAAAAAIAGEuQDAAAAAAAAAAAAAAAAgAYS5AMAAAAAAAAAAAAAAACABhLkAwAAAAAAAAAAAAAAAIAGEuQDAAAAAAAAAAAAAAAAgAYS5AMAAAAAAAAAAAAAAACABhLkAwAAAAAAAAAAAAAAAIAGEuQDAAAAAAAAAAAAAAAAgAYS5AMAAAAAAAAAAAAAAACABhLkAwAAAAAAAAAAAAAAAIAGEuQDAAAAAAAAAAAAAAAAgAYS5AMAAAAAAAAAAAAAAACABhLkAwAAAAAAAAAAAAAAAIAGEuQDAAAAAAAAAAAAAAAAgAYS5AMAAAAAAAAAAAAAAACABhLkAwAAAAAAAAAAAAAAAIAGEuQDAAAAAAAAAAAAAAAAgAYS5AMAAAAAAAAAAAAAAACABhLkAwAAAAAAAAAAAAAAAIAGEuQDAAAAAAAAAAAAAAAAgAYS5AMAAAAAAAAAAAAAAACABhLkAwAAAAAAAAAAAAAAAIAGEuQDAAAAAAAAAAAAAAAAgAYS5AMAAAAAAAAAAAAAAACABhLkAwAAAAAAAAAAAAAAAIAGEuQDAAAAAAAAAAAAAAAAgAYS5AMAAAAAAAAAAAAAAACABhLkAwAAAAAAAAAAAAAAAIAGEuQDAAAAAAAAAAAAAAAAgAYS5AMAAAAAAAAAAAAAAACABhLkAwAAAAAAAAAAAAAAAIAGEuQDAAAAAAAAAAAAAAAAgAYS5AMAAAAAAAAAAAAAAACABhLkAwAAAAAAAAAAAAAAAIAGEuQDAAAAAAAAAAAAAAAAgAYS5AMAAAAAAAAAAAAAAACABhLkAwAAAAAAAAAAAAAAAIAGEuQDAAAAAAAAAAAAAAAAgAYS5AMAAAAAAAAAAAAAAACABhLkAwAAAAAAAAAAAAAAAIAGEuQDAAAAAAAAAAAAAAAAgAYS5AMAAAAAAAAAAAAAAACABhLkAwAAAAAAAAAAAAAAAIAGEuQDAAAAAAAAAAAAAAAAgAYS5AMAAAAAAAAAAAAAAACABhLkAwAAAAAAAAAAAAAAAIAGEuQDAAAAAAAAAAAAAAAAgAYS5AMAAAAAAAAAAAAAAACABhLkAwAAAAAAAAAAAAAAAIAGEuQDAAAAAAAAAAAAAAAAgAYS5AMAAAAAAAAAAAAAAACABhLkAwAAAAAAAAAAAAAAAIAGEuQDAAAAAAAAAAAAAAAAgAYS5AMAAAAAAAAAAAAAAACABhLkAwAAAAAAAAAAAAAAAIAGEuQDAAAAAAAAAAAAAAAAgAYS5AMAAAAAAAAAAAAAAACABhLkAwAAAAAAAAAAAAAAAIAGEuQDAAAAAAAAAAAAAAAAgAYS5AMAAAAAAAAAAAAAAACABhLkAwAAAAAAAAAAAAAAAIAGEuQDAAAAAAAAAAAAAAAAgAYS5AMAAAAAAAAAAAAAAACABhLkAwAAAAAAAAAAAAAAAIAGEuQDAAAAAAAAAAAAAAAAgAYS5AMAAAAAAAAAAAAAAACABhLkAwAAAAAAAAAAAAAAAIAGEuQDAAAAAAAAAAAAAAAAgAYS5AMAAAAAAAAAAAAAAACABhLkAwAAAAAAAAAAAAAAAIAGEuQDAAAAAAAAAAAAAAAAgAYS5AMAAAAAAAAAAAAAAACABhLkAwAAAAAAAAAAAAAAAIAGEuQDAAAAAAAAAAAAAAAAgAYS5AMAAAAAAAAAAAAAAACABhLkAwAAAAAAAAAAAAAAAIAGEuQDAAAAAAAAAAAAAAAAgAYS5AMAAAAAAAAAAAAAAACABhLkAwAAAAAAAAAAAAAAAIAGEuQDAAAAAAAAAAAAAAAAgAYS5AMAAAAAAAAAAAAAAACABhLkAwAAAAAAAAAAAAAAAIAGEuQDAAAAAAAAAAAAAAAAgAYS5AMAAAAAAAAAAAAAAACABhLkAwAAAAAAAAAAAAAAAIAGEuQDAAAAAAAAAAAAAAAAgAYS5AMAAAAAAAAAAAAAAACABhLkAwAAAAAAAAAAAAAAAIAGEuQDAAAAAAAAAAAAAAAAgAYS5AMAAAAAAAAAAAAAAACABhLkAwAAAAAAAAAAAAAAAIAGEuQDAAAAAAAAAAAAAAAAgAYS5AMAAAAAAAAAAAAAAACABhLkAwAAAAAAAAAAAAAAAIAGEuQDAAAAAAAAAAAAAAAAgAYS5AMAAAAAAAAAAAAAAACABhLkAwAAAAAAAAAAAAAAAIAGEuQDAAAAAAAAAAAAAAAAgAYS5AMAAAAAAAAAAAAAAACABhLkAwAAAAAAAAAAAAAAAIAGEuQDAAAAAAAAAAAAAAAAgAYS5AMAAAAAAAAAAAAAAACABhLkAwAAAAAAAAAAAAAAAIAGEuQDAAAAAAAAAAAAAAAAgAYS5AMAAAAAAAAAAAAAAACABhLkAwAAAAAAAAAAAAAAAIAGEuQDAAAAAAAAAAAAAAAAgAYS5AMAAAAAAAAAAAAAAACABhLkAwAAAAAAAAAAAAAAAIAGEuQDAAAAAAAAAAAAAAAAgAYS5AMAAAAAAAAAAAAAAACABhLkAwAAAAAAAAAAAAAAAIAGEuQDAAAAAAAAAAAAAAAAgAZqWdQfAIDGmDK7lrFTO/P8tGpmV+vpqNVTrSXNlaS10pQezU0Z0rs5w/q0pG8PuW4AABZP9WlTkhfGpv7S80n77KSzI6lWk+bmpKU1aeuRpuWHJCsOS1Pvvov64wIAwFsyuTojz3ZMyPOdEzOr3p7OejWdqaYlzWlpak7PprYMaRmQlVoHpV9zr0X9cQEA4K1pn5TK1KfSNP3ppDozTbWOpNaRVFpTr7QmzUulvvQqqfVZPWlbZlF/WgAAeEvap3dk6rgZmTZhVqrt1dSq9dSr9TQ1N6XS3JTmtub0HtQzfQb3StvSrYv64wLwNhPkA1gC1Ov1/GtyZ0ZP6sjTkzvz1KudmTirms5aUmn69zFJ6vWkqSn590up1ZOWSjKgZ3NW79+SVfq1ZMQyrVm1X0uamprmdTsAAFgk6vV6MvZfqT89OvXnnk7GPJW8OjHp7EwqleKgzKl+m+YUv0nqtVrS0pL0H5AMXz1NQ1dJ0yojkmGrqnsBAHjHqdfr+WfHuDzR/nz+1f5Snmp/Ma9Up6Yz1VRSST31OcelnqZ/d3v/P3t/HmTnfd4Hvt/3LL0CaIDYiJUEwF2kJEoUJUuiVsuyZUqyHTk3TuxsvjeVStVUJXHqJqmaP6dqkqnrTKqmKjWTKSexszhjO44lUZFFUVxEaiEpiZK4EwRA7MSORu9ne+8fTTQJklhI9OnTDXw+VSqd0zjnfZ/TQBFP//D7/p4iRTrppJZqVleX54a+Ddnetz43923Kjvq1+l4AABafskxx5rlUTv88ldEXUow+k2L6SFI2k1ST1/reufXe5LX/bydFPeXA+pQjt6czcks6K9+bcsVtc2vCAACwWJRlmTMHJ3Jq33jOHJrI6IHxTI820mmXKSpJytc637PbHDL7/2UnqVSLDIz0ZWTzsqzYOJxVW5dlxaZh670AS1xRlmV58ZfNv2PHxnpxW4ArynSrzJOvzuSBfVPZM9pKkdlwXr2a9FWK1Cu5YMNelmWanaTRKdNsz4b+yiTbR2r5xesGc9f6/gzUNPwAAPRWOTOd/PzJdL73QLJ/z+xmjE4nqdeTet/s5L0LLVSX5eykvmYjaTZnQ39lmWzdnsrHfjG5464U/QML94EAAOBtTHcaeXx6Z+4ffyq7m0eSFCnTSV9RS19RTz3Vi6/3pp1G2UyjbKXI7C6Q7fVr8/ll78/dAzdmoNK3YJ8HAADeVmsqlaMPprbvz1KceSGzW5U7SaX/tf/1XXy9t9NIOjOz/3ut7y1Hbk1ry1fSWffppDa4MJ8FAADOo9Vo58izp7L/iSMZPTSRIrOtbKVeSaVWSaVWXHS9t9Mq02l10ml2Ury2v3dk03C23r0+625blVpfdcE+D8CVaO3a5T25ryAfwBJ0eKKVRw9M5+H9MxlrzDboy+pFapXLD921OmUmmmU6ZbK8r5JPbenPPZsHsmHYEFcAABZWefRwyicfTfn4w8n42OzmjaFls9P1LlerlUxNzB5jN7w8xYc/leJD96RYt+Hyrw0AAO/AodbJPDLxTB6cfDpjnakUqWR5ZSC14vI3YbTKdsY60ylTZnllIJ8ZuiOfHL49G2vXzEPlAABw6YqJfakeui/VA19LmqeTFEl9JKnUL//inWbSOjO73ltfmfbmL6W98d6Uw1sv/9oAAPAOTByfzsGnjuXgj4+lMdmabXuHaqlUK5d97U67k9ZkK2WZ9A3VsumDa7PpzrUZXuPgYoB3Q5APgItqtMvct3sy9+2aTLOT9FWToYucyvFulWWZyVaZRjupV5J7dwzli9uHUq+a0AcAQHeVzUbK79yX8sH7knZzdurewNCFT2F+1zcrk+nJ2Wl91XqKz9yb4rNfTFGfh80jAABwAY2yma+OPZGvjj2ZVtrpL2oZKvq7t95bzmSmbKWWar68/EP58vIPp69wgBsAAF3Wnk51z39M7ZU/mg3cVQaS2nBSXP5G5rcoO0lrIulMJ5V6Wtf/zbS3/c2k2j//9wIAgDdoNzvZ8+ih7HnscDqtMpV6JbWBatfWe1vT7XSanVRqRbZ9fEO2fWJjqrUu9NgAVzBBPgAuaPfpZv7dM+PZe6aVgVqRwdrCBeqmWmWmW2WuW1HL796xLNtGbGoGAKA7yn270/nTf5cc3Jv0DyQDgwt38+mpZGY62XRdKn/1d1Ns2bZw9wYA4Kqyq/Fq/u/T92dP82iGir4MVhZuY/FUZyaTZSPb6uvy91b+Urb3Xbtg9wYA4OpSjD6X+nP/IsWZF2fDe7Xhhbt5ayJpT6RcfnOat/3zlCO3Lty9AQC4qoweHM+zX3slY4cnU+2vptZfXbB7t2baac+0s3zDUN7zpW0Z2bSAPTfAEifIB8DbarbLfH33ZL6+azLtMlnRV6TSjUkkF9Epy5xplKkVpvMBADD/ymYz5Xe+nvLBryftdrJsRVLpwWlxnU4yfiap1kznAwBg3jXKVr469ni+OvZk2mlnpDKUSjcmkVxEu+zkTGcyVdP5AADohvZMqnv+6LUpfK2kb1VSLNxm5jllO2mcSio10/kAAJh37VYne7772hS+dpm+4XqKysLvqy07ZRoTzVSqpvMBvBOCfAC8xenpTv71T0az6/TCT+E7n7PT+XasrOUffmAkKwc0+wAAXJ7yzOl0/v2/TvbuWvgpfOdzdjrfdTtS+Tv/MMWKlb2uCACAJe5Uezy/f+Kr2dk8vOBT+M7n7HS+G+sb8nurv5xV1WW9LgkAgKVu5njqP/2nqYw+k1QXeArf+bw2na8zcnua7/+XSf+aXlcEAMASNzPWyFN/vDOjByYWfArf+ZydzjeyeTh3/taN6V/e1+uSABY1QT4AznF8sp3f//FoDoy1M9Lfmyl859Mpy4zOlNm8vJrf++BI1gz1/gcQAACWpvLk8XT+4PeTwweS5SO9mcJ3Pp1OMjaabNicyu/+XoprbO4AAODdOdYazb888d+zv3U8KyvDqfZgCt/5tMtOTncmsqW2Jv909a9nbW2k1yUBALBUTR1O31O/l2J8V9K3ujdT+M6nbCeNEymX7Ujjzt9PBjf0uiIAAJaoqdMz+cl/einjR6fSt6w3U/jOp+yUaYw3s2zdYD7w2zdlcGXvD5QDWKx6FeRbPP9KCMCcY5Pt/IsnF2eIL0kqRZGR/iIHxmbrPD7Z7nVJAAAsQeXJY+n8n/9icYb4ktl6lo8khw+k83/+i5Qnj/e6IgAAlqCjrdH8L8f/LAeaJ7KqsmxRhfiSpFpUsqqyLAeax/O/HP+zHGuN9rokAACWoGLqUPp+9D+lGN+d9K1ZXCG+ZLaevjUpxnel70f/UzJ1uNcVAQCwBE2dmsmP/sMLizLElyRFpUjfsnrGj07lR//hhUydnul1SQC8yeL6l0IAcnq6k3/149EcmWhn5SIM8Z1VKYqs7C9yZGJ2cuDoTKfXJQEAsISUZ06n8wf/Kjl+JFmxcvGF+M6qVGbrO34knT/4/ZRnbGoGAODSnWqP53878d9zpHU6q6rDi3q9d1V1WY60TuVfnvjvOd2e6HVJAAAsJTPHU3/qn6SYOvDaJL5Fut5bVGbDfFP70/fU7yUzJ3pdEQAAS8jMWCM/+c8vZfLkTPqWL74Q31lFpUjf8nomT85ODpwZb/a6JADeYJGumgBcnZrtMv/6J6PZ/9okvmKRbuo4q3jDZL7//cejabbLXpcEAMASUDab6fz7f50c3j878W6R970pitcn8/37/z1l0yI3AAAX1yhb+f0TX83+1vGsrA4vifXeldVl2d86nv/fib9Io2z1uiQAAJaC9kzqP/2nKcZ3Le4Q31lnw3zju1L/6f83aZtQAgDAxbVbnTz1xztfn8S3BNZ7z07me+q/vJR2y7AOgMVika+cAFxdvr57MrtOtxb1JL43q7wW5tt1upX7dk/2uhwAAJaA8jtfT/buSpavXLyT+N6sUpkN8+3dlfLB+3pdDQAAS8BXxx7PzubhrKws3kl8b1YpiqysDGdn83C+NvZEr8sBAGAJqO75o1RGn1kaIb6zikrStzqV0WdSfeU/9roaAACWgD3fPZTRAxOzIb5FOonvzYrKbJhv9MBE9jx6uNflAPCaJbJ6AnDl2326mft2TWagtnRCfGdViiIDtSJf3zWZPaOmkwAAcH7lvt2zQbj+gaUT4jurUkn6B1J+5+sp9+/pdTUAACxiuxqv5qtjT2ao6Et1qWxmfk21qGSo6MtfjD2R3Y1Xe10OAACLWDH6XGqv/FFSHU6Kaq/LeWeKalIdTm3PH6YYfb7X1QAAsIiNHhzPnscOp9pfXTIhvrOKSpFqfzV7Hj2U0YMTvS4HgAjyASwKjXaZf/fMeFplMlhbWk3+WYO1Iq1O8gdPj6fZLntdDgAAi1DZbKTzp/8uabeSgcFel/PuDAwm7VY6f/oHKZsOsQAA4K0aZTP/9+n70047g5X+XpfzrgxW+tMq2/m3p+9Po2z1uhwAABaj9nTqz/2LpNNKasO9rubdqQ0nnWbqz/2vSXum19UAALAItZudPPu1V9Jpl6n1L7HDK15T66+m0yrz3Nf2pN3q9LocgKueIB/AInDf7snsPdPKir6lGeI7a0V/kb1nWrlv92SvSwEAYBEqv3NfcnBvsmxFr0u5PMtWJAf2zk4WBACAN/nq2BPZ0zyakcpQr0u5LCurQ9nTPJqvjT3R61IAAFiEqnv+Y4ozLyZ9q3pdyuXpuybF2IupvvIfe10JAACL0J5HD2Xs8GT6huu9LuWy9C2r58zhyex59HCvSwG46gnyAfTY4YlW7ts1mYFakUqxtIN8laLIQK3I13dN5vCEU5oBAHhdefTwbPCtfyCpLPHliEol6R9I+eDXUx61yA0AwOsOtU7mq2NPZqjoS6VY2n1vpahkqOjLX4w9kUOtk70uBwCARaSY2JfaK380O9GuWJpTSeYU1aQ6nNqeP0wxsa/X1QAAsIhMHJ/OnscOp9pfTVFZ2vt7i0qRan81ex49lInj070uB+CqtrT/BRHgCvDdA9NpdpLB2tJu8s8arBVpdpJHD2j0AQB4Xfnkd5N2MxkY7HUp82NgMGk1Uz75aK8rAQBgEXl44pm00s5gpb/XpcyLwUp/WmnnuxPP9roUAAAWkeqh+5JOczbIdyWoDSedZqqHvtHrSgAAWEQOPnUsnVaZWv8SP7ziNbX+ajqtMgefOtbrUgCuaoJ8AD003SrzyP6Z9F0ZPf6cvmry8P6ZTLfKXpcCAMAiUM5Mp3z8kaTe1+tS5le9L+XjD6eccYgFAADJdKeRhyafTn9R63Up86qvqOU7k09nutPodSkAACwGralUD3wtqQz0upL5VelP9eBXk9ZUrysBAGARaDXaOfjjY6nUr6y4RaVeycGfHEur0e51KQBXrSvrbxaAJeZHR2Yy1uhk6AqZxnfWUK3IWKOTHx2Z6XUpAAAsBk//KJkYSwaGel3J/BoYmv1cT/+o15UAALAIPDG9M2Od6QwVV8Y0vrOGi/6MdabyxPTLvS4FAIBFoHL0oaR5+sqZxndWbVnSOJ3K0Yd7XQkAAIvA0edOpTHZSm3gyprUURuopjHRytHnTvW6FICrliAfQI+UZZlv751KpUiK4soK8hVFkUqRPLB3KmVpKh8AwNWsLMt0Hvt2UlSSK6zvTVEkRSWd7z2g7wUAuMqVZZlvjT+VIsUVud5bJPnW+FP6XgCAq11ZprbvT19b773Ctp299plq+/800fcCAFzVyrLMvsePzG4JuBLXe4tk3xNHrPcC9MgVtqICsHTsHm1lz2grw/Urq8k/a7heZPdoK7tHW70uBQCAXtq/O9m/Jxm8wk5nPmtwONm3e/ZzAgBw1drVfDW7m0eyvDLQ61K6YnllMLubr2ZX89VelwIAQA8VZ55LceaFpLai16V0R21FitHnU5x5rteVAADQQ2cOTmT00ERqQ7Vel9IVtaFaRg9O5MzBiV6XAnBVEuQD6JGdp5opktQqV2aQr1aZPaV556lmr0sBAKCHyj07ZyfX1a7MBe7UaklRpHxlZ68rAQCgh15sHExSpFZUe11KV8x+riIvNQ71uhQAAHqocvrnSYqkUu91Kd1RqScpUjn9dK8rAQCgh07tG0+RpFK9MqMWlWolRZLT+8d7XQrAVenK/NsFYAnYM9pK5wqfSt0pZz8nAABXr/LAnqTT6XUZ3dXppNy/p9dVAADQQ7sbR1Lmyu57y3Syu3Gk12UAANBDldEXkiu87006Kc483+siAADooTOHJlJe4ft7yzIZNZEPoCcE+QB65OXTrdSvzMOZ59Qrya7TgnwAAFe1vS8n9Sv0dOaz6vVk765eVwEAQA+93DicvuIKnUL9mr6ilp0m8gEAXNWK0WeSSn+vy+iuSl8qp5/pdRUAAPTQ6IHxVOpXdsyiUqtk9ICJfAC9cGX/DQOwSJ2Z6eTkdDt9laLXpXRVX7XIiel2xhpX+ol8AAC8nXL8THL6ZFLv63Up3VXvS06fSDk+1utKAADogdH2ZE60x9JXXNkHWPQV9Zxoj+VMe7LXpQAA0AuNUymmj1wFQb6B2c/ZON3rSgAA6IHGRDPTo41Uald2zKJSr2R6tJHGRLPXpQBcda7so0EBFqn9Y620OsmyBd7XUXY6Wchp39WUabSTl46O55ZVV/j4QQAA3qLY/VL6ms2UA0NJZ+EOdyjLMkWxgIdmVKopmo1M7Xkp5fZbFu6+AAAsCi81D6RRtjLU7ku7aC/YfRe6762USaNs5aWx/bm1vnnB7gsAwOJQO/10+jqNdKorFni9t5OiWMhN1LVUOo3MHHs6rZUfWMD7AgCwGJx+ZTztVieVgSKdzsLtuC1SpKgsXN9bqRVpTZUZOzKV1duv7EPqABYbQT6AHjg43k6lyIJtsmjMzGSmMZOyXMgY36xWWct3f7onx+snF/zeAAD01obdz2V7s5HmxMSC3K/ZbKbZaiZlmRRF6rV66vWFWXCuN5vZ/b1HcvjQ0QW5HwAAi8fTI0fTXNPIRHth1l9brWaazebZtjf1ej212sL0vc1qM48c/GFOjK5bkPsBALB4bG1/P7e0mplpjC/I/VqvrffO9b21emoLtN7bXzaz+2ffzr7qwnxWAAAWj9b+WlqN/jTGF36/bVEU6e/vT19/96dgF0WRolJk4thUVm9f0fX7AfA6QT6AHphZoA0dSTIzM5OZmekFu9+blUmaubJHjAMA8Paq7WYWaiR0s9lMs9l4/QtlOfd8QcJ8ZVJtNbt/HwAAFp1mpZMs0GC8VquZRuP1vrMsk0ZjdnPzgvS9RdKoLNz0FQAAFo9qGhd/0TxpNZtpNN/U9zabKbNAfW+SamYW5D4AACwy7QVa7H0bZVlmenp2v+9ChPlSJq1Gu/v3AeAckhUAPdDslAu1nzmNRo8Xl8sibX/dAABclSqdzoLsZy5Tzk7iexuzX+9+910kqXQscAMAXI3axUKt9pZpNt++720tUN+bLOTnBQBgMamUrSxUz3m+9d7Wgh2mVr72eQEAuOosgnPMZmZmZk+z6LIyZTot670AC02yAqAH2p0F6bGTsky5IDe6QAlJOmXvTigBAKB3ik4nCzaS73x9b7lQh2iUr31eAACuNp2ikwXrOs/f9i7M/VOmU+h7AQCuRpUs0EFmZXnhvneBmt8F+7wAACwuZbFg2xzOW8IC7vst24J8AAtNkA+gB6qVpFiIbFtRpFiQG12ghCQVJzQDAFyVykolWZCZfDl/g10UC1RB8drnBQDgalMpK1mwrvP8be/C3D9FKqW+FwDgatRJdWFuVBQX7nsXqPldsM8LAMDiUpQLts3hvCUs4L7fompQB8BC8y9tAD1QryzUto6kr69/ge50HkWZ6mKYNQ4AwILrVCoLclBdkSL1Wv1tf232693vvssknYqNHQAAV6NquVCrvUXq9bfve2sL1PcmC/l5AQBYTDpFLQvVc55vvbd2nq/Pv+K1zwsAwFVnEaQr+vv7F+QAiyJFKjXrvQALzYoDQA/0L+AJFv39/SmSzDRmFnTc9llFkrogHwDAValdrS/YSXVnNzQ3W82kLJNiNtx3vo3O865I2gu2iQQAgMWk3qlkQU6wyOsbl5vN5tm2N/V6feE2NJdJX2cR7GQBAGDBtdO3YPeqvWG9d67vrdXnvr4Q2unxockAAPRGdeH32Z5VFEX6+/vT179AvWiR1PocWAyw0AT5AHpg07JqOmVSluWCjMDue62xLzudhdpPkmT28zUbySfed2tuWaXZBwC42hQb1qbvpafSPzy8IKfFnbVQffYbbpii08wNH/tkdmy/ZeHuCwDAonBN80CeGP9ahjO0oH3oQve9ZVmmWU7mk7d8JLfWNy/YfQEAWBxqp4fT/8y3Uq8vW+D13k6KYgEPkyjLVJrT2X7757J15QcW7r4AACwKp18Zz9N7X0l9WXVB11+LFCkqC9f3lmWZslNmeO3ggt0TgFmCfAA9sGV5LbVK0uwkC3mYRVGpLNRAlCRJo12mr1rmpnXLMtznlGYAgKtNuf2mdOr1FJ12Ul+405oXXLOR1PsyuO2mFMPDva4GAIAFdlN7S/omaulUkr7iyj3QrFG20tep5ablWzJcHep1OQAALLT6HSkqfammlVQWclrdAu81aM8klb70r70j/X3WewEArjb16/tSre1LOpVU6lfuvtdOq0ylWmT5ekE+gIV25f7tArCIreiv5JqBahqd3o3gXgiNdpnVA9UsF+IDALgqFctWJCuvmQ26XcmajWTl6hTLlve6EgAAemCkOpTV1eVplM1el9JVjbKZ1dXlWSHEBwBwdepblXJgfdKZ6XUl3dWZnv2cfSt7XQkAAD3QN1zPwEhfOq1Or0vpqk6zk4GRvvQN13tdCsBVR7ICoEduWFlLs93rKrqr2Ul2rDT8FQDgqnbdDUnzyt7QnGYzuW5Hr6sAAKCHbujbkEbZ6nUZXdUoW7mxb2OvywAAoIfKkduvgiBfI52Vt/e6CgAAemhk87J0mld4kK/VycjmZb0uA+CqJMgH0CPbRmqpFL2uorsqxeznBADg6lVs3pZUrvDlh0olxZZtva4CAIAe2t63PsUV/s9uRSrZ3re+12UAANBDnZFbcuVvN6ukXHFrr4sAAKCHVmwcTnGF7+8timRk03CvywC4Kl3pKysAi9aNq+opk7Q6Za9L6YpWp0yZ2c8JAMDVq9h2Y1KWSesKnU7SaiVlmeL6G3tdCQAAPXRz36YkZVplu9eldMXs5ypzk4l8AABXtc7K9yYpk06z16V0R6eZpExn5R29rgQAgB5atXVZyiSd9pU5la/T7qRMsnKLiXwAvSDIB9Aj20dq2TZSy0TzygzyTTTLbB+pZbuJfAAAV7ct25Mt25KpiV5X0h1TE8nW7bOfEwCAq9aO+rXZXl+fsc50r0vpirHOVLbXr82O+rW9LgUAgB4qV9w2O62udabXpXRH60zKkVtTrrit15UAANBDKzYNZ2TjcFqTV+aBxa3JVkY2DWeFiXwAPSHIB9AjRVHkc9cNplMmZXllhfnKskynTH7xusEUV/p8cQAALqgoilQ+/rmk7MxO5ruSlGVSdlL52C/qewEArnJFUeTzy+5MmfKKXO8tk3x+2Z36XgCAq11RpLX1K6+t915h00le+0ytLb+Z6HsBAK5qRVFk64fXz24JuBLXe8tk693rrfcC9IggH0AP3bW+P8v7KplsXVmN/mSrzPK+Su5a39/rUgAAWAzuuCsZXp5MT/a6kvk1PTn7ue64q9eVAACwCNw9cGOWVwYyWc70upR5NVHOZHllMHcP3NDrUgAAWAQ66z6d1FcmrYlelzK/WuNJ38p01n2q15UAALAIrLttVfqGamlNt3tdyrxqTbfTN1zLuttW9boUgKuWIB9ADw3UinxqS38aV1afn0Y7+dSW/gzUnNYBAEBS9A+k+PCnkmaj16XMr2YjxYc/laJ/oNeVAACwCAxU+vKZoTsyU7Z6Xcq8apStfHbojgxU+npdCgAAi0FtMO3NX0o6072uZH51ZtLe9OWkNtjrSgAAWARqfdVs+uDadJpX1iTqTrOTTR9Ym1pftdelAFy1BPkAeuyezQOpV5KpK2Qq31SrTL0y+7kAAOCs4kP3JNV6Mj3V61Lmx/RUUqvPfi4AAHjNJ4dvTy3VTHWujKl8U52Z1FLNJ4bf0+tSAABYRNob700q9StnKl9rIqnU0974q72uBACARWTTnWtTqRVpzVwZ0zpaM+1UakU23bm216UAXNUE+QB6bMNwLffuGMp0q0ynXNphvk5ZZrpV5os7hrJhuNbrcgAAWESKdRtSfObeZGY66SzxE+s6nWRmOsVnvphi3YZeVwMAwCKysXZNvrz8Q5ksG+mUS7vvbZedTJaN/Nryu7Oxdk2vywEAYBEph7emdf3fTNoTSbnENzWX7aQ9kda2v5VyeGuvqwEAYBEZXjOQbR/fkPZMO2Vnae/vLTtl2jPtbLtnY4bXGNQB0EuCfACLwL3bh3LdilrONJZ2o39mpsx1K2q5d/tQr0sBAGARKj57b7LpumT8TK9LuTzjZ5LN180GEwEA4E2+vPzubKuvy2hnstelXJbR9mS21dflS8vv7nUpAAAsQu1tv5Ny+c1J41SvS7k8jZMpl9+c9vW/0+tKAABYhLbdszHLNwylMdHsdSmXpTHezIoNQ9l2j8OKAXpNkA9gEeirFvm7ty9LrUimWkszzDfVKlOrJL97x7LUq0WvywEAYBEq6n2p/ObfTaq1ZHqq1+W8O9NTSbWWym/+bop6vdfVAACwCPUV9fx/Vv5SqqlmqjPT63LelanOTGpFNX9v5S+lr6j1uhwAABaj6kCat/2zpFJLWhO9rubdaU0klXqat/3zpNrf62oAAFiEqvVK3vOl61OpFmnNLM1p1K2Zdiq1Ird9aVuqNfERgF7zX2KARWL7ynru3TGU6VaZTrm0wnydssx0q8wXdwxl24jNzAAAnF+xdfvsJLuZ6aTT6XU570ynk8xMp/jsF1Ns2dbragAAWMR29F2bLy//UCbLRtrl0up722UnU2Ujv7b87mzvu7bX5QAAsIiVI7eldf3fTNoTSbnENjWX7aQ9kda2v5Vy5NZeVwMAwCI2smlZtn18Q9oz7ZSdpbW/t+yUac+0s+2ejRnZNNzrcgCIIB/AovLF7UPZsbKW0ZmlE+brlGVGZ8rsWFnLvduHel0OAABLQPHZLybX7UjGRpdOmK/Tma33uh2zQUQAALiILy//cG6sb8jpzsSSWu893ZnIDfUN+dLyu3tdDgAAS0B7299MZ+T2pHEiWSqHWJSdpHEinZHb077+d3pdDQAAS8C2T2zMyObhNMabSybMV3bKNMabGdk8nG33bOh1OQC8RpAPYBGpV4v8ww+MZPPyakZnypSLfHNH+VqIb/Pyav7RB0dSrxa9LgkAgCWgqNdT+Tv/MNmweTYct8j73pTlbJ0bNqfyd/5Rirop1AAAXFxfUcvvrf5yttTW5HR7fEms955uj2dLbU3+yepfS19R63VJAAAsBdX+NN//L1Mu25E0ji/+MF/ZSRrHUy7bkeb7/7ek2t/rigAAWAKqtUru/K0bs2zd4GyYbwms9zbGm1m2bjB3/vWbUq2JjQAsFv6LDLDIrByo5Pc+OJL1w9WcXsST+TplmdMzZdYPV/N7HxzJSL+/UgAAuHTFipWp/O7vJWvWJ2dOL97JfJ3ObH1r1qfyu7+XYsVIrysCAGAJWVVdln+6+tezvrYqp9rji3q991R7POtrq/JPV/96VlaHe10SAABLSf+aNO78/ZSDWxZ3mO9siG9wSxp3/n7Sv7rXFQEAsIT0L+/LB377pgxd05/G2OKdzFd2yjTGmhm6pj8f+O2b0r/MYcUAi4nUBcAitGaomn/2odcn8y22zR2dN0zi+2cfGsmaoWqvSwIAYAkqrlmTyt//Z69P5ltsYb5O5/VJfH//n6W4Zk2vKwIAYAlaWxvJ/7zmK9lcX5NTnfG0F9mm5nbZyanOeDbX1+R/XvOVrK05vAIAgHdhcEMad/0fb5jM1+51Recq23OT+Bp3/R/J4IZeVwQAwBI0uLI/d/3tW16fzLfIwnxl5/VJfHf97VsyuNIEaoDFpih7NNf12LGxXtwWYEk5Pd3Jv/7JaHadbmWgVmSwVvS6pEy1yky3yuxYWcs/MokPAIB5UJ45nc6//9fJ3l1J/0AyMNjrkpLpqWRmOrluRyp/5x+ZxAcAwGU71R7P75/4anY2D2eo6MtgpfcbKKY6M5ksG7mxviH/ZPWvmcQHAMDlmzme+k//aSqjzyTV4aS2CHrM1kTSnkhn5PY03/+/mcQHAMBlmxlr5Kk/3pnRAxOp9ldT6+/9QIzWTDvtmXZGNg/nzr9uEh/Axaxdu7wn9xXkA1jkmu0y9+2ezNd3TaZVJiv6ilSKhQ/0dcoyZ2bK1CrJF3cM5d7tQ6lXex8sBADgylA2mykfvC/ld76etFvJshVJpQeHRnQ6yfiZpFpL8dkvpvjMvSnqFrcBAJgfjbKVr409kb8YeyLttDNSGUqlWPi+t112MtqeTK2o5teW350vLb87fUVtwesAAOAK1Z5J9ZX/mNqeP0w6raRvVVL0YGNz2U4aJ5NKPa1tfyvt638nqfb+QA0AAK4M7VYnex49nD2PHkqnXaZvuJ6isvD7as9O4avUimy7Z2O23bMh1ZohHQAXI8gHwAXtGW3mD54ez94zCz+d7+wUvutW1PK7dyzLthEbmQEA6I5y/550/uQPkoN7F34639kpfJuvS+U3fzfFlm0Ld28AAK4quxuv5t+evj97mkcXfDrf2Sl82+rr8vdW/lK29127YPcGAODqUow+n/pz/2uKsRcXfjrfa1P4yuU3p3nbP085cuvC3RsAgKvK6MGJPPu1PRk7PLng0/nOTuFbsWEot31pW0Y2LYKJ2ABLhCAfABfVbJf5+u7J3LdrMs1O0ldNhmpFii5M6CvLMpOtMo12UjeFDwCABVQ2mym/8/WUD92XtJpJvS8ZGEq6MZm6LJPpyaTZSGr1FJ8xhQ8AgIXRKFv56tjj+erYk2mlnb6iluGiv2vrvRPlTBplM7XUTOEDAGDhtGdS3fNHqb3yR0mnmVT6k9qypBuTqctO0hpPOjOm8AEAsKDarU72fPdQ9jx2OJ1WmUq9ktpAtWvrva3pdjrNjil8AJdBkA+AS3Z4opVHD0zn4f0zGWt0UimS4XqR2jyM5G51ykw0y3TKZHlfJZ/a0p97Ng9kw7ANHQAALKzy6OGUTz6a8vGHk4mx2Y0dg8NJbR5601YrmZqY3dgxvDzFhz+V4kP3pFi34fKvDQAA78Ch1sl8d+LZfGfy6Yx1plIkWV4ZTK24/FObW2U7Y52plK9d87NDd+QTw+/Jxto1l31tAAB4J4qJfake+kaqB7+aNE7PrvfWViSVeThUrdNMWmdm13v7Vqa96ctpb/zVlMNbL//aAADwDkwcn87Bp47l4E+OpTHRSlEktaFaKtXLD9l12p20Jlspy6RvuJZNH1ibTXeuzfCagXmoHODqI8gHwDs23SrzoyMzeWDvVHaPtlIk6ZSzE/T6qkXqlVzwNI+yLNPsJI327P9XiqRMsn2kll+8bjB3re/PQM0EPgAAequcmU6e/lE633sg2bd7djJfp5PU67PT+mr1C0/rK8vZyX7NRtJsJpXK7Ne2bk/lY7+Y3HFXin4L2wAA9NZ0p5EnpnfmW+M/ze7mq0mKlOmkr6ilr6innguf3lyWZZppp1E20yhbKVJJUmZ7/dp8ftmduXvghgxU+hbs8wAAwNtqTaVy9KHU9v9ZitHnk9mdDkmlL6kMzP7/xdZ7O42kMz37/6/1veXIrWlt+c101n0qqQ0uyEcBAIDzaTXaOfrcqex74khGD06kyGwrW6lVUqlXUqkVF13v7bTKdJqddFqdFK/t7x3ZNJytd6/PuttWpdZ3+YfBAVzNBPkAeNfKsszu0VZ2nmpmz2grL59u5eR0O63XwnnJbANflrPr3Wdb/06Z1CrJ6oFqdqysZdtILTetqmfbSK0r47wBAOBylGWZ7N+d8pWdKffvSfa+nJw+OTtdr1I5+6LMdr/F65s9Op3ZKX4rVyfX7UixZVuK629KtmzT9wIAsOiUZZldzVfzUuNQdjeOZGfjUE60x9JMO9VUUmb2n/Ze63qTJEWKtNNJPdWsri7PjX0bs71vfW7u25Tt9fX6XgAAFp+yTHHmuVROP53izPOpnH4mxfSRpGwmZ6dTv916b9lOinrKgfXprLw95Ypb01n53pQrbr1wABAAAHqgLMucOTiR0/vHM3pwIqMHxjM92kinXaZ4bfrG2TXfZHatN0VSdspUqkUGRvoysnlZRjYNZ+XWZVmxcdh6L8A8EeQDYF6NNTrZN9bKofF2pltlmp0y7U5SrST1SpGBWpGNy6rZuryW5X2XP7IbAAB6oRwfSw7vS3nkUDIzPTt5r91OqtXZSX39AynWb0w2bE2xrDeLLwAAcLnOtCezr3U8B5snMl020izbaaWdWqqpF9UMFH3ZVF+drbU1WVEd6nW5AADw7jROpzL2coqJPUl7KkWnkXSaSaWestKXVAdTDm9LZ/kNSd/KXlcLAADvSmOimbEjU5k4NpVWo51Oq0zZLlNUi1RqRWp91QyvHczy9YPpG673ulyAK5YgHwAAAAAAAAAAAAAAAAB0Ua+CfEYwAQAAAAAAAAAAAAAAAEAXCfIBAAAAAAAAAAAAAAAAQBcJ8gEAAAAAAAAAAAAAAABAFwnyAQAAAAAAAAAAAAAAAEAXCfIBAAAAAAAAAAAAAAAAQBcJ8gEAAAAAAAAAAAAAAABAFwnyAQAAAAAAAAAAAAAAAEAXCfIBAAAAAAAAAAAAAAAAQBcJ8gEAAAAAAAAAAAAAAABAFwnyAQAAAAAAAAAAAAAAAEAXCfIBAAAAAAAAAAAAAAAAQBcJ8gEAAAAAAAAAAAAAAABAFwnyAQAAAAAAAAAAAAAAAEAXCfIBAAAAAAAAAAAAAAAAQBcJ8gEAAAAAAAAAAAAAAABAFwnyAQAAAAAAAAAAAAAAAEAXCfIBAAAAAAAAAAAAAAAAQBcJ8gEAAAAAAAAAAAAAAABAFwnyAQAAAAAAAAAAAAAAAEAXCfIBAAAAAAAAAAAAAAAAQBcJ8gEAAAAAAAAAAAAAAABAFwnyAQAAAAAAAAAAAAAAAEAXCfIBAAAAAAAAAAAAAAAAQBcJ8gEAAAAAAAAAAAAAAABAFwnyAQAAAAAAAAAAAAAAAEAXCfIBAAAAAAAAAAAAAAAAQBcJ8gEAAAAAAAAAAAAAAABAFwnyAQAAAAAAAAAAAAAAAEAXCfIBAAAAAAAAAAAAAAAAQBcJ8gEAAAAAAAAAAAAAAABAFwnyAQAAAAAAAAAAAAAAAEAXCfIBAAAAAAAAAAAAAAAAQBcJ8gEAAAAAAAAAAAAAAABAFwnyAQAAAAAAAAAAAAAAAEAXCfIBAAAAAAAAAAAAAAAAQBcJ8gEAAAAAAAAAAAAAAABAFwnyAQAAAAAAAAAAAAAAAEAXCfIBAAAAAAAAAAAAAAAAQBcJ8gEAAAAAAAAAAAAAAABAFwnyAQAAAAAAAAAAAAAAAEAXCfIBAAAAAAAAAAAAAAAAQBcJ8gEAAAAAAAAAAAAAAABAFwnyAQAAAAAAAAAAAAAAAEAXCfIBAAAAAAAAAAAAAAAAQBcJ8gEAAAAAAAAAAAAAAABAFwnyAQAAAAAAAAAAAAAAAEAXCfIBAAAAAAAAAAAAAAAAQBcJ8gEAAAAAAAAAAAAAAABAFwnyAQAAAAAAAAAAAAAAAEAXCfIBAAAAAAAAAAAAAAAAQBcJ8gEAAAAAAAAAAAAAAABAFwnyAQAAAAAAAAAAAAAAAEAXCfIBAAAAAAAAAAAAAAAAQBcJ8gEAAAAAAAAAAAAAAABAFwnyAQAAAAAAAAAAAAAAAEAXCfIBAAAAAAAAAAAAAAAAQBcJ8gEAAAAAAAAAAAAAAABAFwnyAQAAAAAAAAAAAAAAAEAXCfIBAAAAAAAAAAAAAAAAQBcJ8gEAAAAAAAAAAAAAAABAFwnyAQAAAAAAAAAAAAAAAEAXCfIBAAAAAAAAAAAAAAAAQBcJ8gEAAAAAAAAAAAAAAABAFwnyAQAAAAAAAAAAAAAAAEAXCfIBAAAAAAAAAAAAAAAAQBcJ8gEAAAAAAAAAAAAAAABAFwnyAQAAAAAAAAAAAAAAAEAXCfIBAAAAAAAAAAAAAAAAQBcJ8gEAAAAAAAAAAAAAAABAFwnyAQAAAAAAAAAAAAAAAEAXCfIBAAAAAAAAAAAAAAAAQBcJ8gEAAAAAAAAAAAAAAABAFwnyAQAAAAAAAAAAAAAAAEAXCfIBAAAAAAAAAAAAAAAAQBcJ8gEAAAAAAAAAAAAAAABAFwnyAQAAAAAAAAAAAAAAAEAXCfIBAAAAAAAAAAAAAAAAQBcJ8gEAAAAAAAAAAAAAAABAFwnyAQAAAAAAAAAAAAAAAEAXCfIBAAAAAAAAAAAAAAAAQBcJ8gEAAAAAAAAAAAAAAABAFwnyAQAAAAAAAAAAAAAAAEAXCfIBAAAAAAAAAAAAAAAAQBcJ8gEAAAAAAAAAAAAAAABAFwnyAQAAAAAAAAAAAAAAAEAXCfIBAAAAAAAAAAAAAAAAQBcJ8gEAAAAAAAAAAAAAAABAFwnyAQAAAAAAAAAAAAAAAEAXCfIBAAAAAAAAAAAAAAAAQBcJ8gEAAAAAAAAAAAAAAABAFwnyAQAAAAAAAAAAAAAAAEAXCfIBAAAAAAAAAAAAAAAAQBcJ8gEAAAAAAAAAAAAAAABAFwnyAQAAAAAAAAAAAAAAAEAXCfIBAAAAAAAAAAAAAAAAQBcJ8gEAAAAAAAAAAAAAAABAFwnyAQAAAAAAAAAAAAAAAEAXCfIBAAAAAAAAAAAAAAAAQBcJ8gEAAAAAAAAAAAAAAABAFwnyAQAAAAAAAAAAAAAAAEAXCfIBAAAAAAAAAAAAAAAAQBcJ8gEAAAAAAAAAAAAAAABAFwnyAQAAAAAAAAAAAAAAAEAXCfIBAAAAAAAAAAAAAAAAQBcJ8gEAAAAAAAAAAAAAAABAFwnyAQAAAAAAAAAAAAAAAEAXCfIBAAAAAAAAAAAAAAAAQBcJ8gEAAAAAAAAAAAAAAABAFwnyAQAAAAAAAAAAAAAAAEAXCfIBAAAAAAAAAAAAAAAAQBcJ8gEAAAAAAAAAAAAAAABAFwnyAQAAAAAAAAAAAAAAAEAXCfIBAAAAAAAAAAAAAAAAQBcJ8gEAAAAAAAAAAAAAAABAFwnyAQAAAAAAAAAAAAAAAEAXCfIBAAAAAAAAAAAAAAAAQBcJ8gEAAAAAAAAAAAAAAABAFwnyAQAAAAAAAAAAAAAAAEAXCfIBAAAAAAAAAAAAAAAAQBcJ8gEAAAAAAAAAAAAAAABAFwnyAQAAAAAAAAAAAAAAAEAXCfIBAAAAAAAAAAAAAAAAQBcJ8gEAAAAAAAAAAAAAAABAFwnyAQAAAAAAAAAAAAAAAEAXCfIBAAAAAAAAAAAAAAAAQBcJ8gEAAAAAAAAAAAAAAABAFwnyAQAAAAAAAAAAAAAAAEAXCfIBAAAAAAAAAAAAAAAAQBcJ8gEAAAAAAAAAAAAAAABAFwnyAQAAAAAAAAAAAAAAAEAXCfIBAAAAAAAAAAAAAAAAQBcJ8gEAAAAAAAAAAAAAAABAFwnyAQAAAAAAAAAAAAAAAEAXCfIBAAAAAAAAAAAAAAAAQBcJ8gEAAAAAAAAAAAAAAABAFwnyAQAAAAAAAAAAAAAAAEAXCfIBAAAAAAAAAAAAAAAAQBcJ8gEAAAAAAAAAAAAAAABAFwnyAQAAAAAAAAAAAAAAAEAXCfIBAAAAAAAAAAAAAAAAQBcJ8gEAAAAAAAAAAAAAAABAFwnyAQAAAAAAAAAAAAAAAEAXCfIBAAAAAAAAAAAAAAAAQBcJ8gEAAAAAAAAAAAAAAABAFwnyAQAAAAAAAAAAAAAAAEAXCfIBAAAAAAAAAAAAAAAAQBcJ8gEAAAAAAAAAAAAAAABAFwnyAQAAAAAAAAAAAAAAAEAXCfIBAAAAAAAAAAAAAAAAQBcJ8gEAAAAAAAAAAAAAAABAFwnyAQAAAAAAAAAAAAAAAEAXCfIBAAAAAAAAAAAAAAAAQBcJ8gEAAAAAAAAAAAAAAABAFwnyAQAAAAAAAAAAAAAAAEAXCfIBAAAAAAAAAAAAAAAAQBcJ8gEAAAAAAAAAAAAAAABAFwnyAQAAAAAAAAAAAAAAAEAXCfIBAAAAAAAAAAAAAAAAQBcJ8gEAAAAAAAAAAAAAAABAFwnyAQAAAAAAAAAAAAAAAEAXCfIBAAAAAAAAAAAAAAAAQBcJ8gEAAAAAAAAAAAAAAABAFwnyAQAAAAAAAAAAAAAAAEAXCfIBAAAAAAAAAAAAAAAAQBcJ8gEAAAAAAAAAAAAAAABAFwnyAQAAAAAAAAAAAAAAAEAXCfIBAAAAAAAAAAAAAAAAQBcJ8gEAAAAAAAAAAAAAAABAFwnyAQAAAAAAAAAAAAAAAEAXCfIBAAAAAAAAAAAAAAAAQBcJ8gEAAAAAAAAAAAAAAABAFwnyAQAAAAAAAAAAAAAAAEAXCfIBAAAAAAAAAAAAAAAAQBcJ8gEAAAAAAAAAAAAAAABAFwnyAQAAAAAAAAAAAAAAAEAXCfIBAAAAAAAAAAAAAAAAQBcJ8gEAAAAAAAAAAAAAAABAFwnyAQAAAAAAAAAAAAAAAEAXCfIBAAAAAAAAAAAAAAAAQBcJ8gEAAAAAAAAAAAAAAABAFwnyAQAAAAAAAAAAAAAAAEAXCfIBAAAAAAAAAAAAAAAAQBcJ8gEAAAAAAAAAAAAAAABAFwnyAQAAAAAAAAAAAAAAAEAXCfIBAAAAAAAAAAAAAAAAQBcJ8gEAAAAAAAAAAAAAAABAFwnyAQAAAAAAAAAAAAAAAEAXCfIBAAAAAAAAAAAAAAAAQBcJ8gEAAAAAAAAAAAAAAABAFwnyAQAAAAAAAAAAAAAAAEAXCfIBAAAAAAAAAAAAAAAAQBcJ8gEAAAAAAAAAAAAAAABAFwnyAQAAAAAAAAAAAAAAAEAXCfIBAAAAAAAAAAAAAAAAQBcJ8gEAAAAAAAAAAAAAAABAFwnyAQAAAAAAAAAAAAAAAEAXCfIBAAAAAAAAAAAAAAAAQBcJ8gEAAAAAAAAAAAAAAABAFwnyAQAAAAAAAAAAAAAAAEAXCfIBAAAAAAAAAAAAAAAAQBcJ8gEAAAAAAAAAAAAAAABAFwnyAQAAAAAAAAAAAAAAAEAXCfIBAAAAAAAAAAAAAAAAQBcJ8gEAAAAAAAAAAAAAAABAFwnyAQAAAAAAAAAAAAAAAEAXCfIBAAAAAAAAAAAAAAAAQBcJ8gEAAAAAAAAAAAAAAABAFwnyAQAAAAAAAAAAAAAAAEAXCfIBAAAAAAAAAAAAAAAAQBcJ8gEAAAAAAAAAAAAAAABAFwnyAQAAAAAAAAAAAAAAAEAXCfIBAAAAAAAAAAAAAAAAQBcJ8gEAAAAAAAAAAAAAAABAFwnyAQAAAAAAAAAAAAAAAEAXCfIBAAAAAAAAAAAAAAAAQBcJ8gEAAAAAAAAAAAAAAABAFwnyAQAAAAAAAAAAAAAAAEAXCfIBAAAAAAAAAAAAAAAAQBcJ8gEAAAAAAAAAAAAAAABAFwnyAQAAAAAAAAAAAAAAAEAXCfIBAAAAAAAAAAAAAAAAQBcJ8gEAAAAAAAAAAAAAAABAFwnyAQAAAAAAAAAAAAAAAEAXCfIBAAAAAAAAAAAAAAAAQBcJ8gEAAAAAAAAAAAAAAABAFwnyAQAAAAAAAAAAAAAAAEAXCfIBAAAAAAAAAAAAAAAAQBcJ8gEAAAAAAAAAAAAAAABAFwnyAQAAAAAAAAAAAAAAAEAXCfIBAAAAAAAAAAAAAAAAQBcJ8gEAAAAAAAAAAAAAAABAFwnyAQAAAAAAAAAAAAAAAEAX1XpdAABv7+DB/fnqV/907vk/+Af/uIfVAABAd+h7AQC4Guh7AQC4Guh7AQBYqvSyACwUQT7ginDs2JHs2bMrR48eyenTJzM9PZ1ms5FqtZparZ7h4WVZteqabNq0Jdu27cjQ0HCvS77qjY2dyf33fyNHjhxOkixfviK/8zv/7wW599TUZF544dns3783p06dyPT0dIqikoGBgaxZsy5bt16fm2++NfV634LUAwBwqfS9S0NZljlwYF927XopR44czvj4WJrNZur1egYHh7Ju3bW57rrt2bHjxlQqlQWvb+/e3fnGN/5i7vldd30kd9/90QWvAwDgfPS9i9ebN7O8EytWjOS3f/t357miWdPT03n55Rfy8ssvZXT0dKamJlOr1bJixcps3Lg5t912R665ZnVX7g0A8G7pexevf/Nv/tVlX2O+N36/+uqh7Nz5Qg4fPpTx8TNpNBqp1eoZGBjIunXXZuvW63PDDTenVrMdEADoPr3s0nHkyOHs3PlCDh06kPHx8TQajQwODmT58pFs27YjN99824L9/rRazTz66EN5/vln5r7227/9u1mxYuQdX2t6ejrPP//0a/uAT2Z6eiq1Wi3Dw8uyadOW3HzzbVm37tr5LB9g3vjJHVjSjh49ku997+EcPnzwbX+91Wql1WplenoqJ04cy8svv5jHHnsot9/+/nzkIx9Lteo/g2/n5z9/KtPTU9m+/YasWbNu3q+/e/fLeeihb2VmZmber30hZVnmpz/9UZ588gdptVpv+tV2xsebGR8fyyuv7Mrjj38vn/7057J9+40LWiMAwNvR93ZHN/reEyeO5aGH7s/Ro0fe8mszMzOZmZnJ6dOn8tJLz+fxx0fymc98Phs3bp6Xe1+KRqORRx75zoLdDwDgndD3dke313t7bc+el/Pww9/O1NTUOV9vNBo5fvxojh8/mqeffip33vmhfPjDH0tRFD2qFABglr63O67Uvnd8fCwPPnh/DhzY+5ZfazRm0mjM5MyZ0bz88ov54Q8fyyc/+YvZtm1HDyoFAK4Getnu6EYvOz09lQcf/FZeeWX3W35tYmIiExMTefXVQ/nJT57IPfd8JjfddOu83Pd8Tp48kfvvvy8nT5647Gu99NLzefTRhzIzM33O19vtdmZmZnLy5Ik8/fRPc8st78knP/mLqVarl31PgPnkb0Ngydq1a2ceeOB/pN1uz31tcHAoa9euz/Lly1Ov19NutzM5OZljx47kzJnRJLON2s9+9uMcPfpqvvSlv7JofzDYtGlLT0Zzt1qtfP/7j6TT6WTFipF5XeBut9v5/vcfydNP/3TernmpyrLMQw/dnxdeeHbua7VaLZs3b82KFSvTbrdz7NircxuuZ2am85d/+fV87nO/mhtvvHnB6wUAOEvf2x3d6HuPHDmcr3/9v6XRaMx9bfXqNVm/fkPq9b5MT0/l1VcPZXT0dJLkzJnRfO1rf5Zf/dVfz5Yt1132/S/FD3/4aMbHxxbkXgAA74S+tzu6ud7b19eX97znfZf8+oGBwXm791nPP/9MHnro/rnn/f392bLl+gwNDWV8fCz79u1Nq9VMWZb5yU+eSKfTyUc/+ol5rwMA4FLpe7tjvvveO+/80Dt+z+joqeze/XKSzNtEk/Hxsfz5n//Xc9Z0V668JtdeuyH9/QNptZo5ceJ4jhw5nLIsMzk5kW9+86v5zGd+Obfcctu81AAAcJZetju6sYY7OTmZP//zP577PUiSZcuWZ/Pmrenr68/Y2Gj27XtlLvj2wAPfTKfTyS23vOey7/12nn/+mTz66INvM4DjnXvxxefy4IPfSlmWSc7uA74uK1asSLPZzOHDB3P69KkkyQsvPJupqan8yq98KZVK5bLvDTBfFuffhAAXcerUyXznO9+c+4Fg+fIV+fjHP5Xrrtt+3mbr1VcP5bHHHpoLah0+fDDf//53c889n1mwupeC48ePptPpzPt1R0dP5f77v5Fjx44mSer1elavXptXXz007/d6O88887NzQnw33HBzPvGJz7xl88jhw4dy//33ZWJiPEnyyCPfzubNWzM4OP+bTAAALkbf2z3z3fc2Go1861v3zYX4hoeX5Rd/8ZezadPWt7x2584X8tBD96fVaqXT6eTBB/8yf+Nv/N3UavV5q+ftHD58KM8++/Ou3gMA4N3Q93ZPt9Z7k6S/fyC/8Av3dOXal+Lw4YN55JEH5p7fccf785GP3JN6/fW++s2nTv/0pz/Kjh03Zf36axe8XgAAfW/3zHff+2763L/4iz+Zezxfh0c8/PC350J8fX19+exnf+Vtp+2dOnUy3/rW1+emm3z3uw9k8+YtWbZs+bzUAQCgl+2ebqzhfuc735wL8RVFkY997JO54447UxTF3GsmJyfywAPfzIED+5LM9p5r167P6tVr5q2OZrORhx9+IDt3vjD3tS1brsv+/W+dNn0pTp06mYcf/vZciO+667bns5/9/Fv2AT///DN55JHvpNNpZ+/e3fnJT57IXXd95N1/EIB5JloMLEk/+ckTcycz9PcP5Dd+469l27YbLnhiwrXXbsyv//r/K+vXb5j72rPP/jxjY2e6Xu9ScuTIq/N+zVOnTuZP/uQ/z4X4Vq1ana985W9k8+a3bmruhlarlSee+P7c861br8/nPveFtz0BesOGjfnlX/7i3PNGo5HnnrPZGQDoDX1v98x33/v880/PbaioVKq5997feNsQX5LceOMt+ehHPzn3fGJiIrt27ZzXet6s3W7n4YfvT1mWqVarC9aLAwBcCn1v93RjvXex+N73Hp7b4HLHHe/PPfd85pwQXzI7BfDzn/9iVq1aPfe1n/3sxwtaJwDAWfre7ul13/vSS8/n0KEDSZKNGzflpptuvexrnjx5Ivv2vTL3/OMf//TbhviSZNWqa/Irv/LluT9LrVYrzz339GXXAABwll62e+a7lz14cN85QbmPfvSTee97P3BOiC+ZnSL9hS98OWvXzk4A7HQ6efzx781rLX/yJ/9pLsTX39+fX/mVL+UDH7j7XV/v8ce/NxcmXbNmbX75l+99233At956ez7ykY/NPX/qqSczNTX1ru8LMN8E+YAlac+eXXOPb7vtjgwPL7uk91WrtXNOPut0Ouec9EBy9Oj8L3BPTk6k2ZydTHLjjTfnK1/561m16pp5v8/57Nu3JzMz03PPP/rRT7zlh5I3Wr9+QzZs2PSG97/SzfIAAM5L39s98933vvzyS3OPb7zx5oueUnfrrbenXu+be3748MF5refNfvzjx3Pq1Mkkye23v++S/ywBACwEfW/3dGO9dzF45ZVdcyd5Dw8vO+egjDerVqv58Ic/lttue28+8YnP5H3v+8BClQkAcA59b/f0su9tNBr5/ve/m2R22sl8TZh545pxpVLJDTfcfMHXj4ysPGeTfLfXnAGAq4tetnvmu5d97rln5h6vWDGS9773zvO+tlar5+Mf//Tc81de2ZXR0dPzVsvZa61Zsy5f+crfyLZtN7zra42Pj2XPnpfnnt9998dSrdbO+/r3vvcDGR4eTpI0m828+OKz7/reAPPt/P/1AlikZmam02jMzD1/p4GwDRs25aMf/USWL1+R1avXZmRk5Vte88QT38+PfvTDJMmmTVvy5S//ZpJk7949ee65n+fEieOZmppMMnsqxaZNW3LbbXdk3bprz3vf73znL/Pii88lSe6880P5hV+4J6Ojp/P449/LwYP7MjPTyAc+8KHcffdHkyQHD+7PV7/6p3Pv/wf/4B+/5Zr/5t/8q7nHv/VbfzurVl2TdrudnTtfzAsvPJMTJ46n2WykXq9nxYqVue6663PHHXdmcHDonOucOTOa//Sf/uAt13/wwW/lwQe/Nff8t3/7d7Nixch5P+OFVCrV18Zzv/9dvf9yjI6Opq+vP43GTJYvX5Frrrn46O+1a9fPLWyfHTEOALCQ9L2vWwp977XXbsiyZcsyNTWV7dsvvvhcrVazatWquc3Hk5OT7+h+78TJk8fzk588kSQZHBzKBz/44Xzve4907X4AAO+Evvd1S6HvXSxeeun1zT7vfe+dqVarF3z99u03XFKfDgDQLfre111pfe+TT/4gk5MTSZLbbntvVq9eOy/XnZ5+fWLI4OBgarWLb/Nbtmz53GMTRwCA+aKXfd1S6GXPTopOkh07brzg0Itk9vdn5cpVOX36VJLZMN/73vfBd3TPC7n11ttzzz2fuaR+9kL27Hk5ZVkmmf0zcN112y74+kqlkptuui1PPfVkkmTXrp15//vvuqwaAOaLIB+w5Jwdi3zWu1l8fCfNWKPRSFmW+f73H8nPfvaTt/z66OjpjI6ezvPPP5MPfODufPjDH3ubq7zV+PhY/vzP/+vcDxez95q5wDsu7Zr33ffnOXnyxDlfn5mZybFjR3Ls2JE8++zTuffe35gbh70QBgeH8uu//lfPOf1tId15512588670mo102g0Luk9b9z4canvAQCYT/reC19zsfW9H/vYp97xezqdcu5xvd6dJZqyLPPQQ99Op9NJknz845/KwMBgV+4FAPBu6HsvfM3F1vcuBu12K3v37pl7fjmnOAMALBR974WvuVT73pMnj+fpp59KkvT3989tAp8Pb1zHnZqaTlmWF92EPTMzPfd4cNA6MAAwP/SyF77mYuplW61WJibG556vWbP+kt63cePmuSDfvn2vzFuQ79Of/qXceuvt83KtAwf2zT3esGHTRXvjZPZznQ3yHT36ahqNRvr6+ualHoDLIcgHLDkDA4OpVqtzPxy8+OKzee9733/BEcmX68knfzD3A8H69RuyZs26VCqVjI6eyoED+9LpdFKWZX7848fT399/ST90PP749875geByNRqNfOMb/z1nzoxmcHAomzdvzdDQcGZmpnPo0IG5qXJTU5O5//778tf+2t+c+5719fXnzjs/lCR59tmfzQXXtm7dltWrX59e19fX/65qu+aa1Zfz0eZNrVZPrVa/pNeOj4/NPbbADQD0gr737S3mvvedfo6zC+FJsnbt+U8KvBw///lTOXLkcJLkuuu25cYbb+nKfQAA3i1979u7Uvrebjh+/FiazdnPNDw8nJUrV/W4IgCAi9P3vr2l3vc+9tjDc4eoffCDH57XvQUbNmyae9zptHPs2JELTpwpy/KcDeQbN26et1oAgKubXvbtLcZe9o0HOyTJwMDAJb1v5crXpyyeOnXyHd3zQuYrxJckx44dnXu8fv2l7a944+vKsszx40f1ycCiIMgHLDmVSiWbNm3Nvn2zJ+6ePHki3/jGX+Qzn/l8li1bPu/3m5gYz1NPPZnh4WX5lV/5ctatO/eEilOnTs4148lss3/TTbdmaGj4vNecmprMzp0vZPnyFbnnnk9n48YtqVQqabWa77rOH/zguzlzZjR33vmh3H33L5zzQ1Kn08mjjz6YZ5/9eZLZE0n27NmVG264Oclss/4Lv3BPkuTll1+c+6Hghhtuyi23vOdd17RUtdvtHDiwd+75tddu7GE1AMDVSt/79q6UvvfHP/7h3PehVqvnpptunfd7jI2dyeOPfy9JUq/X84lPfHbe7wEAcLn0vW9vqfW9J04cz5EjhzI5OZmyLDM4OJg1a9Zl/foNl3Qy8jvxxs3Jb9xgkiTHjx/N0aNHMjExnmq1mmXLls9toAEA6CV979tban3vGx04sG9uKsjw8LLcfvv75/X611yzOlu3Xp99+15Jknz/+9/NF7/4G+fdMP/00z+dO7C4Xq/nttvumNd6AICrl1727S3GXrZarZ7z/M3TFM/njVPqxsfH0mw2U69f2tCMhdBqtc4ZzrFixcpLet/AwGD6+vrmvr+nT58S5AMWhUqvCwB4N+6668Pn/OP/gQP78p//87/Lt7/9P7J798uZmbm8cddvNDk5kU6nky984a0/ECTJqlXX5Jd+6Vfnnrfb7TzzzM8ueM09e15OrVbLr/3aX8311+9IX19farVaBgbe/elshw4dyO23vy+/8Av3vGXhtlKp5KMf/eQ5p3Ps37/3zZfgNS+++Nw5499vvvm2HlYDAFzN9L1vtdT73unpqTz66IN56qkfJUmKosinPvWLGRoamvd7Pfzwt+f+4eHDH/5Yli9fMe/3AACYD/ret1oqfe9LLz2fP/7jP8z/8//8UR5++IE88cT38+STP8h3v/tg/vzP/2v+8A//bX7+86fmppTMhzeeCL1ixUiS2T8z//W//mH+5E/+Ux5++Nt58skf5Ic/fCwPPPDN/If/8H/lL//yaxkdPT1vNQAAvBv63rdaKn3v2zl7iFoyO42vVpv/8/Q/9anPzW2OP3ToQP7bf/vj7Nr10tzv78zMTF599VAefvjbeeyxh5KcXXP+XIaHl817PQDA1Usv+1aLsZft7x9IpfJ6PGRsbPSS3vfm37/JyYl5retyvbmewcFL31/xxtdOTIzPW00Al8NEPmBJuvbajfnkJz+bRx75TsqyTDLbjO/c+UJ27nwhRVFk9eo12bhxczZs2JQNGzZf1sbYbdtuyNq1b/2B4Kx1667Npk1bcvDg/iTJ3r17cvfdHz3v62dmZvLBD354XjfS1mq1fPjDHzvvr9fr9WzYsCl79+5OMr/jr68kY2Nn8oMffHfu+caNm7Jly3U9rAgAuJrpe99qKfW9o6On89xzT6csy0xPT2Vs7ExeffXQ3Kl3y5Ytzyc/+dlcd932eb/3iy8+N/cPAevXX5s77rhz3u8BADBf9L1vtRT63rGxM3nggW9e8DWTkxN57LGHsm/fnnz+8/emXu+74OsvxdTU5Nzjvr6+PP30U3nssYfn/uy8nd27X87Bg/vzhS/8WjZs2HTZNQAAvBv63rdaCn3v29m375UcOXI4yew676233t6V+yxbtjxf+cpfz3e/+2B2796Z48eP5Vvfuu+8r7/mmjX5+Mc/lc2bt3alHgDg6qWXfavF2MvO/j6szbFjR5IkBw8euKS9Aq++evCc583mu59U2A0zM9PnPO/vv/R15jeGKd98HYBeEeQDlqzbbntvli1bkUcfffAtJ+mWZZnjx4/l+PFj+fnPn0qSrF27Ptu27chNN906d0rvpbrhhpsu+prNm6+b+6Hg+PGjabfbbxlT/U6v+U5s2XJ9+vsHLviakZHXP/d8noBypZiZmck3vvHf5743tVo9n/zk53pcFQBwtdP3nmsp9b3j42N56qkn3/L1NWvW5s47P5QdO2465zS8+TI1NZnvfe/hJLMn/X3qU58753REAIDFSN97rqXU99500625+ebbsnr1mvT3D2RiYjz79u3JU0/9KGNjZ5LMbnT+zne+lV/+5S9e9v2azcbc4xMnjufpp3+aoihy++3vy0033ZprrlmTZHZjzIsvPptnn/353LSSb37za/mrf/W356aaAAAsNH3vuZZS3/tGP/3pj+Ye33HH+y/4PbtcQ0PD+chHPp6+vr688MKz533d+vXX5v3vvysbN27uWi0AwNVNL3uuxdrLbt16/VyQ75VXdufMmdELfv9PnTqZvXv3nPO1xRbka7Va5zx/8wTEC3njn4k3XwegVwT5gCVt69br81u/9bfz8ssv5oUXns3Bg/vPe+rusWNHcuzYkTz55A9yww035+67P5qRkZWXdJ8Lnexx1urVq+cel2WZM2dGs2rVNW/72mq1OreZYL5cSo1vPO241VpcjXavTU9P5etf//OcPHli7muf/eznz/t7CACwkPS9r7sS+t7jx4/lgQe+mZdeeiF33fWRrF9/7bxe/7HHHsr09OxJcnfe+aGsXr12Xq8PANAt+t7XLYW+d2hoOJ///L1vmXC3YsVIbr/9/bnpptvyzW9+dW4zze7dO7Nr187s2HHjZd33jZtIDhzYl2q1mnvv/Y1s2rTlnNetW7c+69atz5Yt1+eb3/zq3KTsxx//Xj772V++rBoAAC6Hvvd1S6HvfbPjx4/lwIF9SWYPB7711ju6dq+yLPODH3w3P/vZT+b+jCxfviIbNmzK4OBQms1GTp06mSNHDufIkVfzrW/dl2uuWZ3Pfe5Xs3r1/P5eAQAketk3Wqy97Hve89489dST6XQ66XTaeeCBb+aLX/wrqdfrb3ntxMR4/vIvv5ZOp3PO1xfbOcFv/jP2Tg4yrlRef+2bPydArwjyAUtepVLJTTfdmptuujVTU1M5dGh/Dh8+lMOHD+T48WNvaeDKsszOnS9kz55d+aVf+tVcf/32i17/Uk4DGRpads7ziYnx8/5QMDg4NO8TMQYHBy/6GlM43t7o6Ol84xv/PadPn5r72ic+8dns2DG/J7AAAFwOfe/Zay6dvnfTpi35B//gH89tGJ6YmMirrx7MM8/8LCdPnsjevbuzb9+efPSjn8z73veBebnn3r27s3Pni0mSlStX5a67Pjwv1wUAWCj63rPXXJx978aNm/P3//4/nLv/hWro6+vL5z9/b/7Lf/kPmZ6eSjI7ueRyg3xv/jPwwQ9++C0hvje6/vrtee9778zPfvaTJMnOnS/kox/95CV9jwEAukXfe/aai7PvvZBnnvnp3OMbb7w5AwMXnsJyOR555IE899zTSZJarZZPfvIXc9NNt77le3LmzGgeeuj+HDy4PydPnshXv/on+c3f/O0sX76ia7UBAFcvvezZay7OXnbZsuW5666P5Iknvp8kefXVQ/nTP/3P+dCHfiGbN29JX19/xsfPZPfuXXnqqSczPT2Vbdt2ZM+eXXPXeGMAcTEoiso5z9vt9iW/t9V6/bWVSuUCrwRYOIJ8wBVlcHAwO3bcNBfAajRmcujQwRw4sC+vvLIrZ86Mzr221WrmW9/6er7ylb9xwZPI6vW+S2qm33xaxYVGS3djg8CFRoJfSY4ePZJdu1664GtWrBjJe97z3ku83qv5xjf+IlNTk0lmG/VPf/qXcvPNt112rQAA3aLvXVqKosjg4FAGB4eyZs3a3Hbbe/ODHzyan/3sxynLMt/73sMZGRnJ9dfvmHvPu+l7m81GHnnkO3PPP/Wpz6VatfQDACxd+t7F52LhvTcbGBjMe97z3vz4x48nSY4cOZzp6akMDMx+z95N3/vm35vbbrv4BJTbb3//XJCv0+nk4MH9ueEGB7kBAIuDvnfpaLVaefnl1/vXG2+85ZLet3//3rkpfuezdu36c3rU/fv3zoX4kry26X3H2701K1aM5N57fyN/9mf/JSdOHMv09HQeffShfOELX76k+gAA3i297OL0gQ/cnTNnRvPCC88mSU6fPplvf/sbb/varVuvz913f+ycIF9f3+tBvvnes/tu1Ovn7ntot1uX/N5W6/XX1mpvnUoI0At2cwFXtL6+/lx//fZcf/32fOxjn8wrr+zOY489lLGxM0lmT2V4/PHH8oUv/Np5r/F246TfzptPauh0zn/iw2I7rWIpOXnyeJ566skLvmbjxs2X9EPBvn178pd/ed/cyPJarZbPfe5Xs23b2y9+AwAsVvrepaVSqeRjH/tkTp48nv379yZJvv/9R8/ZhPFu+t4f/vCxjI+PJZndzLxx4+YuVA8A0Dv63qVp69br54J8SXL8+LFs3rw1ybvre9/4/R4eHs7Q0PBFaxgZWZmhoeFMTk4kSU6cOCbIBwAsWvrexeuVV3an0ZhJkgwNDV9wMvQbHT588KJ9780333ZOj/qzn/147vGGDZvOG+I7q1qt5oMf/HDuv/++12rdlbGxsSxfvvySagQAmA962cXh7ECLa6/dmCee+P7cuugbDQ8P533v+2De974P5vjxo+f82hunTs/nnt13q7//3CBmo9HyF1dkAAAxkklEQVS45Pc2m6+/tpvTtAHeCUE+4KpRFEW2bduR9euvzX/7b38894PBvn2vpNlsnrf5v9QRzG9+nckXi9sLLzybhx/+djqdTpLZ0elf+MKXs379hh5XBgBwefS9S8cdd9w5F+Q7ffpkTp48nmuuOf/Jgxdy+PChPPPMz5Iky5evyC/8wifmrU4AgMVI37t0LF++4pznU1OTl3W94eFlc4/fyQacZcuWzW1YmZ6evqwaAAAWir53cXn55RfnHm/btuMdTat+JzqdTg4dOjD3fOvW6y/pfZs3nxssPHz4QJYvv3U+SwMAuGR62d4qiiK33XZHbrnlPTl8+ECOHz+emZnpDA4OZeXKVdm0actcGPL06dNz71u+fMWiCz4ODQ2lKIqUZZkkcwccX0yn08nExPjc82XLHHIBLA7+xgKuOkNDw3n/++/Ko48+mGS2URsdPZU1a9a97evfeBrDhbx5LPelngrCO3PLLe/JLbe857Ku8cILz+bBB78193xkZGW++MW/khUrRi63PACARUPfu/itWnXNOc9PnTo5F+R7p33vj3/8w7lF61qtlgce+B8XfP3x48fmHu/c+UKOHTsy9/zTn/58hoaGLvneAAC9pO9d/M72qWe98aTsd7Peu2rV6rnHMzMzl/y+oqi84fE7uiUAQM/pe3uv0+nkwIF9c88vdRpfktx990dz990fveTXT09Pp9VqzT2/1A3HAwODqVSqc9No3rhpGQCgV/SyvVWpVLJp09Zs2rT1vK85derE3ONrrll9zq/Nx57dy1WtVrNixUhGR08nyVwo9GImJsbnhn0kb92jAdArgnzAkjU5OZmBgYG3jMe+FKtXnzvl4o0LoG/WarUyOTl50Y2sb14AffMpwywOu3e/nIceun/u+dq163Pvvb+ewUEblQGAxUnfu/iNjp7OgQP7Mjk5kcnJiXz8459OtVq96PsqlXNf0+mU53nlxb3x9/bUqZM5derkJb93dPT03IL37LWa538xAECX6HuvXGen4J11uWuxa9a8/vs9NTWZ6empDAwMXvR909NTc48HBgYuqwYAgHdL37t0HTlyOI3G6wdJbNx46UG+d+7cteI3bj6+4LvKci7EBwAw3/SyV679+/fOPb722k09rOT81q1bP7ev4ciRVy/pPa++enjucaVSzZo1a7tRGsA7JsgHLCmjo6fzwx8+miNHXs34+FjuvffXs3Xrtnd8nTef2HGxjQPHjx+56H1OnHh9okW1WjWCeRE6fvxYHnjgm3MnQF977cbce+9vpK9vcY0BBwDQ9y4tp0+fyiOPPDD3/NZbb8+6ddde9H3j42PnPB8cvPjmYwCAK4m+d2kZGzuT/fv3ZmzsTCYmxvOJT3w2tdrF/6nxjZsliqLI6tWXt1li9eq1GR5eNrdRZ//+fbnxxpsv+J6ZmZlzDq84OwkbAGAh6HuvDG+cxjcysvKiG8svx8DAYIqimNvbMDY2eknve+uaswONAYDLo5e98o2Pj+Xo0deDcTt23NjDas7vuuu2Z+fOF5Mkhw8fTKfTuWio9ODB13v4rVuvS7UqOgMsDv5rBCwpQ0PD2bt3z9xpHD/5yZPv6oeCfftemXs8PDycFStGLvj6Xbt2XvQ+555IsfFdnTqy2JxdFL4StNutfPvb35ibLnLNNavzhS/8mhAfALAo6XsX1uX2vbPfh+rcSccvvfTCJQX59u/fM/e4KIqsWbPuXdfwa7/2V9/R67/znb/Miy8+lyS5666P5O67P/qu7w0A8G7pexfW5fa9k5MTefjhb88937Ll+osG6MqyzPPPPzP3fN26a9Pf339ZdRRFke3bb8jTT/80SfLMMz+9aB27dr10zvs3btx8WTUAALwT+t6F1a19DsePH517vGrV6q7c46xKpZI1a9bm2LHZe+7fvzd33/2xi77v4MH95zxfv35DV+oDAK4eetmFNR+97MGD+/Lii8/n5MkT6evry5e+9JULvv6nP/3x3H3Xrl2flStXXXYN3bBt2w2p1WpptVqZmZnO7t0v54Ybbjrv6xuNmbngX5LceOOtC1EmwCVZ+n9jAVeVer2e97znfXPPDx06kB/+8LF3dI2DB/fn2Wd/Pvf8pptuS1EUF3zPSy89f85pvW92+PChvPrqobnn1123/R3VtJi88XsxPT3Vw0rm15NP/jCnTp1MkgwMDOTee38jAwMDPa4KAODt6Xu7bz773v7+/mzb9vr34tlnf5bjx49d4B2zp9o9/fTP5p5v3LhZfwoAXHX0vd03n33vunXXZmRk5dzzJ5/8wVtO0n6zn/3sxzl58vjc8zvueP9l1XDW+973wVQq1SSzpy+/MSz4ZjMz03nyyR/MPb/uum0ZGhqelzoAAC6Fvrf7FmKfw8mTJ+Yer1y5siv3eKPt21+fhHLkyKvZu3fPBV6dtNvt/PSnP5p7vmrV6qxadU3X6gMArg562e6b71620ynzwgvP5ujRV3PgwL63HPbwRocPH8wzz/x07vliPgC4Xq/nllveM/f8iSe+n2azed7Xv3H9evnyFdm2bUfXawT+/+3d+5NX9X3H8feyVwIsCAsCK2CLXEWsiigqKaFlRmNqnUZ/MGlmMp3+We1MZ5xJJ+0QL4g2wWS0rUYNCl6gxhTlstxdbrLssuylPzBs2AAqsi9WyuPxE+c757vnnP3OMO/9znmeD1+XkA+44axa9eCoJz689947tWnTxlFD+eWcOdNT77zzRm3a9IsaGhqqqvPD2apVD3zp+1pb26qhoaE2b35u1A0HFxw71l2vvvryRfu31vLlK67mkr5V2tomjvx7165PRlawu5GdOdNT77//7sj2ww+vs4w6APCtZ+7NGuu59/77H6rGxvM3Eg8ODtamTRtHPVXwYocPH6wXXvj3Onu276L3r7mm4wMA3KjMvVljOfc2NDSMupHjxIlj9eKLG+vkyeOX7Ds4OFBbt75Vb775nyOvzZnTWXfc8eUr531d7e1TR0WBr7/+au3Y8cElT6w+efJEvfjixurpOV1V51c2MXsDAOPB3JuVvs9hYGCgTp06ObI9dWp+lZK77vqLmjjxOyPbW7ZsHrXS9MVOn/6iXn75+VGx4erV5l4AYGyYZbPGepa97bb5NWNGx8j2r371Uh0+fPCS/Xbv3lUvv/z8yGezYMGf1YIFV7/a4vW0evVD1draWlXnv59+5ZUXqrf3zKh9hoeH69133673339v5LWHHvrLampquq7nCvBl/I8E3HBaW1vrBz/4u9q8+fk6fvz8l5D79u2pffv21KRJk6qj49aaPHlyNTc31+DgUPX19dbx492XrIjR3j61nnjiqWpubvnS47W0tNTy5ffV22+/UT//+bM1Z87cmj69oxoaJtTJk8erq2vvyCBbVfXww9+rlpbWsb/w62T27Dl15Mihqqo6cuRwPfvsP9e0abdUX19frVhx9zd6YvJvf/tfl3394MH9I/8+e7bvivvdc8/917Q6ybZtW2twcLCqzt+o0d39+RWPdSULFy6uWbNu/cbnAABwtcy9WWM9906fPqPWr3+0fv3rV2poaKh6e8/USy/9oqZPn1GzZs2u1ta2Oneuv44ePVJHjx4e9d4HH3yk5s69bawuDQDghmLuzRrruXfRoqV16NCB+vDD7VV1/iEVP/vZv4z8HhsbG+v06dO1f//e6uv744Mrpk6dVhs2fL8mTBi7Z4yuWbO2urs/r66uPTU0NFSvv/5qbd++tTo751VjY1OdOHGs9u/f9yef57qaOdP3vADA9WfuzUrc53Cxvr7eUQ+NuHDzcFJLS2s9+ujf1KZNG2tgYKD6+/vrl798qdrbp9bs2XNr4sTv1ODgQJ04cbwOHtw/ck9EVdXKlffWwoWL4+cIANwczLJZYz3LNjQ01Lp1G+q55/6thoYGq7e3tzZu/NeaM6ezpk+fUcPDw3X48MHq7v5jJDljRkdt2PD9sbys2rHjg1EPw7jg9OlTo7a3bfvdZT+/y92z29Y2sTZseLxeeeWFGhwcrK6uvfXss/9U8+YtqClTptbZs33V1bV35MFuVRdm40V/+uMBxpWQD7ghtbdPraee+lFt3fpWffTR9pHlkXt6eqqn59MvfW9TU3PdeefKWr16zVf+QXDBvfeurjNneurDD7fXgQP768CB/ZfsM2HChHrggUdq6dLlV39B3yJ33XVP7dz50chTPXp7z4w8seLiP36uxrZtv/vKffr7+6+43513rrymkO/iG6WHhoZq+/atV/0zbrllupAPALjuzL05ibl30aIlNWnSpHrttS114sT5VUmOHese9RTki7W2ttYjj3yvliy5sX+XAADXytybk5h7165dX+3t0+rtt9+ogYFzNTw8fMXfY1XVHXcsqe9+96+u6Tvey5kwYUI99tgT9cYbr9fOnR9U1fkV+E6ePHHJvm1tbbV27fpatGjpmJ4DAMDVMPfmJObei/X3nx213dzcfM0/8+uYM6ezfvjDH9VvfvMfdfTokaqqOnXq5GVviK46f9P76tUP18qV91yX8wMAbh5m2ZzELHvrrXPq8cefrC1bNo88cO3gwf2jFt+44Pz3t+vHPIb8wx8+rgMHur5yvx07Prjs61e6Z3f+/Nvrscf+tl57bUudPv1FDQwM1Gef7bpkv8bGxrrvvgdq1aoHr/7kAcKEfMANq7m5udasWVv33be69uzZXV1de+r48WN16tTJ6u/vr8HBgWpsbKqWlpaaPHlydXTMqtmzO2vhwju+9h8DFzQ0NNTatetr8eJl9fHHO+rAga7q6TldQ0PDNWnSpOrsnFcrVtxdHR2zQld7/UydOq2efPLpeuut/65Dhw7W4OBAtbS01vTpM0Yttw0AwPVh7s1Izb1z595Wzzzz0/r00/+tPXs+rcOHD1Zv75nq7++vpqamamubWDNn3lrz5s2vRYuWXbcbPgAAvu3MvRmpuffuu++tJUuW1e9//z/V1bWnurs/r76+3hoaGq62traaMmVKdXbOr0WLltSMGTPH8IpGa25urnXr/rqWL7+rPvlkZ3V17auentN17ty5mjixraZNm14LFvx5LVt2Z7W2jm1ICADwTZh7M9L3OfT394/avtrP4lrMmNFRTz/997V37+767LNddejQ/urp6an+/rPV2NhUbW1t1dExszo759eSJcuvy2qBAMDNySybkZpl581bUD/+8T/Uzp0f1Z49n9bx49119uzZampqrkmTJtfcuZ21ePGymjOncwyv5vqYP//2euaZn9bHH++o3bt31bFjn1dvb1+1tLRUe3t7zZ9/ey1duqLa26eO96kCXFbD8PDw8Hgc+OjRL8bjsABfyzvvvFlbt75VVVVTprTXT37yj+N8RgAAMPbMvQAA3AzMvQAA3AzMvQAA3KjMsgCMh5kzp4zLcSeMy1EBAAAAAAAAAAAAAAAA4CYh5AMAAAAAAAAAAAAAAACAICEfAAAAAAAAAAAAAAAAAAQJ+QAAAAAAAAAAAAAAAAAgSMgHAAAAAAAAAAAAAAAAAEFCPgAAAAAAAAAAAAAAAAAIEvIBAAAAAAAAAAAAAAAAQFDD8PDw8Hgc+OjRL8bjsAAAAAAAAAAAAAAAAADcpGbOnDIux7UiHwAAAAAAAAAAAAAAAAAECfkAAAAAAAAAAAAAAAAAIEjIBwAAAAAAAAAAAAAAAABBQj4AAAAAAAAAAAAAAAAACBLyAQAAAAAAAAAAAAAAAECQkA8AAAAAAAAAAAAAAAAAgoR8AAAAAAAAAAAAAAAAABAk5AMAAAAAAAAAAAAAAACAICEfAAAAAAAAAAAAAAAAAAQJ+QAAAAAAAAAAAAAAAAAgSMgHAAAAAAAAAAAAAAAAAEFCPgAAAAAAAAAAAAAAAAAIEvIBAAAAAAAAAAAAAAAAQJCQDwAAAAAAAAAAAAAAAACChHwAAAAAAAAAAAAAAAAAECTkAwAAAAAAAAAAAAAAAIAgIR8AAAAAAAAAAAAAAAAABAn5AAAAAAAAAAAAAAAAACBIyAcAAAAAAAAAAAAAAAAAQUI+AAAAAAAAAAAAAAAAAAgS8gEAAAAAAAAAAAAAAABAkJAPAAAAAAAAAAAAAAAAAIKEfAAAAAAAAAAAAAAAAAAQJOQDAAAAAAAAAAAAAAAAgCAhHwAAAAAAAAAAAAAAAAAECfkAAAAAAAAAAAAAAAAAIEjIBwAAAAAAAAAAAAAAAABBQj4AAAAAAAAAAAAAAAAACBLyAQAAAAAAAAAAAAAAAECQkA8AAAAAAAAAAAAAAAAAgoR8AAAAAAAAAAAAAAAAABAk5AMAAAAAAAAAAAAAAACAICEfAAAAAAAAAAAAAAAAAAQJ+QAAAAAAAAAAAAAAAAAgSMgHAAAAAAAAAAAAAAAAAEFCPgAAAAAAAAAAAAAAAAAIEvIBAAAAAAAAAAAAAAAAQJCQDwAAAAAAAAAAAAAAAACChHwAAAAAAAAAAAAAAAAAECTkAwAAAAAAAAAAAAAAAIAgIR8AAAAAAAAAAAAAAAAABAn5AAAAAAAAAAAAAAAAACBIyAcAAAAAAAAAAAAAAAAAQUI+AAAAAAAAAAAAAAAAAAgS8gEAAAAAAAAAAAAAAABAkJAPAAAAAAAAAAAAAAAAAIKEfAAAAAAAAAAAAAAAAAAQJOQDAAAAAAAAAAAAAAAAgCAhHwAAAAAAAAAAAAAAAAAECfkAAAAAAAAAAAAAAAAAIEjIBwAAAAAAAAAAAAAAAABBQj4AAAAAAAAAAAAAAAAACBLyAQAAAAAAAAAAAAAAAECQkA8AAAAAAAAAAAAAAAAAgoR8AAAAAAAAAAAAAAAAABAk5AMAAAAAAAAAAAAAAACAICEfAAAAAAAAAAAAAAAAAAQJ+QAAAAAAAAAAAAAAAAAgSMgHAAAAAAAAAAAAAAAAAEFCPgAAAAAAAAAAAAAAAAAIEvIBAAAAAAAAAAAAAAAAQJCQDwAAAAAAAAAAAAAAAACChHwAAAAAAAAAAAAAAAAAECTkAwAAAAAAAAAAAAAAAIAgIR8AAAAAAAAAAAAAAAAABAn5AAAAAAAAAAAAAAAAACBIyAcAAAAAAAAAAAAAAAAAQUI+AAAAAAAAAAAAAAAAAAgS8gEAAAAAAAAAAAAAAABAkJAPAAAAAAAAAAAAAAAAAIKEfAAAAAAAAAAAAAAAAAAQJOQDAAAAAAAAAAAAAAAAgCAhHwAAAAAAAAAAAAAAAAAECfkAAAAAAAAAAAAAAAAAIEjIBwAAAAAAAAAAAAAAAABBQj4AAAAAAAAAAAAAAAAACBLyAQAAAAAAAAAAAAAAAECQkA8AAAAAAAAAAAAAAAAAgoR8AAAAAAAAAAAAAAAAABAk5AMAAAAAAAAAAAAAAACAICEfAAAAAAAAAAAAAAAAAAQJ+QAAAAAAAAAAAAAAAAAgSMgHAAAAAAAAAAAAAAAAAEFCPgAAAAAAAAAAAAAAAAAIEvIBAAAAAAAAAAAAAAAAQJCQDwAAAAAAAAAAAAAAAACChHwAAAAAAAAAAAAAAAAAECTkAwAAAAAAAAAAAAAAAIAgIR8AAAAAAAAAAAAAAAAABAn5AAAAAAAAAAAAAAAAACBIyAcAAAAAAAAAAAAAAAAAQUI+AAAAAAAAAAAAAAAAAAgS8gEAAAAAAAAAAAAAAABAkJAPAAAAAAAAAAAAAAAAAIKEfAAAAAAAAAAAAAAAAAAQJOQDAAAAAAAAAAAAAAAAgCAhHwAAAAAAAAAAAAAAAAAECfkAAAAAAAAAAAAAAAAAIEjIBwAAAAAAAAAAAAAAAABBQj4AAAAAAAAAAAAAAAAACBLyAQAAAAAAAAAAAAAAAECQkA8AAAAAAAAAAAAAAAAAgoR8AAAAAAAAAAAAAAAAABAk5AMAAAAAAAAAAAAAAACAICEfAAAAAAAAAAAAAAAAAAQJ+QAAAAAAAAAAAAAAAAAgSMgHAAAAAAAAAAAAAAAAAEFCPgAAAAAAAAAAAAAAAAAIEvIBAAAAAAAAAAAAAAAAQJCQDwAAAAAAAAAAAAAAAACChHwAAAAAAAAAAAAAAAAAECTkAwAAAAAAAAAAAAAAAIAgIR8AAAAAAAAAAAAAAAAABAn5AAAAAAAAAAAAAAAAACBIyAcAAAAAAAAAAAAAAAAAQUI+AAAAAAAAAAAAAAAAAAgS8gEAAAAAAAAAAAAAAABAkJAPAAAAAAAAAAAAAAAAAIKEfAAAAAAAAAAAAAAAAAAQJOQDAAAAAAAAAAAAAAAAgCAhHwAAAAAAAAAAAAAAAAAECfkAAAAAAAAAAAAAAAAAIEjIBwAAAAAAAAAAAAAAAABBQj4AAAAAAAAAAAAAAAAACBLyAQAAAAAAAAAAAAAAAECQkA8AAAAAAAAAAAAAAAAAgoR8AAAAAAAAAAAAAAAAABAk5AMAAAAAAAAAAAAAAACAICEfAAAAAAAAAAAAAAAAAAQJ+QAAAAAAAAAAAAAAAAAgSMgHAAAAAAAAAAAAAAAAAEFCPgAAAAAAAAAAAAAAAAAIEvIBAAAAAAAAAAAAAAAAQJCQDwAAAAAAAAAAAAAAAACChHwAAAAAAAAAAAAAAAAAECTkAwAAAAAAAAAAAAAAAIAgIR8AAAAAAAAAAAAAAAAABAn5AAAAAAAAAAAAAAAAACBIyAcAAAAAAAAAAAAAAAAAQUI+AAAAAAAAAAAAAAAAAAgS8gEAAAAAAAAAAAAAAABAkJAPAAAAAAAAAAAAAAAAAIKEfAAAAAAAAAAAAAAAAAAQJOQDAAAAAAAAAAAAAAAAgCAhHwAAAAAAAAAAAAAAAAAECfkAAAAAAAAAAAAAAAAAIEjIBwAAAAAAAAAAAAAAAABBQj4AAAAAAAAAAAAAAAAACBLyAQAAAAAAAAAAAAAAAECQkA8AAAAAAAAAAAAAAAAAgoR8AAAAAAAAAAAAAAAAABAk5AMAAAAAAAAAAAAAAACAICEfAAAAAAAAAAAAAAAAAAQJ+QAAAAAAAAAAAAAAAAAgSMgHAAAAAAAAAAAAAAAAAEFCPgAAAAAAAAAAAAAAAAAIEvIBAAAAAAAAAAAAAAAAQJCQDwAAAAAAAAAAAAAAAACChHwAAAAAAAAAAAAAAAAAECTkAwAAAAAAAAAAAAAAAIAgIR8AAAAAAAAAAAAAAAAABAn5AAAAAAAAAAAAAAAAACBIyAcAAAAAAAAAAAAAAAAAQUI+AAAAAAAAAAAAAAAAAAgS8gEAAAAAAAAAAAAAAABAkJAPAAAAAAAAAAAAAAAAAIKEfAAAAAAAAAAAAAAAAAAQJOQDAAAAAAAAAAAAAAAAgCAhHwAAAAAAAAAAAAAAAAAECfkAAAAAAAAAAAAAAAAAIEjIBwAAAAAAAAAAAAAAAABBQj4AAAAAAAAAAAAAAAAACBLyAQAAAAAAAAAAAAAAAECQkA8AAAAAAAAAAAAAAAAAgoR8AAAAAAAAAAAAAAAAABAk5AMAAAAAAAAAAAAAAACAICEfAAAAAAAAAAAAAAAAAAQJ+QAAAAAAAAAAAAAAAAAgSMgHAAAAAAAAAAAAAAAAAEFCPgAAAAAAAAAAAAAAAAAIEvIBAAAAAAAAAAAAAAAAQJCQDwAAAAAAAAAAAAAAAACChHwAAAAAAAAAAAAAAAAAECTkAwAAAAAAAAAAAAAAAIAgIR8AAAAAAAAAAAAAAAAABAn5AAAAAAAAAAAAAAAAACBIyAcAAAAAAAAAAAAAAAAAQUI+AAAAAAAAAAAAAAAAAAgS8gEAAAAAAAAAAAAAAABAkJAPAAAAAAAAAAAAAAAAAIKEfAAAAAAAAAAAAAAAAAAQJOQDAAAAAAAAAAAAAAAAgCAhHwAAAAAAAAAAAAAAAAAECfkAAAAAAAAAAAAAAAAAIEjIBwAAAAAAAAAAAAAAAABBQj4AAAAAAAAAAAAAAAAACBLyAQAAAAAAAAAAAAAAAECQkA8AAAAAAAAAAAAAAAAAgoR8AAAAAAAAAAAAAAAAABAk5AMAAAAAAAAAAAAAAACAICEfAAAAAAAAAAAAAAAAAAQJ+QAAAAAAAAAAAAAAAAAgSMgHAAAAAAAAAAAAAAAAAEFCPgAAAAAAAAAAAAAAAAAIEvIBAAAAAAAAAAAAAAAAQJCQDwAAAAAAAAAAAAAAAACChHwAAAAAAAAAAAAAAAAAECTkAwAAAAAAAAAAAAAAAIAgIR8AAAAAAAAAAAAAAAAABAn5AAAAAAAAAAAAAAAAACBIyAcAAAAAAAAAAAAAAAAAQUI+AAAAAAAAAAAAAAAAAAgS8gEAAAAAAAAAAAAAAABAkJAPAAAAAAAAAAAAAAAAAIKEfAAAAAAAAAAAAAAAAAAQJOQDAAAAAAAAAAAAAAAAgCAhHwAAAAAAAAAAAAAAAAAECfkAAAAAAAAAAAAAAAAAIEjIBwAAAAAAAAAAAAAAAABBQj4AAAAAAAAAAAAAAAAACBLyAQAAAAAAAAAAAAAAAECQkA8AAAAAAAAAAAAAAAAAgoR8AAAAAAAAAAAAAAAAABAk5AMAAAAAAAAAAAAAAACAICEfAAAAAAAAAAAAAAAAAAQJ+QAAAAAAAAAAAAAAAAAgSMgHAAAAAAAAAAAAAAAAAEFCPgAAAAAAAAAAAAAAAAAIEvIBAAAAAAAAAAAAAAAAQJCQDwAAAAAAAAAAAAAAAACChHwAAAAAAAAAAAAAAAAAECTkAwAAAAAAAAAAAAAAAIAgIR8AAAAAAAAAAAAAAAAABAn5AAAAAAAAAAAAAAAAACBIyAcAAAAAAAAAAAAAAAAAQUI+AAAAAAAAAAAAAAAAAAgS8gEAAAAAAAAAAAAAAABAkJAPAAAAAAAAAAAAAAAAAIKEfAAAAAAAAAAAAAAAAAAQJOQDAAAAAAAAAAAAAAAAgCAhHwAAAAAAAAAAAAAAAAAECfkAAAAAAAAAAAAAAAAAIEjIBwAAAAAAAAAAAAAAAABBQj4AAAAAAAAAAAAAAAAACBLyAQAAAAAAAAAAAAAAAECQkA8AAAAAAAAAAAAAAAAAgoR8AAAAAAAAAAAAAAAAABAk5AMAAAAAAAAAAAAAAACAICEfAAAAAAAAAAAAAAAAAAQJ+QAAAAAAAAAAAAAAAAAgSMgHAAAAAAAAAAAAAAAAAEFCPgAAAAAAAAAAAAAAAAAIEvIBAAAAAAAAAAAAAAAAQJCQDwAAAAAAAAAAAAAAAACChHwAAAAAAAAAAAAAAAAAECTkAwAAAAAAAAAAAAAAAIAgIR8AAAAAAAAAAAAAAAAABAn5AAAAAAAAAAAAAAAAACBIyAcAAAAAAAAAAAAAAAAAQUI+AAAAAAAAAAAAAAAAAAgS8gEAAAAAAAAAAAAAAABAkJAPAAAAAAAAAAAAAAAAAIKEfAAAAAAAAAAAAAAAAAAQJOQDAAAAAAAAAAAAAAAAgCAhHwAAAAAAAAAAAAAAAAAECfkAAAAAAAAAAAAAAAAAIEjIBwAAAAAAAAAAAAAAAABBQj4AAAAAAAAAAAAAAAAACBLyAQAAAAAAAAAAAAAAAECQkA8AAAAAAAAAAAAAAAAAgoR8AAAAAAAAAAAAAAAAABAk5AMAAAAAAAAAAAAAAACAICEfAAAAAAAAAAAAAAAAAAQJ+QAAAAAAAAAAAAAAAAAgSMgHAAAAAAAAAAAAAAAAAEFCPgAAAAAAAAAAAAAAAAAIEvIBAAAAAAAAAAAAAAAAQJCQDwAAAAAAAAAAAAAAAACChHwAAAAAAAAAAAAAAAAAECTkAwAAAAAAAAAAAAAAAIAgIR8AAAAAAAAAAAAAAAAABAn5AAAAAAAAAAAAAAAAACBIyAcAAAAAAAAAAAAAAAAAQUI+AAAAAAAAAAAAAAAAAAgS8gEAAAAAAAAAAAAAAABAkJAPAAAAAAAAAAAAAAAAAIKEfAAAAAAAAAAAAAAAAAAQJOQDAAAAAAAAAAAAAAAAgCAhHwAAAAAAAAAAAAAAAAAECfkAAAAAAAAAAAAAAAAAIEjIBwAAAAAAAAAAAAAAAABBQj4AAAAAAAAAAAAAAAAACBLyAQAAAAAAAAAAAAAAAECQkA8AAAAAAAAAAAAAAAAAgoR8AAAAAAAAAAAAAAAAABAk5AMAAAAAAAAAAAAAAACAICEfAAAAAAAAAAAAAAAAAAQJ+QAAAAAAAAAAAAAAAAAgSMgHAAAAAAAAAAAAAAAAAEFCPgAAAAAAAAAAAAAAAAAIEvIBAAAAAAAAAAAAAAAAQJCQDwAAAAAAAAAAAAAAAACChHwAAAAAAAAAAAAAAAAAECTkAwAAAAAAAAAAAAAAAIAgIR8AAAAAAAAAAAAAAAAABAn5AAAAAAAAAAAAAAAAACBIyAcAAAAAAAAAAAAAAAAAQUI+AAAAAAAAAAAAAAAAAAgS8gEAAAAAAAAAAAAAAABAkJAPAAAAAAAAAAAAAAAAAIKEfAAAAAAAAAAAAAAAAAAQJOQDAAAAAAAAAAAAAAAAgCAhHwAAAAAAAAAAAAAAAAAECfkAAAAAAAAAAAAAAAAAIEjIBwAAAAAAAAAAAAAAAABBQj4AAAAAAAAAAAAAAAAACBLyAQAAAAAAAAAAAAAAAECQkA8AAAAAAAAAAAAAAAAAgoR8AAAAAAAAAAAAAAAAABAk5AMAAAAAAAAAAAAAAACAICEfAAAAAAAAAAAAAAAAAAQJ+QAAAAAAAAAAAAAAAAAgSMgHAAAAAAAAAAAAAAAAAEFCPgAAAAAAAAAAAAAAAAAIEvIBAAAAAAAAAAAAAAAAQJCQDwAAAAAAAAAAAAAAAACChHwAAAAAAAAAAAAAAAAAECTkAwAAAAAAAAAAAAAAAIAgIR8AAAAAAAAAAAAAAAAABAn5AAAAAAAAAAAAAAAAACBIyAcAAAAAAAAAAAAAAAAAQUI+AAAAAAAAAAAAAAAAAAgS8gEAAAAAAAAAAAAAAABAkJAPAAAAAAAAAAAAAAAAAIKEfAAAAAAAAAAAAAAAAAAQJOQDAAAAAAAAAAAAAAAAgCAhHwAAAAAAAAAAAAAAAAAECfkAAAAAAAAAAAAAAAAAIEjIBwAAAAAAAAAAAAAAAABBQj4AAAAAAAAAAAAAAAAACBLyAQAAAAAAAAAAAAAAAECQkA8AAAAAAAAAAAAAAAAAgoR8AAAAAAAAAAAAAAAAABAk5AMAAAAAAAAAAAAAAACAICEfAAAAAAAAAAAAAAAAAAQJ+QAAAAAAAAAAAAAAAAAgSMgHAAAAAAAAAAAAAAAAAEFCPgAAAAAAAAAAAAAAAAAIEvIBAAAAAAAAAAAAAAAAQJCQDwAAAAAAAAAAAAAAAACChHwAAAAAAAAAAAAAAAAAECTkAwAAAAAAAAAAAAAAAIAgIR8AAAAAAAAAAAAAAAAABAn5AAAAAAAAAAAAAAAAACBIyAcAAAAAAAAAAAAAAAAAQUI+AAAAAAAAAAAAAAAAAAgS8gEAAAAAAAAAAAAAAABAkJAPAAAAAAAAAAAAAAAAAIKEfAAAAAAAAAAAAAAAAAAQJOQDAAAAAAAAAAAAAAAAgCAhHwAAAAAAAAAAAAAAAAAECfkAAAAAAAAAAAAAAAAAIEjIBwAAAAAAAAAAAAAAAABBQj4AAAAAAAAAAAAAAAAACBLyAQAAAAAAAAAAAAAAAECQkA8AAAAAAAAAAAAAAAAAgoR8AAAAAAAAAAAAAAAAABAk5AMAAAAAAAAAAAAAAACAICEfAAAAAAAAAAAAAAAAAAQJ+QAAAAAAAAAAAAAAAAAgSMgHAAAAAAAAAAAAAAAAAEFCPgAAAAAAAAAAAAAAAAAIEvIBAAAAAAAAAAAAAAAAQJCQDwAAAAAAAAAAAAAAAACChHwAAAAAAAAAAAAAAAAAECTkAwAAAAAAAAAAAAAAAIAgIR8AAAAAAAAAAAAAAAAABAn5AAAAAAAAAAAAAAAAACBIyAcAAAAAAAAAAAAAAAAAQUI+AAAAAAAAAAAAAAAAAAgS8gEAAAAAAAAAAAAAAABAkJAPAAAAAAAAAAAAAAAAAIKEfAAAAAAAAAAAAAAAAAAQJOQDAAAAAAAAAAAAAAAAgCAhHwAAAAAAAAAAAAAAAAAECfkAAAAAAAAAAAAAAAAAIEjIBwAAAAAAAAAAAAAAAABBQj4AAAAAAAAAAAAAAAAACBLyAQAAAAAAAAAAAAAAAECQkA8AAAAAAAAAAAAAAAAAgoR8AAAAAAAAAAAAAAAAABAk5AMAAAAAAAAAAAAAAACAICEfAAAAAAAAAAAAAAAAAAQJ+QAAAAAAAAAAAAAAAAAgSMgHAAAAAAAAAAAAAAAAAEFCPgAAAAAAAAAAAAAAAAAIEvIBAAAAAAAAAAAAAAAAQJCQDwAAAAAAAAAAAAAAAACChHwAAAAAAAAAAAAAAAAAECTkAwAAAAAAAAAAAAAAAIAgIR8AAAAAAAAAAAAAAAAABAn5AAAAAAAAAAAAAAAAACBIyAcAAAAAAAAAAAAAAAAAQUI+AAAAAAAAAAAAAAAAAAgS8gEAAAAAAAAAAAAAAABAkJAPAAAAAAAAAAAAAAAAAIKEfAAAAAAAAAAAAAAAAAAQJOQDAAAAAAAAAAAAAAAAgCAhHwAAAAAAAAAAAAAAAAAECfkAAAAAAAAAAAAAAAAAIEjIBwAAAAAAAAAAAAAAAABBQj4AAAAAAAAAAAAAAAAACBLyAQAAAAAAAAAAAAAAAECQkA8AAAAAAAAAAAAAAAAAgoR8AAAAAAAAAAAAAAAAABAk5AMAAAAAAAAAAAAAAACAICEfAAAAAAAAAAAAAAAAAAQJ+QAAAAAAAAAAAAAAAAAgSMgHAAAAAAAAAAAAAAAAAEFCPgAAAAAAAAAAAAAAAAAIEvIBAAAAAAAAAAAAAAAAQJCQDwAAAAAAAAAAAAAAAACChHwAAAAAAAAAAAAAAAAAECTkAwAAAAAAAAAAAAAAAIAgIR8AAAAAAAAAAAAAAAAABAn5AAAAAAAAAAAAAAAAACBIyAcAAAAAAAAAAAAAAAAAQUI+AAAAAAAAAAAAAAAAAAgS8gEAAAAAAAAAAAAAAABAkJAPAAAAAAAAAAAAAAAAAIKEfAAAAAAAAAAAAAAAAAAQJOQDAAAAAAAAAAAAAAAAgCAhHwAAAAAAAAAAAAAAAAAECfkAAAAAAAAAAAAAAAAAIEjIBwAAAAAAAAAAAAAAAABBQj4AAAAAAAAAAAAAAAAACBLyAQAAAAAAAAAAAAAAAECQkA8AAAAAAAAAAAAAAAAAgoR8AAAAAAAAAAAAAAAAABAk5AMAAAAAAAAAAAAAAACAICEfAAAAAAAAAAAAAAAAAAQJ+QAAAAAAAAAAAAAAAAAgSMgHAAAAAAAAAAAAAAAAAEFCPgAAAAAAAAAAAAAAAAAIEvIBAAAAAAAAAAAAAAAAQJCQDwAAAAAAAAAAAAAAAACChHwAAAAAAAAAAAAAAAAAECTkAwAAAAAAAAAAAAAAAIAgIR8AAAAAAAAAAAAAAAAABAn5AAAAAAAAAAAAAAAAACBIyAcAAAAAAAAAAAAAAAAAQUI+AAAAAAAAAAAAAAAAAAgS8gEAAAAAAAAAAAAAAABAkJAPAAAAAAAAAAAAAAAAAIKEfAAAAAAAAAAAAAAAAAAQJOQDAAAAAAAAAAAAAAAAgCAhHwAAAAAAAAAAAAAAAAAECfkAAAAAAAAAAAAAAAAAIEjIBwAAAAAAAAAAAAAAAABBQj4AAAAAAAAAAAAAAAAACBLyAQAAAAAAAAAAAAAAAECQkA8AAAAAAAAAAAAAAAAAgoR8AAAAAAAAAAAAAAAAABAk5AMAAAAAAAAAAAAAAACAICEfAAAAAAAAAAAAAAAAAAQJ+QAAAAAAAAAAAAAAAAAgSMgHAAAAAAAAAAAAAAAAAEFCPgAAAAAAAAAAAAAAAAAIEvIBAAAAAAAAAAAAAAAAQJCQDwAAAAAAAAAAAAAAAACChHwAAAAAAAAAAAAAAAAAECTkAwAAAAAAAAAAAAAAAIAgIR8AAAAAAAAAAAAAAAAABAn5AAAAAAAAAAAAAAAAACBIyAcAAAAAAAAAAAAAAAAAQUI+AAAAAAAAAAAAAAAAAAgS8gEAAAAAAAAAAAAAAABAkJAPAAAAAAAAAAAAAAAAAIKEfAAAAAAAAAAAAAAAAAAQJOQDAAAAAAAAAAAAAAAAgCAhHwAAAAAAAAAAAAAAAAAECfkAAAAAAAAAAAAAAAAAIEjIBwAAAAAAAAAAAAAAAABBQj4AAAAAAAAAAAAAAAAACBLyAQAAAAAAAAAAAAAAAECQkA8AAAAAAAAAAAAAAAAAgoR8AAAAAAAAAAAAAAAAABAk5AMAAAAAAAAAAAAAAACAoIbh4eHh8T4JAAAAAAAAAAAAAAAAAPj/yop8AAAAAAAAAAAAAAAAABAk5AMAAAAAAAAAAAAAAACAICEfAAAAAAAAAAAAAAAAAAQJ+QAAAAAAAAAAAAAAAAAgSMgHAAAAAAAAAAAAAAAAAEFCPgAAAAAAAAAAAAAAAAAIEvIBAAAAAAAAAAAAAAAAQJCQDwAAAAAAAAAAAAAAAACChHwAAAAAAAAAAAAAAAAAECTkAwAAAAAAAAAAAAAAAIAgIR8AAAAAAAAAAAAAAAAABAn5AAAAAAAAAAAAAAAAACBIyAcAAAAAAAAAAAAAAAAAQUI+AAAAAAAAAAAAAAAAAAgS8gEAAAAAAAAAAAAAAABAkJAPAAAAAAAAAAAAAAAAAIKEfAAAAAAAAAAAAAAAAAAQJOQDAAAAAAAAAAAAAAAAgCAhHwAAAAAAAAAAAAAAAAAECfkAAAAAAAAAAAAAAAAAIEjIBwAAAAAAAAAAAAAAAABBQj4AAAAAAAAAAAAAAAAACBLyAQAAAAAAAAAAAAAAAECQkA8AAAAAAAAAAAAAAAAAgoR8AAAAAAAAAAAAAAAAABAk5AMAAAAAAAAAAAAAAACAICEfAAAAAAAAAAAAAAAAAAQJ+QAAAAAAAAAAAAAAAAAgSMgHAAAAAAAAAAAAAAAAAEH/B20KlfGI5yDaAAAAAElFTkSuQmCC\" style=\"max-width: 100%; height: auto;\" alt=\"Project Timeline\">\n</div>\n\n<div style=\"margin-top: 50px; padding-top: 20px; border-top: 2px solid #ecf0f1; text-align: center; color: #7f8c8d; font-size: 12px;\">\n    <p>This document was generated through AI-assisted collaboration and team consensus.</p>\n    <p>Please review and provide feedback before final approval.</p>\n</div>\n\n</body>\n</html>",
  "preview": ""
}
Test Result: PASSED
✅ Timeline document correctly contains embedded timeline chart

Test 7: Testing chart embedding in risk document

================================================================================
Testing: Create Risk Document (POST https://a985bc5b-b2e4-4dfa-b7b1-059accd4e9ea.preview.emergentagent.com/api/documents/create)
Status Code: 200
Response Headers: {
  "Date": "Mon, 16 Jun 2025 22:14:44 GMT",
  "Content-Type": "application/json",
  "Content-Length": "118",
  "Connection": "keep-alive",
  "Strict-Transport-Security": "max-age=15724800; includeSubDomains"
}
Response: {
  "success": true,
  "document_id": "afc37265-da3e-4cdd-837e-7efa2350d9b7",
  "filename": "Project_Risk_Assessment_20250616.md"
}
Test Result: PASSED
✅ Created risk document with ID: afc37265-da3e-4cdd-837e-7efa2350d9b7

================================================================================
Testing: Get Risk Document (GET https://a985bc5b-b2e4-4dfa-b7b1-059accd4e9ea.preview.emergentagent.com/api/documents/afc37265-da3e-4cdd-837e-7efa2350d9b7)
Status Code: 200
Response Headers: {
  "Date": "Mon, 16 Jun 2025 22:14:44 GMT",
  "Content-Type": "application/json",
  "Content-Length": "230049",
  "Connection": "keep-alive",
  "Strict-Transport-Security": "max-age=15724800; includeSubDomains"
}
Response: {
  "id": "afc37265-da3e-4cdd-837e-7efa2350d9b7",
  "metadata": {
    "id": "48169f9a-e40c-47b2-979c-24642175fb8a",
    "title": "Project Risk Assessment",
    "filename": "Project_Risk_Assessment_20250616.md",
    "authors": [
      "Mark Castellano",
      "Dex Rodriguez"
    ],
    "category": "Research",
    "status": "Draft",
    "description": "Assessment of project risks and mitigation strategies",
    "keywords": [
      "risk",
      "assessment",
      "mitigation",
      "project"
    ],
    "created_at": "2025-06-16T22:14:43.941000",
    "updated_at": "2025-06-16T22:14:43.941000",
    "simulation_id": "",
    "conversation_round": 0,
    "scenario_name": "",
    "user_id": "test-user-123"
  },
  "content": "<!DOCTYPE html>\n<html>\n<head>\n    <meta charset=\"UTF-8\">\n    <title>Project Risk Assessment</title>\n    <style>\n        body {\n            font-family: 'Segoe UI', Tahoma, Geneva, Verdana, sans-serif;\n            line-height: 1.6;\n            max-width: 800px;\n            margin: 0 auto;\n            padding: 40px;\n            background-color: #ffffff;\n            color: #333333;\n        }\n        .header {\n            border-bottom: 3px solid #2c3e50;\n            padding-bottom: 20px;\n            margin-bottom: 30px;\n        }\n        .title {\n            font-size: 28px;\n            font-weight: bold;\n            color: #2c3e50;\n            margin-bottom: 10px;\n        }\n        .subtitle {\n            font-size: 16px;\n            color: #7f8c8d;\n            font-style: italic;\n        }\n        .meta-info {\n            background-color: #f8f9fa;\n            padding: 15px;\n            border-left: 4px solid #3498db;\n            margin: 20px 0;\n        }\n        .section-header {\n            font-size: 20px;\n            font-weight: bold;\n            color: #2c3e50;\n            margin-top: 30px;\n            margin-bottom: 15px;\n            border-bottom: 2px solid #ecf0f1;\n            padding-bottom: 5px;\n        }\n        .subsection {\n            font-size: 16px;\n            font-weight: 600;\n            color: #34495e;\n            margin-top: 20px;\n            margin-bottom: 10px;\n        }\n        .chart-container {\n            text-align: center;\n            margin: 30px 0;\n            padding: 20px;\n            background-color: #f8f9fa;\n            border-radius: 8px;\n        }\n        .chart-title {\n            font-size: 16px;\n            font-weight: bold;\n            margin-bottom: 15px;\n            color: #2c3e50;\n        }\n        .highlight {\n            background-color: #fff3cd;\n            padding: 2px 4px;\n            border-radius: 3px;\n        }\n        .important {\n            font-weight: bold;\n            color: #e74c3c;\n        }\n        .note {\n            background-color: #e8f4f8;\n            padding: 10px;\n            border-left: 4px solid #3498db;\n            margin: 15px 0;\n            font-style: italic;\n        }\n        ul, ol {\n            margin: 15px 0;\n            padding-left: 25px;\n        }\n        li {\n            margin-bottom: 5px;\n        }\n        table {\n            width: 100%;\n            border-collapse: collapse;\n            margin: 20px 0;\n        }\n        th, td {\n            border: 1px solid #ddd;\n            padding: 12px;\n            text-align: left;\n        }\n        th {\n            background-color: #f2f2f2;\n            font-weight: bold;\n        }\n    </style>\n</head>\n<body>\n\n<div class=\"header\">\n    <div class=\"title\">Project Risk Assessment</div>\n    <div class=\"subtitle\">Research Document</div>\n</div>\n\n<div class=\"meta-info\">\n    <strong>Authors:</strong> Mark Castellano, Dex Rodriguez<br>\n    <strong>Date:</strong> June 16, 2025<br>\n    <strong>Document Type:</strong> Research<br>\n    <strong>Status:</strong> <span class=\"highlight\">Draft for Review</span>\n</div>\n<p># Project <strong>risk</strong> Assessment</p>\n\n<p>## Overview</p>\n<p>This document outlines the key risks associated with our project and proposed mitigation strategies.</p>\n\n<p>## <strong>risk</strong> Factors</p>\n<ul>\n<li>Technical Complexity: 7/10</li>\n<ul>\n<li>Market Competition: 8/10</li>\n<ul>\n<li>Regulatory Challenges: 6/10</li>\n</ul>\n\n<p>## Mitigation Strategies</p>\n<ul>\n<li>Technical Complexity: Hire additional senior developers and implement phased approach</li>\n<ul>\n<li>Market Competition: Focus on unique value proposition and accelerate go-to-market</li>\n<ul>\n<li>Regulatory Challenges: Engage legal consultants early in the process</li>\n</ul>\n\n<p>## Monitoring</p>\n<p>Risks will be reviewed bi-weekly during project status meetings.</p>\n\n\n<div class=\"chart-container\">\n    <div class=\"chart-title\">Risk Assessment</div>\n    <img src=\"data:image/png;base64,iVBORw0KGgoAAAANSUhEUgAAC5oAAAbnCAYAAACmsv12AAAAOnRFWHRTb2Z0d2FyZQBNYXRwbG90bGliIHZlcnNpb24zLjEwLjMsIGh0dHBzOi8vbWF0cGxvdGxpYi5vcmcvZiW1igAAAAlwSFlzAAAuIwAALiMBeKU/dgABAABJREFUeJzs3Xd8leXdP/BvQhiBIAgEkKEoiAMFceCodStD1NZVcWsVRXFVrVpHrT6OUveqrVq1+rirggXcDBVRQFBBUFRAQGSvECCB5PeHP3g8Qs45CUkOyPv9evEy576v67o/JCfhCJ/7OlmlpaWlAQAAAAAAAAAAAAAA/192pgMAAAAAAAAAAAAAALBxUTQHAAAAAAAAAAAAACCBojkAAAAAAAAAAAAAAAkUzQEAAAAAAAAAAAAASKBoDgAAAAAAAAAAAABAAkVzAAAAAAAAAAAAAAASKJoDAAAAAAAAAAAAAJBA0RwAAAAAAAAAAAAAgASK5gAAAAAAAAAAAAAAJFA0BwAAAAAAAAAAAAAggaI5AAAAAAAAAAAAAAAJFM0BAAAAAAAAAAAAAEigaA4AAAAAAAAAAAAAQAJFcwAAAAAAAAAAAAAAEiiaAwAAAAAAAAAAAACQQNEcAAAAAAAAAAAAAIAEiuYAAAAAAAAAAAAAACRQNAcAAAAAAAAAAAAAIIGiOQAAAAAAAAAAAAAACRTNAQAAAAAAAAAAAABIoGgOAAAAAAAAAAAAAEACRXMAAAAAAAAAAAAAABIomgMAAAAAAAAAAAAAkEDRHAAAAAAAAAAAAACABIrmAAAAAAAAAAAAAAAkUDQHAAAAAAAAAAAAACCBojkAAAAAAAAAAAAAAAkUzQEAAAAAAAAAAAAASKBoDgAAAAAAAAAAAABAgpxMBwAAAAAANl8fffRRnH766UnHtGzZMt59991qSlS5rr766njllVeSjunbt29cdNFF1ZQIAAAAAAAgPXY0BwAAAAAAAAAAAAAggR3NAQAAAGATdv/998cDDzxQJWtnZWVFrVq1Ijc3Nxo1ahRNmzaNtm3bxk477RRdunSJbbbZpkquyy/PggUL4oADDoji4uK0xh9zzDHRr1+/Kk4FAAAAAAAko2gOAAAAAKxXaWlprFy5MlauXBmLFi2Kb7/9NkaOHLn2fNu2beOoo46K3/3ud9GoUaMMJmVjN2jQoLRL5hERb731Vixfvjxyc3OrMBUAAAAAAJBMdqYDAAAAAACbpm+++SbuueeeOOigg+Luu++OwsLCTEdiI9W/f/9yjS8sLIy33nqritIA8FOzZs2KHXbYYZ1fp512WqajAQAAAJBhiuYAAAAAwAZZuXJlPPzww3HsscfGV199lek4bGSmTJkSn332WbnnlbecDkDFvP3225mOAAAAAMBGKifTAQAAAACAX4YpU6bEKaecEo899lh07NgxrTk77rhjPP7440nH1K5duzLikSEVLYx/+OGHMXfu3MjPz6/kRAD8lHeQAAAAAKAsiuYAAAAAQKVZsmRJnH/++fGf//wnttpqq5TjGzRoEPvtt181JCMTSktLY8CAARWau3r16hg4cGCceeaZlRsKgLUWLlwYo0ePznQMAAAAADZS2ZkOAAAAAAD8ssyfPz9uuOGGTMdgIzBmzJiYOXNmhedXdDd0ANIzZMiQWL16daZjAAAAALCRsqM5AAAAAGwGRo0aFVtssUXa40tKSqKgoCAWLFgQkyZNig8++CAGDx4cS5cuTWv+8OHDY9SoUbHXXntVNDK/AKmK4nvttVeMHj06SktL13v+iy++iK+//jratWtXFfEANntvvfVWpiMAAAAAsBGzozkAAAAAsI7s7OzYYostok2bNtGtW7e4+eab4913340TTzwx7TWeeeaZKkzIxq6oqChef/31pGOOOuqo2HXXXZOOsas5QNUoLCyMDz74INMxAAAAANiIKZoDAAAAAGnZYost4uabb45zzjknrfFDhgyJ4uLiKk7Fxurdd9+NJUuWJB1z4IEHxoEHHph0zGuvvVbmjucAVNx7770XK1euzHQMAAAAADZiOZkOAAAAAABsWi699NJ45513YsqUKUnHLV++PCZOnBgdO3aspmSpLVq0KL766quYM2dOFBQUxLJly2LlypVRt27dqFevXjRt2jS22267aNmyZWRn26djQ6TaibxDhw7RvHnzOOSQQ+L+++8vc9ysWbPi448/jr333ruyI5ZpxYoVMXny5Jg+fXosW7Ysli1bFoWFhVGnTp2oW7duNGzYMLbbbrto06ZN1KpVq1oyFRcXxzfffBPTpk2LpUuXrs1Us2bNqFevXjRo0CDatGkT2267beTm5lZLpjVmzJgR33zzTSxcuDAWLVoUhYWFkZubG1tssUVss802sf3220eDBg2qJUtpaWlMnz49vv7661i8ePHar19WVlbUq1cv6tWrF61bt462bdtGw4YNqyVTxI/P46+++ioWLly4NlNpaenanz0tW7aMtm3bRpMmTaotUzJTp06Nzz//PObNmxcrV66M+vXrx1ZbbRWdOnWKxo0bl3u9pUuXxoQJE2LKlCmxdOnSKCkpWfuuGbvttlvUrVu3Cn4XiYqLi2PSpEnxww8/xKJFi2LhwoVRWloaubm5kZ+fH9tuu220a9cucnI2jn86++GHH2L8+PHxww8/xNKlS6NGjRrRsGHDaN26dey6666Rl5e3wdd46623KiEpAAAAAL9kG8fflgEAAAAAm4yaNWvGb3/727jrrrtSjv3222+TFs0/+uijOP3005Ou0bJly3j33XfLnTMioqioKIYPHx6DBw+OUaNGxezZs9Oal5ubG/vss08ceOCB0b1792otpKbyyiuvxNVXX51y3DXXXBNnnnlm1Qdaj4ULF8Z7772XdMxhhx0WERE777xztGzZMmbOnFnm2P79+1dp0by0tDTGjh0bgwcPjvfffz+mTZsWq1evTjmvRo0a0bFjx7XPkzZt2lRqrkmTJsXgwYNjyJAh8e2336b1DgFZWVmx4447xoEHHhjdunWLnXbaqVIzRUQUFhbGm2++Ge+++26MHTs25syZk3R8dnZ27LTTTtGzZ8849thjK/37afbs2TF48OB4++23Y8KECVFYWJjWvBYtWsQBBxwQhxxySBxwwAGRlZVVaZkWLlwYb731Vrzxxhvx+eefx+LFi9Oa16RJk/j1r38dBx10UBx66KFRs2bNcl979erVsfPOOycdc+SRR67zM3z16tXx4osvxlNPPRVff/11mXP33HPPOOuss9Z+Dyczbty4ePjhh+P9998v8/lbs2bNOOKII+Kyyy6L1q1bp1yzPL777rsYMGBAjBw5Mj7//PNYsWJF0vF5eXmx7777xnHHHRcHHnhghW84uvLKK2PAgAFlns/Ozo6xY8dGnTp1Eo4XFRXF888/H//5z39i4sSJZc6vUaNG/OpXv4pzzjkn7Z+Np512Wnz88cfp/Qb+v48//jh22GGH9Z677bbb4thjjy3XegAAAABsehTNAQAAAIBy23333dMaN3/+/CpOsn5FRUXx9NNPx8MPP5x2wfOnli9fHkOGDIkhQ4ZEv379olevXnHeeedV267MZfnwww/j+uuvTznu3HPPzVjJPCJi0KBBKUvRXbt2Tfj4X//6V5lj33jjjfjzn/8ctWvXrrSMa7z99ttxxx13pNyhf31Wr14dY8eOjbFjx8Z9990XXbt2jYsuuijatm27QZlGjRoVf/3rX+Pzzz8v99zS0tKYOHFiTJw4MR5++OHYf//94+KLL45OnTptUKaIH7+vHnvssXj88cfL9X1VUlISEyZMiAkTJsQDDzwQ5513Xpx99tkVKlH/1PTp0+POO++M119/PUpLS8s9//vvv4/nnnsunnvuuWjXrl306dMnevbsuUGZ5s+fH/fdd1+89NJLsWrVqnLPnzdvXrzyyivxyiuvRIsWLeKcc86Jk046KWrUqJH2GumM/f777xMez5o1K/r27Rvjx49POXf06NExevTo6Nq1a/z1r39d7w76q1atiltvvTX+93//N+V6xcXFMXDgwBgyZEhcccUVccopp6Sck8qUKVPi7rvvjjfffLNcz42CgoJ466234q233oodd9wxrrnmmthnn33Kff1UX4OSkpL44YcfEm5OGT16dPzxj39MetPNGqtXr47hw4fH8OHDo2fPnnHdddfFlltuWe6cAAAAAJCK934FAAAAAMqtUaNGaY0rKiqq4iTr+uabb6Jnz57x17/+tUIl858rLCyMxx57LH7zm9/EmDFjKiFhxUyePDkuuuiilAXuY489Nq644opqSrV+/fv3T3q+bdu2CWXs7t27Jx1fUFAQ77zzTqVk++ma5557blx44YUVKpn/XElJSQwePDiOPfbYeP755yu0RnFxcVxzzTVx6qmnVqhkvj7vv/9+9OrVKx588MEoKSmp8DoTJ06Mo48+Ou65554N+r5atmxZ3HXXXXHSSSelVagty9NPPx09evSIwYMHV6hk/nNff/11XH755XHxxRfHkiVLKrTGG2+8EUcccUQ899xzFSqZ/9z3338fN910U5xxxhlpvxtDupYtW7b24+nTp8eJJ56YVsn8p954443o3bv3Oj+TVq9eHX379k2rZP5ThYWFcdNNN8UTTzxRrnk/98QTT8QxxxwTb7zxxgY9NyZNmhRnnnlm9OvXb4O+d8ry06/BK6+8EmeccUaFvif++9//xhlnnBELFy6szHgAAAAAEBGK5gAAAABABaQqO6+xxRZbVHGSROPGjYtevXrFtGnTKn3t77//Pk4//fQYNmxYpa+dyty5c6N3796xdOnSpOMOPvjguPnmm6sp1fpNnTo1Pv3006RjevTokfC4Y8eO0bJly6RzBgwYsMHZ1liwYEGceuqpMXz48Epbc40VK1bEDTfcEHfffXe55i1fvjx69+4dL7/8cqVnWr16ddx3331x1VVXVah4O3To0OjVq1elFPLXGD9+fPTq1Su+/fbbcs+966674uabb66SG1neeOONOOWUU8pdNn/22Wfj0ksvjYKCgkrPNGrUqDj++OPX2YV8Q6xcuTIifiw7n3/++TFnzpwKrfPxxx/Hfffdl3DstttuiyFDhlQ42+233x7vvfdeueeVlJTENddcE7fddtva39+GKi0tjcceeywuv/zyWL16daWsucaKFSsiIuLdd9+Na6+9doNuTvjyyy/jnHPOqfSMAAAAAKBoDgAAAACU26xZs9Iat+WWW1Zxkv+zZMmSuOSSSyplF/OyrFq1Ki699NL44osvquwaP1dYWBjnnXdeypJp586d4+67746cnJxqSrZ+qXYzj1i3aB6Relfz9957LxYsWFDhXD/1pz/9KSZOnFgpa5Xl4YcfjhdeeCHt8X/7299ixIgRVZjox7L+PffcU645I0eOjIsuuiiWL19e6Xlmz54dvXv3LtdOzK+//nr84x//qPQsP/XVV1/FBRdckHbx99NPP42bb765Sna9XmPOnDlxzjnnVFqRfc0NB/fcc098/fXXG7TWv/71r7U/nz7++ON4+umnNzjb7bffXu7S9J///OcquVEjImLQoEFx2223VeqapaWlMXv27LjqqqsqpSA+fvz4eOqppyohGQAAAAD8H0VzAAAAAKDcPvzww7TG7bDDDlWc5P/ccccd8cMPP6Q1tk6dOtGmTZvYZZddomPHjtGmTZto2LBhWnMLCwvjhhtuqNDO0OW1evXq+MMf/hATJkxIOq5du3bx8MMPR25ubpVnSqa0tDTlzuM77rhjbLfdduscP/LII5POW7VqVQwcOHCD8kVE/Pe//017t+WcnJxo2bJldOjQIXbbbbdo165d5OfnR3Z2en+1ftttt8XcuXNTjvvkk0/imWeeSWvN7OzsaNasWey8886x2267Rfv27aNp06Zp32Dwz3/+MyZNmpTW2NmzZ8dll12W9s7heXl50b59+9h1111T7lC/xvTp0+PPf/5zWmMLCgrixhtvTGtsxI83uuywww6x2267xU477RQtW7ZM+3tk1KhR8fzzz6ccV1paGldffXXaReEGDRpE+/bto2PHjtGhQ4do1apV1KtXL62533zzTTz44INpjU3H119/Hf/7v/+7weusWrUqnnrqqSgtLY2bbrqpUn42fv311zF48OC0x7/44ovlurGjefPmscsuu8QOO+wQDRo0SGvOU089tUE7ta/PjTfeWO7d85O5//77o7CwsNLWAwAAAIDMbm0DAAAAAGxylixZktausU2bNo22bdtWQ6Ify9+vvfZa0jE1a9aM0047LY455pho3779esvCs2fPjtdeey3+/ve/J905+PPPP4+BAwdGz549Nzh7MrfeemvKYmPz5s3j0UcfTbsoX5XGjBkTM2bMSDqmrEL5zjvvHG3atImpU6eWOXfAgAFx2mmnbUjEtMrDhx9+eJx66qnRuXPnqF279jrnCwoKYujQoXH//fcnzVtYWBj3339/3HTTTUmv98ILL6Qs53bp0iXOPvvs6NKly3qLyStWrIgRI0bEgw8+GOPHjy9znZKSkvjb3/4Wjz32WNLrRUTccsstae0if8QRR8TZZ58dnTp1Svi+mjdvXrz88svxz3/+M5YuXVrm/DfeeCOGDRsWBx54YNLrvPnmmyl3P2/dunWcf/75ceCBB0Z+fv4651evXh0TJkyIxx9/PAYNGpR0rfvuuy+OOeaYyMvLK3PMxx9/HN9++23SdRo3bhznnXdeHH744dGiRYt1zpeWlsbkyZPjmWeeieeeey7pc+Gpp56KU089Ne0ifzIPP/xwQkG+YcOGcdBBB0V+fn7Mnj07hg4dmnYJ+p133onOnTvH5MmTE4536NAhOnXqFHXq1Imvv/46Pvjgg7RL+YMHD07rZ+ycOXPS2m28Xr16cc4558Rxxx0XzZo1W3u8tLQ0xo8fH48++mi8/vrrSdf4y1/+Er/61a+iVq1aqX8DKYwdOzbefffdhGN16tSJ/fbbL7beeuuIiJgxY0a8//77sWLFirTWLCgoiLfffjuOPvrodc5dddVVCV/PSZMmxV//+tek6+2www5x9dVXr/dcu3bt0soEAAAAwKZN0RwAAAAASFtpaWlce+21SUuja3Tt2rUaEv1o2LBhKXdxveeee+Kwww5LOqZZs2ZxzjnnxMEHHxwnn3xyLFq0qMyxr776apUWzR9//PF4+umnk45p2LBhPPbYY7HVVltVWY7ySLWbeURE9+7dk577+9//Xub5zz77LKZMmRLbbrtthfLNmzcvRo0alXTMGWecEX/605+SjsnLy4uePXvGwQcfHGeeeWZ89tlnZY4dOHBgXH/99VGzZs31nl+9enW89dZbSa93+OGHx/333x9ZWVlljqlTp04ccsghccABB8RFF120ToH1pz744IOYO3fueovYa4wZMybeeOONpLkiIq699to4/fTT13uuSZMm0bt37+jatWucddZZMXPmzDLXuffee1MWzVOVgFu2bBkvv/xybLHFFmWOqVGjRnTs2DHuvvvu2HnnneOOO+4oc+yiRYti+PDh0aNHjwpnql+/frz44otJi+FZWVnRvn37uPHGG6NLly7xhz/8ocyyeXFxcQwcODB69+6d9LqpzJ07N2HH8NNOOy2uuOKKqFOnztpjy5Yti2uuuSat58G0adMSbqho2LBh9OvXb52v6TfffBMXXHBB0hs01nj//fdj5cqV673Z46fuu+++WLZsWdIx+fn58e9//3u976aQlZUVu+66a9x7773x4osvxnXXXVfmOrNmzYrnn39+g294iYj4xz/+kZDhjDPOiL59+0b9+vUTxi1dujRuv/32eOmll9Jad9CgQestmu+yyy4Jj2vUqJFyrQYNGsR+++2X1nUBAAAA+GVK7/09AQAAAIDN3sKFC+PCCy+MN998M+XYGjVqxJlnnln1of6/VKXF1q1bpyyZ/1Tbtm3jkksuSTrmo48+SllurKg333wz+vXrl3RMnTp14uGHH95odpUtKipKKK6uT8eOHaN169Zlni9rt/Of6t+/f7mzrTFt2rSUO4efddZZaa9Xr169uO2225IWwAsKCuLjjz8u8/y8efOS7p4fEXHmmWcmvcZP5eTkxC233BJ169Ytc0xpaWnKnfIfffTRlNc64YQTyiyZ/9Q222wTDzzwwHrfRWCNCRMmxCeffJJ0nVTf58cdd1zSkvnPnXvuudGpU6ekY955550NynTEEUeUa/fxHj16RLdu3ZKOSXYTQbqWL18eq1atiogfn1/XXXddQsk84sfn91133bVOQbksc+fOjYiI3NzceOKJJ9Z740Dbtm3j0UcfTfr8XGPFihXx9ddfp7zmq6++mnKte+65Z70l85874YQTUv7ZleoGoHStuWErKysrbr/99rjmmmvWKZlH/Hizwi233BInn3xyWusmu/EFAAAAAMrLjuYAAAAAwHoVFBTEokWLYuLEifH+++/HgAEDUu4avsbJJ58crVq1quKE/2fOnDlJzzdo0KDcax555JHx5JNPRn5+fjRr1iyaNm0azZo1S/iVm5tb0chl+vTTT+PKK6+MkpKSMsfk5OTEPffcE507d67061fUkCFDYsmSJUnHpCqSb7/99rH99tvH5MmTyxzz2muvxSWXXJJ28fqnUj1PIsr/XGnXrl3sv//+sWTJkrXPizXPlebNm0ezZs2iRYsWZc6fPXt2pWdq1KhR9OjRIyZNmrTOc3bNr2S74M+bNy+GDh2a9Bo1a9aMiy++OO1MO++8cxx++OFJd8d+9dVXY/fddy/zfKqvX8OGDdPOs8bxxx8fy5cvr9DnKZ1MFfnZc+yxx8bkyZPXeT6t+dW8efNyr1mW7bbbLq688soyz+fk5MQf//jHtG4oWOOyyy6LnXbaqczzrVu3jjPOOCPpuxesMXny5OjQoUOZ5/v37x/FxcVJ1zj44INjzz33THmtNc4777x49tlnY+XKles9P3Xq1Bg3blzstttuaa+ZzNlnnx2/+c1vUo675ppr4p133kn5M2P+/PkxZ86caNq0aaXkAwAAAGDzpmgOAAAAAJuBvfbaq9qutd1228UVV1xRbdeLiFi9enXS899++20sWLAgGjVqlPaaDRo0SFqKrQrTp0+PPn36xIoVK5KOu/nmm+Pggw+uplTpSbXTeFZWVnTv3j3lOt27d09aNJ8xY0aMGTOmXMXRNVI9TyIiRo0atd6dmJNJZ/fvsqST6eOPP47tt9++XOvecsstFY0Ub731VtIbHSIi9thjj3IXWQ855JCk31PDhg1LOn/NDtxl+fjjj+OUU04pV6YTTzwxTjzxxHLNKU+m0aNHR2lpablujDjggAPigAMOqHCm8ujTp0/k5CT/p6K99947WrVqFTNmzEi5XrNmzaJXr14pxx133HFpFc1TXTOdd9hItUP8zzVq1Cg6d+4cI0eOLHPMkCFDKqVo3rRp0+jbt29aY2vVqhWnnHJK3HXXXSnHfvfdd4rmAAAAAFSKst+nEgAAAACgnJo3bx7//Oc/o06dOtV63SZNmiQ9X1hYGBdeeGFau0dnyuLFi6N3794xf/78pOMuv/zyOPbYY6spVXoWLlwYw4cPTzpmjz32iGbNmqVcK9Wu5xERAwYMSDvbT6V6nkREXHfddfHJJ59UaP2KSCfTXXfdFe+88041pPnRqFGjUo7p2LFjuddNtjN1RMQPP/wQ06dPL/N8fn5+0vmvv/56PPTQQynL35UpVabPPvss/vKXv6S8eSQTcnNz44gjjkhrbLo3dvTo0SNq1aqVclzr1q1T7hYf8eM7a5Rl+fLlMX78+JRrVOS5uvPOOyc9P3r06HKvuT4nnHBC1K1bN+3xv/71r9Mal+zzBgAAAADloWgOAAAAAFSK7bffPv79739H69atq/3aqUqBERGffPJJHH744XHNNdfE0KFDN6oiXlFRUVx44YXx7bffJh13+umnR+/evaspVfoGDRoUxcXFScf06NEjrbXatGmT8uv5+uuvR1FRUdr51thxxx0jOzv5X4vPmTMnevXqFeecc0688sorMWfOnHJfpzxatWoVDRs2TDqmoKAgLrjggjjppJPimWeeSVrGrgzplHfL8+4AazRo0CDlmC+//LLMc+l8n997773RtWvXePDBB+OLL75IuTP7hkon07PPPhuHHnpo3HHHHfHJJ5+k/F6pLvvss0/aNwW1a9curXHl2Yk9nV36ly1bVua5L774Iq13BKjIczXV92Syd10oj549e5ZrfPv27VPuQB8RsXTp0opGAgAAAIAEqf82CgAAAAAgiZo1a8ZJJ50UV1xxRbXvZL7GfvvtF/Xr109Zrlu5cmW8/PLL8fLLL0eNGjVi++23j1133TU6deoUnTt3jrZt20ZWVlY1pf4/f/rTn1LuIr3PPvvEn/70p2pKVD79+/dPer5GjRrRrVu3tNfr3r17fPHFF2WeX7x4cQwdOjTt3ZjXaNiwYeyzzz4xYsSIlGPfe++9eO+99yLixzJ4x44do2PHjtG5c+fYeeed09q1OR1ZWVlx+OGHx4svvphy7NixY2Ps2LEREdG0adO1mXbbbbfo2LFj5ObmbnCe1atXx4wZM1KOu/322+P222/f4Ov93OTJk+Owww5b77muXbvG22+/nXKNGTNmxH333Rf33Xdf5OXlxa677hq77rpr7LbbbtG5c+cKFY/L0rVr13jyySdTjps3b1488sgj8cgjj0Rubm506NBh7c+e3XffPa3d/ivbTjvtlPbYFi1apDVuxx13THvNdHY0T1bKnzZtWlrX2XvvvdPOlK7FixfH7NmzN+jr1rBhw9huu+3KNScnJye22mqrlDebbCw3MwAAAACw6VM0BwAAAAAqJD8/P4444og4++yzo1WrVhnNUrdu3ejTp0/069cv7TmrV6+OSZMmxaRJk9aWfLfccsvYa6+9Yq+99oouXbrEDjvsUOXF8+effz7mzp2bctyECRNi7ty50bRp0yrNU15Tp06NTz/9NOmYvffeOxo3bpz2mj169Ig777wz6Zj+/fuXu2geEXHJJZfERx99lNZOyGvMmDEjZsyYEYMGDYqIiDp16sRuu+0WXbp0iS5dukSnTp02qHh+3nnnxaBBg5Lu3vxzc+bMibfffntt8bpmzZqxyy67xN577x177bVXdO7cOerVq1fuLHPmzCnX56ayJdspukePHvHYY4/FpEmT0l6voKAgPvzww/jwww/XHmvXrl106dJl7fd5kyZNKpx3jz32iIMOOiiGDh2a9pzly5fH6NGjY/To0WuPtW7deu3zqUuXLmkXuzdEmzZt0h6bznMpNze3XCX+ijw/f2rWrFkbNH9DffXVVxtUNE9nR/f12WKLLSp8TQAAAAAoL0VzAAAAAKDcDj300HjggQciOzs701HWOvvss+PDDz9cuwt1RSxcuDDefPPNePPNNyPixx1nu3btGsccc0zssccelRU1QTol84iIpUuXxi233BL33ntvleSoqFS7mUf8WBAuj1atWkWnTp2SFtiHDRsWixYtioYNG5Zr7d122y0uvfTSlEX2ZFasWBEjR46MkSNHRkRE7dq149e//nUcc8wxcdBBB5W7dN66deu46aab4vLLL69wpuLi4rU7nj/88MORk5MTXbp0iWOOOSaOOOKIqFu3blrrLFq0qMIZKkOy74ecnJy455574rjjjitXKf/nvv766/j666/jmWeeiYgfd+E+6qij4qijjqpQcfi2226L3/zmNzF79uwKZ5o+fXpMnz49/vOf/0RExDbbbBM9e/aMY445JrbZZpsKr5tM/fr10x6bzrtV5OXllev6G7oD/8b8XE1HgwYNKjSvMt65AAAAAADStfH8KxAAAAAAsMkYMmRIjB8/PtMxEmRlZcW9994bBx98cKWtuWjRonj++efj5JNPjl69esWYMWMqbe2KeP3112PYsGEZzfBTpaWlMWDAgJTjrrvuuthhhx3K9SvVLunFxcUxePDgCuXu3bt39O3bt0Jz12flypXx9ttvx0UXXRTdunWLV199NUpKSsq1Rs+ePeN//ud/IiencvaHWbVqVYwYMSKuuuqqOOSQQ+LJJ5+MoqKilPNWrFhRKdevqFQF8m233TYef/zxDdqF/OcmTZoUf/vb3+LQQw+N//mf/4kFCxaUa36jRo3i3//+d7l2CE9l2rRp8eCDD0a3bt3ij3/8Y8yYMaPS1l4j3ZsPIiKtd3Yo7w0WG/puEStXrtyg+RtqQ252iCh/MX+NjekGLwAAAAB++fxtFAAAAABsBkaNGhVffvllWr/69euXcr2SkpK44YYbYtWqVdWQPn316tWLhx56KK688soKl/jK8sknn8TJJ58cd911V7lLxJXppptuiuXLl2fs+j81ZsyYKinApiud3dTLctFFF8XDDz8cW2+9dSUmipg5c2ZcddVV0bt371iyZEm55p5wwgnx1FNPxc4771ypmRYuXBi33npr9OrVK3744YekY1evXl2p1y6vgoKClGM6deoUL730UnTt2rVSr11cXBxPPfVUHHnkkTF69OhyzW3Tpk288MILceKJJ1ZqEbikpCT69+8fRx11VLzxxhuVtm7Ehhe9My3Tf/6k81xNZlP//AMAAACweVA0BwAAAAASHHPMMbH77runHDdx4sR48sknqyFR+WRnZ8c555wTb731Vlx00UXRsmXLSl3/H//4R1xxxRWVumZ5zJgxIx544IGMXf+n0tnNvCqNHTs2pk+fXuH5Bx98cAwcODBuvvnm2HXXXSsxWcR7770Xv/vd78pdNt99993jP//5T9x9992xzz77VGoZdfz48XH88ccnvTmgZs2alXa9iki3vLvVVlvFfffdF88991wcddRRUbt27UrLsGDBgjjzzDPj3XffLde8Bg0axM033xwDBgyI3/3ud5V6s0thYWFccskl8cwzz1Tampu6TeW5CgAAAACbssp5D04AAAAA4BflhhtuiOOOOy7l7sYPPPBAdOvWrdLL3JWhUaNG0bdv37jgggti/PjxMXLkyPjwww/jk08+iRUrVmzQ2gMHDoxdd901zjrrrEpK+6NOnTrFQQcdFPfee2/ScU888UQcffTRscMOO1Tq9cujqKgoBg8enLHrr9G/f//o27dvhefXqlUrTjzxxDjxxBNj2rRpMWLEiBg5cmR89NFHsXDhwg3K9u2338ZVV10Vf//738s1Lzs7O3r06BE9evSI2bNnx4gRI+LDDz+MkSNHxuzZszco09y5c+OSSy6JZ599NmrVqrXO+dzc3LTWueeee6J79+4blKUydO7cOTp37hwFBQUxcuTItb8mT568QesWFxfHVVddFS+//HK0bt26XHO33377uOmmm+JPf/pTjB49Oj788MP48MMPY+LEiRv0bgilpaVx6623RocOHaJTp04VXueXom7duinH5Obmxrhx46o+DAAAAAD8QimaAwAAAADr2GmnneJ3v/tdyt1zCwsL46abbop//OMf1ZSs/LKzs6Njx47RsWPH6N27dxQVFcWnn34a48aNi88++yw+//zzmDVrVrnXvfPOO6Nbt26x1VZbbXDGmjVrRp8+feL888+PGjVqxPvvvx9jxowpc/yqVaviz3/+czz77LOVuuN1eQwZMqTcu3VXhddee22DiuY/tc0228Q222wTvXr1itLS0vjyyy9j7Nix8dlnn8Vnn30W3377bbmLwu+++24MGjQoevToUaFMzZo1i9/+9rfx29/+NiJ+LK9/8skna5+7kydPjuLi4nKtOX78+HjyySfj3HPPXedckyZN0lqjsLCwXNesanl5eXHYYYfFYYcdFhER8+bNi9GjR8enn34an3/+eUyYMKHcmZcsWRI33XRTPPLIIxXKVKdOndh///1j//33j4iIxYsXxyeffBLjxo2Lzz//PMaPHx+LFy8u15rFxcVx7bXXxmuvvZax7/2NRePGjVOOWbFiRZSUlER2tjf4BQAAAICKUDQHAAAAANbr0ksvjcGDB6fc1Xno0KExePDgjWJ343TUqlUr9tprr9hrr73WHps3b16MHTs2Pvroo3jnnXfi+++/T7lOcXFxvPTSS3HRRRdtUJ5tt9027rrrrth5553XHrvhhhvi2GOPTbqj/NixY+O5556LXr16bdD1K6p///4Zue7PTZ06NcaNGxe77bZbpa6blZUVO+64Y+y4445rP8fLli2Lzz77LEaPHh1DhgyJCRMmpLXWs88+W+Gi+c9tt912sd1228Xxxx8fERErV66M8ePHx5gxY2LIkCExbty4tMrwzz777HqL5ltuuWXUqlUrioqKks6fP39+xX4D1aRJkybRrVu36NatW0RElJSUxOTJk2Ps2LExfPjw+OCDD9J6Z4Phw4fH9OnTy72r+fo0aNAgDj744Dj44IPXHps6dWqMHTs23n///Rg2bFgsXbo05TqTJ0+Ojz/+OPbee+8NzrQpa968ecoxpaWlMX/+/MjPz6+GRAAAAADwy2MLBwAAAABgvRo0aBCXXXZZWmNvueWWKCgoqOJEVadJkyZx+OGHx3XXXRfvvPNOPPjgg9GyZcuU80aMGLHB1z7yyCMTSuYRETvuuGOcdNJJKefeddddMW/evA3OUF4LFy6M4cOHV/t1yzJgwIBquU69evVi3333jYsuuihefvnlePnll6NLly4p540ZMyZWrlxZJZlq164de+yxR/Tu3TueffbZGDRoUHTt2jXlvJkzZ8a0adPWOZ6VlRXt2rVLOX/KlCkVypsp2dnZscMOO8RJJ50UDz30UAwbNiz69OkTNWrUSDl35MiRVZarTZs28dvf/jbuvPPOGD58eFxzzTWRm5ubcl5l/OzZ1KXzPI34scwPAAAAAFSMojkAAAAAUKYTTjghdtlll5Tj5s6dG3feeWc1JKp62dnZcdhhh8VLL72UchfcqizbXnLJJbHlllsmHbNkyZK49dZbqyxDWQYNGhTFxcVJx+Tn58fEiRPjyy+/3KBf//znPyslT1Xo0KFDPPnkk7H//vsnHbd69er47rvvqiXTtttuG/fdd1+ccMIJKceW9fz9+Y0P6/P555+XO9vGpGHDhnHppZfG7bffnnLst99+Ww2JIurWrRtnnnlmPProo5Gdnfyfbza1on9VaNu2bdSuXTvluM8++6wa0gAAAADAL5OiOQAAAABQpuzs7LjhhhsiKysr5djnnnsuPv3002pIlZ415d7Vq1dXaH6jRo1SlnWXLl1aobXT0aBBg7j88stTjhs4cGC89957VZZjfdLZQbxbt24py7Lp2G+//aJhw4ZJx2zoDuuzZ8+OJUuWVGhudnZ2nHPOOSnHlXf9BQsWxIIFCyqUKSLivPPOSzmmrEz77rtvyrmTJ0+OGTNmlDtXZVu2bFl8//33FZ5/9NFHx1ZbbZV0THm/z1euXBnTp0+vcKY999wzdt9990rN9EtUs2bN2GuvvVKOGzp0aNWH+YUqKSnJdAQAAAAAMiwn0wEAAAAAgI1bp06d4re//W28/PLLSceVlJTEDTfcEP/5z38iJ6f6/upx3rx5MXXq1JgyZUpMmTJl7cfTp0+P4uLieOSRR+KAAw6o0NpNmjRJer6qf5/HH398PP/88yl3j/7LX/4S//3vf6NOnTpVmiciYtq0aTFu3LiU43r06FEp16tZs2Ycfvjh8eKLLyYd179//zj00EPLPF9QULD2+bHmObLm42XLlsW5554bV1xxRYUyptr5PuLH38fPLV++PKZNm5bw3F3za/HixdGjR4+4++67K5Qp1XM3ouzn769//euoWbNmyl3in3zyybj22mvTzvT666/HP//5z2jcuHE0btw4GjVqFI0aNVr7cePGjaNNmzaRl5eXMG/VqlUxY8aMhO/vNR/PmTMnmjZtGsOGDavwjQ1NmjSJWbNmlXl+fZ+nkpKSmDlz5nqfT7NmzYqcnJwYMWJE1K9fv8KZkqnOn7Ebs0MOOSTef//9pGNGjRoVEydOjJ122intda+88sqYMWNGwnPz5//dfvvtNzT+Rq+iN+AAAAAA8MvhbyIBAAAAgJSuuOKKeOutt1Luojtp0qR4/PHH49xzz62mZBGnn356fPPNN2Wef+yxxypcNJ80aVLS882bN6/QuunKysqKG264IU488cQoLS0tc9z06dPjoYceij/84Q9Vmifix0J3KltttVV07ty50q7ZvXv3lEXzoUOHxtKlS8ss9v7tb3+L5557rsz5L730Upxzzjkpd09fn4kTJ6Ycs77nylNPPRV33nlnmXPeeuutmDp1arRp06ZKMpW1k3eDBg3i0EMPjddffz3p/Oeffz6OO+642HHHHVNeq6SkJP7+978n/Z7Kzs6OwYMHr1M0nzBhQpx44ollzpszZ04MGDAgfvOb36TM8XPLly+PqVOnJh2zvs/TvHnz4ogjjihzx+eioqJ48skno2/fvuXOVFpaGl9++WW5M22OjjzyyLj99tujqKiozDGlpaVxyy23xBNPPJFWQf/zzz+P1157LenP3D333DP+93//t0KZNxbpvFPJ1KlTY8WKFdVyExMAAAAAG6cNf99SAAAAAOAXr3HjxnHRRRelNfbBBx+MGTNmVHGi/5Nq5+yRI0fG/fffX+51P/nkk5Sl6t12263c65ZXx44d47jjjks57l//+ldMnjy5yvMMGDAg5Zju3bunVWJM1z777BONGjVKOmblypVJi9FHHnlk0vkLFy6MK664IlauXFmubPPnz0/5/GrRokU0bdp0neOpnrvFxcVx2WWXxaJFi8qVqbCwMPr165d0TO3atZMWxM8+++yU11m5cmX06dMnpkyZknRcaWlp3HrrrSlv3Ojatet6S/WdOnWKVq1aJZ176623xoQJE1Jm/rk777wz5Q00nTp1WudY06ZNY88990w67x//+Ee899575c70xBNPpPycri/T5qhhw4Zx7LHHphw3atSouPbaa5MW0iMi5s6dG1dccUXSknlERO/evcuVc2OUm5ubckxRUVG89tpr1ZAGAAAAgI2VojkAAAAAkJZTTjkl2rdvn3Lc8uXL46abbqqGRD865phjombNmknHPPDAA3HWWWfFkCFDoqCgoMxxRUVF8dlnn8X//M//xOmnn56ydJyqKFxZLr/88mjQoEHSMcXFxfHnP/85ZUFyQ4wZMyamT5+eclz37t0r9bo1atSII444IuW4ZDcG7Lnnnil3Bn/vvffi6KOPjpdeeinmzZtX5rjS0tKYOnVqPPLII9GzZ8+YNm1a0nXLep60atUq9t1336Rzv/jii+jZs2f8+9//ju+//z7p2O+//z6eeeaZOOqoo2Ls2LFJxx5yyCFJi6adOnWKQw89NOkaa6557LHHxiOPPLLO56ykpCSGDh0ap59+ejz11FNJ16lVq1ZcfvnlZZ5PdbPF4sWL46STTop+/frFpEmTYvXq1WWOXbRoUbzxxhtxyimnpMzVrFmzMgvlxx9/fNK5RUVF0bt377j++uvj008/jeLi4jLHFhQUxLBhw6JPnz5x++23J123Tp06ccghhyQdszm54IILom7duinHvfrqq3HSSSfF22+/vc7XYvHixfHoo4/Gb3/725Q73P/qV7+KAw88cEMibxTSffeG22+/Pd555511ji9YsKCSEwEAAACwMUr9HoEAAAAAABGRk5MT119/fZx22mkpxw4bNiwGDRpULUXs1q1bx2mnnRb/+te/ko4bMWJEjBgxIrKysiI/Pz+23HLLqFOnTkT8WPJcunRpLFy4MGkZ9Kd23333OOCAAzY4fzoaNWoUF198cdx8881Jx40ZMyZefPHFOPHEE6skR6od3iN+LE937Nix0q/dvXv3eO6555KOGT16dMycOTNatmy5zrns7Oy4+uqr4/zzz0+6xtSpU+Paa6+NiB+LmE2aNInc3NzIycmJZcuWRUFBQSxcuDCWL1+eVu6GDRvGmWeeWeb5q6++Oo499tikxei5c+fGLbfcErfcckvUr18/8vPzo169epGTkxPLly+PpUuXxqJFi2LZsmVpZapVq1ZccMEFKcfdcMMN8fHHH6fc8buwsDDuuOOOuPvuu6Np06bRuHHjWLJkSfzwww8pd5Be45JLLonWrVuXef6ss86KF154IWbNmlXmmKKionjsscfisccei9q1a0fTpk1jiy22iFq1akVRUVEsXbo0lixZUq4d4vv27Rs5Oev/p5Sjjz46nnrqqfj888/LnF9SUhIvvPBCvPDCC1GzZs1o2rRpNGjQIGrVqhWrVq1a+7NnwYIFad8kcuaZZ8aWW26Z9u/hl65Zs2Zx+eWXp/z5GBExYcKEuPDCCyM3NzeaN28edevWjTlz5sS8efPS+vzn5eXFjTfeWAmpM69FixZRt27dKCwsTDquoKAgLrjggmjWrFlsvfXWsXz58pg1a1bk5+en9WcCAAAAAJs2RXMAAAAAIG1dunSJI488MgYOHJhy7K233hq//vWvo379+lWe68ILL4x333035U60ET/uRj1nzpyYM2dOha+Xl5cXf/vb3yIrK6vCa5RXr1694sUXX4xJkyYlHXfHHXfEoYceGo0bN67U6xcVFcXrr7+eclxV3VzQpUuXyM/Pj7lz55Y5prS0NF577bUyy+QHH3xw2s/fiB93vi5PKXl9br755sjPzy/z/I477hi///3v45///Gda6y1dujRl8TuVP/zhD2m9O0Hz5s3jzjvvjD59+iQtwq+xevXqmDVrVtIy+Poccsgh8fvf/z7pmNzc3LjxxhvjggsuSCvLypUr09p9P5mDDz446U0bWVlZ8Ze//CVOOeWUtG48KC4ujpkzZ8bMmTMrnKlDhw7Rt2/fCs//pTr11FNj7Nix8d///jet8cuXL48pU6aU6xpZWVlxyy23xNZbb12RiBudGjVqxJ577hnDhw9Pa/zs2bNj9uzZax8n+7kGAAAAwC9HdqYDAAAAAACblquuuirq1q2bctzcuXPjjjvuqIZEPxa/H3/88WjRokWVX6tBgwbx0EMPRatWrar8Wj9Vo0aNuP7661OOW7x4cdx2222Vfv2hQ4fG4sWLU46rqqJ5dnZ2dO3aNeW4AQMGJD1/++23x/77719ZscqUnZ0d11xzTRxxxBEpx/7hD3+IY489tsozRfy4M3iyHdZ/7sADD4x+/fqVuav3hjrssMPi3nvvTeumjYMOOihuvvnmarnBY++9945+/fqlHNehQ4d44IEHombNmlWeaYcddoiHHnqoWq61KbrtttvS+n6riJycnOjXr19069atStbPlJNOOinTEQAAAADYyCmaAwAAAADl0qxZs+jTp09aY59//vkYN25c1Qb6/1q0aBHPPvts7LPPPlV2jfbt28ezzz4be++9d5VdI5k999wzjjrqqJTjXnvttRgxYkSlXrt///4px7Rp0yZ22mmnSr3uT3Xv3j3lmG+++SbGjx9f5vlatWrFQw89FKeeemqVFZYbNWoU999/f9qF7jU7JV9yySVVVuiuW7du/OUvf4mrr7663L/vnj17xuOPPx5NmzattDw5OTlx/vnnx7333hu1atVKe95xxx0XDzzwQGy55ZaVluWnsrOz46STTorHHnsstthii7Tm7L///vHkk09W6c0nRxxxRDzzzDPRvHnzKrvGpq5WrVpxzz33xPnnnx/Z2ZX3z18tWrSIRx99NI4++uhKW3Njccghh8Svf/3rTMcAAAAAYCOmaA4AAAAAlNuZZ54Zbdq0STmutLQ0rr/++li1alXVh4qI5s2bxxNPPBE33XRTbLPNNpW2bsuWLePWW2+N/v37R9u2bStt3Yr44x//GPXq1Us57sYbb4yVK1dWyjUXLVoUw4YNSzmuqnYzX2OPPfaIZs2apRyXqhRfu3btuP766+Pxxx+Pvfbaq7LiRb169aJPnz7x1ltvxWGHHVauudnZ2XHBBRfECy+8EAcffHClleBr164dJ598crz99tsbtHtxly5dYuDAgXHWWWdF7dq1NyjTfvvtFy+88EJcdtllFSrWH3bYYfHf//43evXqFbm5uRuUZY2srKw44IAD4pVXXom//OUv5d41fI899oj+/ftH7969o0GDBpWSKSKic+fO8fTTT8f9998feXl5lbbuL1WNGjXisssuixdeeCG6dOmyQWvVq1cvzjrrrHjttddi3333raSEG5esrKy44447Yvfdd890FAAAAAA2UlWzNQoAAAAA8ItWq1atuPbaa+Pcc89NOfarr76Kf/3rX9G7d+9qSPZjce53v/tdnHDCCfHee+/FkCFDYuTIkTFlypS018jJyYltttkm9ttvv+jWrVvsscceVbb7dXk1bdo0LrzwwujXr1/ScdOmTYuHHnooLrvssg2+5qBBg6K4uDjluKoummdlZUW3bt3iySefTDpu4MCBcdVVV6UsMe+7776x7777xsSJE+P111+PkSNHxvjx48t1Y8RWW20Ve+yxR3Tr1i0OOOCADS5hd+jQIR5++OGYOnVqDBo0KD788MMYN25cFBUVpb1Gfn5+dOrUKY444og49NBDK62gvMUWW8TVV18d5513XvTv3z/efvvtGDduXFrPjWbNmsUhhxwSJ598crRv336DszRp0iRuvPHGuPTSS2PgwIExYsSIGDVqVCxevDjtNfLy8mKnnXaKww47LLp167bBu4Xn5eXF5ZdfHhdccEEMHjw4Pvjgg/joo49i7ty5aa+Rm5sb7du3j4MOOii6d+8e22677QZl2lztuuuu8dRTT8X48ePj1VdfjWHDhsV3332Xcl52dnbssssu0aNHjzj++OOjfv361ZA2sxo2bBj//ve/48knn4wnnngi5fO1Zs2ascsuu0TPnj2rKSEAAAAAmZRVWlpamukQAAAAAABVraCgIGbMmBEzZsyIBQsWRGFhYaxcuTJKSkqibt26Ua9evcjLy4ttttkm2rZtG7Vq1cp0ZDKgqKho7fNkzpw5sXz58li+fHkUFxdHbm5u5OXlRb169aJZs2axww47VEsRtbi4OGbNmhUzZsyIH374IQoLC2P58uVRVFQUderUiXr16kW9evUiPz8/2rdvH40aNaryTGsUFRXFV199Fd99913MnTs3VqxYEatWrYpatWpFgwYNonnz5tGuXbto0aJFlWcpLS2NOXPmxPTp02PWrFmxdOnSWLFiRaxYsSJycnLWfp623HLLaNu2bbRq1arKM0VEzJs3L2bOnBkzZ86MxYsXr82UnZ29NlODBg1iu+22i6233jqys70ZbVVYsGBBfPnllzFr1qxYuHBhrFy5MrKysiI3NzcaNWoUrVq1ivbt22/WO8eXlJTEl19+GV988cXaz1GtWrUiLy8v8vPzo1WrVtG2bdty7/gPAAAAwKZL0RwAAAAAAAAAAAAAgAS2xQAAAAAAAAAAAAAAIIGiOQAAAAAAAAAAAAAACRTNAQAAAAAAAAAAAABIoGgOAAAAAAAAAAAAAEACRXMAAAAAAAAAAAAAABIomgMAAAAAAAAAAAAAkEDRHAAAAAAAAAAAAACABIrmAAAAAAAAAAAAAAAkUDQHAAAAAAAAAAAAACCBojkAAAAAAAAAAAAAAAkUzQEAAAAAAAAAAAAASKBoDgAAAAAAAAAAAABAAkVzAAAAAAAAAAAAAAASKJoDAAAAAAAAAAAAAJBA0RwAAAAAAAAAAAAAgASK5gAAAAAAAAAAAAAAJFA0BwAAAAAAAAAAAAAggaI5AAAAAAAAAAAAAAAJFM0BAAAAAAAAAAAAAEigaA4AAAAAAAAAAAAAQAJFcwAAAAAAAAAAAAAAEiiaAwAAAAAAAAAAAACQQNEcAAAAAAAAAAAAAIAEiuYAAAAAAAAAAAAAACRQNAcAAAAAAAAAAAAAIIGiOQAAAAAAAAAAAAAACRTNAQAAAAAAAAAAAABIoGgOAAAAAAAAAAAAAEACRXMAAAAAAAAAAAAAABIomgMAAAAAAAAAAAAAkEDRHAAAAAAAAAAAAACABIrmAAAAAAAAAAAAAAAkUDQHAAAAAAAAAAAAACCBojkAAAAAAAAAAAAAAAkUzQEAAAAAAAAAAAAASKBoDgAAAAAAAAAAAABAAkVzAAAAAAAAAAAAAAASKJoDAAAAAAAAAAAAAJBA0RwAAAAAAAAAAAAAgASK5gAAAAAAAAAAAAAAJFA0BwAAAAAAAAAAAAAggaI5AAAAAAAAAAAAAAAJFM0BAAAAAAAAAAAAAEigaA4AAAAAAAAAAAAAQAJFcwAAAAAAAAAAAAAAEiiaAwAAAAAAAAAAAACQQNEcAAAAAAAAAAAAAIAEiuYAAAAAAAAAAAAAACRQNAcAAAAAAAAAAAAAIIGiOQAAAAAAAAAAAAAACRTNAQAAAAAAAAAAAABIoGgOAAAAAAAAAAAAAEACRXMAAAAAAAAAAAAAABIomgMAAAAAAAAAAAAAkEDRHAAAAAAAAAAAAACABIrmAAAAAAAAAAAAAAAkUDQHAAAAAAAAAAAAACCBojkAAAAAAAAAAAAAAAkUzQEAAAAAAAAAAAAASKBoDgAAAAAAAAAAAABAAkVzAAAAAAAAAAAAAAASKJoDAAAAAAAAAAAAAJBA0RwAAAAAAAAAAAAAgASK5gAAAAAAAAAAAAAAJFA0BwAAAAAAAAAAAAAggaI5AAAAAAAAAAAAAAAJFM0BAAAAAAAAAAAAAEigaA4AAAAAAAAAAAAAQAJFcwAAAAAAAAAAAAAAEiiaAwAAAAAAAAAAAACQQNEcAAAAAAAAAAAAAIAEiuYAAAAAAAAAAAAAACRQNAcAAAAAAAAAAAAAIIGiOQAAAAAAAAAAAAAACRTNAQAAAAAAAAAAAABIoGgOAAAAAAAAAAAAAEACRXMAAAAAAAAAAAAAABIomgMAAAAAAAAAAAAAkEDRHAAAAAAAAAAAAACABIrmAAAAAAAAAAAAAAAkUDQHAAAAAAAAAAAAACBBTqYDsOmbO3dppiMAbJKysrKiSZO8hGPz5hVEaWlphhIBAJsCryEAgIryOgIAqAivIQCAivI6AqBy5efXr/Zr2tEcAAAAAAAAAAAAAIAEiuYAAAAAAAAAAAAAACRQNAcAAAAAAAAAAAAAIIGiOQAAAAAAAAAAAAAACRTNAQAAAAAAAAAAAABIoGgOAAAAAAAAAAAAAEACRXMAAAAAAAAAAAAAABIomgMAAAAAAAAAAAAAkEDRHAAAAAAAAAAAAACABIrmAAAAAAAAAAAAAAAkUDQHAAAAAAAAAAAAACCBojkAAAAAAAAAAAAAAAkUzQEAAAAAAAAAAAAASKBoDgAAAAAAAAAAAABAAkVzAAAAAAAAAAAAAAASKJoDAAAAAAAAAAAAAJBA0RwAAAAAAAAAAAAAgAQ5mQ4AAJub776bGu+881ZMnDghpk2bEkuWLInly5dH7dq1o169vGjZslXssMNO8atf/Tp22233yMrKynRkAAAAAAAAAAAANjOK5gBQTWbOnBH33ntHjBjx/nrPr1q1KpYtWxZz5syOsWPHxHPPPR1bb71NXHrpldGlyz7VnBYAAAAAAAAAAIDNWXamAwDA5uCLL8bHOeecXmbJvCzffTct/vCHvvH88/9bRckAAAAAAAAAAABgXYrmAFDFCgoK4pprroilS5dUeI377787xo4dU4mpAAAAAAAAAAAAoGyK5gBQxV566bmYP3/eOsfr1q0X119/fQwZMiQ+++yzGDFiRNxyy9+ideut17vOY4/9o6qjAgAAAAAAAAAAQERE5GQ6AAD80g0fPmS9x//whz/GqaeetPZx7dq146CDDonttmsbp512YqxatSph/GefjYslS5bEFltsUaV5AQAAAAAAAAAAwI7mAFDFZsyYsc6xGjVqxOGHd1vv+Natt45ddum4zvGSkpL44YfvKz0fAAAAAAAAAAAA/JyiOQBUsZKS1esca9iwYeTklP3GIo0bN1nv8Z/vcg4AAAAAAAAAAABVQdEcAKpYmzbbrXNs0aJFUVxcXOacRYsWrnOsRo0asfXWbSozGgAAAAAAAAAAAKyXojkAVLGuXXusc2z16tXx5puD1zt+7tw5MX78Z+sc32+//SMvL6/S8wEAAAAAAAAAAMDPKZoDQBX7zW+Oi+23b7/O8TvuuC0effTR+P7772PVqlWxZMmSeP/94XHJJX1i5cqVCWNzc+vGBRdcUl2RAQAAAAAAAAAA2MxllZaWlmY6BJu2uXOXZjoCwEZvwYL5cdVVl8XEiV+Ue27jxo3j5pv/Gh077lb5wQCATU5WVlY0aZL4Lifz5hWE/70HAFLxOgIAqAivIQCAivI6AqBy5efXr/Zr5lT7FQFgM9SoUeP4+9//Ff/976sxcOCA+PLLSVFSUpJ0zvbbt48DDzwkjjvud1G/fvW/SAAAAAAAAAAAAGDzlZ3pAACwuSgtLY2srOyoXbtOZGVlpRy/YsWKWLJkcSxZsrga0gEAAAAAAAAAAMD/saM5AFSD776bGtdcc0VMmzY17TnTp38X06d/F6+++p84//yL4sQTe1VdQAAAAAAAAAAAAPgJRXMAqGJz586JCy/sHQsXLkg4Xq9evejbt28cfvjhkZ+fH4sXL4633x4Wjz/+SEyf/t3acUVFRXHffXdGRCibAwAAAAAAAAAAUC2yMx0AAH7p7rzz9nVK5jVq1Ii77nowzj777GjdunXUqVMnmjVrFl279oh//vPJaN1663XW+fvf74sffphVXbEBAAAAAAAAAADYjCmaA0AVmjZtarz//vB1jh922BGxyy67rndO/fr144wzfr/O8eLi4ujf/+VKzwgAAAAAAAAAAAA/p2gOAFXoo48+XO/xjh07J53XocP6S+ijR3+0wZkAAAAAAAAAAAAgFUVzAKhC338/c73HmzZtmnReWed/+OGHDc4EAAAAAAAAAAAAqSiaA0AVKipaud7jq1atSjpv5cr1zysuLtrgTAAAAAAAAAAAAJCKojkAVKEGDRqu9/j8+fOSzps/f3651gMAAAAAAAAAAIDKpGgOAFWoTZtt13v8888/SzpvwoTPy7UeAAAAAAAAAAAAVCZFcwCoQnvttXdkZ6/7x+0777wZX3315XrnFBYWxrPPPrXec1267Fup+QAAAAAAAAAAAGB9cjIdgEQFBQXx2muvxUcffRQTJkyIRYsWRWFhYeTl5UXDhg1jl112ib333jt69OgReXl5mY4LQAqNGjWOww/vFm+8MSjh+KpVq+Lii8+Pvn0vjEMPPTTy8/OjsLAw3nvvw3j00Ydj2rSp66zVsGHD6N79yGpKDgAAAAAAAAAAwOYsq7S0tDTTIYhYvXp1/Otf/4q///3vsWzZspTj69WrF+eff378/ve/jxo1alRDwrLNnbs0o9cH2NjNmTM7zjnn9FiwYP4GrXP99TdF1649KikVALCpysrKiiZNEm88njevIPzvPQCQitcRAEBFeA0BAFSU1xEAlSs/v361XzO72q/IOoqLi+PCCy+MO+64I6FkXqtWrdhuu+2iQ4cO0aZNm4RC+bJly+LOO++MCy64IIqLizMRG4A0NW3aLPr1uzsaN25cofnZ2dnRp89FSuYAAAAAAAAAAABUG0XzjcBdd90VQ4YMWfu4ZcuWce+998aYMWNi8ODB8fLLL8cbb7wRo0ePjttuuy2hqDh06NC4++67MxEbgHLYcced44knnouuXbuX650o2rffIe699+9xyilnVGE6AAAAAAAAAAAASJRV6n0oMmr27NlxyCGHxKpVqyIionnz5vHyyy8n3fX2u+++i2OPPTaWLl0aERE1a9aMYcOGVXin3A01d+7SjFwXYFM1Z87sGDLk7fj8889i6tRvYtGiRVFQUBC1a9eOvLz6sdVWLWKXXTrGvvv+Kjp16pzpuADARsbbTAIAFeV1BABQEV5DAAAV5XUEQOXKz69f7dfMqfYrkuDtt99eWzKPiPj973+fsjC+9dZbx3HHHRdPPPFEREQUFxfHu+++GyeccEJVRgWgkjRt2ix+97tT4qSTTvU/VAAAAAAAAAAAAGyUsjMdYHM3ZcqUhMd77rlnWvP22GOPhMdTp06trEgAAAAAAAAAAAAAwGZO0TzDiouLEx7Xrl07rXm5ublJ1wEAAAAAAAAAAAAAqChF8wxr1apVwuOZM2emNW/u3LkJj7feeutKywQAAAAAAAAAAAAAbN4UzTPswAMPTHg8dOjQtOZ9/PHHaz/OyspaZx0AAAAAAAAAAAAAgIrKyXSAzV379u3jiCOOiDfffDMiIp5//vk49NBD41e/+lWZc0aMGBEDBgxY+/jII4+M1q1bV3nWsmRlZWXs2gCbsvX9+PzxmJ+rAEDZvIYAACrK6wgAoCK8hgAAKsrrCIBNX1ZpaWlppkNs7hYsWBAnn3xyTJkyJSIiatasGSeeeGIceeSR0a5du6hXr14sW7Ysvvnmmxg0aFA899xzUVxcHBER22+/fTz99NPRsGHDDP4OAAAAAAAAAAAAAIBfEkXzjcTixYvjpptuioEDB0Y6X5KcnJw45phj4pprron69etXQ0IAAAAAAAAAAAAAYHOhaL4RKSkpiZdffjnuvPPOWLBgQZnjWrZsGRdddFEcddRRkZOTU40JIdFe//g60xEAYB2jzmuX6QgAAAAAAAAAALDJUzTfSHz00Ufx5z//OaZMmbL2WE5OTrRo0SLq168fBQUFMWvWrCgqKlp7vmnTpvHHP/4xjjrqqExEBkVzADZKiuYAAAAAAAAAALDhbIe9ERg4cGBceeWVsXr16oiIyM/Pj4svvji6d+8e9evXXztu+fLlMXz48Lj//vtj8uTJMWfOnLjiiiti2rRp0bdv30zFj3nzCjJ2bQCAn/PaBPily8qKaNw4L+HY/PkF4TZyACAVryMAgIrwGgIAqCivIwAqV5MmeakHVTJF8wybMmVK/OlPf1pbMt96663j6aefjmbNmq0zNjc3N7p27RoHHHBA9OnTJz788MOIiHjggQdi9913j/32269as69hU3wAYGPitQnwy5e1zpHSUj//AIB0eB0BAFSE1xAAQEV5HQGwqcvOdIDN3QMPPBArVqxY+/i2225bb8n8p3Jzc6Nfv35Rs2bNiPjxD97777+/SnMCAAAAAAAAAAAAAJsPRfMMKioqinfffXft42233Tb23HPPtOY2bdo09tlnn7WPx44dG/Pnz6/0jAAAAAAAAAAAAADA5kfRPIO+++67KCwsXPt45513Ltf87bfffu3HpaWl8dVXX1VaNgAAAAAAAAAAAABg86VonkGLFy9OeJybm1uu+bVq1Up4vHTp0g3OBAAAAAAAAAAAAACgaJ5BeXl5CY8XLVpUrvk/H1+/fv0NTAQAAAAAAAAAAAAAoGieUS1atIjs7P/7EkycOLFc87/88suEx61ataqUXAAAAAAAAAAAAADA5k3RPIPq168fHTp0WPt45syZMXLkyLTmTp8+PcaNG7f2cevWraN169aVHREAAAAAAAAAAAAA2AwpmmfYSSedlPD4xhtvjAULFiSdU1RUFNddd12UlpauPdarV68qyQcAAAAAAAAAAAAAbH4UzTPsN7/5Tey6665rH0+ZMiWOP/74ePXVV2PZsmUJY4uLi+P999+Pk046KWHn82233TZOPvnkassMAAAAAAAAAAAAAPyyZZX+dFtsMmLu3LlxxhlnxDfffJNwPCcnJ1q2bBl5eXmxfPnymDVrVixfvjxhTPPmzePJJ5+MNm3aVGPiRHPnLs3YtcmsHi/PznQEAFjHoGObZToCQJXKysqKJk3yEo7Nm1cQ/vceAEjF6wgAoCK8hgAAKsrrCIDKlZ9fv9qvaUfzjUB+fn689NJLccopp0StWrXWHl+1alVMmzYtJkyYEN9++21CyTw7Ozt69uwZr776akZL5gAAAAAAAAAAAADAL09OpgPwo7p168YNN9wQffr0iYEDB8bo0aPjyy+/jMWLF8eyZcsiNzc3tthii2jXrl3svvvuceSRR0br1q0zHRsAAAAAAAAAAAAA+AVSNN/I5Ofnx5lnnhlnnnlmpqMAAAAAAAAAAAAAAJup7EwHAAAAAAAAAAAAAABg46JoDgAAAAAAAAAAAABAAkVzAAAAAAAAAAAAAAASKJoDAAAAAAAAAAAAAJBA0RwAAAAAAAAAAAAAgASK5gAAAAAAAAAAAAAAJFA0BwAAAAAAAAAAAAAggaI5AAAAAAAAAAAAAAAJFM0BAAAAAAAAAAAAAEigaA4AAAAAAAAAAAAAQAJFcwAAAAAAAAAAAAAAEiiaAwAAAAAAAAAAAACQQNEcAAAAAAAAAAAAAIAEiuYAAAAAAAAAAAAAACRQNAcAAAAAAAAAAAAAIIGiOQAAAAAAAAAAAAAACRTNAQAAAAAAAAAAAABIoGgOAAAAAAAAAAAAAEACRXMAAAAAAAAAAAAAABIomgMAAAAAAAAAAAAAkEDRHAAAAAAAAAAAAACABIrmAAAAAAAAAAAAAAAkUDQHAAAAAAAAAAAAACCBojkAAAAAAAAAAAAAAAkUzQEAAAAAAAAAAAAASKBoDgAAAAAAAAAAAABAAkVzAAAAAAAAAAAAAAASKJoDAAAAAAAAAAAAAJBA0RwAAAAAAAAAAAAAgASK5gAAAAAAAAAAAAAAJFA0BwAAAAAAAAAAAAAggaI5AAAAAAAAAAAAAAAJFM0BAAAAAAAAAAAAAEigaA4AAAAAAAAAAAAAQAJFcwAAAAAAAAAAAAAAEiiaAwAAAAAAAAAAAACQQNEcAAAAAAAAAAAAAIAEiuYAAAAAAAAAAAAAACRQNAcAAAAAAAAAAAAAIIGiOQAAAAAAAAAAAAAACRTNAQAAAAAAAAAAAABIoGgOAAAAAAAAAAAAAEACRXMAAAAAAAAAAAAAABIomgMAAAAAAAAAAAAAkEDRHAAAAAAAAAAAAACABIrmAAAAAAAAAAAAAAAkUDQHAAAAAAAAAAAAACCBojkAAAAAAAAAAAAAAAkUzQEAAAAAAAAAAAAASKBoDgAAAAAAAAAAAABAAkVzAAAAAAAAAAAAAAASKJoDAAAAAAAAAAAAAJBA0RwAAAAAAAAAAAAAgASK5gAAAAAAAAAAAAAAJFA0BwAAAAAAAAAAAAAggaI5AAAAAAAAAAAAAAAJFM0BAAAAAAAAAAAAAEigaA4AAAAAAAAAAAAAQAJFcwAAAAAAAAAAAAAAEiiaAwAAAAAAAAAAAACQQNEcAAAAAAAAAAAAAIAEiuYAAAAAAAAAAAAAACRQNAcAAAAAAAAAAAAAIIGiOQAAAAAAAAAAAAAACRTNAQAAAAAAAAAAAABIoGgOAAAAAAAAAAAAAEACRXMAAAAAAAAAAAAAABIomgMAAAAAAAAAAAAAkEDRHAAAAAAAAAAAAACABIrmAAAAAAAAAAAAAAAkUDQHAAAAAAAAAAAAACCBojkAAAAAAAAAAAAAAAkUzQEAAAAAAAAAAAAASKBoDgAAAAAAAAAAAABAAkVzAAAAAAAAAAAAAAASKJoDAAAAAAAAAAAAAJBA0RwAAAAAAAAAAAAAgASK5gAAAAAAAAAAAAAAJFA0BwAAAAAAAAAAAAAggaI5AAAAAAAAAAAAAAAJFM0BAAAAAAAAAAAAAEigaA4AAAAAAAAAAAAAQAJFcwAAAAAAAAAAAAAAEiiaAwAAAAAAAAAAAACQICfTAQAAAAAAAACAzPrkk9Fx8cXnV9p69933cOy++56Vth4AAADVz47mAAAAAAAAAAAAAAAkUDQHAAAAAAAAAAAAACCBojkAAAAAAAAAAAAAAAkUzQEAAAAAAACASlWjRo1MRwAAAGAD5WQ6AAAAAAAAAACQWbvvvme8//7odY5nZWVFkyZ5CcfmzSuI0tLSiIgYPPi/ccstNyacb9u2XXTosGuVZQUAAKB62NEcAAAAAAAAACi3efPmxr333plwLCsrK6644prIybHvHQAAwKZO0RwAAAAAAAAAKLd+/W6NgoKlCceOPPLo2HXXThlKBAAAQGVSNAcAAAAAAAAAymXw4P/GiBHvJRxr0KBB9OlzUYYSAQAAUNkUzQEAAAAAAACAtM2dOzfuvffOdY736XNxNGjQsPoDAQAAUCUUzQEAAAAAAACAtPXr9z9RULA04diuu3aKI488OkOJAAAAqAqK5gAAAAAAAABAWl5//fUYMeL9hGNZWVlxySWXR1ZWVoZSAQAAUBUUzQEAAAAAAACAlAoLC+P2229f5/hhh3WNHXfcOQOJAAAAqEqK5gAAAAAAAABASg8//HDMmjUr4VjNmjXjvPMuzFAiAAAAqpKiOQAAAAAAAACQ1Jw5c+LJJ59c53i3bj2jefOtMpAIAACAqqZoDgAAAAAAAAAk9fDDD8eKFSsSjtWoUSNOPfWMDCUCAACgqimaAwAAAAAAAABl+uGHH+KFF15Y5/hBBx0aLVu2ykAiAAAAqoOiOQAAAAAAAABQpmeffTaKi4vXOX7MMcdmIA0AAADVRdEcAAAAAAAAAFiv4uLiePHFF9c53rJlq+jceY8MJAIAAKC6KJoDAAAAAAAAAOs1bNiQmD9//jrHu3U7MrKysjKQCAAAgOqiaA4AAAAAAAAArNewYe+s9/ivfvXrak4CAABAdVM0BwAAAAAAAADWUVRUFCNHfrjO8caNm0T79jtmIBEAAADVSdEcAAAAAAAAAFjHuHGfRGHhsnWOd+myTwbSAAAAUN0UzQEAAAAAAACAdUycOGG9x9u336GakwAAAJAJOZkOsDk75JBDYubMmZWy1pdfflkp6wAAAAAAAABARMTkyev/d+i2bdtVcxIAAAAywY7mAAAAAAAAAMA6vv766/Ue33bbttWcBAAAgEywo3kG7bTTTtGkSZMKzZ05c2bMmzcvIiLq1KlTmbEAAAAAAAAAIBYsmL/e4w0aNKzeIAAAAGSEonkGPfjggxWat3Tp0ujevfvax3369KmsSAAAAAAAAAAQJSUlsXx54TrHc3Nzo0aNGlFaWpqBVAAAAFSn7EwHoPzuvPPOmDt3bkREtGvXLn7/+99nOBEAAAAAAAAAvyTLli1bb5k8Ly8vA2kAAADIBDuab2LGjRsXzz///NrHN954Y9SsWTODiQAAAAAAAAD4palfv368//7oyMrKiiZNEsvl8+YVZCgVAAAA1cmO5puQVatWxQ033BAlJSUREXHMMcfEXnvtleFUAAAAAAAAAAAAAMAvjaL5JuSJJ56IL7/8MiIi6tWrF1deeWWGEwEAAAAAAAAAAAAAv0SK5puImTNnxgMPPLD2cd++fSM/Pz+DiQAAAAAAAAAAAACAXypF803E3/72t1i+fHlERGyzzTZx2mmnZTgRAAAAAAAAAAAAAPBLlZPpAKQ2fvz4eP3119c+vvTSS6NmzZoZTJQoKysr0xEAANby2gT4pVvfj7kfj/n5BwAk53UEAFARXkMAABXldQTApk/RfBNw5513RmlpaUREdOjQIbp3757hRImaNMnLdAQAgLW8NgE2R40b+9kHAFSM1xEAQEV4DQEAVJTXEQCbluxMByC5UaNGxYgRI9Y+vvjii+3SCQAAAAAAAAAAAABUKTuab+QeeeSRtR+3a9cuDjzwwAymAQAAAAAAgE1PwWONMx0BABLk/X5+piMAAEBKdjTfiH311VcxfPjwtY/PPPNMu5kDAAAAAAAAAAAAAFXOjuYbsSeeeCJKS0sjIqJhw4ZxzDHHZDjR+s2bV5DpCAAAa3ltAvzSZWVFNG6cl3Bs/vyC+P//+wgAUCavI4DNWZ1MBwCAn/HvGcDmwN9FAFSuJk3yUg+qZIrmG6lly5bF4MGD1z7u3r171KpVK4OJylbqT34AYCPitQnwy7fuO12Vlvr5BwCkw+sIAADYWHgdDmwe/F0EwKYuO9MBWL833ngjCgsL1z4+6qijMpgGAAAAAAAAAAAAANicKJpvpF599dW1H7ds2TJ23333zIUBAAAAAAAAAAAAADYriuYbocWLF8fo0aPXPt5///0jK2vdtxEBAAAAAAAAAAAAAKgKiuYboQ8++CBWr1699vE+++yTwTQAAAAAAAAAAAAAwOZG0Xwj9N577639OCsrS9EcAAAAAAAAAAAAAKhWiuYboTFjxqz9uEWLFtGoUaMMpgEAAAAAAAAAAAAANjeK5huZwsLCmD59+trH2267bQbTAAAAAAAAAAAAAACbI0XzjczkyZOjpKRk7ePtttsug2kAAAAAAAAAAAAAgM2RovlG5ptvvkl4vPXWW2coCQAAAAAAAAAAAACwuVI038gsWrQo4XFeXl5mggAAAAAAAAAAAAAAmy1F843M0qVLEx7Xq1cvQ0kAAAAAAAAAAAAAgM2VovlG5udF87p162YoCQAAAAAAAAAAAACwucrJdAASXXfddXHddddlOgYAAAAAAAAAAAAAsBmzozkAAAAAAAAAAAAAAAkUzQEAAAAAAAAAAAAASKBoDgAAAAAAAAAAAABAAkVzAAAAAAAAAAAAAAASKJoDAAAAAAAAAAAAAJBA0RwAAAAAAAAAAAAAgASK5gAAAAAAAAAAAAAAJFA0BwAAAAAAAAAAAAAggaI5AAAAAAAAAAAAAAAJFM0BAAAAAAAAAAAAAEigaA4AAAAAAAAAAAAAQAJFcwAAAAAAAAAAAAAAEiiaAwAAAAAAAAAAAACQQNEcAAAAAAAAAAAAAIAEiuYAAAAAAAAAAAAAACRQNAcAAAAAAAAAAAAAIIGiOQAAAAAAAAAAAAAACRTNAQAA/h97dx6nVV33j/99ZoZlhh1GETcSRSkXzIXFLUtUNMHt65r7ndVtdqe5YJpLZZmaWy63epu5JGbmgguhaYqClBuiiSmuCIiA7MwgzMz5/eGPK48DinDBuWbm+Xw8rkfnfK7z+Vyvk4/HeLx4zQcAAAAAAAAAADIUzQEAAAAAAAAAAAAAyFA0BwAAAAAAAAAAAAAgQ9EcAAAAAAAAAAAAAIAMRXMAAAAAAAAAAAAAADIUzQEAAAAAAAAAAAAAyFA0BwAAAAAAAAAAAAAgQ9EcAAAAAAAAAAAAAIAMRXMAAAAAAAAAAAAAADIUzQEAAAAAAAAAAAAAyFA0BwAAAAAAAAAAAAAgQ9EcAAAAAAAAAAAAAIAMRXMAAAAAAAAAAAAAADIUzQEAAAAAAAAAAAAAyFA0BwAAAAAAAAAAAAAgQ9EcAAAAAAAAAAAAAIAMRXMAAAAAAAAAAAAAADIUzQEAAAAAAAAAAAAAyFA0BwAAAAAAAAAAAAAgQ9EcAAAAAAAAAAAAAIAMRXMAAAAAAAAAAAAAADIUzQEAAAAAAAAAAAAAyFA0BwAAAAAAAAAAAAAgQ9EcAAAAAAAAAAAAAIAMRXMAAAAAAAAAAAAAADIUzQEAAAAAAAAAAAAAyFA0BwAAAAAAAAAAAAAgQ9EcAAAAAAAAAAAAAIAMRXMAAAAAAAAAAAAAADIUzQEAAAAAAAAAAAAAyFA0BwAAAAAAAAAAAAAgQ9EcAAAAAAAAAAAAAIAMRXMAAAAAAAAAAAAAADIUzQEAAAAAAAAAAAAAyFA0BwAAAAAAAAAAAAAgQ9EcAAAAAAAAAAAAAIAMRXMAAAAAAAAAAAAAADIUzQEAAAAAAAAAAAAAyFA0BwAAAAAAAAAAAAAgQ9EcAAAAAAAAAAAAAIAMRXMAAAAAAAAAAAAAADIUzQEAAAAAAAAAAAAAyFA0BwAAAAAAAAAAAAAgQ9EcAAAAAAAAAAAAAIAMRXMAAAAAAAAAAAAAADIUzQEAAAAAAAAAAAAAyFA0BwAAAAAAAAAAAAAgQ9EcAAAAAAAAAAAAAIAMRXMAAAAAAAAAAAAAADIUzQEAAAAAAAAAAAAAyFA0BwAAAAAAAAAAAAAgQ9EcAAAAAAAAAAAAAIAMRXMAAAAAAAAAAAAAADIUzQEAAAAAAAAAAAAAyFA0BwAAAAAAAAAAAAAgQ9EcAAAAAAAAAAAAAIAMRXMAAAAAAAAAAAAAADIUzQEAAAAAAAAAAAAAyFA0BwAAAAAAAAAAAAAgQ9EcAAAAAAAAAAAAAIAMRXMAAAAAAAAAAAAAADIUzQEAAAAAAAAAAAAAyFA0BwAAAAAAAAAAAAAgQ9EcAAAAAAAAAAAAAIAMRXMAAAAAAAAAAAAAADIUzQEAAAAAAAAAAAAAyFA0BwAAAAAAAAAAAAAgoyLvAAAAAMDKqampiWeeeTqeeWZ0vPXWWzFz5syora2Ndu3axUYbbRxbb903Bg/+dvTqtVneUQEAAAAAAABo4hTNAQAAoAl48snH4/LLL4nZsz9q9N7cuXNj7ty58corL8edd/4xhg49MH7849OjdevWOSQFAAAAAAAAoDlQNAcAAIASd911V8Xw4bev1LVpmsaIEffGlClT4rLLfhcVFf7THwAAAAAAAIAvryzvAAAAAMCKDR9+20qXzD/thReejVtuuWkNJAIAAAAAAACgJVA0BwAAgBL13nvvxg03XLvK8//0pz/G7NkfFTERAAAAAAAAAC2FojkAAACUqGuvvSrq6+sbjffp0yduuOGGeO655+L555+Pyy67OjbdtHej6xYvXhx//etDayMqAAAAAAAAAM1MRd4BAAAAgMamTp0SzzzzdKPxr31ty7jzzuHRtm3bwtiAATvFlltuHUcccVDMmTM7IiIqKytj3XW7x9y5c9dWZAAAAAAAAACaEUVzAAAAKEF///tjjcbKysri7LMvyJTMl2nfvn1cddX/RkNDQ6y7bvfo2LHj2ogJAAAAAAAAQDOlaA4AAAAlaMyY0Y3Gtttuh9hkk14rnNOr16ZrMhIAAAAAAAAALUhZ3gEAAACArIaGhnjzzTcajffrNyCHNAAAAAAAAAC0RHY0BwAAgBIzbdrU+PjjjxuNL9vN/L333ot77703nnzyyfjggw9i4cKF0alT59hkk16x8867xn777R9VVe3WdmwAAAAAAAAAmhFFcwAAACgx77337nLHq6vXjdtv/0PcfPONsWTJksx7s2d/FLNnfxQvvPBc3HbbH+L008+K3XffYy2kBQAAAAAAAKA5Kss7AAAAAJA1f/685Y7fc89dcf311zQqmX/W3Llz4txzz4qHHhqxJuIBAAAAAAAA0AIomgMAAECJqalZtNzxL1McT9M0Lr/8knj77TeLFQsAAAAAAACAFkTRHAAAAEpMTU3t575/wAEHxIgRI+KVV16JMWPGxE9+Mizat2/f6LolSz6Om2/+vzUVEwAAAAAAAIBmTNEcAAAASkxDQ/0K3zvyyGPi4osvjj59+kTr1q1jnXXWiYMPPjR++9uro7y8vNH1Tz/9ZMyZM2fNhQUAAAAAAACgWVI0BwAAgBJTVdVuueOdO3eO7373+8t9b6utto5Bg/ZuNF5fXx8TJrxY1HwAAAAAAAAANH+K5gAAAFBiqqqqlju+/fY7Rps2bVc4b+edd1vu+FtvvVmUXAAAAAAAAAC0HIrmAAAAUGI6deq83PHq6nU/d97GG/dc7vj8+fNWNxIAAAAAAAAALYyiOQAAAJSYXr02Xe54fX3d585r23b5u53X1X3+PAAAAAAAAAD4LEVzAAAAKDE9eqwf7dq1azQ+ffoHnzuvpmbRcsc7duxUlFwAAAAAAAAAtByK5gAAAFBikiSJbbbZttH4v/71StTX169w3rvvvrPc8fXW61GsaAAAAAAAAAC0EIrmAAAAUIL23HNwo7G5c+fEmDGjVzjnqaeeWO748krrAAAAAAAAAPB5FM0BAACgBO266+7RoUPHRuPXXHNlzJ07t9H4hAnjY/ToxkXzr3xlk/jKVzZZExEBAAAAAAAAaMYq8g5AY//+97/jwQcfjHHjxsWMGTNizpw5UVlZGRtuuGH07ds39ttvv9hxxx3zjgkAAMAaVFlZGd/73klx2WW/yYxPmzY1jjjiiDjrrLNi++23j8WLF8d99z0Y119/TaRp2midww//TiRJsrZiAwAAAAAAANBMJOny/hSaXMyfPz9++ctfxgMPPPCF1+62227xm9/8Jrp167YWkn2+mTMX5B2BnOx774d5RwCARkYe1D3vCABF09DQEP/zPz+Il156cZXmb799v7jiimuirMxfaAYARCRJEtXV7TNjs2YtXO4vqwE0N5UPfCXvCACQUTv03bwjAKxxvosAKK511umw1j/TnzSXiBkzZsSBBx6YKZmXlZVFjx49YosttoiOHbN/XfpTTz0VRx11VMyZM2dtRwUAAGAtKSsri0suuSK22mqbLz23T5+vxQUX/ErJHAAAAAAAAIBV4k+bS8CiRYvie9/7XkyZMiUiPvlNrqOPPjoef/zxePLJJ+OBBx6I5557Lm699dbYaqutCvPefvvt+OUvf5lXbAAAANaCqqp2ceWV18XRRx8frVq1+sLrKyoq4uCDD41rrrkxunTpshYSAgAAAAAAANAcJam/hyJ3l19+edxwww2F80suuST233//5V67aNGiOO644+Lll18ujI0YMSL69OmzxnOuyMyZC3L7bPK1770f5h0BABoZeVD3vCMArDEffjg9nnzy7/H88+Pi/fffj48++ijSNI1OnTrHhhtuFDvs0D8GDdorevRYP++oAEAJ8tdVAy1Z5QNfyTsCAGTUDn037wgAa5zvIgCKa511Oqz1z6xY659Ixocffhi33npr4fzoo49eYck8IqJdu3YxbNiwOOqoo2KDDTaI3r17x6xZs9ZGVAAAAHLWvft6cfjh34mTT/5+ZtyXsgAAAAAAAAAUm6J5zu6+++5YvHhxRERUVlbGSSed9IVzdthhh3jppZeibdu2azoeAAAAAAAAAAAAANACleUdoKV75JFHCsd77bVXdO3adaXmKZkDAAAAAAAAAAAAAGuKonmOJk+eHG+88UbhfPfdd88vDAAAAAAAAAAAAADA/0/RPEf/+te/MufbbrttPkEAAAAAAAAAAAAAAD6lIu8ALdmkSZMKx5WVldGjR4+IiFi0aFGMGjUqRo4cGe+9917MmDEj2rRpE927d49+/frFfvvtF9ttt11esRtJkiTvCAAABZ5NgOZueT/mPhnz8w8A+HyeIwAAoHT48wygJfBdBEDTp2ieo7feeqtw3L1790iSJJ555pk488wzY+bMmZlrP/7445g/f35MmjQp7rjjjth9993joosuiq5du67t2I1UV7fPOwIAQIFnE6Al6tbNzz4AYNV4jgBaioV5BwCAz/DnGUBL5bsIgKalLO8ALdncuXMLx+3atYu//e1v8V//9V+Fknnnzp3jq1/9avTq1Svatm2bmfvkk0/GoYceGjNmzFibkQEAAAAAAAAAAACAFsCO5jlatGhR4Xj+/Plx9tlnR0NDQ3zjG9+Ik08+ObbZZpvC+4sXL45HH300Lrvsspg+fXpERLz//vtx6qmnxu233x5lZX5nAACApmP6kF3zjgAAGes9+HTeEQAAAAAAAKCkaCfn6NNF8/fffz/mz58fxx9/fNx4442ZknlERNu2bWPo0KHx5z//OTbaaKPC+PPPPx+jRo1aa5kBAAAAAAAAAAAAgObPjuY5amhoyJz36dMnzjjjjM+d07179/jVr34VxxxzTGHstttui3333XeNZFwZs2YtzO2zAQA+y7MJALAqPEMALUGSRHTr1j4z9tFHCyNNcwoEsBa1zTsAAHyG7yKAlsB3EQDFVV3d/osvKjJF8xxVVVVlzg877LAoLy//wnn9+/ePzTffPN54442IiHj55ZdjwYIF0aFDhzWS84uk/s0PAJQQzyYAwKrwDAG0DEmjkTT1MxAAAPLgORxoGXwXAdDUleUdoCVr165d5rxv374rPbd///6F4/r6+nj99deLlgsAAAAAAAAAAAAAaNkUzXPUrVu3zHmnTp1Weu5GG22UOZ89e3ZRMgEAAAAAAAAAAAAAKJrnaNNNN82c19TUrPTcqqqqzPmSJUuKkgkAAAAAAAAAAAAAQNE8R717986cT5s2baXnLly4MHPeuXPnYkQCAAAAAAAAAAAAAFA0z9MOO+wQSZIUzsePH7/Sc996663MeY8ePYqWCwAAAAAAAAAAAABo2RTNc7TuuuvGdtttVzh/8MEHo6Gh4QvnpWka48aNK5x36dIlNt100zWSEQAAAAAAAAAAAABoeRTNc3bggQcWjqdOnRp33XXXF8557LHHYsqUKYXzPfbYY41kAwAAAAAAAAAAAABaJkXznB144IHRq1evwvkll1wSEyZMWOH1U6dOjV/84heF8yRJ4thjj12jGQEAAAAAAAAAAACAlkXRPGcVFRVxwQUXRKtWrSIioqamJo455pj4wx/+EAsXLixc9/HHH8f9998fhx12WMyYMaMwfsIJJ8Tmm2++1nMDAAAAAAAAAAAAAM1XRd4BiOjfv3/8+te/jmHDhkVDQ0MsXrw4fvOb38QVV1wRG264YZSVlcWUKVOitrY2M2/PPfeMU089NafUAAAAAAAAAAAAAEBzpWheIoYOHRrrr79+/PSnP43JkydHxCe7mL/11luNrq2srIzvfve7cdJJJ0VZmU3pAQAAAAAAAAAAAIDiUjQvITvssEM89NBD8cQTT8TIkSNj0qRJMWPGjFi6dGl07do1evbsGbvttlsMGTIk1l133bzjAgAAAAAAAAAAAADNlKJ5iWnTpk0MHjw4Bg8enHcUAAAAAAAAAAAAAKCFKss7AAAAAAAAAAAAAAAApUXRHAAAAAAAAAAAAACADEVzAAAAAAAAAAAAAAAyFM0BAAAAAAAAAAAAAMhQNAcAAAAAAAAAAAAAIEPRHAAAAAAAAAAAAACADEVzAAAAAAAAAAAAAAAyFM0BAAAAAAAAAAAAAMhQNAcAAAAAAAAAAAAAIEPRHAAAAAAAAAAAAACADEVzAAAAAAAAAAAAAAAyFM0BAAAAAAAAAAAAAMhQNAcAAAAAAAAAAAAAIEPRHAAAAAAAAAAAAACADEVzAAAAAAAAAAAAAAAyFM0BAAAAAAAAAAAAAMhQNAcAAAAAAAAAAAAAIEPRHAAAAAAAAAAAAACADEVzAAAAAAAAAAAAAAAyFM0BAAAAAAAAAAAAAMhQNAcAAAAAAAAAAAAAIEPRHAAAAAAAAAAAAACADEVzAAAAAAAAAAAAAAAyFM0BAAAAAAAAAAAAAMhQNAcAAAAAAAAAAAAAIEPRHAAAAAAAAAAAAACADEVzAAAAAAAAAAAAAAAyFM0BAAAAAAAAAAAAAMhQNAcAAAAAAAAAAAAAIEPRHAAAAAAAAAAAAACADEVzAAAAAAAAAAAAAAAyFM0BAAAAAAAAAAAAAMhQNAcAAAAAAAAAAAAAIEPRHAAAAAAAAAAAAACADEVzAAAAAAAAAAAAAAAyFM0BAAAAAAAAAAAAAMhQNAcAAAAAAAAAAAAAIEPRHAAAAAAAAAAAAACADEVzAAAAAAAAAAAAAAAyFM0BAAAAAAAAAAAAAMhQNAcAAAAAAAAAAAAAIEPRHAAAAAAAAAAAAACADEVzAAAAAAAAAAAAAAAyFM0BAAAAAAAAAAAAAMhQNAcAAAAAAAAAAAAAIEPRHAAAAAAAAAAAAACADEVzAAAAAAAAAAAAAAAyFM0BAAAAAAAAAAAAAMhQNAcAAAAAAAAAAAAAIEPRHAAAAAAAAAAAAACADEVzAAAAAAAAAAAAAAAyFM0BAAAAAAAAAAAAAMhQNAcAAAAAAAAAAAAAIEPRHAAAAAAAAAAAAACADEVzAAAAAAAAAAAAAAAyFM0BAAAAAAAAAAAAAMhQNAcAAAAAAAAAAAAAIEPRHAAAAAAAAAAAAACADEVzAAAAAAAAAAAAAAAyFM0BAAAAAAAAAAAAAMhQNAcAAAAAAAAAAAAAIEPRHAAAAAAAAAAAAACADEVzAAAAAAAAAAAAAAAyFM0BAAAAAAAAAAAAAMhQNAcAAAAAAAAAAAAAIEPRHAAAAAAAAAAAAACADEVzAAAAAAAAAAAAAAAyFM0BAAAAAAAAAAAAAMhQNAcAAAAAAAAAAAAAIEPRHAAAAAAAAAAAAACADEVzAAAAAAAAAAAAAAAyFM0BAAAAAAAAAAAAAMhQNAcAAAAAAAAAAAAAIEPRHAAAAAAAAAAAAACADEVzAAAAAAAAAAAAAAAyFM0BAAAAAAAAAAAAAMhQNAcAAAAAAAAAAAAAIEPRHAAAAAAAAAAAAACADEVzAAAAAAAAAAAAAAAyFM0BAAAAAAAAAAAAAMhQNAcAAAAAAAAAAAAAIEPRHAAAAAAAAAAAAACADEVzAAAAAAAAAAAAAAAyFM0BAAAAAAAAAAAAAMioyDsAAAAAAABQPCNHPhi//vXPV3udX/7yN/HNbw4qQiIAAAAAAJoiO5oDAAAAAAAAAAAAAJChaA4AAAAAAAAAAAAAQIaiOQAAAAAAAAAAAAAAGRV5BwAAAAAAANa8u+66P7baqndmbNashZGm6XKvLy8vXxuxAAAAAAAoUYrmAAAAAADQApSXl0dFRfaPBSoqKlZYNAcAAAAAoGUryzsAAAAAAAAAAAAAAAClRdEcAAAAAAAAAAAAAIAMRXMAAAAAAAAAAAAAADIq8g4AAAAAAACsHXPnzo3hw4fH448/HpMnT47Fiz+OLl26RK9em8Yuu3wj9t5732jbtm3eMQEAAAAAKAGK5gAAAAAA0AI89dSTceutN8W8efMy4x9+OD0+/HB6jBs3Nv7wh/+LU045PXbffY+cUgIAAAAAUCpyKZrvsUfpfEGdJEk89thjeccAAAAAAIA16ne/u+wLr5k1a2ace+5Z8T//c1occsjhayEVAAAAAAClKpei+dSpUyNJkkjTNI+Pz0iSJO8IAAAAAABQMtI0jauvvjw226x3fP3r2+cdBwAAAACAnJTl+eFJkuT6AgAAAAAAGmtoaIjLLvtNSWwYAwAAAABAPnLZ0TwifDkNAAAAAABrUVVVuzjppP+OwYMHR/fu3WP+/Pnx8MOPxs033xjTp3/Q6Pp3330nnn32H9G//8Ac0gIAAAAAkLdciuYnn3xyHh8LAAAAAADNXseOHWOzzTbPjLVu3TrOOeeC2GGHrQtj1dXV8e1vD42BA3eJE088Zrll82eeeVrRHAAAAACghVI0BwAAAACAZmSXXb4Ru+zyjUbjSZIs9/ouXbrED35wclxwwTmN3nvllZeLng8AAAAAgKahLO8AAAAAAABAvnbeebcoLy9vND5z5owc0gAAAAAAUAoUzQEAAAAAoIWrrKyMzp27NBpfsGB+DmkAAAAAACgFiuYAAAAAAEDU1S1tNNa2bdsckgAAAAAAUAoq8g4AAAAAAAAUT03NopgzZ07MmTM75s6dE3PmzIk99xwclZWVK5wzf/68mD+/8e7ly9vlHAAAAACAlqFJFs0nT54cY8aMiUmTJsWbb74Zc+fOjUWLFkVNTU384x//WO6cRYsWRbt27dZyUgAAAAAAWHuuvPLS+Mtf7mo0XllZGXvuOXiF80aPfiLSNG00vvnmfYqaDwAAAACApqNJFc3vueeeuOOOO+K1117LjC/78jtJkhXOvemmm2LkyJFxxhlnxKBBg9ZoTgAAAAAAyMPXvrZ1RDQuml9//TXRv/9OUV3dvtF706d/EDfeeN1y19t++x2LHREAAAAAgCaiLO8AK+Odd96JQw45JH72s5/Fa6+9FmmaFl4Rn18wX2b06NHx3nvvxY9+9KM4//zzo6GhYU3HBgAAAACAtWqXXXaLysqqRuPTp38Qxx9/ZDzwwAMxe/bsqKuri+nTp8d9990dJ554bMyZM7vRnPbtO8SgQXutjdgAAAAAAJSgkt/RfNKkSXH88cfHRx99FGmaRpIkhWL5srL5FxXNP/zww5g4cWIkSRJpmsaf//znKC8vj/POO29t3MLn2mKLLVZrft++fePPf/5zkdIAAAAAANCUVVVVxUEHHRJ33HFro/emT/8gzjjjjJVe6/DDvxPt2jXeAR0AAAAAgJahpHc0X7hwYZxwwgkxa9asiIhCUTxN02jbtm307ds3+vfvX9jZfEXefffdqKyszKxx5513xlNPPbXG7wEAAAAAANam4477bmy8cc/VWmO77XaIo48+vkiJAAAAAABoikp6R/OrrroqZs6cmdnBvH///nHCCSfEwIEDo3Xr1jFu3Lj45z//+bnr9O/fP0aNGhWnn356PPfcc4Wy+aWXXhq77bbb2riVldK9e/dYb731vtSc3r17r6E0AAAAAAA0RZWVlXH55dfGj3/8g5g6dcqXnr/jjv3j5z+/KMrLy9dAOgAAAAAAmoqSLZp/+OGHMXz48EIpvKKiIs4///w45JBDVmm97t27x+9///s45phjYsKECRER8eabb8aLL74Y2223XTGjr7JDDjkkfvSjH+UdAwAAAACAJm699daLP/zhjrjmmitj5MgHo66u7gvndO7cOY488pg47LDvKJkDAAAAAFC6RfORI0dGfX19REQkSRI/+clPVrlkvkzr1q3joosuiiFDhhTWfvLJJ0umaA4AAAAAAMVSVdUuzjzznDjhhO/Fo4+OigkTxsd7770d8+bNi9ra2ujYsWN07Ng5ttiiT/TrNyB23XX3qKqqyjs2AAAAAAAlomSL5s8++2zheP31149jjz22KOtusskmsdNOO8VTTz0VSZLEK6+8UpR1AQAAAACgFFVXrxNHHnl0fOc7x0R1dfvMe7NmLYw0TXNKBgAAAABAKSvLO8CKvP322xHxyW7mgwYNKupf0zlgwICIiEjTNN57772irQsAAAAAAAAAAAAA0ByUbNF81qxZheMtt9yyqGtvvPHGheMFCxYUdW0AAAAAAAAAAAAAgKauZIvmixcvjiRJIiKic+fORV27TZs2hePa2tqirg0AAAAAAAAAAAAA0NSVbNG8Xbt2kaZpREQsWbKkqGvPmTOncNy+ffuirg0AAAAAAAAAAAAA0NRV5B1gRTp37hzz58+PiIh33nmnqGu//fbbERGRJEl06dKlqGuvrrq6unjsscfi8ccfj5dffjlmzZoVH3/8cXTu3Dk22GCDGDhwYAwZMiQ23XTTvKMWLNt5HgCgFHg2AQBWhWcIoCVY3o+6T8b8DAQAgLXNdxFAS+C7CICmr2SL5l/5yldi8uTJERExZsyYOPHEE4u29l//+tfC8YYbbli0dVfXSy+9FPvss0/hvj9t5syZMXPmzHjppZfihhtuiP333z9+9rOflcSO7NXV+WcAAFjGs0nTMD3vAADwGZ4hgJaqWzc//4CWYWHeAQDgM3wXAbRUvosAaFrK8g6wIjvssENERKRpGs8++2y88sorRVn3jjvuiPfee69wPnDgwKKsWwxjxowplMzLy8ujR48e8bWvfS3WX3/9zHUNDQ1x3333xRFHHBEfffRRHlEBAAAAAAAAAAAAgGasZHc0/+Y3vxmXX355JEkSaZrGmWeeGX/84x+jW7duq7zmk08+GZdeemlhzYiIXXfdtViRi2LjjTeO//7v/45BgwZFx44dC+PTp0+PO++8M/7whz/Exx9/HBERb7zxRpxyyilxyy23RHl5eV6RAQAAAGCt6PvCT/KOAACNTNj+8rwjAAAAAMAaUbI7mvfu3Tt23nnnSNM0kiSJd955Jw477LD45z//+aXXmj17dlx44YVx8sknx+LFiwtr7rrrrtG7d+81kH7lVVVVFV6HHnpoPPzww3HQQQdlSuYREeutt16ceuqpcdttt0VVVVVh/Nlnn40HH3xwbccGAAAAAAAAAAAAAJqxkt3RPCLi1FNPjWeffTbq6uoiSZKYMmVKHHfccdG3b98YNGhQ9OzZM6ZOnZqZM3Xq1Fi4cGHMmDEj3nzzzRg3blyMGzcu6urqCgXzNE2jvLw8fvKT/HdAGj9+/Je6ftttt41zzz03fvrTnxbGbrrppjjggAOKnGzlzZq1MLfPBgD4LM8mAMCq8AwBAKwqzxFNQ9u8AwDAZ3iGAFqCJIno1q19ZuyjjxZGmuYUCKCJq65u/8UXFVlJF8232mqrOOecc+KCCy6IJEkKJfEJEybEhAkTGl2fpmkMGjRoueMRUZifJEmcf/750adPnzV+D2vCAQccENdee21MmTIlIiImTZoUU6dOjQ022CCXPKl/8wMAJcSzCQCwKjxDAACrynMEALAqPEMALUPSaCRN/QwEaErK8g7wRQ4//PA477zzoqLik058knzyL580TQuvT/v0+LLXp0vqFRUVMWzYsDjkkEPW+r0US1lZWey+++6ZsVdeeSWfMAAAAAAAAAAAAABAs1PyRfOIiCOPPDJuv/322HLLLRuVx1fmtWxOnz594q677orjjjsu71tabT179sycf/TRRzklAQAAAAAAAAAAAACam4q8A6ysbbfdNv7yl7/E2LFjY/jw4fHMM89EbW3tF85bZ511YsCAAXHYYYfFDjvssBaSrh1t2rTJnNfV1eWUBAAAAAAAAAAAAABobppM0XyZnXfeOXbeeeeor6+PN998M959992YMWNG1NTURENDQ7Rv3z46dOgQXbp0iT59+kT37t3zjrxGzJ07N3PepUuXfIIAAAAAAAAAAAAAAM1OkyuaL1NeXh5bbLFFbLHFFnlHWS21tbUxbdq0aN++/ZcqxU+cODFzvvHGGxc7GgAAAAAAAAAAAADQQpVs0XzRokXRrl27vGOsMW+99VYceeSRhZ3JBw0aFNdee+1Kza2trY1x48YVzquqqmKrrbZaEzEBAAAAAAAAAAAAgBaoLO8AK7LLLrvE6aefHk899VSkaZp3nKLbZJNNory8vHA+evToeP/991dq7h133BHz5s0rnO+9995RUVGyvzMAAAAAAAAAAAAAADQxJVs0r62tjYcffji+//3vx6677hoXX3xx/Pvf/847VtGUlZXFEUccUThfunRpnHHGGVFTU/O588aNGxdXXXVV4by8vDxOPPHENZYTAAAAAAAAAAAAAGh5SrZovkyapjFr1qy45ZZb4sADD4whQ4bEzTffHDNmzMg72mr7r//6r/jKV75SOB8/fnwcfPDB8dhjj8WSJUsy106bNi0uueSSOPHEEzPvnXrqqbHpppuurcgAAAAAAAAAAAAAQAtQkXeAL5IkSUR8UjiPiJg0aVJceumlcdlll8WAAQNi//33j7322ivatm2bZ8xVUlVVFddff30cd9xxMX369IiIePvtt+OHP/xhtG3bNjbccMNo06ZNzJ49Oz744ING80844QS7mQMAAAAAAAAAAAAARVeyO5ofcMAB0b59+0jTNNI0jSRJCq80TaO+vj6eeeaZGDZsWOy0005x1llnxbhx4/KO/aVtsskmce+998Z+++1XKNVHRCxevDjefPPNePXVVxuVzDfeeOP43e9+F8OGDVvbcQEAAAAAAAAAAACAFqBkdzT/zW9+E0uXLo2nnnoqRo4cGU888UTU1NRERGQK2WmaRk1NTYwYMSJGjBgR6667bgwdOjSGDh0avXv3ziv+l9KtW7e47LLL4pRTTokRI0bE+PHj46233op58+bF0qVLo2PHjlFdXR3bbrtt7LrrrvHNb34zKipK9h8dAAAAAAAAAAAAANDElXRbuVWrVrHHHnvEHnvsEYsXL44nn3wyRo4cGaNHj46PP/44Iv5TOk/TNCIiPvzww7jpppvipptuiq9+9aux//77x3777RfdunXL7T5W1kYbbRQnn3xy3jEAAAAAAAAAAAAAgBaupIvmn9a2bdsYPHhwDB48OBYtWhSPP/54jBw5MsaOHRtLly6NiMal84kTJ8Zrr70Wl156aey0005xwAEHxKBBg6J169a53QcAAAAAAAAAAAAAQKlrMkXzT2vXrl0MHTo0hg4dGgsWLIhHH300Ro4cGf/85z+jrq4uIrKl87q6unj66afj6aefjnbt2sXgwYNj6NCh0a9fvzxvAwAAAAAAAAAAAACgJDXJovmndejQIQ4++OA4+OCDY/bs2fHoo4/Gww8/HC+88EI0NDRERLZ0vnDhwrjnnnvinnvuiR49esTQoUPjlFNOyfEOAAAAAAAAAAAAAABKS1neAYqpa9eucfjhh8ftt98eo0ePjnPOOSe22267iPikZB7xSek8TdNI0zSmTZsWN9xwQ56RAQAAAAAAAAAAAABKTpPf0XxF1llnnTj66KPj6KOPjlmzZsXf//73eOKJJ+If//hH1NbWFgrnAAAAAAAAAAAAAABkNdui+adVV1fHoYceGttss01svfXWccstt8SCBQvyjgUAAAAAAAAAAAAAUJKaddG8pqYmxo4dG08++WQ89dRTMWvWrLwjAQAAAAAAAAAAAACUvGZXNF+0aFH8/e9/j1GjRsWYMWNiyZIlERGRpmnhmiRJCuetW7fOJScAAAAAAAAAAAAAQKlqFkXzhQsXxuOPPx6jRo2KsWPHxtKlSyPiP+XyJEkiSZLMWL9+/WLIkCExePDgfEIDAAAAAAAAAAAAAJSoJls0X7BgQaFc/swzz6xUubxPnz4xZMiQ2G+//aJ79+75BAcAAAAAAAAAAAAAKHFNqmg+f/78eOyxx2LUqFExbty4qKuri4jPL5evv/76MWTIkBgyZEhsttlm+QQHAAAAAAAAAAAAAGhCSr5oPm/evPjb3/4WjzzySIwbNy7q6+sj4vPL5Z07d47BgwfHkCFDYvvtt88nOAAAAAAAAAAAAABAE1WyRfO77747Ro0aFf/85z8blcsjolG5vG3btvGtb30rhgwZErvuumtUVJTsrQEAAAAAAAAAAAAAlLSSbWOfe+65kSTJCsvlaZpGeXl5DBgwIIYMGRJ77rlntGvXLq+4AAAAAAAAAAAAAADNRskWzZdZVi6P+M/u5VtvvXUMGTIkvv3tb0e3bt3yigYAAAAAAAAAAAAA0CyVfNF8Wbm8Z8+eMWTIkBgyZEj07Nkz51QAAAAAAAAAAAAAAM1XSRfNu3XrFvvss08MGTIkttlmm7zjAAAAAAAAAAAAAAC0CCVbNL/ppptip512irKysryjAAAAAAAAAAAAAAC0KCVbNN9ll13yjgAAAAAAAAAAAAAA0CKVbNF8ZdXX18f8+fNj0aJFUVNTE5tvvnnekQAAAAAAAAAAAAAAmrQmVzSfN29ePProozF27NiYNGlSvPfee1FfXx8REUmSxMSJE5c775133olWrVrFhhtuuDbjAgAAAAAAAAAAAAA0OU2maD5z5sz47W9/Gw8//HChWJ6m6UrPv+222+Luu++OI488Mk477bRo06bNmooKAAAAAAAAAAAAANCkleUdYGU88sgjMXjw4HjggQeirq4u0jSNNE0jSZLC64uMHj066urq4vbbb48jjjgi5syZsxaSAwAAAAAAAAAAAAA0PSVfNH/ooYfitNNOi0WLFmXK5RFRKJx/kTfeeCOmTZsWSZJEmqbx2muvxQ9/+MNoaGhY0/EBAAAAAAAAAAAAAJqcki6aT548Oc4+++yoq6srFMzTNI3y8vLo379/nHjiiXHsscd+Ydm8oaEhvvrVrxaK6mmaxvjx4+OPf/zjWroTAAAAAAAAAAAAAICmo6SL5r/4xS9iyZIlhXJ4mzZt4kc/+lE888wzceutt8Zpp50Wu++++xeu06dPn7j33nvje9/7XqZsfv3110ddXd2avxEAAAAAAAAAAAAAgCakZIvmr732WowZM6ZQCu/SpUv86U9/ih/+8IfRsWPHL71ekiTxk5/8JA4++ODCDuhz5syJJ554otjRAQAAAAAAAAAAAACatJItmj/yyCMREYUdyC+++OLo06fPaq971llnRfv27SNJkoiIGDdu3GqvCQAAAAAAAAAAAADQnJRs0Xz8+PER8clO5FtvvXXstttuRVm3Q4cOscceexR2Nf/Xv/5VlHUBAAAAAAAAAAAAAJqLki2aT548uXBcrJL5Mttuu21EfLJb+vTp04u6NgAAAAAAAAAAAABAU1eyRfO5c+cWjnv16lXUtddbb73C8YIFC4q6NgAAAAAAAAAAAABAU1eyRfOlS5cWjjt06FDUtcvK/nPbdXV1RV0bAAAAAAAAAAAAAKCpK9mi+afL5QsXLizq2jNnziwcd+rUqahrAwAAAAAAAAAAAAA0dSVbNO/atWvh+PXXXy/q2q+88kpERCRJEl26dCnq2gAAAAAAAAAAAAAATV3JFs379OkTERFpmsajjz5atHVra2vjkUceiSRJIiKid+/eRVsbAAAAAAAAAAAAAKA5KNmi+Y477lg4fuedd2LEiBFFWffiiy+OuXPnRpqmERGx0047FWVdAAAAAAAAAAAAAIDmomSL5oMGDYrWrVtHkiSRpmn88pe/jOeff3611vztb38bf/rTnwq7mbdq1Sq+8Y1vFCMuAAAAAAAAAAAAAECzUbJF8+rq6th///0jTdNIkiQWLlwYJ5xwQlx99dWxaNGilV6nrq4uHnvssTjwwAPj97//fUREYc1DDjkk1llnnTV1CwAAAAAAAAAAAAAATVJF3gE+z49//OMYPXp0zJw5M5IkiSVLlsR1110X//d//xcDBgyIjTfeOBYuXJiZc++998aiRYtixowZMWnSpHjxxRdjwYIFkaZpRERhh/SuXbvGSSedlMdtAQAAAAAAAAAAAACUtJIumldXV8eVV14Zxx9/fCxZsqRQEl+yZEk8/fTTja5P0zTOOeecRmMRnxTMl51XVlbG9ddfH926dVvzNwEAAAAAAAAAAAAA0MSU5R3gi2y33XYxfPjw6NGjR6RpGkmSZErjy4rkyywbW/b67PXrr79+/P73v4+tt956rd8LAAAAAAAAAAAAAEBTUPJF84iILbfcMu6777444YQTorKyslGJ/PNey66tqqqKY445Jh544IHYbrvt8r4lAAAAAAAAAAAAAICSVZF3gJXVqVOnOPPMM+P73/9+jBgxIkaPHh3/+te/Yt68eSuc07Nnz9hqq61iwIAB8e1vfzuqqqrWYmIAAAAAAAAAAAAAgKapyRTNl+nUqVMcc8wxccwxx0RExJw5c2LGjBlRU1MTDQ0N0b59++jQoUN07txZsRwAAAAAAAAAAAAAYBU0uaL5Z3Xp0iW6dOmSdwwAAAAAAAAAAAAAgGajLO8AAAAAAAAAAAAAAACUFkVzAAAAAAAAAAAAAAAyWmTR/Lnnnot+/fpFv379on///nnHAQAAAAAAAAAAAAAoKRV5B8hDXV1dzJ8/PyIikiTJOQ0AAAAAAAAAAAAAQGlpkTuaAwAAAAAAAAAAAACwYormAAAAAAAAAAAAAABkKJoDAAAAAAAAAAAAAJChaA4AAAAAAAAAAAAAQIaiOQAAAAAAAAAAAAAAGYrmAAAAAAAAAAAAAABkKJoDAAAAAAAAAAAAAJChaA4AAAAAAAAAAAAAQIaiOQAAAAAAAAAAAAAAGYrmAAAAAAAAAAAAAABkKJoDAAAAAAAAAAAAAJChaA4AAAAAAAAAAAAAQIaiOQAAAAAAAAAAAAAAGYrmAAAAAAAAAAAAAABkKJoDAAAAAAAAAAAAAJBRkdcHX3/99Xl9dEyePDm3zwYAAAAAAAAAAAAAKHW5Fc2vvPLKSJIkr4+PJEkiTdPcPh8AAAAAAAAAAAAAoFTlVjRfJq+yd54ldwAAAAAAAAAAAACAUpZ70VzhGwAAAAAAAAAAAACgtORaNM9rN3MAAAAAAAAAAAAAAFYst6L5448/ntdHAwAAAAAAAAAAAADwOXIrmm+wwQZ5fTQAAAAAAAAAAAAAAJ+jLO8AAAAAAAAAAAAAAACUFkVzAAAAAAAAAAAAAAAyFM0BAAAAAAAAAAAAAMhQNAcAAAAAAAAAAAAAIEPRHAAAAAAAAAAAAACADEVzAAAAAAAAAAAAAAAyFM0BAAAAAAAAAAAAAMhQNAcAAAAAAAAAAAAAIEPRHAAAAAAAAAAAAACADEVzAAAAAAAAAAAAAAAyFM0BAAAAAAAAAAAAAMhQNAcAAAAAAAAAAAAAIEPRHAAAAAAAAAAAAACAjIq8AwAAAAAAAAAAAADN25lnnhkjRoxY7nt33/1A9Oix/lpOBMAXsaM5AAAAAAAAAAAAsMaMHTt2hSVzAEqXojkAAAAAAAAAAACwRtTW1sZ5552XdwwAVkFF3gFWZNq0aYXj6urqaN26ddHWHjNmTLz00ksREdG/f//Ycccdi7Y2AAAAAAAAAAAA8Inf/e53MWXKlLxjALAKSrZo/q1vfSuSJImIiJtvvjkGDhxYtLXfe++9uOaaayJJknjnnXcUzQEAAAAAAAAAAKDIXn311bj11lvzjgHAKirLO8DnSdN0jazbo0ePwvr//ve/18hnAAAAAAAAAAAAQEtVX18f5557btTX1xfG1luvR46JAPiySrpovmxH82JbunRp4fjDDz9cI58BAAAAAAAAAAAALdVdd90Rr776auG8oqIijj76+BwTAfBllXTRfE157rnnCse1tbU5JgEAAAAAAAAAAIDmZdq0qfH739+QGTviiCNi44175pQIgFVRkXeAadOmfeE1H3300Upd93nq6+tj9uzZMXr06Bg+fHgkSRJpmkbr1q1Xa10AAAAAAAAAAADgP37724ti8eLFhfN11lknTjnllHjmmedzTAXAl5V70fxb3/pWJEmy3PfSNI2IiDPOOKOon7ls3YiIjTbaqKhrAwAAAAAAAAAAQEs1atTD8eyz/8iMnXfeedG+ffucEgGwqnIvmi/z6fL3l3lvVSzbzTxJkthrr72KujYAAAAAAAAAAAC0RHPnzo1rrrkiM7bnnnvq6QE0UWV5B6iurm5UJP/sDudJkhT1tUyfPn3ihBNOWCv3CQAAAAAAAAAAAM3Z1VdfFnPnzi2cd+jQIc4999z8AgGwWnLf0XzMmDHxwQcfxIQJE+Lll1+Ol19+OV599dVYvHhxRHyym3mxdzTv1KlTHHTQQXHyySdHVVVVUdcGAAAAAAAAAACAlubZZ/8Rjzzy18zY6aefHt27d88pEQCrK/eieUREjx49okePHjF48OCIiKivr48tt9yysAP5mWeeGVtuueVqf06bNm2ia9eusdFGG632WgAAAAAAAAAAAEDE4sWL49JLL8qM9e379TjssMNySgRAMZRE0fyzysvLM+d9+vSJfv365ZQGAAAAAAAAAAAAWJGbbro+PvhgauG8devWMWzYOZEkSY6pAFhdJVk0XyZN07wjAAAAAAAAAAAAACvw73+/FnfffWdm7JhjToiePTfJKREAxVKyRfPbbrutcNynT58ckwAAAAAAAAAAAACfVVdXFxdf/Muor68vjPXqtWkcddRx+YUCoGhKtmjer1+/vCMAAAAAAAAAAAAAK3DXXXfEpElvFM7LysrizDN/FhUVJVtNBOBLKMs7wJf10ksvxahRo1b6+okTJ8YVV1wR48aNW4OpAAAAAAAAAAAAoOWYOnVK3HzzjZmx/fc/OPr0+WrU1dUt99XQ0LDctRoaGgrXfHp3dADy1WR+bWjUqFFxzTXXxFtvvRXbbLNNDB48eKXmzZgxI2644Ya48cYbY4MNNojTTjst9tlnnzWcFgAAAAAAAAAAAJqvCRPGx8cff5wZu+++u+O+++7+0msddtgBheP11usRf/nLg6sbD4AiKPkdzRsaGmLYsGFx6qmnxltvvRVpmsbcuXO/9DppmsaUKVPiJz/5SZx55pl+6wkAAAAAAAAAAAAAYAVKfkfz008/PUaOHBkREUmSRETEnDlzvvQ6y+amaRoPPvhg1NfXx2WXXVa8oAAAAAAAAAAAAAAAzURJ72h+7733xsiRIyNJkkJRPCJi4cKFkabpSq3RqVOn6NatW6RpGmmaRpIkkaZpjBw5Mu655541FR0AAAAAAAAAAAAAoMkq2R3N6+rq4oorrsjsRL7BBhvED37wgxg0aFCmeP55vv71r8fYsWPjxRdfjMsuuyxeeOGFQtn8d7/7XQwdOjRatWq1Jm8FAAAAAAAAAAAAmpV99x0S++47ZIXvJ0kS1dXtM2O33jo8fv3rnze69u67H4gePdYvekYAVk/J7mj+t7/9LWbOnFk4HzBgQDz44INxyCGHRJcuXb70etttt13cfvvtsddeexV2Q58xY0Y8+uijRcu8Jj333HPx1a9+NbbYYovCCwAAAAAAAAAAAABgTSjZovmYMWMi4pOdzDt27BhXXXVVVFVVrdaaZWVl8atf/So6depU2BF92eeUsoULF8ZZZ50VDQ0NeUcBAAAAAAAAAAAAAFqAki2aT5gwISI++eszhgwZEp06dSrKuh06dIghQ4YUdjV/+eWXi7LumnTRRRfFlClT8o4BAAAAAAAAAAAAALQQJVs0nzVrVuG4b9++RV172XppmsZHH31U1LWL7Yknnoi//OUveccAAAAAAAAAAAAAAFqQki2aL1y4sHDcuXPnoq796d3RP/05pWb27Nlx7rnnFs6//vWv55gGAAAAAAAAAAAAAGgpKvIOsCKtW7eOurq6iIhYsGBBUdeeM2dO4bhVq1ZFXbuYLrjggpg5c2ZEROyyyy6x7bbbxvjx43NOBQAAAAAAAAAAAF/et789NPbdd0jeMQBYSSW7o3n37t0Lx++//35R137jjTcKx9XV1UVdu1hGjBgRjzzySEREtGnTJs4555ycEwEAAAAAAAAAAAAALUXJFs0333zzwvGywnUxLFmyJEaMGBFJkkSSJLHZZpsVbe1imT59elx44YWF81NPPTV69eqVYyIAAAAAAAAAAAAAoCUp2aL5wIEDIyIiTdN47bXX4p577inKuueff37MmjUr0jSNiIgBAwYUZd1iSdM0zj777Jg/f35EROy4445x7LHH5pwKAAAAAAAAAAAAAGhJSrZovu+++0bbtm0jSZJI0zQuuOCCGD58+CqvN2fOnPif//mfuP/++yNJkoiIaNWqVey3337FilwUd9xxR4wdOzYiIqqqquKiiy6KsrKS/ccEAAAAAAAAAAAAADRDFXkHWJGOHTvGUUcdFTfddFMkSRJLly6NX/7ylzF8+PA49NBDY+DAgbHZZpsVSuPLs2DBgnjhhRfi73//ezz44IOxePHiwk7mSZLEd7/73ejWrdvauqUv9O6778Zvf/vbwvlZZ50VG220UY6JVs7n/TMAAFjbPJsAAKvCMwQAsKo8RwAAq8IzBNASLO9H3SdjfgYCNBUlWzSPiPjhD38Yo0ePjjfffLOws/mbb74ZF110UURElJeXx3rrrRedO3eOtm3bRkVFRXz88cdRU1MT06dPj/nz5xfW+nTBPE3T6NWrV/zgBz/I5b6Wp76+PoYNGxa1tbUREbHbbrvFYYcdlnOqlVNd3T7vCAAABZ5NmobpeQcAgM/wDNFEvJd3AABozHNE07Aw7wAA8BmeIYCWqls3P/8AmpKSLppXVlbG9ddfH8cff3xMnjy58Nucy0rjdXV1MWXKlJgyZUrmNz2Xvf9pn567ySabxM033xytW7deC3excm688cZ46aWXIiKiU6dOceGFF+YbCAAAAAAAAAAAAABosUq6aB4RscEGG8Rdd90VP/vZz+Lxxx+PiBX/9UFpmkaSJMt9f1n5fO+9947zzz8/unbtuuZCf0mvvfZaXHvttYXzc889N7p3755jIgAAAAAAAAAAaNluOvKveUcAgEa+O3yfvCPQgpR80TwiokuXLnHttdfGM888E3/4wx9i7Nix0dDQkLnm0wXzz+5o3qpVq9hll13i2GOPjQEDBqy13CtjyZIlceaZZ8bSpUsj4pMi/JAhQ3JOBQAAAAAAAAAAAAC0ZE2iaL7MTjvtFDvttFPMmzcvxo4dG6+++mq8++67MXPmzKipqYklS5ZE27Zto3379lFdXR29e/eOLbbYIgYMGBAdO3bMO/5yXXHFFfHGG29ERER1dXVccMEF+QZaBbNmLcw7AgBAgWcTAGBVeIYAAFaV54imoW3eAQDgMzxDAACrynNEy1Vd3X6tf2aTKpov06lTp9h3331j3333zTvKann++efjlltuKZz/4he/iK5du+YXaBV9dgd5AIA8eTYBAFaFZwgAYFV5jgAAVoVnCABgVXmOYG1qkkXz1ZWmaSxdujQiIioqKqKsrGytZ1i0aFEMGzYsGhoaIiLioIMOij322GOt5wAAAAAAAAAAAAAA+Ky137AuASNHjoy+fftG375947TTTsslw0UXXRRTpkyJiIhNNtkkzjnnnFxyAAAAAAAAAAAAAAB8Vovc0byysrLwVwe89tpruWS4++67C8fvv/9+DBw48Avn1NfXZ8633nrrzPkrr7xSnHAAAAAAAAAAAAAAQIvWIovmL7zwQuF41qxZOSb5RF1d3SrNW7JkSZGTAAAAAAAAAAAAAAA00aJ5XV1dzJkzJ5YuXbrSc2pra2PGjBnx+OOPx/DhwyNJkkjTNBYvXrwGkwIAAAAAAAAAAAAAND1Npmj+/PPPx1/+8pcYN25czJgxY7XWStM0kiSJiIiuXbsWI96X9vrrr3/pOVdffXVcc801q7UGAAAAAAAAAAAAAMAXKfmi+eLFi2PYsGHx6KOPRsQnJfHVtaxkniRJDBw4cLXXAwAAAAAAAAAAAABoTkq6aL506dI49thj4+WXXy4UzJeVxFdXmqbRpUuXOPnkk4uyHgAAAAAAAAAAAABAc1GWd4DPc/XVV8eECRMi4pOCeZIkkabpl3p92rKxtm3bxpAhQ+Luu++OjTbaKI9bAwAAAAAAAAAAAAAoWSW7o/mCBQvitttuK+xgnqZpVFZWxre+9a342te+Fh07dozy8vI4++yzC9eccMIJsdlmm0V9fX3Mnj07JkyYEOPGjYuamppIkiT69esX559/fvTq1atoO6MDAAAAAAAAAAAAADQ3JVs0f+ihh2Lx4sWFQviOO+4YV111VXTt2jVz3dlnn1043mWXXWLgwIGZ9xcuXBjDhw+P6667Lp577rk4+eST46KLLoptt912jd8DAAAAAAAAAAAAAEBTVJZ3gBV58cUXI+KTncw7duwYV199daOS+cpo3759fO9734t77703evToEe+8804cddRRMXLkyGJHBgAAAAAAAAAAAABoFkq2aP7aa69FRESSJLHPPvtE586dV2u9Xr16xS233BKdO3eOurq6GDZsWLz88stFSLr2/OhHP4rXX3+98AIAAAAAAAAAAAAAWBNKtmg+e/bswnHfvn2LsubGG28cZ5xxRkRELF26NM4777yirAsAAAAAAAAAAAAA0JyUbNF8wYIFheOuXbuu1JylS5d+4TUHH3xwrL/++hER8frrr8fTTz+9agEBAAAAAAAAAAAAAJqpki2al5X9J1qapiu8rry8vHA8d+7clVp77733LhyPGjXqy4cDAAAAAAAAAAAAAGjGSrZo3q5du8LxnDlzVnhdZWVl4XjevHkrtXbv3r0Lx//6179WIR0AAAAAAAAAAAAAQPNVskXzzp07F44/+OCDFV7XsWPHwo7n06ZNW6m1u3XrFhGf7JT+eWsDAAAAAAAAAAAAALREJVs0//Su40899dQKr9tggw0Kx88+++xKrV1bW1s4rqmpWYV0AAAAAAAAAAAAAADNV8kWzbfaaquI+GTX8QkTJsQDDzyw3Ot69epVuG7ixInx8ssvf+Hazz//fOG4srKyCGkBAAAAAAAAAAAAAJqPki2a77XXXhERkSRJpGkaP/3pT+PCCy+M8ePHZ64bOHBg5rqzzjor5s+fv8J133nnnbjnnnsiSZKIiKiurl5DdwAAAAAAAAAAAAAA0DSVbNG8Z8+esdNOO0WappEkSdTX18cdd9wR3/nOd6Kurq5w3c477xxVVVUR8UnZ/O23344DDjggHnjggaipqSlcV1tbG/fff38cddRRUVtbW1h32223Xdu3BgAAAAAAAAAAAABQ0iryDvB5zjzzzDj00ENj6dKlhR3LO3bsGBUV/4ndoUOHOPzww+Pmm28u7FI+bdq0GDZsWEREdOrUKVq3bh2zZ8+O+vr6QsE8TdOIiNh3333X/o0BAAAAAAAAAAAAAJSwkt3RPCKiT58+cfHFF0d5eXlEfLJjeXV1daPrTjrppOjZs2fhmmVF8jRNY+7cuTFjxoyoq6srlMyXXbfDDjvErrvuuvZuCAAAAAAAAAAAAACgCSjponlExD777BN/+tOf4utf/3qkabrconn79u3jf//3f6NHjx6FncqXFc4/+4qISNM0Ntlkk7jqqqvW6r0AAAAAAAAAAAAAADQFFXkHWBlbbbVVDB8+PN5+++2YOXPmcq/p1atXjBgxIn7961/Hww8/HEuWLFnudZWVlXHIIYfEKaecElVVVWsyNgAAAAAAAAAAAABAk9QkiubL9OrVK3r16rXC9zt06BAXXXRRnH322fHEE0/ElClTYubMmZEkSXTp0iW+9rWvRf/+/aN9+/ZrMTUAAAAAAAAAAAAAQNPSpIrmK6tDhw4xdOjQvGMAAAAAAAAAAAAAADRJZXkHAAAAAAAAAAAAAACgtCiaAwAAAAAAAAAAAACQUZF3gGJYvHhx1NTUxNKlS6Nt27ZRWVkZrVu3zjsWAAAAAAAAAAAAAECT1KSK5vX19TF+/Ph4+umn49VXX43JkyfHtGnTor6+vtG1bdu2jY022ih69uwZ2223Xeyyyy7Ru3fvHFIDAAAAAAAAAAAAADQtTaJovmTJkrjrrrvixhtvjFmzZhXG0zRd4Zza2tp44403YtKkSfHYY4/FJZdcEptvvnmcdNJJsffee6+N2AAAAAAAAAAAAAAATVLJF80//PDD+P73vx+vv/56o2J5kiRfOP/Tc15//fU45ZRTYtddd43LL7882rdvX/S8AAAAAAAAAAAAAABNXVneAT7PRx99FIccckihZJ4kSeaVpukXvpY35+mnn44jjjgiampq8r5FAAAAAAAAAAAAAICSU9I7mp977rkxY8aMQkk84j87lHfp0iX69OkT6623XnTu3DnatGkTrVq1iiVLlsTHH38cs2bNig8//DD+/e9/x4IFCyIiMmXzN998M37+85/HxRdfnNv9AQAAAAAAAAAAAACUopItmr/yyivx97//PVMwr6ysjMMPPzz+3//7f7Hpppuu1DppmsbEiRPjz3/+c9x3332xdOnSQtn8gQceiCOPPDL69u27Jm8FAAAAAAAAAAAAAKBJKcs7wIo89NBDmfPNNtss7r///hg2bNhKl8wjPtnFfMstt4yf//zncffdd8cGG2yQef/+++8vRlwAAAAAAAAAAAAAgGajZIvmzz//fGHn8bZt28Z1110XPXv2XK01t9hii7juuuuioqKisPaLL75YpMQAAAAAAAAAAAAAAM1DyRbNZ86cGRGf7Ei+9957x8Ybb1yUdTfffPPYc889I03TiIiYOnVqUdYFAAAAAAAAAAAAAGguSrZoPnv27MJxv379irr2wIEDC8e1tbVFXRsAAAAAAAAAAAAAoKkr2aJ5q1atCruOd+vWrahrr7vuuoXjNm3aFHVtAAAAAAAAAAAAAICmrmSL5p8ul3/88cdFXXvZekmSRI8ePYq6NgAAAAAAAAAAAABAU1eyRfPevXsXjidPnlzUtadOnVo43mqrrYq6NgAAAAAAAAAAAABAU1eyRfPddtutcDx27Niirj1mzJjC8R577FHUtQEAAAAAAAAAAAAAmrqSLZrvv//+0aVLl4iI+Mc//hEvvPBCUdYdP358jB07NpIkiY022igGDRpUlHUBAAAAAAAAAAAAAJqLki2aV1VVxS9+8YtIkiQiIk4++eSYOHHiaq35zjvvxI9//OOIiCgvL48LL7wwyspK9v8CAAAAAAAAAAAAAIBclHTLes8994yLLrooWrduHXPmzIlDDz00fvWrX8Vbb731pdaZNWtWXHPNNXHQQQfFjBkzoqqqKq688sro16/fGkoOAAAAAAAAAAAAANB0VeQdYEXmz58f8+bNi2222SYuu+yyuPTSS+O9996LP/7xj/HHP/4xevfuHV//+tfjK1/5SlRXV0f79u2joqIilixZErW1tTF37tx4++23Y+LEifHKK69EQ0NDpGkaPXv2jP/+7/+OTp06xXPPPfelMu24445r6G4BAAAAAAAAAAAAAEpHyRbN+/XrF0mSZMaSJIk0TSMi4o033ohJkyat1FrL5iRJEpMnT46f/vSnXzpPkiQxceLELz0PAAAAAAAAAAAAAKCpKdmiecR/CuLLJElSKJ+nadro/RX5dGF9ZecAAAAAAAAAAAAAALRUJV00/+yO5iv73qquuSLK6QAAAAAAAAAAAABAS1LSRXMFbwAAAAAAAAAAAACAta9ki+a33nrrKu9aDgAAAAAAAAAAAADAqivZonn//v3zjgAAAAAAAAAAAAAA0CKV5R0AAAAAAAAAAAAAAIDSomgOAAAAAAAAAAAAAECGojkAAAAAAAAAAAAAABmK5gAAAAAAAAAAAAAAZFTkHeDLqq2tjQ8++CBqampi8eLFkabpaq+54447FiEZAAAAAAAAAAAAAEDz0CSK5i+//HLcc889MWbMmPjggw+KUi5fJkmSmDhxYtHWAwAAAAAAAAAAAABo6kq6aF5fXx/nn39+3HPPPRERRS2YAwAAAAAAAAAAAACwfCVdND/77LNjxIgRhfMkSYq6vuI6AAAAAAAAAAAAAEBjJVs0Hz9+fIwYMSJTLlcMBwAAAAAAAAAAAABY80q2aH7fffdlztM0ja222ir22muv2GKLLaJ79+5RWVkZFRUlewsAAAAAAAAAAAAAAE1Syba0X3zxxUiSJNI0jSRJ4txzz43vfOc7eccCAAAAAAAAAAAAAGj2yvIOsCIzZ86MiIgkSeIb3/iGkjkAAAAAAAAAAAAAwFpSskXzRYsWFY6/+c1v5pgEAAAAAAAAAAAAAKBlKdmiebt27SJN04iIWG+99XJOAwAAAAAAAAAAAADQcpRs0XyTTTYpHC9ZsiTHJAAAAAAAAAAAAAAALUvJFs379+9fOH7rrbdyTAIAAAAAAAAAAAAA0LKUbNH84IMPjvLy8oiIePDBB6OhoSHnRAAAAAAAAAAAAAAALUPJFs033njj+M53vhNpmsbbb78d1113Xd6RAAAAAAAAAAAAAABahJItmkdEnHHGGbHrrrtGmqZx7bXXxoUXXhiLFi3KOxYAAAAAAAAAAAAAQLNW0kXzVq1axf/+7//GySefHBUVFXHHHXfEHnvsEb/4xS/isccei/fff1/xHAAAAAAAAAAAAACgyCryDvBFKioq4rjjjosFCxbErbfeGnPnzo0777wz7rzzzqKsnyRJTJw4sShrAQAAAAAAAAAAAAA0ByVfNL/rrrvi8ssvj/nz50eSJBERkaZpzqkAAAAAAAAAAAAAAJqvki6a33jjjXHFFVcUiuXLiubL/nd1KawDAAAAAAAAAAAAADRWskXzd999N373u99FRLZYrhwOAAAAAAAAAAAAALBmlWzR/M9//nPU1dUVSuZpmkbbtm1jhx12iM033zzWW2+9qKysjIqKkr0FAAAAAAAAAAAAAIAmqWRb2s8++2xEfFIwT5IkBg8eHOedd1507do152QAAAAAAAAAAAAAAM1byRbN33///UiSJNI0jS222CKuvPLKvCMBAAAAAAAAAAAAALQIZXkHWJFFixZFRESSJDF06NCc0wAAAAAAAAAAAAAAtBwlWzRv3bp1pGkaERE9e/bMOQ0AAAAAAAAAAAAAQMtRskXzHj16FI7Ly8tzTAIAAAAAAAAAAAAA0LKUbNF8u+22Kxy///77OSYBAAAAAAAAAAAAAGhZSrZofsABBxSO//rXv+YXBAAAAAAAAAAAAACghSnZovn2228fgwYNijRNY/z48fHQQw/lHQng/2PvvqPsruv8j7/ulJBACoQQygChSAlt6VVQ2oIIyILLUiWggIhlV0EXQVDUzQIuLkpxV9dgocpCpAoIwk8RxBCS0LuBJKTXSc/M/f3Bmbv5BIgQQ+4k83ics8f53rnfmffVs2feufd5vxcAAAAAAAAAAACgS+i0oXmSDB48ONtss02q1WrOO++8DB06tN4jAQAAAAAAAAAAAACs8jp1aN6rV6/88pe/zIknnpi2tracd955OfHEE3PnnXdm+vTp9R4PAAAAAAAAAAAAAGCV1FTvAd7Nj370o9rX66yzTvbbb7889NBDGT58eIYPH54kWXfdddO3b9+sscYaqVQqy/R7KpVKfvazny2XmQEAAAAAAAAAAAAAVgWdNjT/z//8z7fF45VKJdVqtXY8fvz4jB8/fpkj82q1usznAgAAAAAAAAAAAACsqjptaN5h8bC8UqkIwwEAAAAAAAAAAAAAPmCdPjRf3OLROQAAAAAAAAAAAAAAH4xOG5rvuuuurl4OAAAAAAAAAAAAAFAHnTY0/+Uvf1nvEQAAAAAAAAAAAAAAuqSGeg8AAAAAAAAAAAAAAEDnIjQHAAAAAAAAAAAAAKAgNAcAAAAAAAAAAAAAoCA0BwAAAAAAAAAAAACgIDQHAAAAAAAAAAAAAKAgNAcAAAAAAAAAAAAAoNBUr188fPjwev3qt9l5553rPQIAAAAAAAAAAAAAQKdRt9D8hBNOSKVSqdevr6lUKnn22WfrPQYAAAAAAAAAAAAAQKdRt9C8Q7VarfcIAAAAAAAAAAAAAAAspu6heT2vai5yBwAAAAAAAAAAAAB4u7qG5kJvAAAAAAAAAAAAAIDOp26h+eDBg+v1qwEAAAAAAAAAAAAAWIq6heb/8A//UK9fDQAAAAAAAAAAAADAUjTUewAAAAAAAAAAAAAAADoXoTkAAAAAAAAAAAAAAAWhOQAAAAAAAAAAAAAABaE5AAAAAAAAAAAAAAAFoTkAAAAAAAAAAAAAAAWhOQAAAAAAAAAAAAAABaE5AAAAAAAAAAAAAAAFoTkAAAAAAAAAAAAAAAWhOQAAAAAAAAAAAAAABaE5AAAAAAAAAAAAAAAFoTkAAAAAAAAAAAAAAAWhOQAAAAAAAAAAAAAAhaZ6D8D/mTVrVu6999784Q9/yHPPPZfJkydn3rx5WWONNbLmmmtm4MCB2W233XLEEUekT58+9R4XAAAAAAAAAAAAAFhFCc07gfb29vz0pz/NNddck9bW1rd9f8aMGZkxY0ZGjx6d3/zmN/ne976Xz3zmM/nsZz+bpib/EwIAAAAAAAAAAAAAy5dKuc4WLFiQf/7nf84DDzxQ3N7c3JyNNtooPXr0yMyZMzNmzJhUq9Ukydy5c/PDH/4wo0aNytVXXy02BwAAAAAAAAAAAACWK4VynQ0ePLiIzNddd918+ctfzqGHHpru3bvXbp8xY0Z+9atf5Yc//GHmzZuXJHn44Ydz1VVX5Utf+tIKnxsAAAAAAAAAAAAAWHU11HuAruyFF17I9ddfXzseMGBAbr311hx11FFFZJ4kffr0yWc+85n8+Mc/TmNjY+32IUOGZPbs2StsZgAAAAAAAAAAAABg1Sc0r6MbbrihOP7Wt76Vfv36LfWc3XffPR//+Mdrx3Pnzs2f/vSnD2Q+AAAAAAAAAAAAAKBrEprX0RNPPFH7un///tlrr73e03n77bdfcfz6668v17kAAAAAAAAAAAAAgK6tqd4DdGXXX399pk2blunTp7+v89Zaa63ieMGCBctxKgAAAAAAAAAAAACgqxOa11GvXr3Sq1evbLzxxu/rvIkTJxbH66+//vIcCwAAAAAAAAAAAADo4hrqPQDv31133VX7urm5OXvuuWcdpwEAAAAAAAAAAAAAVjWuaL6SGTJkSP7whz/Ujo877riss846dZwoqVQqdf39AACLs5sAAMvCDgEALCt7BACwLOwQAMCyskewIgnNVwKLFi3KiBEjcu211+b++++v3b7ffvvl3HPPreNkb+nXr2e9RwAAqLGbrBzG13sAAFiCHWIlMbreAwDA29kjVg6t9R4AAJZghwAAlpU9ghVJaN4JXXvttbn77rvT1taWqVOnZtKkSVm4cGHt++uuu25OP/30nHjiiWloaKjjpAAAAAAAAAAAAADAqkho3gmNHTs2I0eOfNvta6+9dk488cSccsop6dnTO1IAAAAAAAAAAAAAgA+Gy2GvRKZMmZIf/OAH2W+//XLhhRdm0qRJ9R4JAAAAAAAAAAAAAFgFuaJ5J3T++efn/PPPT3t7e6ZOnZrJkyfn6aefzh133JHHHnsss2fPzk033ZR77rknV199dXbbbbe6zjt5cmtdfz8AwOLsJgDAsrBDAADLyh6xcuhe7wEAYAl2CABgWdkjuq5+/Xqu8N8pNO/EGhoa0q9fv/Tr1y9bb711PvnJT+a3v/1tzj333MyZMyczZ87MmWeemdtuuy0DBgyo25zVarVuvxsAYEl2EwBgWdghAIBlZY8AAJaFHQIAWFb2CFakhnoPwPtz0EEHZfDgwbXj2bNn53vf+14dJwIAAAAAAAAAAAAAVjVC85XQoYcemq222qp2/MADD2TWrFl1nAgAAAAAAAAAAAAAWJUIzVdSO+64Y+3rtra2PPPMM/UbBgAAAAAAAAAAAABYpQjN66harWbq1Kl58cUXM2XKlPd17pprrlkcz5w5czlOBgAAAAAAAAAAAAB0ZULzOrn33nuz3XbbZa+99soRRxyRG2644X2dP2PGjOK4d+/ey3M8AAAAAAAAAAAAAKALE5rXyRZbbJFFixbVjh9++OH3df7TTz9dHLe0tCyXuQAAAAAAAAAAAAAAhOZ1stlmm2XzzTevHY8aNSqPP/74ezr3+eefzzPPPFM73mijjbLRRhst9xkBAAAAAAAAAAAAgK5JaF5HgwYNKo7/9V//NePHj1/qOTNnzsy5556barVau+0f//EfP4jxAAAAAAAAAAAAAIAuSmheR8ccc0x23nnn2vHYsWNz9NFH56abbkpra2tx33nz5uWOO+7IUUcdlRdffLF2+4ABA3LKKaessJkBAAAAAAAAAAAAgFVfU70H6MoaGxtz9dVX57TTTsuzzz6bJJkyZUouvPDCfOtb38qGG26Ynj17Zs6cORkzZkwWLlxYnN+/f//85Cc/Sffu3esxPgAAAAAAAAAAAACwinJF8zpba621ctNNN+W0005Ljx49are3tbVl9OjReeaZZ/Laa68VkXlDQ0MOP/zw3H777dl4443rMTYAAAAAAAAAAAAAsApzRfNOoFu3bvna176W008/PXfffXcef/zxvPDCC5k+fXpaW1vTvXv39OnTJ1tssUV23nnnHH744Wlpaan32AAAAAAAAAAAAADAKkpo3on07ds3J510Uk466aR6jwIAAAAAAAAAAAAAdGEN9R4AAAAAAAAAAAAAAIDORWgOAAAAAAAAAAAAAEBBaA4AAAAAAAAAAAAAQEFoDgAAAAAAAAAAAABAQWgOAAAAAAAAAAAAAEBBaA4AAAAAAAAAAAAAQEFoDgAAAAAAAAAAAABAQWgOAAAAAAAAAAAAAEBBaA4AAAAAAAAAAAAAQEFoDgAAAAAAAAAAAABAQWgOAAAAAAAAAAAAAEBBaA4AAAAAAAAAAAAAQEFoDgAAAAAAAAAAAABAQWgOAAAAAAAAAAAAAEBBaA4AAAAAAAAAAAAAQEFoDgAAAAAAAAAAAABAQWgOAAAAAAAAAAAAAEBBaA4AAAAAAAAAAAAAQEFoDgAAAAAAAAAAAABAQWgOAAAAAAAAAAAAAEBBaA4AAAAAAAAAAAAAQEFoDgAAAAAAAAAAAABAQWgOAAAAAAAAAAAAAEBBaA4AAAAAAAAAAAAAQEFoDgAAAAAAAAAAAABAQWgOAAAAAAAAAAAAAEBBaA4AAAAAAAAAAAAAQEFoDgAAAAAAAAAAAABAQWgOAAAAAAAAAAAAAEBBaA4AAAAAAAAAAAAAQEFoDgAAAAAAAAAAAABAQWgOAAAAAAAAAAAAAEBBaA4AAAAAAAAAAAAAQEFoDgAAAAAAAAAAAABAQWgOAAAAAAAAAAAAAEBBaA4AAAAAAAAAAAAAQEFoDgAAAAAAAAAAAABAQWgOAAAAAAAAAAAAAEBBaA4AAAAAAAAAAAAAQEFoDgAAAAAAAAAAAABAQWgOAAAAAAAAAAAAAEBBaA4AAAAAAAAAAAAAQEFoDgAAAAAAAAAAAABAQWgOAAAAAAAAAAAAAEBBaA4AAAAAAAAAAAAAQEFoDgAAAAAAAAAAAABAQWgOAAAAAAAAAAAAAEBBaA4AAAAAAAAAAAAAQEFoDgAAAAAAAAAAAABAQWgOAAAAAAAAAAAAAEBBaA4AAAAAAAAAAAAAQEFoDgAAAAAAAAAAAABAQWgOAAAAAAAAAAAAAEBBaA4AAAAAAAAAAAAAQEFoDgAAAAAAAAAAAABAQWgOAAAAAAAAAAAAAEBBaA4AAAAAAAAAAAAAQEFoDgAAAAAAAAAAAABAQWgOAAAAAAAAAAAAAEBBaA4AAAAAAAAAAAAAQEFoDgAAAAAAAAAAAABAQWgOAAAAAAAAAAAAAEBBaA4AAAAAAAAAAAAAQEFoDgAAAAAAAAAAAABAQWgOAAAAAAAAAAAAAEBBaA4AAAAAAAAAAAAAQEFoDgAAAAAAAAAAAABAQWgOAAAAAAAAAAAAAEBBaA4AAAAAAAAAAAAAQEFoDgAAAAAAAAAAAABAQWgOAAAAAAAAAAAAAEBBaA4AAAAAAAAAAAAAQEFoDgAAAAAAAAAAAABAQWgOAAAAAAAAAAAAAEBBaA4AAAAAAAAAAAAAQEFoDgAAAAAAAAAAAABAQWgOAAAAAAAAAAAAAEBBaA4AAAAAAAAAAAAAQEFoDgAAAAAAAAAAAABAQWgOAAAAAAAAAAAAAEBBaA4AAAAAAAAAAAAAQEFoDgAAAAAAAAAAAABAQWgOAAAAAAAAAAAAAEBBaA4AAAAAAAAAAAAAQEFoDgAAAAAAAAAAAABAQWgOAAAAAAAAAAAAAEBBaA4AAAAAAAAAAAAAQEFoDgAAAAAAAAAAAABAQWgOAAAAAAAAAAAAAEBBaA4AAAAAAAAAAAAAQEFoDgAAAAAAAAAAAABAQWgOAAAAAAAAAAAAAEBBaA4AAAAAAAAAAAAAQEFoDgAAAAAAAAAAAABAQWgOAAAAAAAAAAAAAEBBaA4AAAAAAAAAAAAAQEFoDgAAAAAAAAAAAABAQWgOAAAAAAAAAAAAAEBBaA4AAAAAAAAAAAAAQEFoDgAAAAAAAAAAAABAQWgOAAAAAAAAAAAAAEBBaA4AAAAAAAAAAAAAQEFoDgAAAAAAAAAAAABAQWgOAAAAAAAAAAAAAEBBaA4AAAAAAAAAAAAAQEFoDgAAAAAAAAAAAABAQWgOAAAAAAAAAAAAAEBBaA4AAAAAAAAAAAAAQKGp3gNQeuyxx/Lb3/42w4YNy4QJEzJr1qysttpq6dOnT7beeuvsvvvuOeqoo7LmmmvWe1QAAAAAAAAAAAAAYBUlNO8knn322VxwwQV55pln3va9hQsXprW1NWPHjs0DDzyQyy+/PGeffXZOP/30NDS4KD0AAAAAAAAAAAAAsHyplDuB3/zmNzn22GPfFpn3798/2267bTbZZJM0NjbWbp8/f34uv/zynHPOOalWqyt6XAAAAAAAAAAAAABgFeeK5nU2atSonHPOOVm4cGHttqOPPjpnnHFGNt1009ptra2tueWWW3LFFVdkzpw5SZK77rorO+ywQwYNGrSixwYAAAAAAAAAAAAAVmGuaF5nF154YRGZX3DBBRk8eHARmSdJz549M2jQoAwZMiTNzc2126+++urMmzdvhc0LAAAAAAAAAAAAAKz6hOZ19Pjjj+e5556rHe+33345+eSTl3rOjjvumKOPPrp2PGPGjDz22GMf2IwAAAAAAAAAAAAAQNcjNK+jhx9+uDg+/vjj39N5Bx98cHH81FNPLbeZAAAAAAAAAAAAAACa6j1AV7bnnnumR48emTRpUiZPnpyddtrpPZ3X0tJSHE+ZMuWDGA8AAAAAAAAAAAAA6KKE5nW07777Zt99933f57W2thbHTU3+ZwQAAAAAAAAAAAAAlp+Geg/A+/faa68VxxtuuGGdJgEAAAAAAAAAAAAAVkUuhb0Suv3224vjZbkq+vJUqVTq+vsBABZnNwEAloUdAgBYVvYIAGBZ2CEAgGVlj2BFEpqvZB599NE88sgjteO99947m2++eR0nSvr161nX3w8AsDi7ycphfL0HAIAl2CFWEqPrPQAAvJ09YuXQWu8BAGAJdggAYFnZI1iRGuo9AO/d1KlTc/7556darSZJmpqa8tWvfrXOUwEAAAAAAAAAAAAAqxqh+UqitbU1Z5xxRsaOHVu77Qtf+EIGDhxYx6kAAAAAAAAAAAAAgFWR0HwlMHXq1Jxyyil56qmnarcdfvjhOfPMM+s4FQAAAAAAAAAAAACwqmqq9wAs3SuvvJLPfvazef3112u3HXzwwbnkkktSqVTqONn/mTy5td4jAADU2E0AgGVhhwAAlpU9YuXQvd4DAMAS7BAAwLKyR3Rd/fr1XOG/U2jeiT3yyCP50pe+lFmzZtVu++QnP5mLL744jY2NdZysVK1W6z0CAECN3QQAWBZ2CABgWdkjAIBlYYcAAJaVPYIVqaHeA/DObrzxxpxxxhlFZH7mmWfmu9/9bqeKzAEAAAAAAAAAAACAVY8rmncy7e3tufTSSzNkyJDabc3Nzbn44otz9NFH13EyAAAAAAAAAAAAAKCrEJp3Im1tbfnqV7+aO++8s3bbWmutlSuvvDK77rprHScDAAAAAAAAAAAAALoSoXkn0d7ennPPPTd33XVX7baNN944P/7xj7PJJpvUbzAAAAAAAAAAAAAAoMtpqPcAvGXw4MFFZL799tvnxhtvFJkDAAAAAAAAAAAAACucK5p3AjfddFN+/vOf144HDhyYIUOGpFevXnWcCgAAAAAAAAAAAADoqlzRvM7+8pe/ZPDgwbXjAQMG5Cc/+YnIHAAAAAAAAAAAAACoG6F5nZ1//vmZO3dukmS11VbLVVddlX79+tV5KgAAAAAAAAAAAACgKxOa19Hvf//7DBs2rHZ86qmnZosttqjjRAAAAAAAAAAAAAAASVO9B+jK/uu//qs4fvDBB/Poo48u08+68sor079//+UxFgAAAAAAAAAAAADQxQnN62jcuHHF8YsvvrjMP2vBggV/6zgAAAAAAAAAAAAAAEmShnoPAAAAAAAAAAAAAABA5+KK5nX04IMP1nsEAAAAAAAAAAAAAIC3cUVzAAAAAAAAAAAAAAAKQnMAAAAAAAAAAAAAAApCcwAAAAAAAAAAAAAACkJzAAAAAAAAAAAAAAAKQnMAAAAAAAAAAAAAAApCcwAAAAAAAAAAAAAACkJzAAAAAAAAAAAAAAAKQnMAAAAAAAAAAAAAAApCcwAAAAAAAAAAAAAACkJzAAAAAAAAAAAAAAAKQnMAAAAAAAAAAAAAAApCcwAAAAAAAAAAAAAACkJzAAAAAAAAAAAAAAAKQnMAAAAAAAAAAAAAAApCcwAAAAAAAAAAAAAACkJzAAAAAAAAAAAAAAAKQnMAAAAAAAAAAAAAAApCcwAAAAAAAAAAAAAACkJzAAAAAAAAAAAAAAAKQnMAAAAAAAAAAAAAAApCcwAAAAAAAAAAAAAACkJzAAAAAAAAAAAAAAAKQnMAAAAAAAAAAAAAAApCcwAAAAAAAAAAAAAACkJzAAAAAAAAAAAAAAAKQnMAAAAAAAAAAAAAAApCcwAAAAAAAAAAAAAACkJzAAAAAAAAAAAAAAAKQnMAAAAAAAAAAAAAAApCcwAAAAAAAAAAAAAACkJzAAAAAAAAAAAAAAAKQnMAAAAAAAAAAAAAAApCcwAAAAAAAAAAAAAACkJzAAAAAAAAAAAAAAAKQnMAAAAAAAAAAAAAAApCcwAAAAAAAAAAAAAACkJzAAAAAAAAAAAAAAAKQnMAAAAAAAAAAAAAAApCcwAAAAAAAAAAAAAACkJzAAAAAAAAAAAAAAAKQnMAAAAAAAAAAAAAAApCcwAAAAAAAAAAAAAACkJzAAAAAAAAAAAAAAAKQnMAAAAAAAAAAAAAAApCcwAAAAAAAAAAAAAACkJzAAAAAAAAAAAAAAAKQnMAAAAAAAAAAAAAAApCcwAAAAAAAAAAAAAACkJzAAAAAAAAAAAAAAAKQnMAAAAAAAAAAAAAAApCcwAAAAAAAAAAAAAACkJzAAAAAAAAAAAAAAAKQnMAAAAAAAAAAAAAAApCcwAAAAAAAAAAAAAACkJzAAAAAAAAAAAAAAAKQnMAAAAAAAAAAAAAAApCcwAAAAAAAAAAAAAACkJzAAAAAAAAAAAAAAAKQnMAAAAAAAAAAAAAAApCcwAAAAAAAAAAAAAACkJzAAAAAAAAAAAAAAAKQnMAAAAAAAAAAAAAAApCcwAAAAAAAAAAAAAACkJzAAAAAAAAAAAAAAAKQnMAAAAAAAAAAAAAAApCcwAAAAAAAAAAAAAACkJzAAAAAAAAAAAAAAAKQnMAAAAAAAAAAAAAAApCcwAAAAAAAAAAAAAACkJzAAAAAAAAAAAAAAAKQnMAAAAAAAAAAAAAAApCcwAAAAAAAAAAAAAACkJzAAAAAAAAAAAAAAAKQnMAAAAAAAAAAAAAAApCcwAAAAAAAAAAAAAACkJzAAAAAAAAAAAAAAAKQnMAAAAAAAAAAAAAAApCcwAAAAAAAAAAAAAACkJzAAAAAAAAAAAAAAAKQnMAAAAAAAAAAAAAAApCcwAAAAAAAAAAAAAACkJzAAAAAAAAAAAAAAAKQnMAAAAAAAAAAAAAAApCcwAAAAAAAAAAAAAACkJzAAAAAAAAAAAAAAAKQnMAAAAAAAAAAAAAAApCcwAAAAAAAAAAAAAACkJzAAAAAAAAAAAAAAAKQnMAAAAAAAAAAAAAAApCcwAAAAAAAAAAAAAACkJzAAAAAAAAAAAAAAAKQnMAAAAAAAAAAAAAAApCcwAAAAAAAAAAAAAACkJzAAAAAAAAAAAAAAAKQnMAAAAAAAAAAAAAAApCcwAAAAAAAAAAAAAACkJzAAAAAAAAAAAAAAAKQnMAAAAAAAAAAAAAAApCcwAAAAAAAAAAAAAACkJzAAAAAAAAAAAAAAAKQnMAAAAAAAAAAAAAAApCcwAAAAAAAAAAAAAACkJzAAAAAAAAAAAAAAAKQnMAAAAAAAAAAAAAAApCcwAAAAAAAAAAAAAACkJzAAAAAAAAAAAAAAAKQnMAAAAAAAAAAAAAAApCcwAAAAAAAAAAAAAACkLzTur111/PP/3TP2Wrrbaq/d+YMWPqPRYAAAAAAAAAAAAA0AUIzTuhX/3qV/nEJz6RESNG1HsUAAAAAAAAAAAAAKALaqr3APyfqVOn5oILLsgDDzxQ71EAAAAAAAAAAAAAgC7MFc07iYceeihHHHFEEZmvt956dZwIAAAAAAAAAAAAAOiqhOZ1Vq1Wc9FFF+XMM8/M5MmTkyR9+vTJD3/4w3zyk5+s83QAAAAAAAAAAAAAQFckNK+zBQsW5MYbb6wd77bbbvn1r3+dv//7v6/jVAAAAAAAAAAAAABAV9ZU7wF4S2NjYz73uc/lrLPOSmNjY73HAQAAAAAAAAAAAAC6MKF5J9DS0pLLLrssu+yyS71HAQAAAAAAAAAAAAAQmtdbc3Nzhg4dmt69e9d7FAAAAAAAAAAAAACAJElDvQfo6hoaGkTmAAAAAAAAAAAAAECn4orm/M0qlUq9RwAAqLGbAADLwg4BACwrewQAsCzsEADAsrJHsCIJzfmb9evXs94jAADU2E1WDuPrPQAALMEOsZIYXe8BAODt7BErh9Z6DwAAS7BDAADLyh7BitRQ7wEAAAAAAAAAAAAAAOhchOYAAAAAAAAAAAAAABSE5gAAAAAAAAAAAAAAFJrqPQArv8mTW+s9AgBAjd0EAFgWdggAYFnZI1YO3es9AAAswQ4BACwre0TX1a9fzxX+O4Xm/M2q1Wq9RwAAqLGbAADLwg4BACwrewQAsCzsEADAsrJHsCI11HsAAAAAAAAAAAAAAAA6F6E5AAAAAAAAAAAAAAAFoTkAAAAAAAAAAAAAAAWhOQAAAAAAAAAAAAAABaE5AAAAAAAAAAAAAAAFoTkAAAAAAAAAAAAAAAWhOQAAAAAAAAAAAAAABaE5AAAAAAAAAAAAAAAFoTkAAAAAAAAAAAAAAIWmeg/Q1Z199tmZNGnSO35v/PjxxfHnP//5dOvW7R3ve+WVV6Z///7LfT4AAAAAAAAAAAAAoOsRmtfZc889l7Fjx77n+76bBQsWLK+RAAAAAAAAAAAAAIAurqHeAwAAAAAAAAAAAAAA0Lm4onmdPfjgg/UeAQAAAAAAAAAAAACg4IrmAAAAAAAAAAAAAAAUhOYAAAAAAAAAAAAAABSE5gAAAAAAAAAAAAAAFITmAAAAAAAAAAAAAAAUhOYAAAAAAAAAAAAAABSE5gAAAAAAAAAAAAAAFITmAAAAAAAAAAAAAAAUhOYAAAAAAAAAAAAAABSE5gAAAAAAAAAAAAAAFITmAAAAAAAAAAAAAAAUhOYAAAAAAAAAAAAAABSE5gAAAAAAAAAAAAAAFITmAAAAAAAAAAAAAAAUhOYAAAAAAAAAAAAAABSE5gAAAAAAAAAAAAAAFITmAAAAAAAAAAAAAAAUhOYAAAAAAAAAAAAAABSE5gAAAAAAAAAAAAAAFITmAAAAAAAAAAAAAAAUhOYAAAAAAAAAAAAAABSE5gAAAAAAAAAAAAAAFITmAAAAAAAAAAAAAAAUhOYAAAAAAAAAAAAAABSE5gAAAAAAAAAAAAAAFITmAAAAAAAAAAAAAAAUhOYAAAAAAAAAAAAAABSE5gAAAAAAAAAAAAAAFITmAAAAAAAAAAAAAAAUhOYAAAAAAAAAAAAAABSE5gAAAAAAAAAAAAAAFITmAAAAAAAAAAAAAAAUhOYAAAAAAAAAAAAAABSE5gAAAAAAAAAAAAAAFITmAAAAAAAAAAAAAAAUhOYAAAAAAAAAAAAAABSE5gAAAAAAAAAAAAAAFITmAAAAAAAAAAAAAAAUhOYAAAAAAAAAAAAAABSE5gAAAAAAAAAAAAAAFITmAAAAAAAAAAAAAAAUhOYAAAAAAAAAAAAAABSE5gAAAAAAAAAAAAAAFITmAAAAAAAAAAAAAAAUhOYAAAAAAAAAAAAAABSE5gAAAAAAAAAAAAAAFITmAAAAAAAAAAAAAAAUhOYAAAAAAAAAAAAAABSE5gAAAAAAAAAAAAAAFITmAAAAAAAAAAAAAAAUhOYAAAAAAAAAAAAAABSE5gAAAAAAAAAAAAAAFITmAAAAAAAAAAAAAAAUhOYAAAAAAAAAAAAAABSE5gAAAAAAAAAAAAAAFITmAAAAAAAAAAAAAAAUhOYAAAAAAAAAAAAAABSE5gAAAAAAAAAAAAAAFITmAAAAAAAAAAAAAAAUhOYAAAAAAAAAAAAAABSE5gAAAAAAAAAAAAAAFITmAAAAAAAAAAAAAAAUhOYAAAAAAAAAAAAAABSE5gAAAAAAAAAAAAAAFITmAAAAAAAAAAAAAAAUhOYAAAAAAAAAAAAAABSE5gAAAAAAAAAAAAAAFITmAAAAAAAAAAAAAAAUhOYAAAAAAAAAAAAAABSE5gAAAAAAAAAAAAAAFITmAAAAAAAAAAAAAAAUhOYAAAAAAAAAAAAAABSE5gAAAAAAAAAAAAAAFITmAAAAAAAAAAAAAAAUhOYAAAAAAAAAAAAAABSE5gAAAAAAAAAAAAAAFITmAAAAAAAAAAAAAAAUhOYAAAAAAAAAAAAAABSE5gAAAAAAAAAAAAAAFITmAAAAAAAAAAAAAAAUhOYAAAAAAAAAAAAAABSE5gAAAAAAAAAAAAAAFITmAAAAAAAAAAAAAAAUhOYAAAAAAAAAAAAAABSE5gAAAAAAAAAAAAAAFITmAAAAAAAAAAAAAAAUhOYAAAAAAAAAAAAAABSE5gAAAAAAAAAAAAAAFITmAAAAAAAAAAAAAAAUhOYAAAAAAAAAAAAAABSE5gAAAAAAAAAAAAAAFITmAAAAAAAAAAAAAAAUhOYAAAAAAAAAAAAAABSE5gAAAAAAAAAAAAAAFITmAAAAAAAAAAAAAAAUhOYAAAAAAAAAAAAAABSE5gAAAAAAAAAAAAAAFITmAAAAAAAAAAAAAAAUhOYAAAAAAAAAAAAAABSE5gAAAAAAAAAAAAAAFITmAAAAAAAAAAAAAAAUhOYAAAAAAAAAAAAAABSE5gAAAAAAAAAAAAAAFITmAAAAAAAAAAAAAAAUhOYAAAAAAAAAAAAAABSE5gAAAAAAAAAAAAAAFITmAAAAAAAAAAAAAAAUhOYAAAAAAAAAAAAAABSE5gAAAAAAAAAAAAAAFJrqPQCl4cOH5/7778/jjz+eCRMmZPr06VljjTWyzjrrZJdddskBBxyQj3zkI/UeEwAAAAAAAAAAAABYhQnNO4kJEybkwgsvzEMPPfS2702fPj3Tp0/PSy+9lBtvvDE777xzvvOd72TzzTdf8YMCAAAAAAAAAAAAAKu8hnoPQDJ27NiceOKJb4vM11lnnQwcODAtLS1paPi//6mGDx+ek08+OS+99NIKnhQAAAAAAAAAAAAA6Apc0bzO5s+fn89+9rN54403arcdcsgh+eIXv5gPfehDtdsmTpyYIUOGZMiQIalWq5kyZUpOP/303H777endu3c9RgcAAAAAAAAAAAAAVlGuaF5nP/vZz/Liiy/Wjk888cT84Ac/KCLzJOnfv3++9rWv5YILLqjd9uabb+bKK69cYbMCAAAAAAAAAAAAAF2D0LyOFixYkCFDhtSON9xww5x33nlLPeekk07K7rvvXju+6aabMmPGjA9sRgAAAAAAAAAAAACg6xGa19FDDz2UqVOn1o5PPvnkNDc3/9XzBg0aVPt63rx5ueuuuz6I8QAAAAAAAAAAAACALkpoXkcPPvhgcfz3f//37+m8fffdN6uttlrt+IEHHliucwEAAAAAAAAAAAAAXZvQvI6GDx9e+7qlpSUbbLDBezqvW7du+bu/+7va8ZNPPpn29vblPh8AAAAAAAAAAAAA0DUJzetk7ty5ef3112vHAwcOfF/nb7XVVrWvZ8+enTfeeGO5zQYAAAAAAAAAAAAAdG1N9R6gqxozZkyq1WrtuKWl5X2dv+GGGxbHo0ePzoABA5bLbO9XpVKpy+8FAHgndhMAYFnYIQCAZWWPAACWhR0CAFhW9ghWJKF5nUyePLk4Xnvttd/X+Uvef8qUKX/zTMuqX7+edfvdAABLspusHMbXewAAWIIdYiUxut4DAMDb2SNWDq31HgAAlmCHAACWlT2CFamh3gN0VTNnziyOe/Z8f/+Pv+T9Z8yY8TfPBAAAAAAAAAAAAACQuKJ53cyfP7847tat2/s6f8n7L/nzYEX485kfqvcIAMBKar07fl/vEQCAldDIXS6v9wgAwEqq56fr9+nAAMDK6zPXf6zeIwAA1JUrmtdJe3t7cdzY2Pi+zl/y/gsXLvybZwIAAAAAAAAAAAAASITmdbNkKN7W1va+zl/y/s3NzX/zTAAAAAAAAAAAAAAAidC8brp3714cL1iw4H2dP3/+/OJ4tdVW+5tnAgAAAAAAAAAAAABIhOZ107t37+J41qxZ7+v8mTNnFsdrrbXW3zwTAAAAAAAAAAAAAEAiNK+b/v37F8eTJ09+X+cvef8lfx4AAAAAAAAAAAAAwLISmtfJhhtumMbGxtrxmDFj3tf5o0ePLo433XTT5TIXAAAAAAAAAAAAAIDQvE6am5vzoQ99qHb8zDPPvK/zn3766drX/fr1y3rrrbfcZgMAAAAAAAAAAAAAujaheR3ttttuta8nTpyY11577T2dN2PGjDz//PO149133325zwYAAAAAAAAAAAAAdF1C8zo66KCDiuN77rnnPZ133333pb29vXZ8yCGHLNe5AAAAAAAAAAAAAICuTWheR3vuuWc23njj2vH111+fOXPmLPWcRYsWZciQIbXjfv365YADDvjAZgQAAAAAAAAAAAAAuh6heR1VKpWcddZZteNJkybloosuSrVafddzvve97+WVV16pHX/2s59Nt27dPtA5AQAAAAAAAAAAAICupVJdWtXMB65areaUU07Jn/70p9pt+++/f77yla9kiy22qN02evTo/OAHP8idd95Zu22nnXbKddddl8bGxhU6MwAAAAAAAAAAAACwahOadwIzZ87Mqaeemqeffrq4vX///unXr1+mTZuWN998s/je1ltvnWuvvTZrrbXWihwVAAAAAAAAAAAAAOgChOadxMyZMzN48ODcdtttWdr/JJVKJUceeWS+/vWvZ80111xxAwIAAAAAAAAAAAAAXYbQvJN5/vnnc9ddd+WPf/xj3nzzzcycOTO9e/fO+uuvn7322iuHHXZYttlmm3qPCQAAAAAAAAAAAACswoTmAAAAAAAAAAAAAAAUGuo9AAAAAAAAAAAAAAAAnYvQHAAAAAAAAAAAAACAgtAcAAAAAAAAAAAAAICC0BwAAAAAAAAAAAAAgILQHAAAAAAAAAAAAACAgtAcAAAAAAAAAAAAAICC0BwAAAAAAAAAAAAAgILQHAAAAAAAAAAAAACAgtAcAAAAAAAAAAAAAICC0BwAAAAAAAAAAAAAgILQHAAAAAAAAAAAAACAgtAcAAAAAAAAAAAAAICC0BwAAAAAAAAAAAAAgILQHAAAAAAAAAAAAACAgtAcAAAAAAAAAAAAAICC0BwAAAAAAAAAAAAAgILQHAAAAAAAAAAAAACAgtAcAAAAAAAAAAAAAICC0BwAAAAAAAAAAAAAgILQHACWor29PUkyevTo/OUvf6nvMAAAAAAAAAAAALCCCM0B4F20t7enoaEhw4YNyzHHHJORI0fWbgcAAAAAAAAAAIBVmdAcAN5FQ0NDnnjiiZx00klpbW3Nz3/+80ydOjUNDf58AgDvrlqtLvUYAOC9sEMAAMvKHgEAvB92BwCWRikHAO9iwYIFueuuu5Ik3bt3z9ixY/OnP/0pSdLW1lbP0QCATqxSqSz1GADgvVhyh/CiLwDwXnXsET6hFQB4J0s+x+B1DACWpqneAwBAZ9WtW7fstttuueWWWzJv3rzMmzcv99xzTz72sY+lsbGx3uMBAJ1ItVpNpVLJrFmzMn78+Nx0002ZOnVqJk+enIEDB+bDH/5w9t1333qPCQB0Qh17xJw5czJv3rzcfvvtmTZtWtrb27P55ptnxx13zCabbOJFXwCgsPgOMX369Nx6662ZNWtW5s2bl0033TQHHnhgNtpoo3qPCQB0Mu3t7bVPcZ86dWrGjx+fkSNHZp111sl6662X7bbbrs4TAtDZVKougwIAS3XuuefmjjvuSKVSSbVazeWXX57DDjus3mMBAJ1Ex5OyL7/8coYMGZLHH388b7zxRm13SJIePXrkhz/8Yfbcc880NXnPNwDwlo494tVXX82NN96YRx55JK+88kpxn3322SdnnXVWdt111zpNCQB0NovvEDfccEP+8Ic/5LXXXivuM2DAgFx++eUZOHBgLSYDALq2xSPzu+++O7fffnsee+yxzJs3r/aaxqmnnpqPfvSj2WOPPeo8LQCdhVe3AeBddPwj65hjjskTTzyRN998M5VKJSNGjMhhhx1Wu1oIANB1dewLI0eOzLnnnpsJEyZk/vz5aWhoqH2vvb09H/7wh7PhhhuKzAGAmo5dYdSoUTn//PMzZsyYzJ07t7hPc3Nz+vTpk/XWW69OUwIAnc3iO8R5552XcePGZe7cubXnIJKkqakpW221VXr37i0yBwCSlJH5ddddl0suuSRtbW1pa2tLU1NTGhoasmDBggwZMiRPPvlkjjzyyJxwwgl1nhqAzsAr3ADwLjr+kbXddttls802y7hx45IkN9xwQw4//PDssMMO9RwPAKizjidln3zyyZx22mm1MKxnz57Zfffds9FGG6WtrS3PP/98Tj755GyyySb1HRgA6DTebY/o0aNHtt1222ywwQYZN25cGhoacsopp2TDDTes88QAQGew+A7x6U9/OnPmzEny1g4xcODArLfeelm4cGFeffXVDBo0KBtttFGdJwYAOoNqtVrrH37xi1/ku9/9bu17PXr0yNy5c2sXyum4+N7EiRPT2tqaM844oy4zA9B5CM0BYCmq1Wp69uyZL3/5yxkxYkRaW1uzcOHC3HLLLdlyyy2z2mqruao5AHRBHU/KPvXUUzn99NMzd+7cNDY2ZrPNNstll12WTTbZJN27d0+SLFq0yJXMAYCajj1i1KhRtT2ioaEhG2+8cb7zne9kyy23TO/evdPW1paJEydm/fXXr/fIAEAnsPgO0RGZVyqVbLrpphk8eHA22WST9OnTJ0kyc+bM9O7du84TAwCdRUfTcO+99+aSSy6p3b733nvnhBNOqL1R7dZbb83YsWPT0NCQcePG5Wc/+1kWLVqUz33uc/UaHYBOwCvdALAUlUol1Wo1G2+8cQ4++OD8+te/Tnt7ex5//PHMnj073bt3Lz5iCgDoGiqVSl577bVceOGFaW1tTVNTU/bYY49cfPHFaWlpyaJFi5IkbW1taWxsrJ1XrVa9SQ0AurhKpZJXXnklX/va19La2prm5ubstttu+fa3v52WlpZUq9VUq9U0Nja+a2S+5I4BAKz6OnaI888/P3PmzHnbDtHxXER7e3t69eqVxPMQAMBbqtVqpk2bVusdunfvnmOOOSbf+MY3ivt98pOfzNlnn52nn346lUolU6ZMyXXXXZckYnOALkwVBwB/RaVSSc+ePXPAAQekvb09SfKXv/wl11xzTZKIzAGgi6lWq5k/f35uvfXWvPHGG0mSzTffvBaZt7e3165g3tjYWLygu/jXCxcuzMKFC1fs8ABA3bW2tuYXv/hFxo8fnyTZcsst853vfKe2R1Qqlb8ahC0ZmXc8XwEArLpmz56d66+/PmPGjEny9h2i47mIhoaG2i7xTjtFtVpdcUMDAJ1CRzT++OOPp729PYccckgtMu94naKtrS3rrrtuhgwZkn322af2hrWO2Pzqq6+u50MAoI5c0RyALuedrkD+Xq5KfvDBB+fYY4/NzTffnCQZNWpUxowZkw033NBVQQCgC6lUKpk3b14efvjhtLa2pmfPnrnkkktqL+wuuVN0XHF03rx5mTZtWu644468/vrrefnll9PU1JSDDjoo22+/fXbZZZc6PSIAYEXoeO5g2rRpefTRRzN37tz07t07l112WTbYYIOl7hELFixItVrN3XffnbFjx+Yvf/lLWlpasummm+aoo45KQ0OD5yYAYBU3c+bM2g7Rq1evXHrppe9ph5g7d25+85vf5M0338wbb7yRxsbGfPzjH8+AAQOyySab1OfBAAAfqMX3g0WLFqWpqSkjRoxIa2trttpqq1x00UVJ3toZmpubk7z1pva2trb06tUrV1xxRb70pS/lkUcecWVzAITmAHQtHf+g+vOf/5wRI0Zk//33z4c+9KG/Gpl3vFi777775sEHH8zkyZMzatSoPPTQQznppJO8kAsAXcx9992XF198MZVKJXvssUe22mqr2ou4SfnR1I2NjXnzzTdz1VVX5emnn87zzz+fhoaG2pVHn3jiiQwcODDHHntsjjvuuLo9JgBgxbjlllsyevToNDU15ZBDDslmm22WhQsX1l7YXXKPmDBhQn7xi19k2LBhGTFiRPGzKpVKhg4dmssvvzx9+/Z9T2+kBwBWTkOHDs2rr76aSqWSww47LJtvvnktHEvevkNMnDgxQ4YMyfDhwzNy5MjiZz344IPZaaedcuqpp2bvvfde4Y8FAPjgLP7cwK9+9au88cYb+fznP1/bGTbZZJOsvvrqxR7RoSM279mzp9gcgBqhOQBdRrVaTUNDQ4YPH56TTz45SXL77bdn2223zVlnnZW+ffumV69etSdjF39StuM/DzjggNx88835/e9/nyS58cYbs/fee2ezzTarz4MCAOpi2rRpSd7aLxobG1OpVGr7wuI7xMsvv5xhw4blyiuvzOTJk5OkuG+H5557Lj/96U+z+uqr58gjj1yBjwQAWFE6/v5Pnz49yVtXFOvZs2eSpLm5OdVqtbjf66+/npEjR+ayyy7LxIkTa99raGgo3uD22GOP5XOf+1x+/vOfp1u3bq5sDgCrqClTpiR563mHjiisIyJb/O//6NGjM2LEiFx++eWZMGFCkrd2iMbGxrS3t6daraa1tTWPPvpoZsyYkdVWW82nrAHAKqRjPxgyZEguueSS9O/fPz179kxLS0uampqywQYbFPdbktgcgCUJzQFYJSz+YuziVwFbXKVSyahRo/KpT30qSdKtW7e88soreemll/L444/n7/7u73Lcccdl5513TnNzcyqVSvFu3/b29jQ2NubLX/5yXnzxxUyYMCFvvvlmXnrppWy22WbFi7wAwKqtR48eta9fffXVzJo1K7169SruM3To0Pzv//5vnn766cydO7d2e7VazdZbb53m5uaMGzeuFo69/vrruf/++7PvvvtmrbXWWjEPBABYYToCsKlTpyZ56wXdl156KWPHjk1LS0sRh99zzz0ZOnRohg0bltmzZydJ7U3xG2+8cRYsWJC5c+fWftaIESNy/vnn57LLLhOZA8AqavHXH8aNG5fk7YHY3Xffndtuuy3Dhg2rPRfRsUN07BujR49O8tab3p5//vncfffd2XbbbdOtWzefjAIAq4hHH300l1xySZJk4sSJGTp0aLbddtu0tbXVdoSl/d0XmwOwOKE5AKuEjhdR77333tx22235t3/7t/Tt2zfVarUWiE+YMCHjx4/PQQcdVAvMO84bN25cxo0bl3vuuSdHHnlkdtlll/zTP/1TEZl3fL3uuutm++23z4QJEzJ79uxcc801+fCHP5w11lijPg8eAFjhWlpaal+//PLLOf300/PFL34xffv2zbBhw/L0009n6NChbzvvhBNOyO67755DDz00STJ16tRceOGF+e1vf5skuf/++3PCCSdkr732WiGPAwBY8Xbdddf87ne/y6JFizJixIgMHTo0++67b7beeuv87ne/y5/+9Kdcf/31aWhoSHt7e+28I444Irvttls+9rGPpb29PX/84x8zdOjQPPTQQ2lsbMxTTz2VV1991aeuAcAqap111ql9/bvf/S4XX3xxTjzxxKy55pr54x//mOHDh+eGG26oheUdjjrqqOy222456qij0t7enpEjR+a73/1unn322SxYsCB33XVXTjvttOK5DgBg5bbXXnvlH//xH3Prrbemra0tr776aqZMmZJqtZrHHnus9qb3pRGbA9ChUl38X5kAsBJ77bXXcthhh6Varebggw/Ot771rfTt2zdJMmzYsJx00kk544wzctxxx6V79+750Y9+lGeeeSZPPPFEkrztBdx99tknBxxwQA4++OD079+/+F2///3vc/rppydJevXqlYsuuiiHH354EaQDAKuu9vb2nHfeefn1r39dewG3401nHVcd7dCnT5+0tLTknHPOyR577FG7AlnHp7BMmjQpxx9/fMaMGZMkueiii3L88cev2AcEAKwwzz33XE466aTaztBx9dA+ffpk8uTJaWtrq913jTXWyNprr52vfvWr2XPPPdOzZ8/a9xYtWpSHH344F1xwQaZPn55qtZof/ehH+ehHP7qiHxIAsALMmDEjZ511VoYPH167bZ111km1Ws306dOzaNGi2u09e/ZMv3798q//+q/Zbbfdas9ZdHwy67Bhw3Lqqadm4cKFSZJrrrkm+++//4p9QADAB2LxT2L/5je/mRtvvDGVSqX2Wkbv3r3z7//+79l///2zaNGiNDUt/Tq1HT+vtbW1iM2r1WrWXnvtnHjiiWJzgFWcEg6AVUZ7e3v22WefdOvWLffff3++/vWvJ0lGjhyZT3/600mSH//4x/n973+fvn375utf/3q+//3v58ILL8z222+f7t27J3nrnbmVSiWPPPJILr300hx//PH51a9+lVGjRtV+17777pt/+Id/SJLMmjUrv/vd75Is/eOlAIBVR0NDQ4466qjstddetauELVy4MPPnzy/ut8022+QrX/lKrrjiiuy9997FrtDc3Jy2trass8462XvvvWu3z5s3b8U8CABghatWqxk4cGD+7d/+rbht/vz5mTJlStra2mr7whZbbJEzzzwz//Vf/5WDDjqoFplXq9VUq9U0NTXlwAMPTEtLS20fsUcAwKprjTXWyHHHHZctttgiyVuf9Dpt2rRMmzYtixYtqn2C61ZbbZWzzz4711xzTT760Y9m9dVXT/LWDtHQ0JBqtZpdd901++yzT+2cOXPm1OdBAQDLXceVyJO3QvPjjjuu9lxCQ0NDZsyYkUsvvTQzZ85MU1NT8Yb3pf28jiub77PPPqlWq7Urm9900025/PLLV8RDA6BOlv6WJADopN7pyuGbb755jjzyyNoVyh966KEcf/zxeeqpp7Jo0aKsscYa2WGHHbLffvvVzunfv39OOOGEfOQjH8nrr7+eK6+8Mq+//nomTZqU5K13544dOzYXX3xx+vbtm2OPPTZHHnlkWlpasv/+++e2225Lktx111058MADc9hhh62g/wYAgA/K4nvG4l93PHHacdtee+2VRYsWZe21186dd96ZBQsW1H7GnnvumW222SZf+MIX0qNHj9rtHS/gdmhoaMj8+fPz5ptv1m5bf/31P8iHBwB8gDr2hXfT8b1DDjkk3//+93Peeeelra0t1Wq1dhXSrbfeOtttt13OOeecrL766mlqaip+bsd/trW1pbW1NXPnzk1TU1MaGxvTr1+/D/gRAgAfhMX/1i9+FdKO5yAWf5NZW1tbbr755jz55JPFVcy32267bLfddvnnf/7n9OrVq/Z8xpI7RJJMnz49EyZMSLVaTXNzc9Zbb70V9VABgBWgIw5vbGzMN7/5zSTJjTfeWNspXnvttdob03r27FnsH0v7eR2xeceVzZubmzNhwoTce++9GTRoUO0T5wFYtVSqHZc6AYCVwJ///Odsu+22WX311d8x/EqSf//3f8+1115bnNe9e/fsscce+eY3v5n111+/eHJ28SdXZ8+enVGjRuXOO+/Mfffdl9bW1to/tjqesN1hhx2y66675nOf+1y+/OUv5//9v/+XhoaGHH/88fnGN77xjhE8ALDyaW1tzZQpU7L22munra0tffr0qX1vyY+TfOyxxzJ16tQ0NDSkb9++2XHHHdOtW7ck7/wGueT/XjgeO3ZsPvWpT2Xs2LHZYIMNcsstt3gyFgBWAXPnzk2lUql9glqSLP50fKVSyXPPPZcXXngho0aNynrrrZeWlpbsuOOOaWlpSfLX94iXX345gwYNyuTJk7Pxxhvn1ltvrV35HABYOU2bNi1rrbXW227v+Pu/cOHCLFiwIHfffXdmzJiR1VZbLeuvv3522mmnrL322kne/c1vHT/jlVdeyac//emMHz8+AwYMyP/+7//aIQBgFbR4QP7Nb34zN954YxoaGlKpVNLW1pYPf/jD+c///M/3FJsv/vNaW1vzla98JQ8//HB69+6d6667rvapKwCseoTmAKw0rrrqqvzkJz/JoEGDcsYZZ6RHjx7FC66LB18nnHBChg8fnkqlkmq1mrXXXjv/8z//k6233vpd/4G05Iu3f/zjHzNq1Kj89Kc/zZw5c2ofPdnxp3OzzTbLmmuumREjRqS9vT1NTU25+eabs80226yA/zYAgOWp4wXYSZMm5aWXXsr111+fsWPH5tVXX03fvn3T3NycQw89NNtss00OPfTQ2nl/7Q1mf+2F3fnz5+czn/lM/vznP2f11VfPaaedlrPPPrv2EZYAQOfX8fd+2rRpeeONN3LzzTdn7NixeeONN9LQ0JBdd901AwYMyMknn5xu3brVPpa644Xdd/PXIvP58+fnlFNOyYgRI9KzZ8988YtfzKc+9SlvgAeAlUTHDjF16tSMGTMmN9xwQyZMmJAXXngh/fv3z5prrplDDz002223XbbddtvaeX/tb/1f2yHmzZuXU089NU8++WTWWGONfOELX8igQYPeU1wGAHQeS9sJFv/eO8XmlUql9gmuyxqbz5o1K+eff36+8IUviMwBVnFCcwBWCt/73vfyk5/8JEmyySab5MADD8znP//59OjRo3afjidln3jiiZxyyim1K5B3xOEHH3xwLrroor/6MdJL/oPs1VdfzYMPPph77703Tz31VHHfjheEm5qasnDhwhxzzDE5//zzs/rqqy+Xxw0AfPA6/vY///zz+Y//+I+89NJLGT9+fG2H6PhIyI7jY489Nscdd1y23HLLNDU1ve+Ya/E47Otf/3ruuuuuJMlWW22Vb3/729lhhx0+qIcKACxnHXvACy+8kP/+7//Ok08+mXHjxtX2hyRpaGhIe3t7tt9++xx88MH5xCc+kXXXXXeZYq7F94jzzjsvd999dyqVSrbbbrt8+9vfztZbb/1BPEwAYDlbfIe46qqr8swzz2Ts2LG173c8B9GtW7c0NzfnX/7lX7L//vvXPvXk/e4R77ZDbLvttvn2t7+dgQMHLvfHCAAsf0te3GbSpEkZPXp03nzzzfTo0SO9evXKTjvtlObm5to+0XH18o7d4Vvf+lZuuOGGIjbfZ599csUVV7zn2LzjIoDvdrEdAFYtQnMAVgqf+cxn8oc//CE9evTI3Llzs9FGG+XnP/951l9//eJ+L774Yo488sgkSffu3dPY2JjZs2fX/hH10Y9+NIMHD37Hj518J4uHYwsWLMgvf/nLjBgxIvfdd1/tPh2BWXt7e7bYYov89Kc/zTrrrOMfVQCwEuj4Wz9y5Mj8y7/8SyZMmFA8idrxBGzHFcbb29uTJLvuumuOPPLIfOITn8hqq632nmPzjv1g/vz5+cY3vpHf/va3mTNnThoaGvKDH/wgBx100Af6eAGA5afj7/+oUaNyzjnnZNy4cVm0aFEtMl98d+h4XqJ3797ZZpttcuGFF2azzTZ7z5HY4rvG/Pnzc9FFF+W+++7LnDlz0q1bt3z/+9/PgQce+IE+XgBg+Xi3HaJjd1j8k1UXf/Pa4YcfniOOOCIf+chHip/zbjqeg+i4X8cOce+992bu3LlpamrKFVdcYYcAgJXE4n/7hw0blmHDhuUXv/hFZs2alQULFiR5a3fYYost8pGPfCQf//jHs+WWW9bOX7hwYZqbm5Msn9gcgK5DaA5Ap7Z4rH3uuefmjjvuSHNzc6699trssssu7xhzH3PMMXnmmWey7777Zvfdd88999yTZ599dplj86T8R1t7e3sefPDB3HnnnRk2bFgmT55cPPF7yimn5LzzzltO/w0AAB+Ujj1i1KhRGTRoUObMmZMkWXvttfPpT386m222Wbp3754ZM2bkuuuuy+jRozNhwoTa3/0BAwbkyCOPzKmnnvqOn2bSsT+88soraWlpSffu3TN58uRMmDAhF198cUaOHFm77yWXXJJPfOITxVwAQOe1+B5xyimnZO7cuUmS3r175+ijj84GG2yQvn375pFHHsmrr75a/N1P3to3/ud//idbb731O/7t77ht/Pjx6dOnT3r06JHZs2dn4sSJufDCC/PnP/+5dt9LL7209qZ7ewQAdG4df6tHjhyZU089tfZcxJprrpljjjkmm2++edrb2zNx4sT8+te/zqRJk2r3SZIdd9wxxx13XI466qil/vzJkyfXPt115syZmTJlSi644II88cQTtfvaIQBg5bF4rzB06NBcc801GT9+/P9n7z7jo6jeNo7/tqWQQEhI6L1IERAUBcT6iAVQqkiXYgErCiICQlQ6AkoTGx1U4C+KSlGxYEEUEAxSQws9ISGEhJStz4t8ZshCgCAt0ev7BjI7ZWffzD3nXOccsrKysNvtfvu63W4cDgehoaG88cYb3HnnnQQEBAAKm4uIyD+joLmIiOR7xrJLAP379+eRRx6hYcOGuN1uLBYLNpvtrEbQ8ePH0717d6Kioli4cCEfffQRO3bsuKSw+ZnXOHnyJAkJCUybNo3du3ezc+dOAG666SamTJlCRETEZfoFRERE5ErZvXs3Tz/9NHFxcQQEBFC3bl1Gjx5NuXLl/PY7duwYGzduZP78+fzxxx9+M5RGR0fTqVMnv/2NuuHPP/+kc+fOVK1albCwMBISEkhPTycpKcmsY0aOHKmQuYiISAG0c+dO+vTpw+HDhwkICKBWrVqMHj2aSpUq+e2XlJTE7NmzmTdvntkB7HK5APjiiy/8ZheD053HP//8M+PGjaNo0aJUr16d2NhY9u/fz5EjR8x9NVhNRESk4ImNjaVPnz4cOnTIrCHGjh1LhQoV/Pbbvn07f/zxBzNnzuTo0aMAWK1WChcuzMiRI89aFc2oBdasWcMzzzxDvXr1iIiIIC4ujsTERPMcAGPGjDHD6qohRERE8recIfN58+YxatQoIPsZHhERgdfrJSwsjLS0NJKSkgD8Vkp5+umnadWqFeXLlwf88xcKm4uISF4oaC4iIgVCzpcd428jnLV582ZWr15Nr169cp1NNCsriy+++IL58+efFTYfNWrUPw6EG42vLpeLX3/9lbFjx7J3714AJk6cSPPmzf/ZzYqIiMhVkZaWxptvvskXX3xBRkYGderU4e2336ZMmTJm46nP58Pj8Zh1yIIFC5gwYQJOpxO3283NN9/MvHnzcj3/kSNH6NGjhxlid7lcWK1WPB4PwcHBlCtXjueff97sGFbHroiISMGRnJzMuHHj+Oqrr3C5XDRo0IBx48ZRunRpsw3D4/FgsVjMzuChQ4fyxRdf4PF4cLvd1KlTh8WLF+d6/ri4OHr16sWhQ4fO+iwoKIgSJUrQr18/7r//fkB1hIiISEFx4sQJRo8ezYoVK3A6ndx44428+eabfm0RZ9YQU6dO5b333gOyZyFt2LAhc+bMyfX8Bw4coHv37uZAOKfTaQbNgoODzRrivvvuA1RDiIiIFCQLFy4kOjra/LtJkyb07duXEiVKEBUVRVxcHKtXr+bjjz/myJEjOJ1OAOx2O+3bt6dt27bUqVMHwC9ArrC5iIhciPVafwEREZG8OHO5J6vVis1mY8OGDTzyyCPMnj2bmTNnmktVezweILuRNDAwkJYtW9K1a1eqV69uNpz++OOPDB48mOPHj/+j72QE1h0OB7fddhtlypQxP/vuu+/weDzmTKciIiJydeTl2WuMtz516hRr164lIyODIkWKMHr0aMqUKYPX6/VrNDXqkJUrVzJ37lwzZN64cWMzZG7UHjmlpKSYq6c4nU4ztF68eHG6d+/OiBEjFDIXEREpYIw64tChQ6xbtw6Xy0XhwoUZMWIEpUuXxuv1mrWD1Wo1A2Lffvstf/zxhxkyb9SokRkyd7vdZ11n06ZNudY1kZGRtG3bltGjRytkLiIiUoAYNURSUhIbNmzA6XQSFhbGqFGjzmqLyFlDrFy5ki+//BKfz4fL5aJx48ZmyPzMtgifz8eBAwdIT08HMMNlXq+XYsWK8fDDDzN69GiFzEVERAqgH3/8kUmTJgEQHBxM165dmTFjBnXr1qVEiRJYrVYqVapEjx49ePvtt+nUqRMOh4OAgADcbrcZPjcYg9vg9KqtPp8Pn8+H1Wrl119/pW/fvqSlpfntKyIi/032C+8iIiKS/1itVvbs2UOXLl0AyMjI4NNPP8Xn8/H4448THBxsLiGVM2wO+M1sboTNR48ebQbBLoYxotdut/P444+zYcMGMjIy2LhxI6dOnaJIkSKX9b5FREQkd2vXruX666+ncOHCfstIns9HH31EXFwcVquVRo0aUbFiRb+ZOXJ2uK5cuZKJEydy+PBhM2Q+a9Ys4OyVVww1atRg/vz5/Pjjj8THx5ORkUFkZCRNmjQhKirK3E8duyIiIgWH8cxetGgRBw8exGq10rFjxwvWERMmTODIkSN5riNatWpF2bJl2bt3L9u3b8dutxMZGckDDzxAeHg4ISEhZ11HRERE8i/jeT1//nyzhnjwwQcva1uExWLh1ltvZfHixfz000/s27cPu91OREQEzZs3JyoqioCAgLOuIyIiIvlbamoqK1euJDU1FYB77rmHV199FfCfmdzpdBIQEEDNmjX59NNPCQwMJC0tDYDHH3/cHGxmMALkNpvNnCn9448/BjDD5o899hgzZswgNDT0qtyriIjkTwqai4hIgVW5cmXuuusufvzxR7xeL0eOHGHJkiUAFx02HzRoEKNGjSIiIuKs6+RscM0tuGb8XapUKex2O1arlcTERP7++29uvfXWK/kTiIiICDBt2jTef/99unXrRp8+fQgNDT1v2Nx4rickJADZz/eqVav6ddBebMeucb2MjAyCg4OB7OWsHQ6HOWt5Tjm/nzp2RUREChaPx8OhQ4eA7Gd6+fLlAc4bEMstZG7UCkZd4HQ6/WZDv+mmm7jpppvOun7Omc5VR4iIiBQshw8fBrKf51WqVAHOX0PkpS3CCJVBdp1Srlw5c5KenIxZ1UE1hIiISEGyb98+vvnmG1wuF1WqVDFD4TlD5h6Px6wHpkyZwrJly8yQee/evXnxxRfPOgbOHTZ3OBw4nU527tzJyZMnFTQXEfmPu/AUbyIiIvmQseTju+++S7NmzcwGWCNs/uGHH5KRkYHVasXr9WKxWPzC5l27dqV69ermccbM5sePHzev4XK5ANi1axfLli0DMEPrZ/J6vVSoUIHq1avj9XpxOp1mp7OIiIhcOePHj2fKlClkZWXxzTffMGXKFNLS0s47o7nH48Hr9bJjxw4g+/luLPvocrn+0exhVquVuLg4Jk6cyBdffAGAw+E469pGHZGXGddFREQkfzp58iQHDx40/y5atKj5/4upI4xawWq1cvjwYRYtWkRCQoLZlpHznDmpjhARESl4PB4PaWlpbNu2DcgOdRltCm63+x+3RRw8eJD33nuPv/76yzwv+NcPxv8VLhcREbn25s+fb9YDF2K0DXz11Vekp6cD2SuphoSE4Ha7/ULmxv+nTJnCRx99RHJyMgB9+vTxC5nn1qZghM0BoqOj6dq1K06nk7CwMBYvXkzp0qUv4Y5FROTfQC3SIiJSIBgvUXv27MHn8xEQEIDb7QbgrbfeMsPmVqv1ksLmgwYN4siRI0B2OCw1NZV+/foxcuRIc7b03BpjjRcydfaKiIhcXfv27QMgODiY/fv38+2333Ly5MnzHmOxWLBarURFRQHZdUZcXByQ/fz/J0tUr1mzhjZt2vDxxx+zcuXK815bRERECragoCBzljCAo0ePAtmD4v9JHbF8+XI6derEiBEjeO+99wD/9gXVDyIiIgWfzWYjNDSU4sWLA9lBL2OlNZvN9o9qiNWrV/PII48wY8YMli5dCuQeKlctISIikj88/vjjjBgxgk8++YTY2NgL7m+0DRjtDgCVKlXCarWan10oZP7CCy+Y+1mtVrMuOHDggN8kfDnD5q+++io9e/Zk/vz5VK1a9RLvWkRE/g2UhhMRkXzPWP7xzz//5MEHH+SXX34BwG63nxU2NwLl/zRsvnr1al555RUWLFjAN998Q/fu3YmNjSUlJYWtW7eSmpqa63d0uVxkZGSQmprq91InIiIiV4bRcTp16lTat29PRkYGDoeDN998k9KlS+e6AonBeFYbS1RbrVa2b9/O5s2bzX0upmPX5/OxefNm0tPTcbvdbNmy5YJhdxERESmYfD4fNpvNHLAGsGzZMlwulxk+v5g6AmDt2rXEx8cDkJSUdJXuRERERK4FI2gO8Msvv3DgwIF/FDJ3Op2sXr2a48ePk5mZybZt2/B4PAqVi4iI5FP9+/c3cw4LFy5k3rx5eQqbA2RlZZn9GhkZGcDplVrzGjLPObDtyy+/ZMSIESxcuBCfz2fmGnKGzQcOHEi1atUuw52LiMi/gVOEaw0AAQAASURBVILmIiKS71mtVv744w969eqF1+vF6XSan+UWNjdC4znD5unp6XkOm//++++MHj2al156ia1btwLZs5XdfffdFC5c+Kzv5/P5cDgc7Ny5kx07duD1eilTpgwNGza8Oj+QiIjIf5DFYjFrgOHDh9O2bVs+/PBDbrrpJtxut7kaypn/wumQeq1atbDb7VgsFvbt28fq1asBWLFiBRMmTMhzyNxisVC9enXg9BLVxncTERGRgidn3ZDz/5BdgwQEBHDrrbcC2W0W27ZtY+HChQCsWrXqouoIwG8J6v3795OZmanB6yIiIgXQmYPec6spbrzxRiC7ptixY4c56H358uUXNVAtICCASpUqmedyu91+fSciIiKSf7hcLpo0aUJkZKS5bdGiRXkOm9tsNrOW2Lx5M6mpqTidzosKmRvfY+7cuQwYMIDVq1fz7bffYrFYzM+Na4mIiJzJfuFdREREri2n08ngwYPJzMzEYrGwfv167rnnHvOlyAib2+123nrrLSA7IJYzbA7ZS1EFBwebM6TnDJsDfPTRR2zbtg3IbpjN2QgcHR1NkyZNcv1+FouF3bt388Ybb5jHVKtWjWLFil2x30RERETwqwFGjRoFZHe+Gg2jMTExfP/99zz22GMULlzYrAGMWTvuvvtuKlasyK5du4Ds2dHj4+P5448/OHLkSJ46do1znTp1CsjuVI6KiqJIkSJX5TcQERGRy8uoF7Zs2YLNZqNGjRrmNjg9yOyGG26gePHiJCYmkpWVxfLlyzl06BCrVq266Doi56D28uXLExQUdJXuVkRERC4Xo17YunUrW7ZsoX379ubkN1ar1awl7rjjDqZNm0ZGRgYZGRm8/vrr7N27ly+++CLPIXOjHslZn4SFhREcHHx1b1pERETyxOFw0KJFC4KCghg5cqS5mtmiRYsA6NatW66zhxvP/Hr16vH9998DsGPHDg4cOECtWrWAvIfMje8RGBgIQGBgIMnJyZw6dYqQkJArc+MiIvKvoRnNRUQk3wsICKB+/fpmOHzLli2A/2javM5snpGRkevM5q1ateKJJ54ww+Qulwu3201wcDBjxowxw+hnzkgCcOzYMUaMGGGONo6KiuKVV15RwExEROQqOLOz1Wq1YrPZ2LBhAx06dGDu3LnMnDmTtLQ0swaA7AbWkJAQevfuTVhYmHn84sWLOXjwoNmxO2PGDCD3jl1jO8DOnTux2+14vV4iIyNz3VdERETyNyMI9ueff9KuXTsee+wxtm/f7ldDGOHwm2++mZtvvtnc/ueff/Lxxx+bAbFbb72VmTNnAueuIzweD1lZWWzYsMHcVqxYMbxeb67tDyIiIpI/+Xw+rFYrGzZs4OGHH+add95h8eLFAH51hM/n47rrruPJJ580B8KnpKTwzjvvcOjQIdxuN40aNTpvyByyawiv18v27dvNbcWLFzevISIiIvlPYGAg99xzD0OGDPGbsO58M5sbbRD169fH5/Ph8/lISUlh6NChpKam8v777+c5ZG6snFamTBmCg4PJysoiOTmZjIwM1Q8iInJBCpqLiEiBULduXbxeL3a7neTkZNLT08/a51LC5gEBATzwwANMmjSJwYMH07NnT1566SU++OADWrduDZweMXymyMhIqlevjtfrJSwsjFmzZlGxYsUr+XOIiIjIOVitVvbt20eXLl3w+XxkZWWxZMkSPvjgA7+wudHAeuONN3LLLbeYHbdGbXDdddcxa9YsrFYrLpfrnB27drudkydP8s033+B2uwkLC6N79+6AOndFREQKGqvVysaNG+nWrRsASUlJ9O3bl23btvmFxIx/hw4das4gZrVaycrKwuPxcP311/Phhx9isVhwOp3nrCNsNhunTp1i8+bNAERERNCpUye/FVhEREQk/7NYLGzfvp0uXbrg9Xo5duwYc+fOZeHChQB+/REAt912GzfccIN5vNfrxe12U69ePWbPng2cP2Ru9JP8/vvvAISHh9OpUyfzu4iIiEj+9E/C5gANGjSgbdu25oomW7Zs4eGHH2bGjBl5CpnD6Un8jh49auYlatWqRUREhOoHERG5IAXNRUQkXzMCWjVr1sThcOD1etm1axfbtm3Ldf9/GjaH7Mbe0NBQHn30UQYOHMjjjz9OgwYNzO+R2wuWcfzAgQMZOHAgixcvpmrVqlfipxAREflPu5jQdsWKFbnvvvuA7Gd1fHw8n3/++Vlhc8ievaN79+5+z2+v18vOnTtZtWoVkL2cpLHd4Ha7sdlsZGVl0b9/f/bu3Yvdbqd+/fpUqlQJUOeuiIhIQbRt2zYzwGWz2YiLi+OFF17wC5sbK64VKVKE3r17U7FiRb/2hcjISDZv3kxWVhYBAQF+NQSc7vDNzMykX79+HDhwgICAAJo0aUJkZOS1uG0RERG5ROXKlaNMmTJAdvtBbGws8+fP9wubGzOJ1qlTh/bt2581C/n+/fs5ePAgcHoFt5ztIUYNkZWVxUsvvcT+/ftxOBw0btzYvLaIiIjkb/80bH7bbbdRrFgxfD4fNpuN/fv3k5KSAkDfvn3PGzKH0/0bO3fuNNs3qlWrhtWq6KCIiFyYnhYiIpKvGZ20N9xwA2XLlsXr9eJwODh58uQ5j8lr2Dw9Pd0vaHamnA245wqKGY3DFouFbt26Ub58+X96qyIiIpIHsbGx7Nixw/zb6/Waz3Lj+Q8wefJkWrdubdYAuYXNjQ7eBg0a0L9/fyIjI/H5fGZn7rPPPsvUqVPZtWsXgF+Dq91ux+l0MmTIEHMGsZCQELp06ULJkiWv7I8gIiIiV0znzp2Jjo42a4Vzhc0huzZo0qQJ3bp1o3Tp0ub21atXM3r0aBYtWoTT6Tyr09YIiL322musW7cOgNDQUNq1a0dERMTVvWERERG5LEJCQli+fDm1a9c2a4Izw+Y2mw2XywVA27Zt6dmzJ4GBgUB2O8Px48dp27Yty5cvJz4+HvDvm7DZbDidToYOHWrWEEWKFKF9+/aqIURERAqQiwmbG3VF8+bNeeCBB/D5fPh8PrOtoXr16jz11FMAOJ3OXEPmxv6bN2/m448/xuv1UqFCBTp06GB+LiIicj4Wn54WIiKSz3k8HrxeL88//zw//PADAF27duXVV181ZxLLTc6lJV988UVWrFiBxWLB5/NRqlQp2rZty+OPP05wcPB5zyMiIiL5w9dff83AgQN54IEHeOyxx6hWrZoZJI+JieGrr77i8ccfN2cEA3jllVf4/PPPzRqgRIkStG7dmieeeILQ0FC/euGHH35g1KhRHDp0CDjdgHvTTTfRoEEDHn74YUJCQkhOTubgwYNMmzaNmJgY81rjx4/nwQcfvIq/iIiIiFxOOdsGFixYwNixY81OWo/HQ4UKFXj77bepWbOmOYO5xWLh+PHjLFmyhIULF3LgwAHzfGFhYdSuXZvnnnuOYsWKUa5cOQ4dOkRiYiJvvvkmGzZsMDtzJ06cSPPmza/JfYuIiMjFMWqG5ORkjh07xs8//0xWVhaFChUiMjKSN954g1OnTpkD3KtVq0bXrl3NMJfL5TJXT3v//feZMWMGJ0+eNAe6BQcHc8cdd3D33XfTtGlTQkNDOXz4MAkJCYwbN44///zT/C6qIURERAoeo5ZwuVysXLmSN998k4SEBPPzRx55hG7dulGtWjXAP/fQv39/li1bZrZJBAUFcccdd/Dqq6/6rZJmDJ43rrVjxw6ef/554uLisNvttGjRgiFDhlCkSJGre/MiIlIgKWguIiL5ihEWy83ChQuJjo4G4P7772fSpEkXPJ/C5iIiIv8e3bp1Y926dYSFhXH//ffTuXNnatSowcaNG+nUqRN2u51u3brx1FNPERoaaj7XLyZs/ttvvzFlyhS2bdtGRkYGgHlcaGgoFouFjIwMHA4HGRkZWCwWbDYbo0aNomXLlsD56xkRERHJ3/5p2DwlJYVVq1Yxe/ZsYmNjsVqtWK1W3G43RYoUweFwUKFCBQ4ePIjL5SI5ORnIrjNGjx5N69atAdURIiIi+Z1RK2zdupXJkyezc+dODh8+bH5eqFAh0tPTAXA4HOYM5meGzZ1OJwEBAUB2zTFv3jz2799/1gqspUqVIiAggOPHj2O1WklJSQGya4gxY8bQqlUrQDWEiIhIfnfmszopKYkTJ06QkJDAnj17GD9+PE6n0xyodmbY3Bio5nK5ePHFF1m1apXZJuH1eqlUqRLDhw+nYsWKfoFzgG3btjFkyBB27tyJ2+2mYsWKfPjhh5QtW/bq/QAiIlKgKWguIiLXlNEoe/LkSQoXLnxWQ6jH48FqtWKxWFi9ejW9e/cGoFKlSixYsICiRYteMBx+vrB5uXLlaN68Ob1796ZQoUJX5iZFRETksti+fTsDBgwgNjaW4OBgHnnkEWrWrMnQoUNxuVzYbDYeeOABoqOjKVKkiDljB1xc2Hzbtm2sWLGCJUuWkJiYaM764XA4cLvdZmgsJCSEcuXK8eyzz9K0aVNAHbsiIiL/Bv80bJ6RkcHOnTuZMGECf/zxh1l3BAYGkpWVZR4PEBwcTPHixenXrx/3338/oDpCREQkvzNqhI0bN/Lkk0+SmpoKZK9iUr9+fUqUKEFycjIJCQls2rTprOPPFzb/7rvv+Prrr/nyyy/x+XzY7Xa8Xq9ZP1gsFnO285IlS/Liiy9y3333AaohRERE8ruc7Qxr1qxh7dq1LF26lJMnT5KRkUHp0qVJTk4mIyODgIAAnE4ncHbY3OjzyMjIYPDgwWbuwWaz4Xa7CQsLo0aNGtx1111ERESQnp7Ovn37WLRokTmxTrFixZg7dy5VqlS5Nj+GiIgUSAqai4jINWO8UK1fv56xY8cSGRnJbbfdRrVq1ahQoQIlSpTw2z8rK4uHH36Y2NhY7HY7S5cuzfMLUG5hc2PEb1hYGLNnz6ZmzZqX/R5FRETkn8mtkzQ9PZ3Zs2czZ84cUlJSCAwMxOVy4fV6CQ4O5uabbyY6OpoyZcqYx//TsHlaWhpxcXG888477Nu3j927d5udu0YwrHPnztx8883UqlXrnN9ZRERECqZ/GjY3TJkyhc2bN/PTTz+dde7SpUvz0EMPcc8991C3bl1AdYSIiEhBsXXrVp544gmSkpKw2+3UrVuX4cOHU758eRwOBwCZmZmsXbuWhQsXsnHjRk6cOGG2RZwZNjdmJwVISEhg/fr1vPfeexw7dozjx4+b17VYLJQsWZJ27dpxxx13qIYQEREpIHK2LyxevJipU6eSnJyM0+mkRIkS2Gw2ChcuzMmTJzly5AgAVqvVXOXkXGFzgOjoaL744ouzVmcF/Aar+Xw+rFYrFStWZMqUKQqZi4jIRVPQXERErqn169fTo0cP3G43gNkgWrZsWapUqUKNGjW4/fbbiYyMpEKFCnTq1ImNGzdis9l45513uPPOO4HTjak5X9TOlDM81r9/f5YtWwbAyJEjadeu3ZW+VREREbmAKVOmULFiRR566CEg987SPXv2MGDAALZs2WJus9vt3HDDDUyZMoWIiAi/Zz5wUWHznPtCdv2QlJTE33//jdvtJiMjg7Jly1KtWjXCwsLM/dSxKyIikv+d2WZwoef3xYbNrVarXy2RlZXFhg0biI+P59ChQwQHB1OqVCkaN25MkSJFzP1UR4iIiBQMx44dY+DAgaxZswaAmjVrMnXqVMqUKeO3OqvxbD948CC//fYb7733HgcPHjRDY2eGzc9sx0hKSuLYsWOsXbsWt9uNxWKhdOnS3HzzzURGRpr7qYYQERHJ33I+q+fNm8fIkSPNz+6++25eeuklwsPDiYiI4NChQ/zyyy/Mnz+fgwcPmuFxODtsnnOg2qJFi/j222/5+eefzf3tdru5OqvX66VcuXLUrl2bfv36Ua5cuatx6yIi8i+joLmIiFwzBw4coHv37hw+fNhvu9GJa4zStVgshISE8H//93/s2rWLbdu24fP5uOeee3jiiSeIiIigWLFihISE5HqdnJ28ORtsn3rqKW6//XY6d+4MqFFWRETkWnrnnXeYPHkyAFOnTqVp06Z+n/t8PjweD3a7nY8//pg33njD3G6z2XjggQd46aWXKFWqVK7nv5iwuREUO98ANjg7rCYiIiL5l/Hc/uuvv0hISODee+8FrkzYPC/tC6ojRERECg7j2b5u3TpefPFFEhMTKVSoEHPnzqV27doXnABn06ZNvPrqq+zbt++cM5vntY5QDSEiIlLwLFu2jJdfftns4+jYsSOvvvpqrvtu2bKFZcuW8emnn5KSkmJuP1/YPCEhgY0bN7Jo0SL279/PiRMnSE9P57rrrqNGjRq0a9eO6667jiJFilz5mxURkX8lBc1FROSaSUxMJDExkbi4OPbv38/WrVvZunUrqampfktCgv/yUBaLxZwlLDg4GJvNRpUqVahUqRJly5alUaNGFClShOuuu87vHEYDrNPpJCAgwO8zhcxFRESunRUrVvDiiy/6bZsyZYoZAMtpw4YNdOnSBfBfBjI4OJgHH3yQrl27Ur169Vyv80/C5iIiIlLwGe/8GzZsoFu3bvh8PqZMmWIObPunYXNjhrDcwuZnXh/wm+FURERECp7XX3+djz/+GIBatWoxZ84cQkND8/Rs37p1Ky+++CJxcXEXDJsbctYNqiFEREQKpkOHDjFkyBDWrVuHx+OhadOmTJ06FfDvs8hZByQmJvL999/z9ttv++Umzgybn7lCq9PpxGKxcOLECbKysoiIiKBQoUJX61ZFRORfzH7hXURERK6MyMhIIiMjqVGjhrktKyuLEydOsH79eo4dO8bPP/9MYmIiR48eNUfsGg2qFovFXDIqJiaGv/76C4D3338fr9dL7dq1KV68ODfddBPVq1endOnSlCxZ8qzvoQZaERGRa6tUqVLcddddbNy40Xzeh4eHn7VfWloa7777LpC99GPVqlXZvn07ABkZGXz55ZdYLBa6dOmSa9jcmHnUZrMxZswYADNsHh8fz+effw6gsLmIiMi/jMViYfv27fTq1Quv14vNZmPIkCF4vV7uu+++CwbAc6500qVLF3w+HyNGjMDtduNwOIiLi+OFF144Z9g853nV/iAiIlJwnThxwvx/cHDwRQW3atWqxWuvvcbgwYM5cuQIALGxscyfPx+ADh06nLW6mmoIERGRgu/QoUNs2rQJj8dDZGQk/fr1A84OiedsR4iMjKR58+YEBwczevRoM2y+aNEiADNsbrPZ/NozbDYbNpuNqKgo4PTAd+UhRETkUiloLiIi15zxYuPxeAgMDKREiRK0aNECgEcffRSLxcKOHTs4dOgQX3/9Nd988w1utxur1UpUVBROp9NvJK/b7cbn87F582Y8Hg/ffPMNkB1Iq1y5Mm+//TaVK1c299dLlYiIyLVVr149nnvuOcaPH09MTAwffPABN954I263G7vdbtYKoaGh9OzZ09z2xhtvsGnTJp5//nkAMjMz+eKLLwAUNhcRERE/mZmZlC1blkOHDpGZmUlKSgpDhw4FuOiwedeuXUlLS+Ptt9/G5XJht9svGDYXERGRgsvj8QBw8uRJc9vhw4c5efJkrgPlz+WGG26gY8eOvP/++2RkZOD1es2wuc/no2PHjmeFzUVERKRgMtoYfvzxRzIzM7HZbHi9XkJCQgD8Qua5CQ0N5f/+7//IyMhgwoQJ5iQ9Z4bNc7ZjnHlO4zPlIURE5FLpDVVERK46n89njp4F/EbY5ravxWKhRo0a3HPPPXTu3JnMzEzcbjd16tRh4cKFLF68mKFDh/Lkk09SrVo1IiIi8Pl8ZuOvwe1206VLF7+QuYiIiFw7OZ/V119/Pf3792fx4sVmyNyQc8awW2+9lRdeeIFRo0ZRvHhx7rvvPjMwDqfD5gsWLGDHjh25XtcImwOMGTOG1q1bmzWHETb/4IMPSEtLMzt4RUREpGCrV68eI0eO5LrrrsNuz55/xQibGwPUjbD5ueSsC/r06WMOkjcGsRlh823btqmGEBER+RcxZgetV68ekD2pzdGjR/nss8/82i8upFChQtxzzz1ERkbi9XrNmiQ2NpYFCxbwySefAKiOEBER+RcwMhAul8vcFhgYSGhoaJ7PERISQtOmTenUqRPBwcHm9kWLFjFv3jx27tx5+b6wiIjIeShoLiIiV9yZnbQWi8V8scq5XFNujPC58XmVKlUoW7YsVquVTZs2sWfPHsqUKUOXLl3o168fn3zyCV9++SVvvfUWzz//PHfddRclS5bE4XAwcuRIOnTocN7riYiIyJX3559/ApgzeBjP5dq1a1O5cmW8Xi8WiwW73c769etp3LgxX375pXl89erViYiIMDtdW7dufclh8zZt2viFzb/88kumTZtGamqqZhETEREp4Ixao169egwaNIhatWpdUtgcwOv10qRJE6xWq99M6HFxcbz00kts2bJFNYSIiMi/TPny5QHMtow1a9aYs5znNRhetWpVunXrBmCG1C0Wixk2X7hwIYBZY4iIiEj+d75ndvHixYHs531iYiI///zzBY/JKSIigmbNmlGnTh0AAgICgOyw+fz58/3C5qodRETkSlFLt4iIXDE5Q+Tp6el8++23LFy4kPfee4/Fixezbds20tPTgQt35BodtoULF6ZcuXLmbB+JiYl+1woKCiI8PJxmzZrx9NNPM23aNJYsWcLixYtp166dua+WhxIREbk23nnnHTp37sz06dOB3DtOrVYrNpuNjRs30qNHDwAGDBjAypUrzX18Pp9feOtSw+ajR482w+YOh4PDhw+zePFi9u/ff1nuW0RERK6dnG0A9evXv+SwOWTXK/fffz8lSpQgLCyMO++8E7vdjtVqZffu3fTp04eUlBR18oqIiPyLtGrViltvvdUMlf/yyy+88847QN5mITfqgqpVqxIQEEC9evWoUKGC2cYRGxvLRx99xNKlSwHUjyEiIlIAGBPnGP83GM/90qVLm9tcLhdr1qwBsp/zeR2oVr16dTp27AiA0+k02zOMsHlsbKx5ThERkStBQXMREbkijBeqffv28cEHH9C5c2eee+45oqOjeeuttxg6dCjt27enf//+fPzxxwBnzXJ+JiMIVrVqVSB7to/vvvvObybUM2dAt1gsREREUKNGDXO7XrBERESujffff5/JkycD8O677/Lee+8BuXfGpqenM2vWLNxut9lo+sILL5hh89wCYJcjbN6uXTtzKctBgwZx/fXXX+pti4iIyFVkPNfPlLPt4HKEzd1uNw6Hg/DwcMLCwnjggQe4+eabzZrmhRdeICwsTG0QIiIiBcSFBocZz/iHH36YkiVLmtvnz5/Pu+++C1w4bG7UBbVq1SI4OJjQ0FAmT55MtWrVzD6VHTt2sHjxYn755ZdLvSURERG5wnJOiPPhhx8ydOhQMjMzgdPP/XvuuYcaNWqYK5ksWrSIRYsWAXlbwcT4vFmzZtx6663mcYZPP/2Ud999l927d1/GOxMREfGnoLmIiFx2Xq8Xq9XKli1b6NevHx988AHbt2/HZrNhtVqx2+3YbDbcbjc//fQTr7/+OoMGDWL79u243e5zduYaIfKGDRua2xISErBarWctR228uJ1ru4iIiFxdaWlp/Pzzz2YdkJWVxZQpU84ZNi9UqBCPPfYY9913nxkAg8sbNjeOzcrKMreNHDmS5s2bM2zYML/VUERERCR/O3MAenx8PLt37+bw4cNAdq2Rc7awSw2b2+12UlNTSUpK4tChQ9xxxx306tWLevXqMWbMGNURIiIiBUTOSWsAMjIy/D43agejr6FRo0Y0atQIu91u1hCTJ09m9uzZ5n4Xmp306NGjZGRk8Pfff1O0aFHefPNNKlWqZH6X9evXs3z5cjOopnpCREQkfzLqh08++YTx48fz6aef8sorr5h9Dl6vl6CgIFq2bEmhQoXM2uHdd9/lxx9/NM9xoZXfjcn0oqKicDgcdO7cmTJlygDZA+5Xr15N4cKFr+CdiojIf52C5iIiclkZIfNNmzbRq1cvtm7dSlpaGsHBwZQqVYqbbrqJChUqmI2yRoPrZ599xqhRo1i5ciVOp/OcL1Q+n4+IiAgg+6Vq9+7dbN++/erdoIiIiPwjoaGhjBs3jrvvvttsTHW73ecNm99www08+eSTNGnShKCgIHP7pYTNjbrBaJjdt28f3bp1Y8uWLeb+EydOpHPnzoD/spciIiKSPxnP9aNHj7J06VIeffRRWrVqRYsWLWjTpg2PPfYY3333HU6n029AuhE2v/766y8qbG7Mmh4fH4/b7aZw4cLYbDZuv/12Jk+eTOvWrQHVESIiIvmd8aw+cOAAX375Jc8++yxPPvkkAwYMYPr06aSnp/vVDl6vl4iICJ555hmqVKlirnDi9Xp5++23mTlzJnDusLlRQyQlJWG324mIiCAgIIAaNWowbtw4ypcvb+67ZMkSli1bBmgCHRERkfxsy5YtfPDBB+bA9927d3Pq1Cng9EC1//u//6Ns2bLmCq7x8fHMmDGD33//Hbhw2NwQHh6Oy+WiSJEiTJo0yew3+fjjjylevPiVuD0RERFAQXMREbmMjKWhtmzZQu/evUlJScFqtVKhQgU++OAD5s+fz7x588zloFq0aEG5cuXM4//44w9mzZrFnDlzcLlcuTaeWiwWateuTY0aNfD5fKSkpHD06NGreZsiIiLyD3i9XkqVKsXgwYNp0qQJgYGBwIXD5rVr1+app566bGHzmTNnsmnTJiwWC0lJSbz88sts2bKFp556Ktea4szVUURERCR/MQJi27ZtY8iQIYwbN44//viDtLQ0bDYbKSkprFmzhq1bt541Qylkh81feeWVXMPmX3/9NeBfa3g8Hmw2G06nk3HjxpGUlEThwoXNNgyjYzfn8tkiIiKS/xiT5mzevJl+/foxYsQIVq1axbp16/jyyy+ZNGkSXbt25ccff+TkyZNAdk3g8XgoV64c48ePJyoqCpfLhcPhIDMzk3HjxjF16lSAsybbcbvdZg3xzjvvkJ6eTuHChSlUqBAA119/Pc8//zzFihUzv+PixYtJTk7WjOYiIiL5yJnP5cTERJKSkvB4PDRq1IglS5aYE+cZ+1esWJFhw4ZhtVpxu914PB42btzIrFmzWL9+PXD+sLnP58Pj8Zirtvl8PmrXrs3nn3/OypUrqVat2hW6WxERkWxq6RYRkcvGYrFw8OBBRo0aRUpKCgCNGzdm5syZNGjQwOxsDQoKombNmkRHR/P666+bM5zbbDa2bNnCnj17cDgc571WzqWfNm3aBJyeDURERETyh5yBLCNAXqpUKYYOHXrNwuYrVqygf//+PP/883Tu3JmYmBgcDgehoaGcOHHiivwOIiIicmUYAbGNGzfy+OOPs2bNGpKSknA4HOZM4wC33HIL9957L2FhYbmexwib16pVyy9s/sorr7B06VLg9EyiNpuNzMxMoqOjWbt2LUFBQTRv3pyQkBC/+kUzj4qIiORfOWuIXr16sXnzZlJSUvye9zabja1btzJixAj+97//cezYMSwWC1arFY/HQ7Vq1fjggw8oXLgwLpfLrCGmTp1KdHQ0e/fuxe12m4Fzu92O0+lk2LBhrFu3jkKFCtGyZUsCAwPN79OgQQNq1qwJZNcSu3btIjU1VXWFiIhIPpFz5bK4uDhcLhfHjh0jMzOT0qVLM3jwYBwOh19uwei7aNCgAWPGjDFrA7fbza+//sr06dNZs2aNue+Zq6IYA9n//vtvVq9eDWDWHRUrVqRixYpX+rZFREQUNBcRkcvDeOH59ddf2bNnDwBly5ZlxIgRlClTxmwohdOdrUWKFCE5OdlcutoY5Tt69Gjg7NHAxraAgAAaNmxobvvzzz8BzOWoRERE5NqbMWMGw4YNM2f9vBxh8z59+lxy2Nzn83Ho0CG++eYb4uLiAHC5XLz44ovUqFHjyvwYIiIictkZHa2bNm2iZ8+eJCUl4fP5iIiIYODAgXzwwQd88sknDBs2jL59+17wOV+/fn0GDRrkFzbPyMhg4MCBvPXWW6xdu5bDhw8TGxvLU089xVdffQVkD4S/4447AK2EIiIiUhDkXJn1ySefJDU1FYDg4GCuv/56qlevTmBgoBkQO3jwILNnz+aTTz4hPj7eDJu73W5q1KjB/PnzKVmyJG6326whFi5cyMCBAxkzZgzbtm1j48aN/Prrrzz66KN8/vnnAERERFCnTh3gdA1RsmRJ2rRpA4DD4SAtLY19+/ZdxV9HREREziXnymXvv/8+jz/+OKtXr6Zo0aIEBATgcDjMlUnOzC0Y+YgWLVowePBg82+Xy8Xvv//Om2++ybJly4DTdYHP5zOD7bGxsQwePJisrCyqVatG8+bNr8o9i4iIGOzX+guIiEj+ZTSM+ny+C86YYQTFly5dSnJyMgEBAbz66quUKlXKDJiB/wvYihUrmDRpEseOHcPtdtOoUSNmz57td+0zGd+jfPnyQHZj65EjR0hLSyM0NPRy3bqIiIhcgnfeeYfJkydTqFAhwsLCePHFF81a4Myw+fDhw/n111/Jysoyw+YAvXv3Nvc1aoc6derQp08fIHtwW2ZmJpAdNn/77bd54IEHzLB5ztqldevW2Gw2BgwYYC5VnXNGkTFjxnDvvfcC5KnuERERkWvLeF5v376dZ599lszMTAICArj++usZO3as2WYAXNTMXvXr12fw4MGMGzeOv//+G6fTCcB7773HwoULsdvteDwekpOTzWMGDRrETTfddNnuTURERK4si8VCfHw8b775JqmpqTgcDmrUqMGYMWMoV64cAQEBfPPNN3zzzTfmwLKEhAQWLlyIz+ejQ4cOlChRApvNhtvtpnr16syYMYOBAwcSGxuL2+0GICYmhpiYGBYvXozT6SQ4OJj09HTze/Tv35+6deuafxvtHxUqVKBIkSKkpaUB5NpPIiIiIlef0W8wffp0Jk2aBMDs2bNp164dkZGRFClSxAyan4vNZqN169a43W7GjRuH1+vF6/Wybds2Bg4cyN69e2ndujVlypTBYrFgsVjYunUrr776Kvv27cNqtVK7dm0iIiKu+P2KiIjkpDdTERHJ1SeffEJmZiYdOnQgODg4T6GrTZs2sWXLFiwWC0WKFKFChQr4fD6/kLlxjpUrV/LWW29x+PBh3G43jRs3ZtasWcC5A+7GDKUWi4VKlSpRtGhRTpw4wYEDB4iPjyckJETBMBERkWts1apVTJ48GcjuJP3www/xeDwMHDjQ3OdSw+ZPPfUUcHFh84ceeoioqCjGjx/PwYMHSU9Pp0qVKjzxxBPm7B8KmYuIiBQMFouFI0eOMH78eJKSkoDskPjo0aMpXbq0OeD9zGd7zpriTMZn9erVY9CgQUyfPp1169aRmpqK3W4nNTXVnE0MskNfI0eOVB0hIiJSgBjP63379pkzhd94441mDWEMMmvatCn169enePHizJw5E4DExEQWLVoE4Bc293g8VKlShbfffpsPPviANWvWcODAAWw2GxaLxawx0tPTsVqt2O12hg8fTrNmzfy+k1GjpKamkpmZaW4LCwu7yr+SiIiInIvb7Wbr1q1AdrvA+vXr8Xg8FC9enD179vDXX39xww03nPccoaGhdOrUiZCQEIYNG4bX68Vut+N2u5k6dSqrVq2iZMmSlCtXjpSUFL799lsyMjIAqFKlCs888wwhISFX/F5FRERyUtBcRETOYsxCWqlSJYKDg2nZsmWewubJyclkZWUBEB4eTvny5c39zwyZT5w4MU8h86SkJBISEqhZs6bftWvVqkVQUBAAI0aMoEqVKlfktxAREZGLc88999CsWTNWrVpFZmYmdrvd7DzN6VLC5rVr177osLnP56NRo0Z88MEHZGRkkJWVRWhoKFFRUebnCoeJiIjkf0aIfP369Wzfvh2fz0fp0qUZOXIkpUuXxuv1mgPez2yTMGqJo0ePkpKSQlZWFmXKlCEkJISgoCCzTaJOnToMGDCA5cuX8+mnn3L48GHz+sHBwVSrVo0nn3ySpk2b+p1fRERE8jfjeb18+XKOHj1KsWLFGDFihFlDBAQEANltFlFRUfTr1w+Hw8F7770H5B42N1Z7LVu2LP369eP+++9n7ty5rF271myvAAgLC6N27dp069aNu+66C/CvIYx2j/379+N2u/F6vTRq1Ijrr7/+av08IiIicgF2u52xY8cSGhrKZ599BsDGjRtxOBz4fD62b9/ODTfc4Lfie24CAwNp3749UVFRDBw4kJSUFCC7VomNjWX79u3m38ZkfFFRUUyePJmyZcte4bsUERE5m8VnPJFERETIDoG/8MIL5t/VqlWjS5cutGrV6oJh81WrVvHss89isVgoX748y5Ytw263+wXD8hIyN6xfv553330Xt9vN0KFDqVy5sjkDSFZWFp07d6ZLly48/PDDwPlnJhMREZErL+eAsWeeeYYffviBBQsWcOONN+LxeLBarWd1oBr/HjlyxC9sDtmNts899xy9e/f2O8bw999/M336dL+wOWCGzSFvwS+Fw0RERAqenj178ttvvxEYGMiECRNo2rRprh25xnP+xIkTrF+/nm+++Yb169dz5MgRACpWrEitWrXo168fZcqUweVy4XA4AHA6naSmprJ48WJOnjxJWloaTZs2pWLFipQvX97v/CIiIpI/GW0J8fHxAJQoUYL+/fuzbNkyBgwYwGOPPXbeMJjX62XSpElm2BwgMjKSRx55xAyb+3w+fD6fX5vF77//zqFDh8wBa3fccQdRUVGUKlUKyD1kvmPHDrp3786JEycoVqwYzzzzDJ07d1bfh4iISD6Tnp7OG2+8weeffw6Aw+HA5XJRrFgxPv74Y8qXL3/B57dRC2zbto0PP/yQjRs3cvjwYb9+E6/XS1hYGFWrVmXEiBFUqlTpKt2hiIiIP81oLiIifho1asT//d//8f3335sjZhcsWABwwbB5zm0HDx7kxx9/5O677zYbaPMaMvf5fOzYsYPnn3+e48ePA5CWlmae32q1EhwczHvvvUfx4sUBhcxFRETyA7vdbnbOTps2jbi4OCpWrIjb7Qaya4WDBw9SqlQpbDabX2Pp1ZrZPDcKh4mIiBQsR44cYceOHVitVkJCQqhQoQKAWSPkfPZnZmayZ88eRowYwYEDB0hMTMRms+Hz+bDb7ezdu5e9e/eyceNGZs+eTfny5c16xm63U6xYMfr06ZPr91DIXEREJH8z2hDWr1/PM888Q8eOHenUqZM5c7kR+j7fjKNWq5W+ffsCnHdmc6MmMOqIhg0bnvOcZwbbjZB5dHQ0J06cAKBq1arcd9995uciIiJy9Vwoe1CoUCGGDRsGwOeff47L5SIwMJCkpCRef/11Ro0aZQ5GO1e7gdF3UbNmTYYOHcqRI0eYN28eBw8eZMuWLYSHh3Pddddx9913c+edd5q5CBERkWtBb6UiIuKnaNGijB49mnvvvdd88THC5kuXLiUjI8NviaacqlevTtmyZbFYLHg8HjZu3Gg2li5fvjzPM5lbLBaKFSuG3W43jz906NBZ14uKigI4a6YQERERuXZsNhsejweLxULFihXxer1Adgh9w4YNtG/fnjfeeMOc4dz4N2fYvEmTJgQGBgKYYXOjM9fY12CEzZs0aUJQUJC5/YUXXmDlypUA56xdREREpGBKSUnh+PHjeL1evF6vucS0wejEXbduHZMnT6ZXr15s3LiRxMREs83CZrP5DYY7fPgwzz//PAkJCWZbRM7gOuBXg+S8joiIiORPVquVDRs20LVrV1JSUli0aBHLly83Py9ZsiRw9jM+t/P07dvXXHENTofNFy5caM6WDrmH1n0+n981lixZwoEDBzhx4gT79+/n+++/57HHHuOvv/4CoEyZMrzxxhtERkb+sxsXERGRfyxnyHzx4sVs3rw51/2MsHnr1q0ByMrKwmq1smnTJqZNm0ZSUtIF+yaMdoWiRYtSs2ZNRo0axdy5c/n666/5/PPPeeedd2jfvr1C5iIics1pRnMRETlLWFgYI0aMAODbb7/N88zmxYsXp1SpUhw8eBCAGTNm0KBBA4KCgnjrrbc4cuTIBUPmkP3yVqxYMcqWLUtCQgKQvVz1mYxrq2NXREQkfzlzVi5j9rAePXrgdrtZtWoVwcHBDBgwwAymGzOc/9OZzY2ZRs+c2Xzy5Mncd999qhdERET+RUqWLEmFChXMgNbq1aspX7682fF6/PhxPv/8c+bNm0diYiIul8s8tnz58jRs2JDq1auTlJTEzz//zN9//w1AXFwc3377LV26dPFr88i5wpqIiIgULAcOHDD/n5yczHvvvUflypUBWL9+PTfeeGOe2gzyOrN5biwWi3mNuXPnMmrUKIoUKUJ4eDgul4v4+Hg8Hg8AkZGRvP/+++aKLSIiInJ1Ge/+s2bNYuzYsZQuXZp33nmHGjVqnLXvmTObe71eTp06xapVqwgKCqJPnz5ERETkaUW0nPsUK1Ys1+0iIiLXioLmIiKSq4sNm3u9XgICAujduze7du0iOTkZgKeeeorIyEhOnDiRp5A5ZL+8HTx40JzFPCgoiHLlyl2N2xYREZErZNGiRbjdbhwOB0lJSXz22WcAly1sXqdOHZ566inAP2z+/PPPM378eB588MFrcNciIiJyJQQGBlK8eHHi4uIA+OCDD4iNjaVSpUocOXKEw4cPExMT43eMw+GgX79+3HLLLVx//fXm9ltuuYV33nmHdevWkZGRwdq1a+nSpYs6cUVERP4ljFlGX3nlFSB7ZZSNGzcCsHPnTuD0SmgXev5fStgcsld+HTduHJA9uU5cXJx57UKFClGxYkXGjx9vBuFFRETk2vj8888ZO3YsgLkC2qRJk6hZs+ZZ+54ZNofsAfDLli0DyHPYPOdn5/q/iIjItaIpWERE5JyMsPm9995rvvgYYfOlS5eSkZFhNoIaIa9q1apx2223YbPZzBB5UlISbrebO+6444Ihc2PZ6v3795sBsRIlSlC9evWrccsiIiJyhYwdO5ZWrVrhcrmwWCykpKSwZMkS3nzzTTNk7vF4zAC5ETZv0qQJgYGBAGbY3OjMNfY11K5dm6eeeoomTZoQGhpqbs/IyLi6NysiIiKXVc5lpr1eL8HBwQwdOpTIyEhz++rVq5k1axYrV65k8+bNZkds6dKladGiBR999BE9e/Y0Q+bGymmNGjXirrvuMq9x+PBhTp48ed6lrUVERKRgad26NaNGjTL/DggIAOCrr74yA2FGX8eFGGHz3r17m9uMsPnixYuJj48/57F79uwhPDwcwOz/8Pl8XH/99XTr1o1p06YpZC4iIpIPnDp1iipVqmCz2bBarezfv5++ffuybdu2XPc3wubGADfIzkgsW7aMd999l+PHj+e51hAREcmPLD49xURE5AJSUlJ49dVXzZnNfT4f1apVo0uXLubM5jlnFP3jjz8YMGAA8fHx2O12PB4PDoeDKVOmcOedd+JyuXA4HGddxwiZOZ1OOnXqxJYtWyhUqBDPPfccPXv29LuGiIiIFBzGADOfz8dLL73EsmXLzJqiSJEitG3bNteZza1WK0eOHPGb2RzAbrfz3HPPmZ26Z9YIW7ZsYdKkSfz000+MGjWKtm3bXpP7FhERkX/mQu//Rr2watUqoqOjSUpKwm63m4PXIXvW8xtvvJFnn32WSpUq5Tp7mHGdNWvW8MQTT+DxeGjSpAkffvihZgwTERH5F1qyZAmDBw8GsldSzczMpGrVqgwZMoTGjRsD5Glmc8iuIyZNmmQOhgcoXLgwHTp04NlnnyUoKCjX4zZv3syePXuIi4sjJCSEiIgI7rvvPhwOhxmAFxERkWvv008/Ze7cuezYscOc9KZ8+fLnnNkcID09nTfeeMMcyAZQrFgxWrRokeeZzUVERPIjBc1FRCRP8hI2Nzp6AVatWsULL7xgBsvcbjeFCxcmOjqaBx980Dyv8blxbGZmJoMHD2b58uVYLBauu+46Ro0a5bestYiIiBQ8xrP+aoXNY2JiOHXqlNlRrAFrIiIi+Z/R2ep2u3G73axatYq0tDQyMzNp0qQJYWFhFC9e3O+Ybdu2MWbMGBITEzl69CiFCxemadOm1K1bl5YtW573ekabxJw5c3jzzTdxu920bNmSMWPGqG4QERH5l8oZNrfZbFgsFho2bMhTTz1FgwYNgEsLm0+cOJHmzZvnuq/qCxERkfwv5zP7f//7H/PmzVPYXERE/vMUNBcRkTy72LD5l19+yYABAwD8ZhZ76qmnuOOOO6hfv755bq/XS1paGoMGDeKXX34hKysLm83GpEmTaNq06dW/WREREbnszhc2DwsLo02bNpc1bG5Qo62IiEj+ZzzH4+LiWLp0KatWrWLnzp3m53a7nXvuuYd+/fpRoUIF4PQz3ul0ApCWlobdbqdIkSLmcTnbKXIytp86dYpOnTqxc+dOihUrxvTp06lbt+4VvlsRERG5nHJ77z9fW0DOsDmAw+GgUaNG9O7d+x+FzSdMmMCMGTMYOXIk7dq1+8ffWURERPIHhc1FRET8KWguIiIXJS9hc2NGMIAVK1bw6quvcurUKfPFC6Bs2bLUqlWL6667jsKFC7N9+3Y2bdrE3r17zWuNHTuWVq1aAWp0FRERKQjO9bzO2Sh7pWc2P1eYTERERPIv41m/efNmoqOj2b9/P2lpaVitVqxWq9nO0LJlS5555hnKlCljHntm/WGc63ztCEa9kJWVxXPPPcdPP/1EQEAA9957L4MGDSIyMvKK37OIiIhcGR6PB4vFctZA9DNrg8sdNt++fTu1atUy/9bs5SIiIgXb1Qibq2YQEZGCQkFzERG5aBcbNl+9ejXTpk1j165dpKenmy9LRug8J7vdTkhICMOGDaNFixaAQuYiIiL5nfGsdrvdOJ1Otm3bhtfrJSgoiDp16ph1gdFoavx9uWY2DwoK4oknnuCZZ565xr+EiIiIXCzjGb9x40aefPJJUlNTAQgODiY8PJxy5cqxe/duKlWqxIABAy55tnGjDsnKyuK1117jyy+/xO12ExkZyZtvvknjxo0vx22JiIjIFWa0RaSmppKQkMD//vc/EhISSE5OxmKxUKtWLRo0aECDBg0ICQkBzh6c/tlnnzFo0CDz70sJmxsUGBMREfn3uFJh85YtW/LYY49poLuIiBQYCpqLiIjpXA2guc0MerFh8+3bt7Nq1SqWLFnC4cOHc71+WFgYDRo0oFOnTtx2222AQuYiIiL5nVE/7N69m08//ZSff/6Z2NhYACwWC9dffz3169ena9euVKhQwTzO5XLhcDguOWzu8Xhwu90ALF26lOrVq1+T30FEREQunvHOHxMTQ48ePUhPTwegTJkyDB8+nIoVK1K6dGn27t2L3W6nXLlyl3QdQ1paGoMGDeLnn38mMzMTgIkTJ9K8efNLvykRERG54oz2gdjYWGbPns369euJi4vLdd8HHniAJk2a0L59e+DqhM1FREQkf/onA8Iud9jcWL2tV69evPDCCxqgJiIiBYKC5iIiYjaSGo+EAwcOkJmZSVRUFOHh4bnuC3kLm+dstHW5XKSkpDBnzhzi4uKIiYnB5XJRsWJFIiMjzQBa8eLFz7qWiIiIXF1ff/01ZcqUoXbt2ufcx2hgjYmJYcCAARw+fBiXy3XW7OWQPaBs0KBBNGnShKioKACcTicBAQEAvPTSS3z11VcXFTYfPXo033zzDQCjRo2ibdu2V/hXERERkcstNjaWPn36cOjQIQIDA6lfvz4jRoygbNmyeTr+XJ3ExvaffvqJQ4cOUaNGDVwuF/v27WPu3Lns2rXL3HfMmDG0bt0aUFuEiIhIfpezLeLll1/myJEjZGVl+fVxnCkkJITmzZszfPjwXD9fsmQJgwcPNv9W2FxEROTfJ2f7wZw5cyhevDjNmjW76GMvR9g8JCSExYsXU7ly5Uu/MRERkatAQXMRkf8446Voz549rFixgtWrV7Nr1y7S09MpXrw4pUuXpn379tSrV48qVaqYxxmNqnkJmxvXMP41jk1LS8Pr9VKkSBE10oqIiOQj77zzDpMnT6Zp06Y8++yz1KhR46x9cs5A2r17dzIyMgDMMLixD4DdbsftdhMQEED79u1p1aoVdevWBU6Hzf/JzOaHDx9m6NChPPTQQwqHiYiIFEAnTpxg9OjRrFixAqfTSb169Zg4cSKlS5c+Z4D8Qs/6nJ/v2rWLli1b4vV6zXrE4XCYA+MKFSrEsGHDePDBB/N0bhEREbm2jGf1X3/9RY8ePcy2iEKFCvHAAw9QunRp7HY7mzdvZtOmTSQlJZnPdp/Px1133cWoUaOIiIg469ya2VxEROS/YcaMGbz55pvYbDYmT57MPffck6fjzgybz507l507d15U2HzgwIF8++23fPXVV1StWvWy3ZOIiMiVpqC5iMh/WM6ZP4YMGcL+/fvJyso6q/M1NDSUqKgoBgwYwP/93/+Zx19M2DxnA2zO4LnFYvGbaUSNtCIiItfWpEmTmD59OgChoaHceuutPP3007mGzXfv3s1zzz3Hnj17AChevDg9evSgePHiJCcns23bNpYvX47T6TTD53a7nbvvvpsuXbrQqFEj4Pxh8yJFitC2bdtzhs0zMjIIDg4G/tmylyIiInL1GW0E27dv55lnnuHQoUOEh4fzySefUKFChVyf6WcOYl+1ahXJycns3buXypUrU7lyZW688UZz/9TUVJ5++mnWrVsHYK625vF4CAsLo3bt2vTo0YPbb7/d7zuJiIhI/rZ9+3b69OnD0aNHCQgIoEaNGowePdpvopzMzEwOHz7MyJEjiYmJITU11ez3qFmzJu+++y4lSpQ469wKm4uIiPy7rV69mt69e5t/BwYGMmHCBJo2bZqn43O2VyxatIgZM2YQFxdn1hnlypVj0qRJ1KpVK9fjMzIyOHnyZK51iIiISH5mv9ZfQERErg2fz4fVamXTpk306NGDzMxMIDvo7Xa7Acx/MzMz2bt3L08//TQvv/wyrVq1olixYlgsFrxeL2FhYYwYMQLADJvHxsayYMECgLPC5sbLV85OYzXMioiI5A+lS5c2/5+WlsbPP/8M4Bc293g8+Hw+PvvsMw4dOoTFYqFhw4YMHz6ccuXK+Z3v//7v/1ixYgVff/01brcbt9vNDz/8QFpaGm63m9tuu42AgABcLhcOh4MJEyZgsVj46quvsFgsnDx5kiVLluDz+Xj55Zf9wuaAGTI3ahsRERG5NnI+ny/EaAP46KOPOHToEHa7nY4dO1KhQgW/8+QMclmtVo4dO8aSJUv47bffWLt27Vnn7devH4888ghFixalcOHCdOrUicKFC7N582bS09MJDw8nIiKCnj17UrNmTSpWrHjWdURERCT/On78ONOnT+fYsWMA1KtXjzFjxlC6dGncbjd2u91sH6hcuTIzZszg6aef5pdffjEnu7FarecMd7Vp0wbADJu7XC7Wrl1rDni/5ZZbVDOIiIgUYGFhYbRo0YLvv/+ejIwMsrKy6N+/f57D5jkHwD/yyCMkJiYyefJkfD4fDoeDAwcO0Ldv33OGzYODg80+DRERkYJEQXMRkf8oi8XCjh07eO6558yQeWRkJO3ataN48eIcOHCAgwcPsmrVKrOB1u12M27cOI4dO2Z2AFutVnw+30WHzUVERCR/at++PYGBgbz88stA9gwbZ4bNbTYbqamp/PTTT2RlZVGtWjVGjRpF6dKlzUZWo35o2rQplSpVolKlSrz//vs4nU7cbjd//PEHgYGBBAUF0aBBA3MlFYfDwfjx4wH8wuafffYZVquVl156KdcQm+oLERGRaydnODwuLo7y5cvn6dlshMR8Pp852O3M1dAA4uPj2bp1K6NGjeLo0aO4XC6sVqvZwWu323E6nUycOJHU1FT69u2L3W6nefPm3HPPPaSlpXH8+HGKFi1KWFgYAQEB5ndQO4WIiEj+Z9QFO3bsICYmBo/HQ9GiRRkxYoTZFmG3n+72Np71P/zwAzt37sTr9eJ2u7n11luZOXOm3znPdGbY3Ofz8eOPP3Lq1CnefvttihUrdqVvV0RERPLIeKc/893+XO/69erVw263Y7PZWL58OW63+5LC5k8//TQxMTH8+OOP+Hw+7Hb7BcPmIiIiBZGmexMR+Y9KS0vjww8/JCkpCbvdzi233MLHH3/Miy++SJcuXXjllVeYOnUq48aNo0qVKn4vYrNmzWLmzJns3r0bwHx5M8Lm9957r/nyZoTNly5dSkZGhrmviIiI5D/GM7ply5aMHTvW3G6Ezd955x22bdsGwMaNG9m5cyehoaEMHz7cL2QOmLOIAVSpUoWuXbsycOBAAgMDgexA2i+//MLixYvZs2cPkL0ktcfjAWD8+PE8+OCDZk2Rnp7OggULGD58+NX5MURERCRPcobMn3/+ebp06cKmTZvO++7v8XjIysri4MGD5t9//vknTqfzrFXQvvvuO8aOHcuAAQM4cOAALpfLXGEtIiICu93uFyz74IMPWLp0qfl3QEAAxYoVo1q1akRFRREQEIDX6zU/V8hcRETk2jh16lSe9zXqgoULF3LkyBHsdjuPPfYY5cuXx+PxmJ/nDJWtXLnSHKTmdrtp3LixGTJ3u93nXRWtTZs2jB492pyAB6Bdu3YKmYuIiOQTRpuD8dy3WCycOnUKp9Pptz3n+79xTO3atenWrRvNmzc32xOMsPmqVavydH2r1Wr2ZTzyyCMUKlQIn89n1g0HDhygf//+xMTEXOqtioiI5AsKmouI/EedOHGCmJgYvF4v1apVY/To0ZQrVw6Px4PP5/MLmr3++uvcd999FCpUyDx+4cKFfPLJJxw+fBg4/bJ2vrD5l19+aYbNRUREJP/JOSCsVatWuYbNp0+fTlxcHEWLFgWgbNmyVKhQIdeZwHI+84sWLUrbtm0ZPHiwGTZ3u90sX76c77//Hshu6LXZbGeFzY19nU4nN91005W5eREREflHjJD5yy+/zDfffENiYiKvv/46GzduPGfY3GazERgYSJMmTcxtf/31F4sXLyYtLQ2Xy8W6desYN24cffv25euvvyYtLc3c94477mDgwIF89NFHLFiwgJdffpkyZcqYn8+ZM4f4+PhzzmB2vmCZiIiIXHkTJ06kc+fOxMfH5/mYzMxM9u/fb4a/y5YtC5yuRc4MmU+cOJEjR46YIfNZs2YBmCuwGXWKy+XK9Xpt2rQhOjoagOHDh9O6dWvzOiIiInLteL1eLBYLHo+HEydOMGvWLPr370/Lli3p0KEDAwcOZOXKlaSlpfkFwnP2f9SpU+eSw+ZGDVK1alUcDgdVq1alQ4cO5md79+4lOjraDL+LiIgUZPYL7yIiIv8GRvjL6XQSEBDAunXriIuLo3DhwowePZoyZcrg9XrNFyI43TDboEEDihYtStGiRVm6dKnZuTtv3jyKFCnC008/jc1mM/c3wuYA3377rRk2//DDD8nKyqJz585+1xEREZH8I+cyk61atQJg4MCBQHbY/KeffsJqtVK/fn3sdjuRkZGEh4fnqaM1ODiYFi1akJGRwYQJE3C5XLhcLiZNmkS9evVo0KCBX9jcZrMxfvx4XC4XX3/9NaNHj+ahhx66ovcvIiIiF++XX37hhx9+ALJXNdm+fTvR0dG8/vrr1K9f/5wDzq+//nqCg4PJzMxkz549vP3228ydOxe73U5SUhInTpww9w0MDCQsLIyBAwdyyy23EBUVBWQPeqtatSoBAQEMHz6cjIwMEhMTcTqdGuguIiKSD02dOpX3338fyG5vGDt2LCVKlLjgccnJyezfvx+v10tgYCCVKlUCzp7R1AiZHz58+Jwhc2P/I0eOsGHDBho1akRkZORZ12zfvj0NGzakfPnyALkOshcREZGrx+g3yMjIYOHChfzwww/8/vvvZr/GkSNH2LZtG7/99hs333wzQ4YMISIiwnyG5+z/MMLmAMuXL8ftdpth8wkTJtC0adM8fafixYtTrFgxMjMzuffee/F4PPzvf/8jNDSUMWPGEBAQcCV/EhERkatCb8IiIv8BxovTpk2bmD17NsePH6dw4cIA1KxZM0+zkFatWpVHH32Uhx9+mJCQEHP7tGnT+Oqrr87a/8yZzQH2799PqVKlFDIXERHJ5843s3lmZia//PILa9aswePxkJqaah6TF6GhoTRr1owOHTpgt9uxWq24XC7eeustjh8/bp4n58zmkyZNYv78+bRp0wbwX+5SRERErr0mTZrwzDPPULlyZdxutzngPDo6+rwzmz/00EM89NBD+Hw+rFYr6enpxMXFsWfPHlJSUsx2isqVK9OjRw9mzpxJixYtzJC5USsEBwfTsGFDQkNDATh+/Li5ApuIiIjkHzt37uTLL78EsgenrV27lpdeeinPM5tbLBa8Xi9ZWVls27YNyJ6R/GJD5gA//PADPXv25OWXX+a777475zUVMhcREckf3G43NpuNtLQ0Bg0axIcffsjvv/9+1n4Wi4Vjx46xcuVKXn31Vb/2BePzyzmz+f79+0lISMDpdFKrVi26dOlCp06d+Pjjj6levfpluHMREZFrT2/DIiL/AVarlfXr19OxY0cmTpzIvHnz2LVrFwBRUVEEBwfnKRxWoUIFHnnkEVq0aEFwcLC5PTo6mg0bNpy1f1hYGCNHjuSuu+4CYNSoUXke+SsiIiLX1vnC5mlpaaxduxafz8fOnTv58ccfL+rcJUqU4MEHH6R69ermiir79+9n7969wOnZyHKGzRs0aACoY1dERCS/MZas7t69O4888ggVK1Y0Zwc7X9jceMa/8cYbPPzwwzgcDnObz+fD5/NRrlw5WrRowaxZs3jqqaeoWrWq33lyDmQPCAjAbrdjsVgoXrw4pUqVugp3LyIiIhejcuXKPPXUU9SrV88cnLZu3bo8hc2LFStGuXLlzBDY5s2bAcxZQi8mZO7xeJg6dSr79u3D6/Xy119/Aecf2K62CBERkWvHeJafPHmSxx9/nJUrV5KYmAhAtWrVuPPOO7n55pupUqWK2W7g8/n4/fff+eijj3C73X7nuxxhc6Nu2LdvH1lZWTgcDhwOBzVr1mTQoEFUq1btsv8OIiIi14reiEVE/gPi4+Pp1auX+fecOXPYvn07VquVgwcPXtRy0pUrV6Zjx47Uq1cPq9WKw+HA6XTy6aefcurUqbP2L1KkCGPHjmX27Nm0bdsW0CykIiIiBcX5wubG8zwjI4M///zT3H6uGUvPVK9ePR566CEgu4P32LFjfP311+Z1DWeuhKKOXRERkfzFarX6hc07duyYp7B5zgFlI0aMYOTIkTz99NM0adKENm3aMGzYMCZPnsyECRMoUaIEQUFBwNmrqBidxXFxcaSnp+Pz+QgPDzdnPRcREZH8wefzYbfbeeihh+jUqRN16tQx64W8hM0DAgIoW7as+exftGiRGf76+uuvmTBhQp5C5saA9xtuuMHcbgTV8tpPIiIiIleP8SxPSUmhS5cubNq0CcheHeW1115j+vTpvPvuu8ycOZMPP/yQ5s2bmwPYT506xZo1a3Ltt8hr2Pybb77xO87r9ZoT4sTGxjJy5EhcLhcVK1Y0V5U3BsKJiIj8W6iHXkTkP6BQoUI89dRTBAYGApCens6qVavwer0cO3aM7du3A3kPgNeqVYuePXvicDhwuVx4vV7WrFnD8ePHc90/LCyMRo0amddQQExERKTgOFfY3OVymbXF+++/bza25qVT1qg52rdvT9WqVc2G26SkpMv+/UVEROTKuxxh8wcffJDnn3+eGTNmMHr0aDp37mwuMX2u9gqPx4PdbsfpdDJu3DhSUlIICwujZ8+eBAcHa6C7iIhIPmHMXu7z+bDZbLRo0YKuXbvmOWxuPNPbtWtHREQEVqsVn8/HokWLmDp1KhMnTuTIkSMXDJnD6QHsQUFBZmi9ePHigILmIiIi+c2ZIfPY2FgcDgcVKlRg+vTpdOzYkbJlywLZwfMSJUowceJEmjVrZrY/rFu3jvXr1+d6/ryEzQcMGMAnn3xi1ihWqxWr1crOnTsZOnQo8fHxFClSxFzlPa+T8YiIiBQkSvqJiPwHFC5cmK5du9K3b9+zZgU9fPgw3377LYDZOHs+xud33HEHzz//PJDdMXz06FE+//xzv31yo5C5iIhIwXOusHlWVhbBwcEAjBkz5pyNtWcy6oGQkBCKFCliduympqYqECYiIlJAXUrYPCev1+u3zLVx7jN5PB5sNhtZWVm89NJLxMTEYLPZqF69OnXq1DnncSIiInL1zJ49m7i4OOx2Ox6Px2xfsNvtFxU2N57p1atXp2zZsni9XjweD2vWrGHmzJkcPHgQt9vNrbfeysyZM4HcQ+aQXUOkpqaydetWM1heokQJQKuxioiI5Cdnhsx37dqFw+GgcuXKvPHGG9x+++3A6bYDi8ViDmbv168f1apVM2sBp9N5zuvkJWw+cuRIxo4dy//+9z9+//13vvjiCx577DE2b94MQIUKFbj33nvN84mIiPzbqKVdROQ/onDhwjz88MP0798fm82G2+02l2yaNWsWK1euBPxfpHJjsVjMxtbGjRtTtGhR82UpOTnZ3EdERET+Xc4VNs/IyMDhcBAfH8/EiROJiYnJ0/lcLhdut9sMpEF28FxEREQKrn8aNj/zHEZtkFv7ghEss9lsOJ1OXnvtNX7++Wcge2nqXr16UaVKlSt3kyIiIpIn06dPZ8yYMXTq1ImDBw+aK5nkDJs/+OCDeQ6b+3w+SpYsyaBBg3A4HOa2jIwMPB4PN9xwAzNnzsRiseB0Os8ZMrfZbKSmprJ//358Ph/h4eG0bt0a0CA1ERGR/OJcIfNKlSoxZMgQGjZsCGDWDwZjMHuxYsWIiIgwV1UJDQ294DWNDESdOnV49NFHadWqlVlzuFwuli9fzquvvkqfPn0YOHAgx44dw+PxEB4eztixY82BayIiIv9GelsWEfkPKVKkiF/Y3Ol04nA48Hg8LFiwwJyF9EJhc6OxtVatWpQoUcJ86UpJSbnyNyEiIiJXxLlm7cpZE5wrbO5yufD5fPz9999MmjSJv/76K9fjDR6PB4fDQUpKCocPH8bn8xEaGkqLFi3UqSsiIlLAXY6weW6SkpLM8/t8PuLj4+nTpw9ffPEFGRkZAAwfPlxLVYuIiOQDn376KZMmTQLg+PHjdOrUiQMHDpwVNrfZbHme2dyYBKd+/foMGjTInCXdZrNhtVqpUqUKe/bsAbIHn53ZzmHsm5mZycCBAzl8+DCBgYE0bdqUiIgI1Q4iIiL5xPlC5q+++iq33HILcHbIPKdChQpRtWpVAIKDgylbtixHjhxh06ZNzJgxg/fee49ly5b55SOsVqs5I3rt2rXp3r073bt3JzAwEMiuL4yMhVE3lC9fnvnz51O5cuUr+puIiIhca2cP5RYRkQLrzJep3F6ujLA5wIQJE3C5XABs2rSJjz/+mEKFClGrVi2zofdcL2dut5v09HROnTplvkgZL1nnO05ERETyF+O5bXTYrl+/nszMTCwWC/Xr18fhcBAYGOi3n/H/Vq1aATBw4EC8Xi8ul4s//viD0aNH88ILL9CoUSOzJvB6vVitVrOROCsri2HDhpGQkABkN8hWqlTpmv0OIiIicvkYYXOr1Ur37t0B+OSTT9i3b59f2Pz111+nfv3652xDMM7xyy+/MG3aNK6//nqKFStGXFwc69ev5+DBg+a+Y8aM4cEHHwTULiEiInKt2Ww2atWqxc6dO/F6vRw7dozOnTvz0UcfUa5cOTP0bcxs3qJFCwDmz5/P5s2b/cLm48ePN2cINQant2jRguPHjzN9+nTcbjcAX331FceOHaNDhw40bdrU3Ne4lhEMi46OZt26dQAULVqUVq1aaYU1ERGRfOJyhMwhe6Db5s2bAWjUqBHbt2/njTfeIDU1lZMnT/rt++ijj/Lggw9St25dc1CczWbjuuuu47HHHqNu3bqMGTOG5ORknE4nkN2fUadOHV544QXKlSt3hX4NERGR/MPi0/BsEZECz3iR8vl8uFwukpOTCQ0N9WscPfNl6+TJk/zvf/9jwoQJ5sjcgIAAWrRoQefOnalTp06ux8HphtnDhw/zyCOPkJiYSOHChXn77bdp0qTJVbhjERERuRyM8Nb+/ftZtmwZX3/9Ndu3bzc/r1ChAg0bNqRbt25Uq1bN3B/8a4SlS5cycOBA4PQso0WLFuXVV1/lgQceMJerNGRmZjJs2DC+/vprsrKysFqtTJ48maZNm16lOxcREZGrwagdfD4fc+bM8Qub+3w+qlWrdsGweVxcHB07diQ5OfmszwIDAylWrBgDBgygWbNmgELmIiIi+cXKlSuZOXMmMTEx5iC0qKioXMPmFosFj8fDV1995Rc29/l83HzzzWbYPOdz/uDBg3zyySfMmjXL7OOwWq0EBQXRo0cP7rvvPqpWrWqG1Y4dO8aIESNYv369GU6fOHEizZs3v2a/kYiIiJxmPOdTUlLo2LEje/fuxW63U6JECUaMGEHjxo399suNUV9s2bKFxx9/nBMnTlCqVCmSkpLIysoCTq/c6nA4zEn5br31Vh599FG/VdJyXuPYsWPExcWxb98+7HY7jRo1IjQ0lNDQ0Cv4i4iIiOQfCpqLiBRwRqdtbGwsS5Ys4ZdffiE5OZmgoCCaNm3KXXfdRaNGjcz9c74UnStsfvfdd9OpUyfzOGPJa4vFYo4idjqdPPvss/z0009YLBbq1q3Lm2++Sfny5a/+jyAiIiIXzaghNm/eTHR0NAcOHCA1NRW73W7WC263G6vVSqlSpZgwYQL16tXLU9g8ICDAnNmjRYsW1KlTh7vuuosTJ06QkJDA+++/z99//w2A3W5n5MiR5uzoCoeJiIj8u1xK2Nzj8fD+++8zf/58kpKS/D4rVqwYd9xxB23btuXmm28GVEeIiIjkBznbDVasWMGsWbPyHDZ3u90sW7Ysz2HzhIQEPv/8cyZNmoTH48Fut5sh8hIlSlCsWDFKlCjB4cOHSUpKIjEx0fyeY8aMoXXr1oBqCBERkfzC5XLRr18/vv32W7N2iIiIYPLkydSrVw+73X7OY426IiUlhZ49e7J161bzs4iICG644QYiIyMJDAzk22+/5eTJk2RkZJj73HXXXTz33HNcf/31frVBztpGRETkv0pBcxGRAsx4qfnrr7948cUXSUhIwO12m6NvjRetoUOH0qFDB/O4C4XN7XY71apV49FHH6VNmzZnXTcrK4thw4axYsUKnE4ndrudSZMmcc8991yFuxYREZFLZdQQGzdupE+fPqSkpADZs4JaLBYCAgLM5SONTlq73c6cOXO46aab8hQ2Dw4O9mukLVSoEOnp6eb5wsLCKFGiBM8//7w5k7k6dkVERP6dLiVsnpSUxKZNm/j+++85ceIENpuNYsWK0b59e0qWLElERASgOkJERCQ/uZSw+cXObJ6VlcXq1asZOnSo2b5hsViw2Wxm6NwQFBREeHg4r7zyCvfffz+gGkJERCS/WbBgAUuWLGHLli3mtpIlS/Laa69x++23n7WCKpwOmaempjJo0CBWrVplftazZ09uv/12br31VnPb7t27WbFiBUuWLOHw4cPm9h49evDKK69coTsTEREpuBQ0FxEpoIzGz7/++osePXqYQS5j5nGv1+u33NPTTz9Nt27dCA8P9zsezg6bGw23AA8//DANGjSgcePGJCcnk5CQwNSpU4mJiQE0C6mIiEhBYzyrY2Ji6NGjB+np6VgsFkqXLs3AgQOJiorC4/GwevVqZsyYgdfr/cdhc2Nm86ioKKKioggPDyclJYXg4GAeeeQRqlevznXXXXfWOUREROTf55+Ezc+cNUyziImIiBQcV3Nmc4DY2FgWLFjAhg0biI2NPev7FC9enAceeID777+fm266CVBbhIiISH6S87m8ZMkS5s6dy/bt2806oGTJkrz++uvcdtttfmHznCHz1157jR9++IH09HQARo4cScuWLXE4HOa+VqsVi8VCcnIyy5cv59133+XYsWPm+WbNmkXjxo2v4p2LiIjkfwqai4gUYPv27eOpp55i7969ABQtWpQmTZpgtVr54YcfcDqdOJ1Oc/9evXrRs2dPoqKigPOHzY1gmCE4OBin04nNZsPpdFKkSBFKly7Ns88+q1lIRURECpjdu3fz9NNPExcXh91u55ZbbuGNN96gbNmyfvt9+umnvPvuuxw6dAir1fqPwuZWq5XChQtz//3388gjj1C7dm2cTicBAQHmdVRDiIiI/Df805nNVSuIiIgUTFc6bH7mdTIzM8nMzGTFihUkJSWRlJREUFAQZcqU4Z577iEsLIxChQoBqi9ERETyo5y1Q17C5ucLmU+ZMoV77733vNc7duwYU6ZMYfHixTgcDrxeL2+88QZt27a94vcqIiJSkChoLiJSABkvWLNmzWLKlClkZmZy8803M3LkSDMgFhMTw5IlS/j6669JTk42j/0nYfOIiAiKFy9u7hscHEzHjh2pWbOmZiEVEREpYE6ePMn48eP54osvyMzMpEaNGkydOpWyZcuaNYbROAvwyy+/8PLLL3P8+HFztZSLDZsDhIeHc+edd9K7d28qVaqk2kFERKSAutRn+D8Nm4uIiEjBdLXC5nDhOkWro4iIiOR/eQ2bN27cmICAgFxD5lOnTjUny7uQzZs307FjRzweDwBt27Zl1KhRV+bmRERECii9SYuIFEDGi9VPP/1Eeno6VapUYcyYMZQtWxa32w1A3bp16d27N48//jiRkZHmsTNnzmTmzJnm8k/GCxlAkSJFePjhh+nfv785c7nNZuPUqVPUr1+fl19+mc8++4y5c+fSqlUrhcxFREQKEON5f+zYMdauXUtmZiZhYWG89dZbfiFzwO+5fuDAAY4fPw5gzmjudrvp3r07GzZsMDuGjeOM67Rq1YqxY8ea50lOTubLL78kNTX1rGuIiIhI/mU85w8fPkxWVtYlP8ON2sFisdC9e3c6duxIxYoVzbaF2NhYoqOj2bhxI5ojRUREpODL2W7QrFkzevbsSd26dc12iGPHjtG5c2cOHDhgzkxqtC/Y7XZatGhB165dqVOnjlkvrFu3jpdeeon4+Hi/a51Zp5xZSyhkLiIikv/lrB3atm3Lo48+So0aNcw64OjRo0RHR/PXX3+RnJx83pD5hdoV3G43tWvX5rrrrjMn3wkODr6CdyciIlIw6W1aRKSAOn78OHv27CEgIIDo6GhKlSqF1+vFbreb+5QqVYo2bdrQp08fv7D5rFmz8hw293g8ZGVl8dlnn/HFF1+wY8cOHA4HcPrFTEExERGR/M94Xn/yySfs378fgHvuuYdKlSrh8XjMztacgfOZM2fy+uuvA9mNq4ULF8bj8Zw3bJ6z4fbMsPkbb7xB3bp1r/zNioiIyGVh1AUbNmzgySefJCYmxtx+KfIaNt+0aZPC5iIiIv8CVzNsnpP6LkRERAqmvITN+/fvz/PPP3/ekPmFagG73Y7FYsHhcJgzmleuXPkK3pmIiEjBpKC5iEgBcWbHqsvlIjMzk8DAQEqUKHHOJR8jIiJo3rz5JYXNATIzM1mxYgVz585l27Zt5jEiIiJSsCQkJJj/L1SokN9nOeuJ2bNnM27cOADCwsLo1q0br732GhUrVsTj8RAQEGCGzdevX4/VasXlcmG1WnE6neZ1WrVqxYgRIxg+fDjt2rUDLjyLiIiIiOQPVquVP/74g+7du7Nr1y5Wr15tbr8c575Q2PyVV15h/fr1l3wtERERufbOFTb3+Xxm2LxTp06XPWwuIiIiBdOFwuYJCQls2LDhrJC5z+fL84rsPp+P7du3s3//frOto0yZMlfupkRERAooBc1FRPI5I4jlcrnIyspi9+7dZGVlUaJECRo3bkxgYCDlypU7byfv5QqbO51Oli1bxrx588ywuYiIiBQMHo+HzMxMjhw5Ym4znuc2m+2skPmYMWOA7JB5q1at6NevH82bN6d3794EBQXhdDoJCgrC7XbTo0cPvvvuO7KysgB46aWXmDx5snmthx9+mPbt2wOYgTIRERHJ/zIzM5k0aRJutxu73c5nn312WYPf5wqbG7VCXFwcKSkpl+16IiIicm3lFjY3guNWq5XExESFzUVERMR0vrA5nJ4Yr0+fPuZM5jm3n4/RHrF9+3bS0tLwer00adKEu+666/LfiIiISAGnoLmISD5mvNzExsYyYcIEOnXqRIcOHejYsSPPPPMMqampnDp1ir/++gs4/+yglytsnpWVpbC5iIhIPpdbTWCz2QgKCqJmzZrmtg0bNvDbb7/5hcwXLlxohsyDg4Np3bo1gwcPNo9p3bo1vXr1ArLDZw6HA7fbzfPPP0/v3r156KGH+Oabb/jf//7HL7/8YjYCGy7HDKgiIiJydTgcDu6++26Cg4Px+XykpKSwfft2gLOe8f/UmWHzzp07U7JkSQBGjx7t11EsIiIi+dv5+ig8Hg9w6WHzBx98MNew+cCBAzl69OhVuU8RERG5es4VNofT9cUXX3zBjz/+iNPpzPNM5larla1bt/L666/jdrspVaoUbdq0MT8XERGR09TDLyKSTxmBr40bN/LEE0+wYMECtm7dyqlTp9i2bRvfffcdv/76KxkZGWzcuBG48Mhchc1FRET+/Yyg1oEDB/xm8zIaYmvVqmVue+WVV7jxxhvN8PcPP/zAlClTzM8feOABBg0aBGQ32BrnaNGiBWXLlvWrGTweD3/++SexsbEAhIaGUr58eQXLRURECjCbzUazZs0IDQ3F4/Hgdrt55513OHDgwGV9xucMm3fr1o1OnToxZcoUs4P3coXaRURE5Mow2gbcbjepqal8/vnnLFy4kIULF7J+/XrcbrfZvwCXFja32Ww8+OCDdOvWjbp16+Lz+XA4HKxdu5ZnnnmGjIyMa/IbiIiIyJVzZti8e/fu5qQ6FouFw4cPEx0dzZo1a8zw+bkYA9V27drFkCFDyMjIwGazUbduXW699VbznCIiInKaxadhWCIi+Y7xchMTE8Ojjz5KZmYmcDoAbvzrcDhwuVyEhYUxdepUbr755jyd//jx4yxfvpx3332XxMREc3vPnj3p1asXUVFRft8D4OTJk/zvf/9jwoQJ5stZYGAgLVq0oFu3bn6zo4qIiMi1YTy7//zzTzp37kyLFi3o27cv5cuXN/fJzMyka9eudO7cmbZt25rbDx06xOjRo/nxxx9xu93cdtttfPjhh0B2iDxnh7DL5aJz587ExsbSsGFDfv/9dzIzM/2C5+PGjaNly5ZX6c5FRETkSjAGwf/vf//jtddew+Px4HA46Nu3L7169TLDYJf7ehfaJiIiIvmH8azeu3cvn376KatXrzYHoQMULlyYKlWqMGTIEKpXr05AQMBZxwKsWLGCWbNmsXnzZiwWC16vl8jISD7++GPKlStntk0YbR8ej4dly5bx0UcfsWnTJgCio6Pp1KnTVb1/ERERuXpy1g6fffYZc+fOZdu2bWbfRIkSJXj99de5/fbb/fo0DEYdsXv3bqKjo4mJicHpdFKxYkU++OADypUrd7VvSUREpEBQC72ISD5ksVjYt28fr7zyihkyL1q0KC1btuTuu++mTJkyQHbIy+FwcOrUKRYsWMCuXbvydP7zzWw+Z84cEhISzO9hON/M5h999BGbN2++LPcuIiIi/5wxC0e/fv0AWLZsGTNmzODUqVNAdmA8KCiIjz76yAyZG7OA7N69mzVr1uB2uylXrhyvvfaaeUzOBlmv14vD4aBkyZKEhobSokULevfuTUREBOHh4VSrVo2JEyeaIXONbRYRESm4jM7bOnXqULVqVXw+H06nk++//x6LxYLVar2sz/rcAuUKmYuIiORfRtgrJiaGvn378tFHHxEbG4vNZsNut2Oz2cjMzGTTpk288MILLFu2jBMnTpjHX+rM5i1atKBDhw5Uq1aNESNGmCFztUWIiIj8O+WsHdq0acOjjz5KzZo1zQB5fHw80dHR/Pzzz2fNbH5myPzvv//G6XQSHh7OtGnTFDIXERE5D/u1/gIiIuLPeMH59ddfSUhIwGq10rBhQ0aPHk3JkiUB2LBhA6tWrWLWrFm4XC4Afv75Z4oVK0a3bt2oWLHiBa9jhM0Bc2Zzi8XChx9+SGZmJgMGDCAwMNDvGCNsDpgzm7tcLhYvXkxAQMBZs5GIiIjI1WN07q5cuZLjx48D2bOGPfTQQ4SEhACYgXHjeW103LpcLubOnUt6ejoAZcqUITIyEq/Xe9asH0bYy263c+rUKapWrUrLli155JFHcDqdWK1WSpQoYZ5fS0yKiIgUfNWrV6dZs2Zs374dyG6XmDVrFj179tSzXkRE5D/KaIfYuHEjjz/+uDnIPTAwEIfDQaFChUhISDBDXocOHeKtt94iPT2d5s2bEx4eDpwOjFmtVpo1awZgzmyeM2ye28zmNpuNli1b0qBBAzMcprYIERGRf7ectUObNm0A/GY2N8LmOWc2PzNkvnnzZrKysggLC2PevHlUqVLlGt+ViIhI/qbpYERE8hljyccffviBtLQ0KleuzIgRIyhZsiROpxOAm266iWeeeYaBAweax506dYovvviCBQsWsG/fvjxdK+fM5qVKlTJn+ahevfpZIXNDzpnNAwMD8Xq9FCpUiM6dOytkLiIicg0Yz2/j3y1btuB0OilSpAhz5syhQYMG55zJy+h49Xg8JCYmmtvLly9PUFDQOY87cuQIf//9NxkZGRw6dAiAYsWKUapUKYXMRURE/mWMmcI6duzILbfcYm7fuHEjGRkZ1+priYiIyDVkDFyPiYnhiSee4NSpU9hsNipUqMD777/PokWLWLlyJf369aNBgwbmcQkJCbz33nssX76c5ORkc/ulzmyukLmIiMh/y8XMbO50Os8ZMl+wYAFVq1a9xncjIiKS/yloLiKSDxgvQQcPHiQtLQ2bzUZiYiJBQUEMHjyYMmXK4PV6/YLcoaGh9OzZk6FDh5rbUlNT+eyzzy46bN6iRQu6d+9OoUKFGD58OO3btz/vMUWKFKF9+/b07t2bsLAwPvnkE43yFRERuQa8Xi8Wi4Vt27bx6aefAphB7/vuu4+aNWuana/nc+rUKbNT2PgbOGs2c2MWsqNHj5KRkUFAQABhYWG5nlMduyIiIv8OxmomISEhfkGxb775ht9+++1afS0RERG5hiwWC3v27GHIkCFmn8Ytt9zCrFmzaNiwIZUqVaJQoUI8+eSTPPPMM7Ro0cI89nKFzd1u91ltD2qLEBER+e/Ia9g8JiaGnTt38tprrylkLiIi8g8paC4ico0ZyzqtX7+erl278tZbb3Hy5EmKFy+O2+0mMjISON2xe6YuXbr4hc3T0tL4/PPPLypsHh4eTsuWLVm8eLEZMjdeys6lcOHCdOvWjZUrV3Ldddfl6ToiIiJy+RgdrRs2bKBNmzZMmzaNxYsXm8HviIgILBbLWWHx3ISEhBASEmIGyVesWMGvv/7qdy23243NZiMrK4uxY8eSmJhIVFSUGmJFREQKoNze+c+1konBbrfTq1cvKlSoYG5bsGABSUlJl/37iYiISP6Wnp7Oxx9/bK5yZqzMWrp0aXPAu1FvNG7cmBdffJFatWphtVqx2WyXFDZv27YtcXFx2O32q3/jIiIikq/kJWz+wgsv0L9/f2JiYhQyFxER+YcUNBcRucaMgFiPHj04evQoq1atYtq0aVgsFooXL07RokWB83f4nhk2T01NveiweUREhDkrudFoeyGFCxcmPDw8T+cXERGRy8tisbBv3z66dOkCQHx8PJ9++ilWqxWLxUJmZmaezuPz+QgKCuLOO+/EbrebK6jMnDmTDRs2mNey2+04nU6GDRvGpk2bCA4O5oEHHiAiIuKCA9REREQk/zAGvG/ZsoV169YRHx8PnJ4B9FztDx6Px1xdrVChQgDs2LGDhIQE87wiIiLy35CSksKvv/5Keno6ISEhvPXWW+bKrLkNeF+1ahVbt27F6/Waq7NdbNjc6LNITU1ly5YtV+dGRUREJN87X9gcIDExkX379ilkLiIicgkUNBcRyQe+++473G43DoeD+Ph4fvnlF/bt28fhw4fNBtMLLfmYW9j8s88+Y/78+ezdu/eivo+WlxQRESkYKlasyH333QdkP783bdrEqlWrCA0N5bfffuPAgQMXPIfx3L/zzjsBcDqdeL1e/vjjD1577TU+/fRTYmJi2LBhA7169eLLL78Esgec3X333cC5V14RERGR/MUImf/555+0a9eOXr160bdvX7788kuOHz8O4DcDaU5GaKxevXrmoPjExESmTp2Kx+NRPSAiIvIfsmTJEvbs2YPVauWmm26iSpUqOJ1Osx4wag6AWbNmMWbMGCB7RbWKFSuawa9zhc1zDnxr1qwZPXr0MANho0ePpnnz5lflPkVEROTyyfl8v9CqahfrXGFzyG7PcLlcFClSRCFzERGRf0it/yIi+cDLL7/MY489hsvlAmD37t0cOHAAi8XC2rVrcTqdeXrZOjNsnpaWZs5sfrFhcxEREcnfPB4PAJMnT6ZVq1bmUpC7du0iNTWVQ4cOsWPHDr99z+fGG29k3Lhx5t8+n4/Y2FiGDBlCt27dePzxx1m/fr3ZWPvKK6/QoEGDK3BnIiIi8k/4fD6z7cDtdue6j9VqJSYmhm7dugGnB6oNGDCAl156icmTJ5OZmWnWDrm1RdSoUYPHHnvM/HvHjh1s2rQJ0KzmIiIi/xVJSUlA9rPf4/FgsVjMFdJyhsxnz57N2LFjAQgLC6N9+/a8+eabtGrVyjxXzrB5YmIikB0IczqdbNy4EYDmzZvTq1cv3n33Xdq0aWNeR0RERPI/o20h52R3F1pV7Z/ILWxeu3ZtPB4PISEhfPTRRwqZi4iI/EP2a/0FRET+6zweDzabjQEDBuD1epk1a5bfi9WyZcto06YNNWrUMPc9ny5dugAwfPhw4HTY3PisUqVKV+5mRERE5Kqx2WxmbWB02i5duhSLxYLD4SA9PZ2RI0dSp04dSpQo4dfReyYjpN68eXNOnTrF0KFDcbvdWK1WLBYLHo+HrKwsLBYLNpuNESNGmLOHGceKiIjItWU8j3/66Sd27dpFu3btCAsLA063PRw/fpzvvvuOW265hd9++w2n02ke/9tvv7FmzRp+/PFHGjVqRJs2bahWrZr5udFZa7VaufPOO1m5ciXr1q3j4MGDfP/999x0002a1VxEROQ/IisrC4CAgAASExNJSEigePHifm0Pc+bMMWcyDwsLo3Xr1rzyyisAtG/fnoSEBH777TfsdjsJCQlMnz6dpKQkmjVrRuXKlYmOjmb37t0888wz3HnnnbRs2dK8/vnaOEREROTay9lvYLFYOHDgAFu3buXAgQMEBQURHBzM7bffTkhICCEhIZetn8EIm1utVtq0aUNWVhaBgYG89tprCpmLiIhcAovvcq9HIiIiFy1ngHzs2LFm2Nxms+F2u6lcuTLz588nIiIiT2FzgAULFphhc4DQ0FDatWtHhw4dqFy58hW7FxEREbm63G43dnv2GOKBAweydOlSrFYrDoeDrKwsGjZsyNtvv014eHieO2JXr17NtGnTOHDggLl0dVhYGDVr1qR79+7cfffdgELmIiIi+c3mzZtp3749kL36SJs2bcyw+R9//MHw4cPp2LEjDzzwADExMSxcuJDNmzeTlJSE1Wr1mxW9UKFC9OjRgzp16pjP/pzGjx/Phx9+CGTXCdOmTdNqJyIiIv8RRj+G4YMPPuD22283/168eLG5+mpQUBCPPPIIgwcP9jvHnDlzGD16NDabDYvFgtvtJigoiMDAQAoXLszBgwex2Wz06dOHxx9/nODg4KtzcyIiInJJcvZDGIPaFy5cSGpqqt8M5qVKlaJu3bp06dKFW265xdx+Ofodcn6H1NRUChcufEnnExER+a9T0FxEJJ+4UNj8pptuYsqUKZcUNrfb7bRt25aXX36Z0NDQK3YvIiIicnWdK2xuNKTed999DBs2jKJFi+Y5bH7kyBFOnDjBn3/+CcCNN95IeHg4JUuWBBQyFxERyY82bdrEkCFD2L17N1arlX79+vH444+zceNGunfvjtPppFKlSgwaNIg77riD5ORk4uPjeeedd4iNjWXv3r2A/8opFouFhx56iPvvv58GDRqY7QmZmZl06NCBHTt24HA4eOGFF3jsscfy3GYhIiIiBdeOHTvo1asXSUlJvPLKK7Rv356QkBAge/D6sGHDiI+PB6Bly5aMGzcOyO4HMVZP8/l8tGrVip07d5rndTgcuFwu7HY7brebwMBApk+fzq233nr1b1JEREQuWs7+hyVLljBt2jSOHTuG0+nEZrPh8/nMWceNldMsFgv9+/fngQceoGzZssDlD5uLiIjIpVHQXETkKsn5MpSz0/Vc23OGza1WKx6Ph5tvvplJkyZdUtj8zTff5KGHHrrctyciIiJXyPkaQ3N+llvY3KgxgoKCaNq0KUOGDLmosPm5KGQuIiJy7eX2PM/IyOD9999n3rx5pKWlYbVa6dixI4sWLcLtdlOoUCGuv/56xo8fT4kSJczj3G43e/bsYfny5Xz11VfEx8f7hbwAIiMjKVu2LC+99BJly5alZMmSTJ06lXfffRe3201kZCSffvqp33lFRETk3+n48eOMHTuW//u//+P+++/32z569GhWrFiB2+2mcePG5sznOfs0XC4XDoeDZ599lj///JPGjRuzbNmys64zbtw4WrZseXVuSkRERC5JznaKefPmMXLkSHNwWYkSJQgMDCQ8PJxTp06xa9eus45v1aoVDz/8MDfffPPV/uoiIiJyAQqai4hcA2lpaeecUfxKhM2NJSiHDx9uLqEtIiIi+duZYe6jR4+SkpKCz+ejWLFiREVFnXXM1Qybi4iIyLWxZ88eKleuDPjXC8b/ExISePLJJ9m+fTuA2akbFBREw4YNeeONNyhRooRZC5xZE2zdupXt27czffp0jh8/zqlTp/zaJcLCwrjpppvo0KED5cuXp127dqSnpwPQr18/HnvsMXOmUhERESl4ctYG52s7yMjIIDg42G+/9evX88QTT5CRkUHp0qWZPn061atXP6svw9h/+PDhLFiwgEWLFrF//37mzJlDWloakZGRdO7cmWbNmgEa8C4iIlKQLFq0iGHDhgHZbRJ33nknL7/8MsWKFSMsLIzMzEx++OEHlixZwqZNm0hNTQXAarXSpEkTHn74Yb+BbCIiInLtKWguInIFGY2fKSkpJCQksGDBAo4cOcLevXspW7Ys4eHhtGnThkqVKlGmTBnzuJwhscsVNt+9ezdVqlQBtEyUiIhIfmfUEEePHmXTpk0sWrSI3bt3c+zYMQBKlSpFmTJl6NChA3Xq1KF8+fLmMQqbi4iI/HtNnz6defPmER0dbXa65gxeGXXA/v37ad26Nenp6eZnFStWZNKkSVx33XW5hrXOrAuOHTvGmjVrWL58OT/99BO5NSN369aNDRs2sG3bNnw+HzfffDMzZ87E4XAoECYiIlLA5KU+ONfz3djvpZde4quvvgKgWrVqzJkzh4iIiHNec8SIEcyfP5+pU6fStGlTjh8/TkBAAE6n0zxONYWIiEjB8csvvzBkyBDi4+MJDAykffv2vPrqq8DZz/T4+Hi+++473nzzTdxuNy6XC0CT54mIiORD9mv9BURE/q2MhtXY2FhmzpzJ+vXrOXDggPn5/v37Afj111+JioqiX79+3H333QDY7XZz6ciBAwcCMGvWLLxeLzabjXXr1tG3b9+LCpsrZC4iIlIwGM/qbdu2MW7cOGJjY0lMTMRut5szksbHx3Po0CF27NhB+fLleeGFF2jSpAngX0eMHTsWwAybZ2ZmsmrVKgCFzUVERAqYqVOnMnXqVADeffddPB4PzZs39+ukNZ7pycnJOJ1OADMgHhcXx7p164iKiiI8PPys8+esB7xeL1FRUbRq1YpWrVrx+eefExMTw0cffeR3zLx587BYLOZ3WLduHfPnz6dnz54KhImIiOQTeQlqG20Dhw8fZtOmTXz33XecOHGCIkWKcNttt3H33XcTERGBxWLJtR3B+NsYIG+xWKhSpco5Q+Zer5eUlBTWr18PQGJiIgDh4eF+31UhcxERkYLB5/Phcrn49ttvSU5OBuCuu+4yQ+Y58wxG/0WJEiU4cuQIDoeDjIwMAJ588kmFzEVERPIhzWguInIFGA2tMTExDBgwgCNHjuB0Os1wGJxeutput+N2uwF49tlnadGiBZUqVQJOv2TB5ZvZXERERPIvo4bYtGkTffv2JSEhAZ/Ph8PhwOVyERYWRkpKirn//7N35wE61f3/x5/XMjszhrHNWMaWsosUKRVukd0gZEtfUt1KCGkIWQuVSspStqwJaZWSlLKM7DtjHduYjdmu5ffH/M5xXXZlmbm9Hv/MzHWd61znzD/nc96f13l/PMcWgwcPpmnTpuTKlQvwHkeos7mIiEjO5Xa7OXnyJI0aNeLcuXP4+/uTlpZGmTJlmDlzJnny5PHafvPmzbRp0wYAX19fXC6XWXewWq306dOH1q1bExwcfM3vvniMsGHDBr799ltWr15NbGys+brdbsftduNyuahTpw7vvPOOOSYRERGROyc9PR0/P7+rzh8Y1/stW7YwfPhwYmNjvWoPAHXr1qVhw4Y0btzY6zMXa9myJdu3bwfgvvvu49NPPyUsLMxrG+NY9u3bR7du3YiLizM7mouIiEjOtW/fPtq2bUtKSgrFihVjzpw5hIWFeY1DPH+fOHEic+bMMYPpPXr0oHfv3pdsJyIiIneekgQiIjeZ2+02A2Jdu3YlNjaWjIwMgoODad68Ob169aJNmzY89thjQNay1kbo64MPPuDTTz/l77//BjBDZZAVEOvatas5cevZ2Tw+Ph6bzYbT6bwj5ywiIiL/njGG2Lx5M127duXEiRO43W7CwsJ48803mT59Ot988w3vvfcePXr0wG63e03qDhs2jM8++4xjx44BWeMIY2wwZswYmjVrZobSjc7mI0aMICEhAavVisvluv0nLSIiItdksVgoWLAg06ZNo2TJkqSlpWG32xk2bNglIXOApKQk7HY7Pj4+VK1alWeeeYbAwEAgKxQ2btw4FixYQFJS0jW/++IAWbVq1ejXrx9z5szhmWee4YEHHgCyahtOpxO3280vv/xCTEzMvz9xERER+VcmT57M888/T0JCwhXnD4zAeExMDM899xybN2/2Cpnb7VmLY//000988MEHTJ48GcBshuO5H6fTSVBQEJA1fjlw4ADbtm0DMLfNyMjAZrORnp7Om2++SVxcHIULF6Zy5cq35p8gIiIit5wx7/DTTz+RkpKCxWKhUKFCBAcHX3fI/Pnnn/cKmasxjoiISPaijuYiIrfAjh07eP755zlx4gS+vr6ULVuW0aNHU6pUKa/tvv76a+bMmcP27dtJS0szX//Pf/5Dx44dzQlbdTYXERG5O+zfv59evXqxd+9efHx8qFatGsOHD6do0aKXbPvbb7+xaNEifvrpJ69OpW+++SZPP/20uZ3n2OBKnc3feOMNQkJC1NlcREQkm3K73VgsFjZu3MjAgQMZOXIk1apVMx9ev7gOsGbNGr788ksGDBhAQEAA06dPZ9q0aeZS1Dfa2dyTMV5wu90kJiayfPlyli9fzu7du0lJSQGyup6OGTNGXc1FRETukI8++oj3338fi8VCgwYNGDp0KCEhIZedP9i2bRudO3c2r+MBAQFERkZy/vx5EhMTvR5QDwsLIyoqildeeQW4tNvo8uXL6devn/kwe+7cuZk2bRoVK1Y0t3E6nQwcOJClS5fi4+NDixYtGDhwIH5+fqpJiIiI5GBDhgxh3rx5ALRq1YoRI0aYY4VrhcyvNLbYt28f/v7+RERE3N6TERERES/2O30AIiL/a06cOME777zDiRMnAKhSpQqjRo0iIiLC6+lbi8VC48aNiYyM5KuvvmLJkiUkJycD8MMPP+Dj40Pu3Lm59957zY6kNpuN/v37AzB9+nSvzuavvvoq48ePJ2/evHfmxEVERORfSUtLY/HixWZH8jJlyjBy5EjCw8PNcYDb7cbhcODj40Pt2rXZtWsXv//+O+fOnQOyuox6hswBbDYbDocDu93OmDFjAMyweVpaGr/88guZmZkMGTKE0NDQ23vSIiIick2ewe7777+fxYsXExgY6BUy37ZtG8ePH6devXoAPPzww1SvXh0/Pz8AoqKisFgsTJ06ldTUVLOzOXDDYXPjWCwWC3ny5KFDhw48/vjj/Pbbb4wePZrz58+zc+dOkpKSyJUrl7mtiIiI3B4xMTF89NFHQNY8hPGA+vDhwy8Jm588eZKxY8eSkpKCj48PpUuXZsSIERQrVoy0tDT27dvH6NGj2bFjBxaLhdOnTzN37lwAXnnlFWw2m9dD6+XLl6dmzZr88ccfWCwWkpOT6dKlC127diUiIgJ/f38+++wzc1XXwMBAGjZsSEBAwB34T4mIiMjN5Nnn1Giy929C5gsWLODLL7+kePHiDBkyRA+liYiI3EG6AouI3CTG0o8bNmxg9+7dAISFhTFixAgiIiLMULjFYsFisZg3WhUqVODZZ5+lW7duhISEmPtbvnw5CxcuNG+yPJe27N+/P127dsXtduNyufD19WXt2rV0796djIyM23naIiIicpOkpKTw888/c/78eQICAhgxYgTh4eHmGMJgrHLy3XffMX/+fM6dO4fD4eChhx5i9uzZAGZ3c4PdbjdfGzNmDM2aNcPtdmO320lOTua7775j3759t+lMRURE5Frmz59vXteNDqJGWNsIYhkh8w0bNvD0008zdOhQVqxYYe7DbrebtYfChQvTqlUrunXrZn7eCJsvWLCApKSkGzo+41iM/YeHh1OzZk3Cw8MBOHr0qBlCU8hcRETk9qpatSq9evWiUKFCuFwuMjMz+fnnn4mOjiYxMRGbzUZmZiYAsbGxHDx4EID777+fDz74gHLlyhEQEEBYWBgPPvggX3zxBbVr1zYfHktISGDu3Lm8++67AObKqwCRkZG0adOGyMhIM4B+7tw5Jk2axMCBAxkwYIAZMgeIjo6mZs2at/X/IyIiIjeXURsw5i4g68G32NhYHA7HDYfMXS4XX3/9NdHR0cTExPDnn39is9kUMhcREbmDdBUWEblJjBufL7/8klOnTmG32+nZsydFixb16mRu8JxoDQ8PJyoqih49enh1EZs1axY///yz13dcHDa32WxmuPzpp5/G19f3lp2jiIiI3DpLly5l7969WCwWatSoQcmSJb3GEJ7dQL/77jvGjRvH0aNHcTgc1KxZk88++wzA7F5+sYvD5i1atDAnlkeNGkX16tVvw1mKiIjItUyaNInBgwfzxRdfsGjRIuBC2Bwu1BNsNhtbt26lQ4cOZGZmkpiYyPjx4/nxxx/N9z3d7LC557EAFC1alMaNG5t/x8bG3vD+RERE5N8x5g+6d+/OM888Q/78+QEuCZsbQbAVK1Zw4sQJChYseEnTHMiqMfj7+/Phhx/yxBNPXDFs7hleb9CgAd27d+e+++4zaxpWqxW73U56ejpWqxU/Pz/GjBljjh08O6CKiIhIzlSjRg38/Pyw2WycPXuWnTt3mnMVN9LJ3Gq1EhQUBIC/vz8JCQmcOnXq9p6MiIiIeFHQXETkJoqLi2P37t3YbDbcbjdFixYFLp3cvZywsDCeeuopOnbsaN44AQwdOpTNmzebf18cNn/66aeBrIBYVFQUoKKsiIhIThQfHw9kXcfDw8PNgqzxmmfIfPz48Rw/ftwMmU+fPh24EDI3gmgpKSmkpKSY3+EZNh81ahQNGjRg8ODBtGjRwvweERERuXO++OIL3nvvPQAOHDjAjBkzWLhwIeAdNje4XC5CQkKwWCxkZGRw8OBBJkyYYIbNPVdUg1sTNocLY4jKlSvj7+8PwJo1a7RiioiIyG1ms9nM8cJzzz1Hly5dLgmbv/HGGyQkJACQmpqK1Wqlc+fOFClS5JKmOXa7HafTiZ+fH++++y5169a9Ytjcx8fHbIrTvHlz+vXrR+fOnQkICMDtduNwOMibNy9169bl/fffp1mzZoB3zUNERERyHuM6Xrp0aXPskJqayvDhw4mLi2PKlCnXHTI3xjFFixYlNDSU9PR0UlNTzQfaRERE5M5Q0FxE5CY6c+YMJ0+exO12kytXLkJDQ4ELXUSupWDBgjRu3JhHH30Uu91uhsF++ukn4MKNlWfY/I033mDBggVeATEVZUVERHKe06dPm797XssvFzI/duzYFUPmkBVE27dvH++99x7ffPMNLpfLHDt4hs3fe+892rdvD2SNMzSGEBERubMaNmxIZGQkkDUG2LVrFzNnzrxs2NztdlOpUiU+/fRTwsPDgazr+c0MmxsTuTt37mT37t1XPG5jDFGhQgXy5s0LZI1N9BCbiIjI7ec5XujWrdslYfNffvmFN954g9TUVHLnzo3L5aJYsWLA5ZvmGPMRvr6+TJgw4aphc19fXzNsXrNmTfr168fChQv56KOPGDt2LLNnz2b48OHUqVMH0HyGiIhITuH54Lvb7Tbv9z1rFKVKleLZZ5/FYrFgtVo5ffo0TZs25dNPP72ukDlgPvC2f/9+zp49i9VqpUSJEuTLl081BhERkTtIQXMRkZvIcxnIxMRE9uzZA1xfR3NDiRIlaNOmDf7+/jgcDpxOJz/88IPZWcTgGTavWLEioICYiIhITuY5Xjhw4ACpqalkZGTccMjc7Xbz008/ERUVxcyZM5k1axZWq9Vr/8a2njzHGSIiInL7ORwO8uTJw/z58ylVqhQulwur1XrFsLkRIK9UqRITJkwgIiIC+Pdh8/nz53PmzBkgqzNpUlISAwcO5L///S87duy46jlYrVazo3laWpq5YouIiIjcXtcKm//8888MGDCAzMxM8uTJY66yevHqKQbPsPn48eN54oknrho2Nx5wN0Jnjz76KE2bNqVEiRLkyZPH3K/mM0RERLIvzzqC1Wrl/PnzpKSkEBsba97vG/MKxra1atWiQoUKuN1ubDYbSUlJJCYmAtC7d++rhszhwlhkz549WK1WnE4nFSpUIHfu3Bo3iIiI3EFKEoiIXMGVCqpXe79IkSKEhYWZf69Zs4aUlJQbfrq2Zs2adO3aFcia1D1y5MhlO4dd6QlfERERyXnuvfde8/dNmzZx8OBBfH19gesPmUPWJG1aWhqpqan4+voSHx9vhsVEREQke3K73eaqI8HBwcyZM+eOhc3Hjx/P9OnTWblyJTt37qRLly7s2LGDU6dO8dNPP5ldSi/mcrlISEggNTXVnPx1uVzqOCYiInKHXC1s7nQ6+euvv/jpp59ISEggLi7O/MyVGGFzPz8/3n333ct2Np8wYQKQ9YC70+lUIExERCSH8mxwt3XrVubNm0e7du1o2rQpDRs2pGXLlnTv3p0ZM2Zw5MgRcwxRtWpVnnrqKXMsYLPZsFgsFCpUiE6dOgGQkZFx2ZC52+3GarWybds2PvnkE1wuF+Hh4bRs2dJ8X0RERO4MJRJFRP6/i29Mzp8/T3JyMn/88Qffffcdq1at4o8//iA2Nha4tOBqfD4sLMzs1vHrr7+yb98+LBaL2X38WozC7wMPPEBAQABut5vMzEx1ARMREfkfV6lSJbO4mpqaysiRI0lPT2fVqlWMGzfuukLmxngkPDycoKAgMjIyOH36NImJidd8iE5ERERuv23btpnBbM+weUhIyB0Nm0+dOpWXX36ZTp06sX37dgACAgJ46KGHzAfhPBmTwYcOHeLEiRO43W7uueceKlSooICZiIjILXa50JXxmtEJFC4Nm589e5aTJ08CF5rmXItnZ/MJEyZcEjafN2+eGTb3XJVVREREcg6jDgHw5ZdfMmDAAEaOHMmuXbuIi4vD7XZz+vRpfv31VyZOnMi0adNITU01r/tdunTh2WefBS50Lo+Li6Nt27bs3bvXq65g5CqM+sbu3bsZMGAA6enpWK1WKlasyH333QdoJRQREZE7SUFzERG8n8hNSUlh5cqV9O3bl6ioKLp27corr7xCjx496Nq1K82bN+ell14yb3oMFouF3Llz061bN/O15ORk+vXrx4kTJ7DZbNcV8DJu2ipWrOi1hKQKsiIiIv+73G439913H40bN8ZqtWKxWNi6dSvPPfccw4YN4/jx49cMmcOFQmtGRgbp6ekAlClThvDwcK18IiIiks188MEH9OzZk8WLF5OWlpYtwuaBgYFAVjDM4XCQmppqbjdw4ECqV69+yXkY4bK9e/cycuRIs/Zx3333afwhIiJyG3iGrhwOh3ltNngGvi8Om2dmZgLw+++/m012rjUXcT1h8/fee8/cVkRERHIO40FygBkzZvD666+zb98+0tPTCQgIMOckjPFCZGQkTzzxBAEBAV55iN69e9O+fXvgwlzG7t276dChAwsWLDBXczf2Z7Va2bJlC3369OHAgQMAFC1alL59+3plJkREROTOsF97ExGR/23GU7QA3377LT///DNLly4137fZbLjdbvz8/EhNTSU1NZWHHnrokmCXoWLFijzwwAOsX78em83GoUOHGDJkCG+99RZhYWFeTwBfzfHjx0lMTAQgMDCQAgUK3ISzFRERkezEmIi1WCz4+vpSq1YtfvjhB1JTU0lLS2Pjxo243W5cLhe1a9fmk08+AS4fMvd8fdOmTeZrefPmVchLREQkmxk/frx5Xf/yyy9xOBy0adMGf39/gEvC5u3bt2ffvn1eYXOAqKgoM2xutVq9wua9e/fm6NGjXmFzgPr165thcyOEVrhwYVq3bk2uXLn48MMPSU5OBrLGFlarlZEjR9K4cWOAS8JrFouFY8eO8dZbb7Fv3z4ga3WVF1980Qyui4iIyM1x8XV43759HD58mB9//JHk5GSSk5OxWq2UKFGCChUq8NBDD1GoUCEz+GW1Ws1mOdOnT+f06dPYbDbi4+Pp168fs2bNIm/evF7zJpdzcdi8d+/e/PTTT1gsFlJSUvjss89IS0ujf//+t/x/IiIiIjePMc5YtGgRI0eOBLLGHw8//DCtW7cmf/787Nmzh+3bt/Pdd9/RrVs3ateubX7eWE3FZrMxePBg/P39mTZtGg6HA5vNRmJiIiNHjiR//vw89thjhISEYLFYOHToEN9++63ZQCcsLIyPPvqIokWL3v5/goiIiFxCQXMRuat5Fkvff/99li1bxuHDh833LRaL+TSucVNTrlw5HnjggSvuMzIykqeeeooNGzbgdDqxWq388ccfjBo1itdff518+fJdNWxuBMROnTqFj48P58+fp1ixYtxzzz0367RFRETkNjAmfxMTE0lNTWXt2rUAlC9fnuDgYAoWLGgWbY1tmzVrxubNm5k9e7bZadTlchEeHs7bb7+N1WolIyPDa2lJg9PpxG63k5aWxrJly3A4HAQHB/Pss8/i6+t7yWS0iIiI3Bnp6en8/fffAAQEBLB161YcDgeNGjUyg+Zw+8PmBQsWpEOHDjzwwAPMnDmTpKQkihYtSu3atXnkkUeAS8NthtTUVHLnzo3L5SIwMJBPP/2UYsWK3dL/o4iIyN3Gcz5jx44d/Pnnn3z00Uc4HA7Onz/vte2aNWsAWLJkCYUKFQLwGi9cLmy+f/9+evXqxfvvv/+vwuYOhwOHw0GFChVuxb9BREREbrFff/2ViRMnAuDv70+rVq2Ijo42369WrRoAnTt3plSpUoB3vcAYI9hsNl577TVCQ0P58ssvOXjwIJC1osqhQ4eYMWOGuU/PVd5KlCjBe++9R8mSJW/H6YqIiMh1sLg910kVEbmLeBZJhw4dyhdffGG+V7ZsWYoXL07z5s0JCgrCZrNx7tw5li5dSuXKlenUqdNl9+l5A/XWW28xa9Ys872AgABq165NdHQ0BQoUuGyR1ngtPT2djh07snnzZoKCgujVqxedO3e+7m7oIiIicmcZ1+ydO3fyySefsHnzZo4cOQJASEgIJUuWpFu3btSrV8/8jPGwmcvlol+/fixfvhzIKrCGhYXRpEkTOnXqRKFChcz9Gz+NMURqaiq9e/fml19+wW63U6NGDd58800FvURERLKZxMREhg4dyjfffIPdbufzzz+nWrVqlw1yG2OEpKQk2rdvz969e81xwD333EPHjh1p3bo1gFfY3GKxsHnzZjNsDlkBs8jISHr37k39+vUB71qG8XtmZiY+Pj5edYhrPbS2Y8cOli1bRuvWrSlRosRN/5+JiIjczTznE+bMmcM333zD+vXrgQvBLLgQ7LLb7bRr145BgwZdsi/P6/vUqVPNsLmxnwceeID33nvvusLmnseWkZHBiy++yOrVqxk5ciQtW7a8mf8CERERucXcbjeZmZmMHDmSL7/8koyMDBo3bsw777wDXLjmX1x7uFKGwXMcsXr1alauXMm8efNwuVzAhXGLMQYpUaIEVapU4cUXX6RIkSK378RFRETkmhQ0F5G7kudNzaBBg1i0aJF5A9O2bVs6d+5MkSJFLukW6nmTdD03TAMHDmTx4sVAVrHXZrNRsWJFxo4d67XMk8vlwul04uPjQ3p6OoMHD2bJkiVYLBbKlSvHiBEjuPfee2/J/0JERERuLmOMEBMTQ69evThz5gwulwubzWYWXY1Cav/+/WnTpg1BQUFenz1x4gRvvvkmP//8s7nfwMBAypcvz9ChQy/bySM9PZ1Bgwbx448/kp6eTkBAAO+++y516tS5PScuIiIiNyQhIYEhQ4bQoUMHatSogcPhMGsHxmSt8fN2hs093eiKKEZAXURERG4ezzmH0aNHs2jRIpKTk4GsgFbu3LnJnz8/ISEhZGZmsmvXLgIDA+nXrx8tWrS47D4vDpt/9tlnnDp16l+HzdPT09m4cSM1a9a85HtEREQk+zt48CBt27YlMTGRyMhIFixYQO7cua9rPHA5np9zOp1s3bqVZcuWsW3bNk6fPk1ycjLlypWjZMmSREVFUaRIEXLlynWzT0tERET+JQXNReSu41nYHDFiBDNnzsRisZAnTx66devGc889d9ltL9fh60o8i6qDBg3i66+/NieLHQ4H+fLlo0+fPpQrV84rQH727FneeOMN1qxZQ1paGj4+PkyYMMGr26mIiIhkX56Brk6dOpGWlgZc6MxhMIJhAD169KBTp07ky5fPa18HDhxgwoQJ/PDDD177CAkJoWnTplStWpWSJUty/vx5Dhw4wJw5c9i2bZv5+XfeeYfGjRt7HZeIiIhkL0b9wDNkvn37drZs2ULTpk0JCAi442FzERERuXM8w1nR0dEsWLDAfO+xxx6jdu3aNGzYkNy5c5uNc3bu3ElKSgrVq1e/6r5vVdj8cvsXERGRnGHx4sUMHDgQgDp16vDxxx+bjXRuxMWrsRrzIZ5jg/T0dM6fP09oaOjNOwERERG5JRQ0F5G71owZM5gwYQKpqanY7Xb69u1Lly5dgEsLov+WZwHYCIn5+fkRHBxMzZo1CQwMJD4+nm3btpmTvgBjx46ladOmgCZ8RUREcor9+/fzwgsvcPDgQSwWC+Hh4fTr18+83n/xxRfs3buXc+fOmZ/p1q0bXbt2JSwszGtfZ8+eZcyYMXz11VfApUtJ5smTh3PnzmG1WklPT8diseDr68vw4cM1hhAREclBjAnYDRs20KFDBwoXLkzPnj1p0qSJwuYiIiJ3Kc+g9uDBg5k/f75539+5c2deeeUVLBYLFovliquKXCvsfbPD5iIiIpKzTZw4kQ8//BCARo0aMX78+BtevcwYXyQkJPDqq6/Su3dvKlasaNYcPMcUV2r8JyIiItmL/U4fgIjInbB582a+/fZbUlNTAXj22WfNkPk/eSL3SoyboeHDhxMWFsbSpUs5fvw4kBVmP3XqFEuXLgUwC7e+vr7kypWLN954g0aNGnntR0RERLIvt9uN2+3mm2++4cSJE1gsFmrWrMlbb71FeHi4uV358uVZtmwZCxcuJD4+HsiazAUuCZuHhoYyevRoSpQowdKlS9m3bx8Adrsdt9ttLpWdmZlJrly5KFGiBM8//zx169Y1j0ljCBERkezParWyb98+OnToAMDx48eZOXMmLpeLZs2amWFzu92Ow+EgODiYOXPmeIXNd+/ezcyZMwFo3bq1GUA3wuaVKlViwoQJvPrqqxw5cgSXy8XBgwd5//33yczMpFGjRho3iIiIZBNut9sMXU2YMMEMmYeEhNCzZ086d+5sbgdcMfx1rY7inuOFbt26AXiFzdetW8fLL7+ssLmIiMhdIjg42PzdeFD9RkLmkDW+SExM5IUXXmDjxo0UKlSI0qVLExAQAOA1lvAcq6gmISIikn1pvTIRuSv99ddfxMTEAFCvXj1effVVICv8fTOXcjSeyAV4+eWXef3112nXrp25TJQnt9tNaGgoDRs2ZNy4cQqZi4iI5DBGl9HVq1eTmppKyZIlGT58OOHh4TidTnPyt0yZMjzzzDN0797dK1Q+depUpk+fzunTp83XHA4HAD169OCtt97ijTfeIDw8nMDAQBwOB06nk+DgYO6991769evHqFGjFDIXERHJocLCwnj44YeBrHHFnj17mD17NkuWLCE1NdV8QP3isHnp0qXNgJgRNjdWVTPCY8ZnK1WqxPjx4ylSpIj5/p49exg7dizHjh27Y+cuIiIi3oz7+eXLl7NkyRIg6z6/a9euZsjcuMb/W8Z4AbJWXOvSpQv58+c36xhG2Dw+Pt5caU1ERET+NwUGBgJZ44Nt27axbNmyG96H0+lk9OjRbNy4EYvFwpYtW0hLS7vZhyoiIiK3kcVtVAlERO4S+/fvp127diQmJhIQEMCAAQNo06YNcHOfkr3akpRbtmwhJiaGjRs34nA48PPzo0CBAjRp0oRChQqRN29eQAExERGRO+l6rsOeXUItFgtbt26lQ4cO2Gw2PvnkE6pXr37FMUF8fDxff/01n3zyiVe4vFu3bl6dzS/uFnbmzBkcDgexsbG4XC4KFy5M4cKF8fX1vaFjFxERkewnKSmJQYMG8eOPP5rh8DJlytChQwevzubGA252u52kpCSvzuYul4t77rmHjh070rp1a+DSMcvmzZvp168fsbGxAIwaNYoWLVrcyVMXERGRiyQmJjJs2DCWL18OQPv27Rk8eDBw9fmHf8pzn1OnTvXqbO52u3nggQfU2VxEROR/3J49e/i///s/Tp06hdPppHnz5rz22mtmfuF6zZw5kxEjRpgPqY0fP95stCciIiI5j/1OH4CIyO1iTKYeP37c7A6aL18+GjRocEuCWFarlczMTOLi4ihatKjXpG7FihWpWLEinTp1uuo+FBATERG5czwDXJdjXNv/+usvvv/+ewYOHIjdbsflcpEvXz7Cw8O9lrq+WN68eWncuDEWi4XJkyebYfOpU6cCmGFzm83mFRzPly8fAAULFvTan+ckr8YQIiIiOVNwcDBvvfUWgBk2NzqbA15h84s7m3uGzY3O5gCtW7c2A+hGXaJSpUqMHTuWnj170qdPHzNkrofVREREso/169ebIfNKlSrRpUsX4NIH0m8Wq9Vq1kG6desGYIbNIauz+auvvsr48eNvOGwmIiIiOUOJEiUoXrw4cXFxAHz11VeUKlWK//u//wOuXTcw3n/66adZsGAB+/btAyA9Pf3WH7yIiIjcMjf3UXcRkWzMuOFZunQp586dA+Dee+8lJCTkpi/1uHXrVr766iuee+45Bg8eTHx8vBkyM47j4gUltMCEiIhI9vDOO+/QqlUrADPAdTlWq5V169bRtWtXZs+ezbhx4/D39yckJIQCBQoQHh5+zaBW3rx5eeqpp+jRo4fZwRyywubTp083w+fXE/hSJzEREZH/DSEhIbz11lvUr1/fnKA1wuZLliwhNTXV7Cx6cdi8dOnSZqDcCJsvWLAAwAybG5+tXLkyy5cvN8c9xnsiIiJyZ7lcLtLS0li0aJH5WmRkpPnA+c28/3e5XADmHIlnHaRbt2506dKF/Pnzm++tXbuW7t27k5GRcdOOQURERG6Py+URPF9zuVzY7XZ69erlNV8xbtw4Fi9eDGDWFK7EqCv4+Pjg5+dnjjE8V2QVERGRnEdBcxG568THx5u/FyhQAIvFctODWVu3bmXAgAH8+eef/PHHH2zatOmSbS6evNVkroiIyJ334YcfMmXKFLZt22Z277pS2Pzs2bOMGDECp9OJ3W5n+vTpTJw4kQIFCnDq1ClOnTp1XQ+SXW/YXERERO4etyNsDpAnTx6Aq67CIiIiIreX0Vl8165dAAQEBNCiRQv8/PxuesOa1NRUTp8+zbx589i2bRuAuVobXAibFy5c2KyNPP300wqLiYiI5BCeYweLxcK5c+dISkoiNTXVfM1g1AVKlChB/fr18ff3N3MUAwcOZNmyZZd85nIcDgcJCQmkp6eb+wwKCrp5JyUiIiK3nWYPROSu4XA4OHfuHIcOHTJfS0lJAW5+N/GSJUvi5+dnFlsTEhJu6v5FRETk5tu0aRMzZswAsrptrFmzhq5duwKXD5v7+/vTtWtXypUrZ763fPlytm/fbhZrLRaLOTl7NQqbi4iIyMVudtjc6IrqGSg3Jof18LuIiEj2smHDBo4ePWqGu0JCQoCbe80+cuQIb7/9Nq1bt2bYsGH88MMP5nvGw2mQFTZv164dgYGBjBw5kqioKECrtIqIiGR3ng+ar127lo8//ph27drRtm1bXnzxRd59913i4+PN+Q3j2p83b16ioqIoU6aM2WgHoF+/fnz11VdX/U6jRrFr1y727NmDy+WiatWq1KpV69adqIiIiNxy9jt9ACIit4vdbsftduPv72++ZizveLMnVMuVK0fu3Lk5e/YsAMePHwcwJ4ZFREQk+6lQoQLPPfccX375JQcOHMBqtfLHH3/QtWtXpk+fbga4jKJqQEAA//nPf/Dx8WHSpEns2bMHq9WK1WolISGB999/nzFjxuDv739dYwAjbA4wefJkM1w+depUALp27eoVQhcREZGcwxgLnDp1iqNHj/Ldd99x/vx5fHx8KFCgAI0aNSI0NJRcuXJ5bW+EzQF+/PFHr7A5QLNmzQgICLhs2Lx9+/bs3bsXq9XK/v37+eSTT0hPT6d9+/Z37P8gIiIi18eoCRjjgbx589707wgODuavv/4y5y/+/PNPXC4XLpcLu91uhs2tVivdu3fn8ccfp0yZMgDm6yIiIpI9eV6r58+fz4cffkh8fDyZmZkAHDhwgN9//50NGzYQFRVFvXr1CAoKwul0YrPZKF++PK+++iqDBg3i2LFj+Pj4kJmZyYABA4iPj6dFixaEhoYCWZkLX19f87N79+7lzTffxO12ExQUxCOPPILNZlNWQkREJAdT0FxE7io+Pj7mstCQ1bl0//79lCxZ8qZ9h8PhwGaz4ePjY3b0MALtunkSERHJnoxJ1GeffRar1cr8+fOJjY29rrD5448/DmCGzSGr89eWLVv47rvvaNy4sbn9tVwtbO5wOHjuuefInz//zT59ERER+YdSUlLMcPiVGJO7O3bs4N1332XHjh2cPHnSa5u5c+dSu3ZtmjdvTrVq1czagdvtvilhc5fLRWxsLAULFrwF/wURERG5WYw5hOTkZPPvs2fPcubMGQoVKnTTvsflchEcHEyFChXYv38/AImJieYD9Aar1WqGxoyQudvtVshcREQkG/O8Vn/++eeMGjXqkm1sNhtOp5N169Zx8uRJjhw5QqdOncidO7c5B1KzZk2GDBnC4MGDOXHihFlzGDt2LLt27aJOnTo0atTIXOXdZrOxbds2oqOjOXLkCADFihWjRYsW5iotIiIikjOpCiAidw2n04nL5SI8PBzI6nAeHx9PbGwscGEpqH/LbrcTEBBAYGCgeQNXqlQpABVfRUREsimjS5fNZqNLly60adOG4sWLm8EwI2wOmMVUgxE279mzJ2XKlMHlcuF2uzl27BgLFy5k7dq1OJ3O6z4WI2zeo0cPrw7mn3/+OSdOnLh5Jy0iIiL/yqeffsqkSZPMLqCXY4wlNm3aRLdu3Vi1ahUnT57EYrFgs9mw2+3YbDaOHz/OwoUL6dKlC0uWLPFagc0zbF6/fn0zgGaEzZcsWUJqaqq57cVh86JFiwIwatQo6tate1v+NyIiIvLvBAUFAVmBLavVyrlz5wDM5jb/ljFXERkZCWTVOq40R3JxMEzNdERERLI341q9cOFCr5B5qVKlqFu3LlWrVjUfRLdYLMTGxrJgwQImT55MUlKS1xxInTp1GDVqFGXLlvUaAyxZsoRBgwbRsWNHhg4dyrhx43jttddo374927dvJzMzk3z58jFu3DgKFy58G89eREREbgV1NBeRu4ZRDH3iiSdYvHgxLpcLh8PB5MmTqVatGsHBwTftu86cOUNycrJZ9A0JCblp+xYREZFb4+KwOfCvO5uvX7+eadOmYbPZqFGjxnV37TDC5larlQkTJpCSksKIESOoUKHCzT9xERERuWETJ07kww8/xNfXl8DAQFq2bHnJxKnRQWz79u288MILxMfHA+Dn50dwcDBBQUGcOnXKDI75+PiQkZFB//79OXjwIG3atKFw4cJYLBZcLtc/7my+cOFC1q1bR7169QDv5bNFREQkezECXEb4y+FwkJGRwVdffUWVKlXMjqH/ltGl3KhTOBwOzp8/T2pqKn5+fhoriIiI5HB///03U6ZMASAwMJAGDRowfPhw8+GymJgYpk+fzooVK7BYLMTFxbFkyRLcbjc9evQgODjYnAOpVasWw4YNY9asWfz222+cPXsWu91ORkYG69atY926dcCFORa73U6JEiV47733burK8iIiInLnKGguInedMmXKULx4cQ4dOoTdbmffvn18+eWXtG/f/qYVaXfu3Gkug12uXDkefPDBm7JfERERubVuRdj8999/N/d/o2Hzhg0bkp6eTqFChWjUqBGgcJiIiMidtmnTJj788EMAMjIymDJlCm63m1atWnmFzS0WC8ePH2fkyJHEx8djt9spWbIkw4cPp1ChQhQsWJANGzawfv16PvjgA68VUyZNmkRycjLt2rWjVKlSWK1Wr87mcP1h85CQEIXMRUREchC32014eDi5c+fm/PnzAOzfv5/MzEx8fX1vyvXc+Lyxf4DSpUsTEBBw01Z/FRERkTtn165d5gqpLVq0IDo6GsiqY/j6+lKtWjWqVKlCdHQ0X375JRaLhVOnTrF06VKAS8LmlStXpkCBAjz++ONMmjSJvXv3eq20YjwkX6JECapUqcILL7xgrrAmIiIiOZ+C5iJy14mMjKRWrVrExsbidDpJTk7mu+++o3r16v+6S6jL5cLpdPLbb7+ZE7pFihQxA2giIiKS/WW3sPkzzzxjPgyncJiIiMidV6JECfr06cP7779PZmYmqampTJ06FcAMm7vdbiwWC5s3b+bgwYMAVKtWjdGjR1O4cGEzVF6tWjWqVavGfffdx/Tp04mJiSEtLQ2AWbNm4XA46NatG0WLFsVisVxX2Lx58+b4+/ubYXNPGkeIiIhkfxaLhdKlS1OtWjV++eUXIOtBt+nTp/PSSy+ZD6AZ3c//6XcAJCUlma+VK1cO0HhBREQkp7l43iA9PZ0vv/yS1NRUatasaYbMnU6nOdfgdrux2WyMHDkSm83GggULrhg2N1ZCKVy4MIULF6ZevXp8++23bN++ne3bt5OQkEDZsmWJiIigadOmFCxYkFy5ct3+f4SIiIjcMko+ishdxbjJ6tmzJ7t27WLjxo3AhW5kb775prkk5Y0ybrBOnz7NypUrcTgc5MuXj169emG32/914VdERERun+wUNvdccUWTvSIiIndeSEgIbdu2xWq1Mm7cOFwu12XD5gBLly7l9OnThIWF8dZbb1G4cGFzGWm4UKd49NFHyZcvH3PnzuWbb77h3LlzAMydO5egoCCee+45QkNDvY7hcmHzuXPn4nQ6admyJQEBAbfz3yIiIiI3iTHXULduXdauXYvL5SIjI4N58+ZRvnx5Hn/88Zsy13Do0CFWrVoFgJ+fH/fffz+A5jJERERyEM+QeUxMDOHh4RQsWJCMjAx8fHxo164dcGF8YbBYLOZrw4cPB7hq2Nz4HiOs3qxZM5o1a3bZfYuIiMj/HqUUROSuYtxkhYaG0qBBA/LmzWu+9/PPPzN69GjOnDlzw/s1bp7S09MZMGAAsbGxBAQEUK9ePQoUKKDCrIiISA50cdi8TZs2FC9e3CyoGmFzwAybG4ywec+ePSlTpoz5+u+//86nn37KX3/9hdPpvO3nJCIiIjdHcHAwrVu3pk+fPmatwQibL1q0iGPHjuF2uzl+/DgA//3vfylatChOp9PrwTGjIylA+fLl6dKlC1FRUV6dv6ZOnWpO8BpdzeFC2Lx+/fq43W58fHzYuXMn06ZNIy4u7rb8H0REROTmM4JatWvXJiwsjIyMDGw2G2fOnGHx4sVs27btX+3fqF/s3buX8+fPA1C0aFEefPBBAM1liIiI5CBGjWHKlCl07tyZOXPmcPjwYfLkyYPb7SY8PBzgskFwm81mzlMMHz6c1q1bm7kGI2w+efJkkpKSvOZLICvgbvz0HDsYNQsRERH536KguYjclXx8fGjatCm1a9fG19fXvCH69ttviY6OZufOnWRmZgIXbpKuxAiZp6Wl8eabb/LXX38BEBYWRvPmzQkODlZhVkREJAcwrvmeYwCFzUVERORKrhY2nz9/Pnv37jXHF4UKFQIuP7HrWTMoVaoU7dq1o1mzZgQGBpqvjxo1yuw46rm9ETZv0KCBOYbp2bMnJUqUuMlnKyIiIreTy+WicOHCDBs2jICAAJxOJy6Xi5UrV7Jw4UIOHDhgbnsjgS6n04ndbictLY2JEyeSkJBASEgIPXr0IFeuXKpTiIiI5EAff/wx77zzDhkZGSxZsoQlS5aQmppKUFAQQUFBwJXHC/8kbA4XAu5Wq9XrgXrlIkRERP43KWguIncll8tFaGgoffv2pVq1al7LOa1cuZJhw4axYMECEhISvLqLuVwuM0BmvGaz2Th37hy9evVi+fLlOBwOrFYr/fr1o2rVqnfmBEVEROSGGMHxmJgY+vTpw/Hjx82i6fWEzbt06QL8u7C5On2IiIjkPFcKm8+YMYNVq1YRHByM3W6nSJEiwPVd7yMjI3n66aepU6cOPj4+2O12AN577z0OHTp0yfYhISEMHTqU2rVr8+abbxIVFXXd3yUiIiLZkzGuqFSpEu3bt8fHxwfI6ka+YMECZs+ezfbt24GsQNe1GuaA98qs/fv3Z8eOHdjtdipWrEiFChWAyz8UJyIiItmbZ7g7Li6OxYsXc/LkSRITE4mJiblkm4v907C5iIiI3D0UNBeRHOH7779ny5YtN21/xg1QgQIFGDlyJA888IDXzdXGjRuZOHEiL7zwAn/++SeHDx82P2dM8FosFvbv38+yZct4+umn+fXXX8nIyACyOo395z//ATSxKyIikt253W6sVisbNmygY8eO/PDDD4wePZoTJ05cd9h87dq1/zhsvm7dOpxOpzp9iIiI5FCXC5ufP3+eDz/8kCNHjuBwOFi7di1w/TWCMmXK0KFDB4oXL47D4cBut3P06FG2bdsGXLr6Wp48eZg0aRJPP/20+b7GFiIiIjlfrly5aNKkCQ0aNDDnJhwOB3PnzmXKlCnmiifGGORKYw23222GzAcNGsSvv/4KZNUsOnfurNVQREREcrAePXowaNAg8+9jx45x9OhRLBaL+WDateoRF4fN27Rpc9mweWJiosLmIiIidyGLWwlIEcnmPvroI95//33q1avHSy+9xL333nvT9m108Dhx4gRjx47lt99+IzExEYvFgs1mw+FwEBAQQL58+XjwwQcJDQ0lf/78nD59mvj4eFauXInD4SA5OdkMob/11ls0bdoUwLz5EhERkezt8OHD1K9fHwBfX18sFguPPPII0dHRFCxY0CtsbrVacTqdfPbZZ8yfP5/Y2FjzvZo1azJ9+nQAMxRmSE1N5eeff2bSpEns2bPHfL169eo8//zz1K5d+/aetIiIiNxUSUlJLFiwgHHjxplBb6P02rx5c0aPHg3cWK1g6dKlvPbaa+bfDzzwAJ9//rnXstQXUy1CRETkf8+6dev4+OOP+fPPP82H261WK4UKFSIqKopu3bpht9ux2Wxm8MuzjnH+/HlOnTrFwIED2bhxo7nf8ePH06hRoztyTiIiIvLvGdd6gM8//5xRo0YBWfMcRpO86dOnU7NmzeuqF3iuBD948GDmz59v1jfy589P8+bN6datG3ny5Ll1JyUiIiLZjoLmIpKtvf/++3z00UdAVueOWrVq0bNnT+67776b9h3GzVd8fDxz5sxh5cqVbN++3QybO53Oaz7hGxgYSKlSpejZsydPPPEEoIldERGRnOaNN95g4cKFQNbKJb6+vv8obP7QQw/x2WefAVcOm3/88cfs3r3bfH3KlCkKmouIiPwPuDhs7uPjQ2ZmJgCjR4+mefPm17Ufz5rCK6+8wvfff4/NZqNw4cLMnTuXfPny3apTEBERkWzEc0ywdu1a5s6dy08//URmZqZX59EaNWpQtmxZ2rRpQ+7cucmfPz82m424uDh2797NqlWr+OWXXzh69Ki5b8+xieYzREREcq4rhc0DAgJITU2lePHijBs3jgoVKvyrsLnVasVms/Hcc8/x0ksvXfUheBEREfnfoqC5iGRrCxYsIDo62vw7ICCARx555JaFzdPT0zl06BBTpkzh+++/Jz093QyZ2+1283ejeAuQP39+2rZtS926dc1jUlFWREQk5/Asmr711lvMmjULuLVh81WrVjFhwgRiY2MZOXIkLVu2vO3nLSIiIrfGxWFzo4tYhQoVGDBgANWrV7+h/U2YMIHJkyebfy9cuJAKFSrc7MMWERGRbMpzvmH79u0sXryY+fPnk56ejp+fH+np6ea2AQEB2Gw2wsLCsFgsJCcnc/r0abMTqY+PDyEhIbz++utmJ3PNZ4iIiOR8Vwqb2+12XC4XVapUITo6mvvuu+8fh80BgoKCWLhwISVKlLiFZyMiIiLZjYLmIpLtff311/Tt29f8+1aFzS/2+++/s3v3bhYuXEhqaionT540l5709/fnwQcf5J577qFFixYUKFDA/JyKsiIiIjnPtcLmjz76KG+88cZNC5ufP3+eFStWEBgYSL169QDvQrCIiIjkbBeHzS0WC3a7ncaNG/Pss89SpkyZa+7DqC9899139O7dG7vdjo+PD19++SWRkZG3/iREREQk2/Ccdzh9+jQbN25k2LBhnD59GgCr1YrVasVisZCZmYnFYjHD5RaLBZfLRZ48eahRowbt2rWjZs2al+xXREREcpaLr+NXCpvbbDYsFgtVqlRh0KBB/yhs3qdPH5YvX87XX39N6dKlb9EZiYiISHaloLmIZFueNzfLli2jX79+5nu3MmzuecMEkJycjNPp5MCBA/j6+hIUFITNZqNo0aLmNgqGiYiI5Hy3O2zu+X0aS4iIiOQMNxLGSkpKYuHChYwbN85cGc3Pz4+2bdvSrl07s/vXlfZpjB2mTZvG22+/jdvtpmjRoixZsoTAwMCbd1IiIiKSIx0+fJj58+ezfv16YmJirrhdwYIFCQsL48UXX6Rs2bJEREQACpmLiIhkdxdfqz1XXffMM3hud6WwufFQ2r8Jm588edKrAZ+IiIjcPRQ0F5Fs7U6Fza90DBdTKExEROR/y+0Om4uIiMj/tsuFzf39/YmKiqJNmzbcc889wOUnj202GxkZGTz99NNs374du93OM888w2uvvYbb7faaVBYREZG7i2dNwu12891333H69Gl27txJcnIyNpuN8PBwChcuzMMPP0xERAT+/v53+rBFRETkOnnmEGJjYzl48CALFiwgKSkJf39/ChUqRNOmTSldujR58uTx2v5Whs1FRETk7qSguYhke9khbC4iIiLZ180ucl4rbP7II48QHR19Q2Hzhx9+mKlTpwLqGCYiIpLTGNfuxMRETpw4waJFi0hISCAzM5PQ0FBat25NoUKFyJMnz2U/f6XO5vXq1SMqKoqaNWt6fZfL5cJms5GWlkZ0dDTLli0DIH/+/IwfP54HHnjglp+ziIiI5AwXN8Mx/r5c7UGNc0RERHIGz2v2t99+y8KFC4mJieH8+fNA1lyF2+0mIiKCatWq8fLLLxMREXFLw+YiIiJyd1PQXERyBIXNRURE5HI8Q+Fff/01jzzyCMHBwV5FUaOgeu7cOYKCgm54v/82bO7r60tGRgZVqlRh7ty5N/k/ICIiIreScX3fvXs306ZNY/369Rw5csRrm7CwMDM0XqFCBeDSB8suFza32+0UL16cdu3a0aZNG+x2uzmmSEpK4vXXX+e3334jIyMDgHHjxvHUU0/dpjMXERGRf+tyYa9bHeRSUExERCRn8xw/zJkzh7Fjx+JwOHA4HOY2RtAcsmoL5cuXZ+zYsRQvXlxhcxEREbklFDQXkRxDYXMRERHx5BkG79evHytWrODHH38kLCzMHDcYhdSNGzcybtw4+vbtS9WqVW94/5cLmz/66KO88cYbVw2bL1q0iP379wMwePBg2rdvfwv+EyIiInIrGNf1zZs307t3b06ePElmZqbXNd/tduN2u/H396dixYr06tXL7Dh+rbC5sR+AGjVqUKhQIcqUKcP+/fvZvHkz+/btw2azERQUxJtvvkmjRo0uu18RERHJXi6+Vqenp+N0OgkMDLziNiIiIiKe44MZM2YwcuRI870yZcpQtmxZMjIyiIuLY/PmzQDYbDacTif33nsv7733nsLmIiIicksoaC4iOYrC5iIiInKxvn378vXXXwPQtWtX+vfv7/X+hg0b6NSpE06nk+rVq/Paa69RqVKl69r3v+1sPnXqVGbMmEHv3r1p1aoVoMlkERGRnMC4nm/atIkuXbqQlpYGZNUeKlasiI+PD8eOHePAgQNA1tjAarVStmxZBgwYQI0aNYBrh839/PxIT0+/7DGEhoby4IMPEhUVRe3atS+7PxEREclejDHE4cOH+e2331i5ciVxcXEEBARQp04d6tatyz333GPWDYyag4iIiIhhwYIFREdHAxAYGEiDBg0YOnQovr6+AKSkpPDhhx8yffp0QGFzERERufUUNBeRHEdhcxERETHExMTQqVMnc5nIqlWr8u6775IvXz6cTidJSUk8+eSTJCYmYrfbAahQoQKvv/76Pwqbv/nmm8ydO9d8z8/P75ph8/3791OmTBlA4TAREZGcwLheb926lf/7v//j7Nmz+Pr6cs899zB69GgiIyOx2+0cOHCAlStX8vbbbwNZy1W73e4bDpv7+Pjgcrlo0KABpUqVIleuXKSlpfHYY49RqFAhQkJCLrsfERERyV48V0MZPHgwhw8f5ty5c17blC9fnrp169K9e3fsdrvC5iIiIuLljz/+YNCgQRw7dgyA9u3bM3jwYAAyMzPx8fExt506dSrjx4/3WjXtn4bNq1WrRt++falYseLtPF0RERHJIax3+gBERG6UxWIxw2RNmjQxJ3QBUlNTWb16NZMmTWLHjh136hBFRETkNqlUqRJVq1bF4XDgcDhYt24dq1evBrK6eISGhjJw4EBCQ0PNbbZu3crIkSPNpSWvxegGAvD6669Tr14987309HRWr17N8OHDOXHihFfI3OVyYbPZFDIXERHJYSwWC4cPH2bkyJGcPXsWgCpVqjBx4kRKly6Ny+UCIDIykm7dupl1CYfDgdPpZNeuXYwePZq//vrL3J9nr4/g4GCioqLo06cPNpuNzMxMnE4nq1evpkCBArRv354ePXpQtmxZM2Ru7EdERESyJ6MWEBMTw7PPPsvOnTu9QuZWqxWLxcK2bduYNm0a0dHRZGZmetUcRERE5O7ldrvJyMjg+++/5/Tp0wDUr1/fDJkbD6oD5spo3bp1o2TJkmbdwWq1snPnTl5++WViY2PNeQrA6/fOnTszcOBAAHMe488//2TixIlkZGTc1vMWERGRnEFBcxHJkRQ2FxEREaPrV48ePciTJ4/ZAezLL78kPj7enKht3rw50dHR5M6dG+Afh80BfH19admyJfnz58dms2GxWEhPT+e33367bNjck8JhIiIi2Z8x6frDDz+wf/9+AIoWLcrIkSMpXLgwLpfLXKraGGs0adKEJk2amF3A/knYHCA5OZkhQ4YwZ84cTeyKiIjkMFarle3bt9OjRw9SUlIAyJUrF4899hjVqlUjIiLCDIClpKSwePFi+vbtq7C5iIiIABceel+6dCkZGRkUK1aMoUOHAt6rrjocDvz8/ADo3bs3e/bsMfdhhMZvNGyenp5OSEgIr732mlnzEBEREfGkoLmIZEvGDc7FPCdlFTYXERG5uxmF1eLFi1OoUCGcTicWi4Xdu3dz8uRJbDYbDocDgEaNGjF06NB/FTY3PPTQQ+TPnx+n00nevHmxWq2kpaWxdu1aBg8eTFxc3CUhcxEREblzkpOTr3tbq9VKeno6y5cvJyEhAT8/P0aNGkWRIkXMpaghq25ht9sBmD59OsuWLcPlcnnVM24kbG5MErtcLkJDQzWxKyIiksOcPn2aCRMmkJSUhK+vL1WqVGHBggV8/PHHTJs2jZkzZ/LEE0+YYwWLxcL3339Pnz59FDYXERG5yxnjg59//pnz589js9nw8/PD19f3kpC5UYt4+eWX+fbbb7HZbBQuXJh69epht9txOp3Y7fZLwuYOh8NrNVbICpu/+uqrAMyaNYvSpUvfgbMXERGRnEDpBxHJVowJV4vFgsvl4s8//2TVqlX8+uuvJCcnmx29PLdT2FxEROTuVqRIETp16mT+nZCQwKRJk8jIyMBut5tF05sRNnc4HAQGBlKjRg0CAgJ48MEHKVKkCD4+PqSkpLBq1SoOHjx4089RRERE/pnx48fTunVrjhw5ct2fWbNmDdu3b8dmsxEUFETBggVxOBzmxK7nyiWfffYZY8aMASAkJIRHH30UuNDt/HJhc89u5cHBwTRv3pwXX3wRgOHDh9O0adN/edYiIiJyux0+fJh9+/YBULlyZcaNG0eJEiXMrqOFChXio48+olOnToSEhOB2u7FYLPzwww8Km4uIiNzljBrDmTNngKwshJ+fH7ly5TJrEUaAHKBXr158//33WK1WChQoQK9evZg4cSK9evUCLgTSd+7cyUsvvcSBAwew2+1YrVZ2797N0qVLzXmT7t27s3btWsqUKXO7T1tERERyEAXNRSTbcLlcWCwWDh06xKRJk2jZsiWdO3emR48edO/enVatWvHWW2+xa9cuM4gOCpuLiIgIPPDAA5QrVw7IKsoeOHCAuLg4831jrPBvw+ZGIdff35/MzExatGjBSy+9RHBwMAAjRozgoYceuqnnJiIiIv/MBx98wCeffMLBgwfp16/fdYfNk5KSgKzxg9VqJTQ01BwDXBwyHz16NHAhMP7JJ58wceJEIGsS2O12m2HzP/74AwBfX18yMjJYtGgRAHnz5iUqKoply5bRunVr83tEREQk+/JcpQRg+fLlHDt2jLCwMEaOHElERITXCihGgPz111+ndevWCpuLiIjIJfz9/YGseYitW7eadQOXy2UGzvv27csPP/yA1WqlYMGCvPTSSzRv3hzICo0/88wzAOYD83v27KFDhw4sXLiQpUuX8t///pcBAwawcOFC83tDQkJu41mKiIhITqSguYhkC8ZE7ZYtW3jllVeYPn06O3fuxG63Y7PZ8PHx4dChQyxatIiePXuyceNGr2WdFDYXERG5uxUtWpT7778ft9uNy+Vi9+7dLFu2DMgKnnuOFf5N2NzhcOB0Ojl06BAOh4OjR4/StGlTevbsybvvvkurVq2ASyecRURE5Pbau3cv33zzDZA1QRsTE0OfPn2uK2zu4+MDZAXCT58+zZw5c3A4HGbwHGDmzJleIfOWLVvSv39/AOrXr8/AgQOBrHqH0+lkx44d9O3blwULFrBlyxb69evHoEGDzPpF3rx5ze5hnt8jIiIi2Y/RNGf//v2cPHkSyJqHAGjVqhVFixbF6XR6Xc89A+R9+/ZV2FxERERMxnxCqVKlzIfTQ0JCiIiI8BpTjBw5kq+//hqAwMBAnn/+eXNOwlg9rXPnztxzzz3AhQxGfHw8b775Jq+99hqHDh0CICYmhvT0dCArayEiIiJyNZqxEJE7zrjBiYmJ4bnnnmP79u0kJyfj5+eHj48PQUFBZGZmAllBsWPHjtGpUyfWr1+vsLmIiIiYY4GuXbtSsmRJ8/UVK1Zw+PBh8+9/GzY3lqZMSUlh+/btwIUC8DPPPMOTTz5pHo8KsyIiIndWyZIlefHFF6levToOhwOLxcLff/99XWHzvHnzEhgYSFpaGgChoaFmCAzgq6++YsSIEUBWiL1x48YMGDAAq9Vq1i/q16/P/fffD2QFy9xuN2fOnCE6OpouXbrw/fffA7Bu3TpOnTrl9f0aR4iIiGRfxnzG+vXradOmDa+//jqJiYnkzZsXgGLFigGYXUc9KWwuIiIil2PUAR5//HFy585NQEAAH3/8MQ899JA5pli4cKH5QD1Az549adu2LZA1PvH19QWgYMGChIeHA1kNejzZ7Xbcbjfh4eG88MIL+Pn53fJzExERkf8NCpqLyB1ldOnavHkzzz33HImJiVgsFiIiInj77beZPn06kyZNokePHthsNhwOB3a7HYfDQefOnRU2FxEREbObR548ebj33nvN1/bs2cP+/fuBC4Hw6w2bb9q0yetzGRkZ2Gw20tPTeeONNzh48CBhYWHUqFHjiscjIiIid4ZRa2jUqBHt27enSpUqZoDresLmNWvWpEKFCgC8+eabtGzZ0uxyvm7dOqZMmWJe7+vXr8/gwYOBrIfSjO3Cw8MpV64cALly5cJut2OxWLBarWaXMcha1jp//vw3/58gIiIit4SxMmuXLl1ISUkhJiaGwYMHk5KSgr+/v7ndlULiCpuLiIjI5TidToKCgvjggw/45ptvqFq1qpmBSEpK4pdffuH06dMAdOrUiW7dugEXHoIzfvf19aV27dpYrVYeeughHnzwQTNn4XA4KFy4MJ9++uklIXQRERGRq7Hf6QMQkbubxWJh37599OvXj3PnzmG326lRowbDhg2jSJEi5nbVqlUjMjKSSZMmceTIEa+w+eeff0716tXNmygjQGaxWGjSpAkA/fr1Ay6EzQFeeOEFM4wmIiIiOV9QUBBdunThxx9/JDMzE5fLxeTJk6lUqRKhoaHmdp5jhUaNGgEwZMgQkpOTcTgcbNmyhf79+xMdHU3t2rUB8PX1xeFwEB0dzerVq7FarVSuXJk8efLciVMVERGRq/C81jds2NB8fdOmTV5h83HjxnnVHuDCBG2vXr3IzMykZs2a5utut5uVK1dy6NAhXC4X1apVY/z48UDWhLDRZcz4vVatWixatIhHH32Uffv2cfDgQc6fP29+1+jRo6lXrx6AV8d0ERERyd62bduGv78/6enpnDt3jg0bNpiroRw/fhy4fEdzgxEgt9ls9O3bF4AFCxaYjXiMsPm4cePw8fHxGmeIiIhIzuQZCIcLdQDjp3Gtr1q1KuBdZ1i/fj0rVqwAsh5sb9q06WX3adQVHA4HLpeLBg0aUKxYMTZs2MD69euJjIykQYMGCpmLiIjIDVPQXETuqKSkJD7//HNOnDgBQOnSpc2QuXFjZNxEtWjRgoIFC9K3b1/i4+Px8fEhMzPzH4XN//jjDzIyMnjppZfMLmUiIiKSs7ndbsqUKUPdunX5/vvvsVqtHD9+nKNHjxIaGupVmL1a2NzlchEbG8tzzz1H586dKVCgALly5WLevHls374dAB8fH9q0aUO+fPnu2PmKiIjIlf3TsLkxQXv//fd7dQSzWq0cOXKEL7/8koyMDHLnzk3Hjh2xWCyXhL+M3202G6mpqTz88MO89NJL/PXXX/z000+ULFmSGjVq8NhjjwEKmYuIiOQ0Tz/9NBaLhY8//pi4uDhOnz6N3Z415bpq1SoaN25MZGTkVfehsLmIiMj/Ps8guMVi4cyZM5w/fx6LxUKhQoXM1c8uDoxD1ljBqBf89ddf5utBQUHcc889wKWrqxq1hfj4eAD+/PNPHn74YYoWLUrz5s1v1WmKiIjIXUBBcxG5I4ybotOnT7N27VrS0tIICQlh/PjxXiFzwGuyNTY21rwxcjgc/7izeXJyMr/88gtdu3a9zWcuIiIit4rFYiEgIICHH36Y7777DqfTyfHjx5k9ezajRo26ZEL24rC5xWJh5MiRnD592nzv888/BzDHHIa33nqLOnXq3NbzExERkRvzbzqbXzxZC1nBMSP85XK5KFOmDHDljqXJyckArF69mubNm1O8eHGioqK86hwKmYuIiOQsxvxD27ZtcTqdfPrpp8TFxZk1g7179xITE0NkZORlQ2Oerids/tprrzF27Fh8fHxuy/mJiIjIzeE5Dli1ahU//vgj3333HQ6HA4fDwRNPPMHDDz9M27ZtrzheMOoFR48eNf/OkyePuQKr8aCb53eeO3eOnTt3ApA3b95bdXoiIiJyl7lydUNE5BYybormzp3LoUOHAHjiiScoWbIkTqfzkq5hANOmTWPo0KEABAQEkDt3blwuF3a7HafTSefOnVm/fj1WqxWXywVkTdgamjRpwttvv23+PXLkSB588MFbf7IiIiJyVcZ1+0p/Xy/jut+yZUseeeQRICsktn79erOwejEjgAbQsGFDhg8fTtWqVfH39weyOpcbIXO73U7u3Ll55513aNasmdd3ioiISPZ0cdi8U6dOVKlSxXzNCJsfOXLkivsw6hLGamw2m438+fNToEAB4NKxi9PpxOFwsG7dOiCr25jn8Vx8fCIiIpJzeM4/tG/fnu7du1OoUCEsFgtWq5XU1FRGjx7Njh07zBVbr8YImwP07duX1q1bExISgtvtxsfHh2+//ZYXX3xR9QcREZEcxDPjMGfOHF577TW++uorUlJSgKyGeitWrGDIkCEMHz6cpKSkq+7PGAe43W42b97M1q1bLxsyt1qtbN26ld9//x2AXLly3exTExERkbuUguYickedPHnS/N1z4hW8b8A+++wzxo4dC0BISAgdO3Zk2LBhREZG4nQ68fX1NcPm69atw2q1kpmZidVqJSMjw5wMbtKkCSNHjmT48OG0bNkSUEBMRETkTnI4HOb1fteuXcCFMNeNXqONoJbFYuH+++83fz98+DAxMTFX/ZzxXY899hivv/46PXv2JDw8HIvFgsPhoECBAjRu3Jh3332Xxo0bm8encJiIiEj2dzPC5oDZqdTlcnHw4EF+++03wLv7udGVNDExkbVr1wKX1jtEREQkZ/MMm7dr184Mm7vdbux2O4mJiTz77LMcOHDAK0h+JZcLm4eFhZGZmQlAgwYNVH8QERHJIdxut1knmDFjBsOGDSMxMdGsKaSnpwMXagmzZ89m6NChZnO+i/cFcP/992Oz2fD19SUjI4PZs2dz+PBhczujkd+ePXuIjo7G4XBw7733Uq9evVt6riIiInL3sF97ExGRm8/o7nX8+HHztW3btgFZRdWLQ+ajR48GskLmzZo149VXXwUgIyODIUOGkJqair+/P2lpaXTp0oX33nuPBx98EB8fH/r27UuuXLl46aWXCA8PNwPmwDWXrhQREZFbx+l0ml03+vfvzy+//EK9evVo3749RYsWJTg42Nz2RkLdVquVDh06sGjRIjMw9tlnn1G7dm2KFi162c94BtAqVKhAhQoViIqKYv/+/Zw7d46yZcuSK1cuswOIQuYiIiI5y8Vhc8OmTZu8wubjxo2jSJEiXp81PlemTBmsVqu52smKFSsoW7YsJUuWBLJqFL6+vqSnpzNo0CBiY2MJDQ2lUaNGt/VcRURE5N/znDu43O9G2NxqtdKuXTsAPvnkE+Li4rDb7Zw9e5b27dszZ84cSpQoYT6MdiVG2Nxms9G3b18cDgezZs1i2LBhXk1zVIsQERHJ3oxr9ZIlSxg5cqT5+v3330+1atXInTs3y5YtIy4ujuTkZACWL19ORkYGr7zyCqVKlbpkXxUqVMDtdpORkQHAzz//jL+/P23btuXee+/FZrOxbds23njjDY4dO4bNZqNSpUrmyq0iIiIi/5bFrVa+InIHDRkyhHnz5pl/T5s2jYceesgs2s6bN48hQ4YAEBAQQJs2bRg4cKDXPj744AM++OADAHx8fMxO5lWqVCEpKYm9e/cCMGzYMKKiohQsFxERyWb69evHsmXLzEna8PBwihYtSs+ePSlRogQFCxY0t72eSVVjYvaDDz7g448/xu12ExQUxLhx43jkkUeuObkLl38YTRO6IiIiOZ9xPXe73Xz77bfMmDHDDJu73W4qV6582bA5wNGjR4mKiuLs2bNAVg2iffv2NGrUiMqVKwNZYfP+/fvz448/4nQ6qVWrFiNGjKBQoUK39TxFRETk5sjMzCQ+Pp7g4GD8/f296gJutxuXy2XWGL744gszbG6z2XA4HISGhvLFF1+Yq7PeSD1i27ZtlC9f3vwu1SRERERyhoMHD9K/f3/+/vtvAgMDady4McOGDTPfP3HiBIsWLeLrr79m//795uv16tWjd+/eZtjc8/o/ZcoU3nnnHXNbPz8/AgMDqVmzJunp6fz2229mt/TixYszderUy9Y2RERERP4JBc1F5I4wbormz5/P4MGDARgwYADt2rXDz88PyHoSNzo6mtOnTwPQokULRo0aBWQFyCwWC1arlQMHDtC9e3eOHDliFm/hQrcygFy5cvHhhx/y4IMP3u5TFRERkatYsGAB0dHRAGZ3UCNw7uPjQ+XKlalfvz5NmjQhJCTkkpVPrmb9+vV07drVXGr6oYceYvr06ZqYFRERucv9k7C5Mf5YvHgxQ4YMMbuI2e12wsPDqVGjBlarlQ0bNrBv3z4gK4j+wQcfUKdOnTtyniIiInJjjDFCfHw8Bw4cYM6cORw6dIh9+/ZRsGBB8uTJQ4MGDbj//vupVKmS+TmHw2Gu2HYzwuYXb6OQuYiISM6yatUqevXqRXp6Om3atGHo0KFYLBZz/sNqtZKSksIvv/zC1KlT2bFjh/nZi8PmRj0iLS2N999/n2nTpgHeDfjcbreZiwgNDWXWrFlendFFRERE/i0FzUXkjkpLS6Njx460a9fOXP4RsrqEjR49mp9//hmHw0Ht2rWZMmUKcGmR1eFw0KFDB3bu3EnNmjVZu3YtaWlpXkHzsWPH0rRp09t7ciIiInJNx48fJzExkcmTJ7N371727NkDeD8wBlC1alXKlSvH//3f/xEaGmo+mHYtY8aMYfr06VitVvLmzcu4ceN48MEHrzusLiIiIjmP53Xe83fPkNY/7WyekJDArFmz+OSTT8jIyMBms+F0OgHMh+UMY8aMoVmzZpd8t4iIiGQ/xphh165dfPTRR2zZsoVjx46ZYwPjmu/r64uPjw+9evXiqaeeIiwsDMjqfO7j4wNcPmyeN29eZs+eTYkSJa4rbC4iIiI5w+XmGgYMGMBXX31FtWrVmDVrFhaL5bLX/7S0NH799VcmTZp01bC5ISEhgTlz5vD++++bYxSjgU9gYCCRkZG8/fbbCpmLiIjITaeguYjcMtea2DW6fGRkZODr6+u13erVq3n55Zc5f/48RYsWZfr06RQpUuSSGzBj+169erFx40Zee+01jh49ysyZMwHIly8fPXv2pFGjRl7fLSIiItmDcW1OT0/n5MmTLF68mF9++YWdO3eay08b4S2AggULUrt2bRo2bEjt2rXN1680SfvDDz/w2muvkZGRgcvlolu3bvTr1++2nJuIiIjcecnJyeTOnfuy791I2NyznnD8+HG++eYb3n33XXPlFGNi19fXl1y5cvH666/TuHFjr+8RERGR7MmYZ9i8eTOvvvoqcXFxXiuueTK6hwI0adKEZs2amfWJa4XNb7SzuYiIiGRvnhmIb775hipVqhAeHs7AgQNZvHgxr776Kt27d/da/eRiRtj8448/Zvv27ebrVwqbA6xcuZJff/2VP/74A4vFQuHChalTpw5PPvkkhQoVujUnKyIiInc1Bc1F5Ka7eAI1JSWFs2fPkj9/fpxOJ0FBQeZ7l3vC1+Fw0LNnT1avXg3Agw8+yOTJk/H19b1i59HevXvz888/M3v2bMqXL098fDwZGRlYLBYKFix42eMSERGR7OHia/SRI0fYs2cPn376KceOHSMuLs7r4TVD06ZNqVy5Mh06dLhkX5777NatG2vWrAGyHkL7+OOPqVix4u04NREREblNjGv/qVOn2Lt3LwsWLODo0aMcPXqUKlWqULp0af7v//4Pf39/bDbbJWOGGw2bA2zcuJFPPvmEgwcPkpSUhL+/P08++SR16tThwQcf9DouERERyZ6Ma/Xff/9N165dOX/+PAChoaG0bNmSyMhIkpKSiIuLY968eTgcDq/aRI0aNWjbti1PPfUUoLC5iIjI3Wj69OmMGTOGypUrM2nSJN577z3mzZvHJ598wqOPPnrN2sD1hs0vzlacP38el8tFrly5bt3JiYiIiACXf2ROROQfMm5ujh8/zvbt2/nyyy+JjY3l6NGjhIeHkytXLqKioihbtiyVKlW6bHDc4XBw+vRp8+9ixYrh7+/v1c3U0/Hjx9m2bRtpaWkcPXqU8uXLkzdvXq9tNLErIiKSfRnXaGMcUaRIEYoUKULlypU5duwYM2fOJCYmhkOHDgEXOoYuXbqUpUuX8vXXX1O3bl3q1atHZGSkuU9j1ZR27dqxY8cOzp49S1JSErt376ZixYqXfeBNREREch7jmr5z507effddtm3bxqlTp8wupD/99BMrVqxg3bp1PPPMMzz66KMEBQVdEjZv2LChuU8jbP7333/Tp0+fS8Lmbreb+++/n/fee4/MzEwSExMJCQnxmtxVLUJERCT7s1gs7Ny5k969e3P+/Hl8fX0pX748Y8aMoVixYl7bNmjQgMWLF7Ny5UrOnj0LwF9//UVKSgrp6em0bNnS7Hju4+NDu3btAMywud1u5+zZs7Rv3545c+YobC4iIvI/4Mcff2TMmDEA/P333/Tr14/q1asDcOrUKYBr1gb8/f159NFHAbzC5itWrAAww+ZWq9WrLhEYGGjuQzUIERERuZUUNBeRm8aY2N22bRujR49m//79nDlzxrzROXjwIE6nk61bt9KgQQN69+5N0aJFL9nPuXPnOHfuHDabDafTyblz5wAuKbYaBdi4uDizABwSEnLZY9NNlYiISPZ3ceg7b9685M2blzFjxrBz507Wr1/P7NmzOX36NMnJyWY30piYGLZs2cKUKVN49tlnKVeuHLVr18bX1xeA++67j0KFChEfH09mZiZTp07liSeeIDQ09E6cpoiIiNxERi1i06ZN9OrVizNnzuB0Os1aBGDWFzZs2EBiYiKnTp2iRYsW5M6d+x+FzeFCncHPzw8/Pz8zYO45satahIiISPZ35swZJk6cyIkTJwCoWLEiY8eOJSIiwpyDMMYb1atXJyIiggoVKjB58mTi4uKwWCxs376d+fPnExwcTL169fDx8TE/e7mweXx8PB07duTzzz+nZMmSd/L0RURE5F8KCgqiVq1a/P777wCsWbOGzZs3AxAXFwdcfpX3i3mGzSdNmsSOHTuAS8PmV6o5qAYhIiIit5La94nITWHcHMXExPDss8+ybt06zpw5g81mMwPiRkfyggULUq1atcuGzAFy5cpFUFCQuf13333Hb7/9Zr7vdrtxOBzYbDbS09MZO3Ysp0+fJn/+/JQpU+YWn6mIiIjcTsZ44N577+WZZ55h8uTJjBs3jho1ahAaGuq1XHVCQgLvvvsuL774IgMHDmTVqlUkJycTERHBf//7X7OQe/r0af766y+v/YuIiEjO43a7sVqt/P3333Tt2pWTJ0/idDrJkycPrVu3pmfPnjz00EMULlzYDJ3v3buX2bNns2jRIpKTk71C5p5h806dOlGlShXzNSNsfuTIkasekyZ2RURE7jzjun81Rj1h586dbNu2DafTSd68eRk1ahQRERG4XC5zbsMzGFa4cGGaNWvGoEGDCA8PN79r06ZNLFiwgG3btgGYAXWAdu3a0b17dwoVKoTT6cTf39988C0lJeW6jldERESyp5o1a9KzZ08zJA6QlpYGwJw5czhw4MB1r6xqhM179uxJuXLlzNdXrFjBhAkT2Ldv3809eBEREZHrpI7mIvKvGRO727dv58UXXyQxMRGA8PBwevbsSVhYGCdPnuTgwYPMmzePJ598kg4dOpif9ZyEdbvd+Pn5UadOHfbs2YPVasXhcDB9+nT8/f2pXr06FosFu91ORkYGgwcPJiYmhoCAABo0aEDevHmv64lgERERyRmMSV1jzFCsWDGKFStGrVq1iImJYeXKlSxbtoyEhAQga/I3PT2dxYsXs3btWiIjI+nbty/FixenWbNmLFmyhKSkJL799lsaNGig5alFRERyKGNssGPHDl588UVSU1Px9fWlQoUKjBo1iuLFiwOQmprKH3/8wezZs1mzZg0AsbGxfPHFFwC0atXqqp3NLRYLMTExZtj81VdfZfz48WZncxEREck+9u/fT8mSJb2u6VdizCHMmzePuLg4bDYbTz/9NMWKFTO7kV9JYGAgjz32GL6+vgwdOpRjx44BsGrVKu655x7Kly9vfocxX2F0Np86dar54NrAgQPNVVFEREQk5zHGG9WrVzcfHPv111/JzMzEx8eHxMREvvjiC3r27HndK6x6djb/+OOP2b59O5AVNrfZbLz00ktqviciIiK3ncWtx+RF5CY4fPgw/fr1Y9OmTdhsNh588EGGDx9ORESE13aHDh2iWLFiwNWXiNq0aRMdO3YkMzMTAB8fH4oXL07nzp255557yMzM5N1332Xjxo24XC7y58/PhAkTqF69+q09UREREbnjLp7w3bJlC7t37+bTTz8lPj6epKQkczLZ7XYTGhrK448/TlxcHH///Tfnz58nICCA999/n9q1a9+p0xAREZF/6fjx40RHR7NmzRrcbjfVqlVj7NixRERE4HQ6sVgsWK1WMjIyiI2N5cMPP+S7774zw2fFixenXbt2Vwybu91uvv32W2bOnGmGzd1uN1WrVmXs2LFXXKlNREREbr8PPviAFStW8MILL/Cf//wHuLTRzcVSU1Np27Yt+/btw+l0MmbMGJo1a3bd35mens5PP/3EqFGjOHXqlNex1KtXz/zbcy5k1qxZTJw4kf79+9OyZcvrOk4RERHJvjxrCOvWrWPKlCn8+uuv5vtGc76GDRve0ANmaWlp/Prrr0yaNIkdO3Zgt9txOBw0adKEESNG4OvreytOR0REROSy1NFcRP4Vo0C6atUqDhw4AEDx4sXNkLnT6cRqtZpFUiNkfq2OIFWqVOHtt9/mlVdeAbJu0Pbu3Ut0dDR+fn5YrVZSU1PN7QcOHKiQuYiIyF3CGEMY45CKFStSsWJFHn/8cTZs2MCyZctYs2YN586dA+Ds2bN8/fXXuN1us5PI+fPn2bRpk4LmIiIiOZBRU1i3bh07duzA7XZTqFAhRo8eTUREBC6XyxwvOBwOfH19KVOmjPkwvFGjuJHO5gAxMTH4+PgQExPDCy+8wLx58wgMDLzNZy8iIiIXmzBhApMnTwayOpQ7HA4aNWp0zfD2mTNnzJC5r68vPj4+QNb4wW6/9hSqn58ftWrVonXr1nz++eekpaXhdDpZsmQJDz30kBkm8+xs/swzz1CrVi1KliwJKGQuIiKS03nWEB544AHzdSNsfuzYMaZNm4afnx9169YlKCjouvbr2dn8008/ZcuWLQQHB/Pcc88pZC4iIiK3nYLmInKJhIQE8uTJc13bGl04vvnmGxITEwkICGDYsGGXTOxe7Gohc+NG7Mknn2TEiBEMGjQIh8NhBtadTifp6elYLBZsNhtvvfUWjRo18vqsiIiI/O/zXBnF5XKRN29e6tevT/369Vm9ejVbtmxhxowZpKenk5qais1mw8fHx1wxJTw8/E4duoiIiPwLRk1h0aJFnDlzBh8fH/r06UPRokW9Hmx3uVxmSOyzzz5j6tSpQNYYwuFwAFcPmxuBsIYNG+J2u7Hb7axbtw6ADh06KGQuIiKSDSQkJLBkyRIAAgICWLNmDU6nk1q1al1znsPX15eAgADS0tLIyMhg7969ANcVMjfkyZOHRo0asXLlSnbu3AnAunXrOHv2rFfXUs+wuULmIiIiOcvFK7Vf/JD6tcLmBw4c4OOPPwa44bB5nTp1yMjIYO7cuQwePJh77rnnJp6ZiIiIyPVR0FxEvEyZMoV9+/bxf//3f2ax81p27drFjh07sFgsFChQwFw62vNm63p43ogZWrVqRf78+fnwww85fPgw8fHxAISEhFCuXDk6derE448/7vV5ERERufsY4w4jXPbII4/wyCOPUL9+fTZu3MiCBQvYvXs3GRkZADe8HLaIiIhkL4cOHWLnzp3YbDbsdjuFCxcGLowJPCeBP/vsM0aPHg1k1RMee+wxkpOTWblyJXD5sHlGRga+vr5mR9OGDRvidDpJTk7mmWeeISoqClAtQkRE5E7LkycP06ZNY8CAAWzevBm73c5///vf62qmU6BAAYoVK8b27dsBWL16NU2bNiUyMvKGjqF06dJ07dqV/v37Y7fbSUhIYNOmTRQtWtRrrHDxnInGECIiItnXxdfwtLQ00tPTOXv2LDabjaJFi5KZmYmvr69ZgzB+Xi5svn///n8UNvfz86N+/fo89thjXg+xiYiIiNxOCpqLiGnixIl8+OGHBAQEkCdPHqKioihVqtQ1PxcfH09qaioAuXLlIjQ09Ia/2/NGbfTo0RQrVoz27dsD8Oijj3LPPfeQkJDAhg0bsFqtVK1alTx58lCoUKFLPi8iIiLZz+26Vl+8akqZMmUoU6YMUVFRfPPNN/zxxx9UrlzZDJlf3IlEREREcoazZ8+SmJgIgMPhIC4uDsCrEzlcGjJv0aIF/fv35+jRozgcDnPC1wibp6en07p1a/LmzUt6ejrvv/8+tWrV4uGHH6Zx48bcf//9FClSBNA4QkREJLsoWbIko0aNol+/fgwcOJBq1aqZq6RervsoZF3HnU6nGTS3WCzs2rWLjRs3EhkZed3XeWOf1atXp3Dhwpw6dQqApKQkQGFyERGRnMhzHLB79242b97MnDlzSEhI4NixY1gsFipXrkxERATPP/88RYsWxd/fH6vVajbDudlhcz8/v5t8liIiIiLXT0FzEQFg69atfPjhhwBkZmYyffp0nE4nffr0ueZNS0BAAJBVMD1y5AjHjx+nePHiN/T9RrF1xIgRzJw5k4cffpgnn3ySPHnyYLVaKVSoEIUKFeLee++95LMKmYuIiGRvRlF2z549BAUFER4efluDWUZht0mTJjRp0uSS4xIREZGcJzg4mMDAQNxuN6mpqaxbt4769evj6+trXt9nz55thsxz585NixYtGDBgAJDVwbRTp04cOXKEAwcOAFlh81mzZhETE0OrVq1YuHAha9asYdOmTURERBAZGWmGzN1ut8YRIiIi2UipUqX44osv8PPzw+FwYLFYsFqt7N69m0OHDlGvXj0sFos5n2CE0Lt06cKKFStwOBxkZGQwfPhwypYtS/ny5a+rbmDMTURERBAaGsqJEyeAG1/xVURERLIHz+v/0qVLmTVrFrt37yYtLQ2LxYLNZsPtdrNp0yY2bdrE6tWriYqKon79+lStWhWbzWaujnYzw+YiIiIid5KqHCICQIUKFXjjjTew2+04HA4Annrqqet6MjZ37tzmzda5c+f4/vvvyczMvOFjmDZtGjNnzgRg/fr1xMbGXlcxViFzERGR7Msoym7YsIEmTZowadIk4PZOuF7c5dygSV8REZGcy3gg3VhhLX/+/FgsFrNG8PXXXzNmzBhz+0aNGpkhc4fDga+vL/fffz+lS5fG7XZjs9mwWCycOnWKX375hVdeeYVVq1bhcDg4d+7cJbUH1SJERESyH2M+wwiBbdiwgaZNm/LRRx+xYsUK8z232w1kPThWunRpmjdvjs1mw263k5qaSq9evdi3bx9WqxWXy3XN73W73Zw4cYL4+HgzxF6gQAHzPREREckZPEPms2fPJjo6mq1bt5KWlkZAQAA2m41cuXLhcrnMukBSUhKzZs1i1KhRfPPNNwBm5sJisfDAAw/w3HPP8eijj5rfY4TNf/rpJ86dO3f7T1RERETkBilZISKmZ555hr59+wIwa9YsKleujNPpvGoh1O12ExoaStmyZXG73TgcDn7++Wdz+Wqn03nd31+tWjXsdjtWq5X09HR++eUXgOsq5IqIiEj2ZLVa2bJlC8888wwAf//9Nzt37rzDRyUiIiI5mdPpJCAggFatWmG32xkxYgQvvfQSvr6+AGzevNlcqQ3gP//5D0OHDjU/a7fbcbvdBAYG0r59e3x9fQkKCjLrH3a73etBteeff/6GV24TERGRO8dms7Fjxw46dOgAwI4dO/j888/58ccfAbw6m+fKlYsGDRoQHh5udh89evQoffr0Yf/+/dcMmzudTiwWC/Hx8WRmZuJ0OilcuDDVq1c3v0tERESyP8+Vy+bMmcPw4cNJT0/H5XLxwAMPEB0dzYwZM5g+fToDBgygQYMG5mczMzPZsmULw4YNY8GCBUBWbQFQ2FxERET+JyhoLiJeunTpwm+//Ub16tVxOBxmsfXw4cPmUtKeLBYLefPm5ZFHHjH/jomJYfjw4UBWQfd6wuZOp5PKlSvz6KOPmoXXM2fOAOo2KiIikpM5nU6WL1+O2+3Gz8+P3bt3s2XLljt9WCIiIpKDGSHwOnXqMGfOHFq1agVceFB9w4YN7N+/H6fTSYUKFXj77beBrHGJ8Vmj9hAcHIyfnx9t2rShZ8+e5hLXGRkZ+Pr6Mnr0aJ588klAHUlFRERyEn9/fyIiIoCsa/i6deuYMWOGV9jcmLt45JFH6NixI4AZNt+5cycvvvgie/fuxWq1XnYcYIwt0tPTGT58OGfOnCEgIIAWLVoQEhKiJjoiIiI5iFEn+P777xk7diwAQUFBtGnThpkzZ9KyZUvuv/9+ypUrR5cuXRgyZAiTJk0iMDDQXCktISGB6Oho/v77b3O/Rt5CYXMRERHJyZTeFJFLhIWFeXXxWr9+PVFRUUydOpWDBw96bWsUSqOioqhYsaL5pO/333/PW2+9BVxf2NyY6A0LCzO3NZa5FBERkZzLZrPRuXNnwsLCSE9PB2DSpEnExsbe4SMTERGRnMqoG5QuXZpKlSoBFzqPnTx5kunTp5OamorNZqNJkyb4+fl5hcyN7QECAwPJzMxk8+bNvPzyy0yaNIno6GgGDx7M9OnTad68ubm9OpKKiIjcWcb1Oy4ujqSkJK/XLw6ClyhRgilTplC2bFnztYvD5sYDZgCdOnXipZdeAi6EzQ8cOEDHjh35448/yMzMNPfjcrlwOBzYbDYyMjJ48803iYmJASAiIoI6deoAaqIjIiKS0xw6dIhFixaZ44NGjRqZK6QZr7lcLlwuF6GhoTz++OM8+eST+Pn5me93796dypUrm/v0XEnlSmHzTz/9lG+//Zbz58/frlMVERERuSH2O30AIpI9WSwWM2T+zDPPALBixQr8/f3p0KEDJUqUAC4USgsVKkTt2rXZu3cvGRkZWCwWZs2aha+vL6+99poZNvec1PWUmZmJ3W7n9OnT5rZ58+YFsm7WVJAVERHJmYwlozt37szEiRNxOBwkJSWxceNGihcvftXxgYiIiNxdjInXlJQUUlJSWL58OQkJCaSnpxMSEkLVqlUpX748ISEhl3zWCIEfPHiQ5ORk7HY7DoeDChUqAFwy3jC2P3nyJOnp6Zw5cwaHw+E12XvxcYmIiMidZbFY+P7773n77bfp1q0bjRs3Jnfu3LhcLmw2Gzt37mTPnj00bNgQu91OiRIlmDBhAr1792bXrl1AVtjcUL9+fex2O5mZmfj4+PDSSy+RmZnJ5MmTzbD52bNn6dmzJx06dKBGjRrUqVMHq9WKw+EgLi6OwYMHs3btWrOT6csvv0zFihXv1L9IRERE/oUDBw6wfv16HA4HlSpVYtiwYeYqKHZ7VrzKuOYDvPfee/z8889mk50ePXrQu3dv4NJV1TzD5oZff/0Vu93Onj17mDdvnrmimoiIiEh2o6C5iFzVnj17zN8TEhL46quvALzC5i6XC19fX5599lk2b97MmjVrsNvtOJ1OPvvsMxwOB6+//jo2m+2yoXGn04mPjw+JiYns2bMHp9NJSEgIDRs2BNT1Q0REJCczCqnVqlUjV65cxMfHk5KSwvz582nRooVC5iIiIgJceMh8z549zJw5k7/++uuSVdX8/f0pWLAgb7/9NuXKlTMneT0dOHDA7GYOFzqOXcyY8N20aRMWi4XcuXNf8dgUMhcREckekpOTGTZsGGfOnGHmzJnY7Xbq1atHaGgoGzZsoEOHDkRGRmK1WmnYsCFWq5WSJUteM2zu4+Njhs179+5NUFAQkyZNIi0tDYC0tDQ+++wzpk6dSvXq1QkKCiIxMZFjx45x8uRJc18jR46kfv36gB5UExERyWkyMjKYPXu22VX8iSeewGKxmA+fgXd4fOLEicydO5ezZ88C8Pzzz/PKK69csp3hcmFzq9XKL7/8Qu7cuRkxYgS5cuW6HacqIiIicsOU3hSRq2rXrh1Dhgwx/05JSeGrr75i9uzZHDhwAMDs3pE7d27efvtt7rnnHnPZSLfbzYwZM+jfvz+ZmZlmaNxY5jozM9NcXjI6OprDhw9jt9upXbs2+fPnv2S5SxEREcmZ7r//fjp06ABkFVRjYmKYP3/+HT4qERERyQ6MkPnff//N//3f//HVV19x8OBBr3CWMbmbkpJi1g4uJzw8HB8fH2w2G1arlU2bNpGZmem1jTHhe+7cOb7++mtcLhdBQUF6AE5ERCSby507Ny+99BJ58uRh//79TJ48mXXr1rF69Wq6du0KwKFDh/j777/NzqKAGTYvW7as+dq6deuYMWMGP/74I4AZNgfo3r070dHR1KhRwxxzGOOSjRs3smrVKjZv3szJkyfx8/OjQIECTJgwgWbNmgEKmYuIiOREFovFDI0DVK5cGeCKIfM5c+ZcNmTucDi8GuklJiYCF8YHnmHzTp060aBBA2bPns0999xzy89RRERE5J9S0FxErqldu3ZER0ebf18ubG4sL5k3b16mT59OZGSkGTa3Wq0sWbKE7t27s2LFChISEsybMB8fH86dO0f//v1ZvXo1AEFBQbRs2ZLcuXOrGCsiIvI/wOVyAdCgQQPKly9vPki2YcOGO3lYIiIikg243W6sViubN2+ma9euxMXFkZGRQe7cualXrx5169bl/vvvx2q14ufnR8eOHXnqqaeuuL/AwEAyMzPJyMjA5XLx5Zdfeq3WZjzwnpqayoABA9i9ezchISG0bt3anPAVERGR7KtmzZpUq1YNu93OkSNHGD58OM8//zwZGRkEBgZSq1YtunTpQkBAgNfnSpYsybvvvsu9995rvna1sHnLli0ZMGAAr732GmFhYfj4+AAXahwul4t8+fLRqlUrxo0bZ67QqpC5iIjIned5b3899/kul4tTp05x/Phx8zXPgLjL5bqukLnT6cRut5tjgdWrV/POO++wZ88e8zXPnzVr1mT06NEKmYuIiEi2d/nWPyIiFzE6kA4fPhy4EDY33itRooRZhM2XLx9z5syhZ8+e/P3331gsFiwWC3/88Qe7d+8mNDSUevXq4evrS3x8PL///jv79+83vys6OpqHH374tp+jiIiI3BpG946SJUtSqVIltm3bBsCSJUv4z3/+Q926de/k4YmIiMgdZLFY2Lt3LwMHDuT8+fP4+vpSvnx5Ro4cSYkSJcztvvrqKzIzM2ndujVwoQv6xapVq0b79u2ZM2cOALGxsfTv35++fftSsWJF8ubNy7lz5xg4cCC//vorAEWLFqV06dLm8YiIiEj2FRkZScuWLVm1ahUAp06dArJC4lWqVGHMmDHky5fPq+uooUSJEkyYMIHevXuzc+dOICtsbqhfvz4+Pj44HA7sdjv33Xcf9913H/Xq1WPPnj38+eefZGZmYrFYKFiwIHXr1qVAgQIEBgYCCpmLiIhkBxePASwWi/maUUswrtnG31arlXz58pE/f35Onz4NQEJCApDVodx44OxaIXPP7x0/fjyffPIJkNW0b8iQIZeMFSwWyyUPx4mIiIhkRwqai8h1u5Gwed68eZk8eTJjxozhjz/+IC4uDsh68vfMmTPs378fl8uF3W43i7aBgYEMGTLE7EymoqyIiEj2d73Xa6Nb6SuvvMIff/zBwYMHsVgsfP/999SsWZOAgABd90VERO5CKSkpTJs2jSNHjgBQvnx53nnnHSIiIszlpq1WK82bNzc/c7ngmKfHH3+c7du3s2nTJiwWC3v27GHgwIEUKlSI0NBQDh48yNGjR83tn3/+eUqVKnXLzlFERERuDpfLhcVioW7dujz99NPMmjXLXJHEZrNRq1Yt8uXLB3DFscL1hM3tdrsZPHO5XISHhxMeHk6dOnUu2Z9nl1TVNURERO48YwwwYcIEEhMTefPNN7HZbGRkZODr6wvA/v37KVWqlFfo3O124+fnZ+5n7ty51KpVi2LFigHw/vvv88UXX1xXyBwgKSnpkt81VhAREZGc6tK2PyIiV9GhQweio6PNv42w+ezZszlw4ACA2fEjT548vPHGG7zyyis88cQTwIVlJY3iq8PhIDg4mNq1a/POO+8oZC4iIpJDXHxNN1xpGUqjO0hQUBBPPfUUvr6+uN1ufv31V44fP24WckVEROTukpKSwoYNG0hPTyc0NJRRo0YRERFhPpx+ua7lVwuZAzzyyCO0atWKsmXLmuOLxMREtm/fzpo1a7xC5qNHj6ZevXrA9S2nLSIiIneO1WrFYrGwceNGvvjiC+DC9TstLY158+Yxf/58r2DX5Rhh87Jly5qvrVu3jhkzZvDjjz+a32U8NO/5PQbjb81jiIiIZD8LFy5k8uTJzJ07l7fffhvADJl/+umnPPXUUyxZsgTAnJvw9/enWbNm+Pr6YrVaOX78OL///jvp6el8+OGH1x0yN8YIxsNvAKdPnyYjI8OcVxERERHJadTRXOQuZoS5ExISSE5OZu3atTidTsqVK0e+fPmIiIi47Oeup7O53W7H6XQSFBRE8+bNad68OUuWLOHAgQP89NNP2Gw2QkNDCQsLo3Xr1hQvXpyCBQt6HZeIiIhkT0ZXr40bN/LJJ5/wwgsvULRoUUJDQ81r+OWu50ZH0ieeeIJp06YBWctPfvTRR4waNcos9IqIiMjdY/HixcTGxmK1Wqlfvz6RkZHX7Fh+OZ4dyCwWC61bt8bf35/ly5fzyy+/4HQ6zW39/PzIly8fffv2pVGjRl6fFxERkezt5MmT9OnTB6fTaV7Tjx07BsDhw4eZPHkyFouFBg0aEBwcfMX9lChRgnffffeqnc09xxYXjxM0bhAREcm+7HY7vr6+OJ1Opk+fjsvlon///syaNYtx48YBMGjQIEqXLk358uXN63rp0qVxuVy4XC4SExOZNm0av//+O3/99RcJCQnAtTuZG/vKzMw0XytevLjmP0RERCRHU9Bc5C5lBMR27tzJRx99xJYtWzh+/DgAuXPnJjQ0lP79+/P44497dewwboyuJ2xus9m8uno0a9YMgBdffBEfH58rHpsKtCIiInfexWEtz9etVisbNmyga9euZGRkEBMTQ7Vq1XjyySdp2LAhPj4+WCyWK4bEypcvz3//+1/Gjh0LwO7duzl27BiRkZHmGEVERETuDmfOnAGyxhjh4eHAtTuWX8xzvLJ27Vruu+8+8uTJQ5MmTXjooYf46aefWLVqFQkJCfj6+vKf//yHSpUqUbFixUs+LyIiItlbgQIFePrpp1m4cCGRkZG89NJLLF++nBkzZgBw9OhRPv74Y4DrCptPmDDBDJtbLJarhs1FREQkZ2jevDm7d+82G9589tlnbN261bzO582bl4YNG1K+fHmvzz3wwAM8//zzfPDBBwAcOnSIY8eO4XA4AOjZsycvv/wycPmQOWTlMDIzM9mzZ485jrhSgz8RERGRnMLi1pqwIncdI8AVExPDf//7X86cOYPb7cZms5mdOYwnbP/73//SvHlz8+bn4oLq7NmzzbA5QK5cuWjevLkZNr/a9xv7A4XLRUREsgvPFU/y5Mlz2fdiY2Np0KABkNUZxCiyAjzxxBNUrVqVzp07X7VDx+bNmxk0aBB79uwBoFu3bvTr1+/mn5CIiIhkSw6HA7vdzvPPP88vv/wCQOvWrRk+fPg/6mgOMHToUObOncvChQsvmSzOyMjAbreb9Q+DgmMiIiI5h+fcwooVK6hcuTL58+fnyJEjfPrpp8ybN8/cNiIigueff/6aYXOAAwcOeHU2h6ygWadOnahfvz6gMYOIiEhOYYwXkpOT6dOnD7/++iuAGfoOCQkhKiqKV199FZvNZtYgjM8dPXqU4cOHm7UKY5umTZuazXOMmsaVvnv9+vV06dIFh8PBvffey6effkr+/Plv2/9ARERE5GZTq0CRu4zRhXTz5s107dqV06dP43a7sdvtZlDMcxmniRMn8vnnn7Nv3z7gwg2YoUOHDkRHR5t/G53NZ8+ezYEDBy57DJ5dSi+35KSIiIjcORaLhZ9//pmGDRvy22+/AVnFUYfDgcViYceOHfj7+9OvXz9q1qxphsyNwNbKlSsZN24crVu3ZsqUKezatctr/8b2lSpV4sEHHzRfX7FiBVu3br0dpygiIiK3iMvluuT3K/W4MCZkIyMjzdeOHTsG4LVC2vUaPnw4X3zxBW63mw8++MCrtmF8n9VqNSePDapJiIiI5BxWq9W8jterV88MbBUpUoTnn3+etm3bmtsanc2///57kpKSrrpfo7P5vffea762bt06Zs+ezbfffgtozCAiIpJTWK1WnE4nuXPnpk2bNoSFhXllHCIiIujXrx82m42MjAxzbsPIMERERBAVFUXlypWBrM7lkLUy6+rVqzl79qxZ03C73eZ+jZD57t276du3Lw6Hg4CAAGrWrEmuXLlu6/9ARERE5GZT0FzkLmOxWDhw4AADBw4kLS0Nq9VK8eLFeffdd5k6dSpvv/02jz32GEFBQeZnZsyYwcyZM29q2FxERESyp9jYWN544w3Onj3L4MGD+f3337FardjtdjZs2ECLFi3o0KEDHTt25KOPPuKDDz6gSpUqhIaGAlnBMKvVyq5du3j//ffp1KkTn3zyCX/++SeAV5eP7t27m5O4R44cYdu2bcCVA2kiIiKSvVx8zc7MzCQzM5P4+HhOnToFXAhlGROzFwsLCzN/X7NmDbNmzTI/d71jgsTERE6ePAmAr68vhw8fviRo7vnQu+fvIiIikn15jgWMsYTVar3sGKFw4cI3NWxut9tZu3YtU6dONR+GExERkZzBCI8fOHDAbLwHWbWG7du3M27cOCCrhuBZrzC2q1u3Lq1ataJUqVLm53bu3MnQoUOZPXs2+/fvN1836h5Wq5WdO3fyxhtvmDWR4sWL07FjRwICAm7DWYuIiIjcOha3Uhwidw1jacfJkyfzySefcO7cOWrVqsXw4cOJiIgwt4uNjWXlypV8/PHHJCYmmq+3a9eODh06ULp0aa/9GWbPns3w4cPNv3PlykXz5s3p0KEDJUqUuA1nKCIiIv/WuXPnePXVV1m1ahWQFf6aMmUKPj4+NGvWzOxI3rZtW4YMGYLVauXkyZMcP36cyZMns23bNk6cOAFgrpYCEBoaymOPPUbbtm0pWbIkwcHBpKSkMG7cOL744gsAChQowBdffOE1LhEREZHsyejUBRAfH8+6detYtGgRhw8fJj4+HpfLxcMPP0xERAT//e9/8ff3v+x+jh07xrPPPktsbCxut5sqVarQu3dvr5VPrseiRYsYNGiQuaT1ggULqFix4r8+TxEREckeUlNTvUJanmMRT8ePH+fjjz9m3rx55msRERE8//zzNGjQgODg4Kt+z4EDB+jbt6/5MPxbb71FVFTUTToLERERuV0WL17MwIEDAfDz88Pp/H/s3XmcjeX/x/HXWWYfM4xhxoyxZo8QQkKSFgmVlH1LSlJJSKUs2UMptNiXCj9Zv0gl0WLLEjN2Y1/GMIxZzpzl98c8zt0cZhjCDN7Px+P7aOY+932d+5r6Ps51rut9fy6HsXOry+WiY8eO9OnTB0h/oM0dTndnIFwuF3PmzGH+/PnGuAAgICCAvHnz0rVrV6KioihbtizR0dEcOnSITz75hAsXLgDpayvTp0+nRIkSt7jnIiIiIjeeguYidxmbzUa7du3YsmULxYsX5+uvvyYyMhKHw4HZbDaC44mJifz0008MGzaMs2fPGte/+OKLtGnTxnh6Nzth82effZbnn3/euEZERERyJ/ci7alTp2jZsiXHjx8HIG/evCQmJhpbPT7wwAO89957FC5c+LI21q9fz7p165gzZw4pKSnG1pNOpxOXy0VUVBTFixenZ8+eVKhQgSNHjtCsWTMSExPx9/enX79+tGjRIssFYxEREcl5GRdgFy1axE8//cSKFSuM191hb/fPvXv3pk2bNh47m7glJibSp08ffvrpJ6MSWNOmTenSpUu25hHcY4bExESefvppTp06hd1u57vvvjO2uRYREZHbh3vN4cyZMxw9epTvvvuOkydPcuzYMapVq0aJEiXo0KHDFdu41rC5y+XC5XIZ8xD79+/nlVdeoWPHjrzwwgse9yUiIiK5n8vlYt26dQwePJiDBw/SqlUrEhMTWbVqFUlJSVcNm7vnGlwuF//73/+YP38+69atAzwL7ACEhIQQHx/vMRcSFRXFxIkTlY8QERGRO4aC5iJ3OPeXIJvNhre3N/v27aNly5Y4nU6++OILatasmWWQKyUlhR9//JGPP/74srD5lSqbz549m4EDBwLp20VZLBaaN29Onz59CAwMvMk9FhERkav5448/KFSoEMWKFbvsNfdk6tKlSxk0aBDnzp0zXvP29uahhx6if//+REREeIwhMk7CAmzdupVt27Yxbdo0jh07htPpBDAmcP39/WncuDGPPPII+/btY+zYsaSlpVG9enVmzJhxU/svIiIi1y/jZ/64ceNYuHAhx44dy/L8KlWqMHjw4EwXV93zCXv27KFVq1ZG1S+LxULbtm1p3bo1UVFR2bqvffv20aJFC2w2Gz4+Pvzwww/ZvlZERERyB/c8w65duxg/fjzbtm0zdk3LqE6dOvTo0YNy5crh7e2daVtXCps3atSI4OBg0tLS8PLyYs+ePcyYMYM+ffoQEBAApD8M517P0MPwIiIitx+73c6WLVvYvHkzXbt2JS0tjXfffZdVq1aRnJyc7crmADExMSxcuJApU6ZgNptxOp14e3sb6x4ulwuHw0GBAgUoW7Ys7733HkWLFs2ZjouIiIjcBJeXERKRO4Z78nPDhg0sXryY7t27Y7FYMJvN+Pn5ERERAZDlBKmvry+PPvoogEfYfM6cOQBG2Nz9Jcz9RatVq1YADBw4EJfLhd1up3r16gqZi4iI5ALjx49n/PjxdOrUiRdffPGyAJZ7EvWRRx5h6dKl/PLLL0D6RCnAk08+SUREBHa73SNYfunk63333cd9991HkyZN+OGHH/jjjz/49ddfjfOTkpKYP38+8+fP99hdZcOGDcyaNYvWrVvf1L+DiIiIXLuMC64DBw5k9uzZxmulSpWiYMGCVKtWjVOnTrF9+3Z2797NW2+9lWUFL5PJhNPppFSpUvTp04chQ4aQnJyMw+FgxowZWK1WnnvuOePhuMwqibrv6fz583h5eZGUlERkZCRhYWE3548gIiIiN4V7PWPr1q307NmTuLg47Ha7sf4A6RVEHQ4Ha9euJSEhga5du/LQQw/h6+t7WXuFChWiW7duAEbY/OjRo0ycOJHU1FSeeOIJ8ufPz4ULF+jTpw87d+4kISGBkSNH4u3tbaxnZKx0LiIiIrcPq9XK/fffT7Vq1QDw8vLi/fffx2w2s3LlSiNsPmXKFAD69OljVCW3WCweGYiyZctStmxZKleuzLp161i5ciVJSUlGZfOAgACqVavGE088wUMPPUT+/PlzrN8iIiIiN4Mqmovc4TZs2ED79u1xOp20bt2aJ554gp49exIeHs78+fOz1cb1VjafMWMGQ4YMYdCgQbRo0eLGdkxERESu2Zdffsknn3wCQJ48eWjatCnt27f3CJu7P8+3b99OmzZtSE1N9VjULViwIEOHDuXBBx/0OD8z7glZ9zlz585lw4YNLF261NhC0mQyeUzYOp1Onn76aUaMGHEz/xQiIiJyjTKGzPv378/8+fONz/CWLVvStm1bChcu7BH02rVrF2XKlLnieMHt5MmTTJ06ldmzZ5OamgqkP8jWokULnnnmGSpVqnTZfdjtdqxWKzabjc6dO7Nhwwb8/Px45ZVX6Nq162U7roiIiEju5A6Zb9myhY4dO5KcnAxAcHAwderUIW/evPz9998cPXqUhIQE47py5crRrVs36tWrl2nYHDKvbB4aGsq9995LuXLlWLVqFXv27MFqtVKlShWGDh1K4cKFb26HRURE5IZwzzdcOu+Q2XH3eOP8+fMMGTLEI2x+pcrmGdtzt3P69GkOHz5MfHw8efLkISgoiAoVKtzCnouIiIjcWgqai9zBEhMTadu2LdHR0cbTt82bN+eff/7h7NmzfPvtt9meML3esPn+/fspUaIEoO0lRUREclJaWhozZ85k9OjRRpUNPz8/li5dauxy4nbixAkaNmyI3W7H398fk8lESkqKEQ4vUKAAI0aMoFatWsCVw+aXvp6WlsaOHTuYOXMm//zzDwcPHjQmcr28vEhLSwNg0qRJ1KtX74b/HUREROTaZfw+765kbjKZyJs3Lx07dqRr164e57pcrusKeO/du5dp06axcOFCbDYbkL4LW61atWjSpAnNmjW77BqbzcYHH3zAkiVLsNvtFC9enJEjR3LvvfdeX2dFRETklnLPGURHR9OlSxfOnDmDt7c35cqVY9iwYRQvXhxIX+9YuHAhixYtYuvWrcb12Q2bT5o0iW+//TbL+7BarXz22Wc8/PDDN7aDIiIiclNknKuw2WzExcURFxeHr68vBQsWJG/evMDlIfHrDZu7XWk9JDsP2ouIiIjcjhQ0F7mD2e12/vrrL0aPHs3OnTs9XsubNy9fffUVFStWzHaFr+sNm4NC5iIiIrlBYmIiy5Yt44MPPgBg1qxZ3H///Zd9dp87d47p06czZcoUqlatytNPP820adPYtWvXfw6bu/+ZmJhIQkICX331FVu3biU6OhrAeDiuadOmfPDBB/j5+WkMISIikkt88cUXfPrpp5hMJoKCgnjttddo27YtkPUCbHZkHEfExMQwb9485s2bR0pKCpC+A4rFYqFp06Y0aNCASpUqcf78eeLj4xk7diybNm0y2ho7diyPP/74f+ypiIiI3EpHjx7l3Xff5a+//gKgevXqDBs2jMjISBwOByaTCbPZTHJyMhs3bmTq1KmsW7fOmGfITtj8xIkTfPnll8yePRsALy8vXC6X8TD+sGF4NbEjAACSRklEQVTDjIfaFBITERHJ3TJmD1atWsXy5ctZtWqVMY9QuXJlGjRo4PFg/KXXXk/YPOPvyj+IiIjI3URBc5E7nN1uZ9OmTQwePJg9e/ZgsVgwmUzY7Xbq16/P559/jsViyfbE6ZXC5m3atKFkyZI3szsiIiLyHyUmJrJkyRLKli1L5cqVsdvtRnjLZrPh7e0NpIfNf//9d6pWrUp4eDi//vorn3zyCXv37r3usHlWDh06xLp165g9ezaxsbHYbDYKFSrE7NmzKVSo0I3rvIiIiFy3VatWMXr0aA4cOABAr169eOmll4DsL65e6byMi7WxsbEsW7aMr776iqSkJKxWqxECs1qt+Pj4kJqaio+PDxcvXgTSH1YbOnQoTz/9NKCAmIiIyO3A/fk/d+5cPvnkE86ePUuhQoWYPn06UVFRHmMHu92O1WoF4IMPPuD777/HYrEYu6lkJ2yemJjIzJkz+eKLL4zdU8LDw3n77bd56qmnAI0hREREcruM44NZs2YxduxYkpOTsdvt+Pr6kpKSYoTGmzZtSqdOnShVqpTHfMS1hM3tdjtmsxmz2czGjRvx9/enfPnyOdJ3ERERkZyioLnIXeDSsLnVasXlchEQEMCrr75Ku3btMJvN/ylsbrVaadasGe3ataN06dI3u0siIiLyH7gnUR0OBy6XC6vVyubNm1m9ejXNmzc3tqV2n+f+59q1axk5cuQNC5tfGjbbtm0bffr0MQJsHTt2pHfv3phMJi3yioiI5CCbzcbAgQOZN28eAK1atTJ2SLmeCl5nz54lOjqatLQ0ACpVqkRgYCBeXl7GOUlJSfz999+8//77nDp1Crvdbjw872a32/H396dQoUK8+eabNGzYEFBATERE5HbTqlUrNm/ejLe3N5988gkNGzb0GGNk/Hn69Ol8/PHHAB4PowFZhs0vHRvs3LmT06dP4+3tTcGCBY0COhpDiIiI5G4ZP6szjgkAI+/gcrmMnVMB6tatS5cuXbj//vs9qpNfLWzevn17+vXrZ5y/fv162rVrR4MGDejVq5cK8ImIiMhdxZrTNyAiN5/VauX+++/nvffeM8Lm7i9NixYtIjQ0lMaNGxtfmq42kerr68ujjz4KYITN7XY78+bN47nnnrsVXRIREZH/wL04azabMZlMbNy4kTZt2gBgMpl49tlnKVKkiHGee2xQp04dAI+w+enTp3nnnXeMsHl2xxMZ78N9fqVKlXj22WcZNWoUAPv379fWkyIiIrnA+vXrjZB5xYoV6dy5M3D5FtJXcubMGY4dO8bUqVPZv38/0dHRxmsRERE88sgjNG3alHvvvRdIn3t48MEHmT17NosXL+b3339ny5YtpKSk4HK5CAoKIl++fLRq1Ypq1apRoUIFQAExERGR2010dDT//PMPFosFHx8fIiIiADINmU+dOpVhw4YBEBQUxAMPPEBCQgLr16832po4cSKAETZPS0vDy8vLY4yQWRVSjSFERERyP/dn9ZIlSzxC5tWrV6du3brkyZOHpUuXcujQIU6ePAnAmjVrsNlsdO3alQceeMCYx3AX2QkKCqJ///4AHmHzadOmcfbsWRo3bsyZM2cYNGgQAH/88QcxMTGUKFFCYwcRERG5ayhoLnIHyKqyR0aZhc1NJhM7d+5k1qxZmM1mnnjiiWsOm5vNZt577z2Sk5MZMmQIlStXvhldFBERkZvAZDJx+vRpunbtahybPHkyDoeDli1bEhUVZZznHh/UqVMHl8vFqFGjbkjY/NL2K1euTHBwMAkJCfz666/8/fffVKlS5ab0X0RERK7M6XQC6QutbkWLFqVgwYIAWYbMLx0H/Pnnn8yYMYOtW7cSFxdnXGexWLBYLBw7dozvvvuOdevW8eGHH1KjRg1MJhN2u53w8HBeeuklXnrpJXbu3ElSUhLJyckULFiQyMhIAgMDs3xfERERyf3OnTuHzWYzPsPPnz9vvJZVyDw4OJhnnnmGXr16sWXLFj755BM2b96MyWQiOjqaCRMmkJKSwsMPP0xQUBApKSnMnDmT6tWrc99992V6HxpDiIiI3B6OHj3Kd999B4C/vz9PP/00H374ofH6o48+ypo1a5gxYwY7d+4E0uclIP3zvkaNGlcMm//4448kJSVhMplYtGgRP/30E8nJycYcSfHixalWrZrGDiIiInJXUdBc5DbmXkB1T7QmJiZis9kICQkxzslYXSyzsDnA33//bZx/rWHzRx55BJvNhre3N40bNwaub9tsERERyRl+fn68/vrrjB8/nsTERNLS0pg2bRpAlmHzhx56CJPJdM2Vzd1jhsy4z6tWrRpFihRh+/btAMTFxd3M7ouIiMgVmM1mbDabsTAL0KBBA7y8vLKsZp7x+I4dO/jll18YP3688XrGsYHD4cDlcgHpcwn79+/nww8/ZNiwYVSqVAmr1Wq8ZjabM60+mnEOQou8IiIitx8fHx8gfb3hwoULbNiwgZo1a+JyuYzP+JkzZ3pUMm/evDnvvPMOJpOJe++9l2eeeYZDhw5x9uxZXC4XMTExTJgwgU2bNvHEE08wbdo01q9fz8MPP0yfPn2Mh+ZERETk9nPkyBG2bdsGwJNPPmmEzO12OxaLhfz589O4cWOioqIYPXq0kYVwh82BK4bNTSYTq1atIjExEZPJREpKinFOvnz5GDVqFGFhYbe20yIiIiI5TEFzkduUeyH1wIEDLF26lDVr1nDs2DGSkpJ46qmnqFKlCs2bN8disdz0sHnTpk2vWlFdREREcodLP6sDAwN57rnn8Pb2ZsSIEaSkpGQrbJ5VZfPevXszcuRII2zuDpfv37+fbdu28eCDD1KgQIFM781ut2O1WsmXL5/xXv/88w+PPvqoxhgiIiI55Pz58yQkJBi/u+cRsqpm7j4+efJkfvrpJzZt2gSkz0fY7XZcLhdRUVEULFiQgIAAEhMT2bBhgzEOOHToEDNnzuTdd98lb968AFccA2h8ICIikvu5v9MnJyfj5+cH/FtIp0SJEkRERHDs2DHjeFpaGl5eXgAsWrTICJmbTCYaN25M3759AUhLS8PX15cnnniChQsXEhcXh9VqxeVycfDgQQ4ePMj//d//YbfbgfQKqA6H41Z3X0RERK5TxnUB97zB6tWrSU1NpXLlynz00UdA+oPs7ofVAby9valatSr9+vVj6NCh1xQ2f/fddwkODubXX3/l4MGDOBwOTCYTkZGRTJo0iRIlStyq7ouIiIjkGgqai+QyJ0+evOoTsO4vVNu2bePdd9/lyJEjpKSkGIu233//PUuXLmXTpk0MHjz4ssXfGx02z7ioqwVeERGR3Ms9hti6dStHjx7lySefBNLD5k8//TTANYXNM6tsHhcXR+/evRk2bBh16tTB29ublJQUXnnlFWJjYxkwYADNmzfH19f3svtzTwS7Q2WAsbCsMYaIiEjO8PX1JSAgwBgDHDhwgIsXLxIQEGCc4x5jXLx4kSNHjvD555+zcuVKj3asVisRERG0b9+eunXrGmOLpKQk5s2bx8cff2yEwDZs2MC5c+c8xgQiIiJye8o4FzF79mxeeOEFqlSpgslkwuFwEBQUxMMPP8ysWbMYPHgwzz77rLEmsWXLFqZMmYLT6QSgUaNGDBgwAEgPlHl5eeF0OgkICODFF19k8+bN5MmTh7NnzwL/zim4dezYkUKFCt3C3ouIiMj1yhgyX7JkCeHh4VSrVs34fHcHxd0B9EuZzWbuvffe6wqbv/HGGzz66KP88ssvnD17lqJFi/LUU08RGRl5s7stIiIikispaC6Si4wZM4Zvv/2WiRMnUqVKlUzPcW8X+ffff9OpUyeSk5ON19wLslarleTkZObNm8eZM2cYPnw4QUFBHu3c6LC5iIiI5G7uMcS2bdto2bIlABcuXDB+vt6weWaVzePi4njppZfo3r07/v7+LFy4kNjYWCA9OPbEE09kGjR3Op2YTCbi4uKM93BvoS0iIiI5w9/fn5CQEFwuFwDLly+nVKlSdOrUyahIajabiY2NZcaMGaxfv57du3djNpsxm83Y7XZCQ0Np1aoVdevW5d577zXadrlc+Pv7065dO5xOp1Gt9Pjx46xYsYKXX3751ndYREREbiiz2cz27dtp3bo1drudEydO0KtXLypVqmQEu55++mkaNWrEAw88APwbLPvjjz84cOAATqeTSpUqMXLkSACPXVzdAbSCBQtiNptp2rQpJpOJKVOmkJaWBqSvhwwePJjHHnsMQGseIiIiOax37948++yz1KxZM8tz3J/xkydPZsSIEZQrV46BAwcau5OUKVMGyHrHNXcb1xo2d7lc+Pn5Ua1aNapVq/bfOioiIiJyh1DQXCSXGD9+PJMmTQKgf//+fPzxx1SuXPmy80wmEzExMXTv3t0ImQcHB1O7dm28vb3ZsmWLEeQymUz88ssv9OrVi2HDhpE/f36PthQ2FxERuXuYTCaOHDlC//79jWOjRo2ifv36xm4qN6qyucvlwul0Mn78eGPHFQA/Pz+aNm2aaXVS9yLyP//8w6ZNm3A6nRQoUIBatWoBWgQWERHJCe4H1Vq1asWuXbs4c+YMAJ999hm7du0iMjKSPHnyEBsby+rVq0lISDCudTqd+Pj4UL58eYYMGULRokXx9vY22jWZTJhMJuNBsyeeeIIFCxYYD66dO3cuJ7osIiIiN9jZs2cZMWKEMTewb9++y3Ytu++++4yf3eOP48ePM3PmTFJSUvDy8uL555/H29vbI2TuPt9kMuHj44PD4eDw4cN8/vnnlClThiNHjmCxWKhSpYoRZNP8goiISM7q2rUra9asYcOGDYwZMybLAnwAq1evZsSIEQBER0czYsQI4zP95MmTANnanf1awubu9jKOGTR+EBERkbudguYiucDp06fZsWMHkP7E7f79++nTpw/Dhw+/LGyemJjIhAkTiI+Px8vLiwoVKvDxxx9TokQJABISEpgwYQK//PILsbGxmEwmfvvtN/r27cvw4cMJCQnxaE9hcxERkbvHwYMHOX36NAChoaFMmDDBCJm7/ZfK5gCffPIJe/bswel0YrVaje2tAT788EPq1auX6b2ZzWZ2797NkCFDSE1NBaBkyZIULlzYeC8RERG5tdyfv+XKlaNmzZr8+OOPpKWl4XK5WLly5WXnZ3zArHLlyjz88MO0atWKPHnyGBXRM7YL/1YoCwsLIygoyKhMltnuJyIiInL7cM8XxMfHc+DAAQDy5cvH119/TdmyZbO8zj1OiI6OJiEhAavVisvlomLFisDlVUvd5587dw6n00l8fDwAzZo1y/KeREREJGd8/vnnrFmzBovFwokTJ2jdujXz58+nXLlymZ5fpEgRHnvsMVasWAGk75i6e/duAA4fPgxw2UNombnWsDl4zl1o/CAiIiJ3O/PVTxGRm61AgQJ0796dZs2aGQuqsbGx9OnThy1btnicm5CQwM6dOwGoWLEio0ePpkSJEjgcDpxOJ8HBwfTs2ZN27dpRtmxZY+L0t99+o0+fPsYka0YZw+alSpUyjv/999/MmDGDFStWaAJWRETkNuQOeSclJQGwa9cuzp07R0BAACNHjqRixYoeQXA3d9j8nXfeMUJe7rD5d999Z0zgwr9hc4A6derQt29fHn30UfLkyYPdbsdsNpM3b16GDx9O06ZNATyCZu7fL168yDvvvGNM8ObLl48BAwZkWv1cREREbq3IyEi6dOlClSpVjLGBl5cXZrMZi8ViVCp3Op34+/vTpk0bhg4dSqdOnciTJ49RtTwr7rkQf39/41hwcPBN7JGIiIjcLO55hlOnTgFw8eJF4uLi8Pf35/3336ds2bLGZ/+VHDx4ELvdjtPpxOl0Gg+zXcrd1saNGwEICAjweD2rh91ERETk1rv33ntp2LCh8dB5ZGQkRYsWzfL8EiVK0KtXLxo3bmwcc693/PDDD+zatQuLxXLZmkNmMobNM1ZR//PPP5k0aRLr16/P1hhFRERE5G6koLlIDnN/6bn33ntp27YtTZo0MV7LLGz+119/cfjwYUJCQhgyZAiRkZE4nU4sFgtmsxmXy4Wfnx8tWrSgTZs2lCtX7j+Hzb/88ksWL1588/4IIiIicsM5nU7MZjMbN25k0KBB7N69m3vuuQdfX18iIiK45557AC7brtrtesPmNWrUoE+fPkycOJGuXbsyZMgQJk2a5BEyv3Rh12QyERAQwFtvvQWkh8xmzJhB8eLFb+wfRURERK5buXLlePfdd3n22WcJDw8nLS0Np9NpLMLmy5ePLl26MGbMGN577z2KFy+Ol5cXLpcry/GGm8ViYd++fcb8R/78+alaterN7pKIiIjcYO65iE2bNvH4448zbdo0SpQoQWBgIDabzdiZ9WpVRyF9JzaTyYSXl5cxVgA8AmDuCqYXLlzg559/Bv59cM09T6FwuYiISO5Rr1492rZtS6VKlShTpgw//PAD/v7+2Gy2LK8pUqQIr7/+uhE2T0tLw8fHh+TkZD7//HNOnjyZ7c/7K4XNv/76a9auXauwuYiIiEgmrDl9AyJ3u4xfeipUqECHDh0AjGC3O2w+fPhwKleubCzONmzYkOLFi1+2FZQ76OXt7c3TTz8NwKxZs4iOjvYImw8fPpyQkBCPe8kYNh88eDB79uwBYOfOnaokJiIicpsxm82sX7+eDh064HQ6sVqtVK5cGYC8efNSoECBq7bhDpsDjBgxgpSUFCNsDtCyZUuioqIAzzFNWFgYYWFh3H///R7tXWmHFJfLRd26dZkzZw758uWjWLFi19plERERucnKlCnDW2+9RadOnVixYgWpqamkpaUZC8Th4eHGue6g2dUWe93zGps3byYtLQ1Ir2hWunTpm9oXERERufHMZjNbt26ldevWAIwdOxaXy0XTpk1ZsWLFZdXGryQkJASXy0VqaioAX375JXXq1DHWNex2O1arleTkZPr06cOePXsIDg7m2WefvfEdExERkf/MvT7wwAMP0KdPH8qUKYOPjw+pqan4+PgAcPLkScLCwi67tmjRorz++usALF261BgfbNq0ie+//57WrVtfln3ISsaw+dChQ/n777/x8vJi3bp1+Pj4UKNGDfz8/G5Qr0VERETuDKpoLpLLuMPml1Y2f+edd9ixY4ex6Oqu8JlZ5Y9Lw+atW7e+5srm77//vrFN1ccff0y9evVuRndFRETkJklOTmbgwIHGzidz585l27ZtlClThgMHDnD06NFstXMtlc0vdel2lVcLmrlcLqpUqaKQuYiISC7m7+9PREQEHTt2pFu3bvTo0YN69eoRHh6O0+k0zrtaFXP4N2QeHx/P1KlTSUpKIiQkhO7du+Pr6+vRnoiIiOR+NpuNBQsWGOsWycnJTJgwgQ0bNpCcnMy5c+cAsvUZX6NGDZ544gkgfVyxd+9eOnbsSExMDMnJyUbIvF+/fqxduxaAEiVKGHMKqmQuIiKSu2TcGbVSpUr4+PgY1ckBJk6cyKOPPsrGjRszvd4dNndXNgc4c+YMCxYsYN68eZw9ezbb95IxbF69enXS0tIICgrijTfeUMhcREREJBMKmovkQpmFzQ8dOkSfPn2w2Wz4+fmRnJwMZD0h+1/D5lWrVmXAgAGMHz+eZ5555orvJSIiIrmPn58fI0eOpFSpUsZWj9999x0HDx4kLS2NmJgYgGxtA3m9YfNrWdQ1mUxaBBYREbmNuBeHXS6X8XN2wuVu7pB5amoqvXr1Yt++ffj6+lK3bl3Kli17ze2JiIhIzvP29uall17i+eefJ2/evAAkJiZy4sQJLl68yDfffIPNZsvWZ7y3tzf16tWjaNGixkP0u3bt4uWXX+a1116jZ8+eNGvWjOXLlxttdunSxSigIyIiIrnPpWsAXl5eAEyePJmxY8dis9l4++232bRpU6bXFy1alJ49e3qEzY8dO8a3337L3LlzM80+ZMUdNn/rrbeoU6cOM2bM0O5qIiIiIlkwuS4tMygiucaOHTuYOnUqixcvNo7lyZOHCxcu0K5dO959992rtuEOlttsNhYtWsSsWbOIjo42gugPPfQQw4cPv+pWUu4tr0VEROT2smvXLnr27MnBgwexWq04nU6cTie1a9dm8uTJQPY/5xMTE1m8eDHDhw8nJSUFSH9ArX379rzwwgtERUXd1L6IiIjIncEdMrfZbAwYMICFCxfidDopXLgww4YNo1q1ajl9iyIiInId3OsRx48fZ8KECaxcuZJz585hNptxOp0ULVqU3r1788gjj1zxYXN3OwCTJk1i5syZnD59+orvPXz4cJo2bXrZ9SIiIpK7HT9+nL59+/LXX39hsVhwOByEhoYybtw47r///kyvOXToEOPGjWPp0qXGsYiICF544QWee+65q2YfMnI6nR6V1UVERETkckqNiuRimVU2d1cyX7JkCTt27LhqG/+lsnlGCpmLiIjkXld6drRMmTKMGzeOYsWKYbfbsVgsWCwWfv/9d4YOHQpgLPheTWBgIE2aNKFPnz5GZXO73c7s2bOZOXMmsbGxN6ZDIiIicsdyh8xTUlLo378/y5cvx+l04uXlxTvvvKOQuYiIyG3i0nkEh8NhrEcUKlSIV155hUaNGhEcHGycGxsby4IFCzh27NgV2zaZTMY1L7/8Mp07d6Zy5cqXneft7U1YWBijR49WyFxEROQ2VahQIbp168ajjz5q7MAaFxdHz549s6xsXqRIkSwrm8+bN++aK5srZC4iIiJyZapoLpJLZZwMvbSyudVqxWw207FjRzp27GhsQZmd9rKqbF6/fn2GDBlC/vz5b2a3RERE5AZzVyM/cOAABQoUIDAwMNPzMlY29/Lywm63ExoayksvvUS7du082rqaixcvsmjRIo/K5gDz5s3j3nvvvTEdExERkdvSpeOJtLQ0vLy8PI6fPXuWt99+mz///NNYRB45cqTxoL0CYiIiIrmb+3N927ZtrF69mtdffx3494GySyubr1ixgoSEBOP6559/nn79+uHn55et9wGIjo7mt99+Y8WKFdhsNnx8fGjUqBE1atQwQugaQ4iIiNxeMn52//nnn0yfPp2ff/7ZeP1WVjYXERERkawpaC5ym9ixYwfTpk1j0aJFxrGCBQvSt29fGjZsiLe391XbyCps7uXlRVpaGtWrV+ebb77JVlsiIiKS89wLrps2baJ169Y88sgjjBgxgoCAgEzPzxg2d29BWbJkSdq1a0fLli092ryaixcvsmTJEgYMGADA4MGDee65525c50REROS2lZyczKJFi6hfvz4hISF4eXkBsHfvXv7++2+mTp3Kvn37jPOHDx+uKqQiIiK3Cfdn9aZNm2jXrh0mk4muXbtec9i8devW9OnT56rrEZfOUyQmJuLt7Y3ZbMZqtV52XyIiInJ7UdhcREREJPdT0FwkF7hSoMs9KQuZh80jIiJ47733qFOnznWFzb/99lv++ecfAAYMGMCLL754A3okIiIit8q2bdto2bIl7mH9U089xYcffpityuZmsxmn00mpUqVo27Ytzz//PJD9sHliYiL/93//R3BwsMJhIiIiAqTPYyxcuJDhw4fjcrkoXrw4oaGh2Gw2Nm7ciMlkIikpCS8vL4KDg+nfvz9PPPEEoHGEiIjI7eLAgQM0adIEu92O1WolMDCQF154gTfeeAPIfti8TZs2vPPOO9dU/CbjnEV25y9EREQkd1PYXERERCR3U9BcJAdduoCakJBAcnIyFouF0NBQ47WM593osPmCBQuYPHkyL730klGFVAu7IiIitweHw8Ho0aOZNWsWaWlpOJ1O4NaGzd2LytdyjYiIiNy54uLi6NOnD+vWrfM4bjKZjAfjgoODqVKlCu3bt6dWrVqA5iJERERuJzabja5du/Lnn38an/F58+a9ZWFzERERuT1l/O5/6TzAzQybt2jRgnz58t2MLomIiIjcFRQ0F8kh7iDWiRMn2Lp1K//3f//HkSNHOHv2LGazmcqVK1O2bFlatWpFvnz5PL5k3eiw+fHjxylatKjHcREREbk9xMfH880337Bw4ULi4uKM47cybC4iIiLi9sMPP9C3b1+PYxlD5oULF6Zbt27cf//9FC9eHNBchIiIyO3I5XLx+uuv8/PPP+NwOAAUNhcREREP2fm+n3GH95sRNi9SpAiNGzemXbt2CpuLiIiIXCcFzUVygDu0tWPHDkaOHMnevXuJi4vDarXicDiML1Aul4sWLVrQrVs3IiMjb1pl86x+FxERkdzNPaY4e/YsX375JYsXL1bYXERERHLcsmXLOHz4MGvWrCEpKYnAwECKFy9OxYoVeeyxxwgKCsrpWxQREZFscs8LxMXFcejQIX766SdSU1Px9vamYMGCTJkyhTNnzmC32wGFzUVERCRdxrWF+Ph4Dh8+zJIlS7hw4QJ58+YlIiKCZ599loCAAI/rbmTY3Gq1YrfbKVWqFNOnT1fQXEREROQ6KWgucou5v1Bt2bKFrl27cv78eQDjS05G4eHhdOnShTZt2mTa1o0Im4uIiMjtzT3pqrC5iIiI5LRLxww2m80Yq2Sco8hYrUxERERyr4xFc0aNGsWBAwc4ceKE8XrGdY2MPytsLiIicnfLOD+watUqFi5cyNq1a0lOTvY4r0SJErzyyis8+OCDhISEGMdvRNh8/PjxLFq0iDx58jBr1ixKly59o7spIiIictdQ0FzkFnJ/Idq5cyedO3fm7NmzABQsWJAePXoQEBCAl5cXS5cuZd++fdSrV4+3337b49pLKWwuIiIiCpuLiIjI7UA7qYmIiNw+MhbN6dy5MxcvXgTSQ+T169cnPDychIQEzpw5w88//2zs1uqeV1DYXERE5O6UcS1hzpw5jB07losXL2K327FYLDidTuPhc7vdTlhYGC1atOCZZ54hIiLCaOe/hs0PHDjAN998Q9u2bSlTpszN6q6IiIjIXUFBc5Fb7PDhw7zzzjv8/fffmM1matasyeDBgz2+NCUnJxMbG0vZsmWBqwe7FDYXERGRmxU2b9euHS1atLhV3RARERERERGRXCI6OpqXX36ZU6dOYbVaqVKlCoMHD6Zo0aIe523ZsoVly5axcuVKTpw4gcViweFwXHfYvF27drz99tta2xAREbnNZMw1TJ8+nY8//th4LSoqioCAAMxmMwcPHiQpKcl4LV++fDz33HO8+OKLNzRsnpaWhpeX1w3to4iIiMjdSEFzkVvE/aVq6tSpTJgwgYSEBEqWLMlXX31FREQEdrsdq9V6Wag8u9VDFTYXERG581xr1c8bHTY3mUwULlyYdu3a0bp16//cHxERERERERG5PcTHx9O/f39++eUXAEqVKsXEiROJjIz0CIwDmEwmEhISiImJYfDgwezZswer1Yrdbr/msLk7pN6iRQsGDhyo3VBERERuExnXM7777jsGDBgAgK+vLw8//DADBgzA19cXX19fVqxYwcqVK1m6dKlx/c0Km4uIiIjIf3f19KqI3BDusPj//vc/EhIS8PPzY+DAgUREROB0OrFarR7nXXpdVtwTuRUqVKB9+/Y8/fTTxmvHjh1j+PDhrFmzBpvNdiO7IyIiIjeZ0+nEZDIRExPD0aNHs3WNyWTC5XKRL18+unbtSpMmTQgNDTVeX7JkCR9++CGJiYmZXl+mTBnGjRtHsWLFcDqdOBwOYmNjCQsLuyF9EhEREREREZHczb3mcPLkSaKjo4H0gNiHH35IZGQkTqcTi8UCpM9DuINfwcHBPPDAA3z99deUL18eu92OxWLh3LlzfPvtt4wdOxbACJK75zAKFSrEK6+8wmOPPUZoaCgOhwNIX/NQyFxEROT24f7cXr16NZ999hkAVquV5557jjFjxpA3b14jE/HYY4/x6quv0r59e+P6s2fPMm/ePObMmcOxY8c82nWPT2rWrEm7du1o0KCB8XpcXBw9e/Zk8+bNN72PIiIiIncrBc1FbqEdO3YQExOD1WolMDDQCJlnp2J5Rhk3IrDb7cbPl4bNLRYLsbGxvPfee8THx9+YToiIiMhN53K5MJvNbNq0iWbNmvHyyy/f0rD5p59+alQMGTp0KA0bNvzvnRIRERERERGRXM8dElu+fDknTpzAZDIRFhZGVFSUMV+RFafTSVhYGNOmTaNs2bJG9fLshM1fffVVHnroIaxWK0OGDOGFF164Fd0VERGRGyg+Pp7FixeTkJAAQKNGjXjvvfeA9F1NrFYrLpcLl8tFyZIl6datG0WLFsVsNmM2m/9T2Lxdu3Zs2bLl1nVWRERE5C6ioLnILXT+/HlSU1NxOp2EhoZSqFCh6wqZuyd6J02aZGwn5Q6cu8PmzZs3Nyp/vPXWW4SHh9/AnoiIiMjNZDKZ2LVrF61btwZg7969vPXWWxw5ciTb12cMmz/55JPky5fPeP1qYfPSpUvz+eef89lnn9G8eXMgfbFYRERERERERO4OFy9eBP59GN7Hx+eqFcbNZjMOh4M8efLw2WefUbx4cRwOB2az+aph8/DwcHr06MGMGTN49tlnAc1FiIiI3G4OHTrE6tWrSUtL45577mHo0KEAxsNn7p/dY4oPP/yQ2NhYXC6X8bmf3bB527ZtadCggVEl3eFwEBwcfMv6KiIiInI3UdBc5BZKTU0F0idbjx49SnR0tEd18uxwf+kaMmQIY8aMYfny5QDG07+QHjZv1aoVjRo1YvDgwTz//PMA1/xeIiIiknP2799PqVKlgPTP/61bt9KrV6/rCpt369aN2rVrA+Dt7Q1cPWxerlw5Hn30UYDr2oFFRERERERERG4/7pCXzWYD0tce4uPjOX/+PHD1dQaLxYLL5SIqKooePXqQP39+o82rhc0jIiKoUqWK8T6aixAREck515ItcJ+7YMECLl68iNlspnjx4vj4+GCz2YyQud1uN4LhPXv2ZMWKFZjNZgoUKEDNmjWN9jILm2cMowPUqlWLtm3bUrVqVfLkycOiRYsoXrz4f+63iIiIiFxOMzQit1BkZCSBgYGYTCYuXLjA7t27PZ68za7vv/+eGTNmALB69Wp++uknAI9qIhUrVmTgwIE899xzQPrk8NWqjYiIiEju8fjjj/Pqq69SuXJlY0eT6wmbO51OQkJC6N27N4UKFcJmsxkTuVcLm7tpYVdERERERETk7uCeAyhfvrxxLCEhgalTp5KampqtdQb3OVWrVuWee+4BMOYiMgubZ7Z+ofUMERGRnGO32zGZTKSkpBAfH3/V892f26dPnwbSswnu3dfdxW8cDkemIfOwsDBef/11xo8fT5s2bYw23WHzWbNmcejQIUwmExaLhQMHDrBy5UogPWzeo0cPFi1aZBTuEREREZEbT4kRkVsoLCyMPHnykJaWhsvlYvjw4cTExFzzhGnp0qUpUqSI8aXsxIkTHq+7g+t58+Y1jikgJiIicvtwB8sff/xx2rVr95/C5u5tq8PDw+nevTteXl7Y7Xbj9SVLljBo0KCrhs1FRERERERE5O5RsmRJ/P39jcqhW7ZsYdeuXdfURnh4OC+88AKAMRdhNpsvC5ubzWaPCqUiIiKSc9xVxxMSEmjSpAljx44lLi4uW9f6+flhMpnw9vZm79697Nu3D0gPmburmvfq1csjZN69e3eee+45AgMDadWqlbHTqsViMcLmY8eOZf369Wzbto0+ffowaNAgfvzxRwCqV69OoUKFbsJfQkRERETclDwVuUWcTidBQUG88MILeHl5YbVaOX/+PF9++SVHjx69prbuueceQkNDja0r3V/Q3AFzVfoQERG5vbl3PDGZTDzxxBP/OWzunsB1bxtZrFgxqlatCqRXFFu4cCH9+vXzCKCLiIiIiIiIyN2revXqPPTQQ0YAfMeOHUybNo20tDQAo0ppVtzrFWXKlCEkJIRKlSpRrFgxnE4nVquVc+fOMXfuXL788ksgPWx+rbu/ioiIyI2VMWTetm1bDh8+zPfff8/kyZONauVXki9fPlwuFzabjePHj5OcnIzL5TLWKAYOHMjSpUsxmUzkyZOHV1991dihHaBEiRI89NBDAEYF84SEBJYtW0a7du1o1aoV27Zt48yZM+zbt88Yl4iIiIjIzaWgucgt4q4oXrVqVfLkyYPdbsdut/P777/z/fffZ+uLGaRPzgYGBlKlShXjmK+vL6CAuYiIyO0os4pd7kC5e3vKGxE2ByhXrhzh4eFYrVbatGlD1apVjXD5gw8+aGxbKSIiIiIiIiJ3L3eI/KWXXqJUqVLG8aVLlzJ8+HAg/aH2K4XN3esVxYsXx8/Pj4CAAGbPns19991nhNjOnDnD/PnzmTdvnsc1IiIikjPcIfPWrVuze/duI4cwefLkK4bN3Q+LvfjiiwQFBREcHMw333xDhQoVjM/3mTNnsmTJEuP8bt260aJFCyB9ncTdxvPPP0+pUqWw2+3GWMPX1xeTyWS0VbhwYZo0aYKXl9dN+kuIiIiISEYKmovcAFlt6ej+MpSxCkf16tXp1KmT8fu5c+dYsGAB8+fP58yZM9l6L7vdTmxsrHEsNDT0em9dREREcpj7YbSLFy9y5swZzp8/b0yWWq3WG1rZ/Pjx48THx5OWlkaVKlXo1KkT99xzD4MGDTK2shYRERERERGRO1dW6xnw71pGxp3RHnvsMYKDgz1CYiNHjjTOu1J7AEePHiUxMZE//vgDm83G5MmTKV++PHa7HbPZTGxsLMuXL+fgwYMe9yAiIiI5Y86cOezduxdvb29sNptRoGbKlClZhs3d44TQ0FC6dOnC/PnzqVGjhvG5fvz4cX755RfOnz8PQOfOnenYsSOQPjYxm82YTCajQnmRIkUoUqSIkatISUnB5XKRlpZGaGgoEyZMIDIy8ub+IURERETEoJKFIv+BO+TlDojFxMRw5swZfHx8CA4OJigoiLCwMOOLlbtKR6dOnTh06BDff/89AKdOnWLOnDnY7Xaee+45wsPDjbYzcjgcxvZQe/bsASAkJISGDRvewl6LiIjIf+WeOD158iTR0dHMmzeP48ePc/bsWSwWC1WrVuXee++lefPmBAYGAhhhc7ctW7Z4hM1Hjx5N4cKFM30/9xgiLi4Oi8WCxWIhJCSEunXrUqFCBQoVKuRxXyIiIiIiIiJyZ8m4npGWlsY///xDfHw8DocDf39/7rvvPvz8/IyH3l0uFwEBAbRs2ZKYmBh++eUXY/e1b775BpfLxTvvvJPlPIJ7LuLcuXOYTCYKFixIWloaAQEBTJ48mXbt2rF7924A1q5dy4oVK3j55ZdV1VxERCSHvfjii6xYsYLo6GgjAO42ZcoUADp16kSBAgUuuzY4OJjOnTsbO5+4H177448/WLduHQDly5enbdu2AB7nwL+FeYKCgjh06BCdOnXigQce4LfffuPIkSMULlyYNm3aUKxYsZvSdxERERHJnILmItfJHcQ6evQo69atY+HChezcuZPk5GQgPQxWpEgRHn/8cRo3bkyJEiWwWq1G2Lx9+/acP3+e5cuXA3Dy5EnmzJnDqVOnaN++PSVLljTew+l04nQ6sVqtpKSk8P777xMbG4uXlxe1atUiKCgo02C6iIiI5D7uz/edO3cyevRodu/ezenTpz22nD58+DALFy7k6NGjdOzYkbCwMI/K5m6Xhs1HjRpFVFSUx/u5J2pTU1P59NNPOX/+PBEREbhcLnx8fIyQucvlUshcRERERERE5A7knos4fPgwa9euZcGCBezevZuUlBQgPdQVFRVF7dq1efrpp6lSpYqx3lCgQAH69u1LfHw8mzdvNtY5Jk+eTHJyMm+99RZ58uQB/p2DcK+D2Gw2Ro0axblz5yhdujT58+cHIG/evAwaNIg333yTY8eOATB79myefPLJy+Y1RERE5NZxuVz4+fnxwAMPEB0dTWBgIFWrViUmJoYTJ04AVw+bu4Pj7jUPl8tlZCIA8uTJQ0hIiMe5l15rs9kAiI6Opl69ejz44INGe+4K6yIiIiJy6yhJInIdMgbEevXqxZgxY9i0aROpqamYTCYsFoux5eOkSZPo168f48ePJzU11agGUrJkSTp27OhRjfzMmTMsWrSIN954g7Vr1xpfoMxmM1arleTkZPr27ctvv/0GgJ+fH88++yx58+ZVyFxEROQ24B5DbNmyhY4dO7Ju3TpOnz6N1Wo1QuZu4eHhREVFERYWBqQ/xJYxbN6uXTsqV65sHNu6dStvvfUW27ZtMxaK7Xa7ETL/8MMP2bRpEwEBATRr1gxfX1+P7ag1lhARERERERG582Rcz+jduzdjx45l27ZtpKWlGWsP7vWMOXPm0LZtW6ZPn87JkyeNNgoXLsywYcMoX768MdcAMGfOHPr378+6deuw2WzGcXfI/P3332f9+vX4+fnx1FNP4e/vj9PpBKBkyZLUq1fPOP/MmTOcOXPmFv91REREJCOTyYS3tzfPPPMMvr6+nD9/nnPnzjFgwADKlStnnDdlyhQmT57M6dOnr9iee4fVo0ePGseioqLw9vbO9Hyn08mRI0fYsWMHAKmpqUY7JpNJIXMRERGRHKJRmMg1yhgQe+2114iLiwPA29sbPz8/QkNDOX78OHa7HYfDgclkYseOHezdu5cdO3Ywbtw4/P39Abjvvvvo3r07fn5+LF68GEgPhO3Zs4cuXbpQv359ihcvTuHChTl27Bhr1qxhz549xr28//771K5d+9b/EUREROSauSuG79y5k5dffpmEhAQAQkNDeeWVV/D19cVkMrF8+XJiY2Np1KgRrVu3Nq41mUyXhc3d3JXNt2/fzrvvvstzzz1Hw4YNCQkJ4cyZM3zwwQf8+eefAOTLl48qVaoACpeLiIiIiIiI3Mkyrmd0797dCHL7+Pjg7e1NSEgIiYmJHgFvu93Oxx9/zK5du2jevDnVqlUDoEiRIowdO5b+/fvz999/G+evXLmS6OhoSpYsScuWLXG5XCQnJzN58mQjJJYnTx6jHfduaoGBgTz66KPMmTPHeN9du3Z5PFQvIiIit57T6aR06dK0adOGKVOmsGXLFtauXcuYMWPo0aOHkVe4WmVzt0sD4jExMRw7doyIiIjL3tdsNrN3716OHDkCYOyaonGBiIiISM4yuTKWMRS5i7m3cszo0slM9+/bt2+nc+fOnD9/HoCIiAj69etHVFQUhQsX5vjx42zYsIFFixYZwS+TyYTT6aRChQpMnDjR48vWqVOnmD59Ol9//bXH+7vDZBlZrVYCAgL44IMPaNy4cab3KSIiIrnToUOHeOedd9iyZQsWi4UHHniAwYMHe0yonjt3jiNHjnDvvfcC/06uZuT+7He5XPzvf/9j1qxZbNq0yXjd/QBcSEgICQkJxMfHG6+NGTPGI6QuIiIiIiIiIneejOsZHTt2JDExEUhfz/jggw8oXLgw99xzDydOnOCPP/5g7ty5xMTEkJSUZLTRoEEDmjVrRqNGjYz5iaNHjzJ69GjWr19PXFycx/qHl5cXaWlp+Pr6GrutAXzyySc8+eSTl93byZMnadmyJXFxcdjt9svOExERkZzz888/8+abb5KamkpYWBijRo0ib9689OjRg4MHDxrndezYMcuwudPpxG6306VLF9avX4/ZbMbHx4ePPvqIp59+2jgvLS0NLy8vdu3aRefOnYmLi6Nq1arMnDnzsvUREREREbn1NCITARwOhxEynzFjhlHx89Lwtslk4tChQ7z//vucP38eq9VKrVq1mD59Oo8++ihly5YlMDCQUqVK8eKLLzJnzhzatGmDt7c3JpMJHx8fo6o5YITICxYsyNtvv82wYcN44IEHjIrnl4bM8+bNS61atRg5cqRC5iIiIrcR97bQK1asYP/+/QCUKFGCQYMGERERgd1uN87LmzfvFUPmwGWVzTt37kzdunU9zklISCA2NtYImZtMJoYNG2aEzPW8qYiIiIiIiMidy72e8dFHH5GYmIjVaqV27drMmDGD+vXrU7JkSQDCw8Np3rw5Q4YM4Z133iEgIACLxQKkB8w2b94MpFcidzqdREZG0r9/fzp06ED58uU9dmGD9GI5KSkpWCwW/Pz8GDFihBEed89FuM89deoUFy5cMI4HBQXduj+QiIiIXFGDBg2Mz/CTJ0/yxx9/UKpUKcaOHUuxYsWM86ZMmcLkyZM5ffr0ZW2YzWa8vb1p164dkL7mkZyczKBBg/jxxx85d+4cAF5eXuzdu5f33nuPuLg4fH19qV69Og6HQ2sZIiIiIrmA9eqniNzZHA6HMWnap08fFi5cSMOGDQkICKBixYrGeU6nE4fDwZIlSzh27BgAxYoVY/DgwURGRnq043Q6jYnV6tWrs2TJEhITE0lNTeXBBx9k8ODBwL+Tqe4QWbNmzahevTpHjhzhhx9+MCZZg4ODyZcvH88//zyFCxcmPDwcUMhcRETkduEOi69YsYLz58/j5+dnjCGcTqfxwNulofIrVerIGDZv0KABERERFClShJkzZ2Kz2YD0MYa/vz9RUVG89tprPProo4DGECIiIiIiIiJ3MvcaxfLlyzl06BAAUVFRDBkyhEKFCnmsZ7h3ey1evDhbt27F39+f1NRUAKpXr07fvn2Nds1mMy6Xi/z589O2bVsee+wxJkyYwF9//cXRo0dJS0sD0ovm1KhRg+eee854MD7jXIR7TSQ2NpaUlBQcDgdVq1alTp06t+xvJCIiIllzf1Y/9thj/Pbbb8TFxfHll19Sv359KlWqxLhx43jjjTc4cOAAkB42B7KsbF6xYkUaN27M//73P5xOJxcuXKBPnz7UqVOHyMhIzGYzs2fPJjk5GUgft7Rs2RIvL69b12kRERERyZKC5nJXyziZ2q9fPxYuXAjAhg0baNGihce5ZrMZu93Ojz/+aATEBg0aZATE3O24XC4jFLZs2TLGjRtHYmIidrudmjVr8s033wD/Tt6623ZPskZGRhIZGUm1atWwWCwkJiYSGBiYaUVTBcRERERuH5s3byY6Ohqr1Ur+/PmJiIjwGItkV8aF2Yw/ly1blvfee4+aNWsSExPD7t278fLyolGjRhQvXpzSpUtfdo2IiIiIiIiI3HnMZjMpKSksX76c8+fP4+vry6BBgyhUqNBl6xnudYrly5fzxRdfcPbsWWM9Y+rUqYDneoZ7TsHHx4eoqCg+/vhjDhw4wKFDhzhx4gQOh4Pq1auTP39+QkJCjPe5NGS+e/duhg0bhsPhIG/evDzyyCMeRXxEREQk57hzCTVq1CAqKoq4uDgsFgu//fYbFSpUoEyZMowbN46ePXtmK2weFhbGc889x+nTp9m4cSNOp5OkpCRWrlwJ/FtYByAkJISxY8cSERFxq7orIiIiIlehoLnctS4NmS9YsACTyUR4eDidO3emXr16l13z888/Ex0djclkIioqiqioKI9gecbJ0uXLlzN27FiOHTuG3W6nVq1axperjJOybpdOnLrbDAgI8PhdREREbk8JCQk4HA7MZjMFChTItKrH1WQca3zzzTcULlyYxx57zOOBtIYNG9KwYcPLtqO+9HoRERERERERuXP9/PPP7Ny5E7PZTEREBEWLFvVYF7l0PeOTTz7J9nqGm3s+onjx4hQvXtzjNfe8xKUP2ZvNZnbt2sUHH3xAfHw8ACVLlqRJkyZaBxEREclF3Dumdu/enTfffJMLFy7wv//9j/bt2xMYGEjp0qWzFTZ3jxdq1aqFzWYjODiYX375BbvdjtlsxmQy4XA48PLyIioqis8++4ySJUvmWL9FRERE5HKasZG7UlYh8wIFCtClSxfatGkDpH/pyejUqVPGz8WLFyc0NDTTiqLZmZR1t33+/Hni4uIuu0d3WwqDiYiI3BncWz6aTCZiY2PZt2+fseiaXe5xwZAhQxg5ciQ//fQTkPkDaZlVANO4QkREREREROTucPbsWSB9nSM8PJwCBQpcd8jcPX9x9uxZj3WSzOYjXC6XUZkcYMaMGfz9998cPnyY6Oholi5dSvv27dm6dStOp5OIiAiGDBlCwYIFb94fQ0RERK6Z+3O+WLFiFCtWDIC9e/fy1VdfGVkHd9g84wNnU6ZMYfLkyZw+fdpox+FwAFCvXj3eeOMNPvjgA4oUKUJoaCheXl5UrlyZTp068dVXXylkLiIiIpILqaK53HWuFDJ/+eWXad26NYBHZVD3z2fOnAHSJ0pPnjxJSkoK3t7eHkGu7Fb+MJvN7NmzhwkTJlCoUCF69+59S/8OIiIicmtFRUXh4+OD0+kkMTGRw4cPU7JkSY8xR3ZMnz6dGTNmALB48WKeeeYZatasebNuW0RERERERERykezuVpaYmGj87A53gefaR3bXM0wmE9u3b2fy5Ml4eXnRt29f8uXLl+l9ZFwvmTVrFsOGDcPb25s8efLgdDpJSEgwwmmhoaF89dVXRnhNREREbpxrXXvISuHChXn++efZvn07ADt37iQ1NRU/Pz+cTme2KptbLBbjfkqWLEnJkiV55JFHSEtLIz4+nnvuuQez2ZzlLioiIiIikrNU0VzuKtcTMod/n9aNjIwEwGKxkJKSgtlsNrZzgmvbXvLPP/+kSZMmLFu2jNmzZ7N3796b/wcQERGRHFOwYEF8fHxIS0vDZrMxZMgQjhw5gtlsvqbK5qVKlTLacj/8JiIiIiIiIiJ3HpfLZcwZnDp1CofDgclkMo5dOp+Q8feMaxzR0dHExMTgcrmuOWQOsHXrVjp06MD//vc/1q5dm+kuapdatWoVI0aMAMBqtRIfH2+EzAMDA6lUqRIzZsxQ1VIREZGbwG63YzabSUlJ4ejRox6vXbqr+5W4xxYPP/ywUfDmt99+Y8mSJcC/443sVjbPOFbJnz8/4eHhlC9fHm9vbyPHISIiIiK5j4LmctfIGDLv27evETIvWLAgXbt2zTJknlHevHmNc2JiYpg8ebLx2rJly7I9KQvpoXUfHx+8vb2Nc0REROTO5HK5CAsL48UXX8RisWCxWDhx4gQTJ04kPj7eY5H4asqUKUO+fPlITU0FYM+ePcZ7iIiIiIiIiMidwx3o/umnn+jRowcLFy40wuZpaWmYTCZ2797Nr7/+apzvDo9Vq1aNoKAgLBYLqamp7Ny587qK5kD6moh7h9f4+HgOHjx41XuPi4ujVKlSACQlJeFyuXA6nVSpUoUuXbrw2WefeYTRRERE5MZwf5YnJCTQpk0bWrVqxYIFC4y1hGupcu4eO4SGhlKxYkXj2LJlyzh58qTHukR2wuZXelAtOzu2iIiIiEjO0L4zcle4NGT+ww8/YDKZCAoKolu3brz44ovA1bePqlevHvfddx9bt24FYM2aNdSuXZsTJ04wduzYbE/KAvj4+ODr68uFCxew2WycPXv2RndbREREcgn3BGnVqlXx8/MjMTERh8PBmjVriIqK4oUXXiA4OPiq21+7XC5CQkKoWrUqu3fvxuVy4ePj4/EeIiIiIiIiInJncLlcnDp1iu7duwPg5eWFxWLhiSeewNvbm40bN9KxY0dKlCiByWSibt26xhpHgQIF8PHx4fz58zgcDkaPHk39+vWJiYlh9OjRHD9+PNvrGcWKFaNw4cIcPnwYAJvNdtV7f+GFF6hfvz779+/n+PHjmM1mgoODqVu3LkCm7yMiIiL/zaUhc3e4vF+/fpQqVYo6derQtm1b8ubNi7+//1XzEYCxbtGtWzdWr17Nnj172L59O4cPHyYsLMyjDXfYvGfPnhw4cADAGGd06tSJAgUK3MTei4iIiMjNolkcueNlFTI3m80EBAQQGhqa7bZMJhNlypRh69atmEwmNm/ezJAhQzhx4gRnzpzJ9qQswJkzZ0hJScFkMlGgQAEiIyP/e2dFRETklss41sjIPfnqruhhMpmoV68eLVu25JtvvgHSt72eN28evr6+PPPMM+TJk+eKYXOn04ndbufQoUNGu/nz5/d4PxERERERERG5M5hMJsLCwujWrRsTJ05k48aNpKWlGeGwzp07k5aWxuHDh/nzzz+pWbOmsYtq4cKF6dKlC8OGDQPS1ySeeuopfH19OXXq1DWtZ5w4cYJTp04ZD8BfbT3DHTgLDw8nPDz8ste1K5uIiMjNYbVaOX/+PM8//zyxsbHGZ7vdbmfv3r3s2bOH33//nXvuuYdu3bpRuHBh/Pz8gKzXGNw7pnh7e/PQQw9x4MABEhMTGTduHF988QV58uTxOP9KYfPOnTtfUz5DRERERHKH7O+JI3Ibyhj86tevnxEyd38ZOnbsGF9//TULFy4E0reJcm8reSmXy4W3tzc9evQgIiLCmAjdunUrp0+fxm63U7t27atOytrtdgB27dqFyWTC4XAQEhJCwYIFb3j/RURE5OZxjwXcY42DBw+yceNG/vnnH44ePWrsVuIee6SlpQHw+uuv88QTTxjtHD58mNmzZ/P9999z9uxZj3B6Ru5xzcWLFzl06BCQHjJ/+OGHjfcRERERERERkTuHe36gcePG1KlTB0hfkxgxYgQdOnTAZrPh7+9PlSpVaNeunREyd6tRowbVqlUD0oNn8fHxRiXzhx56iK+//hq4+nrGvn37jPmKggULXrUa6dUqo2oOQ0RE5OZwOp1MnDiR2NhYIH0s4XQ6yZMnD35+fphMJnbt2sXSpUtp3bo1gwYNYtmyZR5tOByOy9o1m814eXnRuHFj43P+2LFjxMTEZHqNO2xevHhx49iUKVP47LPPOHPmzA3ts4iIiIjcfAqayx3r0pD5ggULMJlMBAUFERAQ4BEUnzlzJosXLwayDpu7Q+EFChSgT58+5MuXD0gPl7lcLsLCwujXr59xfmaVTR0OB1arldTUVKZMmUJKSgp58uShffv2+Pr6ZhlyFxERkdzF6XRiMpk4duwYCxYsoF27djz//PO0adOG5557jqeeeor27dszZcoUY0LXy8sLu92Oj48PL730krFADBAbG8vMmTP58ssvOXHihDHugPSJYLvdjsViISUlhQ8++IDDhw/j5eVFnTp1yJMnj8YQIiIiIiIiIncgdyC7VKlSPPzww0bF0X379uFwOPDy8qJq1aqMHDmS8PDwy+YHypUrx+OPP463tzcOh8MIhgUFBTFw4EAsFgupqamZhswzrmd8/fXXJCUlERgYSNu2bfHx8dFchIiISC5kNptp2rQpTz/9NAEBAUZm4p577qF27do888wzxvji/PnzLFy4kLfeeou33nqLWbNmkZKS4pFzyFgUx+VyUaFCBTp16oTJZOLo0aP88MMPQObZiMzC5gsXLtTOJiIiIiK3IQXN5Y6UVci8QIECvPLKK4waNYqwsDAgfaJ2+/btTJ8+/aphc3eb1atXp2PHjgQFBRkhsJMnTzJjxgz++OMPo1273W58UXIHxFJTU+nVqxe7du3CbDZTqlQpKlWqZLyviIiI5G7u7Z937tzJO++8w8iRI1m/fj2JiYmYzWZjEXbPnj0MHz6c/v37GxXC3Au3ZcuW5aWXXqJWrVpGu8ePH+f777+nZ8+ebNu2zRhjmEwmrFYrKSkpvPvuu6xbtw6AgIAAmjVrRmBgoMYQIiIiIiIiInco91pF69atuf/++4F/A+i+vr7UrVuXkJCQy65zr020bt2aDh064HK5cLlcWCwWzp8/z2uvvcb+/fvx8fG57L3cayzJycn07t2bmJgYzGYzJUuW1HqGiIhILlemTBlefvll6tevT0BAAGlpacTExHDixAkqV67MtGnTKFmyJMHBwcY6xLJlyxg2bBgvvPAC8+fPZ/fu3cC/Yw538R2AihUr4uvrC8CPP/5o5CMyU7p0aT799FPy588PwNy5cwkNDb1pfRcRERGRm8Pk0uOCcoe5Usj85ZdfpnXr1jidTlauXMnQoUM5efKkcW3FihVp164dTZo0Af4NkmXm6NGjzJgxg3nz5pGYmGgcr1q1Ko0aNaJDhw6XXXPx4kXee+89Vq9eTXJyMj4+PowZM4YGDRrcwL+AiIiI3CzuscGWLVvo0aMHp0+fBsDb2xsvLy9CQkI4fvw4kP6QmXtbaT8/Pxo0aMDo0aONthwOB9u2bePLL7/kl19+AdKD6O6q5w0aNKB06dIUKFCAEydOsHLlSmNyF2DUqFE89dRTt7D3IiIiIiIiIpJTduzYQcuWLbHb7QDGnEPlypV54YUXeOqpp7BarbhcLiMIlnG9ZODAgcyePRuTyYTFYsFutxMSEsJ7771HxYoViYqK8ni/pKQk+vXrx6+//kpKSgre3t6MHTtW6xkiIiK3iX379vHFF1/w66+/kpiYiNVqpXjx4gwdOpRixYrx22+/MXv2bLZt20ZqaqpxXUBAgLEza9WqVbnvvvsua7t3794sXrwYk8nEm2++SdeuXT3GIJndi9VqpWjRojetvyIiIiJy8yhoLncUu91uVArNKmTuZrPZWL16NUOGDLnusPnBgwf54YcfmDNnDgkJCR6v1a5dmwceeIDy5cuTlJTEoUOHWLRoEXv27DHOGTlypPE+V/riJSIiIjnP/Vm9fft2OnXqxIULFwAoVKgQb7/9NlFRURQuXJjY2Fg2bdrEDz/8wN69ezGZTJhMJpxOJw8++CDjx483trp2uVwcPXqUSZMmMXfuXODfheLMWK1W/Pz8GDBggBEy1xhCRERERERE5M527Ngx2rRpw7Fjx/D19cXX15dz584ZcwgVK1akbdu2NG7cGIvFkmXYfNiwYUydOtUjbO7v70+pUqVo0KABhQoVwt/fn+joaH788UePB95HjBjB008/DWguQkRE5HZxadjcvUPJu+++a+y4umTJErZs2cKcOXOMXdvdihYtStWqVencuTMFCxYkKCgIgD///JN3332XY8eOERQUxKxZsyhVqlSO9FFEREREbj4FzeWO1L9/f+bPn59pyDzjpOqNCJufPHmSH3/8kYkTJxIXF4fVasXhcFwWEHNXKLVYLHh7ezNo0CAFxERERG4zsbGxvPbaa+zZswer1Uq1atUYPHgwhQsX9jjP5XKRlJTEhx9+yPLly3E6nVgsFmw2G+3bt6dfv36Xff5PnTqV5cuX888//3hM5LoFBwdToUIF2rdvT7169Yz30RhCRERERERE5M6WmJjI2LFjWbNmDVFRUfTs2ZNPPvmEP//885rD5hMmTGDu3LkcP37cOCfjeob7GpfLhcViwdfXl48++kjrGSIiIrepS8PmFouFkiVL8sYbb3jsVPLnn3+yZs0ali5d6pGdAChSpAjFihWja9euVKpUCZfLxWuvvcZvv/2Gj48PL7/8Mq+++uoVcxUiIiIicvtS0FzuOAMGDOC7777Dy8uLfPnyeYTMM/tic2nYPOOkbHbD5mlpaezfv59+/fpx8OBBkpKSMJvNxkQspFdbDwoKMgJi9evXBzQpKyIicjtwOp3Y7XYmTZrE9OnTuXDhAqVLl2bChAlERkYaC7Yul8v4bDeZTCxZsoRBgwZx8eJF7HY7tWvXZvLkyZe17R5jHDhwgH379rFo0SJOnTrFxYsXyZs3L/ny5ePFF1+kSJEiREZGAhpDiIiIiIiIiNwN3PMGiYmJrFy5kgcffJCwsDCOHj1Knz592Lhxo7GuUalSJdq0aXPVsPmqVatYtWoVCxcuNELmFosFh8OB2WzG6XQSFBRE+fLl6dixox54FxERuc1dGja3Wq2UKFGCXr16GZ/zbqdPn2bKlCls376dDRs2eDyUZrVaeeqpp3jmmWeIjIzk2Wef5dy5c5QvX55vv/0Wb29vjRdERERE7kAKmssd58cff6Rfv344HA569+5Nq1atgCsHxf9rZXP3l6ULFy7w888/89tvv7F582bOnj2L0+mkQIEChIWF0bp1aypUqEDRokU9rhMREZHcLzk5mRdeeIFdu3bh5+fHtGnTqFSpksf4IONn+7Jlyxg3bhxHjx7FbrdTs2ZNpk6dCqQ/gGa1Wo22Lx0TpKWlYTKZuHjxIoGBgQDGYnBm54uIiIiIiIjInSvjA+4mk8n4/eTJk7z99tseIbArhc0zzmFcuHCBf/75hzlz5nDw4EGOHDlCcnIyJUuWJCQkhPbt21O6dGmioqIAzUWIiIjc7rIKm7/99tvUrVsXSF+b8PLywuFwkJyczLx58/j111/ZsGGDsROrxWLBZDLxzDPPcObMGX799VfsdjtvvPEG3bp1y8kuioiIiMhNoqC53JH+/PNPDh06xPPPPw9cOWTu9l8rm196/NSpUyQnJ5OcnExoaCh58+a9YqBMREREcrcffviBvn37AlCpUiW++uorgoKCPLaUdv+8fPlyPvnkE44dO4bdbqdWrVpMmTIFuDxknpnMxgkaO4iIiIiIiIjc3TJbn8gsbF6xYkXatm2badjc/bP7n6mpqXh7e3P8+HFSUlIIDw/Hy8sLLy8v4z00JyEiInJnyE7YPOMuKJBe4Xz37t1MmDCBY8eOcezYMeO1wMBAEhMTAXj44Yf55JNP8PPzu7WdEhEREZGbTkFzueNlJ2Tu9l8rm8OVJ1yv5V5EREQkd/nyyy/55JNPAGjWrBnDhg0zXrvWkLl7THDhwgXsdjv58uW79R0SERERERERkVzDPbdw7tw54uPjWbNmDYGBgRQoUIAqVaoQFBQEXB7+gszD5leqbJ5Rxgfis6p+LiIiIneO7ITN3TGijGOHs2fPcvjwYaZNm8amTZs4ceIEAFarFZfLhcPhYMyYMTzxxBO3vlMiIiIiclNduZSiyB3gWiZCvb29qV+/PoBHZfPt27czffp0AJo0aYLZbM5ykvVKVT00KSsiInL7cX/mnz592jh2+vRp0tLSjC0ir7WSudlsZt++fXz55ZeUKFGCl19++dZ3TERERERERERyBffcQ0xMDJMmTWLr1q0e1ULr16/Pgw8+SNu2bbFYLJftlhYWFsaoUaM8wubbtm1jxowZAFcMm1utViO8nvE1rWeIiIjcmUqWLMmrr74KYITN9+/fz6hRowCoW7eu8eCam8vlIl++fOTLl4/Ro0ezfv16/v77b77++mscDgdJSUkEBgZSunTpHOmTiIiIiNxcCpqLXCKzsDlwTWFzERERyd0yfoa7f86qspf7vPDwcOP35ORkjy2kIfshc4A1a9bQtWtXAIKDg3nyySeJioq68R0VERERERERkVzNPS+xZcsWXnvtNc6cOYPL5cJsNmO1Wo2dWDds2EBMTAxDhgzBarVmK2y+fft2I2z+5JNPGu15e3uzbds2NmzYQOfOna9Y8VxERETuPNcSNs9YbMc9bqlRowY1atSgXr16bN68mUWLFvHRRx9RsmTJHOuTiIiIiNw8SsiKZMIdNu/fvz9hYWEAHpXNFy9eDGCEzUVERCR3y1h5AyAtLY20tDTi4+ONSuXuiVKHw5FpG3nz5jXa2rx5M7NnzzZeW7ZsWbZD5pC++Gs2m42w+qX3JyIiIiIiIiJ3PnegfNu2bXTs2JG4uDhcLhdeXl4eD8lbLBaSkpKYP38+3bt3BzDC5hm5w+bVq1c3gmHusPmCBQuA9PWPixcv8v777zNy5Eg+/fRT4Mq7tYqIiMidxx02r1evHoGBgdjtdiNsvmbNGoDLKpu7xybuY2XLlqVVq1bMnDmTMmXK3PpOiIiIiMgtYXIp1SKSJXelEHdlc/cXqYoVK9KuXTuaNGkCoMrmIiIiuVjGz+n4+Hg2bNjA/PnzOXz4MPHx8TidTh588EEiIyPp0aMHvr6+mbZz/vx5WrduzZ49ezCZTNSuXZu+ffsSGxvLiBEjsh0yB4iNjaVZs2akpqbicrmYOXMm999//837I4iIiIiIiIhIrnTgwAG6d+/O/v37MZlMRERE0K9fP7y8vHC5XEyYMIFt27YZoXSn00n9+vWZOHEikPncw8mTJz0qm7tcLooWLUqlSpWoWrUqs2fPZs+ePZjNZipXrsy4ceMoUKBATnRfREREcti+ffv44osvjMrmVquVEiVK8Pbbb1O3bl0A7XwiIiIicpdT0FzkKhQ2FxERuX05HA4sFgsAixYt4qeffmLFihXG6xaLxahgbrFY6N27N23atMk0HJ6UlMR7773HsmXLgPTKHffffz9Hjhzh9OnT2Q6ZA2zbto3WrVvjcDgIDw9nzpw5xi4qIiIiIiIiInLnczqdmEwmJk6cyFdffUVSUhIPPvgggwYNIiIiwjjPZrMxatQoVqxYwcmTJ68rbG42m3G5XLhcLo+5EF9fX8aNG0e9evVuXcdFREQk11HYXERERESuRKlYkavw9vamfv369O/fn7CwMI/tJqdPn87ixYsBjMldERERyR0yhszHjRvH2LFjPULm7nPcKlWqxEMPPZRlONzf358ePXoQFBQEpC8Ib9y4kZMnT2K326ldu/ZVQ+buLa137tyJyWTC6XQSEhJCvnz5/nuHRUREREREROS2YTabMZlM/PbbbyQlJVG8eHEjZO6eP7Db7Xh7e/P222/zwgsvULhwYaPozerVq+nWrRsAVqvVuMYtLCyMUaNGUaNGDeMa9//cPvzwQyNkrrpUIiIid6+SJUvy6quvUq9ePQIDA7Hb7ezfv59Ro0axZs0aAKMgn4iIiIjcfRQ0F8mGzMLmANu3b2fWrFn88MMPAKpoLiIikktkDJkPHDiQCRMmcOzYMQBKlSrFgw8+SM+ePXnxxRe599578fb25q233qJkyZJZtul0OilevDjvvPMOfn5+wL8PmkVERDBgwAAAozpYZvdktVpJTU1l9uzZ2Gw2goKC6NChA97e3npgTUREREREROQO5/7u737wff/+/URHR+Pn58dHH31EREQETqfTeHjdarXidDrx9vamc+fOtGjR4prD5hMnTqRRo0b4+vridDpxuVyEhIQwYsQImjVrBqhCqYiIiChsLiIiIiJZy7xco4hcxh02BxgyZAgnT57EarWyZcsWEhMTuf/++4mKisrZmxQRERGPkHn//v2ZP3++MfnZsmVL2rZtS+HChfH19TWu2bVrF2XKlLniwqr7gbK6dety5MgRpkyZQmpqKiaTiZMnT/Ltt9/SqFEjqlSpYtyHuzqZu8J5amoqb775Jrt378ZisVCmTBnKlSvn0b6IiIiIiIiI3Hnc4fCNGzcyYcIERo4cSWBgIMnJyeTPn5+IiAiPOQ0390Pu3t7edOzYEYC5c+dy5MgRj7D5xIkTjbC5O6judDrx9/fn008/5a+//uLQoUPky5ePiIgIypcv73FfIiIiIu6wOcCvv/5KYmIi+/fvZ+zYsaSlpfHII4/o4TQRERGRu5DJpccNRa6JzWZj9erVDBs2zKiM+vHHH/PMM8/k8J2JiIhIxsXRgQMHMnv2bEwmE3nz5qVjx4507drV49ysqo9fzf79+5k6dSo//PADNpsNSF/4rVmzJo0bN+bZZ5+97JqkpCTef/99fv75Z5KTk/H19WXMmDE8/PDD19lbEREREREREclpGR9av1pl8E2bNtGuXTscDgf16tVj4MCB9OzZk4sXL7J48eIrvo97zsNmszFlyhSPsLnT6aR+/fpMnDgRwCNsnll4PbN7FxEREXHbt28fX3zxhRE2B6hatSpff/01/v7+OXx3IiIiInKrKWguch1sNhs//fQT77//Pu+88w7PP/88oElZERGR3OKLL77g008/xWQyERQUxGuvvUbbtm2BKy+wXotdu3Yxf/58vv/+e1JSUoB/t418/PHHuf/++6lQoQLnz5/n8OHDzJ07l927dxvXjxw5kiZNmgAaQ4iIiIiIiIjcjjKbY8iqQnh8fDwvvfQSO3bsMCqP33fffZw7dw6Hw8GSJUvw8fG54vzA9YbNRURERK7Vvn37+PLLL1m4cCG+vr7Mnz+fkiVL5vRtiYiIiEgOUNBc5DqlpqZy5swZIiIiAG0vKSIiklusWrWK0aNHc+DAAQB69erFSy+9BGT/8/pK52VcRD58+DDLli1j0qRJJCUlGQvFbu7fvby8SEtLw2w24+Pjw8CBAxUyFxEREREREbmNZQxyDx48GLPZzLvvvgtkPa/w3XffMXfuXP755x8AfH19jYfXJ02aRL169a76vgqbi4iIyK2ye/duZsyYQceOHSlRokRO346IiIiI5BAFzUVuAAXEREREcgebzcbAgQOZN28eAK1ateKDDz4Aru+hsLNnzxIdHU1aWhoAlSpVIjAwEC8vL+Oc1NRUtm/fzrvvvsupU6dISUnBarV6vJ/dbidPnjyULVuWjh070qBBA0BjCBEREREREZHbXb9+/ViwYAGhoaG0bNmSHj16AJ7zEBl/XrBgAdOnTyc6OhoALy8v7HY7zZo14+233yZ//vxXfU+FzUVERORWsdlseHt75/RtiIiIiEgOUtBcRERERO4Ya9eupUuXLgBUrFiRsWPHEhkZmelW1lk5c+YMx44dY+rUqezfv99Y+AWIiIjgkUceoWnTptx7773AvxXOT548yS+//MLPP//Mjh07OHv2LAAFChQgLCyM1q1bU7FiRaPqh0LmIiIiIiIiIre3cePGMWHCBOOB85CQEFq0aEHPnj2B7IfNAfLly8egQYNo2LBhtt77amHz2rVrM3ny5BvcYxERERERERERudsoaC4iIiIitz2n0wnAhx9+yPfffw/AU089xdChQz2qj1/q0rD3n3/+yYwZM9i6dStxcXFYLBYjSG6xWIzKHYULF+bDDz+kRo0auFwunE6nR5D96NGjXLhwAZvNRmhoKAUKFPC4D4XMRURERERERG5/+/bto3fv3uzcudOYQwgNDb3usHlERARjxozhvvvuy9b7ZxY2P3bsmDFPMmXKFGrVqnUjuywiIiIiIiIiIncZBc1FRERE5I5gs9lo1aoV//zzDwCffPIJTz75ZJbVzDMe37FjB7/88gvjx483XjeZTJjNZhwOB4BREcxqtWK32ylRogTDhg2jUqVKxjUZF4wvdaXXREREREREROT2dPDgQd58802io6P/U9jcZDLhcrmIjIxk3Lhxxk5qV5MxbD516lSmT59OXFwcQ4cOpXnz5jen0yIiIiIiIiIictdQ0kVERERE7gjnz58nISHB+H3Pnj0AmYbMMx6fPHkyH3/8sREyt1qtQHrV8aioKGrUqMHDDz/M/fffD4DdbsdqtXLo0CFmzpzJuXPnjDavFCRXyFxERERERETkzlOsWDHGjBlDuXLljIfa4+LimDt3LuPGjQP+fXj90p+bN29Ou3btKFeuHC6XC7PZzNGjR+nZs6fxIP3VuNvz9vamQ4cOtGzZknHjxhkhc/d7iYiIiIiIiIiIXA9rTt+AiIiIiMiN4OvrS0BAgFEB7MCBA1y8eJGAgADjHHeVr4sXL3LkyBE+//xzVq5c6dGO1WolIiKC9u3bU7duXaKiogBISkpi3rx5fPzxx9jtdgA2bNjAuXPnyJs37y3rp4iIiIiIiIjkLu6wecbK5u6wOUDPnj2NQLjZbPb42R0Id1c2zxg2z25l84xh89deew2TyQRodzUREREREREREfnvNLskIiIiIncEf39/QkJCcLlcACxfvpypU6eSnJxsnGM2m4mNjWXMmDH07t2blStXYjabjSrmoaGhdO3alU8++YTWrVsbIXOXy4W/vz/t2rWjb9++RnvHjx9nxYoVt7CXIiIiIiIiIpIb3ajK5u5w+PVUNgeMkHnGYyIiIiIiIiIiItfL5HIncUREREREblMulwuTycSqVasYMGAAZ86cMV5r1KgRkZGR5MmTh9jYWFavXk1CQoLH9X5+fpQqVYohQ4ZQtGhRvL29PdqF9CpgJpOJU6dO0bVrV/bu3YvD4aBjx4706dPn1nVWRERERERERHKtgwcPelQ2dzgchIaG0qJFC3r27Al4VhrP+POCBQuMyubuHdsiIyOzXdlcRERERERERETkRrPm9A2IiIiIiPxX7jB4uXLlqFmzJj/++CNpaWm4XC5Wrlx52flWqxW73Q5A5cqVefjhh2nVqhV58uQh43OYmVUBCwsLIygoCIfDAYCvr+9N65eIiIiIiIiI3F7clc0zhs3dlc0BevbsaVQzN5vNHj83b94cwAibZ6xsrrC5iIiIiIiIiIjkBO2ZJyIiIiJ3jMjISLp06UKVKlWMALiXlxdmsxmLxWJUKnc6nfj7+9OmTRuGDh1Kp06dyJMnj1G1PCvucLm/v79xLDg4+Cb2SERERERERERuN+6webly5XA4HB5h83HjxgEYAfNLf27evDnt2rWjXLlyRgDdHTb/559/cqxPIiIiIiIiIiJydzK5MpZsFBERERG5A+zatYu5c+eyatUqTpw4YRz39vYmICCAFi1acP/991OvXj3jNZfLdcWQudu+ffto1aoVCQkJ5M+fnwkTJlCpUqWb0g8RERERERERuX0dPHjQo7K5w+EgNDSUFi1a0LNnTwAjTH7pzwsWLPCobO50OomMjOTTTz+lQoUKOdYnERERERERERG5uyhoLiIiIiJ3pKSkJM6dO8eKFStITU0lLS2NSpUqUaZMGcLDw43zMi7iXom7AtncuXMZOnQoSUlJVKpUienTpxvV00VEREREREREMrrRYfPQ0FC++OILPfQuIiIiIiIiIiK3hILmIiIiInLXyW643M0dMo+Pj6dt27bs27ePkJAQhg4dSr169a65PRERERERERG5e9yIsPmePXuw2+0AjB07lscffzxnOiMiIiIiIiIiIncVpWFERERE5I7mfq7S5XIZP19PyDw1NZVevXqxb98+fH19qVu3LmXLlr3m9kRERERERETk7lKsWDHGjBlDuXLljHmGuLg45s6dy7hx4wCMiuWX/ty8eXPat29PkSJFABg6dKhC5iIiIiIiIiIicsuoormIiIiISBbci782m40BAwawcOFCnE4nhQsXZtiwYVSrVi2nb1FEREREREREbhP/pbL5999/T/78+XnkkUcue01ERERERERERORmUdBcRERERCQT7pB5SkoK77//PqtWrSI5ORkvLy9Gjx5No0aNcvoWRUREREREROQ281/C5m4KmYuIiIiIiIiIyK2ioLmIiIiI3JUuXZRNS0vDy8vL4/jZs2d5++23+fPPP3E4HACMHDmSJk2aAOByuTCZTLf+5kVERERERETktnWtYXMREREREREREZGcoqC5iIiIiNy1kpOTWbRoEfXr1yckJAQvLy8A9u7dy99//83UqVPZt2+fcf7w4cNp2rQpoJC5iIiIiIiIiFy/7ITN3butiYiIiIiIiIiI5BQFzUVERETkruRwOFi4cCHDhw/H5XJRvHhxQkNDsdlsbNy4EZPJRFJSEl5eXgQHB9O/f3+eeOIJQCFzEREREREREfnvMgubh4WF8fTTT9OrV6+cvj0REREREREREREFzUVERETk7hQXF0efPn1Yt26dx3GTyYR7iBwcHEyVKlVo3749tWrVAhQyFxEREREREZEbJ2PY3MfHh9TUVPz8/Jg9ezblypXL6dsTEREREREREZG7nDmnb0BEREREJCesXbv2iiHzwoUL07t3b/r06aOQuYiIiIiIiIjcFMWKFWPMmDHce++9pKamAvDBBx8oZC4iIiIiIiIiIrmCKpqLiIiIyF1r2bJlHD58mDVr1pCUlERgYCDFixenYsWKPPbYYwQFBeX0LYqIiIiIiIjIXWD//v288sordOrUiZYtWwJ64F1ERERERERERHKeguYiIiIictdxOp2Yzf9u7mOz2YzFW29vb+O4w+HAYrHkxC2KiIiIiIiIyF0mMTGRwMBAQCFzERERERERERHJHRQ0FxERERG5hBZzRURERERERCSnaF5CRERERERERERyCwXNRURERERERERERERERERERERERERERMSDOadvQERERERERERERERERERERERERERERERyFwXNRURERERERERERERERERERERERERERMSDguYiIiIiIiIiIiIiIiIiIiIiIiIiIiIi4kFBcxERERERERERERERERERERERERERERHxoKC5iIiIiIiIiIiIiIiIiIiIiIiIiIiIiHhQ0FxEREREREREREREREREREREREREREREPChoLiIiIiIiIiIiIiIiIiIiIiIiIiIiIiIeFDQXEREREREREREREREREREREREREREREQ8KmouIiIiIiIiIiIiIiIiIiIiIiIiIiIiIBwXNRURERERERERERERERERERERERERERMSDguYiIiIiIiIiIiIiIiIiIiIiIiIiIiIi4kFBcxERERERERERERERERERERERERERERHxoKC5iIiIiIiIiIiIiIiIiIiIiIiIiIiIiHhQ0FxEREREREREREREREREREREREREREREPChoLiIiIiIiIiIiIiIiIiIiIiIiIiIiIiIeFDQXEREREREREREREREREREREREREREREQ8KmouIiIiIiIiIiIiIiIiIiIiIiIiIiIiIBwXNRURERERERERERERERERERERERERERMSDguYiIiIiIiIiIiIiIiIiIiIiIiIiIiIi4kFBcxERERERERERERERERERERERERERERHxoKC5iIiIiIiIiIiIiIiIiIiIiIiIiIiIiHhQ0FxEREREREREREREREREREREREREREREPChoLiIiIiIiIiIiIiIiIiIiIiIiIiIiIiIeFDQXEREREREREREREREREREREREREREREQ/WnL4BEREREREREREREblx+vbty4IFC4zfa9SowYwZM3Lsfj777DPGjx9v/B4ZGcnPP/+cY/dzvex2O3v37uXQoUOcOnWKpKQkHA4Hfn5+BAQEEBERQcmSJQkPD8/pW5W7TNu2bVm/fr3xe/PmzRk2bFgO3pGIiIiIiIiIiIjcKRQ0FxEREREREREREfmPGjRowNGjR6/7eqvVSmBgIEFBQRQpUoRKlSpRvXp1atasidmsjSlzysWLF1m2bBnLly9n8+bNJCUlXfWakJAQ6tWrR8OGDWnQoIH+/YmIiIiIiIiIiIjIbUtBcxEREREREREREZEcZrfbOXfuHOfOnePQoUOsXbsWSK/+3apVK9q3b4+Xl1cO3+XdIyUlha+//ppp06Zx/vz5a7o2Pj6eBQsWsGDBAooWLcorr7xC8+bNb9KdioiIiIiIiIiIiIjcPCqlIiIiIiIiIiIiIpJLHT16lJEjR9KiRQv279+f07dzV9iyZQtPPvkkn332WaYhc5PJRHh4OOXLl+e+++6jWLFiBAYGZtpWbGwsffv2pUuXLsTFxd3sW78uSUlJlC9fnjJlylCmTJmcvh0RERERERERERERyUVMLpfLldM3ISIiIiIiIiIiInI7a9CgAUePHjV+L1++PL1798729cnJyZw/f57du3fz559/snPnzsvOKViwILNmzaJIkSI35J5vlc8++4zx48cbv0dGRvLzzz/n4B1lbdGiRbz77rukpaV5HLdarTz++OM89dRTVK9e/bJgucvlYu/evaxevZp58+Zx8ODBy9ouWrQoU6dOJSIi4mZ24Zpt2LCBNm3aGL/v2rUrB+9GRERERERERERERHITa07fgIiIiIiIiIiIiMidJjg4mNq1a1/39Vu3buWDDz4gJibGOHbq1Cl69OjBggULMJu1WeWNtmzZMvr06YPT6fQ4XqNGDd5//31Kly6d5bUmk4lSpUpRqlQpOnfuzLfffsuoUaO4ePGicU5sbCwdOnTg//7v/7KsgJ4Ttm7dmtO3ICIiIiIiIiIiIiK5lFYjRERERERERERERHKZ++67j2+//ZZq1ap5HI+JiWH+/Pk5dFd3rpiYGPr163dZyLxDhw7MmDHjiiHzS5nNZlq1asW3335LeHi4x2uxsbEMGDDghtzzjbJt27acvgURERERERERERERyaUUNBcRERERERERERHJhfz8/Bg1ahS+vr4ex+fNm5dDd3Rnstvt9O3bl5SUFI/jHTt2pF+/ftfdbunSpfnyyy/x9/f3OL5kyRI2btx43e3eaAqai4iIiIiIiIiIiEhWFDQXERERERERERERyaUKFSrEo48+6nFs27ZtxMfH59Ad3XkWLFhAdHS0x7EKFSrQu3fv/9x2mTJleOONNy47vmjRov/c9o1w+vRpjh8/ntO3ISIiIiIiIiIiIiK5lDWnb0BEREREREREREREslazZk0WL15s/O50OomNjSUkJCTT8/v27cuCBQuM32vUqMGMGTOu+j4ul4tNmzbx888/ExMTw8GDB7lw4QJJSUlYrVYCAgKIiIigZMmS1KpVi4cffpjg4OD/3sErOHXqFC+88AJHjx41jvn7+zNt2jQqVar0n9t3uVxMmjTJ45jZbGbIkCFYLJb/3D5A69atmTZtGl5eXjRu3JjGjRtTsmTJbF8fExPDqlWr2LFjB/v27SMhIYGLFy9iMpkICgoiNDSU8uXLU6NGDR5//HH8/Pyu2N7//d//XbFSe5kyZS47tmvXrqve54ULF/jxxx/ZsGED//zzD/Hx8SQkJGCxWMiTJw9RUVFUrlyZRx55hGrVql2941lwuVxs2LCB//3vf2zZsoXTp09z7tw5fHx8iIqKolq1ajRv3pwKFSoY10RHR9OsWTOPdn766ScKFy6c7ffctGkTv//+Oxs2bODkyZOcPXuW5ORkgoKCyJs3L4ULF+aBBx7gwQcfpGzZstnuz6X/PkqVKsWSJUsAsNlszJ49m2XLlrFv3z5SU1O59957+fbbbz3aaNu2LevXrzd+b968OcOGDcv2Pdjtdn799Vf++usv/v77b06dOsXZs2dxOp0EBAQQGRlJuXLleOihh2jQoAHe3t7ZbjujxMREVq1axV9//cWePXs4ceIEFy9eJDU1FT8/P4KDgylatCjlypWjXr16VK9eHbNZ9ZJERERERERERERykoLmIiIiIiIiIiIiIrlYgQIFLjsWFxd3Q9/j119/ZejQoRw4cCDT1+12OykpKZw5c4bt27fzww8/4O/vz4svvkjPnj3x8fG5ofcD6aHUl19+2SNk7uXlxeeff35DQuYAf/zxB4cPH/Y49tBDD1GuXLkb0j6A1Wpl3rx5WT4YkJWNGzcybNgwtm/fnuU5cXFxxMXFERMTw//93//x8ccf8+qrr9KhQwdMJtN/vfVsSUxM5PPPP+e7777j4sWLl72elpZGSkoKp0+fZvPmzUyePJlKlSrx4YcfeoTBsyM2NpZ+/fqxadOmTN8nOjqa6OhoZsyYQePGjRkwYADBwcGZ3ld2rV69mrFjx15W9d7tzJkznDlzhn379vHrr78C6f8Nvfnmm9fcv4wuXrxI586d+fvvvz2Onzp16rrbvJTL5WLOnDl8/fXXHv8/y+jcuXOcO3eOHTt2MG/ePAoWLEi/fv148skns/0+KSkpTJo0icmTJ5OSkpLpOYmJiSQmJnL06FF+//13vvnmG0qUKEGvXr1o2LDhdfVPRERERERERERE/juVghARERERERERERHJxZxO501t/8svv6Rr165ZhsyzkpSUxDfffEPLli1JSEi4ofeUlpbG66+/zs6dO41jFouF0aNHU7t27Rv2PitWrLjsWIsWLW5Y+27XGjKfNm0abdu2vWLIPDPnz59n2LBhvPbaazgcjmu69nrs27ePFi1aMHny5GsKc2/bto3nnnuOr7/+OtvX7Ny5k+bNm2caMs/M0qVLefHFF4mLi7uuv4XL5WL48OG8/PLLWYbMs/Lbb7/x/PPP88MPP1zz+7oNGjTospD5jZSYmEj37t356KOPsgyZZ+bUqVO8+eabvP7666SlpV31/ISEBDp06MAXX3yRZcg8K/v376d79+58+umn13SdiIiIiIiIiIiI3DiqaC4iIiIiIiIiIiKSi504ceKyY/ny5bshbf/yyy+MHj3a45iPjw+PPPIIlStXplChQvj5+XHhwgXOnDnDhg0b+O2330hKSjLOj46O5q233uKbb765IfcE8P7777Nu3TqPYx999BGPPfbYDXsPgLVr13r87ufnR/369W/oe1yrn376iY8//viy47Vq1aJ27doULFiQvHnz4nQ6OX36NBs3bmTlypUeId5Vq1YxatQo+vTpc1k7derUYcqUKUB6/y/99+Z+7WqOHTtG69atOXv2rMfxQoUK8fjjj1O+fHny5s3LxYsXOXz4MGvXruWvv/4yznM6nYwcORKr1UqHDh2u+F6nT5+ma9eul4XZAwICeOyxx6hWrRr58+cnISGBjRs3smzZMhITE9m3bx9vvPEG3bt3z1afMhowYADffffdZcdr1qzJgw8+SOHChQkICODChQvs3buX1atXewTS7XY7ffv2BaBZs2bX9N67d+/+TyH1q0lLS+Oll15i8+bNHsfdf88qVaoQFhaGzWbj1KlTbNiwgZ9++gmbzWacu2LFClwuF2PHjsVisWT5Xu+///5lgfnIyEgaNmxI6dKlCQkJwWKxEB8fz7Fjx/jll18ue8Di888/p0SJEjz11FM3oPciIiIiIiIiIiJyLRQ0FxEREREREREREcnF1q9f7/G72WymbNmyN6TtUaNGefxeoUIFJkyYQFhYWKbnt23blosXLzJixAi+/fZb4/jatWtZs2YNdevW/c/3NGbMGBYsWOBxrFevXje80nh8fDxHjhzxOFa+fHm8vLxu6PtcC4fDwZAhQzyO+fr68vnnn1OnTp1Mr2nZsiU9e/aka9eu7Nu3zzg+Y8YMXnzxRYoUKeJxfsGCBSlYsCCQ+UMM2akYb7PZ6NGjh0fI3Gq18tZbb9GhQ4dMg8ddu3Zl69atvPnmmx4VtIcPH84DDzxAuXLlsny/8ePHc/r0aY9jVapUYezYsYSHh3scb9q0Ka+//jr9+/fn119/ZcOGDcybN++qfcpo1apVl4XMIyIiGDt2LPfdd1+m17zxxhssXryYd9991whku1wuBg0aRM2aNS+7zyuZPXs2LpcLHx8fXnrpJZo0aUJERARpaWmX/R2ux/Dhwy8LmTdt2pT33nuPoKCgy85v3bo1J0+epG/fvvz+++/G8ZUrVzJ79mzatm2b6fts27btsl0DunXrxuuvv55lOL179+7ExMTQq1cv9u7daxwfPXo0jRo1wtvbO9v9FBERERERERERkf/OnNM3ICIiIiIiIiIiIiKZO3nyJKtWrfI4dt999xEYGPif296////bu9O4Ksv8j+NfVhFQFkVcc0sUGbdEE01TU9OkcTTDEiUrF3K0cevvmuZSlmamJq7TqjK+JE2t3MIlxa3ctRxzAdxGQSAFBBH4P/DlGW/OAc5BCGfm8352/c51X9d1zn3ggX7vH+cNQU5JmjVrVr4h8/vc3Nw0depUde/e3VDPGw4vin/84x9avHixofbaa69p8ODBD712XnnfuyQ1atSo2PexRUxMjCGELUlvvvlmviHz+6pXr6558+bJzs7OVMvKyiqWe2LJmjVrdPLkSUPtgw8+0Ouvv15gd+smTZooMjJS3t7eplpOTo6mT5+e7zVXr17V119/bahVqVJFixYtyje87ePjYwjnf/vtt4W+p/uysrI0depUQ83Dw0MrVqzIN2R+3/PPP6/Zs2cbaqmpqfroo4+s3v/OnTvavHmznJ2d9dlnn2n48OGqVauWnJ2d5ebmplq1alm9liW//fabVqxYYaj16dNHs2bNshgyv8/X11fLli1TixYtDPX58+crKSnJ4jXbtm0zjBs3bqyRI0cW+B2RpAYNGuizzz6Th4eHqXblyhXt37+/wOsAAAAAAAAAFD+C5gAAAAAAAADwCMrJydHEiRNN3ZHvCwkJKZb14+LiDGNvb289/vjjVl8fHh4uPz8/dejQQf3797eqE3ZBtm/frmnTphlqvXr10tixYx9q3fxcuXLFrJa3+/cfLTU1VYGBgapVq5bpYYLg4GCrrq1Xr55ZEHrfvn3Ffsa7d+/q73//u6H25z//2epz+vr6mt3TQ4cO6fTp0xbnb9u2TVlZWYba0KFD5eXlVeA+Tk5OmjlzpsqVK2fVue6Ljo7W9evXDbURI0aoWrVqVl3ftWtXtW3b1lDbsmWLUlNTrbo+Li5OycnJGjZsmJo3b27doW2wePFi5ebmmsY1a9bUpEmTrLrW0dFRM2fOlKPjv/9Y7s2bN7Vx40aL8/P+jskbUi9IpUqVFBYWpqZNmyo4OFhDhgyRp6en1dcDAAAAAAAAKB6OhU8BAAAAAAAAAPyRUlJSNG7cOO3evdtQDwgIUI8ePYplj/T0dMM4IyNDubm5hq7YBfHz88s3YGqr48ePa9SoUcrOzjbVOnXqpBkzZhTL+pYkJyeb1R7soFwannvuOT333HOmcWZmpsqUKWP19Q0bNtTRo0dN40uXLhXn8SRJO3fuNOu6/sYbb9i0RnBwsD788EMlJCSYaps2bVKDBg3M5u7atcswdnFxsfpnoFKlSurfv78iIiKsPlve7ulubm564YUXrL5eutch/MGf3YyMDG3dulW9evWy6npXV1eFhobatKc1kpOTtWnTJkPttddek7Ozs9Vr1KhRQ88884y2bNliqm3atEmvvPKK2dy0tDTDOO/vnMIMGzZMw4YNs+kaAAAAAAAAAMWLjuYAAAAAAAAAUMoyMzN17do1/fjjj3rvvffUsWNH7dixwzDH09NTs2fPloODQ7HsWalSJcM4PT1d69evL5a1bREXF6chQ4bo9u3bptqTTz6puXPnFtt7tSQjI8OsZmv365JmS8hcksqXL28Yp6SkFONp7vnxxx8N4zp16qhOnTo2reHo6GjW9XvPnj0W5x47dswwDgwMtOlzeeGFF6x+eCI3N1eHDx821Dp06GDzfWjXrp3ZNQ8+AFCY1q1bmzraF6eYmBjDwxzSvQc6bNWxY0fD+OjRo2ahcsn8d8zWrVstPuABAAAAAAAA4NFFR3MAAAAAAAAAKGb79u1T/fr1i229qlWrauHChapbt26xrRkQEKBy5crp1q1bptqkSZOUnJys0NBQm7ocF1VSUpIGDhyopKQkw7kiIiJKfP/c3FyzWkkG2/8Ijo7Gf/LPysoq9j1OnDhhGNesWbNI6zRu3Fhr1641jc+dO2fWUT8pKcnw/ZTudW23RfXq1VWrVi1duHCh0LkXLlxQamqqoRYQEGDTftK9BwT8/PwMn9Xp06etvj4wMNDmPa2R9965urqqYsWKNq/TqFEjwzg3N1dnz55VkyZNDPWgoCDDPb5x44b69u2r6dOnl9h7BAAAAAAAAFC8CJoDAAAAAAAAwCPK2dlZPXv21OjRo+Xh4VGsa7u6umrAgAFasGCBqZaVlaX3339fS5YsUdeuXdW+fXsFBgaWSHfl27dva8iQIYqPjzfVateureXLl5fIfnlZCrLfvHmzxPe1xY0bN7R7924dOHBAsbGxunz5sm7duqWMjAzl5OSUypliY2MN46ysLO3du9fmdfIGyG/fvq1Lly6pRo0aptqD3437qlevbvNejRo1sipofvbsWbPa448/bvN+kvTYY48Zgt3nz5+3+tqihvcLk/feubq6FuneWXqAwVLQvGvXrlq4cKFh3/Pnzys0NFQBAQHq2rWr2rRpI39/f9nb8wd4AQAAAAAAgEcRQXMAAAAAAAAAeMR07NhRTz31lLp06SIfH58S2+eNN97Qr7/+qh9++MFQT05OVmRkpCIjI+Xg4KCGDRuqVatWCgoKUmBgoMqUKfNQ+2ZnZ2vkyJE6fvy4qWZvb68lS5bI29v7oda2lqenp1ktJSXlD9m7MNeuXdPChQu1du3aEulKXlSpqalKT0831Pbs2aM9e/YUy/rJycmGoLml4H+FChVsXtfa4Pbvv/9uVivq9zHvdampqWYd2/NTuXLlIu1ZmOvXrxvGiYmJevXVV4tl7eTkZLOas7OzIiIiFBYWpsTERMNrp06d0qlTpzRnzhyVL19egYGBpt8xfn5+xXImAAAAAAAAAA+PoDkAAAAAAAAAFLOGDRvqrbfesmrusWPH9PHHHxtqTZo0UWhoaAmczMjBwUELFixQRESEli1bpoyMDLM52dnZOnHihE6cOKFly5bJ1dVVHTp0UK9evfTUU08Vad+pU6dqx44dhlpOTo5WrVql8ePHF2lNW1kK8169evUP2bsgR44c0fDhw5WQkFDaRzGTlpb2h65/+/ZtszkuLi42r2tth3xL78/V1dXm/STJzc3NMM7NzVVaWppVZylbtmyR9ixM3ocEilN+3426desqKipKEydOVExMjMU5N2/e1Pbt27V9+3ZJ97rBd+vWTS+99JKqVq1aYmcGAAAAAAAAUDiC5gAAAAAAAABQzDw8PNS6dWur5gYFBWn37t06dOiQqRYREaGuXbuqVq1aJXTCf7O3t9ewYcPUu3dvrVq1SuvXr9e//vWvfOenp6fru+++03fffadmzZpp3Lhxatq0qdX7Xb58WatXr7b42hdffKHWrVvr6aeftvVt2KxOnTpmtaNHj5b4vgW5dOmSBg0apFu3bhnqdnZ2euKJJ9S8eXNVqlRJHh4e8vDwkJOTk2HeN998o/Xr15fY+XJzc0tsbck8CG0paF6Ubvp5Q9/W7i8VPfTt4OBgVrt9+7ZVQfO897W45OTklMi6UsEh9ipVqujTTz/Vvn37FBkZqZ07dyozMzPf+fHx8VqyZIk+/fRThYSEaMSIESpfvnxJHBsAAAAAAABAIQiaAwAAAAAAAEApsrOz05QpU9SrVy/dvXtXkpSZmam3335bX375pezs7P6Qc1SuXFmjRo3SqFGjdPr0ae3atUu7d+/W0aNHlZWVZfGaI0eOqG/fvnrnnXcUEhJi854uLi5ydnbWzZs3Jd0LMo8dO1br16+Xr6/vQ72fwlStWlWenp5KSUkx1U6ePKm7d+/K0bF0/ul8/PjxZiHzJk2a6L333tPjjz9e6PUPPqxQEiyFpIcOHaq//e1vJbKfs7OzWe3+z4gtLAXWLbHUvbwo++V3XVG7oxeXvPcvMDBQK1eu/MP2DwoKUlBQkDIyMrR//379+OOP2rNnj+Li4izOz8rK0sqVK7Vz50598cUXqlGjxh92VgAAAAAAAAD32Jf2AQAAAAAAAADgf139+vXVr18/Q+3gwYOKiooqlfM0aNBAQ4YM0YoVK3TgwAEtWbJEYWFhql69utnc7OxsTZkyRQcOHLBpDx8fH3311VeaOXOmoZ6cnKy33nqrRLsv3/fkk08axunp6dq7d2+J72vJuXPndPDgQUMtICBAK1assCpkLt27FyXJzc1N9vbG/1ZIS0srsf1cXFzMataGxh90/0GGwljqml3U95eammoYOzo6Wt1ZvaTkDZqX5L0riIuLi9q3b6/Jkydr69atio6O1rRp09SlSxeLYfzLly8rPDy8wC7oAAAAAAAAAEoGQXMAAAAAAAAAeAQMHz5clSpVMtRmzZqlhISEUjrRPW5ubmrfvr0mTpyo6OhoffHFF2ratKlhTk5Ojt5//32r12zQoIHWrFmjxo0bq1OnTurbt6/h9QMHDmjRokXFcfwCdezY0awWGRlZInvNnz9f586dy/f1LVu2mNXGjx9vsat3fpKSkop0NmvZ2dnJw8PDULt+/XqJ7WcpdGxtaPxBV69etWpe3vcmqcg/f4mJiYZxuXLlirROcfLy8jKMS/Le2aJ69erq06ePFixYoJiYGE2cONEs9H/27FmtXr26lE4IAAAAAAAA/O8iaA4AAAAAAAAAjwB3d3eNHz/eULt586amT59eSieyrFWrVoqMjNSzzz5rqP/yyy+KjY0t9Hpvb2+tWrVKVapUMdXGjRsnPz8/w7yFCxfq559/LpYz56dz585mYeZdu3YpLi6uWPeJjo7WwoUL9fzzz2vcuHG6ePGi2ZxLly4Zxl5eXgoMDLRpn2PHjj3UOa3h7+9vGJ89e7bE9nrwO3Jf3s/JGsePH7dqXt7voCSdP3/e5v0kmf0s1KtXr0jrFKe89+7GjRsl/nCCrVxdXRUWFqaoqCh5e3sbXvv+++9L6VQAAAAAAADA/y6C5gAAAAAAAADwiHjuuecUFBRkqG3ZskXR0dGldCLL7O3t9fbbb8vOzs5QtyZ0XLZsWbm5uRlqZcqU0UcffSQXFxdTLTs7W2PGjNHvv/9ePIe2wM3NTSEhIYZadna2Jk+eXGx73Lp1y/SwQHZ2ttatW6fevXvr9u3bhnl5O2dXrVrV7PMtSHx8vP75z38+/IEL0ahRI8P43LlzJdYZu1q1anJ0dDTUbA1+X7t2zeowfI0aNVShQgVD7dChQzbtJ92753m71+f93EqDpTPs37+/FE5SuJo1a+rVV1811EryoQYAAAAAAAAAlhE0BwAAAAAAAIBHyOTJk+Xk5GSoTZs2TampqcW+V25urmJjY4vUwdvHx8es43BmZmaRz1KvXj2NGzfOULt69aomTJhQ5DWtMWjQIJUrV85Q279/v1auXPnQa+fm5mrChAm6evWq2Z5ly5Y11PKGyp2dnW3aa/ny5crNzS3aQW3QqlUrwzgnJ6dInabj4uJ07NixAs/s6Oio2rVrG2r79++36X1GRUUpJyfH6vktWrQwjHft2mXzz97WrVt19+5dQ83W7vQloWnTpmbfu40bN9q8zu3bt7Vr1y6rft4zMjJ07NgxswcrrFG/fn3D+GF+vwAAAAAAAAAoGoLmAAAAAAAAAPAIqVOnjl5//XVD7V//+pfmzJlTbHucOHFC/fr1U2BgoJ599llNmjTJ5jWys7PNArg+Pj4Pda6XX35ZnTt3NtR++OEHrVix4qHWLUjFihU1ZswYs/qMGTP0zTffFHnd3NxczZgxQ1u3bjXUmzVrpldeecVsvpeXl2F88eJFq/c6cOCA1qxZY/G19PR0q9eR7t3XggQFBemxxx4z1JYvX27zPh988IFCQkLUpk0bjR8/XseOHbM4r23btobxjRs3FBMTY9UeiYmJ+vLLL206V94O9xkZGVq9erXV1+fk5GjVqlWGWqVKldSuXTubzlES3N3d1a1bN0Ntx44dOnHihE3rrF69WoMHD9aTTz6p8PBwiw8aLF26VMHBwXriiScUEhKizZs323zevH/N4GF/vwAAAAAAAACwHUFzAAAAAAAAAHjEhIeHq1q1aoZaZGSkDh8+XCzrV6tWTYcPHzYFxQ8ePGhzV+rNmzcbOgw7OzvL39//oc82Y8YMValSxVD74IMPdPr06YdeOz8vvfSSunfvbqjl5ORo/PjxWrx4sbKysmxaLzU1VSNGjDALyHt7e2vu3LlmHeslqWHDhoZxYmKiDh48WOhex48f15tvvqmcnBy1bNnS7PXr16/ne22ZMmXMajdu3ChwPzs7O4WGhhpqCQkJmjhxotWdxlevXq3o6GjTfmvXrtWdO3cszn3mmWfMavPnzzfrGJ5XVlaWJkyYoJSUFNnbW/9fIa1bt1adOnUMtU8++UTx8fFWXf/ll1/q5MmThlqfPn3k6Oho9RlKUr9+/Qzd83Nzc/V///d/SklJser6U6dOad68eZLudTbfsWOHzp8/bzbP2dlZv/32m+nBhXnz5ikpKcmms27YsMEwbtq0qU3XAwAAAAAAAHh4BM0BAAAAAAAA4BFTtmxZTZgwwVDLzc3V22+/nW8g1xbe3t4KDg421MaOHasVK1YUGuCVpF27dumdd94x1Dp37qxy5co99Nk8PT01e/ZsQzj4zp07GjlypM1ds20xc+ZMPfXUU4ZaTk6O5s6dq7/85S/atWtXoUHqzMxMff311+rWrZtZB2cvLy99/vnnZiH6+9q1a2cIAEvS5MmTlZCQYHH+3bt3tXz5coWFhSklJUUtWrTQ0KFDzeZt37493/N6e3ub1Xbt2pXv/Pv69eunxo0bG2rff/+9hg8fXmCYOCMjQ3PnztWUKVMM9Q4dOqhFixYWrwkMDFSzZs0MtWPHjmns2LH5fh8SEhI0dOhQ03t54YUXCn1P99nZ2WnatGmG7196err69eun48eP53tdVlaWli1bpvfff99Qr1OnjgYOHGj1/iUtICDArKP++fPn1b9//0If5ti4caPCwsIMn3ulSpX06quvms3t0aOHPDw8TOOrV6+qf//+VnVPz8zM1Lvvvqvdu3cb6j179iz0WgAAAAAAAADF69FooQEAAAAAAAAAMOjUqZPat2+vnTt3mmpnz57V0qVLNWzYsIdef/To0dq9e7cpGHznzh1Nnz5dS5Ys0dNPPy1/f3/5+vqqTJkySktLU3Jysq5cuaI9e/bol19+MaxVvnx5jR079qHPdF+LFi0UHh6uiIgIU+38+fOaPn26Zs6cWWz7PKhMmTJatGiRpk6dqqioKMNrZ8+e1eDBg1WlShW1adNG/v7+qly5ssqUKaNbt24pISFBR48e1d69ey12hq5bt64WLFigunXr5rt/7dq11bFjR1Onb0m6cOGCgoODFRISosaNG8vR0VEJCQn69ddftWXLFlP3cTc3N7377rtyc3MzW3fu3LnKyMhQw4YNlZmZqWeffdb0mr+/vxwcHExdpyVp+vTpunTpkho1aqTc3FxdvnxZTzzxhCFY7ujoqNmzZ+ull15ScnKyqb5t2zbFxMSoU6dOCgwMlI+Pj+zs7JSYmKgTJ05o27ZtZkH0ypUra8aMGfl+LpI0ZswY9e/fXzk5Oabat99+q59++kndunVTQECAPDw8lJycrJ9//lmbNm0ydesPCwuTv7+/1qxZU+AeD2rRooUGDx6sxYsXm2rXrl1TSEiI2rZtqzZt2qhatWpydnZWcnKyTp06pejoaF2+fNmwjqurq+bMmSMXFxer9/4jjB49WocPHzYE58+cOaNevXopKChI7dq1U+XKleXi4qLff/9dZ86cUXR0tFnncicnJ82ZM8fi987Ly0tvvfWWJk2aZKqdPXtWvXv3VpMmTRQUFKTatWvLw8ND9vb2SklJUXJyss6cOaPt27cbvleS1LVrV7Vt27aYPwkAAAAAAAAAhbHLtfZvWQIAAAAAAAAALOrYsaMhZBoUFKTPP//8ode9ePGigoODlZGRYao5OTlp/fr1+YaWx40bp3Xr1pnGLVu21FdffWVx7qlTpzRo0CBTYLkoKlSooKVLl+pPf/qTxdcXLFigTz75xDSuVq1agV2278vOzlZoaKiOHDliqH/44Yd6/vnni3xea2zatEnvvvtuvt3EreXo6Kg+ffpozJgxcnV1LXT+tWvX1LNnT5vuh6urqxYtWqRWrVpJkl5++WUdPnzY4tyKFSsqJibGUBs+fLi2bt1a4B4zZ85Ur169zOpxcXEaOHCg4uPjrT7vg2rXrq2lS5fqscceK3TuypUrNW3aNJvW79Kli+bOnasNGzZo/Pjxhteio6NVvXr1Aq9fuHCh5s+fb9Oe9/n6+mrJkiXy9/cvcN7atWuLdLYH9e/fXwcPHjSNe/bsadZZPa/09HSNGDHCqg72lri5uWnu3Ll6+umnC5y3cOFCLViwoNC/BlCQDh066OOPP37kAvsAAAAAAADA/wL7wqcAAAAAAAAAAEpDjRo1NHjwYEMtKytLkyZNeqjg5n0BAQHauHGjevToIScnJ5uudXJyUp8+fbRhw4Z8Q+YPw8HBQXPmzFH58uUN9SlTphQ52Gytbt26adu2bRo/frxVIei83N3d1bt3b33//feaPHmyVSFz6V44OTIyUn5+flbNb968uaKiokwhc+negwa2BHInTpyoqlWrWj3/QTVr1tTatWsVHh5u9XuU7oWUw8PDtW7dOqs/39DQUM2ZM0fe3t6FznV1ddXo0aM1b948OTpa/sOudnZ2ha7z17/+VZ9++qkaNWpk1Rmle53xw8LCtG7dukJD5qXp/gMKM2bMsOn+Ozg4qHv37vruu+8KDZlL//4MGzZsaPMZfX19NWPGDEVERBAyBwAAAAAAAEqJ5X9hBQAAAAAAAAA8EgYNGqQNGzYoNjbWVDt8+LBWrVql0NDQh16/QoUKmjVrlsaMGaOdO3fqp59+0oULF3T16lWlpaUpMzNTZcqUkbu7u3x9fVW/fn01b95cnTt3NguBF7dq1app2rRpGjFihKmWlpamkSNHKjIyUs7OziW2d9myZTVgwAANGDBAx48f1/79+3XixAnFxsbq+vXrSk9PV05Ojtzd3eXu7q7q1asrICBAzZo1U9u2bYscjK1Zs6bWr1+vzZs3a9u2bTp+/LiSkpJ0584dubu7q1q1amrSpIm6d++uwMBAs+ubNGmiyMhILVy4UIcOHdKtW7dUtmxZ+fr6WpxfuXJlRUVFadmyZdqxY4euXLmi7Oxsubm5qUqVKvL39y8wJFyuXDmNHDlSAwYM0O7du7V371798ssvSkpKUkpKihwcHOTu7i4fHx81bNhQLVu2VJcuXWwKpt8XHBystm3bavPmzYqOjtaFCxeUmJiou3fvysPDQ35+fmrTpo169uxpCKRnZWWZrWXt/m3atFGbNm30888/a8+ePfrpp5909epVpaSk6M6dO/L09JSXl5f8/PwUFBSk9u3bq2LFija/t9Lg4OCgF198UT169NC+ffsUExOjI0eOKDExUcnJybp7967c3d3l6emp+vXrq1mzZurWrZt8fX1t2qd169Zat26djh07pt27d+vkyZOKj49XYmKi6efI1dVV5cuXV61atdSgQQO1a9dOLVu2lL09/ZIAAAAAAACA0mSXWxxtbwAAAAAAAAAAAB5By5Yt04cffmga29nZ6dSpU3JwcCjFUwEAAAAAAADAo49WEAAAAAAAAAAA4L/WxYsXDWMvLy9C5gAAAAAAAABgBYLmAAAAAAAAAADgv9aRI0cM48aNG5fSSQAAAAAAAADgP4tjaR8AAAAAAAAAAADAkuTkZK1cuVLx8fGKj49XXFycRo0apRdffNGq60+cOKEzZ84Yas2bNy+JowIAAAAAAADAfx273Nzc3NI+BAAAAAAAAAAAQF5ZWVlq3bq1bt68aarVqlVL33zzjcqWLVvgtXfv3lW/fv0MHc2dnJy0Y8cO+fj4lNiZAQAAAAAAAOC/hX1pHwAAAAAAAAAAAMASJycn9e3b11CLjY1VeHi4rl27lu91KSkpGjZsmCFkLkm9evUiZA4AAAAAAAAAVqKjOQAAAAAAAAAAeGSlpaXpxRdf1Llz5wx1R0dHderUSc2aNVPlypXl4uKihIQEHT16VJs2bVJaWpphfu3atRUVFSV3d/c/8vgAAAAAAAAA8B+LoDkAAAAAAAAAAHikXbx4UQMHDlRsbGyRrq9Xr54iIiL02GOPFe/BAAAAAAAAAOC/mH1pHwAAAAAAAAAAAKAgNWrU0Jo1a9S/f385OTlZfZ2rq6teeeUVrV69mpA5AAAAAAAAANiIjuYAAAAAAAAAAOA/RlJSkrZt26aDBw/qzJkzun79utLS0mRvb6/y5cvLy8tLAQEBat68uTp37ixPT8/SPjIAAAAAAAAA/EciaA4AAAAAAAAAAAAAAAAAAAAAMLAv7QMAAAAAAAAAAAAAAAAAAAAAAB4tBM0BAAAAAAAAAAAAAAAAAAAAAAYEzQEAAAAAAAAAAAAAAAAAAAAABgTNAQAAAAAAAAAAAAAAAAAAAAAGBM0BAAAAAAAAAAAAAAAAAAAAAAYEzQEAAAAAAAAAAAAAAAAAAAAABgTNAQAAAAAAAAAAAAAAAAAAAAAGBM0BAAAAAAAAAAAAAAAAAAAAAAYEzQEAAAAAAAAAAAAAAAAAAAAABgTNAQAAAAAAAAAAAAAAAAAAAAAGBM0BAAAAAAAAAAAAAAAAAAAAAAYEzQEAAAAAAAAAAAAAAAAAAAAABgTNAQAAAAAAAAAAAAAAAAAAAAAGBM0BAAAAAAAAAAAAAAAAAAAAAAYEzQEAAAAAAAAAAAAAAAAAAAAABgTNAQAAAAAAAAAAAAAAAAAAAAAGBM0BAAAAAAAAAAAAAAAAAAAAAAYEzQEAAAAAAAAAAAAAAAAAAAAABgTNAQAAAAAAAAAAAAAAAAAAAAAGBM0BAAAAAAAAAAAAAAAAAAAAAAYEzQEAAAAAAAAAAAAAAAAAAAAABgTNAQAAAAAAAAAAAAAAAAAAAAAGBM0BAAAAAAAAAAAAAAAAAAAAAAYEzQEAAAAAAAAAAAAAAAAAAAAABgTNAQAAAAAAAAAAAAAAAAAAAAAGBM0BAAAAAAAAAAAAAAAAAAAAAAYEzQEAAAAAAAAAAAAAAAAAAAAABgTNAQAAAAAAAAAAAAAAAAAAAAAGBM0BAAAAAAAAAAAAAAAAAAAAAAb/D3fYnp7UW2GZAAAAAElFTkSuQmCC\" style=\"max-width: 100%; height: auto;\" alt=\"Risk Assessment\">\n</div>\n\n<div style=\"margin-top: 50px; padding-top: 20px; border-top: 2px solid #ecf0f1; text-align: center; color: #7f8c8d; font-size: 12px;\">\n    <p>This document was generated through AI-assisted collaboration and team consensus.</p>\n    <p>Please review and provide feedback before final approval.</p>\n</div>\n\n</body>\n</html>",
  "preview": ""
}
Test Result: PASSED
✅ Risk document correctly contains embedded bar chart

Test 8: Testing end-to-end document quality

================================================================================
Testing: Get Document 41b85f90-c307-409d-9f28-7078b059d5d1 for Quality Check (GET https://a985bc5b-b2e4-4dfa-b7b1-059accd4e9ea.preview.emergentagent.com/api/documents/41b85f90-c307-409d-9f28-7078b059d5d1)
Status Code: 200
Response Headers: {
  "Date": "Mon, 16 Jun 2025 22:14:44 GMT",
  "Content-Type": "application/json",
  "Content-Length": "184046",
  "Connection": "keep-alive",
  "Strict-Transport-Security": "max-age=15724800; includeSubDomains"
}
Response: {
  "id": "41b85f90-c307-409d-9f28-7078b059d5d1",
  "metadata": {
    "id": "2a781968-8be5-4585-ac7a-698be8322c1e",
    "title": "Q3 Budget Allocation Plan",
    "filename": "Q3_Budget_Allocation_Plan_20250616.md",
    "authors": [
      "Mark Castellano",
      "Alex Chen"
    ],
    "category": "Budget",
    "status": "Draft",
    "description": "Budget allocation for Q3 with detailed breakdown",
    "keywords": [
      "budget",
      "finance",
      "allocation",
      "Q3"
    ],
    "created_at": "2025-06-16T22:14:42.930000",
    "updated_at": "2025-06-16T22:14:42.930000",
    "simulation_id": "",
    "conversation_round": 0,
    "scenario_name": "",
    "user_id": "test-user-123"
  },
  "content": "<!DOCTYPE html>\n<html>\n<head>\n    <meta charset=\"UTF-8\">\n    <title>Q3 Budget Allocation Plan</title>\n    <style>\n        body {\n            font-family: 'Segoe UI', Tahoma, Geneva, Verdana, sans-serif;\n            line-height: 1.6;\n            max-width: 800px;\n            margin: 0 auto;\n            padding: 40px;\n            background-color: #ffffff;\n            color: #333333;\n        }\n        .header {\n            border-bottom: 3px solid #2c3e50;\n            padding-bottom: 20px;\n            margin-bottom: 30px;\n        }\n        .title {\n            font-size: 28px;\n            font-weight: bold;\n            color: #2c3e50;\n            margin-bottom: 10px;\n        }\n        .subtitle {\n            font-size: 16px;\n            color: #7f8c8d;\n            font-style: italic;\n        }\n        .meta-info {\n            background-color: #f8f9fa;\n            padding: 15px;\n            border-left: 4px solid #3498db;\n            margin: 20px 0;\n        }\n        .section-header {\n            font-size: 20px;\n            font-weight: bold;\n            color: #2c3e50;\n            margin-top: 30px;\n            margin-bottom: 15px;\n            border-bottom: 2px solid #ecf0f1;\n            padding-bottom: 5px;\n        }\n        .subsection {\n            font-size: 16px;\n            font-weight: 600;\n            color: #34495e;\n            margin-top: 20px;\n            margin-bottom: 10px;\n        }\n        .chart-container {\n            text-align: center;\n            margin: 30px 0;\n            padding: 20px;\n            background-color: #f8f9fa;\n            border-radius: 8px;\n        }\n        .chart-title {\n            font-size: 16px;\n            font-weight: bold;\n            margin-bottom: 15px;\n            color: #2c3e50;\n        }\n        .highlight {\n            background-color: #fff3cd;\n            padding: 2px 4px;\n            border-radius: 3px;\n        }\n        .important {\n            font-weight: bold;\n            color: #e74c3c;\n        }\n        .note {\n            background-color: #e8f4f8;\n            padding: 10px;\n            border-left: 4px solid #3498db;\n            margin: 15px 0;\n            font-style: italic;\n        }\n        ul, ol {\n            margin: 15px 0;\n            padding-left: 25px;\n        }\n        li {\n            margin-bottom: 5px;\n        }\n        table {\n            width: 100%;\n            border-collapse: collapse;\n            margin: 20px 0;\n        }\n        th, td {\n            border: 1px solid #ddd;\n            padding: 12px;\n            text-align: left;\n        }\n        th {\n            background-color: #f2f2f2;\n            font-weight: bold;\n        }\n    </style>\n</head>\n<body>\n\n<div class=\"header\">\n    <div class=\"title\">Q3 Budget Allocation Plan</div>\n    <div class=\"subtitle\">Budget Document</div>\n</div>\n\n<div class=\"meta-info\">\n    <strong>Authors:</strong> Mark Castellano, Alex Chen<br>\n    <strong>Date:</strong> June 16, 2025<br>\n    <strong>Document Type:</strong> Budget<br>\n    <strong>Status:</strong> <span class=\"highlight\">Draft for Review</span>\n</div>\n<p># Q3 <strong>budget</strong> Allocation Plan</p>\n\n<p>## Executive Summary</p>\n<p>This document outlines our <strong>budget</strong> allocation for Q3 2023.</p>\n\n<p>## <strong>budget</strong> Breakdown</p>\n<ul>\n<li>Development: 40%</li>\n<ul>\n<li>Marketing: 30%</li>\n<ul>\n<li>Operations: 20%</li>\n<ul>\n<li>Contingency: 10%</li>\n</ul>\n\n<p>## Justification</p>\n<p>The allocation prioritizes development to complete our new product features while maintaining adequate marketing spend to promote the <strong>launch</strong>.</p>\n\n<p>## <strong>approval</strong></p>\n<p>This <strong>budget</strong> has been approved by the management team.</p>\n\n\n<div class=\"chart-container\">\n    <div class=\"chart-title\">Budget Allocation</div>\n    <img src=\"data:image/png;base64,iVBORw0KGgoAAAANSUhEUgAACKsAAAbpCAYAAACCaxMBAAAAOnRFWHRTb2Z0d2FyZQBNYXRwbG90bGliIHZlcnNpb24zLjEwLjMsIGh0dHBzOi8vbWF0cGxvdGxpYi5vcmcvZiW1igAAAAlwSFlzAAAuIwAALiMBeKU/dgABAABJREFUeJzs3XeYVdXZN+BnGkPvVaqKIEaw9469l0hsEVui5ovGaNRoYkxioiZ2gz226ItRiaIoKipiwVcFFQtIl947TGH69wdxXoYy50zhDOW+r4uL2Xs/a+3nzJw56JzfrJVWVlZWFgAAAAAAAAAAkALpdd0AAAAAAAAAAADbDmEVAAAAAAAAAABSRlgFAAAAAAAAAICUEVYBAAAAAAAAACBlhFUAAAAAAAAAAEgZYRUAAAAAAAAAAFJGWAUAAAAAAAAAgJQRVgEAAAAAAAAAIGWEVQAAAAAAAAAASBlhFQAAAAAAAAAAUkZYBQAAAAAAAACAlBFWAQAAAAAAAAAgZYRVAAAAAAAAAABIGWEVAAAAAAAAAABSRlgFAAAAAAAAAICUEVYBAAAAAAAAACBlhFUAAAAAAAAAAEgZYRUAAAAAAAAAAFJGWAUAAAAAAAAAgJQRVgEAAAAAAAAAIGWEVQAAAAAAAAAASBlhFQAAAAAAAAAAUkZYBQAAAAAAAACAlBFWAQAAAAAAAAAgZYRVAAAAAAAAAABIGWEVAAAAAAAAAABSRlgFAAAAAAAAAICUEVYBAAAAAAAAACBlhFUAAAAAAAAAAEiZzLpuAAAAgC3LZ599Fv37909YN3HixBR0A7Wnb9++MWfOnEprnnnmmdhvv/0qrXn55ZfjxhtvrLRm3333jWeffbbKPcK6aut5CwAAAKlkZRUAAAAAAAAAAFLGyioAAECdGDBgQDzwwAO1OmdaWlo0aNAgGjVqFA0bNoxmzZrFDjvsEDvssEPsuOOOsd9++0WTJk1q9Z5AzfzrX/+K2267Len6p59+Og444IBN2BEAAAAAm5qwCgAAsNUoKyuLvLy8yMvLKz/3zTfflH+clZUV++67bxxzzDFx+umnR3Z2dl20Cazl1VdfrVL9kCFDhFUAAAAAtnC2AQIAALYZRUVF8fHHH8cf//jHOPbYY2PQoEFRUlJS121Bjbz66qvRs2fP9f4MGDCgrltLaOrUqTFu3LgqjXn77bdj9erVm6gjSI3PP/98g9+3N9xwQ123BgAAACkhrAIAAGyT5s2bFzfddFNceOGFsXTp0rpuB6rt3XffresWqq2qq6pEROTk5MTw4cM3QTeQOlvy9y0AAADUBtsAAQAA27RRo0bF+eefHwMHDozmzZvXdTtQJatXr46PPvqortuolrKysnjttdeqNXbIkCFx4okn1nJHkDrvvPNOrc115513RkFBQaU1O++8c63dDwAAAGqDsAoAALDNmzJlSvz2t7+NRx99tK5bgSoZOXJk5Ofn13Ub1TJq1KiYO3dutcaOHDkylixZEq1atarlrmDTmzBhQsyePbvW5ttrr71qbS4AAABIFdsAAQAARMT7779vWwa2OFvyc7Y6WwD9oLi4OIYOHVqL3UDq1OaqKgAAALClsrIKAACwWRs9enQ0bdo0qdqioqLIzc2NuXPnxoQJE+Ldd9+NESNGRGlpaVLjn3zyyTjqqKNq0i6kTHFxcYwYMaKu26iWgoKCGDZsWKU1++67b4waNWqj14cMGRL9+/ev7dZgkxNWAQAAACurAAAAW5GsrKxo3rx57LLLLnHGGWfEQw89FK+88kp069YtqfFffvllLFmyZNM2CbVk9OjRsXz58rpuo1qGDx8eOTk5G72elZUV1113XaVzfPvtt/H999/XdmuwSc2aNSsmTpxY120AAABAnRNWAQAAtmo9e/aMf/3rX9GwYcOEtWVlZfHNN9+koCuoua15C6C99947+vTpEx07dqzRPLC5saoKAAAArGEbIAAAYKvXvn37OPvss+PJJ59MWDtr1qwUdLR5WLp0aXz33Xcxc+bMyMnJibKysmjcuHF06tQpdt5552jXrl1dtxjTpk2LKVOmxLx58yI3NzcyMzOjWbNmscMOO0SvXr2iUaNGdd1iudmzZ8fUqVNj2bJlsXz58sjLy4sGDRpE06ZNo2vXrrHTTjtFs2bNau1+W2pYZcmSJTFy5MhKa37Yjqtv377x7LPPbrTutddei1//+teRlpZWqz1uqebPnx/Tpk2LuXPnxqpVqyI/Pz/S0tKifv360bRp0+jQoUN07do1tttuuzrpb+HChTF16tSYM2dOrFy5MlavXh0NGzaMZs2aRfPmzaN79+7RuXPnlPWzbNmyGD9+fCxZsiRWrVpVvtpPs2bNokmTJtGpU6fo1atXZGVl1do9t5awSmFhYUyZMiVmz54dixYtiry8vCgsLIzs7Oxo0KBBtG3bNrbbbrvo3r17ZGdn13W7FcyaNSvGjRsXCxcujNzc3PJV2bp16xa9e/fe7PoFAADYWgmrAAAA24QDDzwwqbBKbm5uUvOdf/75MWrUqEprbr/99jjjjDOSmm9tPXv2TFjzzDPPxH777VfluYuKimLIkCHxwgsvxDfffBNlZWUbre3Ro0ecfvrp8ZOf/CQaN25c5XtV14IFC2LgwIExZMiQmDdv3kbr6tWrFwceeGCcd955ceihh1a4tnjx4jjooIMqvc/pp58ef/vb36rdZ15eXrz99tvx3nvvxZgxY2LhwoWV1qenp0evXr3ipJNOijPOOCOaN2+e9L2SeU6s64EHHogHHnhgg9eGDx8enTp1qvKctWHo0KFRXFxcac2RRx4ZERFHH310pWGVOXPmxBdffBF77713rfa4pSgpKYkPP/ww3nrrrfjkk09iwYIFSY1r06ZN7LvvvnHsscfGEUccEfXq1dtkPX7++ecxdOjQ+OCDD2LOnDkJ6zt06BD77rtvnHHGGbH//vvXai9lZWUxevToGDx4cIwaNSpmz56dcEx2dnbssssucfLJJ8epp55apdfCvn37JvWY1zZ48OAYPHjwBq9t7HU/mftU99+Mtc2ZMyfeeOONGD58eIwdOzaKiooSjsnKyoqePXvGEUccESeeeGJsv/32Nerh3HPPjS+++GKj19u0abPBMFxOTk48++yzMXjw4JgxY8ZGx9erVy/69u0bl19+efTq1atGvQIAAFA5YRUAAGCb0L59+6Tq6tevv4k7qTtffPFF3HTTTfH9998nVT9p0qT4+9//Hk888UTcfPPNceyxx27S/srKyuLxxx+PBx98MPLz8xPWFxYWxvvvvx/vv/9+7LvvvnHbbbeVr8pQWcilpgoLC+OJJ56Ip556KlasWJH0uNLS0hg3blyMGzcuHnjggbjsssvi4osvrtVVG7YEibbu6dOnT3To0CEi1mwH1KpVq1iyZEml821rYZWSkpJ44YUX4vHHH69yGCIiYtGiRTF06NAYOnRotGnTJi688MLo379/rYZWPvnkk7jrrrti7NixVRo3b968ePXVV+PVV1+Nnj17xq9+9avylXZq4p133ok777yz0qDChhQUFMSYMWNizJgxcffdd8fFF18cl19+eWRmbjs/Ups6dWo88MADMWzYsCgpKanS2KKiohg7dmyMHTs2HnjggTj88MPjyiuvjB/96EfV6iUjI6PS64sWLYqioqIKr6tvv/12/PGPf4ylS5cmnL+wsDDeeuuteOedd+Lcc8+Na6+9dqv+7wIAAIC6lF7XDQAAAKRCstuEtGjRYhN3UjdefPHF6N+/f9JBlbUtXrw4fvWrX8VDDz20CTpbo6CgIH7xi1/EXXfdlVRQZV2jRo2Kfv36lb8xnsybktUxfvz4OOWUU+K+++6rUlBlXbm5uXHPPffE2WefXa2wwZZq6tSpCcMLxxxzTPnHGRkZFY435K233orCwsJa6W9LMH78+DjttNPiz3/+c608dxYtWhR33nlnnHTSSZWuWJGsvLy8uP766+PCCy+sclBlXRMnToxf/vKXcd1118XKlSurNUdOTk784he/iCuuuKLKQZV15ebmxoABA+K8887bpIG4zUVxcXHce++9ceqpp8Ybb7xR5aDKusrKymLEiBFx5plnxl//+tdN9n279gppDz/8cFx55ZVV/jehpKQknn322bj88stj9erVtd0iAAAAIawCAABsI5J9Y3FrXPb/P//5T9x8880Jt15J5P77748XXnihlrr6P6WlpfGrX/0qRowYUaN5li1bFpdeemksWLBgk7y5+P7778c555wT06ZNq7U5x44dG+ecc061QkRboiFDhiSsOf744ys9XtfKlStr/NzZUrz22mtx1llnxaRJk2p97hkzZkT//v1r9D2+ZMmSOPvssxOunlNVQ4YMifPOO6/KgYPly5fHBRdcEO+9916t9vPVV1/FJZdcEsuXL6/VeTcnK1eujAsvvDAeeeSRpLb7qYrS0tJ49tln45xzztkkwcKCgoKIiHjuuefivvvuq9Fcn3zySVx77bW10BUAAADrElYBAAC2CR9++GHCmlatWsVOO+2Ugm5S57vvvos//elPUVZWVivz/eUvf4mZM2fWylw/eOSRR+L999+vlbmWLFkSv/vd72q8AsC6Pv3007jyyiurtepLIgsWLIhLL700li1bVutzb07Kysritddeq7Rm9913j06dOlU4t88++0SbNm0qHVfb4YjN0csvvxzXX399+Rvxm0JxcXHcfPPN8fzzz1d5bE5OTlxwwQUxceLETdDZmm3JLrjggqRXWCkrK4srr7yyxqu7bMzUqVPjyiuv3CRz17VVq1bFBRdcEKNHj96k9xk7dmz079+/RqtUbUhZWVmMHz8+brvttlqZ75133ol33nmnVuYCAADg/wirAAAAW73Zs2fHoEGDEtb169cv0tO3rv9NuvXWW6v0W/HdunWLI444Ik455ZQ46KCDolGjRhWuFxUVxYABA2qtv/nz58djjz1WpTGNGjWKnXbaKXbZZZdo3rz5etdHjhwZ7777bi11uCZMcvXVVye9ZUXjxo2jR48e0bt37+jYsWNSY2bNmhV//OMfa9LmZm/06NEJt63Z0Coq6enpcdxxx1U67sMPP9yqV7kYNWpU3HzzzVFaWpr0mFatWkXPnj2jV69e0bp16yrd7y9/+UuVgwrXXXddTJ48OanajIyM6NixY/Tu3Tt22GGHyMrKSmrcpEmT4tZbb02q9plnnolRo0YlVZuVlRU77rhj7LbbbtG9e/ek+xk1alS89dZbSdVuKUpLS+Pqq6+O7777Lukx2dnZ0blz5+jdu3d06dIlsrOzkx47efLkuOaaa6r03E6ktLQ0brzxxlpdEeaOO+6otdAnAAAAa2TWdQMAAACb0sSJE5NaEaNFixZxwQUXpKir1Hj33Xfj888/T6p2r732iptvvjl23nnnCucLCwtjyJAhcc8998SSJUsiYk14o7bcfffdSa9W0rt37/jVr34VBx10UGRkZETEmt+g/+qrr+LBBx+Mjz76qLx26NChtdbjrbfemtRWFcccc0xcfPHFsdtuu1UIPS1evDhefvnleOyxx2LVqlUbHT9s2LD44IMP4rDDDlvv2lNPPVXh+JVXXkm4msipp54ap5122gavJVqpZFNI1G96evpGt/w54YQT4tlnn93o2KKionjjjTfi3HPPrVGPm6OcnJy47rrrknrjvWHDhvGzn/0sTjrppOjatWuFa9OnT49XX301nnjiiYSrsxQXF8dvf/vbGDp0aDRo0CDhfV999dWkttpp0KBB/PKXv4wf//jH0bJly/Lz+fn58fbbb8e9996bcMu2V155JY477rg44ogjNlqTn58fDz30UMJ+srOz47rrroszzjijQjAvNzc3Bg4cGPfdd1/CVZruu+++jYap7rzzzgqf65EjR8YTTzxR6XwHH3xwXHLJJRu8tu7r86bw9NNPV3gtrcy+++4bF110URx00EEVAioFBQUxcuTIeOyxx+Krr75KOM/IkSPj+eefr7Xv36FDh8b48eMrnGvSpEkcdNBBsd1220VRUVFMnz49Pv3006QDLTNnzowvv/wy9tprr1rpEQAAAGEVAABgK1JcXBx5eXkxf/78GD9+fAwfPjyGDx8excXFlY5LT0+PW265pcKbp1uDRx99NKm64447Lu69994NripTr169OPPMM2O//faL888/P+EbyVWxaNGieP3115OqPeOMM+Ivf/lLZGZW/N/YtLS02GOPPeLxxx+PBx98MP7xj3/UWn8REV988UUMGzYsYd3vf//76N+//wavtW7dOi699NI49thj46KLLqp0dZH7779/g2GVAw88cL2+EuncufN64+pKQUFBws/j3nvvHe3atdvgtT322CO22267mDt37kbHDxkyZKsMq/zjH/+I+fPnJ6zr2bNnPPbYY9G+ffsNXu/WrVtcddVVceqpp8bFF1+ccJWbOXPmxBNPPBFXXHFFpXWFhYVxzz33JOyvWbNm8T//8z/Ro0eP9a41aNAgTj311Dj00EPjpz/9aUyZMqXSuQYMGFBpWOW1115LaqWd2267LU466aT1zjdq1CguvfTSaNy4cfz5z3+udI5p06bFxIkTo2fPnutdWzfYkMzXsU2bNnX2fbtw4cKkXkPT0tLid7/73UZf87Kzs+PII4+MI444IgYMGJBUcOjee++NU045JRo3blzlvte19r99WVlZceWVV8YFF1wQ9evXr1C3aNGi+MMf/hAjRoxIat4333xTWAUAAKAWbV3rWwMAAFudffbZJ3r27JnUnx/96Eexzz77xMknnxzXX399DBs2LGFQJSMjI2655ZY45phjUvSIUmPOnDnxzTffJKzr3Llz/O1vf0u4/VHnzp3j/vvvj7S0tNpqMYYNG5bU1g977LFH3HLLLesFVdb1y1/+Mk4//fTaai8iIh5//PGENf369dvom7Zr69q1azzwwAOVfq7HjRsXX375ZZV63BIMHz680lVlIja8BdAP0tLSEm4FNGbMmJg5c2a1+ttcLVy4MJ5//vmEdZ06dYqnn356o0GVtXXr1i2eeuqppEIBzz77bMKVjwYPHpxUCOO2227bYFBlbS1atIh//OMfCbfhGTduXKVb/CSzNU/37t03GFRZ2znnnBNdunRJONcHH3yQsGZL8NhjjyW10tX111+f1Gteenp6XHXVVUmFyFauXBnPPfdcUn0m8sNrTVZWVjz22GNx2WWXrRdUiVgTDHrooYcqDT6t7euvv66V/gAAAFhDWAUAANhmbb/99jFw4MDo169fXbdS65JZDSQi4vLLL09qm4+IiN12261WwyBvvvlmUnXXX399wjev165t2rRpTdoqt3jx4nj//fcrrcnKyopf/epXSc+5yy67xNFHH11pzSuvvJL0fFuKIUOGVHo9MzMzYRjlhBNOqPF9tjSDBg1KuGVPRMRNN91UpZWhunbtGpdffnnCuuXLl8fw4cMrrXnhhRcSzrP77rvHUUcdlVRvO+64Y6XBpR9sbKuv4uLiGDNmTMLxhx56aMKatLS0pPoeO3ZswprNXV5eXrz88ssJ63r37h0XXXRRleb+zW9+E61bt05Y99JLL1Vp3kRuvPHGhKvUpKenx6233prUv4OTJ09OKmAJAABAcmwDBAAAbFPq1asX++yzT/Tr1y+OPfbYhCuKbKk+/PDDhDUNGjSIU045pUrznnPOOUm9oZlIQUFBUm8o9+7dO/bcc8+k523ZsmWcfPLJMXDgwJq0FxER77zzTsI3Jvfaa69o27Ztlebt27dvpWGirWWVhh8sXbo0Pvroo0pr9t9//4Rhi969e0eXLl0qXT1lyJAhCbet2ZIkE77Zddddk14ZYm39+/ePhx56KPLy8iqte/vttze6AsmsWbNi3LhxCe91zjnnVKm3Y489NuFj//TTTzd4vqSkJB588MGE99h+++2T6mVD2/usa9myZUnNtTl77733Ijc3N2HdFVdcUeUVtho3bhznnXde3H///ZXWTZ8+PSZPnhw77bRTlebfkF122SXp512rVq3ilFNOSRi8ys/Pj4ULFya1ghEAAACJCasAAADbjPT09DjooIOiT58+0bBhwyguLo569erVdVubxMSJExPW7L///lV+/H369Ilu3brF9OnTq9nZGlOmTImSkpKEdX379q3y3KeddlqthFVGjx6dsKZPnz5VnvdHP/pRpdfnz58fs2bNis6dO1d57s3R0KFDE27HlcxKGhFrVld55JFHNnp9xowZMWbMmNhjjz2q1OPmaNasWUl9nyX7uVtXdnZ2HHrooQm3zPnqq682ei2ZUFxaWlocfPDBVept//33j3vuuSfhvKWlpesFDrOzsxOuplEVLVq0SFizdOnSWrtfXUnma9m0adNqf26POeaYhGGViDXPt9oIq/z0pz+tUhj1kEMOSWqVoFWrVgmrAAAA1BJhFQAAYJtRWloaI0aMiBEjRkRERMOGDaNv377x85//PHbeeec67q72LFmyJKk3T6uyYsna9ttvvxqHVSZNmpRU3T777FPluXv37h3NmzeP5cuXV3ns2pLZ2qMqW6/8oFmzZglrJk6cuNWEVRJta5SVlRXHHHNMUnMdf/zxlYZVIiJeffXVrSKs8sUXXyRVd8ghh1T7HgceeGDCsMqCBQti/vz5G3yD/ptvvkl4j27duiW1BczaGjduHCeeeGKVxmwq9evXT1iTn5+fgk42rWSeb9UJOP6ge/fu0aZNm1i0aFGldV999VWNt+ZLZluxdfXq1SupulWrVlWnJQAAADZg61zvGgAAIAl5eXnx+uuvx2mnnRa/+c1vIicnp65bqhWTJ09Oqq5r167Vmj+ZbTESmTp1alJ1O+ywQ5XnTktLq3H4qKSkJGbPnp2w7m9/+1v07NmzSn+SCRck+zXc3E2dOjVh6Ofggw+Opk2bJjXfzjvvHDvuuGOlNW+++WYUFRUl3ePmavz48QlrMjMzk97OZkOS/f7aWChlwoQJCcd269atKi1RB1atWpXU611NVzxJ5vmWTAAqkR49ekSjRo2qNGa77baLrKyshHVbw2sLAADA5sLKKgAAwDavrKwsXn/99Rg7dmw89thj1Q5xbC6S3ZKiU6dO1Zq/uuPWtmLFioQ1jRo1ilatWlVr/s6dO8enn35arbEREQsXLkxqm6JNZWsJqwwZMiRhzQknnFClOU844YQYMGDARq8vX748PvjggzjqqKOqNO/mZubMmQlrOnXqVKOtzJINuixcuHCD5+fMmZNwbG28XtSG/Pz8GDlyZHz99dcxZcqUmDZtWqxatSpyc3Nj9erVdd1enZo1a1ZSddUJD65t++23j88++6zSmo0916qiR48eVR6Tnp4ejRo1qvGKXAAAACRPWAUAANisjR49OulVFyLWbPWTl5cXy5Yti5kzZ8bXX38dH374YYwZMybh2OnTp8ell14aL774YlJbtWyukl0hpnHjxtWav0WLFtUat7ZkemzSpEm156/O9jxrq+s3LBNtlbElKCsri9dee63Smvr168eRRx5ZpXmPP/74SsMqEWtCMlt6WCWZN+2bN29eo3sk+9q6oXBZfn5+Ului1OT7uDZMnjw5HnrooRgxYsRWsV3PppBsQKSm/y4m83xbtWpVlJWVRVpaWrXvU90+GzRoUOev/QAAANsSYRUAAGCrkp6eHo0bN47GjRtH586d46CDDor/9//+X4wZMyZuuummmDJlSqXjp0+fHrfcckvcfffdKeq49uXm5iZV16BBg2rNn52dXa1xa0umx+r2F1HzHut6pYVkv4abs9GjRydceWP16tWx55571vq9R4wYEStXrqxS0G1zk5eXl7CmYcOGNbpHvXr1IjMzM4qLiyut21BYJZn+Imr2fVwThYWFceutt8agQYPqdJWkLUGyX8uaPt+SGV9SUhI5OTk1CjlVN4iZnm63dAAAgFTyf2EAAMA2YY899ohBgwZFnz59EtYOHTo0JkyYkIKuNo1kVw+o7vYhGRkZ1Rq3tsLCwoQ1WVlZ1Z6/pj3W9Zvbya6Oszl79dVX6+zehYWF8dZbb9XZ/WtDMt8jtREcS+Z1YEPhqWT6i6jZ93F1rVixIi666KJ4/vnn6/x7eUuQ7Neyfv36NbpPss/Xmob1arIqCwAAAKkjrAIAAGwzGjZsGPfcc0/CIENZWVkMHjw4RV3VvmTfUCwoKKjW/EVFRdUat7ZkVluoyeomyb75ujF18Qb72rb0sEpBQUEMGzasTnuoy7BMbUgmRFIbKwAl8zqwoe+HZFehqItViq655pr4/PPPU37fLVWywcWabqOU7Pi6fv0FAAAgNWwDBAAAbFN+2Broww8/rLTu448/TlFHFVU3QLK2Ro0aJVVX3TeRV65cWa1xa0umx5q8MVrTHpPduuS+++6L448/vkb32hoNHz48Vq1aVac9fPHFFzFnzpzo2LFjnfZRXcl8j9R0BYr8/PykVh7ZUC/Jfo+kOqzywgsvxMiRIxPWpaenx5FHHhknnHBC9OjRI5o2bRpNmzZdL+z32WefRf/+/TdVu5uFZP/NqOnzLdnxyfYDAADAls3KKgAAwDanR48eCWumTZsWZWVlNbpPdVYgWbFiRY3uGZH8G33VvdfixYurNW5tjRs3TlizfPnyKC4urtb8CxcurNa4H7Ru3Tqpury8vBrdZ2s1ZMiQum4hysrKNos+qqtdu3YJa5YvX16jeyQ7vn379uuda9q0aVIrcixbtqyqbVVbYWFhDBgwIGFddnZ2PPbYY/HAAw/ECSecEN27d4+2bdvWeJubLVUyz7WI1Dzfmjdvvs1+HQAAALY1wioAAMA2p1mzZglriouLaxwcqc7KIPPnz6/RPSMiWrZsmVTdjBkzqjX/tGnTqjVubW3btk1YU1RUFLNnz67W/FOnTq3WuB+0aNEiqTfilyxZUqP7bI2WLl0aH330UV23ERGbR2imurp06ZKwZvbs2TVauWTy5MlJ1XXu3HmD5zt06JBwbHVfZ6rj008/jUWLFiWsu/rqq+OQQw5Jas7aWElqc9epU6dIS0tLWDdlypQa3SeZ8Z06darRPQAAANhyCKsAAADbnGR/07+wsHCj17KyshKOr87qHmPHjq3ymHXtuOOOSdVVN3TyzTffVGvc2nbaaaek6iZOnFjluVesWBHff/99lcetLS0tLbp3756wrjaCO1uboUOHVntFnNr2/fffx7ffflvXbVTLLrvskrCmtLQ0Jk2aVO17JDt2Y71sbt8jX3zxRcKazMzMOOOMM5Kes7qBuS1J48aNo2vXrgnrqvN6/IPS0tKkwlE/+tGPqn0PAAAAtiyZdd0AAABAqo0fPz6pusq2qklmq53qrCjwySefVHnMutq1axdNmzZNuCLAqFGjqjx3bm5utcatK5k3uSMiPvzwwzj22GOrNPewYcOitLS0Om1VsMsuu8R3331Xac2WGoTYlF599dWENT//+c/j2muvrfG9fv3rX8ebb76ZsJ/evXvX+F6ptvfeeydV9+GHH0afPn2qdY8PPvggYU2XLl02uhJS7969Y/jw4ZWOX7BgQUybNi223377KvV21FFHJdw25p///Gfsscce5cfJvOa2bt06qdW1flAbr8lbgr322iumT59eac3o0aMjPz8/GjRoUOX5P//886S2Tdtrr72qPDcAAABbJiurAAAA25RZs2bFZ599lrCudevW0bBhw41eryzI8oMvv/wyysrKku5txYoV8f777yddX5lkVi756quvqrzFxdtvv12t7Y3W1aVLl6QCP++9916Vtzl5+eWXq9tWBQcccEDCmsmTJ2+2Ky/URmCnqpJdyeSEE06olfslM88bb7yx2az0UhUdOnSInj17JqwbOnRoteZftGhRfP755wnrDjvssI1eO/DAA5O6VzKhmLXNmDEjZs2aFatWrdron/z8/Nh5550rjEvm9axJkyZJ9zF//vz43//93yr1XlN18X0bEXHEEUckrMnLy4v33nuvWvMnCpVFRGRkZCS9PRMAAABbPmEVAABgm1FYWBg33nhjUm8GJlqJoXPnzgnnWLp0aYwePTrp/h5//PFKtx6qioMPPjhhTVFRUQwcODDpOUtKSuKpp56qSVvlMjIy4vDDD09Yt3Tp0nj++eeTnvftt9+OMWPG1KCz/3PIIYcktd3Tv/71ryrN+9Zbb8UZZ5wRP//5z+OGG26IO+64Ix5//PEYPHhwfPDBBzF27NjIycmpbtvlVq1aVeM5qiqZVVW6deuW1BY3yTjssMMShp6WLFkSI0eOrJX7pdopp5ySsOb777+PN954o8pzP/jgg0m9Fp522mkbvda7d+/o0KFDwjkGDhwYJSUlSff22muvJazp3bv3eit8ZGRkJBy3YsWKpPt46KGHoqioKGFdMjXJqmqAsLYcdthh0bx584R1jzzySJW+lhERc+bMSSpEeOihh0bLli2rNDcAAABbLmEVAABgmzBr1qy4+OKLkw6PHHXUUZVeT2bFg4g1b+wlY8KECfH0008nVZuMo48+Oqm6p59+OubPn59U7TPPPBMTJ06sSVsVJNvj/fffHxMmTEhYN3v27PjLX/5S07bKNWvWLI488siEdS+88EJS/UWsWTXh4YcfjnHjxsWHH34YgwcPjieeeCLuvPPOuOGGG+LSSy+Nfv36xeLFiyudJy0tLeG9ku2ptpSVlSUVMjj++ONr7Z7Z2dlJrQgxZMiQWrtnKp1xxhlJbbly5513xtKlS5Oe9/PPP48XX3wxYd3uu+8eu+6660avp6enx+mnn55wnpkzZyYdjFu0aFFSr4X9+vVb71wyYYuFCxfG3LlzE9a9++678cILLySsi0g+GJbM921tvsZWRb169eLMM89MWDdp0qR44oknkp63pKQk/vznPye1QtZ5552X9LwAAABs+YRVAACArU5BQUEsWbIkvvnmmxg0aFD86le/iuOOOy7poEqrVq3ipJNOqrSmd+/eSb3x+PHHH8djjz1Wac3UqVPj5z//ea2tqhKxZhugbt26Jaxbvnx5XHnllbF8+fJK64YOHRp33nln7TT3X4cddlg0bdo0YV1eXl787Gc/q3Q7ji+//DL69+8fCxcurM0W4+KLL05YU1BQEL/4xS9i2rRpldaVlZXFbbfdljBEcuyxxyb82iUTYPjyyy8T9lSbPv/885gzZ07CutraAqgq8w0fPrxWVqtJtZYtW0b//v0T1s2dOzcuueSShCGniIhRo0bFZZddltTqGL/+9a8T1px//vmVbpn2gzvuuCM+/vjjSmuWL18el19+ecLwR/PmzePEE09c73wyq7xErFnFqjJvvfVWXH311UnNFRGRn5+fVAAmme/buXPnxieffJL0vWvTJZdcktT2bPfcc09SQZ78/Py47rrrktoGaq+99rIFEAAAwDZGWAUAANis7bPPPtGzZ88q/enTp08ceOCB0a9fv7jpppti2LBhUVxcnPQ9r7nmmqhfv36lNW3bto199tknqfnuvvvuuPHGG2P69OkVzi9ZsiQeffTR+PGPf1weskhLS4sePXok3WtlfvaznyVV980338Tpp58eQ4YMWe+33ydOnBjXX399XHPNNVXe+iGRhg0bxs9//vOkahctWhQXX3xx/PSnP42nn3463n777Rg+fHg8/fTTcdFFF8U555xTISjRrFmzWulxt912S2p1lblz58YZZ5wR//znP9cLDJSWlsb7778f/fv3j2effbbSeerVqxe/+c1vEt4vmcdXUlISV155ZUyZMmW9fhKFk6ojmS2AunfvXmvP7x8ccsgh0aRJk0prVq9eHcOGDavV+6bKZZddFh07dkxY991338WJJ54YTz/99Aafg1988UXccMMN0b9//6SCOyeddFIccMABCetatmwZl156acK6oqKi+NnPfhZ33HHHeqGm/Pz8GDx4cJx66qkxduzYhHNde+21G3yN3m+//RKOjVizLdGdd9653udhzJgxcdVVV8VVV11VITzYpk2bhHO+/vrrCWuSfV26/vrr48svv1zv/LJly5IaX10tW7ZM6vWnrKwsbr755rj88stj1KhR620ntWTJknjxxRfjhBNOiKFDhyacLysrK/70pz9Vt20AAAC2UJl13QAAAMDm5LjjjktqK4SIiFNPPTVGjRqVVO3LL78cL7/8cnTo0CFatWoVK1asiHnz5q0XojnttNMiIyMjJk2aVOXe13X66afH448/vl5IZkPmzp0b1113Xdx0003RoUOHaNy4ccyfP3+DKzUcd9xx8dZbb9W4v4goD3AksyJKWVlZjB49OuEKOW3bto2TTz65SltVVObmm2+OUaNGJVztIS8vL+6666649957o23bttGqVatYuXJlzJ8/P+lVc6666qro3LlzwrpkAx+TJ0+OE088MXbYYYdo3bp1rFy5MmbOnBlnnnlm/P73v09qjmQUFBQk9ZyozS2AflCvXr048sgj45VXXqm0bsiQIfHjH/+41u+/qTVq1CjuvPPOuOCCC6KoqKjS2uXLl8ftt98ef//736NDhw7RsmXLyM3NjQULFkRubm7S9+zatWvcfPPNSddfcskl8c4778S4ceMqrSstLY0nnnginnzyyWjXrl20adMm8vPzY8aMGQkf2w/233//DW4BFBGx9957R5MmTZLalufxxx+PZ555JnbccccoKyuL+fPnbzDElZGREQ899FCce+65lfb4j3/8IwoLC2OvvfaK3NzcyMjIWG+LqmS/bxcuXBjnnHNOdO7cOdq3bx95eXkxe/bs2HvvveOhhx5Kao7qOvfcc+Ojjz6KESNGJKwdMWJEjBgxIho3bhzbbbddZGVlxZIlS2LhwoXrBVgqc8MNN9R6iA0AAIDNn5VVAAAA/uvggw+Ov//970nXn3baadGzZ88q3WPevHkxduzYmDVr1npBldatW8e1115bpfkqk5mZGddff32VxhQUFMT06dNj7NixGwyqdOzYMS666KLaajHq168ft9xyS1JbKiUjLS0t/vSnPyW13Uay2rdvH3fffXdkZGQkVV9SUlL+dZ45c2bSQZW+ffvGJZdcklRtr169onHjxknVRkR8//33MWrUqJgwYULk5eUlPS5Z7733XlIBgdreAqgq844aNSrmz5+/Se6/qe21115x6623Rnp6cj/GKS0tjTlz5sS3334b33//fZWCKm3atIlHH320SqsT1atXLwYMGJDUCiQRUR4O+fbbb2PKlClJB1V22mmnuPfeezd6PTs7Oy688MKk5oqIKCwsjPHjx8eECRM2utrQFVdcEX369En4Wl9UVBQDBgyICy+8MH75y1/Gk08+uV5Nq1atYscdd0y6v1mzZsXo0aNj3LhxsWLFiqTH1URaWlrcddddseuuuyY9JicnJyZNmhTjxo2L+fPnVymoctFFF8VPf/rT6rQKAADAFk5YBQAAICLOP//8ePjhhxNu/7O2zMzMuOWWWyIrK6vG98/Kyoq77rorWrduXeO51nbkkUfWWrgkKysr7rnnnlrbYucHRxxxRPz2t7+tlbmuuOKKpLbtqarDDjss7rjjjsjM3DQLlB511FFx//33Jx3aycrKSnoFoFRIZgugnXfeOXbYYYdNcv8DDzww4fOytLQ0hgwZsknunwqnnnpq3H333VV6jaqqbt26xcCBA2P77bev8tiOHTvGv/71r2jXrt0m6Cxihx12iCeffDJatmxZad2FF14YXbt2rZV7nnTSSfGLX/wiItaEyWrD2WefXSvzbEqNGzeOf/3rX7H//vtvsnukpaXFFVdcETfccMMmuwcAAACbN2EVAABgm3bQQQfFoEGD4qabbop69epVefzuu+8e999/f40CK1lZWXHffffFAQccEBFR629G//a3v42zzjqrRnPUq1cv7r333th9992jadOmtdTZ/7nooovir3/9a7U/j1lZWfG73/0urrjiilru7P+cdNJJ8dRTT0Xbtm1rbc7MzMy4/PLL4/7776/y8++yyy6L9u3b11ov1bV06dIYOXJkwrpNtapKxJqv/1FHHZWw7rXXXttkPaTCCSecEIMGDYqdd965VudNS0uLM844I1566aUaBT123HHHePnll+PAAw+sxe4izjzzzHjppZeS+t5r3LhxPPzwwzUO1fXr1y/uuOOO8gDZ2WefHQ0bNqzRnBERZ511Vq1//TaFxo0bx5NPPhlXXHFFrQQy19a+fft47LHH4sorr6zVeQEAANiyCKsAAADbnLZt28ZZZ50Vzz33XDz55JPRp0+fGs135JFHxpNPPhndunWr8tju3bvHiy++WOGN9tpeuSQtLS1uueWWuPnmm6v1ZmuPHj1i4MCBcfTRR0dERMuWLasV7EmkX79+MXjw4Cq90Z2enh59+/aNV155JS644IIq3a86Ww/tu+++MXTo0LjooosiOzu7yuPXduCBB8aLL74YV199dbVWbGnZsmU8/PDDm2wli2S98cYbSW3jcvzxx2/SPpIJw0yaNCnGjx+/SfvY1Hr06BEvv/xy/PGPf4yOHTvWeL4DDzwwnnvuubj99turtLXUxrRu3TqeeuqpuPPOO2u8wsmee+4Zjz/+eNx6661Veu3acccd46WXXqrSVjY/aN68efz973+Pv/71rxW2/mrVqlX88Y9/rPGWZdnZ2fHggw9WaTugupKRkRFXXnllvPbaa3H88ccnvRXaxrRo0SKuvPLKeOutt+LQQw+tpS4BAADYUm2a9YsBAADqUFpaWjRs2DAaNWoUjRo1ig4dOsSOO+4YO+64Y+y6666x66671vgNx3Xtu+++8dprr8X//M//xAsvvBDTp0/faG16enrsueee0a9fvzj55JPXewNwu+22S3i/srKyKvd43nnnlQdrXnvttVi6dOlGa+vVqxf77LNPnHnmmXHMMcdUCFOkpaVF165dY/LkyVXuIZGddtopnnrqqRg/fny89dZb8eWXX8a0adNixYoVUVpaGg0bNoy2bdvGjjvuGHvvvXcceeSRG3zDPi8vL+G9qrtaQNOmTeOGG26Iyy67LF599dV4991346uvvkoqsNGuXbvo27dvnHvuudGjR49q3X9tu+yyS7z88svx0EMPxcsvvxz5+fmV1jdu3Dj22WefOPzww2t87x8kswXQrrvuGl26dKm1e27I/vvvHy1atIhly5ZVWvfqq69Gr169Nmkvm1pGRkace+658ZOf/CQ++OCDePPNN+OTTz6JxYsXJxybnp4ePXr0iMMPPzxOOumk2GmnnTZJj6ecckqcdNJJ8f7778fQoUPj448/Tvi1iVgTwjr88MPjzDPPjL322qva9+/cuXO8+OKL8fbbb8czzzwTX3/9dZSUlGy0focddoiTTz45zj///GjSpMkGa0477bRo3Lhx/P3vf4+ZM2dudK6mTZtWGpTp1KlTvPjii/HPf/4znnvuuVi5cmWlj6VBgwax++67x4knnlhp3aay/fbbx3333RezZ8+O119/Pd59990YP358FBcXJxzbvHnz2GeffeLYY4+No48+epNuYwUAAMCWJa2sOj/hBAAAoFKzZs2K8ePHx9y5cyMvLy8yMzOjSZMm0a1bt+jVq1c0b968TvsrLS2N8ePHx+TJk2PJkiVRUFAQ9evXj+bNm8f2228fO++8czRo0KBOe6yJP/zhD/Hiiy9WWnPBBRfE7373u1q5X2FhYUyaNClmzpwZixYtitWrV0dxcXHUq1cvmjVrFu3bt4/u3bsnFUSqroKCgvjqq6/i+++/j5UrV0ZJSUlkZ2dHs2bNom3bttGtW7fo3LlzrQe12HzMnj07pk2bFvPmzYtVq1bF6tWrIzMzMxo0aBCtWrWKTp06Rffu3aNRo0Z10t+MGTNi+vTpMXfu3MjJyYnCwsLIysqKxo0bl4cKN1WoKScnJ7766quYN29erFixIoqLi6Nx48bRvn376NWrV5VWqSktLY1x48bFd999F8uXL4/i4uJo1KhRtG3bNrp37x7du3eP9PTkFjMuLi6OsWPHxqRJk8rnqlevXjRt2jTatGkTXbp0ie233z7p+VJl9erVMWnSpJg9e3YsXrw48vPzo7i4OOrXrx9NmjSJ9u3bR7du3TZ5SA0AAIAtl7AKAAAAW51LLrkkRo4cWWnNtddeGz//+c9T1BEAAAAA8IPN69cyAAAAoIbKysri22+/TVjXuXPnFHQDAAAAAKwrM3EJAAAApMaqVati/vz5MW/evFiwYEEsXrw4Lr/88iptXfPFF1/EihUrEtb17t27Jq0CAAAAANUkrAIAAECdmD9/fvzjH/+I+fPnlwdU8vLy1qvr06dPHHTQQUnP+8wzzySs6dq1a3Ts2LFK/QIAAAAAtUNYBQAAgDrRsmXLePPNNzcYUFnb7bffHi+++GI0bNgw4ZxvvvlmDBs2LGHd8ccfn3SfAAAAAEDtSq/rBgAAANg21atXL/r27ZuwbvLkyXHhhRfGrFmzNlpTUlIS//73v+O6665LOF9WVlace+65VeoVAAAAAKg9aWVlZWV13QQAAADbpsmTJ8cpp5wSpaWlCWuzsrKib9++se+++8Z2220XGRkZsXz58pgwYUIMHz48ZsyYkdQ9f/7zn8e1115b09YBAAAAgGoSVgEAAKBO3XLLLTFw4MCU3KtHjx7x4osvRoMGDVJyPwAAAABgfcIqAAAA1KnCwsK44IIL4ssvv9yk9+nQoUM8++yz0blz5016HwAAAACgcul13QAAAADbtnr16sU///nPOOywwzbZPfbcc88YOHCgoAoAAAAAbAasrAIAAMBmobS0NJ544ol49NFHY9WqVbUyZ3Z2dlxxxRXxs5/9LNLT/b4GAAAAAGwOhFUAAADYrCxfvjyeffbZeP3112P69OnVmqNLly5x1llnxY9//ONo0aJF7TYIAAAAANSIsAoAAACbre+++y6++OKLmDBhQkyaNCmWLFkSubm5kZubG2lpadG0adNo0qRJNG/ePHr06BG9e/eOPn36RI8ePSItLa2u2wcAAAAANkBYBQAAAAAAAACAlLFhNwAAAAAAAAAAKSOsAgAAAAAAAABAygirAAAAAAAAAACQMsIqAAAAAAAAAACkjLAKAAAAAAAAAAApI6wCAAAAAAAAAEDKCKsAAAAAAAAAAJAywioAAAAAAAAAAKSMsAoAAAAAAAAAACkjrAIAAAAAAAAAQMoIqwAAAAAAAAAAkDLCKgAAAAAAAAAApIywCgAAAAAAAAAAKSOsAgAAAAAAAABAygirAAAAAAAAAACQMsIqAAAAAAAAAACkjLAKAAAAAAAAAAApI6wCAAAAAAAAAEDKCKsAAAAAAAAAAJAywioAAAAAAAAAAKSMsAoAAAAAAAAAACkjrAIAAAAAAAAAQMoIqwAAAAAAAAAAkDLCKgAAAAAAAAAApIywCgAAAAAAAAAAKSOsAgAAAAAAAABAygirAAAAAAAAAACQMsIqAAAAAAAAAACkjLAKAAAAAAAAAAApI6wCAAAAAAAAAEDKCKsAAAAAAAAAAJAywioAAAAAAAAAAKSMsAoAAAAAAAAAACkjrAIAAAAAAAAAQMoIqwAAAAAAAAAAkDLCKgAAAAAAAAAApIywCgAAAAAAAAAAKSOsAgAAAAAAAABAygirAAAAAAAAAACQMsIqAAAAAAAAAACkjLAKAAAAAAAAAAApI6wCAAAAAAAAAEDKCKsAAAAAAAAAAJAywioAAAAAAAAAAKSMsAoAAAAAAAAAACkjrAIAAAAAAAAAQMoIqwAAAAAAAAAAkDLCKgAAAAAAAAAApIywCgAAAAAAAAAAKSOsAgAAAAAAAABAygirAAAAAAAAAACQMsIqAAAAAAAAAACkjLAKAAAAAAAAAAApI6wCAAAAAAAAAEDKCKsAAAAAAAAAAJAywioAAAAAAAAAAKSMsAoAAAAAAAAAACkjrAIAAAAAAAAAQMoIqwAAAAAAAAAAkDLCKgAAAAAAAAAApIywCgAAAAAAAAAAKSOsAgAAAAAAAABAygirAAAAAAAAAACQMsIqAAAAAAAAAACkjLAKAAAAAAAAAAApI6wCAAAAAAAAAEDKCKsAAAAAAAAAAJAywioAAAAAAAAAAKSMsAoAAAAAAAAAACkjrAIAAAAAAAAAQMoIqwAAAAAAAAAAkDLCKgAAAAAAAAAApIywCgAAAAAAAAAAKSOsAgAAAAAAAABAygirAAAAAAAAAACQMsIqAAAAAAAAAACkjLAKAAAAAAAAAAApI6wCAAAAAAAAAEDKCKsAAAAAAAAAAJAywioAAAAAAAAAAKSMsAoAAAAAAAAAACkjrAIAAAAAAAAAQMoIqwAAAAAAAAAAkDLCKgAAAAAAAAAApIywCgAAAAAAAAAAKSOsAgAAAAAAAABAygirAAAAAAAAAACQMsIqAAAAAAAAAACkjLAKAAAAAAAAAAApI6wCAAAAAAAAAEDKCKsAAAAAAAAAAJAywioAAAAAAAAAAKSMsAoAAAAAAAAAACkjrAIAAAAAAAAAQMoIqwAAAAAAAAAAkDLCKgAAAAAAAAAApIywCgAAAAAAAAAAKSOsAgAAAAAAAABAygirAAAAAAAAAACQMsIqAAAAAAAAAACkjLAKAAAAAAAAAAApI6wCAAAAAAAAAEDKCKsAAAAAAAAAAJAywioAAAAAAAAAAKSMsAoAAAAAAAAAACkjrAIAAAAAAAAAQMoIqwAAAAAAAAAAkDLCKgAAAAAAAAAApIywCgAAAAAAAAAAKSOsAgAAAAAAAABAygirAAAAAAAAAACQMsIqAAAAAAAAAACkjLAKAAAAAAAAAAApI6wCAAAAAAAAAEDKCKsAAAAAAAAAAJAywioAAAAAAAAAAKSMsAoAAAAAAAAAACkjrAIAAAAAAAAAQMoIqwAAAAAAAAAAkDLCKgAAAAAAAAAApIywCgAAAAAAAAAAKSOsAgAAAAAAAABAygirAAAAAAAAAACQMsIqAAAAAAAAAACkjLAKAAAAAAAAAAApI6wCAAAAAAAAAEDKCKsAAAAAAAAAAJAywioAAAAAAAAAAKSMsAoAAAAAAAAAACkjrAIAAAAAAAAAQMoIqwAAAAAAAAAAkDLCKgAAAAAAAAAApIywCgAAAAAAAAAAKSOsAgAAAAAAAABAygirAAAAAAAAAACQMsIqAAAAAAAAAACkjLAKAAAAAAAAAAApI6wCAAAAAAAAAEDKCKsAAAAAAAAAAJAywioAAAAAAAAAAKSMsAoAAAAAAAAAACkjrAIAAAAAAAAAQMoIqwAAAAAAAAAAkDLCKgAAAAAAAAAApIywCgAAAAAAAAAAKSOsAgAAAAAAAABAygirAAAAAAAAAACQMsIqAAAAAAAAAACkjLAKAAAAAAAAAAApI6wCAAAAAAAAAEDKCKsAAAAAAAAAAJAywioAAAAAAAAAAKSMsAoAAAAAUKd69uxZ/ueGG26o63YAAADYxIRVAAAAAAAAAABImcy6bgAAAAAAElmwYEEMHz48vvzyy5g6dWrMmzcvcnNzo6SkJOrXrx9t2rSJzp07x2677RaHHHJI7LbbbpGWllbXbQMAAAAbIKwCAAAAwGZr4sSJ8eCDD8bbb78dZWVlG6zJzc2N3NzcmD59enz00UfxwAMPxI477hhXXHFFHHfccZGebnHhupCXlxd77713lJSUxBVXXBFXXnllXbcEAADAZkJYBQAAAIDNTmFhYdx6663xwgsvbDCk0rRp02jVqlXUr18/lixZEsuWLYuioqLy61OnTo2rr746Hn300fjHP/4RXbt2TWX7RMS4ceOipKQkqdqJEydu4m4AAADYnAirAAAAALBZWbp0aVxxxRXxxRdfVDi/9957x2mnnRZHHHFEtG7dusK1wsLC+Oyzz+Ltt9+OwYMHlwdXJkyYED/5yU/ivvvuiwMOOCBlj4GIb775pq5bAAAAYDNlDVQAAAAANhtFRUXx//7f/6sQVGnZsmU88MADMXDgwOjXr996QZWIiHr16sUhhxwSf/nLX+L111+Pfffdt/za8uXL4/LLL48JEyak5DGwxtdff13XLQAAALCZElYBAAAAYLNx1113xZgxY8qP27dvHwMHDoyjjz466Tm6desWTzzxRBxzzDHl51avXh1XXXVV5OTk1Gq/bNy3335b1y0AAACwmUor29CmvwAAAACQYlOmTImTTjopfvhxVUZGRjz//PPRp0+fas1XWFgYP/7xj2PSpEnl5y677LK45pprNljft2/fmDNnTkREHHTQQfHkk09GRMSCBQti4MCB8fHHH8fMmTMjLy8vmjZtGu3atYtDDjkkzjjjjNh+++2r1NuyZcvi1Vdfjc8++ywmTpwYy5Yti9LS0mjZsmW0bds2DjjggDj22GOjV69eCecaMGBAPPDAA+XHEydOjIiIzz77LP75z3/Gt99+Gzk5OXHYYYfFQw89tME5ysrK4rPPPot33nknxo0bFzNnzozc3NwoKSmJJk2axHbbbRd9+vSJk08+Ofbcc8+N9nLDDTfE4MGDE/Z8+umnx9/+9rfy4549e2702sZMmDAh3n777fj0009j7ty5sWzZskhLS4vmzZtHhw4dYr/99oujjz46fvSjHyWca+2+O3bsGO+9915ERJSWlsabb74Zb7zxRowbNy6WLFlSfo9ddtkljjnmmDj55JMjKysr4T0iIkaPHh3Dhg2LsWPHxqxZs2LVqlVRUlISjRo1ig4dOsTOO+8chx9+eBx11FFJzwkAALAlyqzrBgAAAAAgIuLxxx+PtX+v6oILLqh2UCVizdZAt99+e5x55pnl8/773/+OSy+9NBo3blzp2JUrV0ZExBtvvBG///3vIy8vr8L1pUuXxtKlS2P8+PHx1FNPxVVXXRU///nPE/ZUWloaDz74YDz55JPrzRkRMXfu3Jg7d2589dVX8fDDD8dJJ50Uv/vd76JVq1bJPuyIiBg6dGhce+21UVpaWn5u1apVG6ydOHFi/P73v9/oSig/PNaxY8fGc889FwcffHDcfvvt0bZt2yr1VFsWL14cf/nLX2LYsGGxod/Dy8/Pj3nz5sWXX34ZDz/8cBx55JFx8803R/v27at0n7lz58aVV14ZY8eOXe/aggULYsGCBTFixIj4n//5n3jkkUcq/XzMmjUrbrjhhvj88883eH3FihWxYsWKmDBhQrzyyivRsWPHuPXWW+OAAw6oUs8AAABbCtsAAQAAAFDnli5dGq+//nr5cWZmZlx44YU1nnfXXXeN/fffv/x45cqV8eqrryYcV1paGh9//HH85je/KQ+VtGnTJnbZZZfo0qVLZGb+3++AFRUVxV133RWPP/54pXMWFhbGZZddFg888ECFoEr9+vWjR48e0bNnz2jevHmFMa+//nqcc845sWjRomQebkSs+VzefPPNFYIqG/Pdd9/Feeedt15QpXXr1tGjR4/o1avXej2NHDky+vfvH8uXL19vvs6dO8duu+223oow7dq1i9122638T+fOnZN+PGubNWtWnH322fHWW29VCKo0adKk/HPYrFmzCmOGDx8e55xzTkyfPj3p+6xatSouuOCC8qBK06ZNY+edd44ePXpEw4YNK9SOGzcurrnmmo1+vufPnx/nnHPOekGVdu3aRa9evaJnz57RunXrCtfmzJkTl1xySYwcOTLpngEAALYkVlYBAAAAoM6NGjUqioqKyo8POeSQaNeuXa3M/ZOf/CQ++eST8uOPPvoozjvvvErHFBQUxB/+8IcoLS2N448/Pq666qoKW/0sXrw4HnrooRg4cGD5ubvvvjsOO+yw2GmnnTY452233RYffvhh+XHXrl3juuuui8MPP7x8y5eysrL45ptv4v7774+PP/44IiJmzJgRl19+eQwaNCjS0xP/7tnzzz8fOTk50adPn7jmmmuiT58+kZ6eHitWrKhQV1paGtdff32FFVdOPvnkuPrqq6Njx44VaseMGRN/+tOfYsKECRERMW3atLjnnnvilltuqVD3y1/+Mn75y1/G7Nmz48gjjyw/369fv7jyyisT9l6ZoqKiuOKKK2LWrFnl5/bcc8/4zW9+E3vuuWf556asrCy++uqruPvuu2P06NERsWaVlF//+tfxn//8p0LQaGNuv/32mDlzZvTo0SNuuOGGOOCAA8rnLy0tjWHDhsXvf//7yM3NjYg12/t8/PHHccghh6w31x133FEeNkpLS4uLL744LrjggvWe3zNnzoznn38+nnzyySgrK4uSkpL43e9+F++++27Uq1evGp8xAACAzZeVVQAAAACoc6NGjapwvO+++9ba3OvO9cUXXyRcdWTKlCkxZ86cOOOMM+K+++6rEFSJWLPyyM033xwXXHBB+bnS0tJ4+OGHNzjf6NGj49///nf5ce/evePll1+Oo48+ujyoErEmzLDbbrvF448/Hqecckr5+bFjx8aLL76Y+MFGxEsvvRQ/+tGP4tlnn40DDjggGjVqFA0aNFhvG5yPPvooJk+eXH588MEHx1133bVeUCUiYo899oinnnoqWrRoUX7u5Zdf3ujWQpvCU089VR6WiYg49NBD41//+lfsvffeFUI8aWlpsccee8STTz4ZBx54YPn58ePHV/gabMyCBQvipZdeit133z2ef/75OOiggyrMn56eHscff3z88Y9/rDDurbfeWm+u3NzceOedd8qPzz777Lj++us3GMTq0qVLXH/99XHXXXdV6OXtt99O2DMAAMCWRlgFAAAAgDo3bty4Csd9+vSptblbt25dIYCxcuXKmDFjRsJxzZs3j9/97neV1vz617+Oxo0blx+/++67sXr16vXqHn300fKPs7Oz4957760wbl3p6enx5z//OVq2bFl+7qmnnkrYc0TE7Nmz4w9/+EPUr1+/0rovv/wy0tLSyo/POeecSutbtmwZp512WvlxUVFR+colm1ppaWmFoEmDBg3ir3/9a6UrjtSrVy/+/Oc/V1hJJZnAT3FxcWRlZcWdd94ZjRo12mjdCSecUOFrOH78+PVqZs2aFYWFheXHRxxxRML7n3TSSXHcccfFEUccEeedd16FgBAAAMDWQlgFAAAAgDq3dOnSCsfbbbddrc6/7moh695vQ0444YRo0qRJpTUNGzaMo48+uvy4oKAgPv/88wo1S5YsiY8++qjCvJ07d054/4YNG8aZZ55Zfjx9+vSYNGlSwnE77bRT7LHHHgnrrr766hg7dmx8+OGHMXjw4AqrkGxM7969KxzPmTMn4Zja8Pnnn8fcuXPLj4866qiktonq0qVL7LfffuXHkyZNiqlTpyYcd+SRR0aXLl0qrcnKyooePXqUH2/oc7F2UCUi1tuKaWPuv//+eOSRR+Lmm2+Ogw46KKkxAAAAWxJhFQAAAADq3PLlyyscN23atFbnX3e+de+3IUceeWRSc+++++4VjtcNlKwbXjn00EOTmjdizdY8a0tmJZP9998/6fkzMzOjXbt2scsuu0TDhg0T1q+7ykey4Yua+uqrryocH3744UmPXfdz+O233yYcc8ghhyQ1d9u2bcs/zs3NXe96hw4dKhw/8cQTKd06CQAAYHMlrAIAAABAncvLy6twnGgLm6pq0KBBpffbkF122SWpubt27VrheObMmRWOv/766wrHyawI8oOddtqpwnEyq4LssMMOSc9fVRkZGRWOy8rKNtm91vbdd99VOF7381KZdT8fEydOTDhm7RVTKrP287SoqGi9623atIl99923/HjChAlx8sknx8CBA2PZsmVJ3QMAAGBrlJm4BAAAAAA2rSZNmlR48z4nJyeaN29ea/Pn5ORUOE60ckt2dna0bNkyqbnXXl0jYv0thtY9/tOf/rReeCZZs2fPTlhTlTDMD2bNmhXvvPNOjBo1KmbMmBGLFi2K/Pz8KC4urk6btW7hwoUVjtfd1qky665usmjRooRjkl3ZJy0tLWHNn/70p/jJT35S/hycN29e3HLLLXHrrbfGrrvuGvvtt18ccMABsffee0e9evWSui8AAMCWTlgFAAAAgDrXvHnzCmGVlStXbtKwyrrb2ayrKtsQZWdnVzjOz8+vcLzuVjnrbhNUFRvaamZdVQnC5OTkxK233hqvvvpqlJSUVLuvTW3drXOS2bLoB+t+PtZ9LmxIZmbt/dh0xx13jOeeey5+/etfx/fff19+vqSkJL7++uv4+uuv47HHHov69evHQQcdFCeddFIcc8wxtdoDAADA5sb/8QAAAABQ59q2bRvTpk0rP546dWp06dKl1uafPn36everTFZWVtJzr1tbWFhY4Xjd8EpNJLN90bpb9WzMypUr45xzzokpU6asd61JkybRrFmzaNasWYXQRE5OTlJbEdW21atXl3+clZUV6enJ726+bpho7blSpWfPnjFkyJB45ZVXYtCgQfHNN9+st4XS6tWrY/jw4TF8+PDo0qVL/Pa3v42jjjoq5b0CAACkgrAKAAAAAHVu9913j88++6z8+Ouvv44jjjiiVuZeuHBhha1ftttuu2jfvn2lY9YNnFSldt2VPBo1alTheMSIEbHddtslPf+m8oc//KFCUKVhw4Zx+eWXx8knn7zR/j777LPo379/qlost/bntKioKIqLi5NeeWTdcEpVVmWpTVlZWdGvX7/o169fLFy4MD744IP46KOP4tNPP11v9Z2ZM2fGFVdcEddff31cfPHFddIvAADAppT8ryAAAAAAwCay1157VTj+6KOPam3uTz75pMLxfvvtl3BMMiuY/GDdlVPWDas0bty4wnEy29BsarNmzYphw4aVHzdq1CheeOGFuOyyyyoN0pSWlqaivfWsuy1TTb4+TZo0qZWeaqJt27bRr1+/+Mc//hGffvppDBo0KC6//PIKK/6UlZXFHXfcEaNGjarDTgEAADYNYRUAAAAA6tw+++xTIdQxduzY+O6772pl7sGDB1c4PuywwxKOycvLi5UrVyY1/4IFCyoct2vXrsJxx44dKxzPnDkzqXk3pREjRlTYhubiiy+OHj16JBy3ZMmSTdnWRq37OZ09e3bSY9etXXeuupaenh59+vSJq6++OoYPHx7nnntu+bWysrL417/+VYfdAQAAbBrCKgAAAADUuYYNG0a/fv0qnHvooYdqPO8333xTYXuhzp07xzHHHJPU2LW3yKnMjBkzKhx37ty5wvGPfvSjCsfffvttUvNuSvPmzatwfNBBByU1bvTo0ZuinYR23XXXCscTJ05MeuzkyZMrHK/79dic1KtXL/74xz9Gnz59ys99+eWXddgRAADApiGsAgAAAMBm4fzzz4+srKzy43feeSfeeuutas9XXFwcN998c4Wtay6++OLIyMhIanyyWxGNGTOmwvG6YYg99tijwj3ffffdpOaNiCgqKopp06YlXZ+sdbciatasWcIxq1atiqFDh9Z6L8nYc889Kxy/9957SY99//33yz9OS0uL3XbbrbbaStqsWbOioKAg6fp99tmn/ONVq1ZtipYAAADqlLAKAAAAAJuFjh07xjXXXFPh3I033lhhZZRkFRcXxzXXXBPjx48vP7fvvvvGWWedlfQcr7zyShQWFlZak5OTUyE40axZs+jdu3eFmpYtW1bYemjKlClJB1ZefPHFOO644+LYY4+N22+/fb2QSXU1bdq0wvHcuXMTjrn99tvXC07k5+dvsDYtLS2pumTttttuscMOO5Qfv//++0ltBfTdd9/F119/XX58wAEHRPv27WvUS7IKCwvjkksuiX333TeOOuqoGDRoUNJj1/48t2rValO0BwAAUKeEVQAAAADYbFx00UVxyCGHlB/n5eXFpZdeGgMHDoySkpKk5pg1a1ZceumlMWzYsPJzrVu3jnvuuSfpVVUi1gQ47r333kpr7rzzzsjLyys/PumkkzZ4jwsvvLDC8c033xwzZ86sdO4xY8bEfffdFxER06dPj48//jgaNWqUXPMJ7LzzzhWOX3/99Y3WlpWVxT333BMvvfRSHHDAARWubSzkUq9evQrHiR5rMvr371/+cWFhYfzhD3+oNEyUk5MTN910U5SVlZWfO//882vcR7Lq1asXq1evjhUrVkRExCOPPBLff/99wnFLliyJt99+u/x47VVWAAAAthbCKgAAAABsNtLS0mLAgAHRt2/f8nOrV6+OW265JU4//fR49tlnY/78+euNKy4ujk8++SRuueWWOPHEE+Pjjz8uv9a5c+d45plnok2bNkn30bFjx9h+++3jySefjOuvvz5mzJhR4frChQvjD3/4Qzz//PPl57Kzs+OSSy7Z4Hz77bdfhVVdlixZEv369YtBgwZFbm7uenPfd999cfHFF8fKlSsjIiI9PT1+//vfr7diSXUdeuih0aBBg/LjV155JR588MEK4Y+ioqL48MMP4+yzz45HH3002rRpE3fccUekp//fjxQ/+uij9T43EWtWk6lfv3758fvvvx9vvfVW5OfnR0FBQUyYMKHKPZ911lmx1157lR//7//+b1x00UXxzTffVKgrLi6OkSNHxrnnnhvjxo0rP3/iiSdWeF6lwuWXX17+8aJFi+Kcc86J559/PpYtW7ZebUFBQbz77rtx7rnnxvLlyyNizdc9lQEbAACAVEkrW/tXCwAAAABgM1BaWhp33313/Otf/4qioqL1rjdt2jRatWoV9evXjyVLlsTSpUujuLh4vbqDDz447rrrrmjRokXCe/bt2zfmzJkTEWvCKn//+9/jwgsvLJ+3Xbt20apVq1i1alXMnTt3vZVebr/99jjjjDM2Ov/q1avj17/+dYwYMaLC+Xr16sV2220X2dnZsWDBgvKgwg/S0tLixhtvjAsuuGCD8w4YMCAeeOCB8uNnnnkm9ttvv4SP94EHHogBAwas10uXLl2ipKQkFixYUL5qTL169eKxxx6LAw44IH784x/H2LFjK4zZfvvto3v37nHPPfeUn7/88svXe6xrmzhxYvnHPXv2LP/49NNPj7/97W8bHLNgwYK46KKLYurUqRXOt2jRItq3bx/FxcUxZ86cCqvdRKzZAurhhx+Oxo0bb3DeG264IQYPHlx+PHz48OjUqdNGe9/YuLUf0w/uuOOOeOKJJyqcS0tLi/bt20eLFi2itLQ0li1bFkuXLl3vuX711VdXCLwAAABsLaysAgAAAMBmJz09Pa677roYOnRonHDCCRVW84iIWLlyZUybNi3Gjx8fCxcuXC+o0qdPn3jyySfjiSeeSCqosiH77LNPDBgwIJo3bx4Ra4IS3333XcyaNatCUKV+/frx17/+tdKgyg91Dz74YFx55ZXRsGHD8vOFhYUxffr0mDhx4npBlU6dOsWjjz660aBKTfziF7+Ifv36VThXWFgYU6ZMiWnTppUHPjp27BhPPfVU+RZA664eU1hYGBMnToxFixZVOH/VVVdVWF2lNrRr1y6ee+65OPHEEyusMrNs2bIYP358TJ48uUJQJTs7Oy6++OJ44oknNhpU2dSuv/76+OMf/xhNmjQpP1dWVhbz5s2L7777LiZMmBALFiyoEFRp06ZN3HXXXYIqAADAViuzrhsAAAAAgI3p2rVr3HvvvXHjjTfGu+++G1988UVMnTo15s2bF7m5uVFaWhr169ePNm3axPbbbx+77bZbHH744dGrV69auX/fvn3j7bffjjfeeCOGDRsWM2fOjEWLFkWjRo2iQ4cOcdhhh8WZZ56Z1CocEREZGRlxxRVXxLnnnhtDhw6Njz/+OCZPnhzLli2LgoKCaNy4cbRp0yZ69+4dffv2jSOOOCIyMzfNj/AyMjLir3/9a5x44onxn//8J8aMGROLFy+O0tLSaNGiRey8885xzDHHxKmnnhr16tUrH3fCCSdEYWFhPPHEEzF9+vTIzMyMzp07xzHHHFNh/l69esXAgQNjwIAB8eWXX0ZOTk7Ur18/OnXqFH369Kl2382bN4977rknLr300njzzTfjs88+izlz5sTy5csjMzMzWrRoEdtvv30cdNBBceKJJ0a7du2qfa/acu6558Ypp5wSb775ZnzyyScxefLkCivXNGrUKNq1axe9evWKww47LPr27VvrQR8AAIDNiW2AAAAAACDW3wbovffeq+OOAAAAYOtkGyAAAAAAAAAAAFJGWAUAAAAAAAAAgJQRVgEAAAAAAAAAIGWEVQAAAAAAAAAASBlhFQAAAAAAAAAAUkZYBQAAAAAAAACAlBFWAQAAAAAAAAAgZYRVAAAAAAAAAABImbSysrKyum4CAAAAAAAAAIBtg5VVAAAAAAAAAABIGWEVAAAAAAAAAABSRlgFAAAAAAAAAICUEVYBAAAAAAAAACBlhFUAAAAAAAAAAEgZYRUAAAAAAAAAAFJGWAUAAAAAAAAAgJQRVgEAAAAAAAAAIGWEVQAAAAAAAAAASBlhFQAAAAAAAAAAUkZYBQAAAAAAAACAlBFWAQAAAAAAAAAgZYRVAAAAAAAAAABIGWEVAAAAAAAAAABSRlgFAAAAAAAAAICUEVYBAAAAAAAAACBlhFUAAAAAAAAAAEgZYRUAAAAAAAAAAFJGWAUAAAAAAAAAgJQRVgEAAAAAAAAAIGWEVQAAAAAAAAAASBlhFQAAAAAAAAAAUkZYBQAAAAAAAACAlBFWAQAAAAAAAAAgZYRVAAAAAAAAAABIGWEVAAAAAAAAAABSRlgFAAAAAAAAAICUEVYBAAAAAAAAACBlhFUAAAAAAAAAAEgZYRUAAAAAAAAAAFJGWAUAAAAAAAAAgJQRVgEAAAAAAAAAIGUy67oBAAAAYOtSUloWeUWlkVtUGnlFZZFfVBq5haWR99/jgpLSKCopi6LSsigqibU+rvh3YUlZFP+35oePi0vLorQsoiwioqwsStf89d/jiDOWrYyYviLSIiLSI9LS0iLS1vydlhYR//07LS0t0v57PT0rPTLrZURmdsZ///7v8VrnMrIzIrNeemRmZ0RW9g/Ha4/JiIxMvxMEAAAAkAxhFQAAAKCCwpKyWLG6ZM2fgpJYsbo0lv/34+WrS2NVQcmaMEphWeQXl0Ze4ZpgSn7RmpBKQUlZnfWeuyw/8r9fUSf3TstIWxNoWSfoklk/I7IbZ0X9JvX++ycrspvUiwb/Pc7+77ms+n5MAwAAAGwb/BQEAAAAtnKFJWWxOK84FuUWx5K8klicVxzL8ktiRUFpeSBl+erS8oBKfnHdhU22ZGUlZVGUXxJF+SXVGp9RLz3qN64X9ZuuCa+sHWT5v6DL/wVe6jepF+lWcwEAAAC2QMIqAAAAsIVaXVwai/NKYklecSzKXRNCWZS3JpCyKLc4Fv83mLKyoLSuWyUJJYWlkbt0deQuXZ30mKwGmVG/SVY0aJ4djVs2iMZt6kfjVg2iUav60bh1g2jcukFkN8rahF0DAAAAVJ2wCgAAAGymlq8uifmrimLuquKYl1MU81YV//dPUSzIFUIhoii/OIryi2PVwvxYGMs3WJPVIDMa/ze8snaI5YdzDVvWj/T0tNQ2DgAAAGzThFUAAACgjizPL4m5/w2hzF1VFPP/+/e8nOKYv6oocotsx0PNFeUXx7LZObFsds4Gr6elp0WjltnRqNX/BVjKwyxt1nycVd+PkAAAAIDa4ycNAAAAsAnlFpbGzBWFMXNFUcxYvubvmcuLYubKosgttDIKda+stCxyFq+OnMWrY8FGarIbZUWTdg2jWYdG0bxDo2j637+bdWgUmdkZKe0XAAAA2PIJqwAAAEANFZeUxexVRTFjedGaYMp//56xoiiW5JXUdXtQYwW5RVHw/YpY/P2KihfSIhq1rL9+iGW7RtG4VYNIs70QAAAAsAHCKgAAAJCkopKymLa8MKYuLYwpSwvi+6WFMWN5UczNKYoSi6SwLSqLyF2yOnKXrI65Y5dUuJSZnbEmxNKxcbTo1DhadGwczTs2jqbtGgqxAAAAwDZOWAUAAADWUVZWFnNWFcfUpQUxZekP4ZTCmLmiUCgFklRcUBJLpq+MJdNXVjifkZUezbZrtCa8snaIpX2jSBdiAQAAgG2CsAoAAADbtKX5xTFlyZowyvfL/m/FlPzisrpuDbZKJUWlsXTGqlg6Y1WF8xlZ6dGya5NovX2zaL1902i9fbNo0alxpGek11GnAAAAwKYirAIAAMA2Y3FecUxYVBDjFxes+XvR6liUV1LXbQGxJsSyaMqKWDRlRfm5jKz0aNm5SbTavmm03mFNiKVlpyaRninAAgAAAFuytLKyMr8qBgAAwFZHMGXb9OtlyyP/m0V13QabUEZWerTo3KR89ZXW2zeNFp2bRIYACwAAAGwxrKwCAADAFk8wBbYdJUWlsfj7FbH4+xURMSsiItIz06JFp/9uIbTDmhBLyy4CLAAAALC5srIKAAAAW5Ti0rKYtKQgvpm/Or5ZsDq+XbA65ucU13VbbCasrMIP0jPSKq7AskOzaNXFFkIAAACwORBWAQAAYLO2fHXJf4Mp+fHNgtUxflFBrC72v7JsmLAKlcnMzoi23ZtH+51bRPudW0bbnZpHZr2Mum4LAAAAtjm2AQIAAGCzUVZWFlOXFVZYNWXmiqK6bgvYShQXlMTccUti7rglEbFm9ZXW2zeL9r1aRPueLaNdzxaR3SirjrsEAACArZ+VVQAAAKgzxSVlMW7R6vhibn6MmZcfYxcWRE5haV23xRbMyirURFpaRIvOTaL9zi3LV19p2Dy7rtsCAACArY6wCgAAACnzQzjly7n58fncNdv62NKH2iSsQm1r2q5htO/VMtr3XBNeadquYV23BAAAAFs82wABAACwyRSXlsX4RQXx+dy8+HJufnw9f3XkC6cAW5CVC/Ji5YK8mPT+7IiIaNgyO9r3/L+VV1p0ahxpaWl13CUAAABsWaysAgAAQK0p+W845Yt5+fH5nPz4ZkF+5BX5305Sx8oqpFp246xo16NFtO/VMjru2ipadW1a1y0BAADAZk9YBQAAgBqZuaIwPp2VF5/Myosx8/IjVziFOiSsQl1r2Dw7OvZpHZ12axOdereO7MZZdd0SAAAAbHaEVQAAAKiS3MLSGD0nLz6dvSagMndVcV23BOWEVdicpKWnRZsdm0Wn3VpHpz5tos0OzSIt3ZZBAAAAIKwCAABApcrKymL84oL4dFZefDorL75ZuDpKSuu6K9gwYRU2Z/WbZEXH3v9ddaVP62jQLLuuWwIAAIA6IawCAADAehbnFa8Jp8zOi89m58Xy1dIpbBmEVdhipEW06to0Ou3WJjrv1jra7tQ80jPS67orAAAASAlhFQAAAKKsrCzGLiyID6fnxsezcmPyksK6bgmqRViFLVW9hpmx3a6t1oRX+rSORq0a1HVLAAAAsMkIqwAAAGyjVheXxmez8+OjGbkxcmZuLMkrqeuWoMaEVdhatOjUeM12Qbu1jvY7t4yMTKuuAAAAsPUQVgEAANiGLM4rjo9m5MaH03Nj9Nz8KCj2v4RsXYRV2BplZmfEdj9qFV33ahtd9mobDZpm13VLAAAAUCPCKgAAAFu5KUsK4sMZufHhjNz4bmFB+J9AtmbCKmzt0tLTol3PFtFt73bRbZ920bi17YIAAADY8girAAAAbGVKSsviy3n58cH03PhoRm7MXVVc1y1BygirsK1pvX3T6LpPu+i2d7to0alJXbcDAAAASRFWAQAA2AoUl5bF53Py493vc+KD6TmxfHVpXbcEdUJYhW1Zsw6Nots+7aLr3u2izY7NIi0tra5bAgAAgA0SVgEAANhCFZeUxag5eTH8+5z4YHpurCgQUAFhFVjj4OMnx/Y7zY/M7U+N9Lb7Cq4AAACwWcms6wYAAABIXtF/AyrvTs2JD2fkxkoBFQDWkZ6RFm2LHo2icfOjaNyjkdZou8jsdrLgCgAAAJsNYRUAAIDNXFFJWXw6e80KKh9Oz41VhQIqAGxch+4R9crmlx+X5c6NonGPrgmuNOzwf8GVdvsJrgAAAFAnhFUAAAA2Q8UlZfHJ7Lx4Z2pOfDQjN3IEVABIUqf23270WlnevCj67rEo+u6xSGvYfq3gyv6CKwAAAKSMsAoAAMBm5Ov5+fHW5Jx49/tVsXy1gAoAVZOWnhbb1XsuIol/Qsry5kfRd/+Mou/+uWaroB37RdZOZ0d68x6bvlEAAAC2acIqAAAAdWzG8sJ4c/KqeGvKqpizsriu2wFgC9Z+h7TILp1Z5XFluXOj6Jv7o+ib+yO99R6RudNZkbXDjyOtfstN0CUAAADbOmEVAACAOrA0vziGTcmJNyevivGLCuq6HQC2Ep07jq/xHKWLx0Th4jFR+NkfIqPz0ZHV/azI6HJspKVn1UKHAAAAIKwCAACQMvlFpTFiWm68NWVVjJqTFyV2+QGgNqVFbFfv30ltAZSU0qIomfFGlMx4IyK7ZWTtcHpk7nR2ZLTZs5ZuAAAAwLZKWAUAAGATKikti1Fz8uKNSavig+m5kV9cVtctAbCVatstM+qXTtk0kxcsjaLxT0TR+CcirXmPyOp+VmR27xfpjTpumvsBAACwVRNWAQAA2ARmryiKIRNXxtBJK2NhbkldtwPANqBzp0kpuU/Z8klR+PlfovCLWyOjwyGR2f2syOx2UqRlNUrJ/QEAANjyCasAAADUktXFpfHe97kxZOLK+HJuflhDBYBU6pj9QqT0H5+y0iiZ+0GUzP0gCj65LjK7nRyZ3c+KjA6HRFpaWgobAQAAYEsjrAIAAFBD4xetjlcnrIxhU3Iip7C0rtsBYBvUuktmNCwbV3cNFOVG8eTno3jy85HWqFNkdu8XWTudHenNutddTwAAAGy2hFUAAACqYcXqknhz8qoYMnFlTF5SWNftALCN69xlWl23UK4sd3YUfX1vFH19b6S32SuydjonMnc8M9LqNanr1gAAANhMCKsAAAAkqbSsLEbNzo8hE1fGB9Nzo7DERj8AbB46NngpYjNc3Kt00RdRsOiLKBj9p8jcsV9k9bokMlr2quu2AAAAqGPCKgAAAAksziuOV8avjCETVsa8nOK6bgcAKmjRMSsal35e121Urigniic8FcUTnor0dgdEVq+LI3P7kyMtPauuOwMAAKAOCKsAAABsxBdz8+I/41bG+9Nzongz/G11AIiI6NJ1Zl23UCWlCz6JggWfROFnbSOzx08ja+cLI71xx7puCwAAgBQSVgEAAFhLTmFpvDFpZfznu5UxbVlhXbcDAAl1avTKZrkFUCJl+Quj6Ot7ouib+yOj8zFrtgjqeHikpaXVdWsAAABsYsIqAAAAETFlSUEMGrci3pqyKvKKyuq6HQBISrN2WdGk9OO6bqNmykqiZOabUTLzzUhrumNk7XxhZPU4N9Kym9d1ZwAAAGwiwioAAMA2q6ikLIZ/nxP/+W5FfD1/dV23AwBV1mWHuXXdQq0qWzk1Ckf9IQq/uC0ydzxjzWorrXer67YAAACoZcIqAADANmf+qqJ46buVMWTiyliaX1LX7QBAtXVsPHSL3AIooZL8KJ40MIonDYz0NntGVq+LI3P70yMts35ddwYAAEAtSK/rBgAAAFLli7n5cd2weXHav2fE018tE1QBYIvWuHVWNC99t67b2ORKF30ZBR9eEbnP946CUX+M0pXT67olYCMGDBgQPXv2LP8ze/bsum6p1syePbvCYxswYEBdtwQAsEWzsgoAALBVKy4pi7en5sS/v10eExYX1HU7AFBruuywsK5bSK2CpVH07QNR9O2DkdGpb2T1ujgyOh8TaWl+Hw8AAGBLI6wCAABslVasLomXv1sRg8atiEV5VlABYOvTqdlbW+cWQAmVRcns4VEye3ikNekaWbv+IrJ6nBdpmQ3rujG2ITfccEMMHjy4wrljjz02/vGPf9Ro3rKysjjqqKPWW5HkmWeeif32269GcwMAwObErx0AAABblRnLC+NvHy2MkwZOj4dGLxVUAWCr1KhFVrQoeaOu26hzZatmROEnN0TuC7tHwZd/j7LVS+q6JbZhI0aMiOXLl9dojs8//3yr2jpnS/D999+Xb+3z8ssv13U7AADbDCurAAAAW4VRs/Pi398uj49n5kVZXTcDAJtY5+5LIy3Nv3jlVi+JojF3RNG3D0TWTudEVu9fRnqTrnXdFduYwsLCGDp0aJx33nnVnuOVV16pvYZIyjfffJNUXadOnWLixImbuBsAgG2HlVUAAIAtVlFJWbw2cWWc+5+Z8cuhc2OkoAoA24hOzd6t6xY2T8V5UTT+icgbtE+sfu9nUbL467ruiG1AgwYNyj+uycocq1evjrfeeisiIurXr1/jvkhOsmEVAABql7AKAACwxVlZUBJPfLk0Tn5uetzy/sKYvKSwrlsCgJRp0DQzWpW9UtdtbN7KSqJ42uDIf7Vv5L95ehTPHlHXHbEV69WrVzRr1iwiIsaOHRuTJ0+u1jzvvvtu5OTkRETEPvvsU2v9UbmvvxZqAwCoC8IqAADAFmNxbnHc/8niOGXg9Hhk9NJYkldS1y0BQMp13mllpIV/A5NVMvfDWD3szMgbfHgUTf1PlJX63FG7MjMz4+CDDy4/ru7qKmtvAXTIIYfUtC2SUFhYaGsfAIA6klnXDQAAACQye0VRPPP1shg6aVUUltjoB4BtW6cWI8K+d1VXuvTbKHj/sij8/NbI2vXyyOp5fqRlNqzrtthKHHbYYTF06NCIiHjttdfi2muvjYyMjKTHL1q0KP73f/83IiKys7PjoIMOqtL9y8rK4rPPPot33nknxo0bFzNnzozc3NwoKSmJJk2axHbbbRd9+vSJk08+Ofbcc8+E87388stx4403lh8PHz48OnXqFOPHj4+HH344Pv/881ixYkXstNNOFUI2VVVWVhbXXnttvP766+XnzjzzzLj11ls3OmbZsmXx6quvxmeffRYTJ06MZcuWRWlpabRs2TLatm0bBxxwQBx77LHRq1evjc5x/vnnx6hRo9Y7f+ONN1Z43FdccUVceeWVERExe/bsOPLIIzd4bW19+/aNOXPmRETE6aefHn/7298iIiInJycGDRoU7733XkyePDlWrVoV2dnZ0bp169htt93ijDPOiAMOOGCjPa9r3rx5MXjw4BgxYkTMmzcvli9fHo0aNYqdd945TjjhhDj99NOjXr16ERFxySWXxMiRIyMiomPHjvHee+8lfR8AgE1FWAUAANhsTVpSEP8asyyGf58TMioAEJHdKDNal74UkVbXnWy5ynJmRuGnv4vCMXdFVq+Lo94uP4+0Bq3rui22cEcccURkZWVFUVFRLFq0KEaOHBmHHXZY0uNfe+21KClZs+rPgQceGPXr10967MSJE+P3v/99fPvttxu8vnTp0li6dGmMHTs2nnvuuTj44IPj9ttvj7Zt2yZ9j4iI0aNHx8UXXxyFhf+3BefKlSurNMe67rvvvgpBlSOOOCJuueWWDdaWlpbGgw8+GE8++WTk5eWtd33u3Lkxd+7c+Oqrr+Lhhx+Ok046KX73u99Fq1atatRjbfjss8/immuuicWLF1c4X1xcHLm5uTFjxowYMmRInHbaafHXv/41srKyKp1v0KBBcdttt633eVi+fHl8+umn8emnn8b//M//xCOPPBIdO3aM1atX1/pjAgCoKWEVAABgs/PVvPx4+qtl8fHM9X8IDQDbss475UZ6WmHiQhIrWBpFX90VRd8+GJk7nR31el8R6U271XVXbKGaNm0aBx54YHzwwQcRsWZlkqqEVdZeneTEE09Metx3330X/fv3j1WrVlU437p162jZsmVkZGSUr7rxg5EjR0b//v3j+eefj+bNmyd1n6Kiovjtb39bIahSU//5z3/ikUceKT/eY4894r777tvgijSFhYXxy1/+Mj788MMK5+vXrx9dunSJtLS0WLBgQYXH+frrr8e3334bAwcOjDZt2lQYt+OOO0ZBQUHk5OTE1KlTy8937tw5WrZsWX7cvn37mj7M+Pbbb+PSSy8tD4y0bds22rRpE/n5+TFr1qwoKioqr33llVeiffv2cfXVV290vkGDBsVNN91U4VxaWlp07NgxmjRpEnPnzo0VK1bEpEmT4qyzzor//Oc/UVpaWuPHAQBQ24RVAACAzcbHM3Pj6THL4qv5fvMPADakU6uRdd3C1qckP4onPBXFE5+JzG4nRVafX0VG693ruiu2QKeeemp5WOW9996LFStWRLNmzRKOGz9+fEycODEiIho2bBhHHnlkLF26NOG40tLSuP766ysEVU4++eS4+uqro2PHjhVqx4wZE3/6059iwoQJERExbdq0uOeeeza6ism63nzzzZgzZ05069Ytrr/++thnn30iOzs7lixZktT4df3v//5v/OlPfyo/7t69ezz66KMbXVHmtttuqxBU6dq1a1x33XVx+OGHl69CUlZWFt98803cf//98fHHH0dExIwZM+Lyyy+PQYMGRXp6evn4H+792WefRf/+/cvP/7//9//ijDPOqNZj2pDCwsK44YYbYvXq1XHUUUfFr3/969hpp53Kr+fl5cWTTz4ZAwYMKD/31FNPxc9+9rNo0qTJevPNmTMn/vznP1c4d8opp8Q111wTHTp0iIiIkpKSGD58eNx6660xf/78pL/GAACplp64BAAAYNMpKS2Lt6esinP/MzN+/eY8QRUA2IisBhnRJp6v6za2XmUlUTzt1ch/9cjIf+O0KJ4nGETVHHXUUdG0adOIWBNSWHt7m8qsvarKscceGw0bNkxq3EcffRSTJ08uPz744IPjrrvuWi+oErFm1ZKnnnoqWrRoUX7u5ZdfXm9Flo156aWXokOHDvHvf/87jjzyyGjatGlkZ2fHdtttl9T4tU2aNCmuvPLK8hVF2rdvH48//vhGgz2jR4+Of//73+XHvXv3jpdffjmOPvroCtvlpKWlxW677RaPP/54nHLKKeXnx44dGy+++GKV+6wNb7/9dkyZMiV++tOfxoMPPlghqBKxJpx0xRVXxJlnnll+rqCgIN57770Nzvfoo49WWInllFNOiTvvvLM8qBIRkZGREcccc0y88MIL0aFDhxg+fHiMGzeulh8ZAEDNCasAAAB1oqS0LN6YtDJ+8uLM+P3wBTF5iS0NAKAynXdaHRmRX9dtbBNK5n0Uq984NfLfODVKFnxW1+2whcjOzq6whc/gwYMTjikuLq4QajnttNOSvt+XX34ZaWlp5cfnnHNOpfUtW7asMH9RUVGMHj06qXvNnj07rr322gpb5FTHwoUL47LLLoucnJyIiGjWrFk8/vjjFcIW63r00UfLP87Ozo577703GjduvNH69PT0+POf/1yh16eeeqpGfVdXUVFR7LDDDvHb3/620rqzzjqrwvH48ePXqykpKYk333yz/Dg7OztuuOGGjc7Zvn37+Otf/xoRawIwAACbG2EVAAAgpdaEVFbFT16cGX8csTBmrihKPAgAiE6tP63rFrY5JfNGRv7rJ0T+W2dGycLP67odtgBrbyHz7bffxpQpUyqtHzlyZCxevDgiIjp27Bj77bff/2fvLqPsKu+/jX+PjU98YiPxEIMWChSHKu5OsUJb6EOpKzWqVKDlTxUKFHeIk4QoIQnE3W0yyUjG/fjezwvKkJNxvY9cn7W6Fnufvfe5BtqSmfmd++7we33nO9/Rtm3btHz5ck2fPl1nnXVWu/eceOKJEceFhYUdeq/+/fvrwgsv7HBbSxobG3XvvfeqqKhIkpSSkqJ//etfzVYbOVZFRYXee++9puNLLrlEubm57b5XWlpaxGol+fn52rNnTzfqu+7WW29VUlJSm9dMmjQpYpuij/4eHWvTpk2qra1tOj7nnHM0ePDgNp97zjnn6OSTT+5kMQAAQN9gWAUAAABAn7BsW/P21unG1wv0y6VHGVIBAKAT3MlODXW83P6F6BXhwqXyzr5Q3gU3KVy+yXQOothJJ50UMXzR3uoqx24BdMUVV0SslNIRbrdbw4YN05QpUzq0fdCx2wBJUk1NTYfe55RTTonYcqezwuGwvvvd7zZtR+NyufTII4/oU5/6VJv3rVsXOSR23nnndfg9zznnnIjjjq4i09M60pyUlKQBAwY0HTc0NDS7ZteuXRHHp59+eofe//LLL+/QdQAAAH2NYRUAAAAAvcqybS3YV6cbXyvQL5Yc1aFqhlQAAOis7AkhuVXb/oXoVeEjC+Wd+Tl5F96qcOV20zmIUldffXXTX8+aNUvhcLjF6+rq6rRkyZKm485sAdRVLpcr4ti27Q7dN27cuG697+9//3stXbq06fjBBx/U5z//+Xbv27x5c8TxsGHDOvyex6/Ysn///g7f21NSUlI6tBLMR9d+JBBovkVqfn5+xPGYMWM69Nz2BoIAAABMcZsOAAAAABCfLNvWov31enJ9pQ4yoAIAQLfkZplZEQAtCxfMk7dgvlyjL1fyKT+Sc+Ak00mIIldeeaX+8pe/KBQKqbS0VCtWrND555/f7Lq3335bfr9fknTyySdr9OjRXX7Pw4cPa+HChVqzZo0OHTqksrIyeb1ehUKhLj/zWJ0ZEjneM888oxdeeKHp+Bvf+IZuuOGGDt1bWVkZcfzggw8qNTW1Sx1Hjhzp0n3d0a9fvw5f296qOmVlZRHHw4cP79Bzx48fL6fTKcuyOtwCAADQFxhWAQAAANCjbNvWwv31enJDlQ5WNf9EIAAA6ByXx6lhrhelji2AgD5jK5w/S42H5sg95molnfJDOfuPNx2FKDBkyBCde+65TSuJTJ8+vcVhlWO3ADp2NZbOqK+v1+9+9zvNnDmz1RVcekJXB0QWLVqkP/7xjxHnqqurO3z/8dsU7dmzp0sdUstb6/S27myddDyv1xtx3JFtn6QPt4pKT09XXV1dj7UAAAD0BIZVAAAAAPQI27a16EC9nlxfpQMMqQAA0GNGjrfksSvbvxBm2JZCB95U6OAMucddp6STfyBnv45tz4H4de211zYNqyxevFi1tbURq2wUFBRow4YNkqTk5GRdfPHFnX6P2tpa3Xzzzdq3b1+z1zIzM9W/f3/1799fbvfHvwaor6/v0nY4x28f1FF//OMfm63o8cILL+jcc8/VBRdc0O79xw9odEdjY2OPPcsEn88XcZyUlNThe9PS0hhWAQAAUYdhFQAAAADdtrKgQf9YU6G9FQypAADQ03KHbzSdgI6wwwrte1Wh/W/KPeEmJX3y+3Jm5pqugiEXXHCBBg4cqKqqKgUCAc2ZM0e33HJL0+vHrqryuc99rlPbxXzk5z//ecSgSlpamu69915dfvnlGjlyZIv3rF69Wrfffnun36urPhpUOemkk7Rjx46mbYkeeOABzZo1S0OGDGnz/vT09IjjpUuXtvq1xbvjV2npzBZPxw+6AAAARAOn6QAAAAAAsWvrUZ/umXVE355XzKAKAAC9wOlyaLjrRdMZ6Aw7pNCeF9T4xmnyrfyerIZC00UwwOPx6PLLL286nj59etNf27atWbNmNR1fddVVnX7+4cOHtWDBgqbj9PR0vfrqq7rnnnvaHOY4fpWTvnD11VfrpZde0je+8Y2mcxUVFfrRj34k2257f7OMjIyI4/r6+l5pjAXHb/vT0QEU27YT+u8bAACIXgyrAAAAAOi0A1UBfX9Bse6acUQbivmUHgAAvWX4OCnJLjGdga6wggrtekaNr58m//s/ktXIP8dEc+211zb99ZYtW3Tw4EFJ0oYNG3T48GFJUlZWls4555xOP3vp0qURgx533XWXJk6c2O59FRUVnX6v7rjvvvv0hz/8QR6PR/fcc49OPfXUptdWrFihZ599ts37s7OzI44LCgp6pTMW9O/fP+K4tLS0Q/cdOHBA4XC4N5IAAAC6hWEVAAAAAB1WUh/Ur5cd1S2vF+jd/AbTOQAAxL3cEdtMJ6C7wn4FdzypxtdOlf+Dn8n29e2wAMyZNGmSpkyZ0nS8cOFCSdK8efOazl1++eVyuVydfnZxcXHE8dlnn92h+9auXdvp9+qOa665pumvnU6n/vSnPykzM7Pp3COPPKJdu3a1ev/UqVMjjrdu3drzkTEiNzdyW7EjR4506L6NG9lKDgAARCeGVQAAAAC0q9oX1l/fL9e1rxRo9u46hdterRsAAPQAh9OhkUlsARQ3wl4Ft/9LDa+fqsCWx2SH/aaL0AeOHdZYtmyZJGnRokVN566++uouPff4bV2OX3WjJXV1dZo7d26X3q+nZGdn6xe/+EXTcSAQ0Pe+971Wt7Q5+eSTI4Z5jv17155gMNi0mk08GDduXMTx+vXrO3TfzJkzeyMHAACg2xhWAQAAANAqb9DSUxsqddXLh/TSlmoFmFIBAKDPDBvjVLKVuFtexK1ArQJrf6XGN85Q8MB00zXoZZdddpk8Ho8kafPmzVq7dm3TqihTp07t0NY9LenXr1/EcVFRUbv3PPTQQ6qrq4s45/V6u/T+3XHFFVfosssuazret2+fHnrooRavHTRokM4///yIazs6sPLaa6/poosu0oUXXqiHHnqo2YCPJDkcjohjE38/Our000+X2+1uOl66dKkaGxvbvGfNmjVas2ZNb6cBAAB0CcMqAAAAAJoJhW29vr1GV79ySP9eW6mGgGU6CQCAhJOXvdN0AnqRXV8g/9KvqHHWhQof7dutWdB3Bg4cqM9+9rOSpFAopMcee6zptauuuqrLz500aVLE8Zw5c1q91rZt/eUvf9Gbb76pM888M+K1jgy59IYHH3xQI0eObDp+5ZVXtHjx4havvfPOOyOOf/GLX6igoO1Bvo0bN+rRRx+VJOXn52vlypVKT09vdl1SUlLEcXvPNSkzM1Onn35603F1dbUef/zxVq8/evSofvKTn8jtdis1NbUvEgEAADqFYRUAAAAAEZYcqNf1rxXoTyvKVNEYNp0DAEBickgjkl8xXYE+YJWtk3fORfItuVtW3SHTOegFx24F9NEqFx6PJ2J1kc4677zzIgYQZsyYoX/84x8KBAJN54LBoJYvX66bbrpJjz/+uLKysvSnP/1JTufHvxZ47733dOhQ3//3LjMzU3/+858jWn7605+qtLS02bWf/vSndeONNzYdV1RU6Prrr9frr7+uhoaGiGtLS0v16KOP6q677lJtba0kyel06qc//WmzVVQkRQzMSB/+fVy1apUCgYAaGxu1d+/ebn2dPe2ee+6JOH788cf18MMPq7q6uulcOBzWwoULddNNN+nIkSO67bbbNGjQoD4uBQAAaJ+7/UsAAAAAJIKdZT79dVW5Npa0vF88AADoO0NHuZVq7TGdgT4UOjhDoYJ58kz5qpI++T05kvq1fxNiwrnnnqusrCyVlZU1nTvvvPO6NUDQv39/feUrX9Hf/vY3SR+unvLYY4/p3//+t/Ly8hQOh3X06NGmbWKSkpL05z//WUOHDtWUKVO0bds2SVJ9fb0uu+wyjRkzRuPHj9df/vKXbnylnXPqqafqa1/7mv79739LkqqqqvSjH/1ITz/9dLPBkgceeEClpaVaunSppA9XFfnZz36mX//61xo5cqSSk5N19OjRiKEN6cNtfn784x83W1HmI0OHDtXEiRO1Z8+epud++ctfbno9OztbS5Ys6akvudvOOOMMXXvttXrzzTclffjP/T//+Y+efvpp5ebmKjU1VYWFhU2DOieccILuv/9+vfPOOyazAQAAWsTKKgAAAECCK20I6cGlR3XHW0cYVAEAIErk5kTXp/nRR8J+Bbf+XQ2vn6rAjv/ItkKmi9ADXC6XrrzyyohzV199dbef+/Wvf13XX399xLlAIKB9+/bp4MGDTYMq2dnZ+u9//9s0sHH33Xc3u2f37t0RwzR95Rvf+IamTZvWdLxq1So9/fTTza5LSUnRP/7xD91///1KS0trOh8IBJSfn6/du3c3G1TJycnR448/rjvuuKPNhu9///sRK7xEu1/96lcRq/VIH66mkp+fr507dzYNqpx33nl69tlnW9z+CAAAIBqwsgoAAACQoHxBS89vrtZzm6vkC9mmcwAAwDGyU1+TLNMVMMZXocD7P1Zwx1NKPv1BufMuMl2Ebrrmmmv05JNPSpIGDBig888/v9vPdLlc+u1vf6tLL71Ub7zxhjZu3Kjy8nJZlqWBAwdq0qRJ+uIXv6grr7xSSUlJTfddcsklCgQCeuqpp5Sfny+3263c3Fx98Ytf7HZTZ3k8Hj388MO65pprmoZr/vrXv+qMM87Q1KlTI651uVz6xje+oVtuuUVz587VypUrtXfvXlVVVcnv9ysjI0NZWVk68cQT9dnPflaf+cxn5Ha3/yuQ888/X0899ZT+9a9/afv27fJ6vUpPT1deXp7OPffcXvm6u8Pj8eihhx7S1VdfrenTp2v9+vUqKytTKBTSkCFD9MlPflLXXHNNRLtlffwvlI78PQEAAOgLDtu2+ak0AAAAkEBs29bbe+v0zzUVKm0Im84BgB717apqebf0/SfDgZ40JNetz0+8yXQGoohrxLlK+vRv5Bp8oukUADHo1FNPVV1dnSRp6tSpeuuttwwXAQAAsLIKAAAAkFA2Fnv11/fLtbPMbzoFAAC0IjfvoOkERJlw8Xvyzvys3ONvVNKnfipn+gjTSQBiRH19verr65uOBw4caLAGAADgY7GzESMAAACALjtSG9SP3inW12YVMqgCAECUy07jE+9ogW0ptPdlNb5xuvwb/ig72GC6CIAhPp9Pe/fu7dC1mzdv1rEL7E+ePLm3sgAAADqFlVUAAACAOFYfsPT0hkq9uq1GgTA7gAIAEO0GjvQow1prOgPRLNSo4MY/KbT7OSV96gG5J9wsh4PPJAKJ4JFHHtHcuXNVVFQk27Y1a9YsnXDCCW3eM2PGjIjjU089tRcLAQAAOo7vYgAAAIA4ZNu25u6p1bWvHNLzm6sZVAEAIEbkjT5sOgExwm4skf+9b8o74zMKFS03nQOgD2RlZamwsLBppZSHH35YoVCo1evff/99zZkzp+l4xIgROvfcc3u9EwAAoCMYVgEAAADizJ4Kv746q1APLi1VpTdsOgcAAHRCdvoM0wmIMVblNvnmXS3fkq/IaiwxnQOgF1133XXKyspqOl6+fLnuvfdebd++PeK6+vp6PfPMM7r33ntlWVbT+fvvv18ul6vPegEAANrisI/drBAAAABAzKr3h/WvtZV6c0eNWEgFQKL6dlW1vFvKTGcAXdJ/mEcXT7vRdAZimSdTSZ/6iTyTvyKHk19IA/Fo3bp1uvvuu+Xz+SLO9+/fXyNGjFAgEFBBQUGzFVeuueYaPfTQQ32ZCgAA0CaGVQAAAIAYZ9u25uyp099XV7CSCoCEx7AKYtmJZ5Rravq3TWcgDjgHn6Tks/4s19BTTacA6AVbtmzRAw88oL1797Z7bVpamu655x7dc889cjgcfVAHAADQMQyrAAAAADFsd7lff1xRpq1Hfe1fDAAJgGEVxLKLvvCsBlgLTWcgXjiccp9wu5JP/bkcyQNM1wDoYeFwWMuWLdPChQu1fft2lZSUqKGhQSkpKRowYIAmTpyoM844Q1deeaUGDhxoOhcAAKAZhlUAAACAGFT3vy1/3mLLHwCIwLAKYlXGEI8u+wRbAKHnOVKylHT6g/JMuMl0CgAAAAA0cZoOAAAAANBxtm1r1q5aXftKgV7fzqAKAADxIm8cQ1boHbavTP7l96lx7uWyqnaZzgEAAAAASZLbdAAAAACAjtlV5tOfVpRpa6nfdAoAAOhhOZnzJYZQ0YusklVqnHGBPNO+rqSTfyCHO810EgAAAIAExsoqAAAAQJTzBi39dVWZ7px+hEEVAADiUNoAjwZac01nIBFYQQW3PKbGN89S6NA80zUAAAAAEhjDKgAAAEAUW1nQoBtfK9BLW9nyBwCAeJU3vlIOB/+iR9+x6w/Lt+hWeRd+SVbdYdM5AAAAABIQ2wABAAAAUaiiMaSHV5Zr0YF60ykAAKCXZQ9YzBZAMCJcMF+NRcuV9MnvyXPifXI4PaaTAAAAACQIVlYBAAAAooht23prR42uf7WAQRUAABJAaj+3htjTTWcgkYUaFVj3G3mnn69w8UrTNQAAAAASBCurAAAAAFEivyqg3y8v1cYSn+kUAADQR3In1MqhsOkMQFb1bnnfvkLu8Tco6fRfy5maZToJAAAAQBxjZRUAAADAsEDY1uNrK3TLGwUMqgAAkGByBrxrOgGIENr3mhrfOEPBnf+VbbM/FQAAAIDewbAKAAAAYNCGIq++9EaBntxQpaBlugYAAPSl5HS3htivm84AmgtUy7/q+/LNu0pW3SHTNQAAAADiEMMqAAAAgAG1/rB++26p7p1dqPzqoOkcAABgQM6EBjkdAdMZQKvCxSvU+Na5Cux4klVWAAAAAPQohlUAAACAPvZufoNueK1AM3fVih/5AwCQuHIGrzCdALQv1KDA+z9ilRUAAAAAPYphFQAAAKCP1PjC+vniEn1/QbEqGsOmcwAAgEGeVJeG6hXTGUCHhYtXqHH6uQrueIpVVgAAAAB0G8MqAAAAQB94N79BN75eoPn76k2nAACAKJAzwS+XvKYzgM4JNsj//g/lm3e1rLoC0zUAAAAAYhjDKgAAAEAvYjUVAADQkpysD0wnAF0WLn5PjdPPUXDn06yyAgAAAKBLGFYBAAAAegmrqQAAgJa4k5wa5mALIMS4YIP8q37wv1VWDpuuAQAAABBjGFYBAAAAehirqQAAgLZkTwjJbVebzgB6xIerrJyt4M7/ssoKAAAAgA5jWAUAAADoQaymAgAA2pMzdJ3pBKBnBRvkX/V9+eZfK6v+iOkaAAAAADGAYRUAAACgB7CaCgAA6AiXx6nhrhdNZwC9Ilz0rhrfOlvBXc+aTgEAAAAQ5RhWAQAAALppOaupAACADho53pLHrjCdAfSeYL38K78r7zxWWQEAAADQOoZVAAAAgC7yBi397t1SfY/VVAAAQAflDN9kOgHoE+GiZayyAgAAAKBVDKsAAAAAXbC91Kdb3zysGbtqTacAAIAY4XQ5NIItgJBIPlplZf51suoLTdcAAAAAiCIMqwAAAACdELZs/Wd9pe6eeUQFNUHTOQAAIIYMHycl2cWmM4A+Fy5c+uEqK3sY1gIAAADwIYZVAAAAgA46UhPUV2cV6ol1lQpbpmsAAECsyR25zXQCYE6wTv73vinv4jtl+6tN1wAAAAAwjGEVAAAAoANm7qrVl94s0NajPtMpAAAgBjmcDo10v2Q6AzAunD9bjdPPVbh4pekUAAAAAAYxrAIAAAC0odoX1g8WFOu375aqMWibzgEAADFq2Binku1DpjOAqGA3FMk77yr51/1GthUynQMAAADAAIZVAAAAgFasKmjQza8XaFl+g+kUAAAQ43Kzd5lOAKKLbSm4+VF551wsq/ag6RoAAAAAfYxhFQAAAOA4vpClP68o07fmFau8MWw6BwAAxDqHNDL5ZdMVQFSyyjaoccYFCu7lfyMAAABAImFYBQAAADjGngq/bn/riF7bXmM6BQAAxImsUW6lWntMZwDRK1gv//JvyLf0q7IDtaZrAAAAAPQBhlUAAACA/3l9e43umn5EB6sCplMAAEAcycvdazoBiAmhA2+pcfp5Ch9dbToFAAAAQC9jWAUAAAAJr94f1o/eKdafVpTJH7ZN5wAAgDgzMuV10wlAzLDrD8s793IFNj4s27ZM5wAAAADoJQyrAAAAIKFtO+rTl948rCUHG0ynAACAODQ416N0a4vpDCC22GEFNjwk37xrZDWWmK4BAAAA0AsYVgEAAEBCsm1bz2+u0ldnHVFRXch0DgAAiFO5ow6aTgBiVrj4PXmnX6DQkSWmUwAAAAD0MIZVAAAAkHCqvWF9Z36xHvugQiFWFgcAAL0oJ/VN0wlATLN9ZfItuEH+NQ/KtoKmcwAAAAD0EIZVAAAAkFDWF3n1pTcLtLKg0XQKAACIcwNHepRhrTWdAcQBW8Gtf5N3zqWy6gpMxwAAAADoAQyrAAAAICFYtq3/rKvUfXMKVdoQNp0DAAASQO7ow6YTgLhila1X44zzFTo4y3QKAAAAgG5iWAUAAABxr7whpPvmFOmJ9ZUK26ZrAABAoshJ5xfqQI8L1Mq35Mvyrfye7JDPdA0AAACALmJYBQAAAHHt/cMNuuWNw1pX5DWdAgAAEki/oR71s5abzgDiVmjXM/LOvlBWbb7pFAAAAABdwLAKAAAA4pJt23piXYW+Pa9YVT62/QEAAH0rb2yx6QQg7lmV29Q483MKHV5kOgUAAABAJzGsAgAAgLhT6w/r2/OK9Z/1VbLY9gcAABiQk/G26QQgMQSq5Vt4swIb/yzb5g//AAAAQKxgWAUAAABxZXe5X7e9eVirDjeaTgEAAAkqY4hHA+x3TGcAicO2FNjwB/kW3So7UGu6BgAAAEAHMKwCAACAuDFrV63unnFERXUh0ykAACCB5Y0tM50AJKRwwXw1zvy8wpU7TacAAAAAaAfDKgAAAIh5gbCt371bqt+8Wyp/mKW/AQCAWdn9F5hOABKWXbtf3tkXKnhguukUAAAAAG1gWAUAAAAxraQuqK/MPKIZu1juGwAAmJc2wKNB4TmmM4DEFmqQf+lX5F/9c9lW2HQNAAAAgBYwrAIAAICY9cHhRt361mHtLPObTgEAAJAk5Y6vksPBSm9ANAhu+6d886+R7S03nQIAAADgOAyrAAAAIObYtq2nNlTqW/OKVOOzTOcAAAA0yRmw2HQCgGOEi1eoceZnFC5bbzoFAAAAwDEYVgEAAEBMqfOH9d35xfr32kpZfGgZAABEkZR+bg2x3zKdAeA4dkORvHMvV3DXc6ZTAAAAAPwPwyoAAACIGfsr/br9rSNaUdBoOgUAAKCZvPF1cihsOgNAS8J++Vd+R773vi07zDaiAAAAgGkMqwAAACAmvJvfoLtnHNGR2qDpFAAAgBblDHrXdAKAdoT2PC/vnEtl1ReaTgEAAAASGsMqAAAAiHpPbajUDxYUqyHIvj8AACA6JaW7NMR+w3QGgA6wyjfKO/OzChUtN50CAAAAJCyGVQAAABC1fEFLDywq0b/XVooxFQAAEM1yxzfKKZ/pDAAdZPvK5Zt/nQJb/mY6BQAAAEhIDKsAAAAgKpXUB/XVWYVauL/edAoAAEC7coasNJ0AoLPssAJrH5Rvyd2yg3zfAQAAAPQlhlUAAAAQdTaXeHXHW0e0q9xvOgUAAKBdnhSXhjpeNZ0BoItCB2fIO+tCWbUHTacAAAAACYNhFQAAAESVWbtq9fXZhar0hk2nAAAAdEjOBL9cdoPpDADdYFXvUuPsCxU+utp0CgAAAJAQGFYBAABAVAhbth5eWabfvFuqoGW6BgAAoONysvjlNhAXfBXyzrtawf1vmC4BAAAA4p7bdAAAAABQ6w/rJwtLtKbQazoFAACgU9xJTg1zvizZpksA9IiwX/5l98iuOaCkU35ougYAAACIW6ysAgAAAKMOVAV051tHGFQBAAAxKXtCSG672nQGgB4W2PhH+ZbdKzscMJ0CAAAAxCWGVQAAAGDMB4cbddeMIzpcGzSdAgAA0CU5Q9ebTgDQS0L7X5d33jWyfZWmUwAAAIC4w7AKAAAAjHhrR42+Pb9IDQHLdAoAAECXuDxODXe9YDoDQC+yjr6vxtkXyqrZZzoFAAAAiCsMqwAAAKBP2batxz4o10PvlSnMnAoAAIhhI8ZZ8tgVpjMA9DK79oAaZ1+kcPFK0ykAAABA3GBYBQAAAH3GH7L0k0Ulen5ztekUAACAbssdvtl0AoC+4q+Sd/51Cu59xXQJAAAAEBcYVgEAAECfqPSG9PXZhVp8oMF0CgAAQLc5XQ6NcLMFEJBQrID8y++Tf93vZNu26RoAAAAgpjGsAgAAgF6XXxXQl6cf0dZSv+kUAACAHjF8nENJdrHpDAAGBDf/Rf5lX5Md8plOAQAAAGIWwyoAAADoVeuLGnX3zCMqqguZTgEAAOgxuSO2mU4AYFDowFvyzrtKtrfcdAoAAAAQkxhWAQAAQK+Zs7tW35hbpFq/ZToFAACgxzgc0kjPy6YzABhmla5V4+wLZVXvNp0CAAAAxByGVQAAANAr/r22Qr9aVqoQcyoAACDODBvrUrJ90HQGgChg1+WrcfbFChW9azoFAAAAiCkMqwAAAKBHBcK2fr64RE9tqDKdAgAA0Ctys3eZTgAQTQI18i24UcHdL5guAQAAAGIGwyoAAADoMXX+sL4xt1Dz99WbTgEAAOgdDmlk0iumKwBEGyso/4pvyb/mQdm2bboGAAAAiHoMqwAAAKBHlDWE9NVZhdpY7DOdAgAA0GuyRrmVau82nQEgSgW3/k2+JV+WHeL7IgAAAKAtDKsAAACg2/KrA7p7xhHtrwyYTgEAAOhVebn7TCcAiHLh/NnyvXOj7ECt6RQAAAAgajGsAgAAgG7ZdtSnr848ouL6kOkUAACAXjcy5TXTCQBiQLh4hbxvXyXbW246BQAAAIhKDKsAAACgy1YVNOj/zSlUtc8ynQIAANDrBud4lG5tMZ0BIEZYFZvVOPcSWfVHTKcAAAAAUYdhFQAAAHTJ23tq9d0FxfKGbNMpAAAAfSJ3VL7pBAAxxq7ZL++ci2VV7zadAgAAAEQVhlUAAADQac9vqtKDS0sVZkEVAACQQLLT3jSdACAG2Q1FapxzmcJlG0ynAAAAAFGDYRUAAAB0mG3bevT9cj22ukKspwIAABLJgBEeZVprTGcAiFX+SnnnXaVQ0bumSwAAAICowLAKAAAAOiQUtvXLpaV6cUu16RQAAIA+lzf6iOkEALEu2CDfOzcrlD/bdAkAAABgHMMqAAAAaJc3aOk784s1b2+d6RQAAAAjcjJmmU4AEA/CfvmW3K3g7udNlwAAAABGMawCAACANlV7w/r6nEJ9cKTRdAoAAIAR/YZ61M9i6w4APcQOy7/i2wpsecx0CQAAAGAMwyoAAABoVVlDSF+bdUTbS/2mUwAAAIzJG1tiOgFAHAqs/ZX8ax40nQEAAAAYwbAKAAAAWlRUF9RXZx3Rweqg6RQAAACjcjLnmk4AEKeCW/8m33vflm2FTacAAAAAfYphFQAAADSTXx3QV2cWqrA2ZDoFAADAqIzBHg2w3jGdASCOhfY8L9/Su2WHWdESAAAAiYNhFQAAAETYW+HXPbMKVdrAoAoAAEDeuHLTCQASQDh/tnzv3CQ7WG86BQAAAOgTDKsAAACgyfZSn+6dXahKL0tQAwAASFJ2vwWmEwAkiHDRcnnfvkq2r9J0CgAAANDrGFYBAACAJGl9kVf3zSlUrd8ynQIAABAV0gZ4NMiabToDQAKxyjeqce6lshoKTacAAAAAvYphFQAAAGhVQYO+Na9IDUHbdAoAAEDUyB1fJYeDPx8B6Ft29R55Z18iq2af6RQAAACg1zCsAgAAkOCWHKjX9xcUyx/iFzEAAADHyh2wxHQCgARlNxyRd86lCldsM50CAAAA9AqGVQAAABLY23vq9MCiEgXZ+QcAACBCSqZbg+y3TGcASGC2r1zeeVczsAIAAIC4xLAKAABAgnprR40eXHpUYRZUAQAAaCZ3Qp2cCpnOAJDo/JUMrAAAACAuMawCAACQgF7cUqWH3isTcyoAAAAtyxm43HQCAHyIgRUAAADEIYZVAAAAEsxzm6r06PsVpjMAAACiVlK6S1l63XQGAHyMgRUAAADEGYZVAAAAEsh/N1bqb6sZVAEAAGhL7gSvnPKZzgCASAysAAAAII4wrAIAAJAgnt5QqX+uqTSdAQAAEPVyBq80nQAALWNgBQAAAHGCYRUAAIAE8OT6Sv1rLYMqAAAA7fGkuDTU8YrpDABoHQMrAAAAiAMMqwAAAMS5/6yr1OPrGFQBAADoiOwJfrnsBtMZANA2BlYAAAAQ4xhWAQAAiGP/WVepJ9YzqAIAANBRuVlrTCcAQMcwsAIAAIAYxrAKAABAnPrPegZVAAAAOsOd5NQwx8umMwCg4xhYAQAAQIxiWAUAACAOPb2hUk+w9Q8AAECnZE8Iya0q0xkA0DkMrAAAACAGMawCAAAQZ/67sVL/WsugCgAAQGflDNtgOgEAuoaBFQAAAMQYhlUAAADiyLObqvTPNQyqAAAAdJbT7dBw54umMwCg6xhYAQAAQAxhWAUAACBOPL+5Sn9fXWE6AwAAICaNHG/LY5eZzgCA7mFgBQAAADGCYRUAAIA48Nq2aj32AYMqAAAAXZU7fIvpBADoGQysAAAAIAYwrAIAABDjZu+u1cMry01nAAAAxCyHy6HhbrYAAhBHGFgBAABAlGNYBQAAIIYt2l+v371bKtt0CAAAQAwbMdahZLvQdAYA9CwGVgAAABDFGFYBAACIUSsONejnS0oUZlIFAACgW3JGbjedAAC9w18p3/xrZVXvNV0CAAAARGBYBQAAIAatK2zUjxeWKGSZLgEAAIhtDoc0Mull0xkA0GtsX7m886+T1cAKUgAAAIgeDKsAAADEmK1HffregmL5WVIFAACg24aOcSnFOmA6AwB6ld1wRN7518n2VZpOAQAAACQxrAIAABBTdpf79a23i9QYZFAFAACgJ+Tm7DadAAB9wq7eI++CG2QH602nAAAAAAyrAAAAxIqDVQHdP7dIdQH2/gEAAOgRDimbLYAAJBCrfKN8i26THfabTgEAAECCY1gFAAAgBhypDeq+OYWq8oVNpwAAAMSNrDy3Um1WVgGQWMJFy+Vb9jXZFt9fAgAAwByGVQAAAKLc0fqQ7ptTqLJGfpAIAADQk3Lz9ptOAAAjwvlz5F/5XdMZAAAASGAMqwAAAESxSm9I980tVFFdyHQKAABA3MlOed10AgAYE9rzgvxrHjSdAQAAgATFsAoAAECUqg9Y+ubbxTpUHTSdAgAAEHcG5XiUbm0ynQEARgW3/k2Bzf9nOgMAAAAJiGEVAACAKBQI2/rBgmLtLvebTgEAAIhLeaPyTScAQFQIrPu1grufN50BAACABMOwCgAAQJSxbFu/XHJU64q8plMAAADiVnbaW6YTACBq+Fd+T6GDs0xnAAAAIIEwrAIAABBlHl5ZrkUH6k1nAAAAxK0BIzzKtFabzgCA6GGH5Vt2j0KFy0yXAAAAIEEwrAIAABBFntpQqde315jOAAAAiGt5owtNJwBA9LEC8i2+XeGy9aZLAAAAkAAYVgEAAIgSM3bW6N9rK01nAAAAxL3sDLa6AIAWBRvkXXCTrKpdpksAAAAQ5xhWAQAAiALv5tfrD++Vmc4AAACIe/2GetTfWmY6AwCil79S3vnXyao7bLoEAAAAcYxhFQAAAMM2Fnv100VHFbZNlwAAAMS/vLElphMAIOrZjcXyLrhWlpcPVQAAAKB3MKwCAABg0L5Kv743v1h+JlUAAAD6RHbm26YTACAm2DX75Vtwg+xArekUAAAAxCGGVQAAAAwpqQvqW28XqS5gmU4BAABICBmDPRpoLTCdAQAxw6rYIu/CL8kO+UynAAAAIM4wrAIAAGBAtS+s+98uUmlD2HQKAABAwsgdV246AQBijlWySr5lX5NtsyIoAAAAeg7DKgAAAH3MF7T03XlFyq8Omk4BAABIKDn9F5pOAICYFD40V4G1vzKdAQAAgDjCsAoAAEAfsmxbP19yVFtL/aZTAAAAEkraAI8GhWeazgCAmBXc+jcFdz1nOgMAAABxgmEVAACAPvR/H1RoWX6D6QwAAICEkzu+Sg4HW1gAQHf4V/1AocJlpjMAAAAQBxhWAQAA6COvb6/RS1uqTWcAAAAkpJwBS0wnAEDss0PyLfmyrKpdpksAAAAQ4xhWAQAA6AMrCxr0yMoy0xkAAAAJKSXDrcH2W6YzACA+BGrlfedmWV6+xwUAAEDXMawCAADQy3aX+/XAohKFWXUeAADAiNwJ9XIqZDoDAOKGXV8g38JbZYd8plMAAAAQoxhWAQAA6EWlDSF9d36RGoNMqgAAAJiSM3i56QQAiDtW2Tr5l98n2+b7XQAAAHQewyoAAAC9pDFo6TvzilTaEDadAgAAkLCS0lzKsl8znQEAcSl0cIYC639nOgMAAAAxiGEVAACAXhC2bD2wqER7KgKmUwAAABJa7gSvnGKbCgDoLcHNf1Vwz0umMwAAABBjGFYBAADoBQ+vLNfKgkbTGQAAAAkvZ8gq0wkAEPf8K7+rUPEK0xkAAACIIQyrAAAA9LAXt1TpjR01pjMAAAASnifFpaF6xXQGAMQ/Kyjfojtk1ewzXQIAAIAYwbAKAABAD1p2sF6PfVBhOgMAAACSsicE5FK96QwASAyBannfuVm2r9J0CQAAAGIAwyoAAAA9ZGeZTz9fclSWbboEAAAAkpSTtdp0AgAkFLv2gLyLbpMd9ptOAQAAQJRjWAUAAKAHlDeG9P0FJfKFmFQBAACIBq4kp4Y7XjadAQAJxzr6gfzvfdN0BgAAAKIcwyoAAADdFAjb+uGCYpU2hEynAAAA4H+yx4flVpXpDABISKH9byiw4U+mMwAAABDFGFYBAADopoeWl2prKUscAwAARJPcYetNJwBAQgts/KOC+143nQEAAIAoxbAKAABAN7y0pVpz9tSZzgAAAMAxnG6HhrleMp0BAAnPv+JbCpd8YDoDAAAAUYhhFQAAgC764HCjHvug3HQGAAAAjjNyvJRkl5rOAACE/fIuvl1W7UHTJQAAAIgyDKsAAAB0QUFNQA8sKlHYNl0CAACA4+UM32w6AQDwEV+FfAu/JDtYb7oEAAAAUYRhFQAAgE6q94f1vfnFqgtYplMAAABwHIfLoRHuF01nAACOYVXvlm/5/aYzAAAAEEUYVgEAAOgEy7b108VHlV8dNJ0CAACAFgwf61CyXWg6AwBwnHD+LAW2PGY6AwAAAFGCYRUAAIBO+PvqCq063Gg6AwAAAK3IHbnddAIAoBWBdb9VqGi56QwAAABEAYZVAAAAOujtPXV6fnO16QwAAAC0wuGQRia9bDoDANAaOyzf0q/Iqj9iugQAAACGMawCAADQAdtLffr98lLTGQAAAGjD0DEupVgHTGcAANriq5Bv8R2yw37TJQAAADCIYRUAAIB2lDeG9IMFxfKHbdMpAAAAaENuzm7TCQCADrDKN8m/6gemMwAAAGAQwyoAAABtCFm2HlhYorLGsOkUAAAAtMUhZSe/aroCANBBoT0vKrjrGdMZAAAAMIRhFQAAgDb87YNybSzxmc4AAABAO7Ly3Eq1dprOAAB0gv/9nyhcus50BgAAAAxwmw4AAACIVov21+ulrTWmMwAAQB+ZcF62zr/3pG4/Z9GjG5W/pqQHij7kdDs17swRyj5xsIaM7a+UfknypLjlrwuovtynoh0VOrCqWJWH6zr8zGEnDNQJF+Ro2MSBShuYLIfTIW+NX2X7arRn+REd2Vze6c7LfvlpDT9hUNPxutf3aNP0/Z1+Tlfl5h7os/cCAPQQKyDfki8r9colcqZmma4BAABAH2JYBQAAoAUHqwL6zbtHTWcAAIAEl3fKUJ15x2RlZqU1ey1tYIrSBqZo6IQBOunysdr3XqFWPbNDIX/r2xc6nA6d9eUpmvy5vGavZWalKTMrTWPPHKEDHxTr3X9tUThodahz8hfyIgZVKg7VavOsvh0eyU59XepYLgAgitgNRfIv/YpSLnpTDie/sgAAAEgUbAMEAABwnMagpR++U6zGoG06BQAAJLDxZ4/U579zcouDKsdzOh2aeH6OLvrRqXInu1q97lPXT2hxUOV4Y88YoTPvmNyhzvRBKTrtxhOajq2wpfee2Co73Hd/lhqU7VG6tbHP3g8A0LPCxSsUWPOg6QwAAAD0IYZVAAAAjvObZaXKrw6azgAAAAksa/wAnXfviXK6Ovejm+GTBuncr01r8bWMISk66bIxEed2vHNIL967WM98+R2tfnFXxGuTPpunwaP7tfueZ989VUlpH38Sftu8fJUfrO1Ud3fljT7Up+8HAOh5we3/UnD/W6YzAAAA0EdYUw8AAOAYL26p0qID9aYzAABAFHn12++qvtzb4ettq/sripx155RmgypWyNK61/dq/6oi+euDGpSXqdNvPkHDJw2KuG7cmSO1a/FhFe+ojDh/wmdyI55ZXVSvVc/ukP6Xu3XuQWWfOEQ5Jw1pumby5/O04sltrXaOO2uE8k4e2nRcU9Kg9a/v7fTX213ZaW+xBRAAxAH/im/JOXCSXIOmmE4BAABAL2NlFQAAgP/ZWOzV31ZXmM4AAABRxrbsTv2nu0ZMGaSssf2bnV/90i5tmX1ADRU+hfxhle6t1rw/rG1xkOb4FVQ+eu6xCjaUNg2qfOTQ+qMRxyOnDW61MznDozNui9wqaMWT2xQO9u3UyIDhHmVaH/TpewIAekmoUb7Fd8gO9O0KXQAAAOh7DKsAAABIKm8I6SeLShTmE7kAAMCwCedmNzvnqwtoxzsFzc6HA5a2L2i+BU72SVlK6ZcUcW7wqMgtfaoLG5rdV10YucJcv6FpSs7wtNh5xm2Tldo/uel415Lmq7n0hbwxhX3+ngCA3mPXHpBv2b2y7e4PgAIAACB6MawCAAASXsiy9ZNFJapoDJtOAQAAUM4nspqdK9xW3uqqLYc3ljY753Q6lPvJj5/jTnbJkxK5G7S3xt/sPm9NoNm544deJCnnpCERQzUNVT6teWlXi329LTtjtpH3BQD0nvDhBQpu/LPpDAAAAPQihlUAAEDCe+yDcm0q8ZnOAAAAUEZWqtIGJDc7X3mortV7aoobFAo0H7odNnFA0197Ut3NXm9pu56WziWlRa6s4k526ey7p0WcW/Xf7Qo0hlpt7C39sjzqby3t8/cFAPS+wMY/KVTwjukMAAAA9JLmP6kAAABIIAv31+nlrTWmMwAAQJRLTvdo8hfyNOpTQ9VveLpcHqe8NQFVHanTofWl2reiUOFA9/cTHJSb2eL5mpLGVu+xbam+zKsB2RnHPatf5EVdddy9p904UZlZqU3HB1YX69C65qu79IXcsUeNvC8AoC/Y8r17r9KuXCxnvzGmYwAAANDDGFYBAAAJ63BNQL9718wvVgAAQOwYdeownXzNOKVkRG6Hk5mVqsysVOWdPFSnXDNe7z+7Q/lruzc8kTEktcXzvtrmW/Ycy1vjbzaskjn042e1tOqJy9N8wV13UvNzx947dMIATf7iqI+76gN6/7875PI4dcJncjTq1GEalJuppHSPgr6QaosbdXhTmXa8c0j+hmCbX0NX5GS+LXVjDgcAEOUCNfItul2pV7wjh7vlf0cCAAAgNrENEAAASEjBsK0HFh1VQ5DfbgAAgLadefvkZoMqx0sflKLPfetkTb1wVJvXtSe1f8vv094WOy29npyZJIfjw78OBy0FGiOHRVL7N99uKKVf5Pvblq3G6g8HZZwuh8796jQ5nY6m11e/sEvuFLeu+cM5OuvOqcqeNkSp/ZPlcjuVkpGkoRMG6FPXT9B1j5ynrPED2vwaOit9kEcD7fk9+kwAQPSxqnbI/8FPTWcAAACghzGsAgAAEtL/fVCuXeVtf0IZAACgMxxOhz5922QNnzSoy89ISmt5EdxQINzmfaFg89edToeS0jxNx2UHIrc+HJiTcfwtGpgTuQ1RdVG9gt4PB2E+edW4iNePbCnXwdUluuhHp6r/iPQ2+1L7JenCH35KaQOaD8h0Vd64ih57FgAguoV2P6vQwZmmMwAAANCDGFYBAAAJZ9nBer26rab9CwEAADrJ6XTo7Lumdvl+l8fV4nnbans1OCvU8uvHbvVTuDVyuGPUqcOaVl75yOjThkUcH95UJkkakJ2hT1wxrul80BfSiie36cRLx0QMqnhr/Jr729V6+vYFeuvHK1RdVN/0WkpGkk69aWKbX0dnZPd/p8eeBQCIfr4V35ZVd8h0BgAAAHoIwyoAACChlNQF9Zt3S01nAACAGBJoDGnNS7v0yreW6enb5uvFexfr3X9vUV1ZY4vXD8zJUPZJQ7r0Xk6Xo8XzttX2fbbd8rCK45jn7V56WEHfx9sF9RuWprPumqqUfknypLj0ySvHaeTUwU2vWyFLOxYWSA7p3K9Nixh8WffaHjVUeDXps7kR77f+9b0q3lEpK2SpsqBO7z+7M+L1sWeMUFJ6y6vHdEZqf7cGW3zCHgASSqBWvqVfkW0F278WAAAAUa/7Px0AAACIESHL1gOLj6rW385vewAAQELy1wdVkV8bcS4ctLT88S2qLmpoOuetDWjv8kId3limK397pjKz0po9K+/kLBVuKe90gxVueeiktSGWj19v+fNIxz7PXx/Umpd2R6z8MvlzeZr8ubwW793w5j7Vl3k19aJRGjZhYNP5o3urtH3BIQ3O66f0QSkR9xxadzTiuHBbuQLekJJSP/wRlDvJpRGTB+nQuu4ND+eNr5HD0fZqMwCA+GOVbVBg3W+VfPqvTKcAAACgmxhWAQAACeNfayu09ajPdAYAAIhSBRtKVbCh40MUvrqA1r6yR5+9/5PNXhs2cWDzGzogHAi3eL7dYRV3y6+Hg5HP27moQMmZHn3q2glyOFt/5pbZB7Rp5n5lDEnRqTd8vHVPOGjpvSe2SbY0ZEy/iHu8NX55awORD7Kl6qJ6DR03oOnUkDH9uz2skjNwicSsCgAkpODWf8g14ly5cz9vOgUAAADdwLAKAABICO8fbtDzm6pNZwAAgDhTsKFUVsiS0x25ssnxK450lL+h5a0NXEmuNu9ze5q/boUtBRpCzc5vmr5fh9Yd1ZQvjtKIyYOUPihFDodDDVU+leys1I6FBU0rzJx99zR5Uj7+8dGmmftVXVgvScrISo14bmO1v8U2b1Xk+YwhqS1e11EpGW4Ntt/s1jMAALHMln/5fXJetUzO9BGmYwAAANBFDKsAAIC4V94Q0oNLS/nwLQAA6HEhf1jeuoDSB0YOpySle7r0vNYGPpIz2n5eSmZSs3PemkALV36o6nC9Vj61vc1njj9npHI/kdV0XFlQp00z9zcdf7S1z0dC/pZXhQkdt1rM8fd1Vu6EejnVfAgHAJA4bF+5/O/eq5SLp8vhaHkrPAAAAEQ3/hQHAADimmXb+vmSo6r0tvzLEwAAgO5yuZv/eKW1wY321B1tbPF8S8MoEa/3a/56bUlDlxo+er8zbpvcdGxZtt77z1bZ4Y/Hf93Jkau5WOGWR4OPP+9OaXuVmPZkD1rerfsBAPEhXLxCwU2PmM4AAABAFzGsAgAA4tpTG6q0rshrOgMAAMQAT4pLmUPTNHTCAOWdMlQnXJAjV1LbPzpJTvcouYVVVHx1ra9q0paKgroWz/cfnt7qPU6XQxlDmm87VP6/rXy64sw7JkcMyGyfn6+y/TUR1xw/kON0OlrtO1bQ1/Uh4qQ0l4bqtS7fDwCIL/4dT2lPzW7TGQAAAOgCtgECAABxa0ORV0+trzSdAQAAYsCZt0/W1ItGNzsf9Id14P3iVu8bfdowOVoY0qg42LVBEV9tQNVF9RowMiPi/KBRma3eMygvU05X86Ga4p1d+3NQ7slZGnfWyKbj2tJGrXttT7PrAt7IrXhcyS2vmOJJifzxU6Ax2KUuScqZ4JVTvi7fDwCIHw1DP6VvjDhJtYde1etTfqB+7lTTSQAAAOgEVlYBAABxqdYf1s+XlKiV1egBAAAilO6rbvH8aTdNVFJ6y5/1yRiSolNvnNjia4XbK7rcUrChtNm57GmDm61Q8pFRpw5rdi7oC6lwa3mn39uT4tLZd02NOLfiyW0KB6xm19Yet2VRav+WtypKG5jc5n2dkTP4/S7fCwCIEw631k+4ThePmKY9DkslwWr9poBVtwAAAGINK6sAAIC49NDyMpU2dH2JeQAAkFgOrS9VwBtSUmrkj0oys9J09e/P1rrX9qpwS7n8DUGlDkjWqFOG6pRrxyu1f3KzZ/kbgs1WY/nKSxc3u66urFGvfuvdZuf3vFuoky4bG3EuKc2jKReO0ra38yPOJ2d4NPnzec2esX9VUYsDJu057eYTlDH440+m7152REXbWh68OX5boPSBKUrJTIrYAsnhcjRbJeb4+zrKk+LSMMfLXboXABAfrPQcPTL2i5rhivx+/52qzTqz/ANdM+QMQ2UAAADoLIZVAABA3Jm7p1aLDtSbzgAAADEk5A9r58JD+sQV45q9lpmVps/c94kOP2vr2wcVPG6LnM6oLqxX/rqjGn3ciimn33SCHE6H9q8sUtAb0pCx/XXGrZOVkhm5okk4ZGnzrIOdft9hJwzU5M99PPjSWOXT6hd3ttlZU9Kg/sPTm86N+fRw7VxU0HScd3KW3MdsD+SrD6iki9sTZY8PyCX+jAcAiao8+wJ9LWu0jqrlD6b86fAMnZIxVqNThvZxGQAAALqCYRUAABBXiuqC+vPKzi95DwAAsHH6fo06dVizlUA6o2h7hTbP2N/tlg+e36mRUwYrKe3jH9043U59+pZJ+vQtk9q8d+P0faor7dxWO063U+d+ZZoczo+3Glr1zA4FGtoeutnxToHOvH1y0/Gnrp+g6qJ6Hd1TrcGjMnXGbVMirt+z7IjCwc6v+CJJuUPXdOk+AECMc6dq/oRr9Jtkt6TW9/r1WgH9+OALev6Eb8rj5FcfAAAA0c5pOgAAAKCnWLatXy45qoYuLHkPAAAQ8oc176G1qilp6NL9R7aUa9GjG2S3/nu0Dqsv8+qdh9cr6OvcCi07FxVo0/TOD8ucfPU4Dcj+eEjn4JoS5a892u59OxYeUvnBj7f1SclM0qU/+7Tueu5CXfmbs5SZ9fGWQnWljdr41r5Ot0mSK8mpYY6XunQvACB2BQZM0g+m3vy/QZX27Ww8or8Vvd3LVQAAAOgJDKsAAIC48ezGKm0q8ZnOAAAAMayhwqcZD6zUzsUFCoc6NgDrrQ1o9Uu7tOCPa9tdiaQzSnZV6u3frVHFodp2rw14Q1r90i6tfHp7p99nUG6mTrp8bNOxvyGoVc/s6NC9dtjWgj+tixhYaUlNSYPe/v1aBX0tb93QnuzxYblV1aV7AQCxaf/oS3XZqDO0ytG5f3c8d/RdfVC7p5eqAAAA0FNYCw8AAMSFnWU+PbG+0nQGAACIA0FfWCuf2q6Nb+7TuLNHavikgRqYm6nkdI88yS75G4Ly1QVUfrBWhVvKlb/uqEL+rg1htKdsf41mPLBSo08frrxThiprXH+l9k+Wy+OUrzagmuIGHd5cpv0ri+StCXT6+Q6HdM7Xpsnl/vjzTKtf2CVvtb/Dz/DWBDTz5+9rwrnZGnvmcA0e1U9J6R4FvSFVFtQpf+1R7V56uMvb/0hSzrANXb4XABBb7ORBem7CFXrCbautbX9avV+2fpb/kt6c8gP1d6f3fCAAAAB6hMO2e2JxWgAAAHN8IUu3vXlY+dVB0ykAAMCwb1dVy7ulzHQGepDT7dBVF3xHSXap6RQAQC+rH3qq7h9xovY4ur+978UDT9Yfxt7WA1UAAADoDWwDBAAAYt7/vV/BoAoAAECcGjFODKoAQLxzuLV2wnW6ZMTUHhlUkaR5VRu1sGpzjzwLAAAAPY9hFQAAENNWFjTojR01pjMAAADQS3JHbDGdAADoReGMHP3hxNv17fR0hR09++zfFbyhimBdzz4UAAAAPYJhFQAAELOqvGH9ehmfsgUAAIhXDpdDI9wvms4AAPSS0pzP6LpxX9BsZ7hXnl8VatCvDr3WK88GAABA9zCsAgAAYtbvlpeq0ts7P9ACAACAecPHOpRsHzGdAQDoae40vT35S7p6SJ5Ke2jbn9a8W7NdM8vX9Op7AAAAoPPcpgMAAAC6YsbOGr2b32A6AwAAAL0od+QO0wkAgB4WGDhJP849S6t7aTWVlvzp8Ayd3m+CRiQN7LP3BAAAQNtYWQUAAMSc4rqg/vp+uekMAAAA9CKHQxrpecV0BgCgxzi0b8xluiTv0306qCJJ9ZZPv8x/RbZt9+n7AgAAoHUMqwAAgJhi27Z+826pGoP8gAkAACCeDR3jUoq9z3QGAKAH2CmD9d9pd+iO/oPldZhpWF23V6+UrTDz5gAAAGiGYRUAABBT3tpZq7WFXtMZAAAA6GW5OXtMJwAAekD90NN05wlX6Em3+Q+dPFo4V4d8ZaYzAAAAIIZVAABADCmuC+qxD9j+BwAAIO45pJHJr5quAAB0h9OjNROu10UjpmifwzJdI0nyWQH9PP9lhe3o6AEAAEhkDKsAAICYwPY/AAAAiWNInltp1g7TGQCALgpn5OqhqbfpO+lpsg1t+9OazQ35euboUtMZAAAACY9hFQAAEBPY/gcAACBx5OUeMJ0AAOii0pzP6Lpxn9ccV9h0Sqv+VTRfe71FpjMAAAASGsMqAAAg6rH9DwAAQGIZmfqG6QQAQGe50zVn8q26ekieSqNk25/WBO2wfnrwZQXt6B2oAQAAiHcMqwAAgKjG9j8AAACJZVCORxnWBtMZAIBOCAycrO9MvUkPJbtMp3TYbm+hHi9aYDoDAAAgYTGsAgAAohrb/wAAACSW3FGHTCcAADrMoT1jL9cleadrjSNkOqbTni5Zom0NBaYzAAAAEhLDKgAAIGqx/Q8AAEDiyU6bYToBANABdsoQPTntDn253yB5HaZruiYsS7869CrbAQEAABjAsAoAAIhKbP8DAACQeAYM96iftcp0BgCgHXXDTtcdJ1yh/7pj/3v2Pd5iPVuy1HQGAABAwmFYBQAARCW2/wEAAEg8uWOKTCcAANri9OiDiTfo4uGTtd8RP6uRPFH8jvJ9paYzAAAAEgrDKgAAIOqw/Q8AAEBiysmYbToBANCKcOYo/W7abfpeWqrsGN32pzV+O6RfH3pNth37K8UAAADECoZVAABA1PnDe2Vs/wMAAJBgMrM86m8tMZ0BAGhBSc7ndM3Yz+htZ/yspnK89fUH9Gb5B6YzAAAAEgbDKgAAIKos2FenVYcbTWcAAACgj+WNPWo6AQBwPE+GZk2+VdcOyVG5I/4/VPJo4WyVBWtNZwAAACQEhlUAAEDUqPWH9ZdVbP8DAACQiLL7zTedAAA4hn/QFH17yg36Y7LLdEqfqQv79FDBm6YzAAAAEgLDKgAAIGo89kGFKr3xu6QwAAAAWpY+0KOB4XmmMwAAkiSHdo+9XBfnna61jsT7Hn1x9VYtrtpiOgMAACDuMawCAACiwvoir2btYqldAACARJQ3vkKOBNheAgCinZ0yRE9Mu1N39RskvxL3/5cfOvyW6sJe0xkAAABxjWEVAABgXCBs66H3ShP4x2AAAACJLbv/QtMJAJDwaod9WredcLmedVumU4wrC9bqr0dmm84AAACIawyrAAAA457eUKlD1UHTGQAAADAgtb9bg+1ZpjMAIHE5k7Rq4g26ZPgkHXQwqPKRt8pXa33dftMZAAAAcYthFQAAYNTBqoCe21RlOgMAAACG5I2vkUNh0xkAkJDCmaP0m2m36gdpqbIdpmuiiy1bvzr0mgJWyHQKAABAXGJYBQAAGGPbtn6/vFRBPrgFAACQsHIGLjWdAAAJqTj387pq7Gc138nAYGsO+cv0RPE7pjMAAADiEsMqAADAmOk7a7WpxGc6AwAAAIYkZ7g12HrLdAYAJBZPhmZMuU3XDc5WJdv+tOu/R5dqr7fIdAYAAEDcYVgFAAAYUd4Q0t9WV5jOAAAAgEG54+vldARMZwBAwvANmqb7J9+gPyfxq4GOCtlhPZj/miybwR4AAICexJ9IAQCAEQ+vKlN9gB/0AAAAJLKcwe+ZTgCABOHQrrFX6JK8U7WBbX86bVtjgV4tW2k6AwAAIK4wrAIAAPrce4catPhAg+kMAAAAGJSU6lKWXjOdAQBxz07N0uPT7tTd/QbKL9t0Tsz6R9F8VQTrTGcAAADEDYZVAABAn/KFLD28ssx0BgAAAAzLmeiTS17TGQAQ12qHn6EvTbxcz7lZ2bS76sJePVo4x3QGAABA3GBYBQAA9KlnN1apqC5kOgMAAACG5Qx533QCAMQvZ5JWnnCjLhl2gg452Panp8yuWKfN9fmmMwAAAOICwyoAAKDPHKkN6vnN1aYzAAAAYJgnxaVhesl0BgDEpVDmaP1q2q36YWqKbIfpmvhiy9bvC95U2GalGgAAgO5iWAUAAPSZR1aWyR9mf2wAAIBElz0+IJfqTWcAQNwpyv2Crhp7gd5xsppKb9nlLdTrZatMZwAAAMQ8hlUAAECfWJ7foBUFjaYzAAAAEAVyh641nQAA8cWTqelTbtP1g0eqysGHRHrb34vmqTLI0CUAAEB3MKwCAAB6nT9k6ZFVZaYzAAAAEAVcHqeGOtkCCAB6im/wNN035Xo9nMSP+/tKXdirRwvnmM4AAACIafzpFQAA9LrnNlWrqC5kOgMAAABRYOSEsDx2pekMAIh9Dqd2jL1Sl+R8SpscbPvT12ZVrNWW+nzTGQAAADHLbToAAADEt8LaoJ7dVGU6AwAAAFEid9hG0wnRJam/kj/9O3km3tzspcCGPyqw8U+dfqRz6Glyj7pUrhFny5E+Uo7kgVLIK9tbpnDpOoUOv6Nw/mxJvb1ViEOu0ZfJnfM5OYeeJmdqluTJlB2olt1QrHDJSoUOzpZVuqbDT3QOnCLP5LvkHH6GnOk5kitJtq9SVvkmhQ68qdDBmZJtdaoy+YLH5Rl3XdNxcPcL8q/4VqeeAfQ1O3Wo/j3uUr3g7tx/39FzbNn6XcGbennyd+R08LlgAACAzmJYBQAA9Kq/rCqXP8x+2QAAAJCcboeGu17q/RmJGOHKvVDJZ/9FzvThPfI8R9pwJZ/9iNx5F7XwZslyJA+Qc8AEeSberHDldvlXfEdW2foeee/jOYeepuSz/yLXoCnNO1OHSqlD5RryCSVN+38KHZon/8rvyvaWtvlMz8k/UNLJP5TjuF8KO9JHyJk+Qu5RFys86U55F90hBao71OnK/ULEoIrVUCL/mp936F7AlJrhZ+rrwybpkINBFdN2eQv1etn7unHo2aZTAAAAYg7jvgAAoNesLGjQ8kMNpjMAAAAQJUaMk5LsEtMZ5iUNUPL5/1bqF1/quUGV9JFKvWRWy4MqLXANmqrUi96Sc9ine+T9I5494jylXvRmi4MqLXGPulipl8z8cIiltWtOuF3Jp/y42aBK8/c+RymfeaJjoZ4MJZ/1cMQp//s/lAK1Hbsf6GuuZL13wk26ZPhEBlWiyN+L3lZVqN50BgAAQMxhWAUAAPSKQNjWwyvLTWcAAAAgiuSO2GI6wTjXqEuVdu0qecZf33MPdbiV8oUX5ew/rnO3JWUo9QsvypHWMwMzkuTIHKWUzz8vhye9U/c5B0xUyueeleRo/qI7XcmnPRhxKnRwthpe/YTqnxkp37J7ZVvBjy/P+Zxcoy5r9z2TTv2FnBk5xzxzlsKH5naqG+groX5j9cupt+rHqcmmU3Cc2rBXjx6ZYzoDAAAg5jCsAgAAesVzm6p0pDbY/oUAAABICA6nQyM8L5vOMMeVquTP/Eepn39OzrRhPfpoz+QvyzX4pGbnQ4ffUePMz6v+2Tw1vPpJBTb9RbYduRqDI3mgkk7tuW1vkk/7lRxJGc3OB7b+XQ2vn6b6Z3PVOP08hQ693ewa17DT5Z5wc7Pz7rFXy5Hcv+nY9tfIt/z/ya4/IoX9Cu1/XaE9L0Xc45n85TY7ncM+HXGN7a+S//0ftfv1ASYcyfuCrhxznhY5Q6ZT0IqZFWu1pT7fdAYAAEBMYVgFAAD0uKK6oJ7ZVGU6AwAAAFFk+FiHkq0C0xnGONKGyzP2mmbnwyXvy7fye915sjzT/l/z55ZtlG/hl2SVb5RCDbLrDyuw/ncKbvtns2vd467tkdVVHJmj5Rp9abPzgW3/UmDNL2XXHpBCjbIqt8u36HaFyzY0u9Zz4n3NzrlGnBNxHC5aJoUaI86FCuZF3jPs05LD3XKoM0kp5zwasaWQf/UvZHtLW/vSACNsTz+9MeV23ThopKodtukctMGWrd8ffkuWzfZMAAAAHcWwCgAA6HGPfVAuf4gfpAEAAOBjudk7TSdEFdtfI9/K78k79zLZ1Xu7/Bzn8DPlzMxrdj6w+VGphV+aBrf8TbYVjjjncHrkHnttlxs+4h5/fcQAiCTZVliBzX9t4WpbgS2PNTvrGjhJziGfjDx33KoxVvWeZvcdf87hTpVz0JQWO5M++T05B0xsOg4VLlVo70stXguY4ht8ku6bcp3+mtTC1liISjsbj+iN8vdNZwAAAMQMhlUAAECP2ljs1eIDDaYzAAAAEEUcDmlkUgJvAXScUP5cNb51lkK7nun2s9w5n292zraCChcubfF621cuq3xT8+fkfbFXWqzyjZKvosXrw4VLZVvNtzVx50a2OFIGRxzb3rJm97R0zpEypNk558DJ8pz0zY/vC9bLv+K7LfYBRjic2j7uKl2Sc7I2O8LtX4+o8vfCeao9buUnAAAAtIxhFQAA0GNs29Zf3y83nQEAAIAoM3S0WynWPtMZxlmNJfIuvlO+xbfLbizpkWe6hp7a7Jxde0gKtT5AblXtaHbOOeRkyeHqeogzSc7BJzZ/r8ptrd8TrJdd33xrKOew0yNPJGVGHNphX/NntXDOkdz/uBNOJZ/7mByupKZTgfW/b7EBMMFKHaa/T7tDX8vsLz8LqsSkmnCjHi9eaDoDAAAgJjCsAgAAeszbe+u0s8xvOgMAAABRJjen+bYticb2HlXjm2cqnD+7R5/rHDi52Tmrdn+b91i1B5qdc3jS5eg3tusd/cfJ4Upu/l41zd+rvdedA4/bvsfu4hajx93nmXqPXFmnNB2HS9cpuP2Jrj0b6GHVI87SLRMv1cuu5tt3Iba8WrZCh/18kAcAAKA9btMBAAAgPviClv65puXlvQEAAJDYRia/KnVx3iBu9Ma2EJ4MOVIGNTtt+9r+JWlLW+ZIkjNzlMI1e7uU4sjIa/m9utDiTBsmudOa/p7ZwVo53Ckfv5crpdk9cqU2f3agJqIv6ZSffPxa2C//e9+UHE65x10n95gr5Rz8CTlSBkphv6y6fIULlym4/QnZjcVtfg1At7iS9e74q/VAarIktv2JB0E7rL8ema2/jPuy6RQAAICoxrAKAADoEc9vrlZpAz9YAwAAQKQheW6l2dtNZ8QlR8qQFs/bgdo272vtdUfq0K63pHaxJdhKS8qQpu157MZS6Zg2R2pWh97/2K2Wks/5qxye9Kbj4OZHZfnKlXrZPLmGfiryRleyXINPkmvwSfJMvlu+ZV9TuGB+m18H0BWhfmP1q9EXaImT76XjzeLqrdpQd0CnZHZ9xSoAAIB4xzZAAACg20obQnpuc5XpDAAAAESh3Ny2t4FB1zmS+rf8QsjX9o0hb8vPS27led1pCbf8Xh+3tNzqSB7Q9NdW+aaI15wDJjW7/vhzdqBOVtUuSZJ7ws1yZ1/wcVLVTgW2/J9SP/dM80GV4zs86Ur57NPNtyYCuulI3hd1xdjzGVSJYw8fmSm7q9uYAQAAJACGVQAAQLf9c02FfCF+AAMAAIDmstPeMJ0Qv1zJLZ+3Q23fZ7Xyekvb63S4pZV7rXZ+EW8FW3nex19buHBp5EvZF0iezIhz7tGXRxyHC5dIsuVIyVLy6b9uOm9bYfnf+5bcY66Wa/hZH58PNcq7+E7VPzNSDa99SuGjq5tec7iSlXzmH9r+OoAOspP66/Wpt+vGQSNUI8t0DnrR9sbDmle1wXQGAABA1GJYBQAAdMuOMp/e3lNnOgMAAABRaFC2RxkWv6jrNc5Wdvi22/sFeCuvO1zdaGnl3vZaWnv9mK8tlD9HVkNR07EjKVMp5/9LjvSRkitF7gm3yD3+hojbA9ufkCQlnfkHOVIGNZ0P7nhCVtl6eSbfFXF9cPsTCufPlsJ+2XX58i2/P+J114iz5eg/se2vBWiHd/BJ+n+Tr9WjHofpFPSRxwrflr+1oTwAAIAEx7AKAADolkdXlYs1VQAAANCS3FEFphPiW2srpLQ2xNLe6609r0Mtrayg0m6Lp5XnHfPLXTsk/8rvRrzsHnWx0m/aqow7C5Vy3t/kOGZYJrj7OVlHP5Ar72J5xl718SNr8xVY/3spqX+z7X9Ch96OOLZr98uq2h35njmfaftrAVrjcGrr+Gt0cc7J2uJg259EUhyo0gtH3zWdAQAAEJUYVgEAAF225EC9Npa0vMc8AAAAkJM+w3RCfAu38mfx1gZA2nu9ted1qMXbynt1cXAm7I88PLxQvuX3yz7u/PGC+16Xf9WPJE+mks/6c8Rr/pXfk0KNcg35ZLP7rModzROqdkamDjm5zfcGWmKlDddj0+7QvRmZCrKgSkJ6qmSxKoKsSAsAAHC8dr5bBAAAaFkgbOux1eWmMwAAABCl+g/zKNNaaTojrtn+6pZfcKW0fWMrr9v+qm601LTyXqlt3+hu+XXbV9nsXGjvSwoXvyfP1K/JNfJ8OTNGSU63bG+pwqVrFNr9gsLF70mSks98SM70EU33Bve8pHDRMkmSIyM38r0CtS0O29jeoxHHzoyctr8W4DhVI87R14dO1GFWU0loDZZf/yyar5+Put50CgAAQFRhWAUAAHTJq1urVVjbjWXCAQAAENfyxhSZToh7tre0xfOO5IFt3udIGdzy8xqPtni+Qy2NJa20DGinZVDzZ1lh2d6ylt+n/rACq3/e5jOdw8+U+4Tbm46txqPyr/7Zx++ZlBn5zGBjyw8KHTfA4sls+TrgeK4ULZ1wjX6W4pHEoAqk6eWrdfPQczU+dbjpFAAAgKjBNkAAAKDTqr1hPb2x65+6BAAAQPzLyZxjOiH+hX2yGoqbnW5tGKW9163a/V1OseryW3mvIe20NH/dbiiUrEDXQlzJSjn7UTkcH//Y0//+j6TAMSu/uNOOe8Ngy8+yIs87PGktXwccI9R/nH429Zb/DaoAHwrL0l+PzDKdAQAAEFUYVgEAAJ329MZK1Qcs0xkAAACIUplDPOpvLTadkRCsym3Nzjn7jW3zHmf/8c3O2b4K2fWHu9xh1x6UHahv4b3aaek3rtk5q2JLlzuSTv6hnAM+/vpC+XMUzp8deVHouJVUHK0sPu2MHDawgw1d7kJiKBh1kS4ffa6WOllNBc2tqN2l92t3m84AAACIGgyrAACATimpC+rNHbWmMwAAABDF8sa1vD0Nel645INm5xwZuW1uWeMcfGKHntM5tsKla5q/16Cprd+SMljOjOwWWlZ2qcA5aJo8J973cZG/Wv5VP2xeGoj8fsbhTm35ge70yOMA3wehZXZSf70y9Q7dPHCYah226RxEsUeOzJJl8+EfAAAAiWEVAADQSf9eV6lAmB++AQAAoHXZ/eabTkgY4YJ5zc45nC65cz/f4vWOzNFyDZzc7Hzo0NweaGn+z905+CQ5Uoe1eL0776Jm52zbUuhQ86+pXQ6nks/9PzmOWQ3Fv+YXsr1Hm79HbX7krckDJGdSs+ucacMjjq3ag53vQtxrHPJJfX3ytfobu/6gA/Z6izWjovlgHwAAQCJiWAUAAHTY/kq/5u2tM50BAACAKJY+0KOB4bdNZyQMq3q3wqXrm533nHi/5Gj+o7+kT36/2TnbX6PQwVktPj/tho3KuLui2X9aEtz/puyQN+Kcw+GU5xPfbn6xM0lJJ36z2elw0btd2o7IM+0+uYZ8suk4VLRcoT0vtnhtuGKzbCtymxbnoCnNE487Fy7b0OkuxDGHS1vGX6NLsj+hrQ62/UHH/aNwnrxWwHQGAACAcQyrAACADvvnmkpZLKoCAACANuSNr5CDbTBa5nC1/p8Wr3d26PrAlkeb3eoa8gmlfP6FD7f8cafJkTlGSWf+UZ6JNze7NrDtn1LY2+x8pwWqFdz1bLPTSVO/pqTTfilHRp7kTpNzyClKufA1OQeMb/6ITY90+m0dmaOVdMrH2/3YwQb5V3y79RuC9QoXr4g45R5zZcSxc9A0OfuP+/iZVkjhw+90ug3xyUobof+bdru+npGpoMN0DWJNeahOL5W+ZzoDAADAOLfpAAAAEBs2l3i1/FCD6QwAAABEuez+iyRmVZpxT7hZKef9vVP3JJ38AyWd/IMWX6t/anDTX4cPva1Qwfxm2+q48y6UO+/CNt8jXLVLwa1/61RXWwIb/yj36MvlzMiOOJ900jeVdFLzlVSOFdz9gqyS9zv9nsnnPCqHO+3jhg1/kF13qO332vmk3NnnNx17pnxV4bKNCh9eIEfmaCUf988qfGiu7MbiTrch/lSOPFf3Zo1XocMynYIY9kzJEt2QdZYyXammUwAAAIxhZRUAANAh/1jd8lLfAAAAwEdS+7k12J5pOiMh+Zbdo3Dp2k7dY9UelG/+9VLY33MhgVp5F1wvy1vWqdtCBfPlX9V8i6L2uCfeKvfIc5uOw2UbFNz+73bv+2jA5yMOd6pSP/dfZdxZpPRrV8k1+MSm12x/tfwf/KzTbYgzrhQtnnSLLh86lkEVdFtt2KtnS5aZzgAAADCKYRUAANCuFYcatLHEZzoDAAAAUS53Qq0cCpvOSEzBennnX6/g7hdk2+3/Ij2UP1feuZfLbizq8RS7ere8cy9TuHhl+9eG/QpseUy+xXdKVrBT7+NIHabk0391zLMC8r/3TakDX7/04YBP6MiSNq+xvKXyzr+uV/4+IXYE+4/XT6beol+keEynII68WLpclcF60xkAAADGsA0QAABok2Xb+ucaVlUBAABA+3IGLmULIJOCdfKv+JaCO56Qe+w1co08T470bDmSB8oO1MhuLFa4eKVCB2fK6uQqLJ1l1+yT9+0r5Mr5nNyjLpFz2Blypg2T3GmyfZWy6/IVKlyq0P432t2ypzXJZ/1JjuQBTcfBLf8nq2pnxx8QrJdvwfVyjb5cnvE3yDnkZDlSBkuhRlk1exUqWKDgjielYF2X+hAfDo26SPcOGK5aB4N46FmNll9PlSzWD3KvNJ0CAABghMO2bX6EAAAAWvX2njr9culR0xkAAAAd8u2qanm3dG77EfSM5Ay3rjz9djkdAdMpANBtdvIAvTz+Sv2DxVTQi5Idbs2e9oCGJQ0wnQIAANDn2AYIAAC0Khi29fg6VlUBAABA+3InNDCoAiAuNGadrHtOuIZBFfQ6vx3S48XvmM4AAAAwgmEVAADQqrd21qioLmQ6AwAAADEgZ9B7phMAoHscLm0af60uGXmStjvZ9gd9Y2b5Gh32l5vOAAAA6HMMqwAAgBY1Bi09vaHKdAYAAABiQFKqS1l61XQGAHSZlT5Sj0y7Q/dlZCjoMF2DRBKSpX8WzTedAQAA0OcYVgEAAC16ZWu1Kr18kgwAAADty5ngk0te0xkA0CUVI8/TjeMv1FsuvgeGGfMrN2qvt9h0BgAAQJ9iWAUAADRTH7D00pZq0xkAAACIETlDPjCdAACd50rRwkm36IqhY1TksEzXIIFZsvWPwnmmMwAAAPqU23QAAACIPq9uq1aNnx/UAQAAoH3uZKeGOl42nQEAnRIcMEE/yztXK5yspoLosLRmm7Y2HNKJ6aNMpwAAAPQJVlYBAAAR6v1hVlUBAABAh+VMCMqtWtMZANBh+aMv1mWjzmJQBVHn76yuAgAAEgjDKgAAIMLL22pUy6oqAAAA6KCcrHWmEwCgQ+zkgXph6h360oChqneYrgGa+6Buj9bW7TOdAQAA0CcYVgEAAE3q/WG9zKoqAAAA6CCXx6lhrhdNZwBAuxqyTtFXJl2tf3lMlwBt+3vh26YTAAAA+gTDKgAAoMnLW2tUF2BVFQAAAHTMyPGWPHal6QwAaJ3DpQ3jr9XFI0/ULgfb/iD6bWrI1/KaHaYzAAAAeh3DKgAAQJJU5w/rpa3VpjMAAAAQQ3KHbzCdAACtstKz9fC0O3R/RobCbPuDGPLvogWmEwAAAHodwyoAAECS9NKWatWzqgoAAAA6yOlyaLjrJdMZANCi8uzzdf34L2q6i9VUEHu2Nx7WyppdpjMAAAB6FcMqAABAdf6wXtlWYzoDAAAAMWTEeCnJLjGdAQCR3Kl6Z/ItujJrtEocfCADses/JQtNJwAAAPQqt+kAAABg3ousqgIAAIBOyhm+1XQCAEQIDpion406VyscIdMpQLdtrD+odXX7dGrmeNMpAAAAvYKVVQAASHC1rKoCAACATnI4HRqZxBZAAKLHgTGX6tJRZzGogrjyn+JFphMAAAB6DcMqAAAkuBc3V6uBVVUAAADQCcPGOJVsFZjOAADZyQP13NQ7dVv/IWpw2KZzgB71Qd0ebWk4ZDoDAACgVzCsAgBAAqvxhfXqtmrTGQAAAIgxedk7TCcAgBqGfkp3TbpKj3sYUkH8+k/xQtMJAAAAvYJhFQAAEtir26rVEOSHegAAAOgEhzQy+WXTFQASmcOt9ROu18UjpmmPg5VCEd+W1+zQrsZC0xkAAAA9jmEVAAASVGPQ0mvbakxnAAAAIMYMHe1WirXPdAaABGWl5+hPJ96ub6anKewwXQP0DVZXAQAA8chtOgAAAJgxfWeNavx8Ag0AAACdk5uz13QCgARVln2B7skaraMKm04B+tTi6q3a7y3RuNThplMAAAB6DCurAACQgIJhWy9tqTadAQAAgBiUnfKa6QQAicadqnmTv6SrskbpqNjKFonHlq0nSxaZzgAAAOhRDKsAAJCA5u6pVWkDn0QDAABA5wzJdSvN2mo6A0ACCQyYpO9PuUW/TWaRcCS2BZWbdNhfbjoDAACgxzCsAgBAgrFsW89vrjadAQAAgBiUO+qg6QQACWT/mEt12agz9L4zZDoFMC4sS08VLzadAQAA0GMYVgEAIMEsPlCvgpqg6QwAAADEoOzUN00nAEgAdvIg/Xfanbq9/xA1ONj2B/jI7Mp1KglUmc4AAADoEQyrAACQYJ7ZyA81AAAA0HkDsz3KsNaZzgAQ5+qHnqq7Jl2lJ90MqQDHC9lhPV2yxHQGAABAj2BYBQCABLKqoEF7KgKmMwAAABCD8kYdNp0AIJ453Foz4XpdMmKq9jjCpmuAqDWjfLXKg7WmMwAAALqNYRUAABLIM5tYVQUAAABdk50+w3QCgDgVzsjRH068Xd9JT1PYYboGiG5+O6Tnji4znQEAANBtDKsAAJAgNpd4tbHYZzoDAAAAMaj/MI/6WStMZwCIQ6U5n9F1476g2U5WUwE66s2yD1Qf5mc8AAAgtjGsAgBAgnhmI6uqAAAAoGvyxhaZTgAQb9xpmjv5Vl09JE+lDst0DRBT6i2f3ir/wHQGAABAtzCsAgBAAthX4dfKgkbTGQAAAIhR2RlzTScAiCOBgZP03Sk36ffJLtMpQMx6qfQ9hWxWJAIAALGLYRUAABLAM5uqZJuOAAAAQEzKGOLRAGuR6QwAccGhfWMu1yV5n9Zqtv0BuqU4UKWFVVtMZwAAAHQZwyoAAMS5kvqgFh2oN50BAACAGJU3rsx0AoA4YKcM0dPT7tAd/QfJ6zBdA8SH548uM50AAADQZW7TAQAAoHe9tq1GYbb/BgAAQBflZM4Xy/QB6I76oafpvhHTtM/BN6dAT9reeFjr6/brU5njTKcAAAB0GiurAAAQxxqDlmbsrDWdAQAAgBiVPtCjgdZc0xkAYpXTo9UTb9BFI6YwqAL0kudYXQUAAMQoVlYBACCOzd5dq7oAPxAEAABA1+SOr5TDwbIqADovnJGnP4z5vN52hU2nAHHt3ZodyveVanTKUNMpAAAAncLKKgAAxCnLtvXK1hrTGQAAAIhhOf0XmU4AEIOO5nxW14z7LIMqQB+wZeuFo8tNZwAAAHQawyoAAMSp5fkNOlIbNJ0BAACAGJXaz63B9gzTGQBiiTtdsyffqmuG5KqcVZmAPjO7Yq2qQvWmMwAAADqFYRUAAOLUS1uqTScAAAAghuVOqJVDrIoAoGP8A6foO1Nv0h+SXaZTgITjs4N6rWyV6QwAAIBOYVgFAIA4tLPMp40lPtMZAAAAiGE5A5aZTgAQExzaM+ZyXZp3mtY4QqZjgIT1aulKBSz+NwgAAGIHwyoAAMShF1lVBQAAAN2QnO7WEPsN0xkAopydMkT/mXaHvtx/kLwO0zVAYqsI1WlO5TrTGQAAAB3GsAoAAHGmtCGkxQfYpxgAAABdlzuhQU5HwHQGgChWN+x03XHCFXrGbZtOAfA/zx99V7bN/yYBAEBsYFgFAIA489q2aoUs0xUAAACIZTmDV5hOABCtnB69P/EGXTx8svY7wqZrABzjgO+oVtbuMp0BAADQIQyrAAAQR7xBS9N31prOAAAAQAzzpLqUpVdMZwCIQuHMUfrdtNv0/bRU2Wz7A0Sl544uM50AAADQIW7TAQAAoOfM2VOnWj/LqgAAAKDrcib45ZLXdAaAKFOS+zl9dVCeKllNBYhqq+v2ak9jkSamjTSdAgAA0CZWVgEAIE7Ytq1XtlabzgAAAECMyxnyvukEANHEk6GZU27TtYNzVOngwxFALHiljO38AABA9GNYBQCAOLHqcKMKaoKmMwAAABDD3MlODXO8bDoDQJTwD5qqb025QX9K4sfIQCx5u3KD6sM+0xkAAABt4rsMAADixBvba0wnAAAAIMZlTwjJrVrTGQCMc2j32Ct0cd5pWse2P0DM8VoBzapYazoDAACgTQyrAAAQB4rrglp1uNF0BgAAAGJc7tB1phMAGGanZumJaXfqrn4D5ZdtOgdAF71etsp0AgAAQJsYVgEAIA68uaNGFj9DBAAAQDe4PE4Nc75oOgOAQbXDPq3bJl6mZ92W6RQA3XTAd1Rr6vaazgAAAGgVwyoAAMS4YNjWrF11pjMAAAAQ40aOt+SxK0xnADDBmaRVE2/UJcMn6aCDQRUgXrxWyuoqAAAgerlNBwAAgO5ZdKBeVT72EAcAAED35A7faDoBgAHhzFH63ZjPaYGT7yuBeLO0eqvKgrXK8vQznQIAANAMK6sAABDj3theYzoBAAAAMc7pcmi4iy2AgERTlPt5XTX2swyqAHEqJEtvlr1vOgMAAKBFDKsAABDD9lT4teWoz3QGAAAAYtzwcVKSXWI6A0Bf8WRqxpTbdP3gbFWy7Q8Q194s/0Ahm4E0AAAQfRhWAQAghr2+jVVVAAAA0H25I7eZTgDQR3yDpun+ydfrz0n8aBhIBKXBGi2r5t/zAAAg+vAdCQAAMareH9aCfXWmMwAAABDjHE6HRrpfMp0BoNc5tHPclbok71RtYNsfIKG8WrbKdAIAAEAzbtMBAACga+bsqZM3ZJvOAAAAQIwbNsapZPuQ6QwAvchOHarHx12q592WJL6PBBLNmrq9Oug7qjEpw0ynAAAANGFlFQAAYtSbO9gCCAAAAN2Xl73TdAKAXlQz/Ax9aeJl/xtUAZCoXmN1FQAAEGUYVgEAIAatLWxUfnXQdAYAAABinUMakfyK6QoAvcGZpBUn3KhLh52gQw62/QES3eyKtfJaAdMZAAAATRhWAQAgBr2xnVVVAAAA0H1DR7mVau0xnQGgh4X6jdGvpt2qH6WmyHaYrgEQDerCPr1dsd50BgAAQBOGVQAAiDEVjSG9e6jBdAYAAADiQG7uXtMJAHpYYd4XdNWY8/WOk9VUAERiKyAAABBNGFYBACDGzN1TpzBbjQMAAKAHjEx53XQCgJ7iydRbU27XDYNGqsphm64BEIV2eQu1pT7fdAYAAIAkyW06AAAAdM6s3bWmEwAAABAHBue6lW5tMZ0BoAf4Bp+o7+Wcpk0OVlMB0LbpFat1UsZo0xkAAACsrAIAQCzZXOLVoeqg6QwAAADEgby8g6YTAHSXw6kd467SJTmnMKgCoEMWVG6S1wqYzgAAAGBYBQCAWDJzF6uqAAAAoGdkp71lOgFAN1ipw/SPaXfoq5n95XeYrgEQKxosvxZVbTadAQAAwLAKAACxoiFgadH+etMZAAAAiAMDR3qUYa01nQGgi6qHn6VbJ16il1yW6RQAMWhG+RrTCQAAAAyrAAAQKxbur5M3ZJvOAAAAQBzIHX3YdAKArnAla/kJN+nS4RN0yMGgCoCuWV9/QEf8FaYzAABAgmNYBQCAGDFrd53pBAAAAMSJnLSZphMAdFKo31j9cuqX9JPUZNMpAGKcLVszK1hdBQAAmMWwCgAAMeBgVUBbj/pMZwAAACAO9B/mUT/7PdMZADrhSN4XdcXY87XIGTadAiBOzK5YJ8tmhSYAAGAOwyoAAMSAmbtqTScAAAAgTuSNKTadAKCDbE8/vT71dt04aIRqxC+VAfSc4kCVVtftNZ0BAAASGMMqAABEuVDY1ry9bAEEAACAnpGdOdd0AoAO8A0+SfdNuU6PehymUwDEqZnlbAUEAADMcZsOAAAAbXuvoEGVXpZ6BgAAQPdlDPFogLXQdAaAtjic2jb2Sn0zo5/8Dr4XBNB7llRvVW3Iq37uVNMpAAAgAbGyCgAAUW4WWwABAACgh+SNLTOdAKANVtpw/W3qHbons5/8LKgCoJf57ZDmV20wnQEAABIUwyoAAESxsoaQ3j/caDoDAAAAcSK73wLTCQBaUTXibN0y4RK94rZMpwBIIDPYCggAABjCsAoAAFFszp5ahW3TFQAAAIgHaQM8GmTNMZ0B4HiuFC074SZdNmy8DrPtD4A+tr3xsPZ6i01nAACABMSwCgAAUWzenjrTCQAAAIgTeeMr5XAwCQ1Ek1C/sfr51Fv009Rk0ykAEthMVlcBAAAGMKwCAECU2lXm08HqoOkMAAAAxInsAYtNJwA4xuFRF+qKsedriZPVVACYNbdyvYI2/18EAAD6FsMqAABEqXn76k0nAAAAIE6k9HNriD3ddAYASXZSf7025Q7dNHC4amSZzgEAVYbq9V7NDtMZAAAgwTCsAgBAFLJsW+/sYwsgAAAA9Iy88bVyiE9MA6Z5h3xCX598rf4vyXQJAERiKyAAANDX3KYDAABAc2sLvSpv5JcJAAAA6Bk5A981nQAkNodTW8ZeqW9m9FPQwfd6AKLPitpdqg41aIA73XQKAABIEKysAgBAFJq3l1VVAAAA0DOS090aYr9uOgNIWFbacD027Q59PbOfgg7TNQDQspAd1sKqzaYzAABAAmFYBQCAKOMLWVp2sN50BgAAAOJEzoQGOR0B0xlAQqoceY5umnCxXnVZplMAoF3zKzeaTgAAAAmEYRUAAKLM8vwGNQRt0xkAAACIEzmDV5pOABKPK0VLJ92sy4eOU6GDQRUAsWFD/QGVBmpMZwAAgATBsAoAAFGGLYAAAADQUzwpLg11vGo6A0gowf7j9cDUW/SzlCTTKQDQKZZsLajaZDoDAAAkCIZVAACIItXesD440mg6AwAAAHEiZ4JfLrvBdAaQMApGXaQrRp+jd51h0ykA0CXzKjeYTgAAAAmCYRUAAKLIO/vrFGKFaAAAAPSQnKEfmE4AEoKd1F8vT71DNw8cploH27oCiF3bGw/rsL/cdAYAAEgADKsAABBF5rMFEAAAAHqIO8mpYY5XTGcAca9xyMm6Z9K1+rvHdAkA9Iz5lRtNJwAAgATAsAoAAFHiSE1QW0v9pjMAAAAQJ7InhOS2q01nAPHL4dLm8dfokuyTtJ1tfwDEkXkMqwAAgD7gNh0AAAA+NG8fq6oAAACg5+QMXW86AYhbVtoIPTbuYr3uYkgFQPzZ7yvRXm+RJqSONJ0CAADiGMMqAABEiYUMqwAAAKCHuDxODXe9INmmS4D4UzHyXN2bNV5FDgZVAMSveZUbNSGbYRUAANB72AYIAIAosL/Sr4PVQdMZAAAAiBMjxlny2BWmM4D44krR4km36IqhY1XksEzXAECvms9WQAAAoJexsgoAAFFg8YF60wkAAACII7kjNplOAOJKsP8E/WLUuVruZDUVAImhMFCpLQ2HdFL6KNMpAAAgTrGyCgAAUWDxgQbTCQAAAIgTTpdDI1wvms4A4sahURfrstFnMagCIOHMr9xgOgEAAMQxhlUAADDsYFVAB6oCpjMAAAAQJ4aPcyjJLjadAcQ8O3mAXpx6h24ZOFT1DtM1AND33qnaLMtm2zMAANA7GFYBAMCwRWwBBAAAgB6UO2Kb6QQg5jVmnayvTbpG//SYLgEAc8qCtVpbt990BgAAiFMMqwAAYNgShlUAAADQQxxOh0Z6XjadAcQuh0sbx1+ri0aepB0Otv0BgAVVG00nAACAOMWwCgAABuVXB7Svki2AAAAA0DOGjXEq2T5oOgOISVb6SD0y7Q59IyNDYbb9AQBJ0qKqLQrZDO8BAICex7AKAAAGLWZVFQAAAPSg3OxdphOAmFSRfZ6uH3+h3nLxC1kAOFZNuFHr2AoIAAD0AoZVAAAwaPF+hlUAAADQQxzSyGS2AAI6xZWihZNu0RVZY1TisEzXAEBUWlK91XQCAACIQwyrAABgSEFNQHvZAggAAAA9JGuUW6nWHtMZQMwIDpioH029RQ+meEynAEBUW1a9XbZtm84AAABxhmEVAAAMYVUVAAAA9KS83H2mE4CYcXD0Jbps1Jla4WTbHwBoz9FgtbY3HjadAQAA4gzDKgAAGLLoAMMqAAAA6DkjU14znQBEPTt5oJ6feoduHZCleofpGgCIHWwFBAAAehrDKgAAGHC4JqA9FWwBBAAAgJ4xONejdGuL6QwgqjVknaKvTLpa/2bXHwDotKXV20wnAACAOMOwCgAABiw52GA6AQAAAHEkd9RB0wlA9HK4tWHCtbp45Ina5WDbHwDoigO+o8r3lZrOAAAAcYRhFQAADHj3IFsAAQAAoOdkp75lOgGISlZ6th6edrvuT89QmG1/AKBb2AoIAAD0JIZVAADoYxWNIW0v85vOAAAAQJwYMMKjTGuN6Qwg6pRnX6Drx39R012spgIAPYFhFQAA0JMYVgEAoI+tKGiUZZuuAAAAQLzIG33EdAIQXdypWjDpS7oya5RKHJbpGgCIG9saDqssWGs6AwAAxAmGVQAA6GPL8xtMJwAAACCO5GTMNJ0ARI3AgBP0g6k369cpbtMpABB3bNlaWr3NdAYAAIgTDKsAANCHfCFLawobTWcAAAAgTvQb6lE/a7npDCAqHBhzqS4bdaZWOdj2BwB6C1sBAQCAnsJHDAAA6ENrC73yhdgDCAAAAD0jb2yx6QTAODt5kJ6bcIWecNuS+H4LAHrT2rp9qgt7lelKNZ0CAABiHCurAADQh9gCCAAAAD0pJ/Nt0wmAUfVDT9Vdk67836AKAKC3heyw3qvZYToDAADEAYZVAADoI7Zta0UBwyoAAADoGRmDPRpgvWM6AzDD4da6CdfpkhFTtcdhma4BgISytHqb6QQAABAH2AYIAIA+sqPMr/JG9k4HAABAz8gbV2Y6ATDCSs/Rw+O+qJlOvr8CABNW1OxSwAopycmvmAAAQNexsgoAAH2ELYAAAADQk7L7LzCdAPS50pzP/H/27jM6qvrrAvCemt57I7TQghRp0qUp0kVAURDLKygoiBVFUVFBRcQ/KioqCgqCICAgvQpIEZAWSICEkEp6n5Rp74eYS25mkkzqTSb7Wcu18rttzqQ55O45BxNChjKoQkQkIY2hECdzrkldBhERETVyDKsQERHVk79uMaxCRERERLXD3lUFd/0Oqcsgqj9Ke+xq/xge9GyGJBilroaIqMk7zFFAREREVEPs0UZERFQPEnO0uJFeJHUZRERERGQlglpnQCbjDXtqGopc2+HNZn1xQq6TuhQiIvrP39kRUpdAREREjRzDKkRERPWAXVWIiIiIqDYFuR4Em0tQUxDZYiSec/ZCnoxBFSKihiSxKAOR+bfRys5X6lKIiIiokeIYICIionrwVzTDKkRERERUO2ydlHA3bpa6DKI6ZbT1wI8dn8DjLp7IYxchIqIG6Xh2uNQlEBERUSPGsAoREVEdyysy4FxivtRlEBEREZGVCArJgRzsMkHWK9e7O55qOxbfKxlSISJqyI5nMaxCRERE1ccxQERERHXsTIIGOoPUVRARERGRtQhyP8IRQGSdZEqcbv0gXrG3h16ml7oaIiKqxLncKOQbimAnV0tdChERETVC7KxCRERUx07EaqQugYiIiIishNpBAU/jJqnLIKp1escgfHTX45jrYA+9TOpqiIjIEkVGHf7JuSF1GURERNRIMaxCRERUx07GMaxCRERERLUjKCQfchRIXQZRrUoOHIQJrYZiu5zdVIiIGhuOAiIiIqLq4hggIiKiOhSbVYT4bJ3UZRARERGRlQj0OC51CUS1R+mAP0MexCIbBQDOTiUiaoz+zmZYhYiIiKqHYRUiIqI6xBFARERERFRbVLYKeMvWA0apKyGquSK39pgX1Bun2E2FiKhRiylMRWxhKoJsPKUuhYiIiBoZjgEiIiKqQxwBRERERES1JTCkEApjntRlENWQDNdbjsaIZj0ZVCEishLHsq5KXQIRERE1QgyrEBER1RGt3oizCflSl0FEREREViLQ65TUJRDViNHWE6s6TsMTzu7Il0ldDRER1Zbj2RFSl0BERESNEMcAERER1ZELt/Oh0bJHOxERERHVnFIth4/8V44AokYrx6cHnvftiBsyg9SlEBFRLTuTcwNFBh3Uct5yIiIiIsuxswoREVEdOcERQERERERUSwJCdFAaM6Uug6jq5CqcajMJD/h2YFCFiMhK5RuKcC43SuoyiIiIqJFhWIWIiKiOnIxlWIWIiIiIakegzzmpSyCqMr1jM3wYOhUv2dvByLE/RERW7VjWValLICIiokaGYRUiIqI6kKbR4XpakdRlEBEREZEVUKjk8JWvlboMoipJChyM8a0GY6dCL3UpRERUD45nh0tdAhERETUyDKsQERHVgVNxGhilLoKIiIiIrIJfKwNUxhSpyyCyjNIB29tPwXjPIKTK+K8iIqKmIqogCbeLMqQug4iIiBoRhlWIiIjqwAmOACIiIiKiWhLke0HqEogsUujWAS+GPoyPbBRSl0JERBI4nsXuKkRERGQ5hlWIiIhqmdFoxKm4fKnLICIiIiIrIFPI4KtcJ3UZRJWQ4VqL0XgguCf+kXHsDxFRU3Uy55rUJRAREVEjopS6ACIiImtzLa0IGQX8Ay0RERER1ZxfSxlsjPFSl0FULqOtJ75vPQo/KY0Ah6ESETVpZ3IipS6BiIiIGhGGVYiIiGrZmQSOACIiIiKi2hHof1nqEojKle3TC8/7hiKS3VSIiAhAui4XN/Jvo7Wdr9SlEBERUSPAMUBERES17GwCRwARERERUc3JZECA6lepyyAyJVfhRJtJGOHbjkEVIiISOZNzQ+oSiIiIqJFgWIWIiKgWGYxGnE8skLoMIiIiIrICPi0VsDHelLoMIhG9UzA+7DgVr9jbwSiTuhoiImpoOAqIiIiILMUxQERERLUoIrUQOUUGqcsgIiIiIisQFBAudQlEIreDhuAZ92ZIZzcVIiIqx5ncSBiNRshkTDQSERFRxdhZhYiIqBZxBBARERER1QoZ4K9eL3UVRMVUjvijw1Q85BGIdBnD+UREVL4MXS5uFNyWugwiIiJqBNhZhYiIqBYxrEJEREREtcGrmRJ2xgipyyBCoXsoXgvqhTPspkJERBY6k3MDIXZ+UpdBREREDRw7qxAREdUSvcGI87cLpC6DiIiIiKxAUNANqUugJk+G8JZj8ECzHgyqEBFRlZzJiZS6BCIiImoE2FmFiIiolkSkFSK3iC2xiYiIiKjmAux+A/jSkiRitPPCylajsEZpAGCUuhwiImpkzuZGwWg0QiaTSV0KERERNWAMqxAREdUSjgAiIiIiotrgEaiCg+Gi1GVQE5Xtew+e9emAW+ymQkRE1ZShy8WNgtscBUREREQV4hggIiKiWsKwChERERHVhqDgaKlLoKZIrsbxNg9jhE9bBlWIiKjG/snhSEMiIiKqGMMqREREtUBvMOL87QKpyyAiIiIiKxBgv1nqEqiJ0Tk1x8KOU/CavS2MnNhARES14AzDKkRERFQJjgEiIiKqBeGphcgrMkhdBhERERE1cq5+KjgZTkldBjUhCUHDMN09ABnspkJERLXoXG4UjEYjZDKmIImIiMg8dlYhIiKqBRwBRERERES1oVnzOKlLoKZC5YStHaZiooc/MmRGqashIiIrk6HLw42CRKnLICIiogaMnVWIiIhqAcMqRERERFQbAh23AWzYR3WswKMjXg3oiXNydlMhIqK6czrnBkLs/KUug4iIiBoodlYhIiKqIYPRiAu3GVYhIiIioppx9lbB2XBE6jLIqslwpdU4jAjsxqAKERHVuTM5kVKXQERERA0YO6sQERHV0I30IuRp2TabiIiIiGqmWcvbUpdAVsxo541vW43Ez0q27iEiovpxLicKRqMRMplM6lKIiIioAWJYhYiIqIYu3i6QugQiIiIisgIBTjs5AojqRJZvbzzn0x63ZOymQkRE9SdTn4fIgiS0tvOVuhQiIiJqgDgGiIiIqIYuJTGsQkREREQ14+ihgpthj9RlkLWRq3Gs7SMY4duGQRUiIpLExbxoqUsgIiKiBophFSIiohq6yLAKEREREdVQs1apUpdAVkbn3ALvdZyC1+1spC6FiIiasIu5t6QugYiIiBoojgEiIiKqgfR8HeKytVKXQURERESNXIDzHsAodRVkLeKb3YcZbv7IYDcVIiKS2MU8hlWIiIjIPIZViIiIauDibXZVISIiIqKasXdVwd2wHZBJXQk1dkaVM7aEjMNStQxMPxERUUNwsyAJufoCOCpspS6FiIiIGhiOASIiIqoBjgAiIiIiopoKap0BmYzBAqqZAo+78HyHCf8FVYiIiBoGA4y4nBcjdRlERETUADGsQkREVAOXGFYhIiIiohoKdD0odQnUmMnkCGv1IEYE3o3zHPtDREQNEEcBERERkTkcA0RERFRNOr0RV1MKpS6DiIiIiBoxWyclPIybpS6DGimDnQ++bj0C6xQGqUshIiIq18XcaKlLICIiogaIYRUiIqJqCk8tRKGe7dqJiIiIqPqCQnIgh07qMqgRyvTtg5k+bXFLxqAKERE1bJc4BoiIiIjM4BggIiKiarrIEUBEREREVEOBbn9JXQI1NgobHGn7CEb6hjCoQkREjUKmPg+3ClKkLoOIiIgaGHZWISIiqqZLDKsQERERUQ2o7RXwwkapy6BGROfcEu83vxf75XqpSyEiIqqSi3m3EGzrJXUZRERE1ICwswoREVE1XUzKl7oEIiIiImrEgkLyIQcD0GSZuOD7MablQAZViIioUbqUd0vqEoiIiKiBYWcVIiKiarido0VyHv9ITERERETVF+j5t9QlUCNgVLtgU8hYfK6SAeDYHyIiapwu5EZLXQIRERE1MAyrEBERVcPl5EKpSyAiIiKiRkxlq4C37FfAKHUl1JAVeHTC3MDuuChjUJ6IiBq3G/mJyDcUwU6ulroUIiIiaiA4BoiIiKgarqawXTsRERERVV9ASCEUxjypy6CGSibH5dYPYkRgVwZViIjIKuhgwJW8WKnLICIiogaEYRUiIqJquJLCzipEREREVH1BXqelLoEaKIO9L74InYYZjs4olEldDRERUe25mHdL6hKIiIioAeEYICIiomqISGVYhYiIiIiqR6GWw0f2q9RlUAOU4dcXz3m3RSy7qRARkRViWIWIiIhKY2cVIiKiKorL0iKnyCB1GURERETUSAW01kOJDKnLoIZEYYvD7SZjlE9rBlWIiMhqXWJYhazEqVOn0LZtW+G/zZs3S10SUYM1b9480c+LOV988YXomLi4uHqukqTCzipERERVdDW1QOoSiIiIiKgRC/I5K3UJ1IDoXFrh3eCBOCRnSIWIiKxbijYbt4sy4Kt2k7oUIiIiagAYViEiIqqi8BSOACIiIiKi6pErZfBVrAWMUldCDUFs8P2Y4eaPLDCoQkRETUO4Jp5hFQtdvXoVhw8fRlhYGG7evInU1FRoNBoYDAbY2trCwcEBAQEBaNmyJe655x4MGDAALi4uUpdNVshoNOLAgQP4888/ceHCBWRkZECn08HT0xN33XUXRo8ejaFDh0Imk0lSn16vx+nTp3H8+HFcunQJsbGxyMjIQGFhIWxsbODg4IDAwEC0bNkSPXv2xMCBA+Hmxt9DRA0BwypERERVdDWVYRUiIiIiqh7/1kaojClSl0ESM6pdsCFkHL5QAQBHjBIRUdMRronHva4dpS6jQTt27BiWLVuGy5cvl3tMbm4ucnNzkZSUhHPnzmHTpk2ws7PD5MmT8cILL8De3r4eK6aKvPTSS/jzzz8REBCAgwcPSl1OlaWnp2POnDk4ffq0yb6EhAQkJCRgz5496N69O7744gu4u7vXW21arRZbtmzB119/jYSEBLPHaDQaaDQapKSk4N9//8Xvv/8OlUqFUaNG4bnnnkNwcHC91UtEpmRGo5Hv5SEiIqqCIT9FIbuQf1AmIiIiaohezMhE/sWGGwbpfe9FBCs+kboMkpDGswteCrgbl2TspkJERE3PYNe7sKzVk1KX0SAZjUZ89tlnWLlypck+pVIJX19fODo6QqFQIC8vD4mJiSgsNH1TXUhICH744Qf4+PjUR9lUiSFDhiAuLq5RhlW0Wi2mTJmC8+fPC9vUajWaN2+OoqIixMbGQq+/85o2NDQUv/32G5TKuu+VEB4ejhdeeAExMTEm+1QqFTw8PODu7o7CwkKkpqYiKyvL5DhbW1u89NJLmDZtWp3X25TNmzcPW7ZsEdYRERESVkMNDTurEBERVUFclpZBFSIiIiKqFplCBl8lRwA1WTI5LrYci9mOztAyqEJERE1UuCZe6hIarFWrVomCKgqFAg8++CAefPBBdOrUCWq1WnS8wWDAlStX8Mcff2DDhg1CcOX69euYOXMm1q9fD5VKVa/PgcTS09MRFxcndRnVtm3bNlFQ5emnn8asWbPg4OAAAMjOzsbnn3+OtWvXAgDCwsKwZcsWTJw4sU7r2r9/P1599VVoNBphm42NDSZMmIBhw4ahR48eJoGZ6Oho7N27F+vWrUNiYiIAoKCgAIsWLUJ8fDzefPPNOq2ZiMyTS10AERFRY3I1tUDqEoiIiIiokfJtKYONkTdomiKDvS+Wd5yG55ycoZVJXQ0REZF0EorSka3Ll7qMBic1NRXLli0T1vb29lizZg0+/PBDdO/e3SSoAgByuRwdO3bE/Pnz8dtvv4nGr1y+fBm//fZbvdRO5bt48aLUJdTIjh07hI/79++P1157TQiqAICzszMWLFiAIUOGCNv27dtXpzWdP38eL774oiio0rdvX/z5559YsGABevfubbazS/PmzTF9+nTs3r3bpJPK6tWr8csvv9Rp3URkHsMqREREVRCeYtpak4iIiIjIEkH+YVKXQBJI9++HR0IewAYFOzQSEREBQEQ+w7tlbdu2DVqtVljPmDED3bt3t/j8du3aYdGiRaJtP/30U22VR9XU2MMqV69eFT6ePHlyucc9+OCDwsd12UkmMzMTc+fOFf2sjBo1CitXrkRQUJBF17C1tcWbb76Jl19+WbT9o48+QmxsbK3WS0SV4xggIiKiKriayrAKEREREVWdTAb4q38FmFdoOhS2OBgyHm/bqsAvPBER0R0Rmnj0cGotdRkNSnh4uGg9aNCgKl9j0KBBaNOmDdLS0tC2bVu0bdsWubm5cHR0rPC8oqIi7N69G8ePH8eFCxeQnp4OjUYDV1dXeHh4oEuXLhg2bBj69OkDubxq74HPzc3FH3/8gaNHj+LWrVtITk6GVquFq6sr2rVrhwEDBmDcuHEV1vjFF1/gyy+/FNYHDhxAYGBgpY89b948bNmypcLz4uLiRF1BFi9ejPHjxyM9PR1ffvkljhw5gqSkJNjY2GDnzp3w8fEBAJw6dQqPP/64yXnm9pWIj49H27ZtRduOHTuGe++9FzqdDgDQpk0bbN++vdLnVtpLL72EP//8U1hv3boV7du3r9I1ypOTkyN8HBwcXO5xMtmd1oG2tra18tjmfP3110hISBDWoaGh+Pjjj812UqnM9OnTce7cORw6dAgAoNVqsW7dOrz++usVnpecnIydO3fi77//RlRUFDIyMlBYWAhXV1d4enri7rvvxoABAzBw4EDR58WczZs344033hDWO3fuRKtWrWAwGLBt2zZs374dYWFhyMnJgVqtRrNmzdC/f39MmzYNXl5eomulpqZi7dq1OHLkCKKjo1FYWAhnZ2e0bdsWw4cPx0MPPVThWLCpU6fi9OnTAIq70OzZswdAcUBo/fr1OHLkCKKiooTfKV5eXujVqxfGjx+P0NDQCp+nJarzc37jxg38+eefuHDhAiIjI5GdnY2ioiI4ODjA09MToaGhGDx4MIYNG1bp90h5vwsAIDY2FuvXr8eJEycQExOD/Px8ODg4wM/PDz169MBjjz2GFi1aWPxcjUYj/v77b+zatQthYWFISUlBZmYmHBwcEBgYiJ49e2LChAlo1aqVxdcEgEuXLmH37t04c+YM4uPjkZmZCTs7O7i7u6NFixYYMmQIhg4dCjc3typdt64xrEJERFQFEQyrEBEREVE1eLdQwNYQJXUZVE+0Lq3xTvAAHJHrpS6FiIiowYnIT6j8oCYmLS1NtLa3t6/WdTZu3FilsMDu3buxePFi3L5922RfSkoKUlJSEB4ejvXr1+Ouu+7C+++/b3EQYsuWLfjoo4+QmZlpsi8pKQlJSUk4cuQIli9fjrfffhujR4+2uO66lJqaikmTJiE+/k4HIK1WK+rmUVu8vLzQv39/ITBx7do1hIWFWXzzv6CgQDgXKA671FZQBQCcnJyQkZEBAEKgxpy//vpL+LhsIKe2ZGVliUZbyWQyLFq0qFpBlRKvvfYabt68iWHDhuGBBx6o8POu0+nwxRdf4KeffkJBQYHJ/pKfl6tXr2Lt2rVo164d3n777Sp1SAKKwyEzZ87E2bNnTR4/PDwc4eHh2LhxI7777jt06tQJALB//368/vrryM3NFZ2Tnp6OEydO4MSJE9i6dSu+++47ODk5VVpDdnY2gOLg1Ysvvoj09HSTGjMzM3H9+nWsXbsWTzzxBF555ZUafS2qIisrCwsXLhSNqSq7PysrC5GRkdi2bRuCg4OxZMkSdO7cucqPtXr1aixZssTk57/kMcLDw7Fu3TrMnz8fjz32WKXXu3nzJt544w38+++/JvtKPq+XL1/Gjz/+iPHjx2P+/Pmi0VvmJCYmYv78+Th+/LjJPq1Wi+zsbERHR+PQoUP4+OOP8dJLL2Hy5MmVhqnqC8cAERERWSguW4vsQr4jkoiIiIiqLigwQuoSqJ7cCn4AY5r3Y1CFiIioHOGauhsT0ljZ2dmJ1pcvX67WdaoSVPnqq68wZ84cUVBFLpejefPm6NChg9BFpMSlS5fwyCOP4MyZM5Vee/ny5Zg3b54oqOLk5IQ2bdqgbdu2oueblZWFV155BatWrbK49rq0ePFiUVClqhwdHdG5c2d07txZdJNZpVIJ20v+AyB0byhRuhtMZf766y9oNBphPW7cuGrXbU7z5s2Fj6OizAfvjxw5gk2bNgnrSZMm1WoNJTZv3ix6rn379kW7du1qdM2WLVtiz549eOWVVyoMqhQUFOC5557DN998IwqqqNVqtGjRwuzPS3h4OJ588kkcOHCgSjXNnj1bCKr4+voiNDQUvr6+omMyMzMxe/ZsFBYW4tSpU5gzZw5yc3OhVCrRokULtG/fHs7OzqJz/v33X5NRYeUxGAyIiIjAjBkzhKCKm5sb2rdvj+bNm0OtVgvHGo1G/Pjjj/jwww+r9DyrKzc3F1OmTDEJqjg5OaF58+YIDQ2Fn5+faN+tW7cwbdq0Ko/lWrt2LRYtWgStVgu5XI5mzZohNDQUAQEBouP0ej3ef/99s2GR0sLCwjBp0iRRUEWpVArX9fb2FrYbjUb8/vvvePrpp5GXl1fhNR966CGTx/by8kJoaChatGgh6qiTk5OD9957r96+XpZgZxUiIiILsasKEREREVWLDAiw2cBJMFbOqHbBryHj8JUKAIxSl0NERNRgRRUkQ2vQQSXnLaoSbdu2xb59+4T1559/jl69esHd3b1OHqWgcV8AAQAASURBVG/nzp1Yvny5sHZwcMCcOXMwfvx4UeeFuLg4rFq1CuvWrYPRaERBQQFmzJiBHTt2mNwQLn3tr776SlgHBQXh7bffRr9+/aBQKAAUv9v/zz//xAcffCCMminpfNCtW7e6eMoWSUhIwM6dO+Hg4ICXX34Z9913H1xdXZGWlmbx1yI0NFToAFJ6tIq3t7eoM0iJQYMGwc3NTehgsmPHDrz++usVjmwpsWvXLuFjhUJR691pOnXqJNxYP3r0KEaMGCHsMxgMWLNmDT799FPo9cUh7UcffRRdu3at1RpKlL0ZP3HixDp5HHM+/vhjUfcYf39/vPzyyxg6dKgoIBYbG4uVK1cKX+eioiK88sor2LFjh0nAwZxNmzbh1KlT6NixIxYuXCgK0Fy6dAmzZ88WxiAlJiZi06ZN+Omnn6DT6fDUU09h+vTpwoiXklFCb731ltAVZOvWrZg7d64oFGGO0WjEggULkJ+fj969e+O1115Dhw4dhP3Z2dlYs2YNVqxYIXzt161bh0GDBmHAgAGVPs+aWLJkCa5duyasO3bsiHfeeUfoMlMiNjYWS5cuFX5G8vPzMW/ePOzYscOicWbR0dFYvXo1lEolnnrqKUybNg2enp7C/tu3b+PDDz/E3r17ARR/zpYvX46+ffuavV52djaeffZZoWuNSqXCc889h8ceewyurq7CceHh4Xj33XeFn7t///0XH3/8MRYuXGhyzfT0dDz//POizlyjRo3Cs88+i5CQEGGbRqPB7t278dlnnyElJQUA8PPPP6NZs2ZmR5bVN3ZWISIistD1NIZViIiIiKjqvJopYWe4KnUZVIc0nl0xo91D/wVViIiIqCI6ox43CkzHzjRlI0aMEI1kiI6OxoQJE7B3714YDLWbeM7NzcU777wjrF1dXbFhwwZMmzbNZERIYGAgFixYILpRmpubiyVLlpi9dn5+vqh7g7e3N3799VcMHDhQCKoAxTdqx40bJ7qOwWAo97r1ZcuWLZDJZPj+++/x2GOPwcvLCyqVCr6+vqJuErVJpVKJQiYZGRk4cuRIpecVFBTg8OHDwrpPnz6VhhCqatCgQcLHu3fvRl5eHvR6PXbt2oWxY8di8eLFQhBi1KhReOutt2r18Uvo9XqcO3dOtK1nz5518lhlnT9/Hr/++quw9vf3x/r16zFq1CiTTkZBQUF4//33MWvWLGGbRqPBRx99ZNFjrVmzBm3btsWaNWtMOr3cddddJt0wFi9ejJiYGMydOxevv/66EFQBirskjRs3Dk899ZSwzWAwWPS9lZWVhfPnz6Nv37747rvvREEVAHB2dsbzzz+P119/XbS9dEitLmRlZYk6D3l6euLHH380CaoAxV+LZcuWoVevXsK2yMhIHD161KLHWrVqFQoLC7F06VK8/PLLoqAKUNz1ZtmyZWjZsqWw7fz582ZHqgHF3aaSk5OF9QcffIBZs2aJgioA0K5dO3z//fcICgoStv3222+IjIw0ueaSJUuE8BIAvPzyy1i6dKkoqAIUj5UbP348Nm7cCC8vL1FNZUfQSYFhFSIiIgtFphdJXQIRERERNUJBzUz/sERWQqbAhdbjMSKgE8I49oeIiMhi4Zrqj1mxRq1atcKjjz4q2hYfH48XXngBQ4cOxaJFi3DkyBGhC0lNrFu3Tnh3PwAsWLDA5OZmWZMmTRJ1TNi5cyeSkpJMjtuxY4fwzn2geKRJ6ZujZQ0aNAgDBw4U1v/++6+oa0J9i4uLw4QJE3D33XfX6+M+9NBDovXWrVsrPefIkSN1OgIIKA6ElHTQ0Wg0eOONNzB06FC8+OKLwtfJ3t4e8+fPx9KlS0WBpNoUHR0tGoUSGBhYZ12Hylq7di2MxjtdE+fPn28y8qesmTNnikYoHTx40KJQgE6nw4IFC0Tjo0rr3bu36HlrtVq0bNkSzzzzTLnXLNttJyLCsvG0SqUS7733XoUdfh5//HEEBwcL6/PnzyMuru7GvF28eFHo5AIUh/zKjjsqTSaT4YknnhBtO3HihEWPpdVqMX78eAwfPrzcY5RKpckYrytXrpgcl5OTg99//11Yd+vWrcKfV0dHR7z88svC2mg0ikZtAcWdXbZv3y6s+/Xrh+nTp5d7TQDw8/PDm2++Kapr48aNFZ5THxhWISIistANhlWIiIiIqBoCbKX/AxDVPoODPz7r+DhmOjpBK6v8eCIiIrojgmEVE/PmzcP9999vsj0+Ph6rV6/G9OnT0bNnT4wZMwbvvfceduzYgcTExCo/zh9//CF8HBAQgJEjR1p0XulxEUajUTS2qMTOnTuFj8t2DCnPyJEjERoain79+mH06NHIzc21qJ66Up/jZUq0a9dO1L3i8OHDwlig8uzevVv42NHREUOHDq31usqOFtqzZ4/QyUGtVmPChAnYtWtXnY8SKfu5sGSkTm0oKCgQxrwAxd00hgwZUul5SqUSDz74oLDW6XTYs2dPpee1atUK3bt3L3e/TCZD69atRdvGjx9fYUioZcuWUCrvjFwzFzIzp2/fvqLuHuXVU/ZnvOy4ptrUv39/XL58GSdOnMCOHTsqDOmUuOuuu0Tr+HjL/99TuitNecp2wCnd6aTEoUOHRMGy0t8b5enfvz/atm2Lnj174v7774eHh4do/44dO4SuRgAqDaqUGD58uKgDU+nvb6lwICAREZEFCrQGxGdrKz+QiIiIiKgU90AVHAznpS6Dalmaf38869UaCbLabctPRETUVITnM6xSllqtxvLly7Fx40asWLHC7E1Pg8GAiIgIREREYN26dQCANm3a4N5778XIkSPRrl27Ch8jPT1dNE6if//+FtfXs2dPqNVqFBUVv6Hvn3/+wZQpU4T9RUVFOHPmjLDu2LGjyZgUc8aOHYuxY8daXEddcnJyMrn5XF/Gjx8vdGXQarXYsWMHpk6davbYsiOA7r//fos+11URExOD5cuX488//xRtd3JywqOPPoqpU6dW2DWnNmVmZorWFXXTqE3h4eEoKCgQ1gMHDhSN66pIv379sGzZMmF9+fLlSs+pKKhSomxooUePHhUer1Ao4OLiInR2Kd2hpiKWhHIAoEuXLqJ1XXdGkslkcHd3t7izTunRSEDxKCFL+Pn5mQSDzCk7esvc57dsN5fKvmZAcQBt27Zt5e4v/bvW3t7eou8doHg8VN++fYVxSleuXIFGo4G9vb1F59cFdlYhIiKyQGRGEYyVH0ZEREREJNIs+JbUJVBtUthif7tHMca7JYMqRERENXBdkygarUF3TJw4EXv37sXHH3+MAQMGVDiGAyi+Obxy5UqMHTsWTz31FP75559yj7106ZLo8+7r62txXTY2NqKRH6VDLwAQGxsrBFkAiI5tLFq0aAG5XJpbp6NGjRJ9rUtuJptTlyOAtFotPvvsM4wYMQLbt2+HwSB+zWtra4vp06dXGFSJiorCvffei3feeQdHjhypcU2ln2tJDfWh7EiXysZlldaiRQtRsCU8PLzSc0qPDiqPjY2NaG3Jz1npc0p346hI+/btLTqu7OPHxMRYdF59Kd1VBoDF/9+x9Gtd9utR+ndgiRs3bggfy+VyBAYGWnTtily4cEH42MvLq0ojuEo/N6PRaPK7vL6xswoREZEFIjkCiIiIiIiqIcB+M8BMg1XQuoZgQbP++Euur/xgIiIiqlCuoQBxRWkIsvGUupQGSaVSYdy4cRg3bhxyc3Pxzz//4MyZMzh79izCwsLM3hAFikdwHD9+HE8++SRef/11ky4QJd0VSmzcuBGHDh2yuK7SY4fi4uJE+8qO16ivrhu1ycfHR7LHdnNzw+DBg4VxMWFhYbh+/brZm+a7du0SPg4ICLCoU4MlNBoNnnvuOZw8eVLY5uXlhSeeeAKrV69GcnIyUlJSsGLFCrz22mvlXufo0aNITEzE+vXrERUVhYEDB9aoLicnJ9G6vkZFJScni9b+/v4Wn+vg4AAXFxehK0xqamql55R9nuaU/ZmuzjmW8PPzs+i4sp1F0tPTq/xY1ZGTk4M9e/bgxIkTiIqKQkJCAvLy8iwO41TG0u49lnxuS3fJcnd3NwnQVJXBYBCNxkpOTsakSZMsPr/sWK24uDiTcUn1iWEVIiIiC9xIL5S6BCIiIiJqZFx9VXAynKz8QGrwops/gBku3siVMahCRERUW8I18QyrWMDR0RGDBg3CoEGDABS/c//SpUs4e/Ysjh07hnPnzpncoP3xxx9hY2ODuXPnirZnZ2eL1vHx8SYhE0vl5+dDr9cL7+gvO/6ivrpf1Capa37ooYeEsApQ3F2lbCikoKBA1K1k7Nix1QojlGU0GjF37lxRUOWxxx7Dyy+/DAcHB/j5+eGll14CAKxZswZjx45F27ZtzV7r4MGDwseWjpOpiKurq2hddixQXSkbiqnqqJTS30+WBGyq0h2jRE2DD+VxcXGx6LiynUXy8/ProhyB0WjE999/j2+//RY5OTl19jiVdbSqitK/G8t+vqojJydH1CEmPz9f1GmlqiwdDVVXOAaIiIjIAjfYWYWIiIiIqqhZi+r94Z8aDqONK9aGTsNjrt7Irfk9ACIiIiolQsPXStWhVqvRrVs3TJ8+HWvWrMFff/2FuXPnmtxIX7lypcl4h7LjVGqq9I3pwkLxm/3q6iZ6XZK65n79+ok60mzbtg16vTgsffjw4ToZAbRp0yYcPnxYWL/xxhtYsGABHBwcAAAjR45E3759ARSPknnjjTeg0+lMrpOYmIjTp08DKO46URthlbLdO6KioupljFjZ4EVVgwaljy8oKKiVmuqLpWENmUwmOra8rk+15ZVXXsGnn35qElSxs7ODn58f2rZti86dO4v+k1rp3421EYKp7UBQbf9/oaoa3/8piIiIJMAxQERERERUVQGO2zgCqBHTeN2NOf5dcIXdVIiIiOrEjYLbUpdgFdzd3fHss89ixIgRmDp1Km7fLv68GgwGbNq0Ca+//rpwbEnwoMTHH39ca2EHOzs70bqub1pbI4VCgbFjx+L7778HAKSkpOD48eMYMGCAcMzu3buFj7t27Yrg4OBaeexvv/1W+Hjo0KF44oknTI758MMPMWbMGGRnZyMsLAzLly8Xuq2U+P3332EwFP8jqG/fvggKCqpxbQEBAfDy8kJKSgoAICsrCzdu3DA7Iqk2lf2ermrgpPTxVe3KIrWioiKLwjlGo1HU2ans56w2rV27Fjt27BDWMpkMkyZNwuTJk9G2bVvI5eZ7dJTXAai+2NraCoGQ2vi9WPb3eK9evbBmzZoaX1cq7KxCRERUiYx8PdLz+QdqIiIiIrKcs5cKLobDUpdB1SFT4FzrhzDc/y4GVYiIiOpQVH6S1CVYlWbNmmHevHmibefPnxetHR0dRWtLRpNYysnJSbSuyxEdlig7GqmxGD9+vGj9559/Ch9rNBpR95PaChrduHEDsbGxwvrxxx83e5yfnx8WLFggrL/99lvR2CKNRoOff/5ZWD/66KO1Uh8A3H333aJ16c9DXXF2dhatq9qBonQHjLI/Hw2dpc+17HF1FVYxGo1YtWqVaNvixYuxcOFCtG/fvtygSklwSkqlv/a18XvRwcFBNPqrNn+PS4FhFSIiokrcSC+s/CAiIiIiolKCWvLmS2NkcPDH0o7T8IKjI/Qc+0NERFSn4grToDWYjhGh6uvXr59onZ6eLloHBASI1jExMbX22GWvXdLhpbZZOv4lOzu7Th6/rrVq1QpdunQR1gcOHBC6MRw4cEAIQKjVaowYMaJWHjM6Olq07tixY7nHjh49GpMnTxbW8+bNw/Xr1wEAP//8MzIzMwEUd7MYPHhwrdQHAAMHDhStf/3111oJIuzfvx//+9//zH6/+Pj4iNZxcXEWXzc7O1t0zbLXaugs/flNShL/u7eunmdERITo89+zZ088+OCDlZ6XmppaJ/VURenfjTk5OTUOl8jlcvj5+Qnr0kGzxohhFSIiokrc4AggIiIiIqqiQKedUpdAVZQWMAATW9+PzQp2UyEiIqoPehgQXZgidRmSi42Nxc6dO/HJJ59g4cKFNbqWnZ2d6B33ZcdFhIaGivZfunSpRo9XWlBQEGxtbYX11atXLTrPaDQKN/azs7NNRq2oVCrRurDQsjcWXrt2zaLjGqLS3VVycnLw999/AxB3WRk0aJBJ54/qKvs5VyqVFR4/f/589OjRA0BxZ41Zs2bh6tWr+Prrr4Vj5s6dK/peq6lRo0bB3d1dWMfHx2Pz5s01umZOTg7effddrFixAkOGDMFXX30l2l82tBMREWHxtUsCPCVCQ0OrX6gEbty4YdFxt27dEq1rY+yTOYmJiaJ12WBeec6cOVMX5VRJ2XFV4eHhFp2n0WiE34tlO7KU/n7Kzs42+To0JgyrEBERVSKSYRUiIiIiqgJHDxXcjLsrP5AaBqUd9rZ/FGO8WuC2TPo20URERE1JUx8FpNfr8cgjj2Du3Ln44YcfsG7dOkRFRVX7elFRUaLOI4GBgaL9Tk5OaNOmjbA+f/48UlIsDwxFRkaW281CLpeje/fuwjo2Ntaizi3//vsvevToIfy3Zs0a0X57e3vR2pJ6r1+/XmedXerDiBEjRMGfXbt2ITMzE8eOHRO21dYIIACiEAiASr8HVSoVli9fLnSMuHXrFiZNmiR0fenTpw8GDRpUa/UBgI2NDR577DHRto8++sgkxFAVixcvFr6fsrOzTTqntG3bVhT4OnLkCPR6y4LtZccUle6W0xgcPXrUouPKjhqrq1BO2W4kLi4uFp3366+/1kU5VdKrVy/RuvTPcUUefPBB4ffixIkTRftK/64FgL1791pcT2JiYoMaHcSwChERUSUiOQaIiIiIiKogqJX0rYbJMlrXNng99FG8Z6Oq/GAiIiKqdVEFjTdQUBsUCoVolIvRaMTChQstviFe1k8//SRamxvDUrprh8FgwHfffWfRtSMiIjBq1Cj07dsXr7/+utnOC2XH0qxdu7bS6x44cEC0vueee0Rrf39/0fry5cuVXnPVqlWVHlPfSoIclnBycsKwYcOE9YEDB7B9+3ZotVoAxeGSAQMG1FptHTp0gFx+55bx77//Xuk57u7uWLFiBezs7ABAGFVka2tb4w5B5XnmmWdEYaucnBw89dRTJqNoLLFixQrR8/Ty8sIrr7wiOkapVGLUqFHCOi0tDbt3V/6mBI1Gg61btwprJycnDB06tMo1Smnfvn1IS0ur8BiDwYDt27cLa7lcjt69e9dJPWW7CCUkJFR6ztatW3H69GnRtqr8HNaWQYMGCT8nALBp06ZKO0RFRkaKxnOV/b04evRoUdepNWvWWPzcXnjhBdxzzz2YNm2a6PtUKgyrEBERVcBoNCIqg51ViIiIiMhygS77pC6BLBDVfARGBvfBMZlO6lKIiIiarKiCpt1ZBQCeffZZODk5CesTJ05g7ty5VXrnu9FoNLn5HhQUhOHDh5scO27cOLi6ugrrX375Bfv376/w+qmpqXj11VdhMBiQnp6OnTt3mowYAoCRI0fCz89PdO1z586Ve93IyEhRoKVdu3bo1KmT6Jh27dqJ1ps3b4ZOV/7rt127dmHz5s0m44OkoFarhY8zMzORnZ1t8bkPPfSQ8HFOTg6+/PJLYT1q1KhKR/VUhaurq6j7w7p163Dw4MFKz9PpdCYhAi8vL9Hzrk02Njb47LPPRDf+o6KiMHnyZGFUUmVyc3Px5ptv4n//+5+wTa1WY9myZfDw8DA5fsqUKVAoFML6448/rrRrz+LFi5GcnCysJ0yYIKq5MdBoNFi4cGG5nZQA4Pvvv0d8fLywHjBggEmXntpS9vfAnj17hICUOfv378eCBQvQvHlz+Pr6CtsTExNF3afqg729PSZPniysU1JS8NFHH5V7vF6vx6JFi4S1TCbDpEmTRMd4eHhg9OjRwjo5ORlvvPFGhV8vAPj0009x6dIlaLVanDx5Eqmp0r/RhmEVIiKiCiTl6aDR1u+LFyIiIiJqvOxclHDX/yF1GVQBo40bfg6dhqmuXsiT8bU+ERGRlCKb+BggoPim4yeffCK6Ib5nzx4MHToUX3zxBa5evVpuOCM+Ph4bNmzAuHHjRDffbWxssGjRItEomRKurq54++23hbVer8fs2bOxdOlSkw4V+fn5WL9+PSZNmoSIiAhh+/Tp00WhlBK2trZ44403hLVOp8PTTz+NDRs2oKCgQNiu1Wqxfft2TJ06VegGIJPJROeWCAwMxF133SWso6KiMHfuXJNaU1NT8emnn+Lll1+GnZ0dnn76adNPWD0rGZMDFHehWLRoEVJSUqDX63H79u0KbxTfc889ovMzMzOFj2tzBFCJuXPnCt+Der0es2bNwgcffCDq7gAUP49z587hjTfewKRJk0y+DrGxsRg/fjw2bdok+pobjUahM0xNhISE4Mcff4Sbm5uwLT4+Hk8++SSeffZZ7Nq1C3l5eSbnxcTE4JtvvsHw4cNFoS4bGxt8+eWX6NGjh9nHa9OmDZ555hlhnZSUhMmTJ5sNS0REROD555/Hb7/9Jmxr1qwZZs+eXe3nKwWFQoF77rkHu3fvxowZMxAeHi7an5WVhc8//xyfffaZsE0mk+G5556rs5p8fHzQtWtXYR0dHY1XXnnF5GcoLCwMr732GmbNmgWtVotFixaJujOlpqZa1B2nts2aNQs+Pj7Cet26dXj11VdNRk9FRETg//7v/0xGfnXo0MHkmq+//jq8vLyE9a5duzB16lSzAcEzZ85gxowZok5aLVq0wNSpU2v0vGpD7cXuiIiIrFBMZs1fQBMRERFR09GsdRZkDEA0WHne3TDbrzPCZdVrrU9ERES1K6YwBTqjHkqZovKDrdjgwYOxfPlyvPnmm8jKygIAZGRk4Msvv8SXX34JlUoFPz8/2NvbQ6lUQqPRICkpyexNeXd3d3z++efo2bNnuY83atQoxMTECAEXvV6PlStX4vvvv4efnx9cXFyQmpqK1NRUk3fqDx8+HLNmzSr32vfffz9efvllLF26FEBxh4YFCxZg8eLF8Pf3h0qlQkxMDDQajei8V1991WTURYm5c+fiqaeeEtZ79+7Fvn37EBAQABcXF+Tm5iI2NhYGgwEymQzz588XhX+k0rdvX2zYsEFYb9myBVu2bBHWixcvFo1lKk0mk2HcuHH46quvRNtDQkIQGhpa67V27twZb7/9Nt577z0YjUYYDAb8/PPP+Pnnn+Hh4QEvLy9otVokJiaafO06d+6MAQMG4Msvv4TRaERqairmz5+P999/H82aNQNQ3NHiq6++EnVwqa6uXbtiw4YNmDt3LsLCwoTthw4dwqFDhyCXy+Hu7g5PT08YDAakpKQgIyPD5DqtW7fGZ599hrZt21b4eM8//zxu3ryJPXv2ACgeQTN79mzY29sjMDAQcrkcycnJSE9PF53n6+uLFStWwN7evsbPuT7p9Xq88847mDBhAv766y/89ddf8PDwgLe3N/Lz8xEfH28SPJo1axa6dOlSp3W9+OKLePLJJ4XfSXv27MG+ffvg7+8Pe3t7JCcni0JdL7zwArp164YuXbqIAhxz587F559/LlyjPjg6OuKHH37AlClThBq3bduG7du3w8/PD25ubkhNTTUJf3Xq1AnvvPOO2Wu6urri22+/xTPPPCOMbDpz5gwmT54MV1dX+Pj4oLCwEImJiSZjh7y9vfHVV1/Bxsam9p9sFbGzChERUQVuZTGsQkRERESWC3Q7IHUJZI5MibMhE/CAX0cGVYiIiBoQrVGP+ML0yg9sAoYOHYpt27Zh8uTJJjcQtVotYmJiEB4ejsuXLyMqKsokqOLi4oInn3wSe/bssSgQMHPmTCxbtsyk+0d8fDyuXLmC5ORkUVDF3t4er732Gj7//HPI5RXfXpw+fTo+++wz0ViV/Px8REZGIjw8XBR2cHNzw7JlyyrshNK3b18sWLBAFEAxGo2Ii4tDWFgYbt26BYPBAJVKhY8//hgTJ06s9PnXh6FDh+Luu++u9vkPPvggZDKZaNvYsWNrWla5Jk+ejO+++070PQEAaWlpCA8PR2RkpOhr5+rqildffRVr167F888/j88++0w0YqqgoADXrl3DtWvXkJOTU6u1BgcH4/fff8eSJUsQGBgo2mcwGJCamorw8HBcu3bNJKji5+eHBQsWYOvWrZUGVQBApVLh888/x/PPPy8a56PRaHDt2jWEh4ebBFWGDBmC3377DSEhITV4ltJp2bIlVq1aJXRQSktLw9WrVxEdHS0KqigUCsyZMwfPP/98ndd0zz33YOHChaIRXwaDAXFxcbh27ZoQArG3t8e7776LmTNnAgAeffRRUWDIaDQiOjrapGtQXQsJCcHGjRtFoTyj0YiEhASEhYWJgipyuRwTJ07EmjVrKhwhFRoaig0bNmDgwIGi7ZmZmYiIiEB0dLRJUGXYsGHYtGkTWrVqVUvPrGbYWYWIiKgCMZnlzz0kIiIiIirN1lEJD+NmqcugMgwOgVja8j5sVTCkQkRE1BDdLEhGsK1X5Qc2Ab6+vnj33Xfxyiuv4Pjx4zh9+jQiIyMRExODnJwcYWSOg4MDHB0dERQUhPbt26Nbt24YMGAA1Gp1lR5vxIgRGDp0KPbu3YujR4/i4sWLSE9PR05ODuzs7ODm5ob27dujd+/eGD16NJycnCy+9siRIzFgwADs2bMH+/fvx82bN5GSkgKtVgs3Nze0bdsWAwcOxPjx4y3qPPHYY4+hT58+WLt2Lf755x8kJCQgLy8PdnZ2CA4ORp8+fTB58mSToIWUFAoFvvvuO3z55ZfYu3cvkpKSIJPJ4Onpifbt26NNmzYVnh8UFIQePXrg9OnTAIpvYI8ZM6ZOa+7fvz/27duH/fv34+jRo7hw4QJSUlKQm5sLBwcHeHl5oU2bNhg0aBAGDRoER0dH4dwRI0bgnnvuwcaNG3HgwAHExsYiJycHLi4u6NChg2gcS22QyWQYM2YMRo0ahX/++QdHjx7FpUuXEBsbi/T0dBQWFsLW1hbOzs4IDg5GaGgoBgwYgF69elUauCpLLpfjhRdewCOPPIJt27bhxIkTiIqKQkZGBnQ6HVxdXREQEIBevXrhvvvuq5PuN/WtS5cu2LVrF/bs2YNdu3YhKioKycnJsLGxgY+PD3r37o2JEyfWayBn4sSJ6N69O3755RecPHkSCQkJKCoqgqOjI1q2bIn+/ftj0qRJ8PT0FM4JCgrC6tWr8emnn+LSpUvQ6XTw9vZG7969663uEs2aNcPq1atx8uRJ7N69G+fOnUNqaiqys7Ph4OAgfA9NmDDB4jBJUFAQVq5ciYsXL2Lfvn04deoUEhMTkZmZCZlMBmdnZzRv3hxdu3bFmDFjGlyASmY0GtmbloiIqBxzdibg71hN5QcSERERUYPwYkYm8i+mSPLYIV0L0M39/yR5bDIvNeBeTPdqjiTwz19EREQN1UsBozHNd5DUZRA1SE8//TSOHTsGABg4cCBWrlwpcUVkjaZOnSqEogAgIiJCwmqoKWFnFSIiogrEcAwQEREREVko0OMvMBPRQCjtsDtkPN63UYJfFCIiooYtujBZ6hKIGqTY2Fj8/fffwnrSpEkSVkNEVPsYViEiIiqHTm9EYg7DKkRERERUObW9Al7G36QugwAUubbF/OC++FvGsT9ERESNwc0ChlWIzFm9ejUMBgMAICAgAIMGsQMREVkXhlWIiIjKEZethZ5vwiQiIiIiCwSG5EOOAqnLaPIim4/Ecy5eyGNQhYiIqNGILpBmhCNRQxYZGYn169cL6yeeeAIKhULCioiIah/DKkREROW4lVUkdQlERERE1EgEef5d+UFUZ4w27lgTMgYrlUZw7A8REVHjkqHLRbZOA2elvdSlEDUI2dnZePHFF6HVFnf9DggIwCOPPCJxVUREtU8udQFEREQNVUwmRwARERERUeVUtgp4Y33lB1KdyPXujqfajf0vqEJERESNEUcBERU7e/YsHnnkEVy7dk3Y9uabb0KtVktYFRFR3WBnFSIionLcymJYhYiIiIgqFxBSBAVypS6j6ZEpcab1g3jJ3h56mUHqaoiIiKgGoguS0dmxudRlEEli1KhRsLOzQ0pKChITE0X7pk2bhqFDh0pUGRFR3WJYhYiIqBwxHANERERERBYI8jotdQlNjt4xEEta3oftcr3UpRAREVEtiClMlboEIslcv37d7PZp06bhjTfeqOdqiIjqD8MqRERE5YhhZxUiIiIiqoRCLYePbJ3UZTQpyYGDMMOjOZJlDKoQERFZi/jCNKlLIJKMr68vkpKSIJPJ4OHhgbvvvhtTpkxBz549pS6NiKhOMaxCRERkRm6RAWka/vGbiIiIiCoW0FoPJTKkLqNpUNpjZ8h4fGijAMCxP0RERNYkoYivp6jpOnLkiNQlUBP3888/S10CNVEMqxAREZnBEUBEREREZIkgn7NSl9AkFLm1w7ygPjjFsT9ERERWiZ1ViIiImh6GVYiIiMyI4wggIiIiIqqEXCmDj2IdYJS6Emsmw40WI/GsswfyOfaHiIjIaqXqclBgKIKtXC11KURERFRP5FIXQERE1BAl5uqkLoGIiIiIGjj/1oDamCx1GVbLaOuBHztOwzQXD+TLpK6GiIiI6lpCIUcBERERNSXsrEJERGRGYg47qxARERFRxQJ9L0pdgtXK9e6BWX4dcUNmkLoUIiIiqifxRWloaecjdRlERERUTxhWISIiMiMhh51ViIiIiKh8MoUMfsq1HAFU2+QqnG41Di/Z28PIoAoREVGTws4qRERETQvDKkRERGawswoRERERVcS3hQw2xjipy7AqescgfNJiGHYo9FKXQkRERBKIL0qTugQiIiKqRwyrEBERmZGYy84qRERERFS+oIAwqUuwKsmBgzDDozmSZQyqEBERNVXxhelSl0BERET1iGEVIiKiMtI0OhTq2M+diIiIiMyTyQB/9a8Ap9TUnNIBO0IexGIbBfgJJSIiatriixhWISIiakoYViEiIiojMYddVYiIiIiofN4tFLA1REldRqNX5NYerzfrg9Myvv4mIiIiIL6QY4CIiIiaEoZViIiIykjM1UpdAhERERE1YEGB16QuoZGT4VrLUZjp5I58BlWIiIjoP9n6fOTqC+CosJW6FCIiIqoHDKsQERGVwc4qRERERFQuGeBvs4ETa6rJaOuJH1qPwo9Kjt0kqmtOCju8GjgWYz17muz7OmEPvkncU+H53R1b4Ye2s2pcx9K4bViTdLjG1ylNBhmGuN6Fvi7t0NmhOdxVjnCU2yJbn49kbRbO5NzA/oyLOJ8XbfE1Q+z8MMmrD+52bAlftRvUMiUydXm4oonFrvRz2JtxAQZU7XfX4hZTMML9bmG9JfUU3r21oUrXIGpq4gvT0NY+QOoyiIiIqB4wrEJERFRGQg47qxARERGReV7NlLA3XJG6jEYpx6cnZvl2RKRML3UpRFZvoEsHvNVsIrzVLlKXUus6OzTH28ETEWLnZ7LPQ+4ED5UT2tsHYqrPvTiceRkLb21Emi6nwmvO8LsPz/rdB7lMLtrurXaBt9oF97p2xIScG3gp8idk6zUW1dnfub0oqJJclIWlcX9YdC5RUxZflM6wChERURMhr/wQIiKipoWdVYiIiIioPEFBUVKX0PjIVTjZZhIe8G3PoApRHXNW2GNR88ewvPX/WWVQpadTCL4NmWE2qGLOva4d8X2bmfBQOpV7zEOe92Cm/3CToEpZPZxa46MWUyx6XHu5DeYHTxBtWxy7GTn6AovOJ2rK4gvTpS6BiIiI6gnDKkRERGUksrMKEREREZUjwG6j1CU0KnqnYHwYOhUv29vBKJO6GiLrNtj1LmwJfQ0jPbpJXUqdCFC74/NWT8JOYVOl81ra+eCzVk9ABtNfQnZyNV4MGC3atj/jIoZfeh89zr2GN2+uhdZ4J2TX16UdhrjeVeljzgkYCT+1m7Del3EBBzMvValuoqYqvjBN6hKIiIionnAMEBERURmJueysQkRERESm3ANVcDD8K3UZjcbtwCGY4RGEVHZTIapTtjIV3mv+CIa7d62Xx3vm2tc4mxNp8fF6GGrlcV8KHAMHha3J9tW3D2FT6gmkaLMRZOOJ5/zvx+AygZIuji0wxqM7/kj7R7R9uFtXOCvthHW2Lh9vRa9DvqEIAPBn+lnc7dgSE7x6C8dM9OqDAxUET7o6tMAkrz7COkunweKYzVV7skRNWEJRhtQlEBERUT1hZxUiIqJS0vN1KNAZpS6DiIiIiBqgoOBbUpfQOCgdsK39FDzkGYhUGV9bE9U1L7WL2aDKuZwofHCr9rtBGYwG6GH5f7UhUO2Bwa4dTbb/nHQEn8VvR0xhKvINRbiWn4CXIn/C5bwYk2On+Qwy2dbDqbVofTInQgiqlDiceVm07urYEspy/qyukimwIHiSaKTQ0rg/kKbLKf/JEZEIO6sQERE1HQyrEBERlXKbXVWIiIiIqByB9nxnfGUK3TvgxdCH8bGNQupSiJqsbF0+Pri1EU9e+xI3C5KlLqdWjPToJgqAAIDeaMAPt/ebHGuEET/ePmiyvZWdLzrYB4q2tbMPEK1v5pt+vqIKkkRrW7kKre38zNY53W8YWtr5COsT2REm3VyIqGIp2mypSyAiIqJ6wjFAREREpaTkMaxCRERERKZcfVVwMpyUuowGTIaIlqPwnLMHCsGxP0RSOZhxCYtif7e6m739nNubbAvLi0WGLs/s8X9nR0Bn1EMpEwfnBriE4oomTli7KR1F+811QEnX5Zpsc1c5Afniba1t/fCkz2BhrdEX4v066GxDZO2y9BoUGXRQy3n7ioiIyNrx//ZERESlpGr4h3UiIiIiMtWsRbzUJTRYRltPfNd6NFYrDQA49odICinabHwUsxn7My9KXUqtU8kUJh1QAOBafkK552gMhUgozEAzW0/R9i6OzUVrR4WtaF1kMH0DS6FBa7LNucx5csjwXvOHoSp1c/3LhF2IL0ovt0YiKl+KNhsBNu5Sl0FERER1jGEVIiKiUthZhYiIiIjMCXDcARikrqLhyfbphZm+HXBTxk8OkVRStdl4MOwj5OgL6u0xbWUqjPe6B8NcO6OFnTcc5LbI0OXiVkEKDmeFYUfaGWTpNbXyWME23mY7LNwqTKnwvJjCFJOwSkiZ8T3Gagbsyp71mPcAdHRoJqwv5t7CuuSj1bo2ERX/XmNYhYiIyPoxrEJERFQKO6sQERERUVlOXiq4GA5KXUbDIlfj79bj8JqdHYwMqhBJKt9QVK+P19WxBT5s8Sh81W6i7T5qV/ioXdHTOQTP+t2H5fE7sTH17xo/XoCNm9nt6VrT8TylpWlNR/p4qpxhJ1cLn7NcfQFs5Cphv7lQTOn9JXL0d2YABajdMct/uLAuMujw7q31kEOGB9y74X63zmhnHwhXpQMKjVrEF6bhRPY1rEs+imRtVoXPgaipsrZRZkRERGQewypERESlpGrYWYWIiIiIxJq1TJK6hAZF7xSMRS2GYLecQW+ipuj5gBGVHuOstMdbwRPQzNYTS+O21ejx3JVOZrfnlgqMmN9vvtOMu9JRGM+Tqs2Bh+rO9T3MPJa70tFkW3LRnRvpbwdPhJ3CRlj/cPsA0nW5WN3uBdzlECw6Tw0l2tkHop19IB7x6ovXb/6CI1lhFT4PoqYolWEVIiKiJkEudQFEREQNCTurEBEREVFZgU47pS6hwUgMGopxLQczqEJEFnnc516Mcu9Wo2s4KWzNbi80aCs8r9Bofr+Twk74+IomVrSvlZ2vyfGty2zL1RcgsuA2AGCMRw/0dm4r7LuRn4hVtw9gacsnTIIqZdkpbPBpy2kmo4mIiGEVIiKipoJhFSIiolLYWYWIiIiISnNwV8HNuFvqMqSncsTWDlMxwSMA6Rz7Q0RV8GrQONjKTEfpWEptZgwPAOhR8e8indF8qK70WJ8T2RGiffc4t4GD3Ea0bYhrJ9H67+xwGGGEu9IRLweOuVOP0YB3ozfgfrcu6ObUStiebyjCy5E/oce51zDy0of4N/dmqeemxLyg8RU+D6KmiGOAiIiImgaGVYiIiP6jNxiRkc93iBIRERHRHc1apUldguQK3DtiTodJWKLmn5GICCgy6PBd4j6MvfwRepx7Df3Pv4WXIn/C9fxEs8e7Kh0wyqN7tR9PITP/u8dgNFZ4Xnn7S1/vQMZFJBVlCmtHhS0+bPEYfFSusJGpMM6jp0nt65KPAgDmBY2Hq9JBtP2SJgYPe/cVH590FPszL6LIqENcURreiV4v2t/dqRVa2HpX+FyImhp2ViEiImoalFIXQERE1FCk5+thqPhvXURERETUxAS47AOa7GtEGcJbjsZMZ3cUgqFuoqZGYyhEuCZetM0IIz6O3SLqDlKk1+FA5kX8nR2O79vMREeHZibXGuDSAZtST1SrDr3RfAeV8kIsJZQyhdntpTuu6GDA+7c24suQZ4Rtg1w7YpBrR7Pn/p5yEv/m3sS9LqG4372LsD2uMA1fJeyCk8LOZPzPocxLovWtwhRE5t8WjRzq49wONwuSK3w+RE1JijZH6hKIiIioHjCsQkRE9J8UjgAiIiIiolLsXJTwMG6TugxJGO28sLLVKKxRGtCE0zpETdoVTRwevrrU4uPzDUX4KHYLfmk3x2RfZ8fm1a6j0KA1u728MEpl+4sM4n/7H82+igXRv+KtZhOhlpf/5/I/085icezvcJTbYn6zCaJ979/aiHxDEXo5hZicZ67jzI0yYZVQ+6AKnwtRU5OizZK6BCIiIqoHDKsQERH9JzWP7xYlIiIiojuatc6CrAl2FMn2vQfP+nTALVnTe+5EVDOX8m4hRZsNL5WzaLur0gE2MhUKjeaDJxXJ1mvMbreVqyo8r7z9mbo8k21/pP2Df3Ju4FHv/ujl1AYBNu5QyhRI1ebgQl40tqSexOmcGwCKx/94q13unJt6GidzrgEA/NXuouvm6PNRYOY5lx1x4qd2q/C5EDU1Gbo86Iz6SkNpRERE1LgxrEJERPSfVHZWISIiIqJSAt0ONq2mInI1joc8iNdtbWFkUIWIqim+MM0krAIAzko7pGirHlYpbxyIs8K+wvNclQ4m2/RGA9J05q+XUJSBT+Mq7qZ1t2NLjPfsJaxTtdlYEveHsHZU2IqOz9cXmb1OQZluMQ5lziNq6owwIk2bAx+1q9SlEBERUR1iWIWIiOg/DKsQERERUQlbRyU8jL9LXUa90Tk1x4ctBmOvnCEVIqoZlcz8n5wLDOaDG5WJK0w1u91N5VjheW5mwiq3izKhNVbv95xapsQ7wZMgl8mFbYtjNiNHny+sy3Zz0ZXzWGW328nV1aqJyJqlMqxCRERk9RhWISIi+k8KxwARERER0X+CQnIhR9MIMycEDcN09wBksJsKEZViK1PBXeUId6UT3FWOcFM64FhWeLmdSUoE2XiYbNMadMjRF1SrjtjCNOTpC0y6jwTbeFZ4XrCtl8m2cE1ctWoAgGf97kdzW29hfSDjIvZnXhQdU7ZjSnkjTMpu1xgKq10XkbVKKTMui4iIiKwPwypERET/YWcVIiIiIioR4H5U6hLqnsoJW0LG4VO1HE1r3hERVWaq90C8EjTWZPv/4nZgVdLBcs/r5RQCZ6XpeJ7w/Phq12KEERdyo9HHpZ1oexs7/3LPcVM6wFftZrL9TG5ktWpoa+ePx33vFdbZOg0WxZh238otE8gp22mlhL1C3Eml7HlEVDxmi4iIiKybvPJDiIiImoaMAr6TlIiIiIgAtZ0CXvhN6jLqVIFHR8zqMPG/oAoRkdjFvFtmtz/pOwQBanez+5wUdpgXNN7svlPZ12tUz+GsMJNt7ewD4Kl0Mnv8vS4dTbYZjAYczrxc5ceWQ4Z3gx+GqlQ3lM/itiPVTIeZ2DIji5yV9qLzSnipXCo8j4gYViEiImoK2FmFiIjoP1kFBqlLICIiIqIGIDAkHwrkS11G3ZDJcaXFaDzv5IpCjv0honJcyItGXGEaAsuM9HFW2uGXdi/i68TdOJR5GenaXLgo7dHbuS2e878fQWZG8+iMemxOPWmyfWfHtxBgYxp86Xz2JZNtu9L/xUuBY0SdSuQyOZ72G4qPY7eIjlXJFHjCd5DJNU7lXEdCUUb5T7ocj/vciw4OQXeuk30NW9JOmT32iiYOeqMBCtmdIGCInR+ulBk/FGLnJ1pfzoupcl1E1i5ZmyV1CURERFTHGFYhIiL6TxY7qxARERERgEDPE1KXUCeMdt74ptVI/KJkSJvI2ijKaaAtl5WzHbJyz9Gj+HfET7cP4q3giSb73VWOmN9sAuY3m2BRbdvTziC+KN2iY8uTrddgU8oJTPEZINr+qHd/FBq02JjyN9J1uWhl64s5ASPR3Nbb5BorE/dV+XED1R541v9+YZ2vL8R7t8rvvKUxFOKfnBu4x7mNsO0+ty6isEpbO38E23oJa51Rj7+yrlS5NiJrl67LlboEIiIiqmMMqxAREQHQG4zILeIf7YmIiIiaOpWtAj6yX6Uuo9Zl+fbGcz7tcEvG17xE1maMRw+833xylc6Z4X8fZvjfZ3ZfSWeTTaknMdz9bnR3alXt2iLzb5t0PqmubxJ3Y6jbXfBVu4m2P+k7GE/6Dq7w3C2pp3AuN6rKj/lO8CTYydXCekXC7kqDN+uTj4nCKpO9+yMsLxZHssIQaOOBhWW+VgczL7GDBJEZ2TqN1CUQERFRHeNgYiIiIgDZhQYYpS6CiIiIiCQX0LoICljRO3kVNjja9hGM8G3DoAoRVYkRRrwY+UO1R9RcyYvFc9dXIt9QVCv15OgL8Nz1lUjX5lTpvCOZYfggZlOVH+9Bj17o6RwirC/nxeCX5L8qPe9Q1mUcyQwT1rZyFT5tNQ3/3P0JtoS+jnb2AcK+bJ0GS2L/qHJtRE1Btt5KRzISERGRgGEVIiIicAQQERERERUL8v5H6hJqjc65Bd4JnYJ5djZSl0JEjVSOvgDTIr7Ad4n7oNEXWnROnr4A3yfuxxMRXyJJm1mr9UQVJOGJiC9xJiey0mOLDDr8ePsgXor6CTpj1f7N76l0wkuBo4W11qDDO9EbYOnbXObd/AV/Z4VXeEyaNgfPXv+WXVWIypHFzipERERWj2OAiIiIAGQVMqxCRERE1NQp1HJ4y9fBGlruxTUbhmfdApAh00ldChE1cjqjHl8m7MLqpMMY8d9YoLZ2AXBVOsBeYYM8fQEydLm4pknEyZxrOJBxEVn6urvJfKswBU9f+wp9ndthsOtd6OrYAp4qZ9jJ1cjU5SGuMA1/Z4djZ/q5Skf2lOfNZg/BWWkvrFfdPogbBYkWn68xFOK5GysxxLUTRnl0Q0f7ZnBTOiDfUISbBck4khWG9cnHkGewLABE1BRxDBAREZH1kxmNRiv4EwwREVHNHInOwyt7LP/DExERERE1TC9mZCL/Ykq1zm3WwYg+flNruaL6ZVQ54/eQcVimlkldChEREVGN/NP1E6jlfM81ERGRteL/5YmIiMAxQEREREQEBPqck7qEGinw6ISXArvjgoyvbYmIiKjxy9Jr4CV3lroMIiIiqiMMqxAREYFhFSIiIqKmTq6UwVextnGOAJLJEdZyDF5wdEEhgypERERkJbJ1GnipGFYhIiKyVgyrEBERAcgs5B/1iYiIiJoyv1aA2pgsdRlVZrDzwYrWI/CrwiB1KURERES1KkuvkboEIiIiqkMMqxAREQHIKuAf94mIiIiasiC/i1KXUGWZfn3wrHc7xLKbChEREVmhbF2+1CUQERFRHWJYhYiICBwDRERERNSUyRQy+Ckb0QgghQ2OtH4Qb9rZAODrWCIiIrJO2eysQkREZNUYViEiIgKQxTFARERERE2Wb0sZbIxxUpdhEZ1zS7zX/F4clPP1KxEREVm3LB3DKkRERNaMYRUiIiJwDBARERFRUxbkf0XqEiwS1+w+THcPQBa7qRAREVETwM4qRERE1o1hFSIiIgDZ7KxCRERE1CTJZIC/an2DHgFkVLtgU8hYfK6SAWDImoiIiJoGdlYhIiKybgyrEBERAcgr4h/9iYiIiJoi7+ZK2BpvSF1GufI9OuGlwO64KGO4moiIiJqWHH2+1CUQERFRHWJYhYiImjyD0Yh8XQN+Ky0RERER1ZmgwAipSzBPJselVmPxgoMztAyqEBERURPEzipERETWjWEVIiJq8jRaBlWIiIiImiQZ4G+7ocFN1jHY++Krlg9gvbKBFUZERERUj7L1DKsQERFZM4ZViIioycvX8iYAERERUVPk2UwJe8MVqcsQyfDrh+e82yCW3VSIiIioicvScQwQERGRNWNYhYiImrw8hlWIiIiImqRmQVFSl3CHwhaHQx7EfFs1AAZViIiIiHLYWYWIiMiqMaxCRERNnoZhFSIiIqImyd9uU4MYAaRzaYV3gwfikJwhFSIiIqISGn2h1CUQERFRHWJYhYiImjxNUQO4Q0FERERE9co9QAVHwzmpy0BM8P2Y4eqHbI79ISIiIhIpNOpgNBohk8mkLoWIiIjqAMMqRETU5Gm0RqlLICIiIqJ6FhR8S9LHN6pdsCFkHL5QAQBfjxIRERGZk28ogr3CRuoyiIiIqA4wrEJERE0exwARERERNT0BDlslGwGk8eyClwLuxiV2UyEiIiKqUIFBy7AKERGRlWJYhYiImjyGVYiIiIiaFldfFZwNf9f/A8sUuNhqLGY7OEHLoAoRERFRpQoMRVKXQERERHWEYRUiImry8hhWISIiImpSglok1PtjGuz98EWr4fhNwdeeRERERJYqMGilLoGIiIjqCMMqRETU5OUzrEJERETUpAQ67qjXEUDp/v3xrFdrxMv4upOIiIioKthZhYiIyHoxrEJERE1entYodQlEREREVE+cPFVwMRyonwdT2OJgyHi8batCvaZjiIiIiKwEO6sQERFZL4ZViIioydMU8cYBERERUVPRrFVSvTyO1qU13gkegCNyfb08HhEREZE1ymdnFSIiIqvFsAoRETV5Go4BIiIiImoyApx313mTk1vBw/Gsqy+yZQyqEBEREdUExwARERFZL4ZViIioySvQcQwQERERUVPg4KaCm34XIKub6xvVLvg1ZBy+UgEAX2MSERER1RTHABEREVkvhlWIiKjJK9LzRgIRERFRU9CsdRpksrp57afx6ooX/boijGN/iIiIiGoNxwARERFZL4ZViIioydMZGFYhIiIiagoCXPbXfsMTmQLnW43Fiw5O0HLsDxEREVGt4hggIiIi68WwChERNXlahlWIiIiIrJ6dixIexj9q9ZoGB3983vJ+/K4w1Op1iYiIiKgYxwARERFZL4ZViIioyeMYICIiIiLr16x1FmSovc4naf4D8KxXKyTIGFQhIiIiqivsrEJERGS95FIXQNKLi4tD27Zthf+++OILqUsiIqpXOoZViIiIiKxeoNuh2rmQwhb72j2KMd4tGFQhIiIiqmP57KxCRERktdhZhYiImjyOASIiIiKybjaOSngYNgOyml1H6xqCt5r1xzF57XVoISIiIqLysbMKERGR9WoQYZV58+Zhy5YtlR5nb28PZ2dnODs7Izg4GJ06dUKXLl3QtWtXqFSqeqiUiGpDXFwchgwZUmfXX7x4McaPH19n1yfrwzFARHeMauOEdwb51Pg6r+9NxMGbeRUe08nHFve2cMDdfnbwcVDC2VaBAp0B6Ro9LicX4FhMHg5G5aGuf0JlAAa1cEDvIHt08rGFu50SDmo5sgv1SMnT4WxiAQ5G5eJiUoHF12ztrsZDHVzQ1c8WPo4qqBUyZBboEZ5SiN03cnAgKhdVzcm9P9gHw0OchPUf4dn44Ehy1S5CRNREBYXkQS6r2Y2O6OYPYIaLN3JlDKoQERER1ZcCdlYhIiKyWg0irGIpjUYDjUaD27dv49q1a9i3bx8AwMvLCw899BAefvhh+Pv7S1wlkXWKiorCAw88AIBhELI+OnZWIapXnvYKvDnAG/2DHUz2qRUKONso0NxNjVFtnXE9rRAf/pWMsOTCOqmlk48t3ujvhdYeNib7POyV8LBXop2XLR7r5Iq/ovOw6K9kpOVXfJPy/7q54Zlu7pDLxG/f93ZQwttBiQHNHXA2IR+v7U1EdqFl4yP6NrMXBVVS8nT4/ESqRecSEREQ6H602ucabVyxtvVYfM33yBARERHVuyKjTuoSiIiIqI40yLBKSEgI7O3tTbbn5eUhKysLGRkZ0OnuvEBJSUnBN998g59++gkvvfQSHn/8cchkNeztS0QiFy9erLVrqdVqdO7cudLjcnNzERkZKaw9PDwQGBhY6Xnu7u41qo+aHi3fHEtUb3wclFgx2h/NXNQWHR/iYYOvRgZgzq4EXLhteWcTS/QIsMPS+/1gp5JbdPyA5g4IcgnAc9vjyw2sPNjeGTO6e1R6rW7+dvhgiA9m70ys9Fh7lQzz+nmJtn1yLAW5RZYFXYiImjq1nQJe2FCtczVed2OOfxdcYTcVIiIiIkkYjPy3LxERkbVqkGGVDz74AF26dCl3f0FBAS5fvoyTJ09i48aNuH37trB90aJFOHz4MFasWAE7O7t6qpjI+tVmWMXb2xu//fZbpcedOnUKjz/+uLAeOnQoFi5cWGt1EJUoYmcVonqhkANLh/tZHFQp4aCWY+n9fnhkYwxSNbVzszDASYkl91keVCnRwk2NT+7zxf/9EW8ynshOKcMLvcRBlYNRuVh2IhXp+XoMaemABQN9oFQUh6p7BzlgUAsHHKpkXNLzvTzg63Tn7fwHonJxOLric4iI6I7ANgVQIL9qJ8kUONdqHF50cISeQRUiIiIiyejBsAoREZG1apBhlcrY2tqie/fu6N69O5599ln8/vvvWLx4MfLzi//49Pfff2POnDlYsWIFlMpG+RSJGpwLFy5IXQJRndHpGVYhqsy4X6NxO8fy1rvmfqweau+Ctp6m43aO3crDd2fTcTOjCK62Coxr74wnurqJxui42Cowq6cH3jucXK36y5p9jycc1KZBlV8uZGDzlWykaHQIclZhend33NvCUXRMJ187jGrrhO0ROaLt97V2gpONQljnFOrxzqEkFOiKPxm7rueiq58dHmzvIhzzUAeXCsMqnX1t8VCHO8dnFeix5FhK1Z4sEVETF+h5okrHGxwC8FnL+7FFwZAKERERkdSMRv7djoiIyFpV7a2kDZBSqcTDDz+M33//Hb6+vsL2I0eO4KOPPpKwMiLrUVRUhIiICKnLIKozWnZWIaqUwVAcQLH0v7JkAB7r7Gqy/UpyAV7ek4grKYXI1xmRmKvD1/+kY93FTJNjh7d2gqe9wmR7VQU4K3FvCweT7esuZuJ/J9MQm61Fgc6I6+lFeG3vbYQlm44fmtLJ9Ll08xd39TsVly8EVUocKdMRpbOvLRTlvCJXyYH5A7xFoZ3/nUwtdwQRERGZUtrI4Y31Fh+fGjAQE1vfx6AKERERUQOhN+lrSkRERNbCatqOtGrVCt988w0effRRaDQaAMCvv/6KyZMno1WrVhZd48SJEzhw4ADOnTuHxMRE5OTkwMHBAR4eHggJCcHQoUMxePBgODiY3twAgA8//BBr1qwR1p9//jkeeOABi5/D6dOnMXXqVGE9fvx4LF68uM7qrakzZ87g4MGDOH36NJKSkpCZmQmVSgVXV1cEBQXhnnvuwf3334+WLVtWeq3BgwcjPj4eANC3b1+sWrUKAJCUlIS1a9fi+PHjiImJgUajgbOzM3x8fNC/f3+MHz8eLVq0qPDa8+bNw5YtWwAAnp6eOH78OAAgNzcXv/zyCw4cOICoqCgUFBTA0dERrVu3xv3334+HH34YNjbid3+Hh4dj3bp1OH36NBITE2EwGODu7o7OnTtjwoQJGDBgQJU+h5GRkdixYwfOnDmD6OhoZGZmQq1Ww8PDA4GBgRg4cCDuv/9+URCrPFOnTsXp06cBAD179sTPP/8MoDhosnXrVuzZswcRERHC18nNzQ0dO3bE6NGjMXToUMhK3Qgzd83S3njjDbzxxhvC+vnnn8cLL7xQpedeX4qKirB7924cP34cFy5cQHp6OjQaDVxdXeHh4YEuXbpg2LBh6NOnD+TyquX3bty4gT///BMXLlxAZGQksrOzUVRUBAcHB3h6eiI0NBSDBw/GsGHDKu3yFBcXhyFDhgjrd999F5MnTwZQ/Lth/fr1+Pfff5GSkgK5XA4fHx90794dU6ZMQWhoqMlz3rRpE/bs2YPw8HDk5ubC3t4eQUFBGDBgAKZNmwY3N7cqPVdrpjMYwawKUd3r6mcL/1KjbEr8dD7D7M/gmvOZmHyXKxTyO/9/UipkGN7aCb+YCbJUxQMhTqIACADoDUb8+G+6ybFGAGvOZ+Dj+/xE21u626C9pw2uphYK28p2jYnOLDK5XnSGeJutUo7W7jaIKHWdEk/f7Y4WbndGJp2M1Zh0cyEioooFhmihRHblByrtsDfkQbxnowLYap6IiIiowTAa+dqMiIjIWllNWAUA2rdvj9mzZwsdVXQ6HZYuXYoVK1ZUeN61a9fwxhtv4PLlyyb7MjMzkZmZicjISOzevRteXl546623MHz4cJNjR40aJQqr7Nu3r0phld27d4vWY8aMqdN6qys6Ohrvvfce/v77b5N9RUVFyMvLQ3x8PE6ePIkvvvgCY8eOxZtvvgknJyeLrp+dXfyHxJ07d2L+/PlC+KhEeno60tPTcfXqVfz444+YM2cOnnnmmSo9hytXruDZZ59FUlKSaHtmZibOnDmDM2fO4Pfff8dPP/0k3NRftmwZVq5cCYNB/OL49u3buH37Nvbs2YNHH30U77zzTqWPn5WVhXfffRe7d+82uV5RURFyc3Nx69YtHD9+HEuXLsWMGTMwffp0qFSmN/kqEhERgRdeeAG3bt0SbddqtdBoNIiPj8eePXvQr18//O9//4Ojo2M5V2qcdu/ejcWLF+P27dsm+1JSUpCSkoLw8HCsX78ed911F95//320b9++0utmZWVh4cKF2LFjR7n7s7KyEBkZiW3btiE4OBhLlixB586dq1S/0WjEwoULsW7dOpN9MTExiImJwdatW/Huu+/i4YcfBlAcgJo5cyaio6NFx2dnZyMsLAxhYWHYuHEjVq1ahbZt21apHmvFEUBE9aNPkGl4Vqc34mSsxszRQEaBHldTCtHRx1a0vV+wQ43DKuZquZJSiMwC838AOxmngc5ghFIuDrj0C3YQhVXcbMVdX9LNdEAx1xXF3c60W0wrdzUe73InWKjRGrD4aO2MQCIiakoCvf6p9Bitaxu8Fdwfx2SWj7sjIiIiovrBzipERETWq9GPASpr8uTJ8PLyEtYHDx5EYmJiucf/9ddfePjhh02CH35+fggNDUVwcLCo20JKSgrmzJkjdP4orXPnzggKChLWhw8fRlGR6TtqzTEYDNi7d6+w9vHxQa9eveq03uq4dOkSHnnkEZOgipubG9q1a4eQkBBRJxe9Xo/NmzdjypQpSEtLs+gxDAYDjh8/jpdfflkIqnh5eaFDhw5o1qyZqEOFVqvFp59+iu+//97i55CWlob/+7//Q1JSEuRyOZo3b4727dvDxcVFdFx4eDjeffddAMDXX3+Nb775BgaDAfb29mjbti1CQkJMwiPr1q3D1q1bK3z8uLg4TJgwATt37hQFVVxdXdGhQwe0atUKtrZ3bswVFhZi+fLlePHFF6HXW96KOj4+HtOmTROCKu7u7mjfvj1CQkJMOsYcO3ZMeK6ltWrVCp07dzbpThQUFITOnTsL/1nS+aW+ffXVV5gzZ44oqFLy9e7QoQN8fHxEx5d8b585c6bC6+bm5mLKlCkmQRUnJyc0b94coaGh8PMTv/v+1q1bmDZtGi5evFil5/Dll18KQRVXV1e0b98ezZs3F/2MGwwGvPfeewgPD0d6ejqeeOIJIagSEBCA0NBQeHt7i66bmpqKF1980eLfT9aOI4CI6sddZUInABCfo0W+rvyfwRvppt1GOnjZQGHaDMxiKrlpBxQAuJ5m+lglNFojEnO0Jts7lXlODmrxS+tCnWn4pchMQM6xzHlyGfD2QG+oSj3Rb/5JQ0IOb6ISEVWFQiWHj8I0+F1aVPMRGBnch0EVIiIiogbKaOTf7oiIiKyVVXVWAQBbW1uMGjUKP/74I4DiFzIHDhzAlClTTI6Njo7GSy+9JAQiZDIZpkyZgieeeAKBgYHCcdnZ2di8eTOWL1+OvLw8AMDHH3+MZs2aYejQoaJrjhw5Et988w0AIC8vD8eOHcPgwYMrrfvs2bNISUkRXafsSJK6qLcqsrOzMXPmTGRkZAjbBg0ahDlz5oi6Uej1epw4cQKffPIJIiIiABQHP+bPny98bipSWFiIt99+GwaDAQ888ADmzJkjGvWTmpqKFStWYO3atcK2pUuXYuDAgQgJCan0+h999BHS0tIwZswYvPLKK0JowWg0YseOHXjjjTeg1RbfkNqzZw8OHDiAr776Cg4ODpg3bx7GjRsHtbq4Jb9Go8GyZctEHXVWrlyJcePGlfvcZs+ejZiYGGFbv379MHv2bFHXjaKiIhw5cgSffvqpEDzYv38/PvnkE9H4nfIYjUbMnz8fGRkZ6N69O1599VV06dJFdP1NmzZh0aJFwnPdvn07Zs6cKRrbVBJgOXXqFB5//HFh+8yZMzF+/PhK65DKzp07sXz5cmHt4OCAOXPmYPz48aIOP3FxcVi1ahXWrVsHo9GIgoICzJgxAzt27DAJnJRYsmQJrl27Jqw7duyId955B506dRIdFxsbi6VLl2LXrl0AgPz8fMybNw87duywaNxQZGQk1q9fD09PT7zzzjsYMmQIFIrid94nJSVh3rx5QmhMr9fjxx9/hE6nQ3JyMvr164f58+eLvpYXLlzA7NmzhfBOVFQU9u/fjxEjRlRai7VjYxUiyznbyDGhgwsGNndAoIsKaoUMGfl6RKYX4a9bedh5PQeF5YRPWrqrTbbFZJkGQEqLNbPfTiVHoIsKtzIrPrc8zVzVUJtJu5h7rLL7g1zEzyHEQ7wu/gNaDZI0/3mkoytCve8EYS4lFWD9pawaX5eIqKnxD9FDZTQd8QYARhs3/Nx6LL5VGQG+W5eIiIiowdJzRCMREZHVsrrOKgDQu3dv0frcuXNmj1uwYAFycnIAFHdcWLJkCd566y1R8AMAnJ2d8cQTT2Dt2rWws7MTti9evBiFheJ34Y4cOVK0Lt0tpSIlN7RLmBsBVBf1VsXSpUuRnHyn/fzEiRPx9ddfm4xNUSgU6NevH9auXYs2bdoI2w8dOoSDBw9W+jg3btxAfHw8xo8fj88//1wUVAEAT09PLFiwANOmTRO2GQwGfP3115VeOyMjA9u2bcP48eOxZMkSUXcNmUyG0aNH4+mnnxa2GY1GzJkzBwaDAd9++y0mTZokBFUAwN7eHvPnz0fXrl2FbZGRkSZjd0p89913CAsLE9aTJ0/GDz/8YDIeRq1WY9iwYdi4cSNat24tbP/ll19w/fr1Sp/n+fPnceLECQwdOhSrV68WBVVKrv/oo49i5syZou1lR1E1Rrm5uaJRTK6urtiwYQOmTZtmMooqMDAQCxYswMKFC0XnL1myxOy1s7KysGXLFmHt6emJH3/80SSoAhR3n1m2bJmoQ1JkZCSOHj1q0fP49ddfoVKpsHr1atx3331CUAUo7ry0bNkyURejP//8Ezt27MCAAQOwcuVKUVAFKO789OGHH4q2WfLz2CTw3gSRRe5t4YDNjwTjuZ4e6OBtC2cbBWyVcvg5qdAv2AFvDvDG5keCMaiF6Ygde5UMrramo24yzIzEKc3cGB0ACHCq2li80vydzGe1y3usivZ72Cthq7wTTsktEv8BzUZp+lLbxkxQJqfwznn+Tko828NdWBfpjfjgSDLkMmBEiBM+G+6HnVOa4/j/tcKhJ1rgl4eC8EIvD3jZm35+iYiauiCff81uz/PuhqfajfsvqEJEREREDRk7qxAREVkvqwyrdOvWTbSOiooyOebChQs4deqUsJ44cSJGjx5d4XXbt2+PWbNmCeu4uDiTMEqbNm1EAY2DBw8KnSvKU3YEUEhIiEkApK7qtVRubi7++OMPYe3t7Y0333wTMln57x52cnLCggULRNt+++03ix7P1dUVb775ZoXHvPjii3B0dBTW+/fvR0FBQYXn6PX6Sq89atQo0Vqr1eKhhx5Cjx49yj2n7NeidOeNEvn5+fj555+FdUhICN56660K63V2dsbixYuFtU6nE3VxKY9Wq4WrqysWLVokGptU1sSJE0Vfw6tXr1Z67YZu3bp1yM7OFtYLFiyotOPOpEmTMGDAAGG9c+dOJCUlmRx38eJF0SimESNGwNnZudzrymQyPPHEE6JtJ06cqOwpACj+Wj/zzDOisFJprq6u6Nevn7DWarVQKpV47733RMGW0vr27Qt39zs3QM19nzZF/OcukWVe6uMFFzOBk9K8HZT4aJgvHu4oHq3nZmf+vLLhDkv3e9QgmOFWznOobi3upZ5bWplAi7uZ521uW4rmzuiJNwd4w0515yX6T/9mID1fh+/HBuK9wT7oH+wALwcl1AoZHG0UaOtpg8e7uOH3R4IxINi+wudARNSUyBUy+JYdASRT4mzIBDzg1xHXZHyHLhEREVFjwM4qRERE1ssqwyqOjo6i7heJiYkmx2zdulW0fuaZZyy69uTJk6FS3Xk37759+0yOKd1dJSsrSxQyMafsCCBzIZS6rNcS+/btQ35+vrAeP3487O0rvyHSo0cPNG/eXFgfO3YMubm5lZ43YsQIky4YZdnb22PYsGHCurCwEGfOnKn02g888ECF127ZsqVJwGPixIkVXrNsGKJk1Epphw8fRmZmprB+6qmnKgySlOjUqZOoM8qBAwdEgYnyPPTQQ3BxcanwGC8vL3h7ewvr+Pj4Sq/b0JUOVQUEBJh0OypP6TFHRqPR7M9K//79cfnyZZw4cQI7duyw6OfwrrvuEq0t/RzL5XJMmDChwmNKB+MAoE+fPvD39y/3eJlMJgq/mAvkNEVGxlWIapVcJsPc3p642+/OGBsntfmASKG+4j84FZYzp6u861nCyaaatZQz3qj09a6miDvYtXQzHX1UdhxSbpEBUelFAIBRbZzQK/DO66vI9EKsPp+Bj+/zQ0cfW1TETiXH4mF+aG1m3BIRUVPk1xpQG+/8u8zgEIglHR/HbAcH6Gs+sY2IiIiI6gk7qxAREVkvqwyrAMVdB0poNBqT/aVDDS1btkRQUJBF13V0dBSNfPnnn39MjqnqKKDSo1dKRtHUZ72W+Pdfcfvke++91+Jzy3Z/CA8Pr/ScIUOGWHTtsuNtLOkUUVGHFKB4jFHpkIednR06duxY4TkeHh6idV5enskxZYM0pTt5VKb05zAtLQ03b96s9Jz+/ftbdO3SYRVzdTcm6enpiIyMFNaWfg4AoGfPnqKQW3k/KzKZDO7u7ggJCRF97srj5uYmWmdlZVlUT3BwcKXXL90lBaj8exsQf6829q93beG/d4lqn0Iuw+v97/wOU5sZfQMAleRDoDOY/wFVK6t/l7G2ayk91udUnPg1Z89AezioxI83uIWjaH0yVgMjijuuzOntWaoeI94/koxhrRxxt9+dsY4FWgNe35uIvt9HYtyv0bhw+06YWK2Q4dW+XhU/ESKiJiLQ95LwcWrAvZgQMhRbFZWH/omIiIioYWFnFSIiIutltWGV0jedy3ahyMvLw/Xr14W1r69vla5duotGeno60tPTRfuDgoLQqVMnYb1//34YDOZfUBkMBuzZs0dYd+vWzaQzQl3Xa4my42EqG6tSWsuWLUVrS8IqHTp0sOjawcHBonVMTEyVzzHHxsZG+DgoKAhyecU/KqW/3wCYHf104cIF4WOVSgVPT0+TY8pT9vN948aNSs8p23WjPLa2d96pXdnIqobu0qVLoqR9VX5WbGxsRN8bpUMvNVG2e46l7wQo3ZGoPKW/T4Gqf2839q93bWFWhcgyuUUGLD+ZirHrotH7uxu4f81NvHcoCQk55n+XtHRT457/uoQoy/nfaDn5j0r31yCrAkV1a7Hgegdv5iIp985IH0e1HO8N9oGPgxI2ChlGt3XCAyHi7m4bLmcCAF7p6wnXUiOKNlzOQlhyISZ0EHdJW385Cwdv5qFIb0R8tg4LDyeL9t/tb4fmrioQETVpcsBfvQ5Q2mF3+8cw1isYSXzVR0RERNQoGfhOMyIiIqtV+QySRqp094LSN+MBICMjQ3TDOCwsDJMmTbL42mVHZ8TFxZl0OBg5ciQuXrwIoLgTxpkzZ9CzZ0+Ta5UdATRmzBiTY+qj3sokJ9+5EeLi4gJHR8cKjhbz8/MTrUs/X3NsbGwsrq9s5wlLgjiVjRcCirtnlLDkuZY+vjylazMYDFX6GpbtgBEXF1fpOc7OzhZd25LaG4u0tDTReuPGjTh06JDF55ceGVbZ5zgnJwd79uzBiRMnEBUVhYSEBOTl5dVaAKQ633dV/d6m//Dfu0Qi2YV6XEsVj7Mp1Bux8HASojPv/I5Lz9djx7UcHIvJw+rxQfB3Mg1I9Au2x8k4DXTlJD3KC46UKC/kUt71LFFeB5XyHqsqtegNwOKjyfj8gTvB44HNHTGwufnf6VuvZuH87QIMCHbAsFZ3fofHZ2vx9T9pcFLLTcb/HI4Wj1OMydIiKqNINHKod5A9ojMt6+RFRGSN3LxSIHO2x6vBk/G3jN1UiIiIiBozjvAmIiKyXlYZVtHr9cjNvfOH/LIjWrKzs0XrrKwsUdeLqjI3SuOBBx7Axx9/LHRU2bt3r9mwSukRQCqVCsOHDzc5pj7qrUxOTo7wsb29fZXOtbOzE60re3xLQxaAaWeJ/Pz8co68Q6FQVHpMaWU7Y1RX6QCVXq+v86+hStX03lVd9mclPj4e8fHx1bpWfn4+9Hq9yfeL0WjE999/j2+//Vb0c1HbqvN9V9XvbSrGf+4Sif11S4O/bpmOUCxPZoEBX55Kw6Khpt2sOv0XtCjUm/9JU8orDtCVt7+wspk9FSjU1XItZZIzx2M0WHg4CfP6e5c7cggAdl3PwSfHUuCgluP1/uLRPYv+SkaBzohOAbYm591ILzLZFpleKAqrtPeyBcCwChE1Xfk+iXjQpy8yoav8YCIiIiJq0PTsrEJERGS1rDKsEhkZKepEEhgYKNqv0Vh+A8YS5q7n4+ODHj164NSpUwCKwyrz588XdTUoOwJo4MCBcHFxMblWfdRbmYKCAuHjsgGRypQdkVNZoKQqIYuyxxYVmd7AaSgsCdJYqra/J6xFbX9e8vPzTTqcvPLKK9ixY4fJsXZ2dnB1dYWzs7NJN6eaBJOo7rHXDFHNHb2VB53eCGWZcIa3Q/FLzZxC8+9qt6kgzFHR/qyC6odVcorKqaWS2ULl1lJoWsv2iBycic/Hw3e5omeAHfydVFDKgbR8PS7eLsAf4dk4k1D8uuCVXh7C56n43Gycji/e51emW01uod5s2CZNI35Ovo5W+RKfiMhi7U5H48eoMJy5ryuOtXXBSUUKCo0MrhARERE1RsZyB/MSERFRY2eVf8n+559/ROvQ0FDRuuzN5/Hjx2Px4sW1XseoUaOEsEpSUhIuXLiALl26CPvLjgAaPXq02evUV70VsbOzE7rVVDV0UVgoHiVQWWeWqgROyh5btotLQ+Lg4CB0/ggMDMSBAwckrsj6ODg4iNYff/wxxo0bV2vXX7t2rSioIpPJMGnSJEyePBlt27aFXG5+RkTbtm1rrQaqA0yrENVYgc6IjAI9vBzELy2dbYo7PpUNU5Rwsa24I5RrOftTNdW/4ZhaTi0ltValFr3BiPRyaknM1eHzE6kVXrOrny3Gtb/TUS5No8Oyv++c46AS/38lv5yuMAVltjuoK5lpRETUBNhnZGPAhiMYAKDAyR7nht2NYx3ccUKdBo2h4b7JgYiIiIjE2FmFiIjIelnlX7KPHj0qWt9zzz2iddkb2tUZi2OJ++67T9T5o3QXFUA8AsjJyQmDBw82e536qrcipUfzVLV7RdnjnZycqnR8RcoGZxpyWKV06Kj0mCqqPWWDXbX5eTYajVi1apVo2+LFi7Fw4UK0b9++3KBKySgwariYVSGqHSozY3IK/huRU6g3IjnPNNRRXhilhJud+f2xWdpqVFgsrpxz3apRS1KeDtpq/ppXK2SYP8Ab8lJd9z45loKcojsXtC3T7UVnMP8HurLb7SrpEkNE1NTY5mjQZ/MxvPbBNmxYfAYfnFXigSI/OMlNx60RERERUcNi5BBvIiIiq2V1YZXo6GgcOXJEWLu7u6NXr16iY3x8fEQhkpiYmDqpxdXVFf369RPW+/btEz4uOwLovvvuMxmXU6K+6q2Ij4+P8HFOTg6ysrIsPjcuLq7ca5mj0WiEDiSVSUpKqtK1pRQQECB8nJmZiZycHAmrsU6lP8dA7f6sREREiL6Xe/bsiQcffLDS81JTK35XPUlPxnu6RCL2KhkCnJW4y8cWA4LtMbadc6Ujcpxt5HC2NX1ZmVFwp4vJ9bRCk/3NXCoe/Wduf2a+Hom51e+sEpetRV6RacIkqBq1RKSaPidLPdPNHcGud177HbqZi4M3xYHksh1TFGYCQQCgLLM9X8s/5BERlUedX4ge20/gxUXbsP6DE/jopAyjC/zgKq+4AygRERERSUPGt5oRERFZLasLq6xYsULUyeDJJ58UBT0AQK1WIyQkRFhHRkZWuVuIpUaMGCF8HBsbi2vXrgEAzpw5IxoBNGbMmHKvUZ/1lqdjx46idUREhMXn3rhxQ7QuO5bJknPKc+vWLdE6KCjI4rrqW9nnfenSJYkqsV6hoaGQlUoe1ObnODExUbQuHUSryJkzZ2qtBqob/Acv0R0v9/HEkadaYevk5lg1LhBLh/vjrYHeGBDsUOF5g1o4ijqElCgd5jifWGCy39dRWeHImraeNibb/r1dtXGEZRkBXEwyrSXEw3xoGABcbeXwcTQNq5xLqF4tbTzUmNLJVVhnF+rx8bEUk+Nyi8Qji8p2WilhpxJvzzUTxiEiIlPKIh267j6N5z/ahnXvHcPSo3qMz/ODp8Kx8pOJiIiIqF4oZRV3QiUiIqLGy6rCKn/++Sf++OMPYe3u7o4pU6aYPbZbt27Cx0VFRTh8+LDFjxMbG4uCAtObHOYMGTIEtrZ3Wgv/9ddfAMQjgXx9fdGzZ88Kr1Nf9Zbn7rvvFq0PHjxo0XkGg0HU6cbe3h5t2rSp9Lyyo5zK8++//4rWlgRhpNK9e3fReu/evRafm5aWhvT09Nouyeo4OTmJvr/Onz8vCoVVJjIystyxPWVHCrm4uFh0zV9//dXixydpMKpCdMflZPOvF57v5QGnckIlvo5KPNfD3ey+f+LvhDn+umU6xlAhl6FPkPl3sgc4K9HK3TSscvhmzcchHjVTS1tPG3jYm/8DmLmwjsFoxJHoqtcilwFvDfSGUnHnt8//TqQiTaM3OTYuW9xBxtlGAZWZL4OXvVK0js2u/pgkIqKmSqHXo+OBc5ixZBt+fucI/negEA/n+MJX4Vz5yURERERUZ5Qyq7qNRURERKVYzf/ljx49irfeeku07c0334S9vfkbIOPHjxetv/vuOxiNlbdMLywsxJQpU9CrVy/MmDGj0tCIg4MDBg0aJKyPHTsGADh06JCwbeTIkZDLK/5S1Fe95Rk8eLDo5vwff/xhcvPenIMHDyI5OVlYjxw5stxxR6Vt3boVRUVFFR6Tm5srCs24uLjgrrvuqvTaUhk4cCDc3e/czNu6davJGKPyvPfee+jbty8efvhh/PTTT3VUYflkZd4tn59fs3e116XSPysGgwHfffedRedFRERg1KhR6Nu3L15//XWT7j7OzuI/UickJFR6za1bt+L06dOibQ35c9dkMa1CJPgrOs/siBx/JxV+mRCE4a0d4Worh0IGeDso8FAHZ/z0YCA8yoQlgOJuIXtv3Bl5F5VRhMtmOpo83tkV5qbb/N/dpgGYnEI9Dtw0//rjj0eD8c+M1ib/mbPnRg4KdOLnKZfJ8EQXN5NjVXLgcTPbT8flV2sc0WOdXNHe606Q+Z94DbZFmB8NGJ5aAL1B/HqvtZkAT+syXWHCygkdERGRZeQGA9odvYinlm7H6rcPYMUuDR7L9EGgwlXq0oiIiIiaHBU7qxAREVmtRh9WKSoqwsqVKzFjxgzRaJwnn3wSo0ePLve8Dh06iLqZXLlyBZ988kmFj6XT6TB//nzcvn0bBQUFOHz4sEU3nkeNGiV8fPbsWVy6dAnx8fHCtopGAElRrzm2traYNGmSsE5PT8cHH3xQYWAmKSkJixYtEtZyuRyPPfaYRY+XkJCAZcuWVXjMkiVLRF/zUaNGQaFouC9c1Wq16Pnn5+dj7ty5KCwsrOAsYO3atdi7dy8MBgPOnz9vMvqoPpQNGMXExNR7DZYaN24cXF1dhfUvv/yC/fv3V3hOamoqXn31VRgMBqSnp2Pnzp1wcBC/i75du3ai9Z49eyoMVO3fvx8LFixA8+bN4evrK2xPTEy0KGhG9cfcTXKipipfZ8SmsCyz+/ydVHh/iC/2TWuJk9Nb488pLTCvv7fZoAoArLuYiTyt+PfdT+czTI5r52WLT+/3QxsPNWyVMgQ6q/BqX0+Mamv6TvZ1FzNRqKv579DsQgO2XM022f7IXa54vpcH/J2UsFXK0MHLBv8b4Y9gV9Og7ap/q97xLMBZiend7oRw8rUGfHgkudzjNVojzpYZNTSklXg0RRsPNZq53KlPZzDimJnOMUREVH2tToXh8c934Ie392Hltmw8keaNlgrzXcWIiIiIqHZxDBAREZH1arRhlevXr+P777/H/fffj6VLl0Kvv9M6fcKECXj11VcrvcYHH3wg6ryyatUqzJo1C+Hh4aLjDAYDDh8+jKlTp2L79u3C9p49e+KBBx6o9HEGDBgAJycnAMXhms8//1zY16ZNG5Ob4FLXW55Zs2YhODhYWG/ZsgWzZs0y6UBRVFSEXbt2YfLkyaJQzv/93/+hffv2lT5OQEAAWrRogVWrVuG1114zCWckJyfj7bffxvr164VtNjY2ePrpp6v71OrN9OnTRWNqzp49iwkTJuDYsWOi72EAuHr1Kl577TUsXLhQCDe4u7vj+eefr9eaAcDf31+03rp1K/7++28UFRVBo9Hg+vXr9V5TeVxdXfH2228La71ej9mzZ2Pp0qUmnWzy8/Oxfv16TJo0CREREcL26dOnw8/PT3Ssj48PunbtKqyjo6PxyiuvIDU1VXRcWFgYXnvtNcyaNQtarRaLFi0Sff5SU1Oxe/fuWnmuVDuUTKsQiXx/Lh3RGRV3N6vMP/Ea/PivaTDlSHSe2RE8/YMdsHZCMxx9uhW2TA7GpI6uJsdEpRdizYXMGtVV2soz6UjKNR2XM62LG/54tDmOPt0Kq8cHoUeAaZe+P8Kz8W9i1buXzB/gDdtSc3y+PZOO+JyKu7P8ViY89HBHFwxp6QC1QoYWriq8c6+PaP/hm3lIMTNSiIiIakfwuQhM/uJPfP32HqzamIb/S/ZCG4Wn1GURERERWS2GVYiIiKyX+bfCSuytt94yO77HaDQiKysLqampyMszvdGhVqsxb948i7t3BAcHY/ny5Zg9e7bQoWP//v3Yv38/PD094eXlhdzcXNy+fRtarfhmRqtWrSrt/FG6rmHDhmHz5s0A7owCAlBh9xep6i2PnZ0dvvzySzz99NPCaJ8DBw7gwIED8PLygre3NwoKChAbG2vScWLEiBGYPXu2xY/1/vvv44knnsAff/yBP/74Az4+PvDw8EBOTg4SEhJMgh3vvvsuAgICavT86oNarcaKFSvwf//3f4iOjgYAXLt2DU8//TQcHR3h5+cHg8GAxMREUdcYAHB0dMQXX3wBDw+Peq/b29sbbdq0wbVr1wAAmZmZePLJJ4X9AQEBopFMUhs1ahRiYmLwv//9D0BxYGXlypX4/vvv4efnBxcXF6SmpiI1NRUGg3gMxPDhwzFr1iyz133xxRfx5JNPCufs2bMH+/btg7+/P+zt7ZGcnIzMzEzh+BdeeAHdunVDly5dcO7cOWH73LlzhdDanj17avGZU3WoGFYhEinQGfH8zgR8PcofQS6Vj+4r62SsBm/uvw1DOQ1Q3jpwG1+MDEAnH1vzB5gRl6XFCzsTUKSvvc5UuUUGvPBnAr4ZEwB3O8tfEh+9lYePjpbfDaU8Y9s5i4IvYckF+PVSZqXnlQR8+gcXd/yyVcrx0TA/s8dmF+qx7ERKlWsjIqLqCQiLwsSwKEwEkBQShJODQ/FXgBxhhlQYwW6KRERERLWBY4CIiIisV4PsrHL9+nVcuHDB5L+LFy/i1q1bJkEVtVqNRx99FPv27bM4qFKif//+WLt2rahjAlDc/eDq1auIjY0VBT/kcjkmTJiADRs2wNPT8ndPlR4FVEImk5nd3hDqLU+bNm2wfv169OvXT7Q9JSUFYWFhiIyMFAVVnJyc8PLLL+Ozzz6DSqWy+HF69OiBL774QhjnkpSUhCtXriA2NlYUVLG1tcUHH3yA8ePH1+yJ1aOgoCD8+uuvGD16NOTyOz+Cubm5uH79OiIjI02CKj179sRvv/2G7t2713e5gldeeUVUb0M3c+ZMLFu2TBRiMhgMiI+Px5UrV5CcnCwKqtjb2+O1117D559/Xu7zvOeee7Bw4ULR97LBYEBcXByuXbsmBFXs7e3x7rvvYubMmQCARx99VBTAMxqNiI6OFgJLJC2VQgbGVYjEknJ1mPJ7LDZfyYLWwoBIRr4e/zuZijm7EpBTZCj3OI3WiNl/xuOP8GwYLBiLduhmLqZvi0NyXu13C7mZqcX0P+JxLqHyMYlFeiNWn8/Aa3sToSv/6ZnlYa/A7HvuhE21eiPeP5JcbqCnrLcO3MaJWE2Fx6RpdHjhz4Q6+TwREVHlfK7HYuy3u7F0wU6s/TEWs2Pd0FXmDTlfaRIRERHVCDurEBERWa8G2VmlIjY2NnB3d4eHhwfat2+PPn36oE+fPkKooTo6dOiA9evX48SJEzh48CDOnDmD5ORkZGVlQalUwtnZGa1atUK3bt0wbtw4BAYGVvkx7rnnHnh4eCAtLU3Y1r17d5PxKg2l3ooEBATghx9+wNmzZ7Fv3z6cPn0aSUlJyMrKEr4+ISEh6Nu3L0aOHFntr83gwYOxd+9e7Ny5E3v27EFMTAxSUlLg4OAAPz8/DBw4EBMmTKj151cf3N3d8emnn+LZZ5/F7t27cfLkScTGxiIzMxMGgwFOTk4IDAxE586dMXLkSHTp0kXqkjFw4ED88MMP+PrrrxEWFob8/Hw4ODigWbNm6N+/v9TlmTVixAgMHToUe/fuxdGjR3Hx4kWkp6cjJycHdnZ2cHNzQ/v27dG7d2+MHj1aGNdVkYkTJ6J79+745ZdfcPLkSSQkJKCoqAiOjo5o2bIl+vfvj0mTJonCYUFBQVi9ejU+/fRTXLp0CTqdDt7e3ujdu3ddPn2qAqUc0Fbx5jORtdNojVh8NAXfnU3H8NZO6Opnh1buajjbyGGnlCO7SI/MfD2uphbiVJwGh2/mIV9nWfoiT2vEB0eSseFSJu5r7YQeAXbwdVTC2UaBnCI9UvL0OJuQjwNRubiYVPVxO1VxK0uLGdvj0SfIHgObO6CLry087JWwU8mRWaBHfLYWJ2M12HMjp9KRPeV5vZ8XnG3u/HFt9fkMRKZbPmpJozVi9s4EDGrhgBEhTujgbQs3WwXydQZEZ2px9FYeNl7ORJ6W7+InImoIPG4lYuQPiRgJIMvfC6eGdcbRFnY4h2TowBedRERERFXBsAoREZH1khmNFryllaiODR48GPHx8QAa3kgZIrJ+A1dFQsObvERERERW4afENfA4e0jqMkzkeLnhn/u64FhrR5yWp0BrZDcsIiIioso84NYVH7WcKnUZREREVAcaXWcVIiKi2qZSyACGVYiIiIioDjmlZGDw2kMYDEDj5oyzw7riWDsXnFSkosCorfR8IiIioqaInVWIiIisF8MqRETU5KnkMqlLICIiIqImxD4jG/1/O4L+AAqc7PHv0LtxLNQdf6vToDFYPiqOiIiIyNoxrEJERGS9GFYhIqImj2EVIiIiIpKKbY4GvbccQ+8tQJGdDS4OvRvH7/LCUdsM5BgKpC6PiIiISFIMqxAREVkvhlWIiKjJUykYViEiIiIi6anzC9F9+wl03w7MUitxedD/s3ffYXKf9b33v9NnZ/tqVa3eJavLtizbkmVZcsXGhWqC6RiwgdASWuAkhJZCSDjJOSmQQspJD4GQhxJA1b0XbFywwQ1LVu/S7j5/hBjLq67dvWdnXq/rynVlp+1b+SM73vns714Q6+aPiNWVrbGle1fqPACAAZfPZFMnAAD9xFgFgLpnrAIAQLXJ7zsQ8751S8z7VsQ7crl48Ny5sXbh6Fjdsj02du1InQcAMCBcWQUAapexCgB1zzFAAABUs1xXV5z6vTvi1O/dEW/PZOJH58yOdWeMi1Vtu+LZrm2p8wAA+o2xCgDULmMVAOpewdVEAQAYJDI9PTFtzT0xbc098eaIePSMmbH+rImxasje+GnXltR5AAB9ylgFAGqXsQoAdc8xQAAADFaTbnkgJt3yQLw+Ip6YPzVuPGdKrBp2IB7r2pQ6DQDgpOUz/soMAGqVsQpV4Xvf+17qBKCOGasAAFALxt35oxh354/iNRHx9MwJsf7c6bF6VMRDXRtTpwEAnJBC1sdYAFCr/JQHoO4VssYqAADUllEP/Dhe8cCP4xUR8dzk0XHj8lmxZnQ27uveGD3RkzoPAOCYVLLF1AkAQD8xVgGg7pXzLicKAEDtGvbIk/HyR56Ml0fE8+NGxs3nz47V44pxd89z0W24AgBUscZcOXUCANBPjFUAqHsNBVdWAQCgPgx54pm45CvPxCURsXXU0Lh5xdxYM7Ecd8SGOBDdqfMAAA7iyioAULuMVQCoe5WCK6sAAFB/Wp/eEBf81XfjgojYPrQtblu5INZMaYxbshtif09X6jwAgKi4sgoA1CxjFQDqnrEKAAD1rnnDljjvb78X50XErrbmuH3lglg7vTVuym+MPT37U+cBAHWqMVtKnQAA9BNjFQDqnrEKAAD8QmXL9ljyj6tiSUTsaa7EnSsWxLpTO2J9cVPs7N6bOg8AqCOVnGOAAKBWGasAUPcqhUzqBAAAqErl7bti8b+ujcX/GrGvXIp7VyyItXOGxpry5tjevSd1HgBQ4ypZxwABQK0yVgGg7jUWXVkFAACOprhnbyz8xo2x8BsR1xfzcd9582P9/JGxunFrbO7alToPAKhBrqwCALXLWAWAuteQN1YBAIDjkd93IOZ969aY962I63K5eGjp3Fh72imxumVHbOjakToPAKgRja6sAgA1y1gFgLrnyioAAHDicl1dMfP7d8TM798Rb8tk4kdnz471i8bFqrZd8UzXttR5AMAglc/kopj1MRYA1Co/5QGoe5WCsQoAAPSFTE9PTFt7T0xbe0+8KSIeO2NGrFs8KVZ37o2fdG1JnQcADCKVrCOAAKCWGasAUPcqhUzqBAAAqEkTb/lhTLzlh/H6iPjJvClx45KpsWrYgXi0a1PqNACgyjXmHAEEALXMWAWAuufKKgAA0P/G3vVwjL3r4Xh1RDwzc3ysP3dGrB4Z8WD3xtRpAEAVanBlFQCoacYqANQ9YxUAABhYIx94PK5+4PG4OiKemzw6bjpvVqwek437ujdGT/SkzgMAqkBjrpQ6AQDoR8YqANS9RmMVAABIZtgjT8bljzwZl0fEprEj4qYVc2LNuGLc1fNcdBuuAEDdqmSNVQCglhmrAFD38rlMFHOZ2NflF+EAAJBSx0+ejUu+8mxcEhFbR3bGLSvmxZpJ5bg9NsSB6E6dBwAMoIorqwBATTNWAYCIqBSMVQAAoJq0PrMxVn71u7EyIrYPbYvbV8yPNVOb4pbsxtjXcyB1HgDQz1xZBQBqm7EKAERESykXW/b4S00AAKhGzRu2xLK/+34si4hdbc1xx8r5sWZ6W9yU3xh7evanzgMA+kGjK6sAQE0zVgGAiGgtZVMnAAAAx6CyZXuc84+r45yI2NvYEHeuXBDrTh0S60qbYmf33tR5AEAfaclVUicAAP3IWAUAIqK1nEudAAAAHKfSzt1x5r+tizP/LeLd5VLce/78WDtnWKxt2BLbunenzgMATkJbvjF1AgDQj4xVACCMVQAAYLAr7tkbC//jplj4HxHXF/Nx/7L5sW7+yFjTtC02de1MnQcAHCdjFQCobcYqABCOAQIAgFqS33cg5n771pj77Yjrcrl4cOmcWH/amFjVsj02dO1InQcAHIN2YxUAqGnGKgAQrqwCAAC1KtfVFad+/8449ft3xlszmXj4rNmxftG4WNW+O57u2po6DwA4DFdWAYDaZqwCAGGsAgAA9SDT0xNT190TU9fdE2+MiMfOmBHrF0+K1Z374omuzanzAIAXMVYBgNpmrAIAEdFaMlYBAIB6M/GWH8bEW34YvxQRP507JdYvmRqrhh+IR7s2pU4DgLrXkW9KnQAA9CNjFQCIiNZyNnUCAACQ0Ji7H45X3/1wvDoinpk5Pm48d0asHhXxw66NqdMAoO6UMvmo5EqpMwCAfmSsAgDhGCAAAOAXRj7weFz1wONxVURsmDQ6blx+aqwek4v7ujdGT/SkzgOAmtfqCCAAqHnGKgAQjgECAAAObeijT8bljz4Zl0fEprEj4ubzZ8ea8aW4q2dDdEV36jwAqEntxioAUPOMVQAgHAMEAAAcXcdPno2L//zZuDgito0YEresnBerJ1Xi9syGONDTlToPAGpGm7EKANQ8YxUAiIhyPhulfCb2HnBJbwAA4Ohann0+Vnz1v2JFROwY0hq3XTA/1k5tiZuzG2Jfz4HUeQAwqBmrAEDtM1YBgJ9rLeXiuQN+qQwAAByfpue3xrK/+0Esi4jdrU1x+wULYu30trgxvzH29OxPnQcAg46xCgDUPmMVAPi5tnI2ntuZugIAABjMGrbuiHP+cXWcExF7GxvirhULYu2sIbG+tCl2dO9NnQcAg0JHvil1AgDQz4xVAODn2sq51AkAAEANKe3cHYu+ti4WfS3i3eVS3Hv+/Fg3Z1isbdgSW7t3p84DgKrlyioAUPuMVQDg5zorfiwCAAD9o7hnbyz8j5ti4X9EXJ/Pxf3nLYh1C0bG6qZtsanLJR4B4MWMVQCg9vlUDgB+rrPiyioAAED/yx3oijnfuTXmfCfiumw2Hlw6N9adNjpWt+6M57q2p84DgOTajVUAoOYZqwDAz3U2+rEIAAAMrGx3d8z8wZ0x8wd3xlszmXhk8axYv2h8rOrYHU91bU2dBwBJuLIKANQ+n8oBwM+5sgoAAJBSpqcnpqy/N6asvzfeEBGPnT49bjxrcqzq3BdPdG1OnQcAA6aj0Jw6AQDoZ8YqAPBzQyt+LAIAANVj4q0PxsRbH4zXRcSTcybH+iVTY9WIrnika1PqNADoN/nIxpB8U+oMAKCf+VQOAH6u01gFAACoUqPveSRedc8j8aqIeGb6uLhx2cxYMyoTD3RvSJ0GAH1qSKElspls6gwAoJ/5VA4Afq6z0TFAAABA9Rv54BNx1YNPxFURsWHiKXHT8lmxemw+7u3eED3RkzoPAE7K8GJr6gQAYAAYqwDAz5Xz2WgqZmPHvu7UKQAAAMdk6GNPxWWPPRWXRcSmMcPjlhVzYvX4UtzVsyG6wn/bADD4DC+0pU4AAAaAsQoAvEhnJWesAgAADEodP/1ZXPTn34mLImLbiCFxy8p5sWZSJW7LbIgDPV2p8wDgmLiyCgDUB2MVAHiRzko+Ht+yP3UGAADASWl59vlY8dX/ihURsWNIa9y2ckGsndoct+Q2xN6eA6nzAOCwhhWMVQCgHhirAMCLdFZyqRMAAAD6VNPzW2PZ//t+LIuI3a1NccfKBbF2RlvcWHg+dnfvS50HAAcZVmxLnQAADABjFQB4kaGNfjQCAAC1q2Hrjjj7n1bH2RGxt1KOu1cujLWzhsS60qbY0b03dR4AOAYIAOqET+QA4EU6K340AgAA9aG0a0+c8bV1ccbXIt5dLMa9K+bH2rnDY23DltjavTt1HgB1anihLXUCADAAfCIHAC/iGCAAAKAeFfbtiwXfvDkWfDPi+nwuHjhvfqybPypWN2+L57t2ps4DoE5kIhPDCi2pMwCAAWCsAgAv4hggAACg3uUOdMXs79wWs78T8fZsNh5cMifWnz42VrfuiJ91bU+dB0ANa883RiHr93MAUA/8xAeAFxne5EcjAADA/8h2d8fMVXfFzFV3xVsymXh08amxftH4+EHHnniqa2vqPABqzPBiW+oEAGCA+EQOAF5kWGM+cpmIrp7UJQAAANUl09MTk9ffF5PX3xfXRsSPT5seN541OVYN3RePd21OnQdADRheaE2dAAAMEGMVAHiRfDYTwxrz8cyOA6lTAAAAqtqE2x6MCbc9GNdExJOzJ8X6pdNi9YjueLjr+dRpAAxSw4rGKgBQL4xVAOAlRjQbqwAAAByP0fc+Gq+699F4VUQ8O21c3LhsZqw+JRMPdG9InQbAIDK80JY6AQAYIMYqAPASo5oLcecze1JnAAAADEojHnoirnzoibgyIjZMPCVuWj4r1ozNxz3dG6InnLkKwOENd2UVAKgbxioA8BIjm/x4BAAA6AtDH3sqLnvsqbgsIjaPHha3rJgbqyeU4s6eDdEV3anzAKgyw1xZBQDqhk/jAOAlRjYXUicAAADUnPYnn4sL/+I7cWFEbBvWHrdeMD/WTG6MWzMb4kBPV+o8AKqAK6sAQP0wVgGAlxjV7McjAABAf2p5bnOc/9ffi/MjYmdHS9y2ckGsndYSN+c2xN6eA6nzAEggE5kYWWxPnQEADBCfxgHAS7iyCgAAwMBp3LQtzv37H8S5EbGnpTHuWLkg1s5oj/XF52N3977UeQAMkGGF1ihl/V4OAOqFsQoAvMTwxnzkMhFdPalLAAAA6kt5284465/XxFkRsbdSjrtXLIh1szpjbXlz7OjekzoPgH40pjQkdQIAMICMVQDgJfK5THQ25uNnO1x6GgAAIJXSrj1xxr+vjzP+PeKGYjHuWzE/1s4dHmsbtsSW7t2p8wDoY2NKnakTAIABZKwCAIcwqslYBQAAoFoU9u2L+d+8OeZ/M+Jd+Vw8sGxerFswKlY3b4/nu3amzgOgD7iyCgDUF2MVADiEkc2FuPNZl5gGAACoNrkDXTH7u7fH7O/eHm/PZuOhJXNi/eljYnXrzni2a3vqPABO0JiyK6sAQD0xVgGAQxjZ7EckAABAtct2d8eMVXfFjFV3xZszmXj0zJmx/swJ8YOOPfFU19bUeQAcB8cAAUB98UkcABzCqOZC6gQAAACOQ6anJybfeH9MvvH+uDYiHl84PdafPSlWD90fP+7anDoPgKMY7RggAKgrxioAcAintPgRCQAAMJiNv/3BGH/7g3FNRDw5e2LcuHR6rB7RHT/qej51GgAv0Z5vjOZcQ+oMAGAA+SQOAA5hbGsxdQIAAAB9ZPS9j8Ur730sXhkRP5s2Nm5cNjNWn5KN+7s3pE4DIFxVBQDqkbEKABzC0MZ8VAqZ2LW/J3UKAAAAfWj4Qz+JKx76SVwRERsnjIqbls+KNWMLcU/PhugO/w0IkMKYUmfqBABggBmrAMBhjGktxkMb96bOAAAAoJ90/vjpeNmXn46XRcSWU4bGzSvmxpqJ5bijZ0N0RXfqPIC6YawCAPXHWAUADmNsa8FYBQAAoE60PbUhLvzL78aFEbFtWHvcunJ+rJ3cGLdmN8T+nq7UeQA1bYxjgACg7hirAMBhjG0tpE4AAAAggZbnNsf5f/O9OD8idrW3xG0XzI8101ri5tzG2NtzIHUeQM0Z7coqAFB3jFUA4DDGtRVTJwAAAJBYZfO2WPr3q2JpROxpaYw7ViyItTPbY33x+djdvS91HkBNGGusAgB1x1gFAA7DlVUAAAB4sfK2nXHWv6yJs/4lYl9DKe5asSDWzR4aa8ubY0f3ntR5AINSJVuKIYXm1BkAwAAzVgGAwxhnrAIAAMBhFHfvjTO+fmOc8fWIG4rFuO/8+bFu7vBYU9kSW7p3p84DGDRGlzpSJwAACRirAMBhNJVy0dGQi027u1KnAAAAUMUK+/bF/P+8Oeb/Z8Q7c7l4YNncWL9wdKxu3hYbu3amzgOoamMcAQQAdclYBQCOYGxrwVgFAACAY5br6orZ/3VHzP6vO+Jt2Wz86JzZsf70sbGqbWc827U9dR5A1RlbGpo6AQBIwFgFAI5gXFsx7nrWueMAAAAcv2x3d0xffXdMX313vDkiHjnz1Fi/eEKs6tgbT3ZtSZ0HUBUmNYxInQAAJGCsAgBHMLa1kDoBAACAGjH5pvtj8k33x7UR8cSCabH+7Mmxatj++HHX5tRpAMlMNlYBgLpkrAIAR2CsAgAAQH8Yd8dDMe6Oh+K1EfHkrIlx49LpsXpkT/yoa2PqNIABk41MTCgPS50BACRgrAIARzC2rZg6AQAAgBo3+r7H4pX3PRavjIifTRsbNy2bGatOycYD3RujJ3pS5wH0m1NKHVHO+v0bANQjYxUAOIIxLYXIZSK6/G4QAACAATD8oZ/Eyx/6Sbw8IjaOHxk3nz8n1ozNx909G6LbcAWoMZPKjgACgHplrAIAR1DIZWJMayEe37I/dQoAAAB1pvPxZ+LSLz8Tl0bEllOGxs0r5saaieW4s2dDHIju1HkAJ21Sg7EKANQrYxUAOIrJHSVjFQAAAJJqe2pDXPiX340LI2L70Pa49YL5sXZyY9yS3RD7e7pS5wGcEFdWAYD6ZawCAEcxqaMY330sdQUAAAD8t+YNm2P533wvlkfErvaWuO2C+bF2WmvcnNsYe3r8sQUweLiyCgDUL2MVADiKSR3F1AkAAABwSJXN22Lp36+KpRGxp7kSd65YGGtPbY/1xedjV/e+1HkAh5WNTEwoD0udAQAkYqwCAEcx2VgFAACAQaC8fVcs/tc1sfhfI/Y1lOLuFQti3eyhsba8ObZ370mdB3CQ0aXOKGULqTMAgESMVQDgKE5pKUQ5n4k9B3pSpwAAAMAxKe7eG6d//cY4/esRNxTzcd95C2Ld/BGxurI1tnTvSp0HEJMdAQQAdc1YBQCOIpvJxMT2YjywYW/qFAAAADhu+X0HYt63bol534p4Ry4XP1w2N9YtGB2rW7bHxq4dqfOAOjWpbKwCAPXMWAUAjsGkDmMVAAAABr9cV1fM+q87YtZ/3RFvy2bj4bNnxbozxsWqtl3xbNe21HlAHZnkyioAUNeMVQDgGEzuKEXE9tQZAAAA0Gey3d0xbc09MW3NPfHmiHh00amxfvGEWDVkb/y0a0vqPKDGTW4YnjoBAEjIWAUAjsGkjmLqBAAAAOhXk26+PybdfH+8PiKemD811p8zJVYPOxCPdW1KnQbUmHxkY3xpWOoMACAhYxUAOAaTjVUAAACoI+Pu/FGMu/NH8dqIeOrUiXHjudNj9cieeKhrY+o0oAaMKXdGIesjKgCoZ94JAMAxGFLJR3s5F5v3dKVOAQAAgAF1yv2PxSvufyxeERE/mzImblp+aqw+JRv3d2+MnuhJnQcMQpPKI1InAACJGasAwDGa1FGM257enToDAAAAkhn+8E/j5Q//NF4eEc+PGxk3nz87Vo8rxt09z0W34QpwjCY1GKsAQL0zVgGAY2SsAgAAAL8w5Iln4pKvPBOXRMTWUUPj5pVzY82EhrgjnosD0Z06D6hiMyqjUycAAIkZqwDAMZrcUUydAAAAAFWp9ekNccFffjcuiIjtQ9vjtpXzY82UxrgluyH29zhSFzjYTGMVAKh7xioAcIymdZZSJwAAAEDVa96wOc772+/FeRGxq70lbl85P9ZOb42bchtjT8/+1HlAYh35phhebEudAQAkZqwCAMdockcpCtmI/a5kDAAAAMeksnlbLPmHVbEkIvY0V+LOFQti3akdsb64KXZ2702dByTgqioAQISxCgAcs0IuE5M6SvHgRr9MAwAAgONV3r4rFv/r2lj8rxH7Gkpxz4oFsW720FhT3hzbu/ekzgMGyIzKmNQJAEAVMFYBgOMwvdNYBQAAAE5WcffeOO3rN8ZpX4+4vpiP+86bH+vmj4zVla2xpXtX6jygH81sdGUVAMBYBQCOy4yhpfi3B1NXAAAAQO3I7zsQ8751a8z7VsQ7crl48Ny5sW7h6FjVsj02du1InQf0MccAAQARxioAcFymDy2lTgAAAICalevqilO/d0ec+r074m2ZTPzonNmx7oxxsbptVzzTtS11HnCS2vNNMaLYnjoDAKgCxioAcBymdJSikI3Y3526BAAAAGpbpqcnpq25J6atuSfeHBGPnjEz1i+eGKs798ZPurakzgNOwIzKKakTAIAqYawCAMehkMvEpI5SPLhxb+oUAAAAqCuTbnkgJt3yQLw+Ip6YPyVuPGdqrBp2IB7r2pQ6DThGMytjUicAAFXCWAUAjtP0TmMVAAAASGncnQ/HuDsfjtdExNMzJ8SN506P1SMjHuzemDoNOIIZldGpEwCAKmGsAgDHacbQUvzbg6krAAAAgIiIUQ/8OK5+4MdxdUQ8N3l03Lh8VqwZnY37ujdGT/SkzgNeZKaxCgDwc8YqAHCcpg8tpU4AAAAADmHYI0/Gyx95Ml4eEc+PGxk3nz871owrxl09z0W34Qok1ZZrjFGljtQZAECVMFYBgOM0uaMU+WzEge7UJQAAAMDhDHnimbjkK8/EJRGxddTQuHnF3Fg7sSFuj+fiQPiPehhoMxpdVQUA+AVjFQA4TsVcJiZ1lOKhjXtTpwAAAADHoPXpDXHBX303LoiI7UPb4vYV82P11Ka4Jbsh9vd0pc6DuuAIIADgxYxVAOAEzOg0VgEAAIDBqHnDllj2d9+PZRGxq605bl+5INZOb42b8htjT8/+1HlQs4xVAIAXM1YBgBMwY2gp/u3B1BUAAADAyahs2R5L/nFVLImIvY0NcccFC2LdqUNifXFT7Oz2RyrQl2ZUxqROAACqiLEKAJyAU4eVUycAAAAAfai0c3cs/td1sfhfI/aVS3HvigWxds7QWFveEtu6d6fOg0GtNVeJU0odqTMAgCpirAIAJ2ByRzEqhUzs2t+TOgUAAADoY8U9e2PhN26Mhd+IuL6Yj/uWzY/1C0bG6satsblrV+o8GHRmN45NnQAAVBljFQA4AblsJmYOLcdtT/vLKgAAAKhl+X0HYt63b4153464LpeLh5bOjXWnjY5VLdtjQ9eO1HkwKMxrmpA6AQCoMsYqAHCC5gw3VgEAAIB6kuvqipnfvyNmfv+OeGsmEz86a3asP3NcrGrbFc90bUudB1XLWAUAeCljFQA4QXNGlFMnAAAAAIlkenpi2rp7Ytq6e+JNEfHYGTNi/eJJsbpzXzzRtTl1HlSNfGRjlmOAAICXMFYBgBM0e3g5MhHRkzoEAAAASG7iLT+Mibf8MH4pIn4yb0rcuGRqrBp2IB7t2pQ6DZKaVjklGrLF1BkAQJUxVgGAE9RSysX4tkL8eMv+1CkAAABAFRl718Mx9q6H49UR8czM8XHjuTNi1ciIB7s3pk6DATevaXzqBACgChmrAMBJmD28bKwCAAAAHNbIBx6Pqx54PK6KiOcmj46bzpsVq8fk4r7uDdHjeq3UgXlNE1InAABVyFgFAE7CnBEN8e8PbU+dAQAAAAwCwx55Mi5/5Mm4PCI2jR0RN62YHWvGleKunuei23CFGjWv0VgFAOjNWAUATsKc4eXUCQAAAMAg1PGTZ+OSrzwbl0TE1pGdccuKebFmUkPcHs/FgehOnQd9YlSxPYYVW1NnAABVyFgFAE7C+LZCtJSysW2vXyIBAAAAJ6b1mY2x8qvfjZURsWNIa9x6wfxYO7U5bslujH09B1LnwQlzBBAAcDjGKgBwEjKZTMwaVo71P92VOgUAAACoAU3Pb43z/u4HcV5E7G5titsvWBBrp7fFjfmNsadnf+o8OC6OAAIADsdYBQBO0pwRxioAAABA32vYuiPO+cfVcU5E7G1siDtXLoh1pw6JdaVNsbN7b+o8OKq5TeNTJwAAVcpYBQBO0pzh5dQJAAAAQI0r7dwdZ/7bujjz3yLeXS7FvefPj3VzhsWahi2xrXt36jzopTFbiikNI1NnAABVylgFAE7SrGHlyGUiunpSlwAAAAD1oLhnbyz8j5ti4X9EXJ/PxX3nLYh1C0bGmqZtsalrZ+o8iIiI2Y3jIpfJps4AAKqUsQoAnKSGQjamdpbihxtcfhcAAAAYWLkDXTH3O7fG3O9EvCObjQeXzo11p42O1a0747mu7anzqGPzmyakTgAAqpixCgD0gYUjG4xVAAAAgKSy3d0x8wd3xswf3BlvzWTi4cWzYv2Z42NV++54umtr6jzqzNym8akTAIAqZqwCAH1g4aiG+Ot7tqTOAAAAAIiIiExPT0xdf29MXX9vvDEiHjt9eqw/a1Ks7twfT3RtTp1HjctFNuY0jkudAQBUMWMVAOgD80Y2RC4T0dWTugQAAACgt4m3PhgTb30wfikifjp3SqxfMjVWD++KR7qeT51GDZrcMDIac+XUGQBAFTNWAYA+0FTMxrTOUjzgKCAAAACgyo25++F49d0Px6sj4pnp4+LGZTNj9SkRP+zamDqNGnFa88TUCQBAlTNWAYA+snBUg7EKAAAAMKiMfPCJuOrBJ+KqiNgwaXTcuPzUWDMmH/d2b4iecAlZTswZzVNTJwAAVc5YBQD6yMJRDfHVu7ekzgAAAAA4IUMffTIuf/TJuDwiNo0ZHjevmBNrxpfirp4N0RXdqfMYJHKRjdOaJ6XOAACqnLEKAPSReSMaIpeN6PK7GwAAAGCQ6/jpz+LiP/9OXBwR20YMiVtWzos1kypxW2ZDHOjpSp1HFZvZODqacuXUGQBAlTNWAYA+0ljMxvTOUtz/nKOAAAAAgNrR8uzzseKr/xUrImLHkNa47YL5sXZqS9yc3RD7eg6kzqPKLHIEEABwDIxVAKAPLRzVYKwCAAAA1Kym57fGsr/7QSyLiN2tTXHHygWxdkZbrM9vjD09+1PnUQXOaJ6SOgEAGASMVQCgDy0c2RB/ddeW1BkAAAAA/a5h6444+59Wx9kRsbdSjrtWLoy1s4bE+tKm2NHtj3nqUSmTj3lN41NnAACDgLEKAPSheSMbIpeN6OpOXQIAAAAwcEq79sSir62LRV+LeHe5FPctnxdr5w6PtQ1bYmv37tR5DJC5TROilC2kzgAABgFjFQDoQ5VCNmZ2luJeRwEBAAAAdaq4Z28s+ObNseCbEdfnc3H/eQti3YKRsbppW2zq2pk6j360yBFAAMAxMlYBgD62YFSDsQoAAABAROQOdMWc79wac74TcV02Gw8umRPrTh8Tq1t3xnNd21Pn0cfOaDFWAQCOjbEKAPSxhaMa4i/v2pI6AwAAAKCqZLu7Y+aqu2LmqrvirZlMPLJ4VqxfND5WdeyOp7q2ps7jJDVly3FqZUzqDABgkDBWAYA+Nn9EQxRzmdjX1ZM6BQAAAKAqZXp6Ysr6e2PK+nvjDRHx49Omx/qzJseqofviia7NqfM4AQubJ0Uuk02dAQAMEsYqANDHyoVszB1Rjluf2p06BQAAAGBQmHDbgzHhtgfjdRHx5JzJsX7J1Fg9ojse7no+dRrHaFGzI4AAgGNnrAIA/WDx6IqxCgAAAMAJGH3PI/Gqex6JV0XEM9PHxY3LZsaaUZl4oHtD6jSO4IwWYxUA4NgZqwBAPzhzTCX+4GZ/+QMAAABwMkY++ERc9eATcVVEbJh4Sty0fFasGZuPe7o3RE84grladOSbYkrDyNQZAMAgYqwCAP1gypBSdFZysXFXV+oUAAAAgJow9LGn4rLHnorLImLz6GFx84q5sXpCKe7q2RBd0Z06r66d4QggAOA4GasAQD85c3QlvvGj7akzAAAAAGpO+5PPxUV/8Z24KCK2jRgSt66YG6snN8ZtmQ1xoMcfDw20RY4AAgCOk7EKAPSTxWOMVQAAAAD6W8uzz8f5f/29OD8idna0xK0XLIy1U5vjltyG2NtzIHVeXXBlFQDgeBmrAEA/OWN0JbKZiG7HJwMAAAAMiMZN22LZ//t+LIuIPS2NccfKBbFmZnvcWHg+dnfvS51Xk8aWOmN0aUjqDABgkDFWAYB+0lbOxfTOUjywYW/qFAAAAIC6U962M8765zVx1j9H7K2U4+6VC2PtrCGxrrQpdnT7fU1fWdI6I3UCADAIGasAQD86c0zFWAUAAAAgsdKuPXHG19bFGV+LeHexGPetmB9r5g6PtQ1bYmv37tR5g9qS1pmpEwCAQchYBQD60eLRlfjKHZtTZwAAAADwc4V9+2L+N2+O+d+MuD6fiwfOmx/r5o+K1c3b4vmunanzBpVKthSnNU1KnQEADELGKgDQj2YNL0djMRs793WnTgEAAADgJXIHumL2d26L2d+JeHs2Gw8tmRPrTh8Tq1t3xs+6tqfOq3qLWqZEIeujJgDg+HkHAQD9KJ/NxOmjGuIHj/urHAAAAIBqlu3ujhmr7ooZq+6Kt2Qy8ejiU2P9ovHxg4498VTX1tR5VWmpI4AAgBNkrAIA/WzxmIqxCgAAAMAgkunpicnr74vJ6++LayPi8YXTY/3Zk2LV0P3xeJcjn//HOS0zUicAAIOUsQoA9LMzx1RSJwAAAABwEsbf/mCMv/3BuCYinpw9KW5cOi1WjeiOh7ueT52WzPSGU2JYsTV1BgAwSBmrAEA/G9VciAntxfjx5n2pUwAAAAA4SaPvfTReee+j8cqIeHbauLhx2cxYfUomHujekDptQC1xBBAAcBKMVQBgACwdVzFWAQAAAKgxIx56Iq586Im4MiI2ThgVNy2fFavHFuKeng3REz2p8/rV0lZHAAEAJ85YBQAGwNJxjfGXd21JnQEAAABAP+n88dPxsi8/HS+LiM2jh8UtK+bG6gmluLNnQ3RFd+q8PtWeb4xZjWNTZwAAg5ixCgAMgFnDy9HRkItNu7tSpwAAAADQz9qffC4u/IvvxIURsW1Ye9y6cn6smdwYt2Y3xIGewf/7obNapkc2k02dAQAMYsYqADAAsplMnD22El9/aHvqFAAAAAAGUMtzm+P8v/lenB8ROzta4raVC2LttJa4Obch9vYcSJ13Qpa0zkydAAAMcsYqADBAlo5rNFYBAAAAqGONm7bFuX//gzg3Iva0NMYdKxbE2pntsb74fOzu3pc675jkIhtnt0xLnQEADHLGKgAwQM4cXYlSLhN7u3pSpwAAAACQWHnbzjjrX9bEWf8SsbdSjrtXLIh1szpjbXlz7OjekzrvsOY2jY+WfCV1BgAwyBmrAMAAKReycfopDbH2J7tSpwAAAABQRUq79sQZ/74+zvj3iBuKxbjv/Pmxdu7wWFvZElu6d6fOO8iS1hmpEwCAGmCsAgADaMm4RmMVAAAAAA6rsG9fzP/Pm2P+f0a8K5+LB5bNi/ULTonVzdtiY9fO1HmxpHVm6gQAoAYYqwDAAFoyrjE+t2ZDOAgIAAAAgKPJHeiK2d+9PWZ/9/Z4WzYbD50zO9afMTZWt+6MZ7u2D3jPyGJ7TGkYOeDfFwCoPcYqADCAhjbmY/rQUvxww97UKQAAAAAMItnu7pix+u6YsfrueHMmE4+eOTPWnzkhVnXsjSe7tgxIw7mtpw7I9wEAap+xCgAMsKXjGo1VAAAAADhhmZ6emHzj/TH5xvvj2oh4fOH0WH/2pFg9dH/8uGtzv33f89tn99trAwD1xVgFAAbY0vGN8ce3bUqdAQAAAECNGH/7gzH+9gfjmoh4ctbEuHHp9Fg9sjt+1PV8n32P9nxjLGya1GevBwDUN2MVABhgU4eUYkRTPp7dcSB1CgAAAAA1ZvR9j8Ur73ssXhkRP5s2Nm5cNjNWn5KN+7s3nNTrntt6auQy2b6JBADqnrEKACSwdFxj/MP9W1NnAAAAAFDDhj/0k7jioZ/EFRGxcfzIuPn8ObF6bD7u6dkQ3dFzXK+1vM0RQABA3zFWAYAElk80VgEAAABg4HQ+/kxc+uVn4tKI2HLK0Lh5xdxYM7Ecd/RsiK7oPuJzG7OlWNwybWBCAYC6YKwCAAnMH9kQHQ252LS7K3UKAAAAAHWm7akNceFffjcujIjtQ9vj1gvmx5rJjXFrdkPs7+n9+6pzWmdEMesjJQCg73hnAQAJZDOZOG9CY/zzA9tSpwAAAABQx5o3bI7lf/O9WB4Ru9pb4rYL5sfaaa1xU25D7O05EBGOAAIA+p6xCgAkcv7EJmMVAAAAAKpGZfO2WPr3q2JpROxprsQdKxfE+lM7Y0nrjNRpAECNyaYOAIB6tWBkQ7SXc6kzAAAAAKCX8vZdcda/rI2PfXtjNObKqXMAgBpjrAIAieSy/30UEAAAAABUq/I556VOAABqkLEKACS0fGJT6gQAAAAAOLRCMUpnnJ26AgCoQcYqAJDQaaMaoq3sxzEAAAAA1ae04IzIVlwZGADoez4dA4CEctlMLBvv6ioAAAAAVJ/y2ctSJwAANcpYBQASWzHJWAUAAACAKlMoRmnROakrAIAaZawCAIktHNUQrY4CAgAAAKCKlOaf7gggAKDf+GQMABLLOwoIAAAAgCrjCCAAoD8ZqwBAFTh/or9SAQAAAKBK5AuOAAIA+pWxCgBUgdNPqURryY9lAAAAANIrzT89so2uBAwA9B+figFAFchnM7Fsgl8AAAAAAJBe+ZzzUicAADXOWAUAqsRFk41VAAAAAEisUHQEEADQ74xVAKBKLBzVEMOb8qkzAAAAAKhjpTPOcgQQANDvjFUAoEpkMpm4cJJfBAAAAACQTsPyi1InAAB1wFgFAKrIRVOaUycAAAAAUKeybe1RWrgodQYAUAeMVQCgikwZUorJHcXUGQAAAADUofLSFZHJOaYaAOh/xioAUGUudnUVAAAAABJwBBAAMFCMVQCgylw4uTkyqSMAAAAAqCv58ROjMGlq6gwAoE4YqwBAlRnelI8FoxpSZwAAAABQRxrOc1UVAGDgGKsAQBVyFBAAAAAAAyabi/KylakrAIA6YqwCAFXo/AmNUcw5DAgAAACA/lecd1rkOjpTZwAAdcRYBQCqUFMpF+eMraTOAAAAAKAONCx3BBAAMLCMVQCgSjkKCAAAAID+lqk0RvnMJakzAIA6Y6wCAFXq7LGN0VLyoxoAAACA/lM+e1lkSqXUGQBAnfEJGABUqUIuEysmNqXOAAAAAKCGNZx/ceoEAKAOGasAQBV72bSW1AkAAAAA1KjciFFRmDkndQYAUIeMVQCgis0eXo4J7cXUGQAAAADUoPJ5F0Ymk0mdAQDUIWMVAKhyl09rTp0AAAAAQA1qWH5R6gQAoE4ZqwBAlbt0akvk/cQGAAAAoA8VZs6J/IhRqTMAgDrloy8AqHLtDblYMq4xdQYAAAAANaRh+YWpEwCAOmasAgCDwMunt6ROAAAAAKBWFItRPmd56goAoI4ZqwDAIHDm6EoMa8ylzgAAAACgBpQXnRPZxqbUGQBAHTNWAYBBIJfNxMumuroKAAAAACevYfnFqRMAgDpnrAIAg8Rl01oikzoCAAAAgEEt294Rxfmnp84AAOqcsQoADBKjWwuxYFRD6gwAAAAABrHyuRdEJue4aQAgLWMVABhELp/mKCAAAAAATlzlgktTJwAAGKsAwGCyfGJjNBX9+AYAAADg+BXnLIj8mPGpMwAAjFUAYDAp57Nx4eSm1BkAAAAADEKVS65InQAAEBHGKgAw6Fw+3VFAAAAAAByfbEdnlM5ckjoDACAijFUAYNCZObQc0zpLqTMAAAAAGEQaLrwsMrl86gwAgIgwVgGAQenqma6uAgAAAMAxyuWicuHlqSsAAF5grAIAg9DFk5ujqejHOAAAAABHVzpzSeSGdKbOAAB4gU+5AGAQKheycenU5tQZAAAAAAwClUuuTJ0AAHAQYxUAGKRecWpr6gQAAAAAqlxuzLgozVmQOgMA4CDGKgAwSI1vK8ZpoxpSZwAAAABQxSoXX5E6AQCgF2MVABjEXunqKgAAAAAcRqbcEA3nX5w6AwCgF2MVABjElo5vjGGNudQZAAAAAFSh8rILIltpTJ0BANCLsQoADGL5bCaumO7qKgAAAAD0VrnkitQJAACHZKwCAIPclTNaIucnOgAAAAAvUpgxOwoTJqfOAAA4JB9tAcAg19mYj2XjXc4VAAAAgF+oXHJl6gQAgMMyVgGAGvDKUx0FBAAAAMB/y7a1R/nsZakzAAAOy1gFAGrAwlGVmNBeTJ0BAAAAQBVoWPmyyBQKqTMAAA7LWAUAasQrZrakTgAAAAAgtWwuKhe9PHUFAMARGasAQI24ZGpLNBYyqTMAAAAASKh0+uLIDRueOgMA4IiMVQCgRjQVs3HZNFdXAQAAAKhnlUuuSJ0AAHBUxioAUENeM7stsi6uAgAAAFCXciNHR3H+GakzAACOylgFAGrIKS2FOHd8Y+oMAAAAABKoXPzyyGT8JRMAUP2MVQCgxlwzuy11AgAAAAADrViKhpWXpq4AADgmxioAUGPmjWyImUNLqTMAAAAAGEANyy+KbFNz6gwAgGNirAIANeiaOW2pEwAAAAAYKNlsNF75mtQVAADHzFgFAGrQ+RObYnhTPnUGAAAAAAOgdOaSyI8anToDAOCYGasAQA3KZzPxqlNbU2cAAAAAMAAar74mdQIAwHExVgGAGnXljJZoyGdSZwAAAADQjwqz5kVx6szUGQAAx8VYBQBqVHMpF5dNa0mdAQAAAEA/arr6dakTAACOm7EKANSw18xujayLqwAAAADUpPz4iVE67czUGQAAx81YBQBq2JjWYiwZ15g6AwAAAIB+0Hjla1MnAACcEGMVAKhxr53dljoBAAAAgD6WHTo8yueuSJ0BAHBCjFUAoMYtHNUQMzpLqTMAAAAA6EONl78yMrl86gwAgBNirAIAdeAN89tTJwAAAADQRzJNzdFw4WWpMwAATpixCgDUgfMmNMa4tkLqDAAAAAD6QOWSKyPbUEmdAQBwwoxVAKAOZDOZuHauq6sAAAAADHrFYlQue0XqCgCAk2KsAgB14pIpzTGs0TnGAAAAAINZw/KLI9fmj5IAgMHNWAUA6kQ+l4nXzWlLnQEAAADAicpmo/HK16SuAAA4acYqAFBHrpzREq1lP/4BAAAABqPSmUsiP2p06gwAgJPm0yoAqCMNhWy8+tS21BkAAAAAnIDGq69JnQAA0CeMVQCgzrxqVmtUCpnUGQAAAAAch+Ls+VGcOjN1BgBAnzBWAYA601rOxRUzWlNnAAAAAHAcGq9yVRUAoHYYqwBAHXrdnLYoeBcAAAAAMCjkx0+M0mlnps4AAOgzPqYCgDo0rDEfl0xtSZ0BAAAAwDFovPK1qRMAAPqUsQoA1Klr57VFNpO6AgAAAIAjyQ4dHuVzV6TOAADoU8YqAFCnxrYWY/mEptQZAAAAABxB4xWvjkwunzoDAKBPGasAQB174/z2cHEVAAAAgOqU7eiMykWXp84AAOhzxioAUMemdZbi3PGNqTMAAAAAOITGV/5SZIql1BkAAH3OWAUA6tzbTutwdRUAAACAKpPtHBaVCy9LnQEA0C+MVQCgzk0dUoplE1xdBQAAAKCaNL36DZEpFFNnAAD0C2MVACDettDVVQAAAACqRW74yGhYcUnqDACAfmOsAgDElCGlOM/VVQAAAACqQuNr3hCZfD51BgBAvzFWAQAiwtVVAAAAAKpBbuToaDjvotQZAAD9ylgFAIiIiMlDSnH+xKbUGQAAAAB1rem1b4xMLpc6AwCgXxmrAAAveOvC9si6vAoAAABAErkx46J87srUGQAA/c5YBQB4waSOUiyf4OoqAAAAACk0vfZNkcn66AYAqH3e8QAAB3nbaR2urgIAAAAwwPLjJ0b5nOWpMwAABoSxCgBwkIntxVgx0dVVAAAAAAZS02vfHJmMvyACAOqDsQoA0MtbF7q6CgAAAMBAyU+cEqXFS1NnAAAMmHzqAACg+kxoL8bKSU3xrUd2pE4BAIDalM9H+axzo7RgURSmzohsa1tkKk3Rs2d3dO/cHgee+HHsf+j+2POD70TXc88e10sXps+K8uKlUZg1N3KdwyPb3Bw9e/dG95ZNsf+hB2LPretj7/pVET09/fSP+7lMJkqLz43SwkVRmH5q5NraI9PQGN07tkf3po2x7947Y8/6VbH/h/ce80vmx0+KysVXROHUOZEbOjwyhUJ0b9sa+x95KPas+m7sWff9iO7u48ps/eAnouHclS98vevb34htX/r8cb0GwMlqet1bXFUFAKgrmZ6e/v6vUgBgMHpiy7549T/+JLqO7/e8AABJ/cUzfxVDbv9+6gw4ovI5y6P5ze+K3NDhR31sT3d37Fn7/dj+J1+M7q1bjvjYbMeQaLn+Q1E+4+yjvu7+Hz8a2/73b8X+Hz1wrNnHpTB9VrRc/8EojJ901MfuuXltbPvfvx3dWzYd8XGNr3ljNL32TZHJHv5i0fvuvTM2f+Zj0bNj+zF1lk5bHO2f/K0Xvu56fmNsvP710bPTcB8YOIWpM2LI7/5J6gwAgAHlGCAA4JDGtRXjsqktqTMAAKCmNL3+bdH2q79+TEOViIhMNhsNS8+PIb//lciNGHXYx2U7h0XHZ790TEOViIjChEnR/qnfi8LM2cf0+ONRnLMw2j/1hWMaqkRElBedEx2f+f3ItnUc9jENF14Wza97yxGHKhERxdnzo+2Dnzym75tpaIiWd33goNu2/d8vGKoAA67pdW9JnQAAMOCMVQCAw3rbaR1RyrsELQAA9IWGlZdG06uuPaHn5oYMjfZPfD4ilzvEnblo//hnIz9qzHG9ZrZSifaPfy6yHUNOqOlQcsNHRtvHPhPZcsNxPS8/Zny0ffQ3Iw5xBEam3BDNb3znQbftWf+DeO7Nr4hnrzo/tvzup6LnwIEX7istXBSlxUuP+j2b3vCOg0ZDe9b9IPbetOa4ugFOVmHG7CgtWJQ6AwBgwBmrAACHNawxH68+tTV1BgAADHqZxqZofvP1J/Ua+THjo+HCy3rdXrn4iihMmtrr9j233hgb3/+2+NkrL4gNb3ll7PiHv4qe7oPP+cw2t0TztdedVNeLNb/5XZGtVHrdvvNf/y42vP218bNXrIyN735j7DnEKKQ4Y3Y0LL+41+3lpedHtqn5ha+7d2yPrV/4dHRv+FnE/n2x5wffjt3f/eZBz6lcfMUROwszZx/0mO7t22Lb//29o/zrAPqeq6oAAPXKWAUAOKI3zG+P5qK3DAAAcDIql1x50ODif/Ts3RPb/+bLseEd18SzV58fG97yytj6B5+Lrk3PH/J1Gs5defANmUw0XvHqXo/b//APY8tvfjgOPPxg9OzZHV3PPRs7vvqnsetrf9/rseVzV/bJ1VVyI0ZF6czeVzTZ+bV/iO1f+aPoeubJ6Nm7Jw48/mhs+czHYt+PHuj12MpVr+l1W3HW/IO+3nfXbdGzd89Bt+29ee3Bz5k559BXoYmIyBei9YZfOehIoe1f/sPo3rLpsP82gP5QnD0/SnMXps4AAEjCJ08AwBG1lHJx7bz21BkAADColc9edsjbt/7h78TO//cX0fXUTyP27Yuu556N3d/5j9jymx+Jnq4DvR5fmDrzoKNyCqfOjdzwkb0et+Mf/zriJVdRiYjY+c9/Gz1dXQfdlsnno/zSEcwJKC+74KABSERET1dX7PiHr/Z+cE9P7Pznv+t1c2HshMhPnnbwbS+5asyBJ5/o9bwDP338oK8zpVLkx086ZGfTq6+N/JjxL3y9985bYvd/ffOQjwXoT66qAgDUM2MVAOCoXjO7NYZWDvNXiQAAwBFlGiqRnzC51+0Hnvpp7Pn+tw75nP0P/zAOPPZw79fK5yPT/IujOksLF/V6TM+BA7HvzlsP+brdW7fE/kce6nV7+fSzDtt/rEoLz+x12/6HH4yebVsO+fh9d958yEHOS1uyrW0Hfd29ufcVULq3bO5120ufFxGRHzcxGq9+3S+et3tXbPvD3zlkH0B/Ks47PYqnzk2dAQCQTD51AABQ/cr5bLx1YUd8ds2G1CkAADDoZJqaDzlK2Xf/3Ud83oGfPROFKTN63/GigUdx+qzedz/7dPTs2X34133isShOm3nQbfkp0yOyuYjursM86yjyhShMmtL7ez3+yGGf0rN7d3T97NnIjxp90O2FGQf/mzKVysHP27+v92sd4rZs40uOXcpmo+U9vxqZQuGFm3b89Z9F18+eOWwjQH9p+iVXVQEA6puxCgBwTC6f3hJ/c8+W+MnW/alTAABgUOne8LPY+sXPHPfzch1De7/W7l3Rs3PHC1/nx07o9ZgDzzx5xNftevqnvW7LlhsiN+qU6HryJ8fdGRGRP2VMZArF3i1PH6XlmSd7jVV6Hd/T03NCTS99XuWyV0Zx6i9GOvsevD92ff2fTuy1AU5C+ZzlUZx2auoMAICkjFUAgGOSz2biHad3xEe/+7PUKQAAUPNyY8ZH4SVXP4mI2Hf37S/875mGhsi2tPZ6zKGOxDmW+3PDR53wWCU3bMRxfa8j3Z9rHxKZUjl69u7578fs3Bm5YumF+w81ism86P4XXvtFo57c8JEHXcWgZ/++2Palz0VkslFetiLKS5ZHYeLUyLa0RM++fdH17NOx967bYte//2N0b9p4xH8DwHEpFKPpDdelrgAASM5YBQA4ZismNsVXO7fEDzfuTZ0CAAC1K5+P1vd8ODK5XK+7dn/3my/879nW9kM+vWfXziO+/ItHHC+Wa+s4jsiDZdv6tiXb1v7C8TzdWzZFrv0Xbdn23p3Z1rber/2ikUnL9R+KbLnhha93/uNfR9eWLdHxW3/U60ikTKEY2UlTozBpalQuvTK2/vavx95b1h3x3wFwrBovuzryI0alzgAASC6bOgAAGDwymUxcv2hI6gwAAKhd2Wy0vv/jUZze+3iIfffdFXtvXvvC15nGpkO+RM/eI4/Le/Yd+v5MU/NxhL7kuYdrOcz3Op6W/Q8/eNB9+bHjez3+pcchde/aGQd+8uOIiGg4/+IozT/9F6/3xGOx45/+Jto/8qleQ5WXypYbou3Dv9H7aCKAE5BpaY3GV12bOgMAoCoYqwAAx2XR6EqcfkrD0R8IAAAcn2Ix2n71N6Jhyfm97uresT22/sHnDrrtUEff/PeDu478fQ4c+v5MsffxOsfqsM/tOlrLgUO/3ouO+tl3560H3Vecd3pkGioH3VY+e9lBX++745aInp7ItrVH85uvf+H2nq6u2PYHn4/ykuVRnDXvF7fv3RObP/tr8exV58eGt7069j1w70EtLdf98pH/HQDHoOmaN0f2MOM+AIB6Y6wCABy3GxYNiUzqCAAAqCHZ9iHR8enfj/JZ5/a6r2ff3tjy+U9E1zNPHXzHIY4JioiI7u4jf7Oew9x/uNc7FtkTbek5asueG1dF18bnfvGtKo3R+v6PR7ZzWESxGA0rLonysgsOevrOr/9TREQ0X/fLkW1pfeH2Xd/459j/oweicsmVBz/+3/8p9q7/QcT+fdH17NOx9fc/e9D9xVnzIjd63JH/LQBHkBs9LioXXZ46AwCgauRTBwAAg8/MoeW4YHJTfOuRQ58vDwAAHLvClBnR9rFPR27I0F739ezdG1s+92ux767bej/xcFctOdroJH+YXwke5ionx+RwV3M5WkvuGFq6umLbH/5OtH/yt164qXzmkiifueSQT931ra/H/gfuidKic6LhnOW/eMlnn44dX/3TyDQ29Tr+Z+9Naw76uuvpn8aBnzx+0JFDpQVnxK4nnzjyvwfgMJrf9M7IHO7/5wEA1CFXVgEATsgNi4ZEKe/6KgAAcDLK5yyPjs9+6ZBDla7Nm2LTx94be2+78ZDP7dm399AvepQPQw/3YWnP/n1Hjj2Cnr2Hee7hhjH/03KY+1/asve2G2PrFz971Mbd3/92bPu/vxeZSmO0vPP9B9237Q9/O3r27onC5Gm9nrf/iUd73/aTxw76ujB5+hG/N8DhFOcujPIZZ6fOAACoKma8AMAJGdFUiNfNaYuv3LE5dQoAAAxKTa99UzRd8+ZD3rfvRw/Els/9WnRveO6Q90dE9OzYfsjbM6XSkb9x8dD3d2/beuTnHcFhWw7zvX7RUjx0y/beLbv/65ux7947onLZK6I497TIDR8ZmXwuujdvin0P3he7v/2N2HfPHRER0Xzdew8aAO367jdfuDpNbvjIg7/Xzh0Re3sPf7o3PX/Q17lhw4/8bwE4lGw2mt9yQ+oKAICqY6wCAJywN85rj39/cFts3HWYS34DAAC9ZTLR8u5fjcrKSw95965vfyO2/Z8vRBzYf8SX6dr8/CFvzza1HPF52ZbWQ97efZjXOxZdmzce+ns1H62lrddtPV1d0b350KP4rueeje1f/t9HfM3CqXOj4YLLXtT2fGz/sy+98HWmofHg77dnzyFfp+clA5ZMpfGQjwM4koblF0VhwuTUGQAAVccxQADACWsoZOOdpw9JnQEAAINHJhOtH/i1Qw5Vevbvj61/+Nux7UufP+pQJSIi9u2Lruc39Lo529p2xKcd7v6up588+vc8jK5nnj709zrEGOVoLd0bnzu2f/+hFIrResOvRCb7i197bvu/X4yenTte+LrXlWe6Dhz6tV5ye6ZUPrEmoG5lyg3R9Pq3pc4AAKhKxioAwEl52bTmmNZ5lEt7AwAAERHRfN0vR8O5K3vd3r1je2z+xPtj9//378f1egd+/Eiv23KjRh/xOflTxvT+/tu2RNdzzx7X936xrmefiu5du46/5RD373/0Ryfc0fTaN0V+9NgXvt6zflXsXf+Dgx7z0iumRC536BfLHXxR6p49u0+4C6hPjVe9NnIdnakzAACqkrEKAHBSsplMvG+xq6sAAMDRVC69KhovvarX7d3bt8Wmj74n9t1313G/5r777+l1W27o8CMeWZOfOOWYXue49PTE/gfv63XzkY6+yLS0RW7o8N4tJ/B/h4iI/ITJ0Xjla174unvH9tj2f3+vd+quHQd9fbgrpmTKDS953s4T6gLqU3bI0Gi88rWpMwAAqpaxCgBw0haOqsSy8c5vBwCAw8lPmBzNb35Xr9t7DhyIzZ/52CGvkHIs9t6yttdtmVwuSgvPPOTjcyNGRWHcxF6377lx9Ql9/4Nabu7dkp84JbLthx63lxed3eu2nu7uQ77OUWWz0fqeD0cm/4uroWz/yh9G9+bnez2065mnDn5qU3NEvtDrcbkhB3cfOIljkoD60/RLb41M2fFhAACHY6wCAPSJ95w5JPLeWQAAwCG1vOuDkSn2Pj5z13/+W+w/wSuJREQc+Mnjse+hB3rd3nj1NRHZ3m/Qm17zxl63de/YHnteclTO/xj6Z/8QI76+ptf/HMru1d/tdcROJpuNxlf+Uu8H5wvReNU1vW7ed/dtJ3QcUeMVr4nC5GkvfL337ttj93f+45CP3f/oQ9HT1XVwzvjeA578+EkHP+/hHx53F1Cf8hOnRMP5F6fOAACoavmjPwQA4OjGtBbjVae2xt/euzV1CgAAVJXSWcuiOP3UQ97XeNkrovGyVxzX6+3426/Ejr/78xe+3vlPfx3Fj33moMcUJk2Nto9/Nnb89Z9F11M/jWzHkKhc/spDfni682v/EPGSkcmJ6NmxPXb9f1+Lxpe/6qDbGy97RfTs3Ru7/7+vRfeWzZEfOyGa3nBd5EeP7f1v+/u/Ou7vmxsxKpquedMLX3fv2R3bvvT5w3fu3h377r0zSvNOe+G28tnnxY5HHnrh6/yEyZEfNeYXz+k6EHtvWX/cbUB9an7LDZHJZFJnAABUNWMVAKDPvHVhR/zHw9tj657u1CkAAFA1CuMm9Ovr771pTey5ZV2Uzzj4WJ3y6WdF+fSzjvjc/T/5cez857/ts5Ydf/fnUT7r3MgNHX7Q7U2veF00veJ1R3zurm9/I/bff/dxf8+WG34lMqVfHLWx42++HF0/e+bI3+s//uWgsUrjZa+I/Y88GHtvWR+5EaOi9Zc/etDj9964Jro3bTzuNqD+lBadE6U5C1JnAABUPRfrBwD6THMpF29f2JE6AwAA6s7W3/n12Pfgfcf1nAPPPBWbP/GBiP37+qyjZ+eO2PTJD0bXls3H9bw9t6yLbf/nd4/7+zVc8LIozV34wtf7fvRA7Pr3fzzq8/5n4PM/MqVStH/4UzHiX/4rhv7RV6MwccoL93Xv2B7b/uxLx90G1KF8Pprf9M7UFQAAg4KxCgDQp66a2Rrj2wqpMwAAoK707N4dmz/xgdj17W9ET/fRr3S458bVsenDN0T38xv6vKXrp4/Hpg9fH/vuu+uoj+3Zvy92/NPfxJbPfjziwIHj+j7Z9iHR/KZ3vei19se2P/h8xDH8+yP+e+Cz945bjviYrs2bYtMn3t8v/3cCak/lopdH/pTeR5wBANCbY4AAgD6Vz2bifYs7473/eeTLbgMAAH2rZ/eu2Palz8eur/9TlJeuiOLcBZEbOjyyTS3RvXNHdD+/Ifbdd1fsWfv92H+cV2E5Xl1P/TQ2feTdUVy4KMpnLonCzDmRax8SmXI5urdtja5nn469d9wSe1Z956hH9hxOyzveF9mm5he+3vnPfxMHnnjsmJ/fs3t3bP7kB6J01rnRcN6FUZgyPbItbdGzd08cePKJ2HvL+tj1jX+Ont27TqgPqC+ZxqZoeu2bUmcAAAwamZ6enp7UEQBA7fnQt56JHzy+M3UGAFBn/uKZv4oht38/dQYAUGea33x9NF75mtQZAACDhmOAAIB+8f6zOqOUz6TOAAAAAOhXuVPGRuVlV6fOAAAYVIxVAIB+MbK5EG+c1546AwAAAKBftbzz/ZEpFFJnAAAMKsYqAEC/uXZee4xu8csaAAAAoDaVz10ZpbkLU2cAAAw6xioAQL8p5jLxgbM6U2cAAAAA9LlMY1M0v+WG1BkAAIOSsQoA0K/OGdcYS8ZVUmcAAAAA9Kmm178tcu0dqTMAAAYlYxUAoN994KyhUcplUmcAAAAA9In85OlRufiK1BkAAIOWsQoA0O9OaSnEtfPaUmcAAAAAnLxsNlrf9YHIZH3EAgBworyTAgAGxBvmtceo5nzqDAAAAICTUrn4iihMmZ46AwBgUDNWAQAGRCmfjfefNTR1BgAAAMAJy7Z3RNPr35Y6AwBg0DNWAQAGzLnjG+PssZXUGQAAAAAnpPnNN0S2sSl1BgDAoGesAgAMqA+eNTSKuUzqDAAAAIDjUpy7MBqWrUydAQBQE4xVAIABNbq1ENfObUudAQAAAHDs8oVoecf7U1cAANQMYxUAYMC9aUFHjG0tpM4AAAAAOCaNV18T+dFjU2cAANQMYxUAYMAVc5n46NJh4TAgAAAAoNrlRoyKple9PnUGAEBNMVYBAJJYOKohLpvWnDoDAAAA4IharntfZIql1BkAADXFWAUASOY9Z3ZGR0MudQYAAADAIZXOOjdKp52ZOgMAoOYYqwAAybSWc/G+xZ2pMwAAAAB6yTQ0RMvb3pM6AwCgJhmrAABJXTSlORaPqaTOAAAAADhI0zVvjlznsNQZAAA1yVgFAEjuw0uGRjmfSZ0BAAAAEBER+fGTonLZK1JnAADULGMVACC5Uc2FePtpHakzAAAAACIymWh51wcik8unLgEAqFnGKgBAVbhmdltM6yylzgAAAADqXMPKS6M4Y3bqDACAmmasAgBUhVw2Ex9dOjRyTgMCAAAAEsm2dUTzG9+ZOgMAoOYZqwAAVWPm0HK8alZr6gwAAACgTrW86wORbW5JnQEAUPOMVQCAqvLO04fEiCZnQgMAAAADq3zuyigvXpo6AwCgLhirAABVpaGQjQ8vGZo6AwAAAKgj2faOaLnul1NnAADUDWMVAKDqnD22MS6d2pw6AwAAAKgTLdd/yPE/AAADyFgFAKhKHzirM4ZWcqkzAAAAgBpXXnZBlBedkzoDAKCuGKsAAFWpuZSLjywdljoDAAAAqGHZjiGO/wEASMBYBQCoWkvGOQ4IAAAA6D8t138osk1+9wAAMNCMVQCAquY4IAAAAKA/lM+7MMpnnJ06AwCgLhmrAABVzXFAAAAAQF/LdgyJlre/N3UGAEDdMlYBAKqe44AAAACAvuT4HwCAtIxVAIBBwXFAAAAAQF8oL7/I8T8AAIkZqwAAg4LjgAAAAICTle3ojJa3vSd1BgBA3TNWAQAGDccBAQAAACej5QbH/wAAVANjFQBgUHEcEAAAAHAiyssvivLpZ6XOAAAgjFUAgEHGcUAAAADA8XL8DwBAdTFWAQAGnSXjGuNljgMCAAAAjlHru3/F8T8AAFXEWAUAGJQ+ePbQGNWcT50BAAAAVLmGFZdE6bTFqTMAAHgRYxUAYFBqLGbj188bHrlM6hIAAACgWmU7h0XzW9+dOgMAgJcwVgEABq15Ixvi2nntqTMAAACAKtV6w69EtrEpdQYAAC9hrAIADGpvX9gRM4aWUmcAAAAAVaZh5aVRWrgodQYAAIdgrAIADGr5XCZ+Y/nwKOedBwQAAAD8t9yo0dH8tvekzgAA4DCMVQCAQW98WzHee2Zn6gwAAACgGuTz0fah/xXZhkrqEgAADsNYBQCoCa84tTXOGeuXUAAAAFDvml//9ihMnpY6AwCAIzBWAQBqxsfPHRbt5VzqDAAAACCR4oIzonLla1JnAABwFMYqAEDNGFLJx8fOHZY6AwAAAEgg29YRrb/8schkMqlTAAA4CmMVAKCmnDu+Ma6Y3pI6AwAAABhImUy0vu+jkWvvSF0CAMAxMFYBAGrO+8/qjLGthdQZAAAAwACpvPzVUVqwKHUGAADHyFgFAKg5DYVs/Mby4ZHzTgcAAABqXn7y9Gh+w3WpMwAAOA4+wgEAatKpw8px3UKX/gUAAIBalmloiLYPfTIy+XzqFAAAjoOxCgBQs94wvz0WjW5InQEAAAD0k5Z3vD/yo0anzgAA4DgZqwAANSubycSvnzc8OhpyqVMAAACAPlZedkE0LL8odQYAACfAWAUAqGlDKvn41PLhkc2kLgEAAAD6Sm7kKdHyzg+kzgAA4AQZqwAANe+M0ZV447z21BkAAABAX8jno+2Dn4xspZK6BACAE2SsAgDUhbef1hHzRpRTZwAAAAAnqemX3hqFqTNSZwAAcBKMVQCAupDLZuI3zx8RrWVvfwAAAGCwKs47PRqvuiZ1BgAAJ8mnNQBA3RjelI9PLhueOgMAAAA4Adm29mh9/8cik8mkTgEA4CQZqwAAdWXJuMa4ZnZr6gwAAADgeGQy0frLH4tc+5DUJQAA9AFjFQCg7tywqDNmDi2lzgAAAACOUeXlr4rSwkWpMwAA6CPGKgBA3SnkMvHpFSOiseitEAAAAFS7/ORp0XztdakzAADoQz6hAQDq0uiWQnx86bDUGQAAAMARZBoaou1Dn4xMoZA6BQCAPmSsAgDUrRWTmuLqmS2pMwAAAIDDaH3vRyI/akzqDAAA+pixCgBQ195/1tCYObSUOgMAAAB4icarXhvls89LnQEAQD8wVgEA6loxl4nPrxwRrWVviwAAAKBaFOcsiKZrr0udAQBAP/GpDABQ90Y0F+LT54+IbCZ1CQAAAJAdOjzafuXXI5PLpU4BAKCfGKsAAETEotGVePtpHakzAAAAoL4VitH+kd+MbGtb6hIAAPqRsQoAwM+9eX57LBlXSZ0BAAAAdavlne+PwpTpqTMAAOhnxioAAD+XyWTi188bHqNbCqlTAAAAoO40XHh5VFZemjoDAIABYKwCAPAizaVcfP6CEVHKZ1KnAAAAQN0oTJsZLdf9cuoMAAAGiLEKAMBLTB1Sio8sGZo6AwAAAOpCtq092j78qcgUXOkUAKBeGKsAABzCpVNb4uqZLakzAAAAoLZlc9H6K78euc5hqUsAABhAxioAAIfxgbOGxqnDSqkzAAAAoGY1v/EdUZo9P3UGAAADzFgFAOAwCrlMfG7liGgre8sEAAAAfa28ZHk0Xvma1BkAACTgkxcAgCMY0VSIT58/InKZ1CUAAABQO/LjJkbLez6cOgMAgESMVQAAjuKM0ZW4YdGQ1BkAAABQEzKNTdH20U9HttyQOgUAgESMVQAAjsEvzW2PS6c2p84AAACAwS2Tidb3fzzyo0anLgEAICFjFQCAY/TRpcNi1rBS6gwAAAAYtBpfdW2Uzzg7dQYAAIkZqwAAHKNiLhO/fcHIGNaYS50CAAAAg07ptDOj6Zo3p84AAKAKGKsAAByHzsZ8/PaFI6OUy6ROAQAAgEEjN2JUtH7gE5HJ+lgCAABjFQCA4zZzaDk+fu6w1BkAAAAwKGRK5Wj76Kcj29ScOgUAgCphrAIAcAIumtIc185tS50BAAAA1S2TiZb3fiQKEyanLgEAoIoYqwAAnKDrFw2Jc8ZWUmcAAABA1Wp63VujYcny1BkAAFQZYxUAgBOUzWTiU+ePiAlthdQpAAAAUHUazr84ml59beoMAACqkLEKAMBJaCpm43cvGhktJW+rAAAA4H8UZ8+Plht+JXUGAABVyqcqAAAnaUxrMT6zYkTkMqlLAAAAIL3cKWOi7SO/GZl8PnUKAABVylgFAKAPLBpdifcu7kydAQAAAEllmluj/RO/FdnmltQpAABUMWMVAIA+8trZbXH1TL+MAwAAoE7lC9H+sU9HftTo1CUAAFQ5YxUAgD70obOHxlljKqkzAAAAYMC1vudXo3jq3NQZAAAMAsYqAAB9KJfNxGdWjIgpHcXUKQAAADBgGl/zxmg478LUGQAADBLGKgAAfayxmI3fu3hUDK3kUqcAAABAvyufuzKaX/eW1BkAAAwixioAAP1geFM+fu/iUVEpZFKnAAAAQL8pzJgdre/9cOoMAAAGGWMVAIB+Mq2zFJ8+f0Tk7FUAAACoQbkRo6L9Y5+JTMFRuAAAHB9jFQCAfnTOuMZ4/1mdqTMAAACgT2Uam6L9E78V2da21CkAAAxCxioAAP3sVbPa4jWzWlNnAAAAQN/I56PtI78Z+THjUpcAADBIGasAAAyA953VGeeOb0ydAQAAACet5V0fjNLchakzAAAYxIxVAAAGQDaTid9cPjxmdJZSpwAAAMAJa7z6dVFZeWnqDAAABjljFQCAAVIuZOMLF4+MEU351CkAAABw3EpnL4umN1yXOgMAgBpgrAIAMIA6K/n4vYtHRlPR2zAAAAAGj8LUGdH2vo9HJpNJnQIAQA3wKQkAwACb3FGK37lwZBRzfsEHAABA9csOGxFtH/9cZEqOtgUAoG8YqwAAJLBwVEN8avnwyNqrAAAAUMUyLa3R8b9+J3LtHalTAACoIcYqAACJLJ/YFL9yztDUGQAAAHBImYaG6Pjkb0d+zLjUKQAA1BhjFQCAhK6e2RpvXdCeOgMAAAAOVihG28c+E4WpM1KXAABQg4xVAAASu+70IXHVjJbUGQAAAPDfsrlo++AnojT3tNQlAADUKGMVAIAq8KtLhsay8Y2pMwAAACBarv9glM86N3UGAAA1zFgFAKAKZDOZ+M3zh8f8keXUKQAAANSxpje+IyoXvCx1BgAANc5YBQCgSpTy2fjChSNjSkcxdQoAAAB1qPGq10bT1a9LnQEAQB0wVgEAqCJNpVz8wSWjYlRzPnUKAAAAdaRh5aXR/KZ3pc4AAKBOGKsAAFSZzsZ8/MElo6Kt7K0aAAAA/a+0eGm0XP+h1BkAANQRn4AAAFShcW3F+OLFo6Ihn0mdAgAAQA0rzlkQbR/6ZGRyudQpAADUEWMVAIAqdeqwcvzWBSOj4B0bAAAA/SA/eXq0feyzkSkUU6cAAFBnfPQBAFDFzhxTic+sGBE579oAAADoQ7nR46Ljf/12ZCuV1CkAANQhH3sAAFS5ZROa4pPLhkfWiUAAAAD0gWznsOj4jd+NbGtb6hQAAOqUsQoAwCBw8ZTm+PCSoakzAAAAGOQyLa3R8RtfiNzQ4alTAACoY8YqAACDxJUzWuN9iztTZwAAADBIZRoq0fG/fifyY8alTgEAoM4ZqwAADCLXzGmLt5/WkToDAACAwaZQjLaPfSYKU6anLgEAAGMVAIDB5m0LO+L1c9tSZwAAADBYZHPR9qFPRmnuwtQlAAAQEcYqAACD0nvO7IyrZ7akzgAAAGAQaLnhQ1FevDR1BgAAvMBYBQBgkPrVc4bGpVObU2cAAABQxZrf9p6orLw0dQYAABzEWAUAYJDKZDLxa+cOi+UTGlOnAAAAUIWa3/aeaLz8lakzAACgF2MVAIBBLJfNxKfPHxFnjamkTgEAAKCKGKoAAFDNjFUAAAa5fC4Tn79gRJw2qiF1CgAAAFXAUAUAgGpnrAIAUAPK+Wz83kUjY8HIcuoUAAAAEjJUAQBgMDBWAQCoEeVCNr548aiYP8JgBQAAoB41v/XdhioAAAwKxioAADWkoZCNL14yKuYZrAAAANSV5re+Oxpf/qrUGQAAcEyMVQAAakylkI3fv2RUzDVYAQAAqAuGKgAADDbGKgAANahSyMbvXzwqZg83WAEAAKhlhioAAAxGxioAADWqsZiNP7jEYAUAAKBWNb/lBkMVAAAGJWMVAIAa1lTMxpcuGRVzDFYAAABqSvNbbojGK16dOgMAAE6IsQoAQI1rLGbjS5eOinkjDFYAAABqgaEKAACDnbEKAEAdqBSy8fuXjIr5Iw1WAAAABjNDFQAAaoGxCgBAnagUsvH7F4+KBQYrAAAAg5KhCgAAtcJYBQCgjjT8fLBy2qiG1CkAAAAch+a3XG+oAgBAzTBWAQCoM+VCNn7v4pFx1phK6hQAAACOwX8PVV6TOgMAAPqMsQoAQB0q57PxOxeOjPMnNqZOAQAA4AgMVQAAqEXGKgAAdaqQy8Snzx8Rl05tTp0CAADAIRiqAABQq/KpAwAASCeXzcQnlw2Lhnw2/umBralzAAAAiIjI5qLlXR+IyoWXpS4BAIB+YawCAFDnMplM/OqSoVEpZOKv7t6SOgcAAKC+5QvR9sFPRPnsZalLAACg3xirAAAQERHvPrMzGgrZ+OPbNqVOAQAAqEuZhoZo++hnojTvtNQpAADQr7KpAwAAqB5vXdgR71vcmToDAACg7mSaW6P9N79oqAIAQF0wVgEA4CDXzGmLjy4dGtlM6hIAAID6kB0yNIZ87ktRnDozdQoAAAwIYxUAAHq5ckZr/Pp5wyPn3SIAAEC/yo0aHUN+648iP3ZC6hQAABgwPn4AAOCQLprSHJ9bMSKKOZdYAQAA6A/5iVOi4/N/FLlhI1KnAADAgDJWAQDgsJZNaIrfvXBkNOQNVgAAAPpS4dS50fHZL0WurT11CgAADDhjFQAAjujMMZX4P5edEm1lbx0BAAD6Qun0s6Lj1383spXG1CkAAJCETxwAADiqU4eV489ePjpGNuVTpwAAAAxq5fMujLaPfToypVLqFAAASMZYBQCAYzKurRhfvmJ0TO4opk4BAAAYlCqXvSJa3/exyOT8IQAAAPXNWAUAgGM2tDEff3r5KTF/ZDl1CgAAwKDSdM2bo+Xt741MJpM6BQAAkjNWAQDguDSVcvGlS0bFsvHOVgcAADiqTCaa3/G+aHrtm1KXAABA1TBWAQDguJXy2fjcyhFx1YyW1CkAAADVK5+P1g98IhovvSp1CQAAVBVjFQAATkgum4mPLB0Wb13QnjoFAACg+hRL0f6xz0TDuStSlwAAQNUxVgEA4KRcd/qQ+PCSoZF17DoAAEBERGQam6LjU1+I0mmLU6cAAEBVMlYBAOCkXT2zNT67YkQUcxYrAABAfct2dEbHZ78UxZlzUqcAAEDVMlYBAKBPLJ/YFH9wychoKnqLCQAA1Kf8hMkx5Hf/OAoTJqdOAQCAquaTBAAA+szCUZX408tPieFN+dQpAAAAA6p02uLo+PwfRq5zWOoUAACoesYqAAD0qclDSvEXV4yO6Z2l1CkAAAADovKyq6Pt45+NbEMldQoAAAwKxioAAPS5zsZ8/Mnlp8TScY2pUwAAAPpPNhfNb39vtFz3y5HJ5VLXAADAoGGsAgBAv2goZOO3LxwRr5nVmjoFAACgz2UaGqL91z4bjZe9InUKAAAMOsYqAAD0m2wmEx84e2h88OzOyGVS1wAAAPSNbOew6Pj8H0XptMWpUwAAYFAyVgEAoN+9elZb/PaFI6Mhb7ECAAAMbvlJU2PI7/xxFCZMTp0CAACDlrEKAAADYsm4xviTy0+Jzopz3AEAgMGptOic6Pjc/47ckM7UKQAAMKgZqwAAMGCmDy3Hn185OqZ0FFOnAAAAHJfKy18VbR/9dGTLDalTAABg0DNWAQBgQI1oKsSfvnx0LB5TSZ0CAABwdNlctLzrA9Hy1ndHJutX6gAA0Be8swYAYMA1FrPxhYtGxlUzWlKnAAAAHFam0hjtn/x8VC6+InUKAADUFGMVAACSyGcz8ZGlw+J9izsjl0ldAwAAcLDs0OHR8Vt/FKUFi1KnAABAzTFWAQAgqWvmtMUXLx4VLSVvTQEAgOpQmDIjhvzuH0dh3MTUKQAAUJN8IgAAQHJnjqnEn185Osa3FVKnAAAAda60+Nzo+OyXItc+JHUKAADULGMVAACqwtjWYvz5lWPi7LGV1CkAAECdarzqtdH2kU9FplRKnQIAADXNWAUAgKrRVMzGFy4aGdfObUudAgAA1JN8Plpu+FA0v+ldkclkUtcAAEDNy6cOAACAF8tmMvHuMztj8pBSfHrVc7G3qyd1EgAAUMOyHUOi7cOfiuKM2alTAACgbriyCgAAVeniKc3xx5efEsMac6lTAACAGlWYOSeGfPHLhioAADDAjFUAAKhapw4rx19eOSZmDXNePAAA0LcqL7s6Oj79+5FrH5I6BQAA6o6xCgAAVa2zMR9/fPnouHRqc+oUAACgFhRL0fr+j0fLdb8cmXw+dQ0AANQlYxUAAKpeMZeJ/3Xe8HjvmUMil0ldAwAADFa54SNjyG//n2g478LUKQAAUNeMVQAAGDR+aW57/P4lo6Kt7G0sAABwfIoLFsWQL345ChOnpE4BAIC657f8AAAMKotGV+KrV4+JmUNLqVMAAIDBIJOJxlddG+2f/K3INjleFAAAqoGxCgAAg86IpkL82ctHx1UzWlKnAAAAVSxTaYy2j346ml//tshk/TocAACqhXfnAAAMSoVcJj6ydFh8ctmwKOUzqXMAAIAqkx8zPoZ84U+ifOaS1CkAAMBLGKsAADCovWxaS3z55aPjlJZ86hQAAKBKlM5eFh2/+8eRP2Vs6hQAAOAQjFUAABj0pnWW4qtXjYlzxlZSpwAAACllc9H8pndG+4c/FdkG/30AAADVylgFAICa0FzKxRcuGhnXndYRWacCAQBA3cm0tEb7b/xONF51TeoUAADgKIxVAACoGZlMJt66sCO+ePHIaC17qwsAAPUiP3l6dP7el6M097TUKQAAwDHwG3wAAGrO4jGN8dWrxsSMzlLqFAAAoJ81rLw0hvzWH0Zu2PDUKQAAwDEyVgEAoCaNbC7En10xOq6c0ZI6BQAA6A/5QrS864PR+p4PR6ZQTF0DAAAcB2MVAABqVjGXiY8uHRafPn94NBYyqXMAAIA+khsxKoZ8/g+jcvHLU6cAAAAnwFgFAICad8Hk5vjrq8c6FggAAGpA+ZzlMeT3vxKFqTNSpwAAACfIWAUAgLowurUQX75idLxmVmvqFAAA4EQUS9Fy/Yei7Vd/PbKVxtQ1AADASTBWAQCgbhRymfjA2UPjdy4cEa0lb4UBAGCwyI8ZH0O+8CdRuejy1CkAAEAf8Bt6AADqzrnjm+KvXzEm5o4op04BAACOouGCl8WQL/xpFMZNTJ0C/397fx5mZ13fj//Pc2bfMlnIvrKFJexL2MIiUILBiKBQkAoFf9hSUKtYaqtAam2FH1asotJClSJIAaF+RIyI4AKIbAKyxsgWQkJIMmSyTjKTme8fgSlDIBkgOWeSPB7XlSvnfZ/7Pud5n0yuKzM8eb0BANhAlFUAANgiDWusyuVTR+Yv9xiQQrnDAAAAaynUN6T57y5M8yf/PoVaRXMAANicKKsAALDFqiwWcvZ+g/LNY0ZkYF1FueMAAACvqdxuxwz6+n+l7pAjyx0FAADYCJRVAADY4u03qj7XfmR09h1ZV+4oAACwZSsUUv+hP8+g//+3Uzl8ZLnTAAAAG4myCgAAJNmqvjKXHTMiZ+07MBX+lQwAACVXHDAwA6Z9Nf0+fk4KVVXljgMAAGxEfgwPAACvKRYKOWOvgbnig6Myup8fjgMAQKnU7HtgtvrmVanZa2K5owAAACWgrAIAAG+y69DaXPOR0Tl2x37ljgIAAJu36uo0/fVnMuCCi1NsHlDuNAAAQIkoqwAAwFuoryrmi4cOySVHDUv/Wv9sBgCADa1y3DYZ9LUr03DM8eWOAgAAlJifugMAwDoctnVjrjthTA4cXV/uKAAAsNmon/qRDPraFakau3W5owAAAGVQWe4AAADQ121VX5l/nzIiNzy+KN+4b2FWdnSVOxIAAGySiv0HpPnT/5iaffYvdxQAAKCMTFYBAIBeOnGX/rnm+NHZcauackcBAIBNTvXe+2fQN65SVAEAAJRVAADgnRg3oDrf+9ConLZH/xQL5U4DAAB9X6G+If0++fcZOO2SVAwYWO44AABAH6CsAgAA71BlRSHn7LdVLp86MsMb7awJAABvp3rPfbPVZf+d+qM+UO4oAABAH6KsAgAA79Kew+vygxPGZMr2TeWOAgAAfUqhviH9zjkvA7/0tVQMHlruOAAAQB+jrAIAAO9BY3Ux/3T40Hx18vAMqq8odxwAACi76j1em6YyeWq5owAAAH2UmeUAALABHDquIXsOH5Ov3rMg02cuKXccAAAouUJdfZo+fnbqJ3+w3FEAAIA+zmQVAADYQPrVVORLpqwAALAFWjNN5WpFFQAAoFdMVgEAgA3MlBUAALYUhbr6NJ1xduqPVlIBAAB6z2QVAADYCExZAQBgc1e9xz7Z6rL/VlQBAADeMZNVAABgIzJlBQCAzU2hrj5Np/9N6t9/bLmjAAAAmyiTVQAAYCMzZQUAgM1F9e57r5mmoqgCAAC8ByarAABAiZiyAgDApqpQV5em0/8mdUcfm0KhUO44AADAJs5kFQAAKKHXp6z82+ThGdKgOw4AQN+3ZprK1al//4cUVQAAgA3CT8cBAKAMDhnXkL1H1OU7DyzMjU+0prOr3IkAAKCnQl1dmv7yrNQpqQAAABuYySoAAFAmDdXFfO6gwfnuh0Zl+0HV5Y4DAADdqnffO4O++d+pn3KcogoAALDBmawCAABlNmFIba4+fnSu/cOiXPFQS1Z2GLMCAEB5FAcMTNPHP5m6Q48sdxQAAGAzpqwCAAB9QGWxkNP2GJAjtmnMRXe9kvtmryh3JAAAtiTFYuqnfCiNf3Fmig2N5U4DAABs5pRVAACgDxnVryqXHTMyP/3jknz93gV5tW11uSMBALCZq9p+p/T7m3NTtd0O5Y4CAABsIZRVAACgD5oyvikHjqnP1+9dkFv/uKTccQAA2AwVGhrTdOonUnf0sSkUi+WOAwAAbEGUVQAAoI/qX1uRae8bmmPGN+Wiu+ZnVmt7uSMBALCZqD3sqDSdcXYqBgwsdxQAAGALpKwCAAB93L4j6/ODj4zOd3//ar7/6Ktp7yx3IgAANlUVo8em31nnpmbXPcsdBQAA2IIpqwAAwCagprKYsyYOyjE7NOWr9yzIvS8uL3ckAAA2IYWa2jT8+WlpOO6kFCr9WBgAACgv35UAAMAmZExzdb4xZUR+9dzSfO23CzJ3aUe5IwEA0MfVTDwoTZ/4dCqHDi93FAAAgCTKKgAAsEk6bOvG7D+6Pt97+NVc8+iirFrdVe5IAAD0McXBQ9PvE59O7f4HlzsKAABAD8oqAACwiaqtLOasfQflA+Ob8m+/XZB7ZtkaCACAJJWVaTj2z9N40l+mUFtb7jQAAABrUVYBAIBN3Ojm6nz9/SPym+eX5d9+Oz9zltgaCABgS1U1Yff0O+vcVI3dutxRAAAA3payCgAAbCYOGdeQ/UbV5b8feTVXP7IoK20NBACwxSg290/T6X+TuiPeX+4olMljjz2W733ve3nooYeycOHCFIvFDBgwIP/0T/+Uww47rNzxAACgB2UVAADYjNRUFvOJfQZlyvh++dpv5+euF2wNBACwWStWpG7yB9J06l+l2NhU7jSUyfTp03Puuedm9erVPY6//PLLaWlpKVMqAAB4e8oqAACwGRrVrypfO3pE7n5hWS69d0FmtbaXOxIAABtY9V4T03TGObb8KZPZs2fniCOO6F5PmjQp//Vf/1XyHG1tbbnwwgt7FFVqa2uzzTbbpL29PbW1tSXPBAAA66OsAgAAm7FJYxuy/6j63Phka658qCWLV3aWOxIAAO9R5dht0nTG36Rmr/3KHYU+4IEHHkhra2v3epdddskVV1yRgQMHljFV+f3bv/1b/vM//zNJMmPGjDKn6TsmTZqU+fPn57jjjstFF11U7jgAwBZMWQUAADZzlRWFnLxr/0zZvilXPtSSHz7Zmg6dFQCATU6x/8A0/sXHU3fkMSlUVJQ7Dn3E3Llze6zPOuusLb6okiSPPvpouSP0OXPmzMn8+fPLHQMAIImyCgAAbDGaayty7kGD85EJzfn33y3IXS8sL3ckAAB6o7omDcedlIYPfzTFuvpyp6GPWbBgQY/1uHHjyhOkD+ns7Mzjjz9e7hh9zh/+8IdyRwAA6KasAgAAW5ix/avztaNH5P7Zy/P1exdkZsuqckcCAOCtFAqpPeyoNJ36iVRsNaTcaeijVq9e3WNdW1tbpiR9xzPPPJNly5aVO0afY9oMANCXKKsAAMAWauKo+lzzkdH58dOL850HWtKyYvX6LwIAoCSqdtkj/T5+Tqq226HcUWCTY4LIW3vsscfKHQEAoJuyCgAAbMGKhUI+tFNz/mzbplz18Ku57rFFWbm6q9yxAAC2WBUjRqXpL89K7QGHlDsKG8jnP//5/O///m+SZOTIkbnzzjuTrNmqZvr06fnpT3+aJ554IgsXLkyhUEj//v2z884756ijjsrUqVNTVVW1ztd8syOOOKLH+itf+UqOP/74JMnHPvax3H///UmSiRMn5vvf/36S5IYbbsgNN9yQZ555Ju3t7fnsZz+bM8444y1fv62tLXfccUd+/etf56mnnsorr7ySZcuWpaKiIk1NTdlmm22y99575/jjj8/o0aN7/TmtWrUqd955Z+68887MmDEjL7/8cpYtW5ZCoZDGxsaMHTs2u+66ayZPnpx99tlnretnz5691r2/bocdepa+7rjjjowaNSpJcvPNN+cf/uEf1nruqaeeyne+8508+OCDaW1tzfbbb58f/ehH3ed985vfzGWXXfaWr7kub/6z6811K1euzPTp03PnnXfm2WefzSuvvJLly5enf//+2XbbbXPQQQflIx/5SAYOHLjWtW/O+br//d//7ZHjjV8PSXL44YfnpZdeesvn1uWNn/XbXffmTDNmzEiS3Hfffbniiivy2GOPZenSpTn00EPz7W9/+23fa/ny5bnlllty77335oknnkhLS0tWrVqVAQMGZKuttsrEiRNz5JFHvuXXCwBQfsoqAABAGqqLOXu/QTl+53755n0Lc/szS8sdCQBgi1Joak7jSX+Z+ikfSqHSj203d3PmzMknP/nJPP7442s9N2/evMybNy+//OUvc8011+Tyyy/PkCEbbxuoadOm5brrrutx7O220Ln99tvzpS99Ka+88spaz7W3t6etrS3z58/Pfffdl8svvzynnnpqzj333FRXV68zwz333JPzzz+/uxzxZi0tLWlpacnDDz+cq6++Ovvss08uvvjiXpVD3o0HHnggZ5xxRlat+r8tUxcvXrxR3mt9fv3rX+fCCy/M3Llz13pu/vz5mT9/fn73u9/lW9/6Vj7zmc/ktNNOS6FQKEPS9+bWW2/N5z73uXR2dnYfW7Jkyduef+211+Yb3/hGFi1atNZzr/8deuKJJ/K9730vkyZNyrRp095ReQoA2Ph81wMAAHQb3lSVfz1yWE7ZrS2X3bcwD85ZUe5IAACbt8qq1H/gw2n881NTbGwqdxpKYMmSJTnttNMya9asJEm/fv0yYsSIdHZ2Zvbs2Vm+fHn3uU888UQ++9nP5uqrr06xWOw+Pnr06Oy+++5Jkpdffjnz5s3rfm6nnXbqUQ55q2kbr7v77rvXKqq8nRtvvDHnn39+urr+bxJjRUVFBg8enAEDBmT16tWZNWtW2trakqyZHHPVVVdl3rx5ufTSS9+2QHHXXXflrLPOSnt7e/exysrKDB8+PP369cuKFSuyYMGCHmWRBx98MCeddFJ++MMfZtiwYUmS6urq7s9k1qxZefXVV7vPf/3469ZVnmlvb8/f//3f9yiqlMuNN96YCy64oEeBo76+PsOHD091dXVmz57dXehoa2vLV77ylbz44os5//zzu88fNmxY9/0/+uij3ccHDBiQMWPGdK+33XbbjX07b6ulpWWt+1yXL37xi7nxxht7HKuqqsrYsWNTVVWVV155JQsXLux+7u67786JJ56Ya665pqz3CQD0pKwCAACsZcKQ2nxn6sjc++KyfOv+lsxYsLLckQAANjs1Bx2Wpr88K5XDRpQ7CiX0la98JbNmzcr48ePz+c9/PgcccEB3EaWzszO33XZbvvCFL3RPN3nggQdyzz335OCDD+5+jbPPPjtnn312krW3VLnssst6PXHkyiuvTJJMnTo1Z555ZrbeeuusXLlyraLG7Nmz8+Uvf7m7qFJZWZlPfepTOeWUU9LY2Nh9Xnt7e2677bb88z//c/fEi+nTp+fII4/MBz7wgbXev6OjI+eff353UaWxsTGf//znM2XKlDQ0NHSf19XVlUceeST/8R//kV/+8pdJ1kwV+dd//dd84xvfSJIMGTIkN9xwQ5K1t9p5/XhvTJ8+PS+99FLGjRuX8847L/vuu29qamp6lB9K4fe//32mTZvWXeAYOHBgvvCFL+Soo47qLtt0dnbmV7/6VS688MLuaTfXXHNN9txzz+7P+4QTTsgJJ5yQpOcWPYcddlguuuiiUt7S2/qf//mfLF26NLvttls++9nPZrfddkuxWExra+ta515xxRU9iiqDBw/OZz/72UyZMiW1tbXdx2fOnJlvf/vb+elPf5pkTSHm4x//eG699dYeX1sAQPkoqwAAAG/rgNEN2X9UfW5/Zmm+80BLZi9uX/9FAACsU9UOO6fpjLNTvfNu5Y5Cic2bNy833XRT9thjj3z3u99d6z+aF4vFvP/978+qVaty3nnndR//2c9+1qOssiG89NJLmTNnTk4++eRMmzat+/hbTR257rrruiemJMmnPvWp/NVf/dVa51VVVeUDH/hAhgwZko997GPdx6+66qq3LKvcf//9Pba3+ed//udMmTJlrfMKhUL23HPPfOc738mFF16Y66+/Pkny85//PPPmzcvQoUN7d9O9cNNNN2X48OG57rrrekylGTGidKWyrq6u/NM//VM6OjqSrJmm8v3vfz/bbbddj/OKxWIOP/zwDBs2LCeeeGJ36eerX/1qjj766FRuIluK3XTTTZkwYUK+//3v9yic1NXV9TjvxRdfzNe//vXu9ejRo3Pttde+5Z//9ttvn0svvTRjxozJ5ZdfniSZO3duLr/88px77rkb50YAgHekuP5TAACALVmhUMhR2zXlxhPH5LxJgzOovqLckQAANkkVQ4an+XMXZuAllyuqbKE6OjpSVVWVSy65ZJ3THaZMmdJjYslTTz21wbO89NJLaW5u7lGKeTsPP/xw9+NCoZCTTjppnedPnDgxEyZM6F4/8cQT3dvVvNHMmTN7rA8//PB1vm6hUMi5556b3XffPZMnT87pp5+eFSs27Nals2fPzuc+97l1bp+0sd177715+umnu9ennXbaWkWVN9p55527p6cka0oZd91110bNuCHNnj07559/fo+iylu58soruws8hUIhl1xyyXqLSp/+9Kczfvz47vW1117bJ7Z4AgBMVgEAAHqpsqKQEyY05wPjm3LdY4ty9aOLsmxV7/YUBwDYkhW3GpLGE09N3Z8dk8ImMumAjeeII47ImDFj1nlOVVVVxo8fn9///vdJ1hRLNoZjjjkm9fX16z3vBz/4Qdra2rJgwYK0tramubl5vdfssssueeKJJ5Ks2a5mzpw5PbahSbJWaaC1tXW9hYXm5uZ3tK3PO9Xc3JzJkydvtNfvjde3rnnd8ccfv95rJk+enIcffjgDBgzIwIEDu7ds2hRsv/322XPPPdd5zurVq3PLLbd0r/fdd9/1XpOsmT5zyimn5MILL0ySLFu2LPfcc0/e9773vbfQAMB75jsjAADgHamrKuaMvQbm+J2bc9XDr+bGJ1qzavWm84NQAIBSKQ7cKg0nfiz1R01Noaqq3HHoI3q7nc+QIUO6Hy9btmyjZNl///17fW5tbW1GjRqVUaNG9er8AQMG9FgvXrx4rXNGjhzZY/3v//7v+Zd/+ZcUCoVe59rQ9tprr1SV+e/rvffe2/14yJAh6y03JWv+LH/0ox9txFQbT2++Dp966qkefw/eybZYkyZN6rF+4IEHlFUAoA+wDRAAAPCu9K+tyN8esFVuOmlMpu7QlIry/TwZAKBPKfYfmKb/3ycz+Ir/ScMxxyuq0MMbtyRZlzdOGGlvb98oWbbddtuN8rpJUvmmKUKdnWtPZTzkkEN6bHd000035aSTTsrtt99etq1aNuZn0hsrVqzoMUln7NixZUxTGttss816z3n00Ud7rIcNG9br1x81alSPCULPPPNM78MBABuNySoAAMB7MqyxKhccNjQf231A/vPBltzx7NKYswIAbImKzf3TcPxHUz/luBTWs5UJW65+/fr16rxSTBcZOnToO77m0UcfzZ133plHHnkkL774Yl599dW0tbW9ZRllfRobGzNt2rT83d/9Xfe2NY888kjOOeec1NfXZ6+99sr++++fAw88MDvvvHOf/Uw2pDlz5vTYwmfw4MFlTFMavfnMW1paeqy/9a1v5Zprrun1e3R0dHQ/nj17du/DAQAbjbIKAACwQWw9oDpf+bNh+VPLylz5UEvufHaZ0goAsEUoNPVLw3Enp37qh1OsrSt3HPq4N08cKafad1Cqeu655/LFL34xDz744AbNMHXq1FRUVGTatGlpbW3tPr58+fLcfffdufvuu5MkAwcOzJFHHpljjz02++yzzwbN8EZ1deX9O/zmLZ/eyZ/Rpqo3n/kbvzaS5Pnnn3/X77exttUCAN6ZvvOvYgAAYLOw3cCaXPRnw/OnhStzxUMt+eVzSisAwOap0NCYhg/9eeo/eGKKb9hiAjYVvS3O/OEPf8gZZ5yRJUuW9DheKBTSv3//NDc3p6mpKcVisfu5l19+OfPmzevV60+ZMiUHHHBArr322vzoRz/Kiy++uNY5LS0tueGGG3LDDTdk4sSJueCCC7L99tv36vXfiYqKig3+mu/Em7c/6kvlpo2lN5/5ihUrNtj7LV++fIO9FgDw7m3+/8oBAADKYrtBNbn4qOH548KVueLBlvz6eaUVAGDzUKhvSP3Uj6ThQ3+eYmNTuePARrV8+fJ85jOf6VFUGTNmTM4+++y8733vS3Nz81te981vfjOXXXZZr99nwIABOeecc3LOOedk5syZ+dWvfpW77rorDz/88FoFjvvvvz8nnXRSvvWtb2X//fd/dzfWR715ksqb731L1dDQ0GN9zTXXZN999y1TGgBgQ1BWAQAANqrxg2pyyeThmbFgzfZAv3reyGUAYNNUqKtL/Qc+nIbjTk6xqV+540BJ/OxnP8vs2bO71zvssEN+8IMfpLGxcZ3XdXZ2vuv33H777bP99tvnzDPPTFtbW+67777cfvvt+clPftI9YWPp0qX59Kc/nZ///OdvW5jpi9rb29f5fFNTzwLcm6fZ9GXru7f34s1fb0uXLt1o7wUAlEZx/acAAAC8dztstaa0cs2HR+eQsQ3rvwAAoI8o1NSm/riTMviK69N06l8pqrBFufPOO3usv/jFL663qJIkCxcu3CDvX1tbm0MPPTRf/vKXc9ttt2Xvvffufm7RokX50Y9+tEHe573q6urdHMnFixev8/nhw4f32Bbn5Zdffk+5NoQNdW/vxciRI3usZ82atdHeCwAoDWUVAACgpHbYqib/dvTwfP/4UTl4bH254wAAvL3q6tR/8IRsdcX16XfG2Sk2Dyh3Iii5OXPmdD+urq7u9dYrDz744AbPMnTo0Fx22WWpq6vrPvb73/9+g79Pb1RVVfVYr1y5slfX/fGPf1zn89XV1RkzZkz3+plnnun1VkBLlizJ4sWLs3jx4ixfvrxX17ydN95fW1tbr65Z3729FxMmTOixfuyxxzbaewEApaGsAgAAlMWOg2vztaNH5OrjR+XwrRtSLJQ7EQDAayqrUn/M8Rn8n9en35mfSsWAgeVOBGWzbNn/bePZ3NycQmH9/3C///7788wzz/Tq9Ts6OvLcc8/1Os/AgQOz3Xbbda/LtR1MfX3P4v38+fPXe83MmTN7NSll4sSJ3Y/b2try0EMPrfeaefPmZZ999sm+++6bfffdNxdddNF6r1mXN95fb+4tSX7zm9+8p/dcl+233z79+/fv8V69LfEkyZ/+9KeNkAoAeC+UVQAAgLLaaXBtLj5qeK4/YUym7tCUSt+lAABlUqhvSMPxJ2fwlTek319/JhWDtip3JCi7fv3+b9urhQsXrneCSFtbW770pS+95fE3evrpp3PiiSdmr732ytFHH50ZM2b0OtOSJUu6Hw8cuHaZ7M2FmhUrVvT6tXtrxIgRPdaPP/74eq/57ne/26vXnjJlSo/1tddeu95r7rjjjh7r/ffff53nr+8zGT58ePfjefPmZcGCBes8f9GiRbn55pvXk/Ldq6ioyNSpU7vXra2tue6663p17a9+9ascc8wxOeyww3LhhRf2ia2VAABlFQAAoI8YN6A6Fxw2NP978tictEtzaiuNWgEASqM4cKs0nX5WBn/vpjSd/jdKKvAGO+64Y/fjzs7O3HrrrW977tKlS3PWWWdl5syZOeCAA3o899JLL/VYjx49OjNmzOguv3z5y1/u1ZSUe++9N88//3z3+o1TSF735i16XnjhhfW+7jv1xs8lSW6++eZ0dHS87fnTp0/PzTffvFa2t7Lffvtl11137V7ffvvt+elPf/q25y9YsCDf/va3u9eDBg3KkUceudZ51dXV3Y9nzZq1zgw77bRT9+Ourq7ceOONb3tuR0dHvvCFL2TRokW9ur9365RTTunx+pdeemkeffTRdV7z3HPPZdq0aUmSuXPn5rbbbktzc/NGywgA9J6yCgAA0KcMa6zKuQcNzi0fHZeP7zUg/Wp82wIAbByVo8el36c/n8FX3pCG4z+aYn1DuSNBnzN58uQe64svvjjTp0/vcWzJkiX54Q9/mGOOOSa//e1vM2nSpJx55pk9zrnpppt6TPNoaGjIqaee2r2+//7789GPfjR33nnnW05vefXVV3PNNdfknHPO6T42ePDgvP/971/r3JEjR/ZYf/WrX83s2bPT2dmZBQsWZO7cub2483UbNWpUj0LJs88+m8985jOZN29ej/MWLFiQr371qzn33HNTV1eXj3/84+t97UKhkPPPPz+VlZXdx/7u7/4u//Ef/9FjqkxXV1d+/etf5+STT+6xVc/nPve5HsWU171xGsyTTz6Za6+9NkuXLs2qVavyzDPP9Pjc3/y5futb38p1112X9vb2HscfeeSRnHbaafnFL36Rgw46KHvuued67+/d2nrrrfPJT36ye71ixYqceuqpufLKK7No0aIe57a2tubKK6/MySef3OPP+7zzzktdXd1GywgA9F7l+k8BAAAovf51FfnrfQflY7sPyM1PteYHf1iUBctXlzsWALAZqNp5tzR8+KOp2ffAtbYLAXqaNGlS9t9///zud79Lsma7l7/927/NF7/4xYwaNSpLly7NvHnzuksMI0eOzL/+67+mtrY2VVVV3ccff/zxHHzwwRk1alSOPfbYnH766TnnnHPy8MMP54EHHkiSzJgxI2eddVaqqqoyYsSINDU1ZeXKlWlpaUlLS0u6urq6c9XW1uaSSy5JY2PjWpkPOuigfO1rX+te33XXXTniiCO61+ecc06P0sO79ZnPfCZnnHFG9/rnP/95br/99owcOTLNzc1ZunRpXnzxxXR2dqZQKOQLX/hCKioqevXau+++ey666KKcd9556ezsTEdHR772ta/lm9/8ZkaOHJn6+vrMnj07ixcv7nHdX/zFX+T4449/y9ecNGlSj6k0X/rSl3ps2XTHHXdk1KhRSZLtttsuU6dOzS233JIkaW9vz7Rp03LRRRdl9OjRqaqqyssvv5yWlpYka4pD//Iv/5LzzjuvV/f3bp155pl56aWXcv311ydZs73UJZdckksvvTTDhw9PY2Nj5s+fn4ULF/b4ekmS008//W0/GwCg9PwvigAAQJ/WUF3Mx3YfkP/30XH5h4MHZ1S/jTdWGgDYjBWLqTngkAy85DsZdPG3UjvxIEUV6KVLL700u+22W49jS5cuzdNPP53Zs2d3F1ImTpyY6667LkOHDk1zc3NOOOGEHtcsWbIkTz31VPd2PzU1Nbnyyivz0Y9+tMcUkfb29rzwwgt5/PHHM3PmzLWKBxMmTMg111yz1lZDr9tll11yzDHHbJB7X5eDDjooF1xwQY8CSldXV2bPnp0nnngiL7zwQjo7O1NVVZWLL754rc9jfaZOnZrvfve7GT16dPex9vb2PP/883nyySd7FFXq6+vzj//4jzn//PPf9vU+8YlPZMCAAb1+/2nTpmXSpEk9jrW1tWXmzJl58sknu4sq2267ba6//voMHz6816/9bhWLxXzpS1/KBRdc0ONeOjo68uKLL+app57KggULeny9DBw4MBdddFE+//nPb/R8AEDvmawCAABsEqorCjl+5+Ycu2O/3PHs0lz1yKuZuXBVuWMBAH1dVXXqDp+chuNOSuXIMeVOA5ukgQMH5gc/+EF+/OMfZ/r06XnqqafS2tqaysrKDBkyJLvuums++MEP5tBDD+1x3T/+4z+mqakpP/nJTzJv3rw0NDRk/Pjx2WeffbrPqa2tzYUXXpgzzzwzt956ax588ME8//zzmT9/ftra2lJZWZmmpqaMHj06EyZMyFFHHZWJEyeut2x28cUXZ9ttt82Pf/zjvPTSS0mS/v37Z4cddsgee+yxwT6bU045JQceeGCuvfbaPPDAA5kzZ06WLVuWurq6jB07NgceeGBOPvnktbYm6q0DDjggP/nJT3LnnXfmtttuy4wZM7Jw4cKsWLEi/fv3zzbbbJNJkyblhBNOWG8RZejQobn++uvz9a9/Pffee29aW1tTU1OTYcOGZdddd02/fv16nN/Y2Jgrr7wyv/jFL3LLLbfk8ccfT0tLSzo6OtLc3Jwdd9wxRx99dI499ti33HZoYzrllFNy7LHHZvr06bn77rvz9NNPp6WlJcuXL099fX0GDhyYXXbZJQcffHCOPvro1NbWljQfALB+ha43z0EDAADYRNw/e3mue2xR7pm1PL6xAZLkqrlXZ9BDvyx3DKAPKDQ0pn7Kh1I/9SOpGDCo3HEAAAB4A5NVAACATdbEUfWZOKo+zy9alf95bFFu/eOStHWorQDAlqy41ZA0HHtC6iZ/MMW6+nLHAQAA4C2YrAIAAGw2WttW5+YnW3PjE62Zv3x1ueMAZWCyCmy5Ksdtk4bjTk7tIUemUOn/0QMAAOjLfNcGAABsNpprK3L6XgPzsd0H5OfPLMkPHmvNjAUryx0LANiIqnfdMw3HfzQ1++xf7igAAAD0krIKAACw2amsKGTK+H6ZMr5fHpqzPD/4Q2vunrUsneZKAsDmoao6tZPel4YPfDhV43cqdxoAAADeIWUVAABgs7b3iPrsPaI+s1pX5X8ea81PZizOig6tFQDYFFUMG5G6oz+Y+iOPSbG5f7njAAAA8C4Vurq6/JQWAADYYixZuTq3zFiSm55szazW9nLHATawq+ZenUEP/bLcMYANqVhMzV77pf6Y41K9134pFIvlTgQAAMB7ZLIKAACwRWmqqchHd+ufk3dtzv0vrcgPn2jNXS8sy2o1fgDoU4rN/VN35DGpe/+xqRw6vNxxAAAA2ICUVQAAgC1SoVDIfqPqs9+o+sxb2pGbn2rN/3t6cRYuX13uaACwRavaaZfUTzkutQe9L4WqqnLHAQAAYCOwDRAAAMBrOlZ35c7nluaHT7bm4blt5Y4DvAu2AYJNU6G2LrWH/lnqjzkuVVtvV+44AAAAbGQmqwAAALymsqKQo7ZrylHbNeWZlpX54ROLM33m4ixr1/EHgI2hYvTY1L//Q6k74v0p1jeUOw4AAAAlYrIKAADAOixv78xP/7gkNz3Zmj+1rCp3HGA9TFaBTUBFRWr2Pzj1U45LzW57lTsNAAAAZWCyCgAAwDrUVxXzkQnN+ciE5jw2ry3/7+nF+cUzS0xbAYB3qDhocOonT03d5KmpGLhVueMAAABQRsoqAAAAvbTr0NrsOrQ25x64VX7x7NL8+OnFeeTltnLHAoC+q1BI9e57p/79H0rNfgelUOHHkQAAACirAAAAvGN1VcVM3aFfpu7QL88vWpVbnl6cW2cuycLlq8sdDQD6hIqRY1J3+OTUHTY5FUOGljsOAAAAfUyhq6vL7GoAAID3qKOzK/fMWp4fP70497y4LKs7y50ItkxXzb06gx76ZbljwBap0NQvdQcfkdrDJ6d6hwnljgMAAEAfZrIKAADABlBZLOTQcQ05dFxDFizvyK1/XJIfP704s1rbyx0NADaeysrU7L1/6g4/OjX7HphCVVW5EwEAALAJMFkFAABgI3pk7orcMmNx7nxuWZauMm4FNjaTVaA0Krfbcc02P4ccmWJz/3LHAQAAYBNjsgoAAMBGtMfwuuwxvC7nTerMXS8sz8/+tCS/nbUs7XorAGxiioMGp+6wo1J3+ORUjtm63HEAAADYhCmrAAAAlEBNZTFHbtuYI7dtTGvb6vzi2aX52cwlefTlthh3CUBfVaipTc0Bh6Tu8KNTvfveKRSL5Y4EAADAZkBZBQAAoMSaayvy4Z2b8+GdmzNnSXt+NnNJfjZzSZ5b1F7uaACQFAqp3mWP1B5+dGoPOizFuvpyJwIAAGAzU+jq6vI/8QEAAPQBT89vy/SZS/LzZ5ZmwfLV5Y4Dm6Sr5l6dQQ/9stwxYJNUMXJ06t53dOred1QqhgwrdxwAAAA2YyarAAAA9BE7Dq7NjoNr86n9t8qDc1Zk+swl+fXzy7J0VWe5owGwmSoOHpraAw9N7aTDU73jhHLHAQAAYAuhrAIAANDHVBQL2W9UffYbVZ/21V353ezluePZpfnN88uyRHEFgPeoYvioNQWVAw9N1fidyh0HAACALZCyCgAAQB9WVVHIwWMbcvDYhrSv7sr9Ly3PL55Zmt+8sCyLVyquANA7laPHpebAQ1N70GGp2nq7cscBAABgC6esAgAAsImoqijkoDENOWhMQzpeK67c8ezS/Pr5ZWlVXAHgTSq32T61Bx6W2gMPTeXoseWOAwAAAN2UVQAAADZBlRWFHDimIQeOacg/dHblwZdW5BfPLs2vnl+a1jbFFYAtUqGQqvE7pfbAQ1Nz4GGpHDai3IkAAADgLRW6urq6yh0CAACADaOjsysPzVmRO59dmrteWJb5y1eXOxKU1FVzr86gh35Z7hhQOsViqnba9bUJKoekYqsh5U4EAAAA62WyCgAAwGaksljIfqPqs9+o+ny+qytPLViZ3zy/LL95YVlmLlxV7ngAbAgVFanedc81E1T2PyQVAwaWOxEAAAC8I8oqAAAAm6lCoZCdB9dm58G1+et9B+XlJe35zQvLctcLy/LQnBVpt1sQwKajsio1e+ydmgMPS+1+k1Ls11zuRAAAAPCuKasAAABsIYY1VeXEXfrnxF36Z9mqztz74vL85oVl+e2sZWldqbkC0NdUDB2e6r32S83e+6V6t71SrKsvdyQAAADYIJRVAAAAtkAN1cUcuW1jjty2Mas7u/Loy23dU1dmtbaXOx7Alqm6JtW77JGavfdLzV77pXLUmHInAgAAgI2i0NXV1VXuEAAAAPQds1pX5XcvLs+9Ly7PQ3NWZEWHbxvZdFw19+oMeuiX5Y4BvVYxckx3OaV6lz1SqKkpdyQAAADY6ExWAQAAoIcxzdUZ01ydE3fpn/bVXXn05RW5d/by/O7F5Zm5cFVUVwDevUJdXap32zs1e01M9V77pXLYiHJHAgAAgJJTVgEAAOBtVVUUss/I+uwzsj6f3C9ZuLwj981eM3Xlvtkr8mrb6nJHBOjzKsdts2Zyyt77p3qnXVOoqip3JAAAACgrZRUAAAB6bVB9ZaaM75cp4/ulq6srMxaszL2vlVcem9eWjs5yJwQov0JDY6r32Cc1e++fmr0mpmLQ4HJHAgAAgD5FWQUAAIB3pVAoZMfBtdlxcG1O33Nglq3qzO/nrshDc1bk93NWZMbClem0ZxCwJaisTNW2O6R6971Ts/d+qdphQgoVFeVOBQAAAH2WsgoAAAAbREN1MQePbcjBYxuSJEtXrs7v57blodcKLDOVV4DNRKGmNlU77JzqXfZI1c67pXqHCSnU1pY7FgAAAGwylFUAAADYKBprKnLIuIYcMm5NeWXxytV5+LXiypryyqrorgCbgkJDY6p33i1VE3ZL9YQ9UrXdDilU+rEaAAAAvFu+qwYAAKAk+tVU5NBxjTl0XGOSpLWtZ3nlTy3KK0DfUBw4KNU77/5aOWX3VI7dJoVisdyxAAAAYLOhrAIAAEBZNNdW5LCtG3PY1mvKK0tWrs7jr7TlDy+35Q/z2vLEK21Z1q6+Amx8FcNGrNnOZ5c9Uj1ht1SOGF3uSAAAALBZU1YBAACgT2iqqcgBoxtywOg12wZ1dnXlmZZV+cO8tjw2b02J5cXF7WVOCWzyCoVUjtn6tXLK7qmesHsqBg0udyoAAADYoiirAAAA0CcVC4VsP6gm2w+qyYd3bk6SvLpidf4wb8WaAsvLbXlywcqs7DB9BXh7haZ+qdp2h1RtNz5VO+6S6p13S7GpX7ljAQAAwBZNWQUAAIBNxoC6ihw6rjGHjluzdVDH6q7MWLgyT7zSlqfmr8zTC1bmuVdXZbX+CmyRehRTttshldvukMphI8odCwAAAHgTZRUAAAA2WZUVhUwYUpsJQ2q7j7W1d+aPC9cUVxRYYPNVaGruLqVUbbtDKrfbIZVDh5c7FgAAANALyioAAABsVmqritltWF12G1bXfUyBBTZthX7N3aWUqu3W/KoYMqzcsQAAAIB3SVkFAACAzd66CiwzFq7KMy0r86eWVXmmZVWWruosY1JAMQUAAAA2f8oqAAAAbJHeqsCSJC8vbc8zrxVX/tSyKn9qWZkXFrVnlTEssEEV6upTOXpsKkaNTeWosakcPTZV24xPxZCh5Y4GAAAAbGTKKgAAAPAGwxqrMqyxKgeNaeg+1tHT5nuFAAAL40lEQVTZlRdb2/OnlpU9iiwvLW6PCgusW3HgoDVllFFjUzF6TSmlctTYVAwaXO5oAAAAQJkoqwAAAMB6VBYL2XpAdbYeUJ0/2/b/jre1d2bW4vbMWtSeWa2r8sJrv89qbc/ilbYTYgtSrEjFsOHdE1LeOC2l2NBY7nQAAABAH6OsAgAAAO9SbVUx4wfVZPygmrWeW7RidV54U4HlhUXteWlxe1baUohNVKGmNhUjR3cXUdYUU8alcsSoFKqqyh0PAAAA2EQoqwAAAMBG0L+uIv3r6rL7sLoexzu7uvLy0o7MWtSel5a0Z86S9sxd0pG5S9ozZ0lHWlasLlNiSFJdnYrBQ3v8Kg4emoohw1IxdHgqhgxLoVAod0oAAABgE6esAgAAACVULBQyoqkqI5reegpFW0dnXl66prwyd0lHzzLL0o60LF8dc1l4twr9mv+viDJkWCoGD0nF4GFrSilDhqWi/4ByRwQAAAC2AMoqAAAA0IfUVhYzrn91xvWvfsvnV63uytwl7Xl5aUcWLu/I/OWrs2BZRxYsX50Fy//v97YOlZYtTmVlKgYOTnHIGyajdD9eU0gp1NaWOyUAAACAsgoAAABsSqorChnbvzpj36bM8rqlK1evKbK8XmBZ1tGjzPJqW2da21andeXqrO4sUXjemcqqFPv1S7Ffc4r9+r/2qzmFfs0pNvd/w/HmFJsHpDhgYArFYrlTAwAAAKyXsgoAAABshhprKtJYU5GtB6y71JIkS1d1ZlHb6jXllbbVaV3ZufbjlavT2rbmvCUrV2d5e5ftiN6JQiGFxqbXCiZvKJl0l036rymhvH6suX+K9Q3lTg0AAACwUSirAAAAwBausbqYxupiRvWr6vU1XV1dWdHRleXtnWt+rerM8vY3rNvXrJe1d2bFa+tlqzqzoqMrKzs6s2p1V9o7k/bVXWnv7Frz++uPe6w34o2/UbEihZqaFGpqU6itXfP76+uamqTmzcfe+Ktm7efe/BoNjSlUVJToZgAAAAD6tkJXV5f/EQoAAADos14vsaxa3ZWOzq50dSVdyWu/r1l0Zc2vfiuXpK5zVZJCUiwkhWJSSFIoplAsvHa8mBQKr/0qplBVlUJV74s6AAAAALw3yioAAAAAAAAAAJRMsdwBAAAAAAAAAADYciirAAAAAAAAAABQMsoqAAAAAAAAAACUjLIKAAAAAAAAAAAlo6wCAAAAAAAAAEDJKKsAAAAAAAAAAFAyyioAAAAAAAAAAJSMsgoAAAAAAAAAACWjrAIAAAAAAAAAQMkoqwAAAAAAAAAAUDLKKgAAAAAAAAAAlIyyCgAAAAAAAAAAJaOsAgAAAAAAAABAySirAAAAAAAAAABQMsoqAAAAAAAAAACUjLIKAAAAAAAAAAAlo6wCAAAAAAAAAEDJKKsAAAAAAAAAAFAyyioAAAAAAAAAAJSMsgoAAAAAAAAAACWjrAIAAAAAAAAAQMkoqwAAAAAAAAAAUDLKKgAAAAAAAAAAlIyyCgAAAAAAAAAAJaOsAgAAAAAAAABAySirAAAAAAAAAABQMsoqAAAAAAAAAACUjLIKAAAAAAAAAAAlo6wCAAAAAAAAAEDJKKsAAAAAAAAAAFAyyioAAAAAAAAAAJSMsgoAAAAAAAAAACWjrAIAAAAAAAAAQMkoqwAAAAAAAAAAUDLKKgAAAAAAAAAAlIyyCgAAAAAAAAAAJaOsAgAAAAAAAABAySirAAAAAAAAAABQMsoqAAAAAAAAAACUjLIKAAAAAAAAAAAlo6wCAAAAAAAAAEDJKKsAAAAAAAAAAFAyyioAAAAAAAAAAJSMsgoAAAAAAAAAACWjrAIAAAAAAAAAQMkoqwAAAAAAAAAAUDLKKgAAAAAAAAAAlIyyCgAAAAAAAAAAJaOsAgAAAAAAAABAySirAAAAAAAAAABQMsoqAAAAAAAAAACUjLIKAAAAAAAAAAAlo6wCAAAAAAAAAEDJKKsAAAAAAAAAAFAyyioAAAAAAAAAAJSMsgoAAAAAAAAAACWjrAIAAAAAAAAAQMkoqwAAAAAAAAAAUDLKKgAAAAAAAAAAlIyyCgAAAAAAAAAAJaOsAgAAAAAAAABAySirAAAAAAAAAABQMsoqAAAAAAAAAACUjLIKAAAAAAAAAAAlo6wCAAAAAAAAAEDJKKsAAAAAAAAAAFAyyioAAAAAAAAAAJSMsgoAAAAAAAAAACWjrAIAAAAAAAAAQMkoqwAAAAAAAAAAUDLKKgAAAAAAAAAAlIyyCgAAAAAAAAAAJaOsAgAAAAAAAABAySirAAAAAAAAAABQMsoqAAAAAAAAAACUjLIKAAAAAAAAAAAlo6wCAAAAAAAAAEDJKKsAAAAAAAAAAFAyyioAAAAAAAAAAJSMsgoAAAAAAAAAACWjrAIAAAAAAAAAQMkoqwAAAAAAAAAAUDLKKgAAAAAAAAAAlIyyCgAAAAAAAAAAJaOsAgAAAAAAAABAySirAAAAAAAAAABQMsoqAAAAAAAAAACUjLIKAAAAAAAAAAAlo6wCAAAAAAAAAEDJKKsAAAAAAAAAAFAyyioAAAAAAAAAAJSMsgoAAAAAAAAAACWjrAIAAAAAAAAAQMkoqwAAAAAAAAAAUDLKKgAAAAAAAAAAlIyyCgAAAAAAAAAAJaOsAgAAAAAAAABAySirAAAAAAAAAABQMsoqAAAAAAAAAACUjLIKAAAAAAAAAAAlo6wCAAAAAAAAAEDJKKsAAAAAAAAAAFAyyioAAAAAAAAAAJSMsgoAAAAAAAAAACWjrAIAAAAAAAAAQMkoqwAAAAAAAAAAUDLKKgAAAAAAAAAAlIyyCgAAAAAAAAAAJaOsAgAAAAAAAABAySirAAAAAAAAAABQMsoqAAAAAAAAAACUjLIKAAAAAAAAAAAlo6wCAAAAAAAAAEDJKKsAAAAAAAAAAFAyyioAAAAAAAAAAJSMsgoAAAAAAAAAACWjrAIAAAAAAAAAQMkoqwAAAAAAAAAAUDLKKgAAAAAAAAAAlIyyCgAAAAAAAAAAJaOsAgAAAAAAAABAySirAAAAAAAAAABQMsoqAAAAAAAAAACUjLIKAAAAAAAAAAAlo6wCAAAAAAAAAEDJKKsAAAAAAAAAAFAyyioAAAAAAAAAAJSMsgoAAAAAAAAAACWjrAIAAAAAAAAAQMkoqwAAAAAAAAAAUDLKKgAAAAAAAAAAlIyyCgAAAAAAAAAAJaOsAgAAAAAAAABAySirAAAAAAAAAABQMsoqAAAAAAAAAACUjLIKAAAAAAAAAAAlo6wCAAAAAAAAAEDJKKsAAAAAAAAAAFAyyioAAAAAAAAAAJSMsgoAAAAAAAAAACWjrAIAAAAAAAAAQMkoqwAAAAAAAAAAUDLKKgAAAAAAAAAAlIyyCgAAAAAAAAAAJaOsAgAAAAAAAABAySirAAAAAAAAAABQMsoqAAAAAAAAAACUjLIKAAAAAAAAAAAlo6wCAAAAAAAAAEDJKKsAAAAAAAAAAFAyyioAAAAAAAAAAJSMsgoAAAAAAAAAACWjrAIAAAAAAAAAQMkoqwAAAAAAAAAAUDLKKgAAAAAAAAAAlIyyCgAAAAAAAAAAJaOsAgAAAAAAAABAySirAAAAAAAAAABQMsoqAAAAAAAAAACUjLIKAAAAAAAAAAAlo6wCAAAAAAAAAEDJKKsAAAAAAAAAAFAyyioAAAAAAAAAAJSMsgoAAAAAAAAAACWjrAIAAAAAAAAAQMkoqwAAAAAAAAAAUDLKKgAAAAAAAAAAlIyyCgAAAAAAAAAAJaOsAgAAAAAAAABAySirAAAAAAAAAABQMsoqAAAAAAAAAACUjLIKAAAAAAAAAAAlo6wCAAAAAAAAAEDJKKsAAAAAAAAAAFAyyioAAAAAAAAAAJSMsgoAAAAAAAAAACWjrAIAAAAAAAAAQMkoqwAAAAAAAAAAUDLKKgAAAAAAAAAAlIyyCgAAAAAAAAAAJaOsAgAAAAAAAABAySirAAAAAAAAAABQMsoqAAAAAAAAAACUjLIKAAAAAAAAAAAlo6wCAAAAAAAAAEDJKKsAAAAAAAAAAFAy/x/X+C7C8nbvSwAAAABJRU5ErkJggg==\" style=\"max-width: 100%; height: auto;\" alt=\"Budget Allocation\">\n</div>\n\n<div style=\"margin-top: 50px; padding-top: 20px; border-top: 2px solid #ecf0f1; text-align: center; color: #7f8c8d; font-size: 12px;\">\n    <p>This document was generated through AI-assisted collaboration and team consensus.</p>\n    <p>Please review and provide feedback before final approval.</p>\n</div>\n\n</body>\n</html>",
  "preview": ""
}
Test Result: PASSED
Document 41b85f90-c307-409d-9f28-7078b059d5d1 quality check:
  - HTML formatting: ✅
  - CSS styling: ✅
  - Section headers: ✅
  - Embedded charts: ✅

================================================================================
Testing: Get Document e0097dfd-13cc-43c0-ad75-a21d99bc14a4 for Quality Check (GET https://a985bc5b-b2e4-4dfa-b7b1-059accd4e9ea.preview.emergentagent.com/api/documents/e0097dfd-13cc-43c0-ad75-a21d99bc14a4)
Status Code: 200
Response Headers: {
  "Date": "Mon, 16 Jun 2025 22:14:44 GMT",
  "Content-Type": "application/json",
  "Content-Length": "196851",
  "Connection": "keep-alive",
  "Strict-Transport-Security": "max-age=15724800; includeSubDomains"
}
Response: {
  "id": "e0097dfd-13cc-43c0-ad75-a21d99bc14a4",
  "metadata": {
    "id": "c7d6d5a4-4f27-4384-91d6-238041ed48f9",
    "title": "Project Launch Timeline",
    "filename": "Project_Launch_Timeline_20250616.md",
    "authors": [
      "Alex Chen",
      "Dex Rodriguez"
    ],
    "category": "Protocol",
    "status": "Draft",
    "description": "Timeline for project development and launch",
    "keywords": [
      "timeline",
      "project",
      "milestones",
      "launch"
    ],
    "created_at": "2025-06-16T22:14:43.378000",
    "updated_at": "2025-06-16T22:14:43.378000",
    "simulation_id": "",
    "conversation_round": 0,
    "scenario_name": "",
    "user_id": "test-user-123"
  },
  "content": "<!DOCTYPE html>\n<html>\n<head>\n    <meta charset=\"UTF-8\">\n    <title>Project Launch Timeline</title>\n    <style>\n        body {\n            font-family: 'Segoe UI', Tahoma, Geneva, Verdana, sans-serif;\n            line-height: 1.6;\n            max-width: 800px;\n            margin: 0 auto;\n            padding: 40px;\n            background-color: #ffffff;\n            color: #333333;\n        }\n        .header {\n            border-bottom: 3px solid #2c3e50;\n            padding-bottom: 20px;\n            margin-bottom: 30px;\n        }\n        .title {\n            font-size: 28px;\n            font-weight: bold;\n            color: #2c3e50;\n            margin-bottom: 10px;\n        }\n        .subtitle {\n            font-size: 16px;\n            color: #7f8c8d;\n            font-style: italic;\n        }\n        .meta-info {\n            background-color: #f8f9fa;\n            padding: 15px;\n            border-left: 4px solid #3498db;\n            margin: 20px 0;\n        }\n        .section-header {\n            font-size: 20px;\n            font-weight: bold;\n            color: #2c3e50;\n            margin-top: 30px;\n            margin-bottom: 15px;\n            border-bottom: 2px solid #ecf0f1;\n            padding-bottom: 5px;\n        }\n        .subsection {\n            font-size: 16px;\n            font-weight: 600;\n            color: #34495e;\n            margin-top: 20px;\n            margin-bottom: 10px;\n        }\n        .chart-container {\n            text-align: center;\n            margin: 30px 0;\n            padding: 20px;\n            background-color: #f8f9fa;\n            border-radius: 8px;\n        }\n        .chart-title {\n            font-size: 16px;\n            font-weight: bold;\n            margin-bottom: 15px;\n            color: #2c3e50;\n        }\n        .highlight {\n            background-color: #fff3cd;\n            padding: 2px 4px;\n            border-radius: 3px;\n        }\n        .important {\n            font-weight: bold;\n            color: #e74c3c;\n        }\n        .note {\n            background-color: #e8f4f8;\n            padding: 10px;\n            border-left: 4px solid #3498db;\n            margin: 15px 0;\n            font-style: italic;\n        }\n        ul, ol {\n            margin: 15px 0;\n            padding-left: 25px;\n        }\n        li {\n            margin-bottom: 5px;\n        }\n        table {\n            width: 100%;\n            border-collapse: collapse;\n            margin: 20px 0;\n        }\n        th, td {\n            border: 1px solid #ddd;\n            padding: 12px;\n            text-align: left;\n        }\n        th {\n            background-color: #f2f2f2;\n            font-weight: bold;\n        }\n    </style>\n</head>\n<body>\n\n<div class=\"header\">\n    <div class=\"title\">Project Launch Timeline</div>\n    <div class=\"subtitle\">Protocol Document</div>\n</div>\n\n<div class=\"meta-info\">\n    <strong>Authors:</strong> Alex Chen, Dex Rodriguez<br>\n    <strong>Date:</strong> June 16, 2025<br>\n    <strong>Document Type:</strong> Protocol<br>\n    <strong>Status:</strong> <span class=\"highlight\">Draft for Review</span>\n</div>\n<p># Project <strong>launch</strong> <strong>timeline</strong></p>\n\n<p>## Overview</p>\n<p>This document outlines the <strong>timeline</strong> for our project development and <strong>launch</strong>.</p>\n\n<p>## Key Milestones</p>\n<ul>\n<li>Month 1-2: Development</li>\n<ul>\n<li>Month 3-4: Testing</li>\n<ul>\n<li>Month 4-5: Beta</li>\n<ul>\n<li>Month 6: Launch</li>\n</ul>\n\n<p>## Dependencies</p>\n<p>The <strong>testing</strong> phase cannot begin until development is at least 90% complete.</p>\n\n<p>## Responsibility</p>\n<p>Each team lead is responsible for meeting their respective milestones.</p>\n\n\n<div class=\"chart-container\">\n    <div class=\"chart-title\">Project Timeline</div>\n    <img src=\"data:image/png;base64,iVBORw0KGgoAAAANSUhEUgAADfIAAAbpCAYAAAC2PRLBAAAAOnRFWHRTb2Z0d2FyZQBNYXRwbG90bGliIHZlcnNpb24zLjEwLjMsIGh0dHBzOi8vbWF0cGxvdGxpYi5vcmcvZiW1igAAAAlwSFlzAAAuIwAALiMBeKU/dgABAABJREFUeJzs3XeYlOW9+P/Pzu7S1qUIKEgQaYJosGGN9ViIHjVYvvYWxShorLF7osYYozH2qKgxHjVHiV1UFMFy7KISDCKKRqpKEWm7sGyZ3x/+dg8I7MyWh1ng9bouL2Xmfu7nnp19Vq7Zec+dl06n0wEAAAAAAAAAAAAAAAAAJCKV6wUAAAAAAAAAAAAAAAAAwLpMyAcAAAAAAAAAAAAAAAAACRLyAQAAAAAAAAAAAAAAAECChHwAAAAAAAAAAAAAAAAAkCAhHwAAAAAAAAAAAAAAAAAkSMgHAAAAAAAAAAAAAAAAAAkS8gEAAAAAAAAAAAAAAABAgoR8AAAAAAAAAAAAAAAAAJAgIR8AAAAAAAAAAAAAAAAAJEjIBwAAAAAAAAAAAAAAAAAJEvIBAAAAAAAAAAAAAAAAQIKEfAAAAAAAAAAAAAAAAACQICEfAAAAAAAAAAAAAAAAACRIyAcAAAAAAAAAAAAAAAAACRLyAQAAAAAAAAAAAAAAAECChHwAAAAAAAAAAAAAAAAAkCAhHwAAAAAAAAAAAAAAAAAkSMgHAAAAAAAAAAAAAAAAAAkS8gEAAAAAAAAAAAAAAABAgoR8AAAAAAAAAAAAAAAAAJAgIR8AAAAAAAAAAAAAAAAAJEjIBwAAAAAAAAAAAAAAAAAJEvIBAAAAAAAAAAAAAAAAQIKEfAAAAAAAAAAAAAAAAACQICEfAAAAAAAAAAAAAAAAACRIyAcAAAAAAAAAAAAAAAAACRLyAQAAAAAAAAAAAAAAAECChHwAAAAAAAAAAAAAAAAAkCAhHwAAAAAAAAAAAAAAAAAkqCDXCwAAAAAAAFifvffee3HiiSfWOqZLly7xyiuvrKEVQe0uueSSeOqpp2odc9ZZZ8Wvf/3rNbQi6uuEE06I999/v9Yx1113XRx22GG1jvFzDAAAAAAAIDM78gEAAAAAAAAAAAAAAABAguzIBwAAAAAA64Dbb7897rjjjkads6CgIJo1axbFxcXRsWPH6Nq1a/Tt2zcGDBgQ22yzTRQU+DUDNJY+ffrkegmr9eCDD8ZOO+2U62UAAAAAAADAWs1v2AEAAAAAgFWqqKiIioqKKC0tjVmzZsWECRNi5MiRERHRunXrOPDAA+OYY46Jvn375nilAAAAAAAAANC0CfkAAAAAAIA6W7hwYTz66KMxfPjwGDhwYFx22WWx8cYb53pZUGdlZWWx8847R2lp6Qq3d+nSJV555ZUcrQoAAAAAAABY16RyvQAAAAAAAGDtlU6n48UXX4wDDzwwxowZk+vlQJ299dZbK0V8AAAAAAAAAI3NjnwAAAAAAECDLV68OM4888y49tpr4/DDD8/1ctYqffv2jb/97W+1jmnevPkaWs365+WXX871EtY6gwcPjkMOOaTWMV27dl1Dq6Ep8HMMAAAAAAAgMyEfAAAAAADQKNLpdFxxxRWx8cYbx2677Zbr5aw12rRpE7vuumuul7FeqqysjFdffTXXy1jr9OrVK3r16pXrZdCE+DkGAAAAAACQWSrXCwAAAAAAANYdVVVVceGFF8bChQtzvRTI6IMPPojvv/8+18sAAAAAAAAA1gN25AMAAAAAgPXI2LFjo3Xr1hnHLV26NBYtWhRTp06NcePGxdNPPx1ffPFFVueYN29e3HXXXXHxxRc3dLmQqJdffjnXS6jx2Wef1eu4Tz/9NAYNGpRx3HXXXReHHXZYvc4BAAAAAAAANJwd+QAAAAAAgJW0aNEiOnbsGAMGDIjTTjstnn/++bj++uujqKgoq+OHDx8eixcvTniV0DBjxozJ9RIAAAAAAACA9YSQDwAAAAAAyMqgQYPi3nvvjWbNmmUcW1JSEq+++uoaWBXUz4QJE+Lrr7/O9TIAAAAAAACA9URBrhcAAAAAAACsPbbffvs4/fTT4/bbb8849o033oiDDz640ddQVlYWY8eOjWnTpsXChQujTZs20atXr9hhhx0aNG9VVVVMmTIlpk+fHt98802UlJREWVlZFBQURIsWLWLDDTeMzp07R8+ePaNt27aN82ByZPHixTFx4sSYO3duzJ8/PxYuXBj5+fnRqlWr6NKlS3Tv3j26deu2Rte0dOnS+Pzzz2PGjBkxZ86cWLp0aeTl5UXbtm2jTZs20blz59hiiy2isLCwUc738ssvN8o85E5FRUVMmjQpPv3005g/f36k0+lo06ZNbLbZZrHVVltlvYPo8mbNmhWffPJJfP3117F48eJIpVLRvn376NWrV2y11VaRn5+fwCNZUVO8PtcmVVVV8dVXX8Wnn34ac+fOjdLS0mjevHm0b98+evToEf369YuCgjXza/LZs2fHZ599Ft9//30sWLAgFi1aFC1atIji4uL4yU9+Er17944OHTqskbUAAAAAAAC5J+QDAAAAAADq5KSTToq77747ysvLax03fvz41d43bdq02G+//Wo9/owzzojzzjuv5s/Lli2Le++9N+67774oLS1dafxnn32WYeUrW7x4cbz00ksxatSo+PDDD2PRokVZHbfZZpvFbrvtFgcccEAMGDCgzudd3nvvvRcnnnhirWO6dOkSr7zySoPO89FHH8ULL7wQH3zwQXz++edRWVlZ6/iNNtoo9t577zj66KOjX79+DTr36syePTueffbZePnll+OTTz7J+D3VsmXL2HbbbWPfffeNQw89NFq1apXVeS655JJ46qmn6rS2mTNnRp8+fVZ531lnnRW//vWv6zTfuiSbr2c2X6N33nknTj755FrHXH311XH00UevcNuiRYvi3nvvjccffzy+++67VR5XWFgY++23X/zqV7+KLbbYotZzpNPpGDFiRDz00EPx8ccfr3Zc27Zt44gjjoihQ4fWKxKsTVO8PuuiMX+O7bnnnvHtt9+u9v5tttkmhg8fvtLt3333Xdx///0xYsSImDVr1mqPLyoqip///OcxZMiQ6Nq1a8b11MWyZcvi9ddfj1GjRsVHH30UM2bMyHhM7969Y+DAgXHkkUfGxhtv3KjrAQAAAAAAmhYhHwAAAAAAUCfFxcWx9dZbxwcffFDruJkzZ0ZVVVWkUqmV7lvVbT/2zTff1Px3WVlZDB06NN588826L3gVFixYEMOGDYvhw4fH4sWL63z8lClTYsqUKfHwww9H3759Y+jQoTFw4MBGWVtje+utt+Kmm26KCRMm1Om42bNnx/Dhw2P48OGx7777xiWXXNJo0cucOXPilltuiWeeeSZjvLe8JUuWxNtvvx1vv/123HLLLXHMMcfEkCFDomXLlo2yLtasuv4ciIh499134ze/+U3MmTOn1uPKy8vjhRdeiFGjRsVZZ50VQ4YMWeW47777Ls4555wYO3ZsxrXMnz8/7rvvvhg5cmT88Y9/jB133DHjMZk0xesz1zLtevj111+vdNv//M//xI033hglJSUZ5y8pKYknnnginnvuufjVr34VQ4cOzep7sTZVVVXx6KOPxt13311rRLgqkydPjsmTJ8c999wTxx9/fJx11lmNHooCAAAAAABNQ8N+IwEAAAAAAKyXevbsmXFMeXl5LFiwoN7nWH7XvWuvvbbRIr4XXnghfv7zn8df//rXekV8PzZp0qQ4++yz4+STT65zwJGkpUuXxqWXXhqnnHJKnSOhHxs9enT84he/iOeff77B63r22Wdj4MCB8fjjj9cp4vuxhQsXxrBhw2LQoEExbty4Bq+Lpmn5MGvMmDExePDgjBHf8ioqKuKWW26Jm266aaX75syZE0ceeWRWEd/yZs6cGaeddlp89NFHdTpueU31+lwbLP89kU6n47e//W1cffXVWUV8yysrK4vbb789Lrnkkqiqqqr3embMmBFHH310XH311Q36f8CyZcvi/vvvj0MPPTQmTZpU73kAAAAAAICmS8gHAAAAAADUWdu2bbMaV1ZWVu9zLFmyJCIixo0bF8OHD6/3PNXS6XRce+21cd5558W8efMaPN+PvfPOO3HooYfG+PHjG33uupo3b14ce+yx8eSTTzbanCUlJXHBBRfEww8/XO85/vznP8eFF15Y5+CmNlOmTIkTTjghxowZ02hz0nQsXbo0IiI+++yz+M1vflPv+HPYsGHxv//7vzV/XrZsWZxxxhkxY8aMeq9ryJAhMXfu3Dof21Svz7XF8v9fufHGGxv8/4dnnnkm/vjHP9br2I8//jiOOOKIRv25P3Xq1Dj++OMbFIoCAAAAAABNk5APAAAAAACos2XLlmU1boMNNqj3OSorKyMi4tZbb633HMu7/PLL48EHH2yUuVbnu+++i1NOOSX+9a9/JXqe2pSUlMSpp54an3zySaPPnU6n4/e//32MGjWqzsfecsstcc899zT6miJ+2P3xnHPOiddffz2R+cmddDodlZWVcemll66wS2d9XHfddZFOpyMi4p577mnwTnjz58+P2267rU7HNNXrc21S/Ry+/vrrcd999zXKnA899FCdvx8mT54cgwcPju+//75R1rC8RYsWxZAhQ2LatGmNPjcAAAAAAJA7Qj4AAAAAAKDOvvvuu4xjWrRo0aCQLyLiiy++iHfeeadBc0RE3H333fHEE09kPT4/Pz86deoUW265ZfTs2TOKi4uzPnbx4sVx1llnZfU1SsKVV14ZEydOzGpsfn5+bLbZZtG/f//o2bNntGjRIuMx6XQ6Lrvsspg1a1bWaxo1alTcddddWY9v165dbLHFFtG3b9+sd38sLy+Piy++OGdfd5Lz2GOPNUr49u9//ztef/31+Oabb2LYsGGNsLKIxx9/PL755pusxzfF63NtVFpaGpdffnmjzVdVVRV/+tOfsh5fUlISv/71r2PBggVZjW/RokX07t07+vfvH926dYtUKvOv6efPnx8XXHBBTdQOAAAAAACs/QpyvQAAAAAAAGDt8/HHH2cc07FjxwafZ/jw4Q2e4+OPP85616wuXbrEkCFDYt9994127drV3J5Op2PcuHHxyCOPxLPPPptxnm+//TauueaauOWWW+q77Hp59dVXY8SIERnHbbrppjF06NDYb7/9Vogtly1bFm+99Vbccccdte5OtWjRorjuuuuyenzz58+Pq666Kpvlx8CBA+O0006Ln/70pzW3pdPp+Ne//hV33nlnvPrqq7Ue//3338fVV1+90vM9ePDgOOSQQ2r+PHfu3LjwwgtrnatDhw6rDXu6du2a6aHQSCorK1faybF79+6x4447RlFRUXz11VfxxhtvREVFRVbzjR49Ot58880VdhVNpVKx6667xuabbx5lZWUxfvz4rHdnq6ysjFGjRsVJJ52UcWxTvD7XVg8++GDMmTNnhdvat28fu+yyS3Tq1ClKS0vjiy++iLFjx9bs4JfJe++9F99++2106tQp49g77rgjvvrqq4zjdtxxxzjjjDNixx13jMLCwprbFyxYEC+88ELceeedMXv27NUe//HHH8fw4cPj2GOPzeoxAAAAAAAATZuQDwAAAAAAqJMvv/wypkyZknHc9ttv36DzVFZWxnPPPbfCbQUFBbHTTjtF9+7do7i4OEpLS2PGjBkxadKkVc6RTqfjyiuvzGpHo4MPPjh+//vfr3LXq7y8vNhuu+1iu+22iwMPPDDOPvvsFUKgVRk5cmQcd9xxscMOO2Q8d2OoqqqK66+/PuO4HXfcMe66665V7pbYrFmz2HvvvWO33XaL3/72t/Hkk0+udp4XX3wxJk2aFH379q31fMOGDctql7zzzjsvzjjjjJVuz8vLi/79+8fdd98dN954Y9x77721zvPSSy/FZ599Fn369Km5rVevXtGrV6+aP8+YMSPjepo3bx677rprxnEk6+WXX47FixdHxA/fn1dddVUcdthhkZeXVzNm2rRpMWTIkPjiiy8yzvfiiy+ucO327ds3brnllujevfsK40aPHh0XXnhhlJaWZpxz9OjRGUO+pnp9ro2qqqpW+DlQVFQUl1xySRx22GFRULDir7+nTp0aF198cYwbNy7jvOl0OkaOHBm//OUvax03Y8aMeOihhzLOd8opp8RFF120wvdqtTZt2sQxxxwT+++/f5x22mm17jh51113xRFHHBHNmjXLeE4AAAAAAKBpS+V6AQAAAAAAwNpl2LBhWY3bZZddGnSesWPHxrx582r+PHDgwHjttdfi/vvvj//6r/+Kc889Ny677LK4884745VXXlnlHKNHj46JEydmPNc+++wT119//Sojvh/be++944YbbsjqMWT7tWoMY8aMybhDVPv27eP2229fZSS0vMLCwrjmmmtW2Bnvx9LpdPz973+vdZ4FCxbEI488UuuYiIh99913lRHfj11wwQUxYMCAjOMeeOCBjGNYO1RHfHl5eXHzzTfH4YcfvlIYtemmm8Z9992X8fs64ofd6srKyiIiokePHvH3v/99pYgv4ofvyT/84Q9ZrTGbnzFN8fpcW6XT6Zrvi9atW8cjjzwSRx555EoRX0REt27d4oEHHogtt9wyq7nHjx+fccwDDzwQ5eXltY752c9+ttqIb3nt27ePv/zlL7U+57Nnz46XXnop47oAAAAAAICmT8gHAAAAAABkbcSIEfHMM89kHFdQUBA/+9nPGnSudDpd89/HHXdc3HbbbdGxY8c6zfHwww9nHFNUVBRXXXVV5OfnZz3vAQccEHvssUfGcW+99VbMmjUr63kb4rHHHss4ZvDgwdG2bdus5isoKIgzzzyz1jHPP/98rTsTjhgxIpYsWVLrHHl5eXH++edntaa8vLw466yzMo576aWXoqKiIqs5WTscfvjhse+++672/s6dO8fJJ5+c9Xx5eXnx5z//udaA6oADDshqZ9HFixfH119/XeuYpnh9rgtuvPHGFXbfXJUWLVrEddddlzGqi4j49NNPa72/vLw8q/8Hnn/++VmdL+KH790jjzyy1jFPP/10VnMBAAAAAABNm5APAAAAAADIqKKiIu6777646KKLshq/zz771Dm6W51+/frF5ZdfXufjZs2aFe+9917GcUcddVRstNFGdZ7/9NNPzzimqqoqRo8eXee562rx4sXx9ttvZxx3wAEH1Gnen/3sZ7XuUlhSUhIffPDBau8fOXJkxnPstNNO0bNnz6zXtPPOO0ebNm1qHVNSUhIff/xx1nPStOXn58fQoUMzjjvssMOynnP//fePfv36ZRx3+OGHZzXfjBkzVntfU70+13b/8R//EXvuuWdWY/v06ZNVXD59+vRa73/nnXdi4cKFtY7p2rVrbLXVVlmtq9o+++xT6/3vv/9+lJaW1mlOAAAAAACg6SnI9QIAAAAAAICmp7y8PBYsWBAzZsyId999N5544omYNm1aVsemUqmMO0XVxXnnnVen3fKqvfHGGyvs6rc6dY1nqm233XbRoUOHmDt3bq3jxo0bF8cdd1y9zpGtcePGRXl5ea1jOnbsGJ07d67TvM2aNYtevXrFhAkTVjtm7Nixseuuu650++LFi+Of//xnxnPstttudVpTXl5e3HzzzTF//vxax3Xo0KFO89J0DRgwILp06ZJxXJcuXWKTTTbJuDteRMSgQYOyOveOO+6Y1bjFixev9r6meH2uC0466aQ6jd99993jzTffrHVMZWVllJaWRqtWrVZ5/9ixYzOep3///nVaV0RkjEqXLVsW48ePj1122aXOcwMAAAAAAE2HkA8AAAAAANYjO+ywQ+LnOPHEE6NPnz6NMlfHjh3rHHpV+/DDDzOOadu2bb2ii4gfgsWdd945nnvuuVrHjR8/vl7z10VtIU+1du3a1Wvutm3b1nr/559/vsrbJ0yYEBUVFRnnr8/3ZDY7a7Hu2GuvvbIe26tXr4whX0FBQdbfQ127do2WLVvGkiVLah1XUlKy2vua4vW5tuvYsWPstNNOdTpmiy22yGrcokWLVhvyZfNcbrjhhnVaV0REq1atolmzZrFs2bLVjvn888+FfAAAAAAAsJYT8gEAAAAAAI1m6623jvPPP7/R5ttjjz0ilUrV69hJkyZlHNO7d+96zV2te/fuGcdMmzYt5s+fnzG4aYipU6dmHPP55583WmC5vMmTJ6/y9my+/hER3bp1a8zlsA7KNsCKiKx2tevevXs0b9486zk7deoUX331Va1jattxrylen2u7bbbZJvLy8up0zKabbprVuIY+lw899FA89NBDWa8rW+vqcwkAAAAAAOuT+v3mGwAAAAAA4Ec233zzuOuuu+oUyGTSt2/feh87bdq0jGN69OhR7/nrcvzs2bMbdJ5Mvvnmm0Tnr8306dNj6dKlK90+c+bMjMcWFRXVeycy1h/ZBLPVioqKMo7ZZJNN6nT+bOasTVO8Ptd2m2++eZ2Pad26dYPOWVVVFbNmzWrQHA0h5AMAAAAAgLWfkA8AAAAAAGiw3XffPR5++OFo3759o85b39CutLQ0Fi9enHFcmzZt6jV/teLi4qzGLVy4sEHnyWT+/PmJzl+bqqqqmDt37kq3ZxMvNjSsYf2wwQYbZD22ZcuWjTpftnPWpilen2u7+vzsbujzuHjx4qioqGjQHA0xZ86cnJ0bAAAAAABoHAW5XgAAAAAAALD2atu2bZx77rlx9NFHR15eXiLz10dpaWlW41q1alWv+et6fNIhT6533CopKVnptmyegxYtWiSxHNYxddkRL5ufQ82aNavT+Rv6s60pXp9ru7rGmBERqVTDPuPW8wgAAAAAADSUkA8AAAAAAKizrl27xlFHHRVHH3101rvS1Ud9Q7tly5ZlNa6hIVnz5s2zGpd0gFFZWZno/JmsavfDbJ6DwsLCJJbDOiaJSHhNaorX59ouF98TuX4ehXwAAAAAALD2E/IBAAAAAACrlJeXF82bN4+ioqLo1KlTdO3aNfr37x877bRTbLXVVmtkDXXdOauuxy1ZsqRe81fLdoempIO1XAdxqwqF8vPzMx5XVlaWxHKgSWmK1yd1l+vnsby8PJYuXWonUwAAAAAAWIsJ+QAAAAAAYD0yduzYaN26da6XkbiioqKsxjV0h6Nsj892PfXVsmXLjGP23HPPuOeeexJdx/KyiU0aGlLC2qApXp/UXTbPY0TEhRdeGIMHD054NQAAAAAAwNoolesFAAAAAAAANLaWLVtmFSzOnz+/Qef5/vvvsxrXqVOnBp0nkw4dOmQcU1pamugafiybNS1YsCDS6fQaWA3kTlO8Pqm7oqKirGI+zyUAAAAAALA6Qj4AAAAAAGCd1LVr14xjvvjiiwadI5vj8/LyokuXLg06TybZhIJz585NdA0/1rlz54xjysrK4ttvv10Dq4HcaYrXJ/Wz8cYbZxzjuQQAAAAAAFZHyAcAAAAAAKyTttxyy4xjJk+eHFVVVfU+x+eff55xTLdu3WKDDTao9zmy0atXr4xjZsyYEZWVlYmuY3m9e/fOatxXX32V8Eogt5ri9Un9ZPNzbcqUKckvBAAAAAAAWCsJ+QAAAAAAgHXS9ttvn3FMSUlJfPDBB/Waf8mSJfH+++9nHDdgwIB6zV8X/fr1yzimvLw8Jk6cmPhaqv30pz/Naty7775b57lvvvnmGDBgQK3/XHPNNXWeF5LQFK9P6ieb53LixIlRUVGxBlYDAAAAAACsbYR8AAAAAADAOmmPPfaIVCrzr0Kee+65es3/2muvxZIlSzKO22uvveo1f11svfXW0apVq4zjXnvttcTXUm3jjTeOHj16ZBz3+uuv13nu999/PxYtWlTrP3369KnPsms0ZKdGWF5TvD6pn1122SXjmEWLFsWHH364BlYDAAAAAACsbQpyvQAAAAAAAIAkbLjhhrH77rtnDMWefvrpOP3006NLly5Zz11ZWRl33nlnxnFt27aNPffcM+t566uwsDB23333eOmll2odN3z48DjttNOiRYsWWc27ZMmSOP7446OoqCjat28fG264YWy44YbRvn37aN++fbRr1y46d+682q/d/vvvH3fffXet55g0aVK89957sdNOO2W1punTp8e4ceMyjtthhx2ymm91Fi5c2KDjoVpTvT6pu/79+0eHDh1i7ty5tY777//+76x/pkVEjBs3Ln73u9+t8Bz++Pns2rVrtGvXrqEPAQAAAAAAyCEhHwAAAAAAsM467rjjMoZ8ZWVl8bvf/S7uuuuurHbwi4i477774vPPP8847sgjj4xmzZplNWdDHX744RlDoTlz5sSdd94Z559/flZzPvLIIzFhwoRaxwwdOjTOOeecVd532GGHxT333JNxd7s///nP8fe//z0KCwszrummm26KdDpd65gddtghunfvvtr78/LyMp6npKQkpk+fHl27ds04FjJpitcndZefnx+/+MUv4q9//Wut48aMGRNvvPFG7L777lnNO2zYsJg4cWKtYx544IGsdgQEAAAAAACarux+Gw0AAAAAALAW2nPPPWPbbbfNOO61116Lyy+/PJYtW1bruHQ6HQ888EDcdNNNGecsLi6OU089Neu1NtTuu+8evXv3zjhu2LBh8cgjj2Qc98EHH8Stt95a65hWrVrFCSecsNr7u3XrFvvvv3/Gc40fPz6uvvrqqKysrHXcX/7yl3jhhRcyznfsscfWen/Lli0zzhER8cQTT2Q1DjJpitcn9XPCCSdkFR2fd955MX78+Izj7r///nj11VdrHbP11luL+AAAAAAAYB0g5AMAAAAAANZpV155ZRQUFGQc9+STT8ahhx4aI0eOjCVLlqxw35IlS2L06NFx7LHHxnXXXZfVeS+66KJo27ZtfZZcL6lUKs4999ysxl511VVx7rnnrjIymTp1alx77bXxy1/+MpYuXVrrPKeffnpsuOGGtY45//zzo3nz5hnX9Nhjj8UJJ5wQ77zzzgo77qXT6Rg/fnycfvrpcdttt2WcZ4cddogDDjig1jGtW7fOale+++67Lx577LGVdhScN29exmNheU31+qTuOnfuHMccc0zGcYsWLYrjjjsubrrpppgxY8ZK948dOzbOPPPMuP766zPOdckll9RrrQAAAAAAQNOS+bfWAAAAAAAAa7EtttgizjvvvPjTn/6UcewXX3wR5557bjRv3jw6d+4cxcXFMX/+/Jg1a1bG3fqWN3DgwDjyyCMbsux62XfffWPgwIHx0ksvZRw7cuTIGDlyZLRt2zY23njjiIj49ttvY8GCBVmdq1+/fnHKKadkHNetW7c499xzs4pVPvzwwzj55JOjdevW0blz5ygoKIiZM2fG/Pnzs1pT8+bN43e/+13GSK+goCB69OgRX375Za3jysvL44orroibbropunfvHhUVFTFr1qwoLS2NsWPHZrUmqNYUr0/q59xzz40xY8bEzJkzax1XXl4ew4YNi3vuuSc6dOgQG220UZSWlsa33367UjC+Oscee2xst912jbFsAAAAAAAgx4R8AAAAAADAOm/w4MExbdq0GD58eFbjy8rKYsqUKfU61/bbbx833HBDvY5tDNdee2188cUXGSO1avPnz886lKvWpk2buPXWW6NZs2ZZjT/llFPik08+ieeeey6r8QsXLoyFCxfWaU0FBQVx8803R48ePbIav+OOO2b9NZo3b94Ku/AVFxfXaW1QrSlen9RdUVFR3HHHHXHcccdFaWlpxvHpdDrmzJkTc+bMqdN5fvrTn8all15a32UCAAAAAABNTCrXCwAAAAAAAFgTrr766sR3qNp7773jr3/9a7Ro0SLR89SmuLg47r///qyDtrrq0KFDPPjgg7HpppvW6bjrr78+DjzwwETWVFhYGH/6059in332yfqYo48+OpG1QG2a6vVJ3fXr1y/uuuuuaNWqVSLzb7vttnH//fcLMgEAAAAAYB0i5AMAAAAAANYLeXl5cfHFF8dtt90W7du3b9S5W7ZsGRdddFHcdddd0bJly0aduz46deoUjzzySOy9996NOu+AAQPi0Ucfjb59+9b52IKCgrjpppviggsuiMLCwkZbU8+ePeMf//hHnSPBvn37xlFHHdVo64BsNcXrk/rZeeed49FHH230MPPII4+M+++/P1q3bt2o8wIAAAAAALkl5AMAAAAAANYrAwcOjBdffDFOPfXUKCoqatBchYWFcfjhh8cLL7wQp556auTl5TXSKhuubdu2cffdd8fNN98cXbt2bdBcm2yySVx55ZXx8MMPN2iuvLy8+NWvfhXPPPNM7LPPPg36enXo0CHOO++8ePLJJ6Nfv371muOKK66Ifffdt95rgPpqitcn9dOnT594+umn45xzzoni4uIGzdW/f/944IEH4pprrklspz8AAAAAACB3CnK9AAAAAAAAgDWtdevWcdFFF8WQIUNi5MiR8dJLL8VHH30UpaWlGY9t0aJF9O/fP/bdd9848MADo2PHjmtgxfV34IEHxs9//vN47bXX4oUXXog333wzvv/++4zHNW/ePHbaaac49NBDY+DAgZGfn99oa+rZs2fceeed8eWXX8YzzzwTY8aMiS+//DLS6XStxxUWFsb2228fBx10UBxyyCHRvHnzBq2jWbNmcccdd8Tjjz8e9957b0ydOrXW8fn5+dG3b99G30mN9VdTvD6pu+bNm8fQoUPjpJNOiueffz5eeuml+OCDD2Lp0qUZj23Xrl3sueeecdRRR8V22223BlYLAAAAAADkSl46029EAQAAAAAA1gOVlZXx73//O6ZOnRqzZs2KkpKSKC8vj2bNmkWrVq1i4403jp/85CfRs2fPKCwsbLTzvvfee3HiiSfWOqZLly7xyiuvNNo5p0+fHv/+97/jm2++iUWLFsWyZcuioKAgWrVqFR07dozNNtus0R9nJgsWLIjJkyfHjBkz4vvvv68JYFq2bBkdO3aMrl27Rt++faNZs2aJreHLL7+Mf/3rXzFv3rxYsmRJFBYWRlFRUXTo0CG6dOkSvXv3bnA8CJk0xeuTuquoqIgvv/wypk6dGrNnz47S0tIoLy+PwsLCKC4ujk6dOkWPHj1i0003bVK7uQIAAAAAAMkR8gEAAAAAAORQLkI+AAAAAAAAANasVK4XAAAAAAAAsD7zmYsAAAAAAAAA6z4hHwAAAAAAQA6VlZXlegkAAAAAAAAAJEzIBwAAAAAAkEPz5s3LOCY/P38NrAQAAAAAAACApAj5AAAAAAAAcmjixIkZxxQXF6+BlQAAAAAAAACQFCEfAAAAAABAjsyZMyeeffbZjOM22mijNbAaAAAAAAAAAJJSkOsFAAAAAAAArC9GjhwZxcXFsXTp0pg8eXI8+uijMX/+/IzHbbXVVskvDgAAAAAAAIDECPkAAAAAAADWkHPPPbdex+2+++6NuxAAAAAAAAAA1qhUrhcAAAAAAADA6m2xxRax9dZb53oZAAAAAAAAADSAkA8AAAAAAKCJSqVSccUVV+R6GQAAAAAAAAA0kJAPAAAAAACgCcrLy4tLL700BgwYkOulAAAAAAAAANBABbleAAAAAAAAACvq3LlzXHbZZbH//vvneikAAAAAAAAANAIhHwAAAAAAwBrSrVu3mDVrVixdurTmtlQqFa1bt4527drFlltuGbvvvnsceOCB0axZsxyuFAAAAAAAAIDGlJdOp9O5XgQAAAAAAAAAAAAAAAAArKtSuV4AAAAAAAAAAAAAAAAAAKzLhHwAAAAAAAAAAAAAAAAAkCAhHwAAAAAAAAAAAAAAAAAkSMgHAAAAAAAAAAAAAAAAAAkS8gEAAAAAAAAAAAAAAABAgoR8AAAAAAAAAAAAAAAAAJAgIR8AAAAAAAAAAAAAAAAAJEjIBwAAAAAAAAAAAAAAAAAJEvIBAAAAAAAAAAAAAAAAQIKEfAAAAAAAAAAAAAAAAACQICEfAAAAAAAAAAAAAAAAACRIyAcAAAAAAAAAAAAAAAAACRLyAQAAAAAAAAAAAAAAAECChHwAAAAAAAAAAAAAAAAAkCAhHwAAAAAAAAAAAAAAAAAkSMgHAAAAAAAAAAAAAAAAAAkS8gEAAAAAAAAAAAAAAABAgoR8AAAAAAAAAAAAAAAAAJAgIR8AAAAAAAAAAAAAAAAAJEjIBwAAAAAAAAAAAAAAAAAJEvIBAAAAAAAAAAAAAAAAQIKEfAAAAAAAAAAAAAAAAACQICEfAAAAAAAAAAAAAAAAACRIyAcAAAAAAAAAAAAAAAAACRLyAQAAAAAAAAAAAAAAAECChHwAAAAAAAAAAAAAAAAAkCAhHwAAAAAAAAAAAAAAAAAkSMgHAAAAAAAAAAAAAAAAAAkS8gEAAAAAAAAAAAAAAABAgoR8AAAAAAAAAAAAAAAAAJAgIR8AAAAAAAAAAAAAAAAAJEjIBwAAAAAAAAAAAAAAAAAJEvIBAAAAAAAAAAAAAAAAQIKEfAAAAAAAAAAAAAAAAACQICEfAAAAAAAAAAAAAAAAACRIyAcAAAAAAAAAAAAAAAAACRLyAQAAAAAAAAAAAAAAAECChHwAAAAAAAAAAAAAAAAAkCAhHwAAAAAAAAAAAAAAAAAkSMgHAAAAAAAAAAAAAAAAAAkS8gEAAAAAAAAAAAAAAABAgoR8AAAAAAAAAAAAAAAAAJAgIR8AAAAAAAAAAAAAAAAAJEjIBwAAAAAAAAAAAAAAAAAJEvIBAAAAAAAAAAAAAAAAQIKEfAAAAAAAAAAAAAAAAACQICEfAAAAAAAAAAAAAAAAACRIyAcAAAAAAAAAAAAAAAAACRLyAQAAAAAAAAAAAAAAAECChHwAAAAAAAAAAAAAAAAAkCAhHwAAAAAAAAAAAAAAAAAkSMgHAAAAAAAAAAAAAAAAAAkS8gEAAAAAAAAAAAAAAABAgoR8AAAAAAAAAAAAAAAAAJAgIR8AAAAAAAAAAAAAAAAAJEjIBwAAAAAAAAAAAAAAAAAJEvIBAAAAAAAAAAAAAAAAQIKEfAAAAAAAAAAAAAAAAACQICEfAAAAAAAAAAAAAAAAACRIyAcAAAAAAAAAAAAAAAAACRLyAQAAAAAAAAAAAAAAAECChHwAAAAAAAAAAAAAAAAAkCAhHwAAAAAAAAAAAAAAAAAkSMgHAAAAAAAAAAAAAAAAAAkS8gEAAAAAAAAAAAAAAABAgoR8AAAAAAAAAAAAAAAAAJAgIR8AAAAAAAAAAAAAAAAAJKggVyeeM2dRrk4NAAAAAAAAAAAAAAAAwHqoY8finJzXjnwAAAAAAAAAAAAAAAAAkCAhHwAAAAAAAAAAAAAAAAAkSMgHAAAAAAAAAAAAAAAAAAkS8gEAAAAAAAAAAAAAAABAgoR8AAAAAAAAAAAAAAAAAJAgIR8AAAAAAAAAAAAAAAAAJEjIBwAAAAAAAAAAAAAAAAAJEvIBAAAAAAAAAAAAAAAAQIKEfAAAAAAAAAAAAAAAAACQICEfAAAAAAAAAAAAAAAAACRIyAcAAAAAAAAAAAAAAAAACRLyAQAAAAAAAAAAAAAAAECChHwAAAAAAAAAAAAAAAAAkCAhHwAAAAAAAAAAAAAAAAAkSMgHAAAAAAAAAAAAAAAAAAkS8gEAAAAAAAAAAAAAAABAgoR8AAAAAAAAAAAAAAAAAJAgIR8AAAAAAAAAAAAAAAAAJEjIBwAAAAAAAAAAAAAAAAAJEvIBAAAAAAAAAAAAAAAAQIKEfAAAAAAAAAAAAAAAAACQICEfAAAAAAAAAAAAAAAAACRIyAcAAAAAAAAAAAAAAAAACRLyAQAAAAAAAAAAAAAAAECChHwAAAAAAAAAAAAAAAAAkCAhHwAAAAAAAAAAAAAAAAAkSMgHAAAAAAAAAAAAAAAAAAkS8gEAAAAAAAAAAAAAAABAgoR8AAAAAAAAAAAAAAAAAJAgIR8AAAAAAAAAAAAAAAAAJEjIBwAAAAAAAAAAAAAAAAAJEvIBAAAAAAAAAAAAAAAAQIKEfAAAAAAAAAAAAAAAAACQICEfAAAAAAAAAAAAAAAAACRIyAcAAAAAAAAAAAAAAAAACRLyAQAAAAAAAAAAAAAAAECChHwAAAAAAAAAAAAAAAAAkCAhHwAAAAAAAAAAAAAAAAAkSMgHAAAAAAAAAAAAAAAAAAkS8gEAAAAAAAAAAAAAAABAgoR8AAAAAAAAAAAAAAAAAJAgIR8AAAAAAAAAAAAAAAAAJEjIBwAAAAAAAAAAAAAAAAAJEvIBAAAAAAAAAAAAAAAAQIKEfAAAAAAAAAAAAAAAAACQICEfAAAAAAAAAAAAAAAAACRIyAcAAAAAAAAAAAAAAAAACRLyAQAAAAAAAAAAAAAAAECChHwAAAAAAAAAAAAAAAAAkCAhHwAAAAAAAAAAAAAAAAAkSMgHAAAAAAAAAAAAAAAAAAkS8gEAAAAAAAAAAAAAAABAgoR8AAAAAAAAAAAAAAAAAJAgIR8AAAAAAAAAAAAAAAAAJEjIBwAAAAAAAAAAAAAAAAAJEvIBAAAAAAAAAAAAAAAAQIKEfAAAAAAAAAAAAAAAAACQICEfAAAAAAAAAAAAAAAAACRIyAcAAAAAAAAAAAAAAAAACRLyAQAAAAAAAAAAAAAAAECChHwAAAAAAAAAAAAAAAAAkCAhHwAAAAAAAAAAAAAAAAAkSMgHAAAAAAAAAAAAAAAAAAkS8gEAAAAAAAAAAAAAAABAgoR8AAAAAAAAAAAAAAAAAJAgIR8AAAAAAAAAAAAAAAAAJEjIBwAAAAAAAAAAAAAAAAAJEvIBAAAAAAAAAAAAAAAAQIKEfAAAAAAAAAAAAAAAAACQICEfAAAAAAAAAAAAAAAAACRIyAcAAAAAAAAAAAAAAAAACRLyAQAAAAAAAAAAAAAAAECChHwAAAAAAAAAAAAAAAAAkCAhHwAAAAAAAAAAAAAAAAAkSMgHAAAAAAAAAAAAAAAAAAkS8gEAAAAAAAAAAAAAAABAgoR8AAAAAAAAAAAAAAAAAJAgIR8AAAAAAAAAAAAAAAAAJEjIBwAAAAAAAAAAAAAAAAAJEvIBAAAAAAAAAAAAAAAAQIKEfAAAAAAAAAAAAAAAAACQICEfAAAAAAAAAAAAAAAAACRIyAcAAAAAAAAAAAAAAAAACRLyAQAAAAAAAAAAAAAAAECChHwAAAAAAAAAAAAAAAAAkCAhHwAAAAAAAAAAAAAAAAAkSMgHAAAAAAAAAAAAAAAAAAkS8gEAAAAAAAAAAAAAAABAgoR8AAAAAAAAAAAAAAAAAJAgIR8AAAAAAAAAAAAAAAAAJEjIBwAAAAAAAAAAAAAAAAAJEvIBAAAAAAAAAAAAAAAAQIKEfAAAAAAAAAAAAAAAAACQICEfAAAAAAAAAAAAAAAAACRIyAcAAAAAAAAAAAAAAAAACRLyAQAAAAAAAAAAAAAAAECChHwAAAAAAAAAAAAAAAAAkCAhHwAAAAAAAAAAAAAAAAAkSMgHAAAAAAAAAAAAAAAAAAkS8gEAAAAAAAAAAAAAAABAgoR8AAAAAAAAAAAAAAAAAJAgIR8AAAAAAAAAAAAAAAAAJEjIBwAAAAAAAAAAAAAAAAAJEvIBAAAAAAAAAAAAAAAAQIKEfAAAAAAAAAAAAAAAAACQICEfAAAAAAAAAAAAAAAAACRIyAcAAAAAAAAAAAAAAAAACRLyAQAAAAAAAAAAAAAAAECChHwAAAAAAAAAAAAAAAAAkCAhHwAAAAAAAAAAAAAAAAAkSMgHAAAAAAAAAAAAAAAAAAkS8gEAAAAAAAAAAAAAAABAgoR8AAAAAAAAAAAAAAAAAJAgIR8AAAAAAAAAAAAAAAAAJEjIBwAAAAAAAAAAAAAAAAAJEvIBAAAAAAAAAAAAAAAAQIKEfAAAAAAAAAAAAAAAAACQICEfAAAAAAAAAAAAAAAAACRIyAcAAAAAAAAAAAAAAAAACRLyAQAAAAAAAAAAAAAAAECChHwAAAAAAAAAAAAAAAAAkCAhHwAAAAAAAAAAAAAAAAAkSMgHAAAAAAAAAAAAAAAAAAkS8gEAAAAAAAAAAAAAAABAgoR8AAAAAAAAAAAAAAAAAJAgIR8AAAAAAAAAAAAAAAAAJEjIBwAAAAAAAAAAAAAAAAAJEvIBAAAAAAAAAAAAAAAAQIKEfAAAAAAAAAAAAAAAAACQICEfAAAAAAAAAAAAAAAAACRIyAcAAAAAAAAAAAAAAAAACRLyAQAAAAAAAAAAAAAAAECChHwAAAAAAAAAAAAAAAAAkCAhHwAAAAAAAAAAAAAAAAAkSMgHAAAAAAAAAAAAAAAAAAkS8gEAAAAAAAAAAAAAAABAgoR8AAAAAAAAAAAAAAAAAJAgIR8AAAAAAAAAAAAAAAAAJEjIBwAAAAAAAAAAAAAAAAAJEvIBAAAAAAAAAAAAAAAAQIKEfAAAAAAAAAAAAAAAAACQICEfAAAAAAAAAAAAAAAAACRIyAcAAAAAAAAAAAAAAAAACRLyAQAAAAAAAAAAAAAAAECChHwAAAAAAAAAAAAAAAAAkCAhHwAAAAAAAAAAAAAAAAAkSMgHAAAAAAAAAAAAAAAAAAkS8gEAAAAAAAAAAAAAAABAgoR8AAAAAAAAAAAAAAAAAJAgIR8AAAAAAAAAAAAAAAAAJEjIBwAAAAAAAAAAAAAAAAAJEvIBAAAAAAAAAAAAAAAAQIKEfAAAAAAAAAAAAAAAAACQICEfAAAAAAAAAAAAAAAAACRIyAcAAAAAAAAAAAAAAAAACRLyAQAAAAAAAAAAAAAAAECChHwAAAAAAAAAAAAAAAAAkCAhHwAAAAAAAAAAAAAAAAAkSMgHAAAAAAAAAAAAAAAAAAkS8gEAAAAAAAAAAAAAAABAgoR8AAAAAAAAAAAAAAAAAJAgIR8AAAAAAAAAAAAAAAAAJEjIBwAAAAAAAAAAAAAAAAAJEvIBAAAAAAAAAAAAAAAAQIKEfAAAAAAAAAAAAAAAAACQICEfAAAAAAAAAAAAAAAAACRIyAcAAAAAAAAAAAAAAAAACRLyAQAAAAAAAAAAAAAAAECChHwAAAAAAAAAAAAAAAAAkCAhHwAAAAAAAAAAAAAAAAAkSMgHAAAAAAAAAAAAAAAAAAkS8gEAAAAAAAAAAAAAAABAgoR8AAAAAAAAAAAAAAAAAJAgIR8AAAAAAAAAAAAAAAAAJEjIBwAAAAAAAAAAAAAAAAAJEvIBAAAAAAAAAAAAAAAAQIKEfAAAAAAAAAAAAAAAAACQICEfAAAAAAAAAAAAAAAAACRIyAcAAAAAAAAAAAAAAAAACRLyAQAAAAAAAAAAAAAAAECChHwAAAAAAAAAAAAAAAAAkCAhHwAAAAAAAAAAAAAAAAAkSMgHAAAAAAAAAAAAAAAAAAkS8gEAAAAAAAAAAAAAAABAgoR8AAAAAAAAAAAAAAAAAJAgIR8AAAAAAAAAAAAAAAAAJEjIBwAAAAAAAAAAAAAAAAAJEvIBAAAAAAAAAAAAAAAAQIKEfAAAAAAAAAAAAAAAAACQICEfAAAAAAAAAAAAAAAAACRIyAcAAAAAAAAAAAAAAAAACRLyAQAAAAAAAAAAAAAAAECChHwAAAAAAAAAAAAAAAAAkCAhHwAAAAAAAAAAAAAAAAAkSMgHAAAAAAAAAAAAAAAAAAkS8gEAAAAAAAAAAAAAAABAgoR8AAAAAAAAAAAAAAAAAJAgIR8AAAAAAAAAAAAAAAAAJEjIBwAAAAAAAAAAAAAAAAAJEvIBAAAAAAAAAAAAAAAAQIKEfAAAAAAAAAAAAAAAAACQICEfAAAAAAAAAAAAAAAAACRIyAcAAAAAAAAAAAAAAAAACRLyAQAAAAAAAAAAAAAAAECChHwAAAAAAAAAAAAAAAAAkCAhHwAAAAAAAAAAAAAAAAAkSMgHAAAAAAAAAAAAAAAAAAkS8gEAAAAAAAAAAAAAAABAgoR8AAAAAAAAAAAAAAAAAJAgIR8AAAAAAAAAAAAAAAAAJEjIBwAAAAAAAAAAAAAAAAAJEvIBAAAAAAAAAAAAAAAAQIKEfAAAAAAAAAAAAAAAAACQICEfAAAAAAAAAAAAAAAAACRIyAcAAAAAAAAAAAAAAAAACRLyAQAAAAAAAAAAAAAAAECChHwAAAAAAAAAAAAAAAAAkCAhHwAAAAAAAAAAAAAAAAAkSMgHAAAAAAAAAAAAAAAAAAkS8gEAAAAAAAAAAAAAAABAgoR8AAAAAAAAAAAAAAAAAJAgIR8AAAAAAAAAAAAAAAAAJEjIBwAAAAAAAAAAAAAAAAAJEvIBAAAAAAAAAAAAAAAAQIKEfAAAAAAAAAAAAAAAAACQICEfAAAAAAAAAAAAAAAAACRIyAcAAAAAAAAAAAAAAAAACRLyAQAAAAAAAAAAAAAAAECChHwAAAAAAAAAAAAAAAAAkCAhHwAAAAAAAAAAAAAAAAAkSMgHAAAAAAAAAAAAAAAAAAkS8gEAAAAAAAAAAAAAAABAgoR8AAAAAAAAAAAAAAAAAJAgIR8AAAAAAAAAAAAAAAAAJEjIBwAAAAAAAAAAAAAAAAAJEvIBAAAAAAAAAAAAAAAAQIKEfAAAAAAAAAAAAAAAAACQICEfAAAAAAAAAAAAAAAAACRIyAcAAAAAAAAAAAAAAAAJS6fTuV4CkENCPgAAAAAAAAAAAAAAAGgkPw72qv+cl5eXi+UATURBrhcAAAAAAAAAAAAAAAAAa4N0Ol1rkFdVVRWp1A/7bk2Z8lXMnDkj3n337SgvXxYbbtg++vffJvr12zJat26T1XzAukPIBwAAAAAAAAAAAAAAABlUR3rLx3qruj8iYuTI5+Kxxx6JqVOnxLJly1YYt8cee8Uuu+wWBx30i8jLyxPzwXoiL/3j/TrXkDlzFuXitAAAAAAAAABNljdrAAAAAAA0Tddee1W0bdsuzjjjrMjPz18p5lv+9d1//OORuP32m2ruqx5fUFAQ5eXlERFRVLRBHHzwoDjzzHNWOh5IVseOxTk5rx35AAAAAAAAAJqA6jd9TJ8+LZYsKY3NN++b6yUBAAAAABARF154Trz77tvRqVPnKCoqihNO+OVKMV91hPf888/WRHypVCrS6XRUVVVFOp2OioqKmh39SktL4tFHH45FixbGJZf8l535YD2w8j6eAAAAAAAAAKxR1W/2GD/+n3HssYfHAw/8NT7/fFKulwUAAAAAsN67+OLz4t13345UKhXffvtNjBjxdDz00N+isrKyJsqr9u9/fxn/+McjERFRWNis5r50Ol0T/FXHetX/PP/8s/GHP1wdEVET8wHrJjvyAQAAAAAAAORQdcT3r3+Nj/POOzMiIt5447Vo2bJFHHnkcdGnj535AAAAAABy4fTTfxkTJ06IwsLCmihv9uxZMWLE0xERNTvzVVRUREFBQUybNiWmT58a+fn5UV6+LCIiWrZsGVVV6aisrIjy8vLIz8+PdDq9wu57I0c+FxERl112pZ35YB0m5AMAAAAAAADIoVQqFR999EH85jdnR3l5eTRv3jzKyspi1KgXIyLEfAAAAAAAOdKx40YREVFZWRl5eXk1O/DNnj0rnn32qYj4IeYrKCiIqqqqeOWV0VFeXl5z/AUXXBw9e/aODTYojkmTJsZTTz0en376SaRSqRV25osQ88H6IJXrBQAAq7b8ttjL/4UeAAAAAIB1S0VFRTz88H9HeXl5NGvWrOYTmSMiRo16Mf7xj7/HZ59NyvEqAQAAAADWH9W77/3+99fHwQcPiqqqqqiqqqqJ+SIi5syZHSNGPB0PPfS3qKioiFQqFZWVFRERkZeXF9ddd2MMGnRE/PSnW0f37j3igAMOijvvvC/22mufmkCv+jzVQd/Ikc/FH/5wdc1ty7+fGFj7CfkAoAla/hM0xo59N1588fmYO3fOCvdX/8W9rGxpTtYIAAAAAEDDVL/OW1BQEGeddU5ss812sWzZspr7xHwAAAAAALnxQ5RXGRERF110eRx00KCa9+8uH/PNnj0rRox4Oh588P6IiGjXbsOIiNhrr31ip512jaqqqpoYr6KiIgoKCuKqq66NQYOOiOLi1hEh5oP1iZAPAJqg5SO+xx57NG644dp46KG/xdy5c2vuT6VSMWHCx3H77bfE5Mmf53K5AAAAAADUQfWbLpb/1OaWLVvFL395Wmy+ed+aN3ZUVlaK+QAAAAAAciQ/P78m5rv44tpjvmeffSoeeuhv0bHjRhER0b59hygsLIxUKlXzvuCCgoKa133PPvv8+M//PCQ22KA4IsR8sL4oyPUCAIBV+/77efHiiy/EO++8FRERTz75WKRS+XH00cfFxht3igkTPo4hQ06NiIj8/FQccshh0bNnr1wuGQAAAACADKqqqiKVSsXMmTPio48+iNGjR8X06VMjnU5H69ata974Uf3Gjuqd+SorK2PUqBcjIuLII4+LPn365uwxAAAAAACsL6pfn83Pz4+LL748IiKee+7pmtd6U6lUVFVVxXffzY0XX3w+fvKTrhER0apVq4j4v9eEVzXfkCG/jnQ6Hc8//2wsXryoZmz168MjRz4XERGXXXZlTcxXfR+wdhLyAUATlUqlYsmSJRER0aJFy1i6dEk8/vij0bJly+jbt1/89reXRMQPb+Z49tmnYuHChXH22RdEu3btcrlsAAAAAABWo/pNGJ9++knceOMfY+bMGVFSsrjm/rlz59T8dzqdrvl0ZjEfAAAAAEDuZBvzTZs2NUpLSyMi4qOPPoiFCxdE69Ztap1v6NCzIyKyjvl+HAYCaxchHwA0UW3atI1Bgw6PN954LZYuXRKFhYVRXl4eDz30t5q/8Ldo0SKWLl0aFRUV0aNHLxEfAAAAAEATlU6nI5VKxSefTIgLLvh1lJQsjvz8/Jr7d9hh5+jQoUO0bdsuZsyYHmPHvhtLly6NiKj5pGUxHwAAAABAbtRlZ76IiG+//SZmzfo2WrduU3Pc6ubLJub74bxXiPhgLZeXTqfTuTjxnDmLcnFaAFjr3HzzDfHkk49FRNT8JT8vLy/y8/OjoqIiIiIGDz4jTjrp1IgI22YDAAAAADRRU6Z8FZdcckHMnDk9CgubRXn5soiIOPnkwXHCCb+MZs2aRcQPO/d9+eUXcf/9w2LixE9i3rzvat6ckZeXF5WVlRERsd9+P4+jjhLzAQAAAACsKctHeTfccG2MGPF05OXlRSqVisrKysjLy6vZOa9//23i1lvvioKCglXGfMvPl06n4847b4vnn382Fi1aGBFR87pwfn5BlJcvi1/84vD4zW8uWXMPFtZhHTsW5+S8UlwAaOK23Xb7aNGiRc1f6iN+iPWq36hx9NHH10R8FRUVIj4AAAAAgCYmnU5HeXl5vPDCszF79reRSqWioqI8IiIOOeTQOPXU06NZs2ax/Gew9u69eVxwwaVx7LEnRNeum67w+nD1mz1efvnFGD787/HZZ5PW/IMCAAAAAFgPVe+kFxFx0UWXx8EHD4p0Oh1VVVUrhHr5+fnx8cf/jJtvviEqKipWOG5V8+Xl5cXQoWfHf/7nIVFc3Doi4v+f84eIr7i4dfziF4etmQcJJEbIBwBNVPWbMvbaa5/Yeutta97A8eNQL5VKxbx530VVVVUUFBSs8XUCAAAAAFC7vLy8KC8vj/fffy/Ky8sjnU7XvNa71Vb9I51Or3BbKpWKdDodHTp0iIMO+kWceOIpsdlm3cV8AAAAAABNQG0xX/Xru9Wv544ZMyr+8pdb6xXz5efn10R8f/nLvdG79+Zr9HECjU/IBwBN3GefTYoPPxxb8+cfB33/8z8PxoMP3h/z5n2Xk/UBAAAAAJDZxIkT4quvvoxUKlXz+m7z5s2jT5++K32AW8T/vQZcVLRB7LHH3vH//t8xsckmXaKqqmqlT3cW8wEAAAAAJKM6yKtW/T7eTDFftZKSkhg58rk6x3wHHzwoKisro6hog7jjjnuie/ceCT5KYE2xbQ8ANFGpVComTfo0TjvtxIj44Q0dZWVlNZ/UEfF/f2l/4ol/REReHH/8SdGhQ8ccrhoAAAAAgFUpKyureQNH9b/Lyspi/Ph/Ro8evVbYke/HWrVqFXvttU98++038dhjj8ayZWUrxHyVlZXx8ssvRkTEUUcdF3369F2TDw0AAAAAYJ1T/Zrt8lFeRKzwOu4PO+aVR2FhYVx00eURETFixNMr7cxXUrI4Ro58LiIizjzznCgoKIjKysqaD2tbfr7q288446woLCyM/fb7eXTrtlmyDxZYY4R8ANCEpVJ50bp161i4cGGUlZVFRETbtu1i3rzvIi8vL9Lp9HIx3/CICDEfAAAAAEAT1KZN2ygsLIyKioqI+L9PbZ44cUIceugRNW/qWF3M17p16zj44EHx+uuvxLRpU2vGV7+pQ8wHAAAAANAwy++mt3Tp0pg5c0aMHv1SfP31zFiypDSWLSuPrbfeJrbaqn9st92AKCgoqHndt6CgYJUxX/WHu9Un5hs8+Iw1+wUAEpeXrv4N0Ro2Z86iXJwWANY6kyd/FpdcckHMnj0rTj55cGy1Vf+4++7b44svJkdeXl7NP9XbbB9++FFiPgAAAACAJubzzyfFWWedHkuWlNa8EaSqqioiIi6++PI46KBBERGrjfmqb3/99VfjyisvrTm2WiqVqnmd+IADDoqTTjo1unT5SYKPCAAAAABg3bF8xPf222/Ga6+NiddeeyWWLCmNiKgJ8qr/veee/xEHHnhw7LrrbhERK0R5N9xwbYwY8XTNjn7VO/NFRBQVbRAHHHBQrTEfkLyOHYtzct5U5iEAQC717t0nrrnmj3HOORfEqaeeHtttNyCOP/7k6NWrd6TT6Zp/qv8S/8QTw+Phh/875s6dk+OVAwAAAABQbfPN+8bOO+8aET+8ISSdTkcqlYq8vLx4/vkR8dFHH0RERF5eXqzqs1irb99kky5RWFgY6XQ6mjdvURP4Lf868ciRz8VTTz0ey5YtW3MPEAAAAABgLbV8xPfMM0/Gddf9LkaNGhlLlpRGQUFBzYevVY+JiJg69atYuHBBzeu51TvpRURcdNHlcfDBg2oCvuqgLyJqdub7y19ujYqKihWOA9Z9Qj4AaCJ+/OnJ1X+uqqqKfv22iiOOODoiIgoLC2O33faIE088pd4xX1nZ0gQfCQAAAAAAy6t+I8e2224fhYWFK3y6cjqdjokTJ8QzzzwRkyZNjIjaY77evTePjTfuFPn5+bHvvgOjb98tal5PXv514uHD/x6jR7+U9EMDAAAAAFirVX/oWkTEY489GjfeeF3Mn/99ze2VlZU1H6hWVVUVVVVV0aNHzxj0/7F3n+FRlVsbx/97z0wmFZIQem+K2AtKU1CQrnhEERUFBQtiwY4I9nJsRwTFCioCUkRAkSaKCIICgkBo0ksgEEqAtOnvh7x7M0NCUSExcP+uywsys8vsfDjnmcW6n3XdDVx9dRs75AcK84nIsSnIJyIiUsysZgxrcR4MBvF4PPbP1p/hTRtudzSNGzc9Zphv5Mjh7N692z7Paub45puJzJ7948l/OBEREREREREREZHTQHj91vp7+GtWI0ebNu2pWbM2gUAA0zTtRpBgMMjs2bMYP34sK1ak2uccvgEcwJo1q8nM3EcgEMDhcHDrrd2oXr1mRJjP6XQCMHToh2zYsO7kPLSIiIiIiIiIiIjIKcCq306Z8i2DBr0FgNvttkN7hmEQFRVl12Br1apDx46duO66TjgcjgJ13L8a5nv//cF2mE9ETn3O4v4AIiIipzNrFHda2jYWLVrAzz//xL59e8nJyaF+/bNp0OAyWrRoRVRUlN20YS3grTAfwPDhw1i3bq19XetLwFdfjcbn83HNNddx5pn1ME2TyZMnMmjQW1SuXIVQKETz5i2K5dlFRERERERERERESjprF2ar0cP6GSjwWiAQICYmhieffJq+fR8lI2NXRJgvEAjw/ffTyMrK4tpr/0OjRk3skJ9VFwZYunQx+/fvByAxMZHmzVvg9Xr5/POhbNmy2b6XaZocOLCfnTvTqVWrTsRnExEREREREREREZFDliz5nc8/HwpAVFQUHo8HgPvue4hatWpTrlx5UlOX8ccfv1O7dl06drzeDvGF128tDocDv9+P0+nkiSeeBuDbbyfax1u137y8XMaOHYXL5eLee+8vugcWkWKjIJ+IiEgxsRbjq1ev5LXXXmL79jRycnLsEF5a2la+/34a8+bNpVmzK2nZsnWBpo3jCfNNmjSedev+JCWlLNHR0UyfPgWAtLRtjB49knr16lOhQsWi/wWIiIiIiIiIiIiIlGBWrXbnznQ2btzATz/9wIEDB4iJiaFSpco0a3YVVapUJTo62p6eB1CzZm1uu+0Ohg79gP379xcI882bN4dNmzawYcM6One+BZfLBYDHk8cPP3zP4MFv25/B5/MB0LBhE3bv3s2oUZ9z4MAB+/28vDxmzpxOw4ZNivA3IyIiIiIiIiIiIlIyWBugLVjwKxkZGRiGgdfrBeCVV97g8sub28fWrFmLdu2usafqFRbiC99Qzel04vV6iYqKKjTM53JF4fN5iYuLp23bDkXzwCJS7BTkExERKQZWU0Zq6jIeeeQBcnNz7IW9tYi3duP46acf2LhxPWlp2+jWrYfdzGE1fRQW5jMMg1AoZIf5VqxYHnF/lyuKQMBPtWrVcbvdRf78IiIiIiIiIiIiIiVZ+EZtb7/9Btu3p5GZuS/imB9//J569epz//0Pk5SUFNac4eLyy5uxd+8evvpqDFlZByPCfMFgkG3btvLBB+8yd+5sEhOTKV26NDt3prNo0QL7+nFx8bRs2QqAUqVKcfXVrZk5c3pEOBAgJydXk/hERERERERERERECmEYBmlp25g4cTw+n9eurXbv3pPLL28eEcwD7N5dq54bzjp28eJFLF26hDvuuIuoqKhCJ/OZponP5yUhoRTvvvsR1avXKLJnFpHipSCfiIhIMTAMgw0b1jFgQF9yc3NwOp0EAgFCoZC9kA8EAnbTxubNm/jqqzHk5OTQq9cDdkDvWGE+615w6EuDtfhPSSlLmzbtSUpKLp5fgoiIiIiIiIiIiEgJFL5R2+OP9yEr6yCQX4u1Nmzz+/1s2bKZLVs2s3JlKq+++hY1atS0679WfTYvL4/vvvuGgwcPRGz0Zm3olpp6aJM2q9brcrnw+/1cfPEllCtX3v5MZcuW46abbuGVV56PmPB34MB+fD4fpmnaNWURERERERERERGR051Vj12yZBFZWQft2itA5cpVAI64Sdrhr1vX+v33hTz55MMkJibRqFFT6tU7y+4RdjgcPPHE05img0mTxhMfn8B7731MzZq1Tu6Disi/innsQ0RERORECoVCeDx5jBs3hj17duNy5e+2YU3RAyJ26bD+npm5j2+/nciQIYMA7DCfxQrz3X77ndSpU9e+VnigzzAM+0vGQw89ykUXXXLyH1hERERERERERETkFGIYBmvX/knfvo+SlXUQp9MZsaFaIBCw67FOp5Nt27byyCP3s2JFakQduHLlKlx//Y107nwzSUnJ9sQ+yJ/4Z10j/D+n04nP5yMuLp5rr72e0qUTIz5bfHyCvWGcdZ969erjcrkU4hMREREREREREREJY9V1161bB2D310J+rfV4hYf4+vZ9BI/Hw86d6Sxdutg+Jrzn97HH+nLjjV0YNOgDhfhETkMK8omIiBQxK0y3dOliQqEQPp8XgCpVqlK37pmUKZNCdHR0RKOF1bxx8OABJk+edMwwX/fud1Gv3lkEg0H7nlYDCcDTTz9H8+YtAOx7iIiIiIiIiIiIiMixHThwgBEjPmX//swCG7WF/wkQCARwOp1kZOxiwIAnSU1dHhHmq1ixEh07duKBBx6mQoWKdgjQmqhnsV6zGkkeeeQJLrusEUBELXnnznQMw8DhcNivVapUuch+NyIiIiIiIiIiIiIlTfjmbFZtd/nypfZ7x2IYBgsW/Erfvo+Sl5dHVFQUANOmfUd2dpbdy+twOOwa74MPPkrdumecjMcRkX85BflERESKwOFhuSVLFrN16xZ7wd+1a3feeecDhg0bwaefjuSRR/py0UWX/O0wX6NGTXjiiadp0uRyHA4nwWCQuLg46tWrz4sv/pc2bdrbn+tIY79FREREREREREREpKD9+zNZuXIlgL1RW1JSMmXLliMhoRRAxCZr4WG+Z57pWyDMl5SUxNVXt2HQoA9o0KAhZcqkAPkNIlagLxgM4nQ6KV++As899wpXX93GPgYO1Y9//30BwWCQYDBIKBSifv1zaNfumiL6zYiIiIiIiIiIiIiUPD6f167XWn/OmjWTzMxMHA6HXe89milTviUvLxeXy4XP5wNg7949BIORm7Y5nc6T8AQiUpLofwVEREROsmAwiGmabNmymcTEREqVKm03d4RCIa6//kbuuae3fXxSUjJXX92aiy66mIED32D27Fl22M5q2LDCfAD33fegHeZzOBwAREVFUbfumfz3v/8jNXU5Bw/up2zZ8sTHJ1ChQgX73grxiYiIiIiIiIiIiPw1c+b8RHr6dvvnW265nRYtrqZixcqkpW1jzpyfGD16BD6fz64PHx7me+GF/3LOOefaddpgMEjFipV49dU3WLlyBXPn/syyZUvYtm0bpUuXJjY2jpYtW3H22edx/vkXAOD3+3E6nfaGcAMHvsHPP/8E5AcIY2PjuPzyZvYxqgeLiIiIiIiIiIiIHGLVTa3JeNbEPIfDwY4d23nzzVcYMOAF3O5ou9Z7JL16PUBq6jJ27doJgMvlwuPx4PV6gISieBwRKSEU5BMRETmJrIX7smV/0Lv3XTRocBl9+jyOy5U/Njs6OoYmTa6IOBbymyxSUsry0kuv8+KLzzBjxlT7veMN81nXO+eccwt8LjVtiIiIiIiIiIiIiBybVWfduTMdp9NJmTIpeL1e+/0uXbrSq9cD9s/16p1FvXpnUbVqNb78cgSbNm04ZpgPDtV93e5oLrzwYi688GL8fj85OTm43W4cDoe9U3MoFOL776fjdDqpU6cuq1evYt68OfzwwwwAXK4ofD4vderUpU2b9rhcriL8jYmIiIiIiIiIiIiUDFYf7dlnn4dpmvh8PrtWaxgGixf/zhdffMbtt99JVFTUEcN8gUCAxMRE3G633Z/r8/kIBAL4/f6ifiwR+ZdTkE9EROQksRbsy5cvpU+f/Il7Cxf+xocfvkubNu2Jjo7B5XJxxhn1AAoE66zzBwx4AeAvh/mOtvOHQnwiIiIiIiIiIiIiR2fVaJcuXcILLwygUaMm9OzZi+TkMgCULVuOFi2uBoiYrGeaJm3atKdUqdKMGTOSpUuXEAgEjivMF35f0zRJSEjAMAxCoZD9uSZM+Iphwz4iJyebqKgovF4vPp8PwP65fPkK9O07gJSUskX5KxMREREREREREREpUUKhEHXq1KV586v46acfI14/ePAAM2ZMJTY2lhtu6HLEMJ/D4cDhcOB2RwP5PbqGYVC//tmkpJTV8A0RiaAgn4iIyElimiZ//LGYBx+8l1AoZDdQ/PzzT6Sn5+/efPDgATZv3khi4oUFFummaeL3+3E6nX85zHesEd4iIiIiIiIiIiIipyuPx4Pb7T7qMVaNddmyP3j44d74fD5mz55FIBCkTJkyGIaB0+mkUqUqwKHN00zTtJsyGjduisuV/8+xxxvms64R/mf49Rcu/I0ffpjB/v2ZAPYO0YZhYJomXq+XpKRk3nxzEFWqVD0xvzARERERERERERGREqiwAN3hr1m13gYNLuPHH2cC+cG8UChEMBhkx47tTJr0Nbm5uXTt2g23O9oeuAGHasnbtm3l4MGDdo04FApRu3Zd+zgREYs6/EVERE4Sr9fLlCnfEgqF7OYMq/Hizz9Xk5OTjdPpZOfOdCB/tPbhnE6nPVZ7wIAXaNWqLcFg0H7fup4V5hsyZJD9emHXExERERERERERETmdffbZJ3zxxaccOHDgqMflT+L7gz597sPn8+FyRZGZuY9ff/2FFSuWYxgGUVFROJ0F900Nn6DXoEFDunbtxvnnX2hvwmYYRoEwX2rq8mN+9h07tjN58iSWLfvD/ozhTSGhUIhaterw7rsfUqNGzb/+yxEREREREREREREp4cJ7bD0eDzt2bGfx4kUsWrSAjIxd5Obm2u9bYT2ADh2uo2PH64FD/bxWj+727WlMnDieN9/8L9nZWRHhPOuYkSOHk56+nWAwSCgUonLlqnTs2Mm+j4iIRRP5RERETpKoqCi6deuBYRhMmfItkL9LR3gTh9/vZ/jwYVx6aSMSExML3f3DCvMdz2S+adO+w+/38eCDj2oXDxEREREREREREZEww4cPY+jQDwGIi4unfftrKFWqdIHjQqEQWVlZPPNMXzvEFwj4MU2T3bszOHjwAKFQiC1bNrNw4a80a3ZVgWtYdWDDMGjQoKH9+l+ZzBcuEAgwZ85sfvzxe/v61k7PoVCIqlWrccEFF3H77XdSoULFE/HrEhERERERERERESlRrJopwJw5PzFnzmzmzZvDwYMHCYVCJCeX4fzzL6BFi9ZccUVzDMPAMAy7R7d797vYvTuDX36ZY1/L6tHNzNzHtGnfsWrVCm69tRu1atWhUqXKbNy4nu+++8buE3a5XPh8Ps4551wqVqwEUKAvWEROb0aomOK9GRkHi+O2IiIiRW779jQ+/fRjpk37DsgP8wUCAQzDwDRNDMPgxhu70L17T2Jj4woN8wH2FwWAF198JiLMB/mBPr/fj8Ph4IMPPqVevbOK5gFFRERERERERERE/uU+/3won3zyQcRr9957P126dD3ipmi//DKHt976LxkZu+xarDX5zmrwuOmmW7nvvgePWNcNf33hwl8ZMeLziDBfKBTC4XDg9/upUKEizzzzIueee36B6wSDQX7/fSGzZs1k6dIl7N+fid8foHLlKpxxxpl07NiJqlWrEhcX/09/VSIiIiIiIiIiIiIlTniIb/z4sXzwwWB8Ph+BQMCuAVuT9gC6d+9Jhw4dKV++gv1aKBRi1aoVfPjheyxevAjAruNafw8EAkRFReH3+yldOhGv10N2djaQPwDE6/VSvXoNXn99IJUqVS6SZxeRv6ds2YRiua+CfCIiIkWgsDCfNT4boHLlKtx44820b38t0dHRfznM53Q68Xq9ADz11DO0a3dNET2ZiIiIiIiIiIiIyL/b6NEjeO+9dwCIjo4hLy8XgHff/Yjzz7+wwPHh9dnffpvPyy8/x759eyMaNsIn4r311mAuueTSiEaRI13vSGE+t9tNXl4ecXHxjB49gcTExCM+T0bGLoLBIH6/n4SEUpQqVeof/X5EREREREREREREThXjx49h4MA3gcgQnsXaWA2gfftr6dSpM3Xrnmm/HwgEWLp0CSNHDmfBgvkFrmPVeq16cHitOBAIkJyczKBBH1K9eo2T/agi8g8VV5Cv4L8kiYiIyAlXqVJl7rjjLtq0aQ9gN2hYTR1paduYOPErpk6dTF5eHoZhFPjyAOB0Ou0vEAMGvECrVm0JBoN2iK9fv2ftEF8xZfVFRERERERERERE/jWys7NIT99BQkJ+2C0vLxeXy8W7737M+edfSCAQKFBLDa/PXnZZI55++jmSkpIJBoN2k0YoFMLpdBIMBnnuuX6sXr2y0KaQw6/XoEFDunbtxvnnX2hv+OZ0usjLywPypwQeKcQXDAYBSEkpS/nyFahcuYod4lM9WERERERERERERE53c+fO5oMP3gOwh2ZAfo3Wqu2GT+j77rtvGDXqC1avXmUf63A4uOCCi+jd+yFatGgFYA/usGrA4Zu3We+FQiHq1KnL4MEK8YnI0SnIJyIiUkQqVarMnXfeTdu2HYD8LwOGYdhhvk2bNvL112P/cpjvqqtaAvkhPuva4Q0lIiIiIiIiIiIiIqeruLh4unS5jU6dOuNyuQB4++33OP/8C+wQn2EYZGTs4sCBA/Z5h4f5+vd/vkCYz2r42L9/P88+mx/mO1Jd90hhPrfbjc93aKO2667rBBQezLNqyYXVflUPFhERERERERERkdNVKBTC5/Pxyy9z8Pm8uFwu/H6/HbILBoMFNmqzwnwzZ05n9OgRrF690r6eaZrUqlWb5557mZ4976VKlaoAdk05fFO3UChE9eo1aNfuWl555U2qVatRtA8vIiWOESqm7RkzMg4Wx21FRESKlDUuO3z3jR07tvPppx8zdepkIH/3DuuLAkCNGjW5/vrOtG3bgejo6Ihzw4XvCrJ06RLOP/9CgCMeLyIiIiIiIiIiInK6Sk/fwbffTqRRo6acc865BAIBIL8+u3TpEh56qBe33XYHN954sz3lDiLrrQsW/MpLLz3Lvn17Ixo1DMMgGAxSqVJlnn/+FerVq3/EOm346wsX/sawYR+RmrqMJ5/sT4cOHQscIyIiIiIiIiIiIiLHtmPHdnr2vC1iw7ZrrrmOhIRSOJ1Opk6dTGbmPnw+nz2hzzAMu1bcokUrunS5lXr16gORPbpr165hw4b1fPPNBPbu3cPBgwfw+XycffZ51KhRg2uu+Q/ly1cgNja26B9cRP62smUTiuW+CvKJiIj8DVYjhceTR05OLrNmzWT//kw8Hg+maVKnzhnUq3cWFSpUtHdJDl/Un6gwn9/vjxj/bQUHRURERERERERERCSSz+fD5XLZuyY7nU6WLfuDhx/ujdfrxel0cuedd9OxY6ciC/PNn/8Lpmly2WWNCrwnIiIiIiIiIiIiIgUV1is7f/5c+vV7HL/fD8Brr71N48ZN7fd37kxn/PgxzJr1A+npO44rzHd4j67P58PpdJKdnY3P5yUpKflkP6qInEQK8omIiJQQ1heATZs2MnHiV/z++0I2bdoYcYzT6SQuLo62ba/h4osb0LBh4wLXOd4wX5s27YmJiVEDh4iIiIiIiIiIiMgJYNValy5dwsMP98bn8xEdHU1eXh4Ad9993z8K81WsWIkXXnj1uMN8R3tNRERERERERERERA4JD/F9880E8vJy6dz5FubO/ZmnnnoU0zS5665edO3a3R7AYQXy9u/PZNasmXz99Tg2btxgX+doYb7wum34vcNfV21XpGRSkE9ERKQEsBbhq1at4OWXnyctbSt+vz9iMR8MBiMW/oZh0q3bnXTp0hW32x1xPYX5RERERERERERERIpeeno69957B3v27CYqKgqfz2fXdaFownwiIiIiIiIiIiIicvzCg3RffjmCIUPeweWK4sEHH6Zhw6bceeetHDx4oMA0PjhU383NzWX+/F/4/POhbNiw7rjCfCJyaiquIJ957ENEREQE8hfxpmmSmrqchx66j82bNxZozggEApimid/vx+FwEAwG8fm8fPLJB7zxxiukpi4jPENfsWIl7rjjLtq27QBAIBDAMAz7i8GmTRv5+uuxTJv2HXl5eRiGQTFl8EVERERERERERET+tQqrm1obphXGMKBFi6tJSSmL1+u1mzScTicAH300hEmTxnPgwIGwcw7VZy+9tCH9+z9PUlIywWAwYudl0zTZsWM7zzzzFKtXr1RdV0REREREREREROQEODzEBxAMBnj77Tf4/PNPSEpKIjo6muTk5ALnWjXcmJgYGjduyu2330mtWnXsOnIoFMLhcADwww8zGD16JKtXr7TPV41XRE4UBflERESOk2EYrFu3lmeffYrc3Bzcbre9+0aZMilUr16DlJSyREdHA4dCedbCfvr0KQwf/ilz5syOaCA5njDfpElfM3nyRHJzc7Vzs4iIiIiIiIiIiEiY8Il3qanLmTt3th2os2qxh4f6ypevwE033UqbNu1JTEyyw3iBQMCu6Z7oMN/RgoUiIiIiIiIiIiIicmzffjvRDvG5XFEEg0GCwSCzZv3Ajh3bCQSCZGVlAUcO30VHR9OkyeV069ajQJjP6t09PMynDdtE5ERRkE9EROQ47du3l08//Yhdu3bicrnweDwA3HTTrbzxxjt8+ukoPv10FI888iSXXdYIyA/lWVP6TNNk/vy5jB49gv37MyOufbQwn9PpZP36tYwePZKMjJ1F+swiIiIiIiIiIiIi/3ZWgO733xcyfPgw3nvvHUaPHmk3Xfj9fkzTJDV1GRMnfmWfV65cea67rhMdOnSMCPMFg8ETOpnvhRcGsGJFqt0AIiIiIiIiIiIiIiJ/XSAQIC1tGykpZQHw+bx2TTYnJ5tAIIDP52XSpK/Jy8s76uCM6OhoGjduWiDMBxQymW8VgAZxiMgJoX8tEhEROQZr6t7atX+yalX+zho+nw+A2267g/vv70OtWrVxuVwkJibSqlVbXn99IHXq1LUbMxwOh73Iv/32O0lKKji2u7Awn8vlwu/3A9C9ew+qVatxUp9VREREREREREREpCRau3YNn332CfPnz2Xbtq18990kxo4dhd/vx+l0snTpEnr3vou33nqNb76ZYJ9XvnyFQsN8J2oyn8sVxdatW+jb9xH278/Ujs0iIiIiIiIiIiIif5PD4eCOO+7iP/+5gQoVKgIQDAbtXl2r/rpx43pWrFh+zOsdKcwXCoUiwnzDhn3En3+uPhmPJCKnIQX5REREjsFajH/99VgyMnbZC/5zzjmPzp1vAfK/CFiBP4Bx475k3bq19s7NVvDvf/8bTMOGjQkGgxENG9a5h4f5rKl//fo9S4cO1wFHHvUtIiIiIiIiIiIicroqV648e/fuAcA0TTZv3sTEieOZPn0KS5cuoU+f+wgGg0RFRfHWW/9l9OgR9rlHCvMFg8F/FObLrw17Abjnnt6ULp2oHZtFRERERERERERE/qZgMIjb7eamm26lfftrI8J84bXXzZs3MWHCOPbvzzzmNY8W5nO73QAsXryw0AEeIiJ/h4J8IiIix+HAgf1s2rQRp9Npv5aUlExiYqL9s9XQ8eWXI3j33YFA/gLfmqj31luDadCgod3YYRgGu3dn2Odar1thvpYtWwPQt+8AO9h3+JcNEREREREREREREYHY2DiuuupqXK4oezO2bdu2MmzYRzz44L34/X6io2Pwer0Eg0F78zXLiQ7zhUIh+x75G7V1BLRRm4iIiIiIiIiIiMixWGE6wK6zWpP3rDDfzTffVmiYz6oPz549iyFDBpGXl3fM+xUW5nM4nHg8HkqXLs1HH31O2bLlTsKTisjpSEE+ERGR45CevoO0tG12KA+wQ3weT5698B89egRDhrwD5C/srS8Ab701mEsvzQ/xWV8Ufv11Hp07X8e8eXMBIgJ6FStWomfPe3n33Y9p3/5aIL/Bw7qPiIiIiIiIiIiIiBzicrm44ooriYpy4ff7cblcAOzatZNgMIjL5SIvLxeAO++8m9tuu6PANY4W5rM2eTueMN+AAc8TExMD5If4rI3arPqwiIiIiIiIiIiIiBTOCuwBTJr0NUOGDCIrK8sO8R0rzAeHBnNMmfItAwe+8ZfDfGecUQ+fz0tCQikGD/6IWrVqn6SnFZHTkfPYh4iIiIjXm7+jh2madkPGwoUL2LNnN2XKpAD5Ib733jtyiA/yGzoOHjzIzz/PYuDAN/H5vOTkZBd6z8qVq1C5chUg8ouJiIiIiIiIiIiIiEQKhULUrXsGd955D4MH/w+fz2eH5sKn4915593cccddQOF1VyvMBzB58iQyM/dhmiaBQACHw0EgEOCjj4YA0LFjJ0qVKgUcCvMZhkGDBg157rmXycnJoUWLVvZnUIhPRERERERERERE5MjCa7ZWT25iYhIxMTHceuvtxMXFFxrmA/juu29IT99hv2/Vc7/77hsA+vR5nOjo6KPe3wrz+XxeJk4cz2OPPUXNmrVO7kOLyGlHiQAREZHjkJSURFxcHA5HfgbeNE327MmwF/jjxo0+aojPCv/t35/JmDEjeeut1+zdn+fP/wWIHAV+OIX4RERERERERERERI4sFAoRDAZp3LgptWrViQjNGYaBYRiULp1ob8x2NEebzGft5HysyXyNGjW1Q3zW+SIiIiIiIiIiIiJSuFAoZPfKjhkz0u7Jzczcx7Rp3zFixOdkZx//ZL5QKGTXc7/77pu/NJmvefOreOutQdSuXeckPa2InM40kU9EROQ4JCYm4nZHk52dbTdj+Hw+Zs2ayYYN6/nhhxnAkUN81jnp6elMnDgen8+Ly+XC5/PZXxQU1hMRERERERERERH5e6ymjAMH9rN588aIuqxl//5MRo8eQU5ONjfddGtEw8fhjjSZLxgM4nQ68fv9R5zMdzjVfkVERERERERERESOzqqtDh8+jI8/fh/A7rPNyNjF9OlTAOjatdsxJvN9S3r69n80mc/tPvr7IiL/hP7VSERE5BiCwSBxcfG0aHE1hmFgmqa9g/O6dWuPK8QH+V8yKlWqjNOZn6P3+/0AlC6dWPQPJSIiIiIiIiIiInIKcTgcLF++lF69ehAIBHC5ouz3TNO0w3Rbt27hm28mMG7cl/YOz8FgsNBrHmkyXyAQsOu8H300hG+/ncCBA/tP/kOKiIiIiIiIiIiInMLyB2bsAPJ7bsM3YrPCfMeezHfNCZnMJyJysijIJyIip73wJo3CGjasLwEXXHAxoVCIQCAQ8b4V7rMW9gMHDuHSSxvaTR3h196yZTN+vw/DMOxGj8qVKwNE7AwtIiIiIiIiIiIiIscvFAoxc+Z0gsEgUVFR+Hxeu+Zq/Rke5ps4cfw/DvNZzR8ffPAuX301Bp/PVwRPKiIiIiIiIiIiInJqMgyDRx55kptuutXu17V6dOGvhPmuVZhPRP61FOQTEZHT1uHNG4f/PfwYgCuuaE6nTp0BCoT0rOPuvPNuLr64gf2a9Z917T/++J39+/N3Zvb5fJQpk0KzZlcBRFxPRERERERERERERI6fYRjcd99D3HBDF7vWes89vbn22v8UqNPCiQnzhdeTK1SoiMvlOslPKSIiIiIiIiIiInJqczqd3Hvv/XTufDPASQ3zeTwK84lI0XMW9wcQEREpDtaiffv2NFasWM7Chb8RCPiJiYmlWbOrqFGjJmXLlrNHcxuGgWEYtGrVlo0bN7B48aKIhb/l11/nkZiYRPPmV5GUlBxxz2nTvuODD94F8ptKXC4XV1/dhtKlEyPGf4uIiIiIiIiIiIjIX2M1aNx77/0cOLCfGjVq0rVrdwC8Xi/Tpn0HYDd8BINBO8wHcOONN0c0fBzOCvMBTJ48iczMfXZtuF+/Z2nbtkMRPKWIiIiIiIiIiIjIqc/pdNKr14MAjB37JYFAAIfDYddwrTAfQNeu3YiLiy80zAf5ob309B32+w6Hg0AgwHfffUNOTg5PP/0sbnd0sT2riJx+jFD4qKEilJFxsDhuKyIiYi/GV61awWuvvcyOHWnk5OTY75umycUXN6Bly9a0a3dNxDkAU6dOZvToEWzYsN4+Hg5N4EtJKUu1ajXo3PlmSpcuTUbGLlavXsWoUcMBcLvdeDweKleuQv/+L3DOOecW5eOLiIiIiIiIiIiInFKsJg6/34/T6bR/DvfKK88zdepke9M2wA7iVa1ajeuu68SNN95sb+4WHuYL/zk9PZ1vv53AuHGjyc3NiQjxacM2ERERERERERERkRPH7/fz/vuDGDv2SwAcDgehUMiu7ZYtW47WrdsVGuYzTROPx8OXX35hh/kgv+fX5XLh8XgAmDBhCikpZYvnAUWkWJUtm1As91WQT0RETiuhUAjDMFi1agUPPtiLvLzciMYKh8OBz+fDMAxCoRDduvWgZ897gcgmjK++Gs0330xg48YNQMEwH+TvCOJ0OvH7/fj9fuBQiA/ghRde5corWxbNg4uIiIiIiIiIiIiconw+Hy6Xy/7ZquWGQiECgQBOpxP4a2E+KxTo8eSxePEiLrnkMvse6ek7GDduNGedVZ+WLVsDh2rPIiIiIiIiIiIiIlK48D5cqwZ7LCc6zGf19ZYuXZpBgz6kVq3aJ++BReRfTUE+ERGRIrJlyyYGDOjLhg3r7d2Zrf87LKyBo1Onm+jd+yFcLlfETs5TpnzLt99OJDV1GZD/5cA6xwoChkKhAjs3Azz99HO0adMeUIOHiIiIiIiIiIiIyPGwaqm5ubnk5GTz7bcTycjYxdatW6hQoSLlypWnbdsOlCmTQnR0tH1eeF33aGG+atWq067dNdx6azf73EmTvubNN1+lU6fO3HffQ0RFRQGQl5dn30OT+ERERERERERERESOLryOOnnyJILBIC1aXE1cXPwxzz1RYb5p06aQlraV+PgEhgz5hJo1a528BxaRf73iCvIdO8IsIiJyirAW5D/88D1bt261d9WwdmaGQwE8yF/oBwIBxo8fQzAY4P77HyYqKspu+mjX7hqSkpKYNm0KP/74PYFAwG7+CA/nGYZh7/qclJTMgw8+ylVX5U/iU4hPRERERERERERE5Nis+u6WLZuZNOlrfvttPps3byxw3JQp3/Laa/+jbt0z7desWq/D4aBfv2cBmDp1MpBfv7UaOrZs2cyIEZ+zcmUqF154Mdu3pzFu3GgAxo8fS2xsHHfffR9ARFBQIT4RERERERERERGRIwsP8Y0ZM5J33x1IhQoVcbvdXH55M2Jj4456vtPppFevBwEYO/ZLu95r1XYzMnYxffoUgELDfG63m5tvvg2Px8O8eXN59tmXFOITkWKjIJ+IiJw2rC8Bv/++EJ/Pa79esWIlcnNz8Hp9ZGUdjJimZzV4TJjwFYAd5rMW+I0aNeXccy+gfv2z+fLLEWRnZ5OXlwtgBwIDgQBJSclcfnkzrr66DRdccJH9vkJ8IiIiIiIiIiIiIkdn1WNXrVrBa6+9zNatm/F6vXbN1+Fw2jXfZs2uokqVagWucbxhvpycbH7++Sd++WUOgUAAwN7gLSvrIDk52cdsKhERERERERERERGRfKFQqECIDyA9fQefffYJwWCQZs2uLJIw3x133MVNN91KYmLiSXteEZFjUZBPREROKzk5OaSn77B/vu22O/jPf27A7/eTlZXF++8PYs2aVRw4cMBewB8pzGcF8eLj47nppltp0OAy0tPT+eGH6Rw8mEVubg5JSclUqFCRtm07UKZMCqVKlQIU4hMRERERERERERE5HladdvnypTz66IPk5uYUmIBnhfiuuupqOna8npiYmEKvdawwn7XJm2EYBINBDMPA4XDg9XqpUqUqrVq1U4hPRERERERERERE5C+wemVHjfqC998fBIDL5SIQCLBt21aGDx8GcNxhvrvvvo+8vDy++WYCgUAA0zSPO8wXFRVFVFTUSXxaEZFjU5BPREROaeGBOb/fj8eTh9eb39RxxRXNufvu+yKOf/HF/zJq1Bf88MMM0tK2HTPMB4caSWrVqkOtWnVo2LAxpmni8eThdkcX+rkU4hMRERERERERERE5Omun5pUrU3nssfwQn9vtxuPxAFC6dCJxcXHs3p1BnTp1ad26HTVq1AQO1W2t61g12WOF+UKhkH1/h8OB3+/H5XJx7733c8455xbZs4uIiIiIiIiIiIicKjIzM1mzZqX9czAYBMA0zb8c5nO7o7nxxpvZunULS5b8btd0jxbmC58KKCJS3BTkExGRU5LVmBEemHM6nSQlJXPppQ2ZPn0KFSpUArCbNoLBIHFx8dx22x0kJ5fh228nsn792mOG+Q5f3Fs/R0W5Iz6LiIiIiIiIiIiIiBw/wzDYuHEDL774DDk5kSG+G27oQuvWbalb90x27NjO3r17OO+8C+xzw+u2h9dnDw/zGYbBlCnf2kE+l8uFz+fD7/cD8OST/WnW7CpA9V4RERERERERERGRvyoxMZHbbruT+PgEe5Kew+GwA3bbtm3l88/zw3xXXNGcuLj4o16vatVqNGhwGUuW/G7XdcMn72Vk7GLmzOnk5uZw1129jnk9EZGipCCfiIiccqzFeFraNhYvXsScObPx+31ERUXRqFFTcnJyAOyGj/DdOEKhENHR0VxzzXW43W7Gjx/DunXHDvMVxmrmUFOHiIiIiIiIiIiIyF+3f38mI0d+zo4d23E6nXZNt3v3nvTocY99XJUqValSpar9c3Z2Flu3bmXBgvlkZWWRlXWQhg2bUKNGDapVqwHk14OtZpGnnnqGpKRkfvzxe3bs2I7P58PlclGuXHnuuqsXLVq0AhTiExEREREREREREfmrrLpqnTp1uf76zgSDQSZPnlQgzJeWdnxhvlAohMPhoFOnzkyY8BUZGbuIjY0lNzc3otc3PX0HixYtpFu3HsQdfcifiEiRUpBPREROKdYifMWKVF5//SXS03eQk5Nj77KxYkUqgUAAgJ07dwD5k/rCJ/iFQiGioqJo1aotoVCI8ePHHtdkPhERERERERERERH556xa7NatW1m6dIld0wW4+eaudojP2mXZ4XAAkJOTw8aNG3jvvYGkp+8gI2OXfd7MmTMoV64cDz74KJde2hDDMCIm89177/00bdqMrVs3s379Os4++xyqVatB7dp17HspxCciIiIiIiIiIiLy14TXVWvXrsMNN3QB+NthPsMw8Pl8REfHkJxchn379nLWWWezcuUKcnNzcDic+Hxe4uMTeOGFV0lKSi6aBxUROU5GyBpDVMQyMg4Wx21FROQUZjVSpKYuo0+f+/B4PHY4z3rfWuwHg0EAnn76Odq0aX/Ea3m9XmbMmML48WNZt24tkL9Ts2EYdvPIddfdwAMPKMwnIiIiIiIiIiIiciI988xTzJo1067pXnjhxTz//CskJSXbDR6WP/5YzJw5s/nuu2/Izs7CNM2IDdyseq7D4eDVV9+kUaOm9rlWcPBIFOITEREREREREREROXHWr1/HV1+NZvLkSQB2mA/y67WVK1elW7c7jzqZD+Cuu25n9epVPPPMixiGwZtvvkp2djZxcfG8//5QatasVSTPIyIlU9myCcVy3yP/i5SIiEgJYxgGmzZt5Pnn++PxeHA68wfPWrsyW8dYYT7DMJg5czpr1qwu9FqHJvO1o1OnztSpUxfI/5JgjeYGmDjxK4YMeQev11tETyoiIiIiUrSs9fThiml/KBERERE5DRw8eJCtWzdHBOzi4uJJSCgVUZ8F+Oqr0bz44jNMmDCO7OwsnE5nRPjOCupZE/j+97/X7Y3bgAIhvsPXvwrxiYiIiIiIiIiIiByfw/sICusrsCbzdejQEYBAIGDXYcMn833//TT27dsXcS1r07bt29PIysoCYN68ubRs2Zq77+5N3bpnKsQnIv9qzuL+ACIiIieC1Yjx88+z2LNnD06nE7/fbzdgHD6Jz3pt0aIFVK1anfj4eCpXrhJxzcPDfIA9mS+88SMUCjF+/Fhyc3N58sn+R925WURERESkpAhvfDZNk3379rJzZzqbNm0kMTGJxMREqlevSUxMTDF/UhERERE5FR08eICdO3cSDAbD1qWGPWEP8pszZs2aybRp39nnOZ1OAoEAoVAookHEqvcahkFmZiarV6+kTp26hU7bU41XRERERERERERE5PgUVmMNd6T3rDAfwOTJkwgEAnZPrhXm++KLz9i5cycdOnSkcuUqGIZhb/I2atRwtm3bCmD3LVx//Y20adOO2Ni4E/mIIiInlIJ8IiJySjBNk1AoxG+/zcfnOzQZLy4unmAwSHZ2lr0Lh3WsaZoEAgEmTvyKqKgorr32P385zOdyRdn3O+uss9XgISIiIiKnBGvjCoDVq1eyfPkyxowZSVZWFtnZWfamFvXrn0O7dtfQrt01xfyJRURERORU43Q6sfo7rDrtzz//xAsv9KdatRqsWbOadev+JCNjFwAuVxR+v88O8dWuXZeKFSuRkJBAauoytm7dgmmaGIZBXl4uc+b8RIcOHTVtT0RERERERERERORvCu8tSE/fwZYtm5k0aTz79+/HNE2io2No2bI19erVo1q1Gnboz/rzWGG+Xbt2MnHieH77bR5dunQlObkMubk5/PTTj8yYMdX+HElJyfbfFeITkX87BflERKTECv8CALBz50527Nhu/3zLLbdz9dVtiIpysXLlCr76agxbtmwmNzfHDvM5HA78fj9jx44iFArRseP1fynMZ4X4+vV7lrZtOxTBU4uIiIiInFzh6+zp06cwZswotmzZhMfjweFwYBgGTqcTr9fL+vXrIgriIiIiIiInSmJiEueddyHz5s2xd1kOBAL8+ONMTNOMWLe6XC67VhsbG0ubNu257bY7SUlJIRAIsGDBfF5//RV2786wzwkb1iciIiIiIiIiIiIif1F4jXbWrJlMnTqZP/5YQm5uDoBdx122bAkpKWV56KFHadCgIcBxhfms62dlHWTt2oO8+OIzmKaJy+XC4/HY9yhbthzNm18FHHs6oIjIv4GCfCIiUiJZC/TFixcxduwonnnmRRIS4nG5XAC0b38tvXo9YB9frVoN6tQ5g++++4YZM6Zw4MAB+0uCFeYbN+5LgOMK8xmGyahRw9myZTNPPfWMHeI7PFwoIiIiIlKShK9nx48fw6BB/yMYDAJENEt7vV7i4uK47bY7uOCCi4rzI4uIiIjIKSoqKorzzruAuXNnA+BwOOwN2qzdmCF/cp/P58MwDK64ojlXXHEVrVq1AbA3c6tX72zc7mj7NYDSpUsXw1OJiIiIiIiIiIiIlHzhvQUTJnzFkCHv4PF47JpseJ9BTk4Omzdv4pFHHqB//+dp3Tp/oMbxhvkMw7CPDYVC+Hw+AFyuKHw+L3XrnkGFCpXsa4qI/NspyCciIiWO9QVg+fKlPPbYQ/h8Xp555ikee6wf5ctXYPv2NGrVqgOA3+/HNE1M06ROnbrcdNMtJCeXYezYUWRm7vvbYb6WLVvj83lJSSlL06bNACKaR0RERERESprw9ey4caMZNOgt4FDx2yq0BwIBTNPkyitbcuWVLYiJiSm2zywiIiIipyareePmm7uyadMGpkz51l6HWmE+yK8VB4NB3G4399//MA0aXGbXda1GD4Bdu3YSCuXXlR0OBz6fj6pVq0XcS0RERERERERERESO7Ui9BQ6Hg1AoZPcWWMcCuFwufD4fL730LH6/n/btrwUKhvluvLELDoeTSZPGEwgEcDqdBAIBO8RnHZ9f5/VSpkwKvXv3ISEhoYh/CyIif5+CfCIiUqJYXwCWLv2DRx7pjc/nJSoqit9+m8+rr75A2bLlME0TpzP//+IcDkdEE0aFChXp0OFa3G43I0Z8xr59e/9WmM/tdnPttdfbX0Y0iU9ERERESjpr3Tx58iS70B4dHU1eXh4A1113A3Xq1MXn85Kdnc2FF15MxYr5u9r5/X57DR5OTdEiIiIiUpjwdWJ44M6qsxqGYb/+xBNP43JFMWnS+IgGEIBKlSpzwQUXcf31nTnzzHoR1w+v186dO5vt29PseyQnl6FNm/aAdmgWERERERERERER+SsK6y1wu914PB4AuyfXCvGZpmn3FPj9fv773xcBCg3z1apVh1tuuY2kpCQ+++wT/H4/AE6n064PB4NBAoEA5ctX4M03B1GlStWie3gRkRNAQT4RESlRDMNg69Yt3H//XUD+4t/n82GaJosXL8TliiIUCpGevv2I10hKSubqq9sAIUaM+PxvhfmAiEYQhfhERERE5FSwaNEChg8fBkBUVJQd4nvppde4/PLm9rrX5/Phcrns8wzDwOPJY9euXXg8HkqXLk3ZsuXUFC0iIiIihbLWiaFQiP37M0lMTAIi66wOh8Ou2T72WF/OPfc8Nm7cwKpVK6latRrJyclcc811xMbGEhcXHxEODF+HTp06mc8++8R+3e12067dNaSklNUGbSIiIiIiIiIiIiJ/w+LFi/jii0+B/N4CK8T3wAOPULFiRXw+P59/PpS0tK14PB5M07Qn7B0rzFepUmV69LiHOnXqMmzYx+zcmU52dpZ97woVKnHmmWfSq9eDBfp7RURKAgX5RESkxMnNzaFZsyuZPXsWHo/HbujI36XZTygU4rvvvqFdu2upUaNmoddISkri6qvbAsbfmswnIiIiInIqCYVCeDweZs2aye7dGZimidfrBeD119+mUaOm9rGBQCAixLdo0QJmzpzO778vZM+ePfh8XpKTy3DJJQ3o1q0nlSpVLnRan4iIiIicXqwmjL1797Bly2a++WYCu3btZO3aNaSklCU+PoFGjZpw9tnn0qDBZUB+sM/aRKJ163YABcJ31o7McGi6n3Wv6dOn8MorzwP5zSRer5dKlarQrNmVCvCJiIiIiIiIiIiI/EXWpL3Zs38kI2MXhmHYvQWvvvomTZs2s4+tXLkKY8eO4pdffiY7OxvgmJP5wjVrdhVnnnkWO3fuZP78uURHR+N0OmnUqCnly1cgPj6+KB5ZROSEM0LWzNIilpFxsDhuKyIip4i1a/9kzJiRTJ8+BTi0O3MoFLIbNa655jp69LiXpKSkI15n3759fP/9tIgwXygUitj9o0uXrrRvf63Gb4uIiIjIKW39+nXcd18PcnJy7Nf69HmMTp1ushuhraI6wPLlS5k3by4jRnxmH281RzscDgKBAOeffyG3334nF1/cAIfDUdSPJCIiIiL/Elb4bu3aP/nww3dZv34du3dn2O9bm6xZrr/+Rho0uMxu+ghfh4aH9ayN2QD27t1DfHwCUVFRbNu2lXnz5jB48NsAREdHk5eXh8vl4rnnXuGKK5oX0ZOLiIiIiIiIiIiInFq2bt1Cz563kZOTY9d2u3fvSY8e9xAIBDBNE7/fj8vlYvv2NB588F527ky3zzcMwx64AdC37wA7zHf4Rm4iIidT2bIJxXJfbYcuIiIlitVAXLfuGXTufDMA06dPsZs3gsGgHej79dd5nHFGPVq2bE1sbGyh18ufzNcGCDFixOeFTuYbMeIz8vLyuOuuXke8joiIiIhISRU+rSQnJweXy4Xf76dixUpcfPGlEcdYzdNDh37I/Pm/sGbNKgCcTieBQACfzxdx/NKlSxg+fBjVqtWgQoUK9usiIiIicvqwGi9SU5fxzDNPkZGxC8gP71lrQ+sYq8Hj66/HsWDBr6xYkco99/S215sOh8MO7lnNHgDTpn3H558PpWLFykRFudi5M51169YC4Ha7ycvLA/IbQqwQn9amIiIiIiIiIiIiIsfPqqnOnftzRG8B5NdhAbvv1uVyAfDRR0MiQnyQX9u1Bm1Yk/mCwSDt219rh/iWLv2DGjVqULp0IhAZ8FNtV0RKOgX5RESkRAlffJ9xRr0jhvlM02TnznTGjh1FdHQMTZtecYwwX1vAiJjMZ03ly7/XmQrxiYiIiMgpyVpjb9++DcifdhIKhfB6vXZx3TRNsrOz2LRpE5999jG//jrPPt/lcuHz+Y5YNF+6dAkjRnzGY4/1VTFdRERE5DQTCoUwTZNVq1bw2GMPkp2dba8fwyfwAREToP1+P9u2bWXEiM/YtGkjr776pj2F7/A15Z9/ruann35g27atbNu21b4W5DeNeDweAJ5++jlatWprfy6tTUVERERERERERESOn1VTTUvLr8MGAgEMwyAUCtl1WJ/PZ/cZ9O//BLNnz7LPr1WrNjt3ppOdnW3351r14Ndff5k9e3ZzySWXsX79Wj7+eAjNm7ekZ897SUxMjJjSp9quiJR0CvKJiEiJdqQwn9UgsnnzJoYPHwZwHGG+NgB2mM9qJOnX71natu1QBE8jIiIiIlJ8rGZmq9CenZ3NxInjadmyNU6nkwkTvuKPP35n8+ZNdpHcNE17Cp/L5SIxMYmdO9MJBAL2hBXDMFixYhmZmZkkJiYW4xOKiIiIyIliBe6O9LPFMAy2bNnMyy8/T3Z2Nm63227oaNCgIVWqVKF06URWrlzBkiWLCAaD+P1+TNMM2915Nvfd15NXX33T3n3ZkpOTzezZs+yNJqyN3qxdnwHKlStP7959uOqqloBCfCIiIiIiIiIiIiL/hFULtibrAcyaNZNrr/0PZcuWA6B//ycjQnw9etxDx47XM3Dgm8yZMxu/P7/PIHxzt6FDP2T8+LEcPHiAQCDApEnjSUlJoXv3nkX8hCIiJ5eCfCIiUmJZDRfHDvNt/EthPtM0+Pjj98nJyYkI8YWP5hYREREROdVER8fYa2zTNMnNzWH8+LFMnPgVPp/PLsBb06v9fr+9+UX37j0577wLOO+885kxYxqvv/6yvX4OBoPs3LmT3NwcBflERERETgHWLskAQ4d+yK23diM6OrpAmC8UCpGXl8e3304kPX17xHS87t170rVrd9xut338t99O5IcfZvD77wsJhUJAfkOI1+tl+fKl7Nixo0CQLzV1OWPGjLRrwtaGEn6/n1KlSnHJJZfRseP1XHTRJfZnUohPRERERERERERE5K+z6qtRUfl1XasnoFat2nTt2t0O8b344gBmz/7RPq9r1+52GO/mm29jzZrVpKVttTdms+q6wWCQ/fszCYVCuFxRBAJ+8vLyIqb8iYicChTkExGRfxVroe/x5JGbm0dq6jJ7/PYZZ9QjNjaWUqVKAYd283A4HCc0zNeiRSs8Hg/ly1egZcvW9udSiE9ERERETkXWGrx9+2v5/feF7Nmz2w7rBQJ+/P4QoVAIp9MZ0RgdFxdP/fpnc8MNXWjcuKl9vWuuuY4//1zDxIlf2Q3Y1n1EREREpGSz6q4Ar776AlOmfMuvv/7Cu+9+hNsdGebLr/N6mD9/Lh6Pxw7Qdep0Ez163GNfMy8vj+joaK655jqWL19qv26F+EzT5M0336FevbMKBPHq1j2TTp1uYsuWzSxbtoScnBxq1apDmTJluPXW7lSpUoUyZVIAhfhERERERERERERE/gmrvtqiRSumTp1MZuY+atasRffud9Gs2ZUAvPfeO8yYMc0+54YbunDPPb2B/Ol79eqdRc+e9/D88/3t3uBQKGT36Fq9CT6fl+rVa3LddTcoxCcipxwF+URE5F/D2p1j/fp1fPXVGJYs+Z20tK32+0lJyZQrV57bbruDc889j+TkMjgcDrs55MSF+ZK58cabiYqKivhcIiIiIiKnIqvYXr16DS644CLmzPnJbpgOL5j7/X4Mw8Dv91O+fAVuvvk2GjS4jGrVqgOH1s0+n499+/bY1zYMg+rVa5CYmFRMTygiIiIiJ0J4iO/ll59j2rTvcDqdrF69igcf7MWgQe/jdkdHBOYmTBjH5s2b7PpqdHQMzZtfBWBPd46OjgZg7NgvmTp1MgBOpwufzwvAG2+8Q4MGDQkGg4RCIfszQP7GbL16PQDA/v2Z+Hx+UlJSIj6rRSE+ERERETldHGsTC21yISIiIiL/REpKCnXrnkF6+g7uuqsXTZs2A2Du3NnMnv2jHc678MKL6d69B5BfD7ZqtmeccSZly5YjI2MXUVFRmKaD3Nwcu+fA7/dTunRpXnrpNSpUqFBszykicrIoyCciIv8K1gJ8xYpUBgx4kt27M+ydNaz3MjP3sW/fXvr3f4Irr2zJVVe1pHnzFjidzhMe5rNCfIBCfCIiIiJyWihTJoXbb7+D7Owsli9fRnZ2Fi5XFD6f156mV65ceerWPZM+fR6jfPlDBfPwxo9du3ayc+dO+/VQKETdumccce0tIiIiIv9+hYX4rGYMt9vNypWpdO9+CyNGjIsI0O3cmR5xnbi4OM488ywgvyZsTe8bPXoE7733DpAf7MvLywPgrbcGc+mlDe31pmma/PnnajZt2kSrVm3sMKBpmiQklLLXpFZNWM3JIiIiInK6CF//GobBnj27SU9PZ+vWzSQlJeN0Ojn//AsxDAOHw6ENjUVERETkbytTJoV7772fjIwMmjS53H79jz+WsGPHdvvnypWrULp0IhDZh1u1anVSUsqye3cGV17ZkrJly7Fkye+kpi4jObkMFSpUoG/fZ6hevUZRPZKISJFSkE9ERIqdFbJbs2Y1jz/+EAcPHrAX7YFAwG7+tYJ9fr+fn376gdTUZWzZspnbb7/zpIT5REREREROBcez+7KlVq06PPjgo8yYMZUff/yeXbt2EgiYlC1bjoYNG9O0aTMuvPAi3O7oiEYPa60N8PnnQ1m9eqX9es2atejU6abj+iwiIiIi8u9zpBCf9Z/H4wGgQ4eO9nF+v59QKMSqVSvs6wSDQfbs2c3GjeupX/+c4w7xAfZk6F9+mcPzzz9Ny5atadWqTUTzx+FNyFp3ioiIiMjpIrxWu2TJ7yxduoTx48fi8XjIzc3B4XAQCAQ455zzqFy5Cnfd1YsyZVIU5BMRERGRvyUUCnHGGfU444x69s/btm1lwoRxAHY/r9vtBrB7ey0HDx5k//5MQqEQOTnZ3H33feTm5rJ27RpSUsoSFxdnBwBFRE5FCvKJiEixMwyD9PQdvPPOmxw8eACXy4Xf77cbLaym4GAwSCAQsP+ekbGLjz9+n4MHD9K790N/K8xnmgaNG1+uMJ+IiIiInFLCGzc8Hg+7dqWzdOkfbN+ehtvtJjExkfLlK3DJJZfhcDgwTdNea1etWo0777ybrl27sXPnTkzTJC4ujqSk5ALXt/607jVw4JtMnToZyJ+C4nA4uOSSSylXrjygZmoRERGRkuZoIT7TNPH7/QD06fM4nTp1BvLruQ6HA8MwKFWqtH0t0zRxOJykpi6nfv1zgOOfxLd37x5mzZrJBx+8i8/nY82a1ezfn6lmDhERERE57YXXgqdM+ZZhwz5i3769eL1enE4npmnam7mlpi4jNXUZixYt4JprrqN58xbUrl2nOD++iIiIiJRAh/+7v2EYHDx4wO7fDQQCACxatICsrCzi4+Px+/12b8H27Wn2Mdu2bSM3N5eYmBjOO++Con4UEZFioSCfiIgUK6uovGzZUjZt2ohpmvh8PiB/ce9wOOwAH2AXma1mkWAwyOjRI/D5fPTp89hfDvN99NEQfD4frVq1tRtSRERERERKsvDGjXnz5vLzz7OYM+cnDhw4EHGcaZrUr382l19+JVde2YKKFSsRDAbtdbbbHU21atWBQ1P7fD4fLpcrIsQXDAbJzc1hyJBBfPPNBACioqLwer3UrXsGN910KzExMUX2/CIiIiJyYvydEF/4WhQgObkMcGgys8/nZdy4L2nTph0zZ844ZogPIDc3l4kTxzNy5Od4vV4AsrIOEjZYWkRERETktGT1PgCMHfslgwf/D8BukA4EAva62uq9cDgc7Nmzm9GjR/LHH4u55ZbbadSoSbE9g4iIiIicGnJzc/9/vekEAv/fo7uJxx9/iDfffIe4uHj72EmTvmbnznQAUlLK4na77RqyiMjpQEE+EREpVlZR+bvvvuHgwUONxe3aXcPFFzegfPmK7Ny5gxkzprJ27Z/s3bvHLjCHT+obP34MMTEx3HNPb3tHD4fDccQwn2k6CAa97Nixnbi4eIX4REREROSUEN44/e23E/n44/c5cGA/gUAgYp0cDAYBSE1dzp9/ruHrr8fSr9+zXHDBRQAF1seGYRAKhXC5XACMGzeaAwf207hxUxYvXsSyZX8wb95cANxuNx6Ph7JlyzFgwIuUL1+hqB5fRERERE6Qfxris/5+5pln8eOP39sbsDkcDtLTd3DLLTewf38mcPRJfAAxMTGsXfunPVEkEAjg9/vJy8sFEovulyIiIiIi8i9jrZm//XaiHeKzNlkDcLmicDqdeDx5BAIBO9xnmiZ5ebksXbqE9evX8dhjT3HVVS2L7TlERERE5MSzBmJYtdaTHZQrVaoUAD6f164TOxwOUlOX0bv33bRrdw1RUS6WL1/GjBlT7fPKlCkTsTmciMjpQEE+EREpclYTR05ONrGxcWRlZbF162Y7lNetWw969rw37IwLuPjiBvz552qGDBnEpk0bcTqdBcJ8Y8eOonz58lx33Q12c7JpmoWG+awJf/36PcsVVzQv+l+CiIiIiMgJdqTdlx0OB4ZhEAgEMAwDv9+PaZp2I7bf72fnznQef/whevS4h+bNW1CpUuUC17eK+hMnjmfEiM/Yu3cPI0Z8ZjdxA7hcLjweD6VLJ/LWW4PtiX4iIiIiUnIcLcRnrR8B+vR57IiT+Ky/N27clM8++4Tc3JyIqc7Wpm5ut/uoIT5LfHy8/dlCoRCVKlUiJaXsSfwtiIiIiIiUDL//vpDPPx8KRIb47r77PurUOYNSpUqze/cuPvnkA9LTd9jrb2t9f/DgAZ599ikcDgfNml1ZbM8hIiIiIieOFeI7cGA/L730HPfd9yA1atQ8qWG+atVq0LRpM+bNm2NPhYb8foX169fy3nsD7Q2HrddLlSrNFVfkr0E1kU9ETieKL4uISJGyGjWWL1/Kk08+wty5PxMVFUVm5j6CwSCXXHIpXbt2t4+1Fu5lyqTQqFFT3nnnfc44ox5+v98uLFsLeJ/Px7RpU0hNXQYQ0Thihfnatu1gv9av37P2z+FfEERERERESiKrqD116mQ7xOd2u+1m59KlE6lZszYuVxQul8tu0A6FQjidTrxeL5988iFffz2ONWtWF3qPlStT+emnH9i7dw9waH1v3dvn81GlSlXee+9jatasVQRPLSIiIiIn0tFCfKFQyN4grW/fAXTqdBNQMMRnCQaDVKtWnQ4drrVDfNbr1t89Hg8AH374qR3iO9zBgwfZs2e3PQ0QICmpTIEp0iIiIiIip5NgMIjX62XWrJns2bMb0zTtEN/rr7/NbbfdQaNGTTj77HNo1uwqBg36kJYt2+ByuexrWOvrChUqce655xXLc4iIiIjIiXUoxHeABx64l/nz5/Lss0+xdesWu857Mrjdbi65pIFd+7XuFQwG7X4Cq7fA5YoiEAhQrVp16tc/2z5eROR0oYl8IiJSZMJDfPfd1xOAjIwMevS4m7PPPpc//lhMhQqViI6OBijQ/BEMBklOLsOQIR/zwAP3smrVCrvx2DAMgsEgq1atYNGiBZxzznkFdug444x6XH99Z3Jzc7nsskZ2iC98comIiIiISEmWmrqckSOHA/m7L1uN0U8++TT1659LrVq1Wb16FYsXL2L8+DHs2rUT0zTx+/04HA58Pi9jxozE5XJRp07diObo3NxcpkyZzO+/L8Q0TRwOJ36/zy7AJyeX4dxzz6NXrwepXLlKsTy/iIiIiPx9RwvxhTdb1KpVh+bNrwIONYUUxqq5NmzYhHnz5pKWti2iXmvVb8uVK0+9evUBIhpJrPd//PF7Fi78zf6MpUuX5sYbu0Rs8iYiIiIicroxTZOdO9OZOXM6fr/fXn/37v0QjRo1jdgQ2eVykZSUxJ49Gfh8+TVdh8OB3++nWrXqvPvuRyQlJR91fS8iIiIi/37hIb7evXuyadNG3G43Gzas56mnHuXVV9+iatVqJ7yual2vU6eb2LZtG199Ndp+L7y+bPXq+nxekpKSeeKJp0lOLnPCPoeISEmh1IKIiBSJ8BDfgw/eC4DT6WT79m2MHDmcLVs2AZCYmAjkT/I4nNVg7HZH8/bb71KnTl0CgQCmadoL/GAwyPDhw1i/fl2hXzTq1TuLxx9/ig4dOtqfS40eIiIiIlLSWZNRFi9eyPbtaQD27sv//e//6NDhOmrVqg3kr4lvueU2XnrpNaKjYwDsBm3I3325c+ebC0w4yczch9frsX/2+bz2DnoNGlzGPff05tFHn1KIT0RERKQEOtYkPsD+c/v2bbz00rNs2bIZp9N5zB2cL720ITfcUHB6nzVhb+fOdG6++Xp++WUOGRm77HVpbm4ukydP4s03XwXA5XJhmiYXXHARVapUta8hIiIiInK6saaczJw5nezsbFwul908Xbt2HSB/rez3++0JfP37P8H8+b9gmiZOp/OoIb6DBw8Wz4OJiIiIyD9ihfjuuy8/xOdyufD5fDgcDjZv3sRTTz16UibzGYZh9yw89NCjdOrU2X4vGAzatedQKEQgEKBSpcoMGvQB1apVP2GfQUSkJNEWOiIiUiRM02T16pX2JD6Xy0UgECAUCrFp0wZ7Eb9mzWr7/cI4nU4CgQBxcfE8++zL9O37KGlpW+0wn9U4kpq6jNq160TsHGL9vVSp0hGfS0RERESkpHM4HOzbt4+vvx6Hz+fF4XAQCATo1OkmmjS5vMDuywCjRn1BXl7uEXdfDj8WoGLFSvTr9yw33XQrmzZtJD19O+XKlScpKZlLLrm0uB5dRERERP6h453EZ/2Zl5f3/xPyBnH//Q9TuXKVI+7gbAX3brihC/v37+ezzz6J2JwtGAz+/4Zvabz88nNUq1adCy64iAMH9rN37x5++WUOANHR0eTl5ZGQUIprr72esmXLFc0vR0RERETkX8jqc0hL2wbkT14BiIuLp3btugAR9d3+/Z9k9uxZdojP6/VG1IKtdTnA+PFj2bdvLz173huxEYeIiIiIlAyzZs1k8+aNds9AKBQiFApFhPlOxmQ+q+fA6XTSp8/jVK1anUWLFjB//ly7Fly7dl3OOec8brnlNipVqnxC7isiUhIpyCciIkUmNjaWMmVS2LNnt/0FIbwZxDAMNmxYx+LFi7jookuOeB2rqaRKlap06tSZjz4agseTB2Bf99df59Gx4/URXzK0O7OIiIiInMrWrfuTffv24nK57MaNqlWrAYXtvvwks2f/iGmaOBxOfD5vgd2XrWP37NlNmTIp9o58tWvXsXd1Dncii/wiIiIiUjSOFuIzTdOe9AHYjR+GYeDxeFi48Dfefffto4b5rGuYpkmPHvcA8Nlnn9jXNU3TDvYdPHiAFSuWs2LFcuBQPdfliiIvL7/++8gjT3DppQ1P7i9FRERERKSEOHBgP3Bo7ZydncXixYto3rzFEWvBh4f4IH9dvm/fPsaN+5IvvviUqlWr0aPHPQrxiYiIiJRAHTtez4EDB/jkk/cjNmqzJuOdrDBfIBDA6XTi8eThdkfTqVNnWrVqS1raVvbv34/X6+H88y/E7Xbjdkf/4/uJiJRk+rYtIiJFIhAIUK1aDd599yNq164b8QXBEgwG2bNnN3Pnzo547UicTieXXdaQhIQE+8uEdU2PJ++Ejv4WEREREfm327RpI8FgEL/fb++sbDVi5OXl2TsqHyvEZ+2+HAgE+OyzT7jrrm7s27c3Yr0NFFhvK8QnIiIiUrIcK8RnbQ5x4YX5m65Z60ygQJgvLW0bhmEUWpO1wnoAPXrcQ69eDxIfnxAR8rPqu6ZpYpqm/XcAn8+L0+mkf//nadmyNVBwLSoiIiIicjqx+igCgUP9FNaklV9+mWPXgp9++vGj1oKtdfr69esYOvQDvvjiUyB/7W+FBEVERESk5LDWd7fd1t3emCG8lnp4mG/r1i1HrOv+FX6/H4fDwe7du/nww/dYunQJAAkJCdSrV5/LLmvE5Zc3p1Sp0grxiYigIJ+IiBQRh8NBMBikSpWqvPjifwsN81mNGePGjWbSpK/t1470JSEYDFKtWg2aNbuqwHuBQFDNHCIiIiJyWrGmlFgN0X6/n/nz5wIQHZ1fDD9WiM86P7/A/i5Dh36I1+u1C/7hFNwTERERKbmON8TXp8/jDBz4Hjff3NU+7++E+axpfgC33HIbjzzyBA0bNrY3kDh80wjr+OjoGOrWPZMXXniV1q3bAZoELSIiIiJirckvuOBCgIj19MyZ0xk27COee+5pfv75p6OG+BwOB36/n/Hjx9g9Gi6Xiz17dnPgwIHieTgRERER+dusPl2A22+/84hhPqfTecLCfH6/H6fTye7du+nZ8zbGjRvN5MmTWLky9YQ8k4jIqUhBPhERKTJWQ3HVqtUKDfOFQiF7Z7g333yVGTOmAvlF58Im81nFaY8nzz7fEhsbe1KfRURERESkqB2+Jj48XJeSkgKAaTrsxo3FixexaNECAAYM6HvUEJ/VrL1hwzqGDHmHL78cAcD+/ZksW7b0ZD+eiIiIiBQhK8T3/PP9jxLie4xOnTpjGAY33ngzXbr88zCftaa9+uo23H//wzzxxNPUrFmL0qUTCQaD9n+maVK5chV69Libp54awOWXNwcU4hMRERERCVelSlXgUK3YWud/+unH/PDDDEzTxOk8cojPauIuX74CkB/i8/l89qQWERERESl5TNO014dHCvNZ68F/GuYLD/H16tWDPXt2A/mbS0yY8BXLl6vPQESkMM7i/gAiInJ6OTzMN2BAX9avX2t/UbCaQILBIG+88QqBQIC2bTvYjSGWUChEKBTCNE1ycnKAQ4G/uLg42rUreI6IiIiISEllNTMDzJnzE2eddQ4pKSkRk1SsIJ/P57XX17t27WTixPF8/vlQ/vhj8VF3X3Y6nQSDQZYtW8r3308DwOWKwufz2htuiIiIiMipY/LkicycOR0Ap9NJKBSKmMTXqVNnIL8WW7ZsObp0uRWA0aNHRDT+Hh7mu//+h6lcuUqhoTtrnWoYBlWrVqNq1Wo0btyUPXt2k5q63L5epUqVOOusc4iPj7fPVYhPRERERCTSlVe25NJLv2HBgvn2Wjp8I2XDMPB682vB77zzfkSIDw71b6SlbQMONXTXrFmbMmVSiu25REREROSfcTgc9tru9tvvBGDo0A8jBm9YmzdYYb5XX32LqlWrHXcd9vAQX3r69og687Rp3+FyuTjjjHq43e6T+rwiIiWNEg4iIlJkrN06jmcyn2ma5OXl8corzzN27Jf21L1wpmkye/YsfvhhBoB9fqVKlalWrUbRPJSIiIiISBGwQnxjx35Jv36P06fPfWRk7MLhcNjN1vXqnU39+ufYx1p/zp79Y4EQX9Wq1QrsvmydU7p0afvvPp8XgJiYmCJ9XhERERE5+WrXrkv79tcSHR2Nz+crNMQXXrctUyaFLl1u/ceT+cKbQEKhEKVLJ1KrVh2uvfY/XHddJzp2vJ4GDRoSHx8fMZVaIT4REREROV2Er4MLe91aZweDQS6++BKio6Pttbm1KTLkr9kTE5MYNmwkKSll8Xq9di3YulZ2djY7d6bb5wYCAerWPUPN1iIiIiIlnLURGxx5Mt/hYb7jncx3pBBfeM3Y7XZz4403a10pIlIIBflEROSEOXzxHgwG7eYPONRoYS3WA4HAUcN8VgF58OD/8frrrzB58iRyc3PxeDzs3buHqVMn88wzfQGIioqyr9u9+11Ur16jCJ5YRERERKTozJo1k8GD/wfA5s0beeyxh8jI2GXvapeQkECdOnULNDuHNzxbk/jef39ogRCfdV56ejqmaWIYBqZpUqpUKRITk4rwSUVERESkKJx11tl06nQTLVu2sV97+OEnIkJ8VtOF5USF+SzHCucdfn8RERERkVNV+LrZNE32789kw4b1zJ79IwsX/kpa2jaysrIA7HW2aZpcf31n6tc/127CPrwmnJ2dxYQJ44D8vorwewB89NEQFi9eZH+GSpUq06FDxwKfSURERERKHqtPF05cmO9oIT6n04nP5yM+PoGPPx5OzZq1iuQ5RURKGiNUTN+4MzIOFsdtRUTkJLBGafv9frKzs5gxYxrbtm1h06ZN5ObmUK5cec4440zOOec8LrrokohzrcbhrVu3MGBAX9avXxvxRSH8i4RpmlSpUhW3O5pAIMCGDeuAQ0VqlyuKJ57oR5s27SM+l4iIiIjIqWDgwDfthgtrsl7ZsuX49NORlC6dCMC+fft4/PGHWLNmVcS62lobx8bG8corb9jrcqs52/ozEAgwYEBf5sz5yV5nN2lyOf/97/+K4YlFREREpCj8+edqRo78nAsvvJjrrrsBKDzEF27Pnt2MGTOSL78cAUTu7hwKhXC73TRocBn33/8wlStXUa1WREREROQowtffq1evYsWKZYwZM4qDBw+SlZXfY1eqVCkqVapM16530KzZlcChfosDB/bTq1cPtmzZHLE2h0NhvDZt2tOqVRvq1Tsb0zTYsmUzEyZ8xdSpkwFwuVz4fD6uvroNDz/8BAkJCUX5KxARERGRkyh8g9/hw4cxdOiHEYM34FCvbvXqNXj11beoWrVagbru8Yb4hgz5RCE+ESkRypYtnu++CvKJiMg/YhWU09K28eOPM5k5cxobNqwv9NjExCTOPLMeDz74COXLV8TtdhMKhexF/JHCfFYDsWEYEQVnS3x8AjVq1ODWW7vTtOkVgEJ8IiIiIlKyHd44nZeXx3339WDt2j/tQngoFKJhw8Y8/PATVKpU2V5bf//9NIYO/ZCdO9MjJl5b2rbtwBVXXGmvncP973+vMWHCV/bPyclleOCBh2nZsrXW2CIiIiKnsMzMTBITE4Fjh/gse/bsZvTokYwerTCfiIiIiMjfFb7+njFjGuPGjWLjxg14PB67FhwVFYXH4yEuLp7+/Z+PqO1aTdmbNm2kX7/H2Lp1i30eENFnkZBQipiYGEzTxOv1snfvHgDcbjcej4fq1Wvw+usDqVSpchH/FkRERETkZPunYT6F+ETkVKQgn4iIlDhWQfnPP1fz5pv/ZdOmjeTm5kQ0eYRCIXtxb036qFKlKv/5zw00b96CcuXKH1eYz+JyuahSpSotWrRi06aNuN3RtGhxNRUqVKRKlar2PdUQIiIiIiIlVXjjxuzZs6hVqzZVq1bjyScfZt68ufa6un37a+nbd0CB8zMzMxk1ajhTpnzL/v2ZGIZhr4+tho3q1Wty0UUX06pVW9zuaDZsWMevv85j5szpALhcUfh8Xho3bkrfvs+QlJRURE8vIiIiIkXp8FrqX62tajKfiIiIiMjfF14LHj9+DIMG/c9eT1tra4fDgd/vJy4uju7de9KxYydiYmIirmOts7du3cJTTz3G5s0b7TqydX3r7+HXt/o0/H4/SUnJDB78IdWr1yi6X4CIiIiIFKnjCfNZ68/wMJ/P58PlcrF7dwa9evVUiE9EThkK8omISIliFXlTU5fx9NNPsHfvnogGYatQfPif1rlJSclcddXV3HDDTVSpUpVQKGQXoY8U5rNCgfHx8Tz+eD+aN29R4HOpEURERERESrLwxoovvxzBkCHvUK/eWbz++kDmzv2Z119/GYALLriIt99+D6fTWejElF27djJ8+KfMnv0jmZn7It63CvGhUIi4uDgCgSDBYACv1wtAVFQUXq+XihUr8b//vWtvmCEiIiIiUhhN5hMRERER+evC18Xjxo1m0KC3gEObrB2uY8frufXWblSsWOmo1ztw4AB9+z7CypWp9lS+8DU6YNeHrV6M6tVr8vLLryvEJyIiInIaCO8vOJ7JfC+++Bo1a9YiI2MX9913l0J8InJKUZBPRERKDKsAvHr1Sh56qBc5OTkFisnWrm2AvcAPD/QFg0Hi4xNo1uxKunXrYRebrR0/jhbmA4iNjeXxx/vRsmXriM8kIiIiIlJSha9px4wZybvvDrTfq127Ll27dmPixPEsXbqETp1uok+fxwoN8VnXycjYxddfj2PGjKns2rXTPu7wzTasDTWsawUCAZKSkhk06ANq1KhZZM8vIiIiIiWXwnwiIiIiIn/P5MmTeO21lwCIjo4mLy8PgI4dO1GjRg0Mw2TPnt1cdlkjzj//QiBykko4a1JKbm4uo0YN57ff5rNq1Qr7fWsKn1Ufrly5Kueeex533nn3EQOCIiIiInLq+Sthvlq1avPII315+eVn2bFDIT4RObUoyCciIiXKpk0bGTDgSTZt2ojb7cbj8QDQsmVr6tY9g3PPPZ/Nmzfy+++LmD37R3w+H4AdyrMahkuXLs011/yHm266lcTERODQl4Qjhfmsc+Pi4njssacU5hMRERGRU8rYsV8yePD/AOwieCgUolq16hiGyebNG7nzzru544678Pv9OJ3OAtew1sb79u1j9uwfmDTpa9aty19XW8G9QCAQEe4LhUK4XC5q1KjFc8+9TLVq1Yv0uUVERESkZFOYT0RERETkr1m0aAGvvfYS6ek7iIqKwuvN3zz5xRf/yxVXXFlgc7ZweXl57Nq1EwgRFRVNhQoVIt73+/1kZOxi1qyZLFq0kHXr/iQYDJKXl0vNmrWoU+cMrr32P1SpUo2EhOJpXBQRERGR4hO+OcSRwnwOh8PuSfD7/bhcLvtnhfhE5FSgIJ+IiJQY2dlZvP/+u3z33SRCoRCBQACAbt16cOeddwNETAWZOnUys2b9wPz5c4FDDRxWIK9cufI88siTNGlyuf3lQGE+ERERETkd7dmzm+eee5ply/6w18SHQnZRmKaBx+OhXbtreOqpZ47rmj6fjz17dvPuuwP544/F7N+fWehxtWrV4bLLGnH99Z0LNH2IiIiIiByPY4X54uLiOPvs8+jT5zGqVq1WnB9VRERERKTYhEIh8vLyGDTof0ybNplgMGivm19//W0aNWpqH3v4Zm6LFi3gp59+4LfffiUzcx8eTx6xsbG0b9+Rq69uQ716ZxW4n8/nIzc3h0AggMfjITExiejo6JP/oCIiIiLyr3Y8YT7AnugMKMQnIqcUBflERORfzwrJbdmyib59H2Xr1i32Av0//7mBRx55MuJYa9IHwMqVqXz77SQmT54IFAzz1a17Jh98MIyoqCj7GgrziYiIiMjpKDV1OaNGDee33+bh9XojwnzWRL3SpUvz0kuvc8EFF/2lay9d+gerV69g2bI/2Lt3D6EQVK1ajcqVq9CmTXs1cIiIiIjIP3akMJ/V4AEwcOAQLr64QXF+TBERERGRYrV27Z/cd18P8vLy7NceffRJrrvuBrvnITzEl5q6nHnz5vDFF5/ax4dP8QO49NJGXH/9jTRpcjlwqOfC+hOI6LdQb4WIiIiIHCvMZ60Z8zcfdinEJyKnlOIK8jmPfYiIiJzqwhfiR2MtzMeMGcXWrVswTRPDMIiPj+fKK1sChxbthmHgcDjsn+vXP4f4+Hjc7ijGjx9LIBCwC8UOh4O1a9cwZsxIbrvtDvt+VkG5atVqvPjifwuE+axG5uzsbN5881UAWrZsrYKziIiIiJRI1hr2nHPOpWvXbgSDARYu/M0O81nHAGRlZfHrr/OoU+cM4uPjj3lta81//vkXcP75F3DDDV0IhUL4/X4F90RERETkhCpTJoUuXW4FYPToEQQCAdxuNx6PB4C+fQcoxCciIiIipy0rVDdt2nfk5eXhcrnw+/1UrFiJCy+8JKKXwgrxDRv2EfPnz2X16lX264FAwN4ow+qtWLBgPoYBVapUpXr1GnbPhHU9IKKPQj0VIiIiIuJwOOx+gttvvxMgIsynEJ+IyIlnHvsQERE5VU2ePJG0tG32jsjHIxAIsH17WsTPsbFxnHXW2UDBQm/4z9Wq1eCaa/5Dq1ZtgPwCtTW5D2Dduj8L3O/wMF/t2nUL7PYRHuabOXO6fd9iGjorIiIiInJMx1p/169/DrffficNGlxGVFRUxBrYNE0CgQBffTWaefPmHtf9Dt+4wzRNnE5nRIhP62cREREROVGsMF+XLl0B7BBfv37P0r79tYDWnyIiIiJyerJCdTt2bAfA7/fbfRNlyqTgcDgwDIOcnGxWrVrBE0/04dNPP7ZDfC6Xi0AgAGA3VsOhGvBvv83nxx+/t98XERERkVOHVVM90bXV8B7i22+/kx497rEHbhiGoRCfiMgJpiCfiMhp6vPPh/Laay/z9NNPsGPHdrsZ+GiCwSDp6TtYuvQP4NCXAb/fj9frOa771q5dhzZtOlCrVh27qGwVj+fO/ZlNmzYW+JLxV8J8Awe+wdSpkwEVpUVERETk38nacRnghx9mMHv2LKDgZhRHCvOFQiEcDgcej4c33niFuXN//sufobC1stbPIiIiInIilSmTws03d+WGG7oA8OST/WnbtgNwaBq1iIiIiMjpytrswjAMTNNkz549fPLJB2zbtpW1a//kww/f4+WXn2P+/F8wTdPenM3n89k14uTkMnYIMBgM2mG+H374nr1792jzDBEREZES7vD1nFVTPRm11fAe4vAwn2ma+Hw+EhJKKcQnInKCOIv7A4iISNH7/POhfPLJBwCsX7+W/v2f5KWXXqNixUr2iOzCmKaJ2x39/7tvOOwG5EAgQEZGBqVKlT7q+VZzRoMGl3HFFc3ZsGGd/Z7D4cDv90cE9A6/d3iYb8CAvqxfv9be9SN/dHcU+/fv55NPPuCKK5oTGxunZhARERER+VcJD/GNGvUF778/iLPPPpeoKBeNGjW1g3rWOtYK8wEsXPgbXq/XXhs7nU7y8nJ5/vn+PP/8KzRu3LTYnktEREREpDDJyWW49dZutG7dlnr16gMK8YmIiIjI6c1aD8fERAOHGqZ9Pi8TJoxj+vQp5Obm2E3UpmliGAaBQMCektKtWw/OPvtcLrnkUkaPHsFnn32Cz+ez38/JyY7YVFlERERESp7w3oLt29PYvj2NxYsXARAbG0vjxk0pUyaF0qUTgRNTd3U4HHYP8O2334lpmnz44XvExyfw3nsfK8QnInKCGKFi2nonI+NgcdxWROS099lnnzB06IcAOJ1Oe2e2M86od1xhvj17dtOly/Xk5eVGTAz5z39u4JFHngSO/oXA+nKRnZ1Fr1492LRpI3AoyPfhh59Sv/45R/z81vlbt26JCPM5HA58Ph+lSpVi8OCPqFWr9t/+HYmIiIiInAzhhfbRo0fw3nvvAOByRVG//tnccsvtdhjv8DX1ypWpDB8+LCLMZ+267Pf7iY6OUZhPRERERP71wtfEIiIiIiKns4ULf6Nfv8fJy8v9/82Ug3YPRigUwul02r0bfr+fuLg46tWrz4033kyTJpdH1JCfffYpfvxxpn1+6dKJfPLJF1SoUKGYn1JERERE/o7wOuq0ad8xceJ4/vxzNT6fzz4mPj6Biy66mPbtO57wPoHwHuLRo0dw2WWNFeITkVNS2bIJxXJf/UuZiMhpZP36dXaIz+VyEQgECIVCmKbJn3+upn//J9mxY7u9q8bh8hfnTsqUKQPkj+e2vizMnDmDGTOm2a8fKSduTQ9xuaJwu6Pt4/x+v32Po2XMD5/MV7t2XYLBoD26+913P1aIT0RERET+lay182effRIR4vP5vCxfvpRRo4Yzb95coOCa2prM16DBZURFRdlNHYFAwJ7M9+yz/ezzRUREROT0Zk3isBTTvp4FKMQnIiIiIpKvVq3aXHllC1yuKAKBQESIzzRNu4fC7/dTrlx5eva8l0ceeYImTS63rxEKhf6/XyL/WGsKX82atUhKSiyOxxIRERGRf8haDwKMGzeal19+jhUrluPz+XC5XBiGgcvlIivrIHPmzOappx5l4sSvTuhnCO8h7tKlq0J8IiInmP61TETkNFK7dh369XuW+PgEfD6fvTvb8Yb5HA4HiYmJNGzYGMhvBrEaQA4ePMCUKd/Yo7uPFeaLiooiIeFQit0wDGrVqkPNmrWPOd47PMz30kuvUa5ceaKjozW6W0RERET+9fbt28fYsV8C4Ha78ft99vpWYT4RERER+aes9WN4YM7v9x+z5ioiIiIiIkWrTJkUrrnmOho1akx0dPT/b4jsAg5tzJGSUpYmTS7nvfc+5oYbulCtWg3g0LrfMAzS0raRnr7Dfj0UClG7dl3c7uiifygRERER+cesWu4330xg0KC3gPx6r2EY+P1+QqGQXfM1DINgMMhbb73GF198ekI/hzWRT0RETjxncX8AEREpGtao7bZtO2CaJm+99Rq5uTmYphmxq9uff67m6aef4KWXXqNSpcoRI7JDoRCGYXDuuRfw3Xff4PV6AewvA7//vpCEhFI4nU7OO+8C+/XCdlneunUL6ek77C8YgUCA5ORk3G73cT2P1excpUpVBg36AIDKlaucoN+WiIiIiMjJkZSUxNtvv8fzzz/N1q1bcDqdBAKBAmE+gMaNm9phPqtYb4X5ABYu/A2v14tpmgXCfM8//wqNGzcttucUERERkaJn1WK3b09j6dIl/PTTDxw4cACPJ48zz6xPo0ZNaNLkcrvee6TarYiIiIiI/H1HWmdbdd7weu+5555PTEwsZ555FuPGjSYvLxfID/A1btyUpk2bcdFFF+N2R0dcN3xKyxdffMratWvs12vVqk2nTp0j7ikiIiIiJUtq6jK++OIzAFyuKHw+b8RaMnyas9PpxO/389FHQwgEAnTv3rN4P7yIiByTETrSuKSTLCPjYHHcVkTktBZe2J0+fUqBMB8cCuXVrXtmoWE+gEAgwEMP9WLp0iX2udZ5AE2bXsG11/6HRo2a2scbhhFRrB47dhSDB79t/1y6dGmef/5VLr64wV8qJqvZRERERERKorVr1zBgQF/S0rbZYb7wjTDOOec8brnldpo0uRwo2HCxatUKhg8fxoIFv9phvlAohMPhwO/3Ex0dw3PPvWyfLyIiIiKnNmsduXr1St5441XS0raSnZ2Nw+EgEAjYx7Vt24ErrmhO06bNIs4TEREREZG/L7x+6/f72b07gzVrVrF7dwaxsXHUrl2H5OQUUlJSgPx1uNWAbTlwYD8HDx4kEAgQGxtnHwvYPRuHr98HDnyD8ePHAvkTUxwOB9dddwM9e95LTExMUTy6iIiIiJxA1rpy7NhRvP/+YCB/fQkQExNLIODH7/cTDAbt9SFg9wkA9Ohxj8J8IiLHqWzZhGK5r4J8IiKnmX8a5rP+3LBhHf36PUFa2tZCw3x1657J1Ve34eabuxb4DNOnT+Gll54FwOl0EgwGadLkCvr0eYxy5coX0W9CRERERKR4hYf5rCL7iQzzxccn0Ldvf5o1u6q4HlFEREREioC1TkxNXcYjjzxAbm5ORFNw+BoRoE6durRtew2dO98MKMwnIiIiIvJPhK+nFy1awLx5c5g+fQoHDhywj3G5XJxzznm0atWWDh062q+H91mEr8mt130+Hy6Xq8A9s7OzeP/9wUya9DUAUVFReL1ezjrrbF588b+UL1/hZD2uiIiIiJxgh/cBeDwe7rnnDtavX2u/9sADj1CnTl0Atm3bymeffUJGxi4A+1yF+URE/joF+UREpMj83TBf+Hkej4epUyfz+edD2b07o9AwH0DDho0566yzufDCi1m/fi1btmxmwoSvAHC73Xg8HhITk3jmmRdo0KBhEf8mRERERESK18mazOd2u8nLyyMlpSwjR35FbGxscT2iiIiIiBSB9evX8cgj97N37x57XQlE1HvDa7cpKWW57rpOdOvWA1CYT0RERETk7whfR3/77USGDfuIzMx9+P1+XC4Xfr8fp9OJz+ezz7n99ju5665ex7x2eC34yy9HEAwGuPjiS1m27A9+/30B8+bNBQ71XZQtW46BA4dQrVr1k/CkIiIiInIyhK8nd+/OICWlLAA333w927ZtBeDVV9+iadMrIs5LS9vGwIFvsGzZH+Tk5CjMJyLyNynIJyIiReqfTuYD2LdvLxMnjmfixK/Yu3dvRJgP8gvL1rVM04wI+LlcUfh8XgCee+4VWrS4usieXURERETkZCmsAfrw8N3hTnSYz9p9OTExiYEDh1C7dp2T87AiIiIiUuxCoRC5ubkMHPgGU6dOtuuuVq3WmsZnTX8G7DptYmISnTp1tps5FOYTERERETl+4evnsWNHMXjw28ChTTQOb8kzTdPecKNz55vp1etBnE7nMe8zYcJXDB8+jN27M3A6nXZjNuRP+vP5fJQuncjgwR9Ss2atE/V4IiIiInKSha8nx4wZybx5c+nc+RYaN25K587XkZ6+nRYtWjFgwAv2GjO8j2DXrp18/vlQfv75JzIz9ynMJyLyNxRXkE//GicicpoKD9a1bt2ORx99kpiY2IiGjlAohGmarF27hv79n2T79jQcDoddXE5KSqZDh47cdFNXypUrH/HFwmouNgzDfs0wDDsE6PN5cbmi6N//eTvEV0zZchERERGREyJ8PTx//i+sXJkKcNQQH0Ddumfy4ov/pXLlKvj9frvp2lqzp6YuY9So4fzyyxz7euFr57POOpvbb7+TSy9tSGxsLF6vl1KlSjFo0AcK8YmIiIic4gzDwO/3sWzZUgB787Ty5StQo0ZN4uLicbmiItaP1po1M3MfX389js8++8R+PXwzNhERERERKZxVvwWYOPErO8QXFZW/9g4Gg/bGGodvsgEwduyXvP/+oIhQXmFWrEhl9uwf2b07w76vw+Gwa84+n48qVary3nsfK8QnIiIiUoIcHuJ7992BLF68iJEjP2fWrB+oUqUKAOXKlcPhcGCapr0GtNaX5cqVp0ePe2jR4moSE5PsGnAgELA3jBg69EO7/isiIv8eCvKJiJzG/kmYzyooly1bjg4druWBBx6mZs1adsgvPMhn/WyFAKOjo6lVqzbPPfcyrVu3izheRERERKQkCi+0jxo1nCee6MOYMaP488/Vx3V+eJgvEAj8rTBft249OOOMeiQnl2Hw4I/UuCEiIiJyijp8Q7SFCxeQlrbV/rlr1+4MGvQhn38+mk8/HcmDDz5CvXpnRYT0rLXrvn17FeYTEREREfmLrN6GOXN+4v33BwPgdrvxevM31mjW7CquueY6KleuYq/frXDf8Yb5cnNz+eabr/n994UYhkFUVFREQDA5OZnLL2/Om28Oonr1Gif1eUVERETkxLLqs6NHj+DddwcC+WvMFSuWM23aZPbu3QtAXFw8QIE1o9UvkJxchttuu6NAmC8YDCrMJyLyL2aEimn8UUbGweK4rYiIFCK86Xj69Cm89dZr5Obm2M3DgD2Su27dM3nppdeoVKkyfr/fXuwDZGVlMWjQW6xbt5a1a9cUeq/y5SvQseP1XHppI848sx6gEJ+IiIiIlGzh6+nRo0fw3nvv2O+1atWGzp1vtde+x7J27RoGDOhLWto2HA6HvcmGdY9zzjmPW265nSZNLgcKrqXXrFlNYmIi5ctXOIFPKCIiIiL/Fta6MC1tG0lJycTGxjJ16mReeeV5AG64oQsPPfRogXN27NjO66+/zOLFi+y1q/UeQGJiEp06daZ7954R9xERERERkcLt2LGdt99+nd9+m49pmnZz9UsvvU6zZlcCsH9/Jh9//D6//DLHnqoH2JsgA3TufDO9ej0Y0XsBsGvXTt57byA//jizwL0vvrgBLVu2pkmTK0hKSjpZjygiIiIiJ9Hs2bPo3/8JAJxOJ8Fg0K7LxsTEkp2dxUUXXcJbbw0usFa0WP0Ce/bs5osvPuWHH74nM3Of3UMQPrSjR4977PqviIjkK1s2oVjuqyCfiIgAfz/MFwgE7CKz1Wi8b99eFiz4lW3btrJ69SqSkpJITi5DrVq1ueyyxhGFZIX4RERERORU8cUXn/LRR0MAiIqKsndf/qthvlWrVvDMM/1IT99ur8ePFeYDtK4WEREROcVZ68GlS//g/vvvonnzFvTu3YcVK5bz3HP9iI9P4JVX3uDCCy8uNIjn9/vp1+8x5s//RWE+EREREZG/yarXLljwK08//Th5eXn2RJSnnnqGdu2uAQ6tpwOBAJ9++jGjR4/A6/Xa9dzjCfMBpKYuZ+fOdLZvT6NcuXIkJ5ehQYPLiu6BRUREROSkyMnJoX//J1m48NcCfQHW+rJSpcq88MJ/OfPMekes1x4tzGcYRsSmE3fffR+33XZHUT+qiMi/loJ8IiJyUoUH5qwF/eEhun8a5jveUJ4aQERERETkVLNlyyb69OlNRsYuXC4XgUAAwzDsRoy/GuabOXM6Awe+wf79++019l+ZzCciIiIipxZrHbh8+VL69LnP3jSibdsONG7clOeee5qEhFKMGjWehISC/+ho1XABnniij8J8IiIiIiJ/UygUwufz0bfvoyxc+Ku94XGpUqUYPPgjatasBeRvpGEF85566lHmzv0ZwG7KNk0zoobcufPN3H13b6Kiouxab1ZWFvHx8Uf8HKoJi4iIiJRM1loxLy+PZ57pa9drw2Md1t/btu1Av37PApF13nB/ZTJfr14Pcsstt53sRxQRKRGKK8inf3kTETlNhBdws7OzAfD5fAWOsxo2Wrdux6OPPklMTKy9wwdgF5TXrl1D//5Psn17ml2YLqxIbF3POhdQ44eIiIiIlBh+v99ukrYK2wCH74uUklKWe+99gDp16trr7FAoZBfRZ8yYxtixI1mzZvVx3fe88y7g3HMvAA41dlhN1MFgkNTUZYwZM5LZs3+0jxERERGRU5dpmixZ8jv33383Xq8Xt9sNwNSpkxkzZhTR0TEcOLCf7dvTCj0/vFHj9dcH0qhRk4jarVWzzczcx/jxY/nss0/s18OPExERERE53RmGgcvlIjNzH3Bo8wun04XL5QLyezGsEF///k/YIT6AmJgY+7xgMGjXkMeO/ZIhQ95hx47tAHzzzQTeeONlNm/eZB9/+OcQERERkZLJ6XQSCASIjo7m+edfpVGjpgV6cK2a7dSpk/nkkw+AyKnO4ayegjJlUrjttjto0eJqEhOTwgZ45F/L7XZz2WWNTvbjiYjIMWgin4jIKczaZSMzM5P09B1MmvQ1+/btYdu2bSQmJhIbG8fVV7emfPkKnHfeBfZ54TvD/ZXJfNqdWUREREROJX6/n8mTJ7JgwW88/ng/kpKS8Pv9mKZpr3v3788kIaEUpmmSk5PDvHlzGD58GBs3brCP+buT+WbP/pH+/Z+0G0OsQKG1Lg+FQlx2WSNeeOG/xMbGnqTfgoiIiIj8G3g8ebz44rPMnv0jTqfTbuK1/jRNE5fLxbPPvsTllzc/4s7M4bXfo03mS0pK5vrrb7Qn8x3peiIiIiIip5tQKERm5j5uvvl6srOzIza/6N37Ibp06Wof27//k/ZmbABdunQlLi6OCRO+Yu/ePXajtmmadg25fv1ziImJYcOG9ezbt5d69c7ixRdfp0KFCkX4lCIiIiJSFKy6a25uLs8+24/58+cW2qdrGAY9etxDt249Is473JEm8wEkJJTivfc+tidIi4hI8U3kcxbLXUVE5KSzQnXr1q1l6NAPWbfuT9LTd9jvb96c/+eCBfOJjo6hY8frad/+GipXrorT6bQbOlq3bgdQIMx3+GQ+K8ynhg4RERERORUEAgFmzJjKd999y+rVK9mwYT0ffDCMxMREuylj+PBh/PrrPB555Elq1apNbGwsjRtfbr9nhfmsyXz515wGEBHms4rph9+/Tp0zKF06EY8njwoVKrJp00ZM08ThcODz+YiJiaV37z4K8YmIiIicBtzuaO68824Mw+Cnn34A8pt9w9eRHo+HL774jAYNGhIdHV3oOjO89vv66wMLhPmsJuR9+/YyadLXBAIBevS4RzVfEREREZH/FwqFcDpdJCSUIicnh2AwiNPppHLlKiQnp9jHPfvsUxEhvq5du3PPPb3Jy8tjx47tTJnyrb3+tibzBQIBVq5MBQ6t99evX8+6dWsU5BMRERE5BVlrwJiYGJ5//pUCYT6rTzcYDDJs2EcAdOvWwz7v8Lrt4ZP5TNNk/PixREVFKcQnIvIvorFJIiKnICvEl5q6nKeeeoy5c2eTnr7DnhxiFXwdDgfBYJDs7CxGjRrOm2/+l8mTJ+HxeHA6nfh8PgBat27Ho48+SUxMbMT47sPDfNu3p9nXFBEREREpyXbuTGfKlPwQn8vlIi1tK7163cmBA/sxTZNRo77g44/fZ/nypQwb9hHr168jGAwSGxtLkyZXcPvtd1KzZi17bWyF+QBmzJjG2LEj+fPP1cChYno4h8NBqVKlcTgcJCSUonfvPjRu3JRgMIjP5yM+PoEPP/xUhXYRERGR00itWrXp2fNeLr+8OYBdqw1v6Fi/fi2jRg3H5/MVus6EQ2E+gNdfH0ijRk0iarrW5hG7d2fw5ZdfsG7d2iJ5PhERERGRksA0TRISEjj//AvtdXi1atW5++7etGrVBoA333yVH3+caZ/TpUtX7rmnNwDR0dHce+/9VKhQyZ7CFwqFCAQCdi+H1c8RCoU4++xzOPvsc4v+QUVERETkhCisRgvYNdnDw3yNGjWN6NOFQ5P5hg37iM8/Hxpx3uHCw3y33HI7N910K0OHfqHeAhGRfxEF+URETjFWoXjlylQee+wB0tO343K5AOyd3ILBYEQh2GooXrLkd4YPH8bgwW+Tm5uLy+X6W2E+0zQL/YIgIiIiIlJSVKpUmfLl83c4DgaDuFwutm3byn333cWnn37M++8PAvKbLubM+YkPP3yXvLw8AGJiYo4rzDd69EiWL18KHCq8W/cDWLNmFR6Ph4yMXWRlHeTFF1+jQYOGpKSU1W55IiIiIqep6tVrcM89vSPCfNY0vWAwiNfrZdasmcyYMRW/3/+3wnwOh9Ou7z7yyJPUqVO3CJ5MRERERKRksNbNF110CQkJpahRoxY9e97LFVc0B+Drr8cxc+Z0u6eiVas29Or1AACBQAC/309SUjL/+U8nHA4HhmHgckXZNWJrc2afz0dSUjKPP96PpKTkYnlWEREREfnnQqEQwWCQzMxMdu/OICsrC8Cu61qT9fx+f6FhvlAoZG/28FfDfCkpZbnnnt5Uq1ajyJ5XRESOzVncH0BERE4swzDYvHkTL7/8HNnZ2bjdbjweDwDnnns+5cqVxzAMdu/O4I8/FtuLeGv89q5dO5k5cxq7du3kuedeIjY2zv4i0Lp1OwDeeus1cnNzCozvXrt2DU888TCvvfY/KleuUmy/AxERERGRf8JqlujWrQd//rmaTZs22mG+zZs3MmzYRwBER8eQl5cLwPXXdyY2Nta+hhXmAxg+fBgbN26w189WMf3776eRlXWQ9u070qzZlXah3vrz+++nkZ2dX8TPyckhKiqKV155g6ysLFJSUors9yEiIiIi/y5WmA9gzpyf7PWr1cixadNGvv56HKZpcvXVbXA6nXaNN5wV5nM6nbz++kCeeKIP8+f/QjDoBaBfv2dp27YDQKHni4iIiIicjqz67RVXXMmSJb/TqFFTe6ON/2PvPsOjKrc2jv+nZVIIKQQINYBUpYmAItgbiu2IFUFQUTxiAfXFBoIUFRUbYhdFpYhdpCvSpEjvAaS3AAFSSJv6fsjZDzOEpkKAcP+u61wHZvaUnQ/nrCzW/azMzAzmzZtLTk4Odrsdt9vNhRdeHNYbtlSoUNEMbTdpch47d6axefMm81jFipUYOPBNqlZNORm3KSIiIiL/QOjBa1lZmWzYsJ6ff/6eLVu2sH37NnJzcylXrhy1atWhSZOmXHrpFSQkJAAH+rVWmK937+eYPXumqSWt/qwV5gPo2PF+M38QWmsC5vqDHxcRkZNPQT4RkRImNzeHb74ZxY4d23E4HCbE17Hj/bRr14Ho6Bhz7Vdffc4334xk3759JozncDjIyclh9uyZbN26hdq164ad/Ha4MJ/D4SAQCLBp0wY2bFivIJ+IiIiInLasxnpSUhLnnNOAjRs3mBPwAHPanRXiszaYHDzcfKQwn3WQxuzZf7BzZxrLly/lttvuJBgMsn//fr7/fjTjxo0x11lbtiMjI4mMjCzOH4eIiIiInIIOF+az6sc1a1L59tuvAf5WmK9bt4dZsGCeQnwiIiIicsYKHb6G8HrY+rPf76dUqVL06PG86d0CLF++jJkzp5lrC7fvFQ5mhw5e2+12ypVLxuFw4HA4aNfuHkqXjiM1dSWpqas466yatGjRkuTkCsV12yIiIiLyL4XWkbNnz2TKlF+ZOvU38vPzgQPb89LSdrBt21ZmzJjKqFFf8fjjT1Gv3jkkJCQc9zCfiIicmhTkExEpIawiPSsrm/nz/8Tr9Zrn7rjjbjp3fshc5/V6iYiIoH37TqxencrUqb9hs9lwOBzmdYMGDaZ27brmfa0BkEOF+VyuCLzeA6c0t2p1cTHfvYiIiIjI8RcdHcOdd7Zn6tTfyMnJASgywPziiy/TokVLvF5v2MCG5XBhPjiwFXv9+nWsX7+OKVMm4/N5cbki2LkzDShswFerVp3zz29xIm9VRERERE4BBw8MH+55q2d7IsJ8b731HvPmzaVZs/MBhfhERERE5MwQWvfa7XYKCgoIBoNkZOzDZrNRvnxy2GC0ddCx1RO2nktNXQmAy+UyB8Olpe0IuyYYDAKwatVyAoEAfr+fpUsX06lTZ2rWrMX1199UrPcuIiIiIv9eaG937Nif+fjj99m3by+BQACn04nf7ycQCAAHak+bzcb27dvo27cXbdrcSOvWbahVq7bCfCIiZwAF+URESgirOP/mmxFs27bF/FIQG1uaK664CsD8IhAREQHA6NEjmDr1N6BwWCM0xNe8+QXm+tCG9cFhvrffHkR2dhZA2CnNRxs6ERERERE5lVkN7mrVqtO8eQt+//3XsFOXrWGLoUM/onHjc0lMLGOGnw92pDCf1aAH2L17l9nWB4XDHl6vl/r1GxETE1PkfUVERESkZLHqwB07trNt21YAcnJyqF69OklJ5YiOjgYKa0ir/3oiwnxWiE89XhERERE5E4TWvWvXrmbNmtV8993XZGdnk5a2A5fLRd26Z1OuXHluu+0uKlasSEJCYtggtTUsnZ6eDoDP58Nms+Hz+XjnnTeoW7ceNWrUBDDXLly4wPSZS5eOK+7bFhEREZHjJLSeHD16JIMHvwFg+rR+v7/IhudgMGhmEnJy9vPTT9+Rnr6LW2+9kwYNGv3tMJ/d7qBDh04K8YmInCYU5BMRKWF27kwLK9JjY2OpV+8coPCXAKtQHzXqK4YMeRuAyMhIs77bCvGFnvqxYcN68vPzzPuEhvn8fj8vv9yXZ57ppRCfiIiIiJQYVt08YsSX/P77r2HPWfW20+lk06YNdO36AO+/P5T4+PijhvlsNjtffDGU9ev/wm63myY9EPbf1kEbyckV6dChE2535Im8XRERERE5Saw+7L59+9iwYR1ffz2cjRs3sH37NnOCcmJiInFx8dx2213UrVuPWrXqhB26djzDfKHU4xURERGRki50tmHixHGMGvUVmzZtwuv14HA4sNlseL1eli1bAsC8eXNo3LgJ119/Ey1atCoykB0RUbihz6rFXS4XOTn7efjhB+jZsw9VqqQQGRnJl19+zowZU8111qEdIiIiInJ6CT2od8yYH02ILyIiAo/HAxTOF8THx5Obm0t+fj5+vx8IX6xRUFDAjBnT8Xp9RES4qVOn7jGH+ex2Ox99NASn08ldd7U/CT8FERH5u2xBa0qsmO3enX0yPlZEpMQKBALk5+fTvv1t7N69yxT58fEJvP/+p5QrV95s4jtaiM/i9/v5448ZPP/8/3HLLbfRvXsP81zoLwLbtm2lUqXKRR4XERERETmdzZo1k6ef7g5AVFQ0eXm55jmrOe5wOPD5fFSpUpX33vv0iGE+gIKCfBYtWsjnn3/CihXLTN3udDoJBAJhYb4yZZJ46633qFat+om/WREREREpdtaQxvr1fzFs2FBWrFjGzp1ppkZ0OBzmGr/fT1RUNMnJydxzz31ceeU1Rd5v06aNfPjhEGbMmAocCOIFAgEAateuy6233nHEMJ+IiIiIyJkiNMT37bejePfdt8xQtdPpxO/3h9XUVi/Y8vjjT3LDDTeHHcI2e/ZMXnjhOfLz88IOhPN6vbhcEcTExBAZGUVa2nagcKi7cuUqvPPOhyQlJRXLfYuIiIjI8Tdz5jReeaU/mZkZuN1uCgoKAPjvfx+jdu061K/fkI0bNzB//ly+//4b9u3bi8/nCwvlBQIB3G43rVtfT4cOnShfPhnAbO7Ly8srEuZzOl14vR5KlYrlvfc+oXr1GifzxyAictopWzb2pHyujtIUETnNWY1km82Gw2EnIsId9nx2dhabNm00Ib6RI4++iQ9g3759jBnzI/36vQBAWtoO4MCWEOsXB4CKFSuZ5zT4ISIiIiIlRenScVx66RXY7Xby8nKx2+3UqFHTDFbbbDb8fj9Op5MtWzbz8MP3k5GRYU7GOxS3O5LmzS+gf/9XueSSy4mKigLA5/OZIF98fALnnnse77zzgUJ8IiIiIiWUNTS8atUKnnuuB7///qsJ8UF4/9W6Ni8vlw0b1vPiiz354ouhprdrsTbzXXTRpeZ1cCDQZ23mmzx5Aj6fL2w7tIiIiIjImSR0c8qPP37H228Pwu/343IVzlX4fD6CwSB+vx+/308wGDR1ucPhAODttwfxwQdD2L59m3nfihUrU7ly4SHI1vt7vV4cDgder4eMjH3s2pUGgMsVQTAY5Oyz6xMTE1Ns9y4iIiIix1d6ejoTJowjOzsLh8NhQnwDB75Ju3YdaNq0OZGRkdStW4/27Tvxwgv9uPba64mMjDQ1plWfFhQU8OuvE8xGaOtAicKD3go387Vo0ep/hwUXhvhiY0srxCcicprRRj4RkdOMVbhv2bKZKlWqFnn+//7vcebMmYXNZjMnNZcvn8zQocOZMmUSgwYNBA4f4gsGg+Tn5zF06Md8993XZgC5XLnyfPnl10RHq4EsIiIiImeO1atT+fzzj5k5czrvvPMBLlcEH3wwmGXLloQ11f/uZj7LrFkzWbMmlQUL5hEVFUVSUllatbqEevXOISEhoZjuUkRERESKk3Ug2vLly+je/WHy8/PNYRDWoRGhrJoTCNsCctdd7WnXriPx8fFhh6wdbTNfvXrncOON/6F16zZHrVdFREREREqymTOnM2BAH/bvzw7bnNK27R2UK1eepKSyTJkyiXXr/iItbUeRfjDAxRdfygMPPGwOZfvtt0n06fM8gNmyDeEHI1uvL18+mbfffp9KlSoX962LiIiIyL9k1XcLF87nueeeIicnxxye1q3bU7Rte0dYDRi6EXrr1i1MnDiOr78eQV5erqkbrQPeypRJ4uOPh1G2bDnzeaGb+fr27cnMmdOJjS3NkCEfK8QnIvIPnayNfPrXORGR04hVyC9dupgePbrxwAP/pW3bO4ADvxQkJZUFMAMfDoeDnTvTeOCBe8xJcIcL8dlsNmw2G9HRMWzatMEMHheePOcCtG1PRERERM4sderUpWPH+7nvvi7UqlUbgLvvvofhw78IC/MdvJnvWMN8F17YigsvbMU999xnmvYiIiIiUnJZfdi1a9fwwgvPkJ+fHzYwXLlyFaKjY4iLi2P9+nXs27c3rE9rDWv4/X5GjvyKiAg3nTs/ZLZFOxwOs5kPYMaMqaZmtdvt2Gw2Vq1aQU7Ofs499zwNDIuIiIjIGSs9fTeTJ48nNzcnbHPKK6+8QcuWF5nrmje/gLVrUxk69COWL18GFA5RR0RE4PF4WLNmDWXLljXXX3HF1eTl5TJw4AD8fj9QGNyzDucIBAL4fD4SExN5/fV3VJOLiIiInGJCw3dHYrPZKCgoYNSo4eTk5JgwXlxcPPXrNzLXWELnASpXrsJNN92Cw+Fg+PAvyM/PM4dGOJ1O9uxJZ+zYn+nY8X6zrS90M1+vXv0YOLAfHTverxCfiMhpSEE+EZHTRGiI77HHHsLv97NhwwbzvPXLw80338rUqVPYvz/bnM4BmBCf2+0+bIgv/PMKm8h+v59gMEhycgWio6OL41ZFRERERE4J1iB03bpnh/29RYtWgI3hw4cdMcw3ZMgnJCQkmMFrq+7et28f0dHRuN1u857WdmzrhL5j+YcBERERETn92Gw20tLSeOedQezevQuXy2UGhu+8sz3XXXcDlSpVJiIigr/+Wktq6kreffctcnL2m9dbB7j5/X6GDfuUhIRE2ra93dSVNpvtkGE+a9AYCrf5aWBYREREREqav9Nb3bJlM3PmzArbiP300z1p2fIi0/MtKCggPj6eZs0u4MsvPwcKa3KHw4HH4yElpTrvvPM+MTGl8Pv92Gw27HY7119/M1FR0Ywc+RWbNm0wMxoAiYllqFHjLLp370HVqinH9f5FRERE5J/r3783V199rZmpBY5aW9psNvbu3QNgNupVqFCROnXqHvXzkpLKcvXV15KZmclPP32P1+vBZrOZzc8rViwzyzks1mbn6Oho+vR5SXMFIiKnKQX5REROA9aJGkuXLqZbt67m1LaffvqO88+/gIsuutSc1lGmTBJ16tRlwYJ5ZpjDYp0AAvD++59Sv37DsHXd1mdlZOwjPz/PNKB9Pp9Z0a2hYhEREREpKQ6uba3a2AreORwO4ECAL3QwukWLlgBHDPN17drZbOaDwnrc4/EwfPgwypUrxw03/IeoqCgA81nWdSIiIiJS8lg146JF89mwYT0AXq8XgA4d7uXBBx8Ou75mzVrUrFmLBg0a8cor/UhNXYnP5zNhPqfTic/n47333iYlpRpNmzYPqyUPDvNZIb7nnuvNtddeD6jfKyIiIiIlw4YN66levcYxHZQWDAbx+/38+OO35Obmms0pFStWolGjcwFMn9jtdgPQq9czLFq0wGxC8Xq9VK2awuDBH5CQkGh6yqGuuOJqatWqzaZNG/n110m4XC5KlSpFy5YXUatWXdM3FhEREZGTr0eP7syePZNFixbQq1dfGjductTXBINBtm7dwtq1q039GQgE2L17F7t37zIzt0dSsWIlrr66NUuWLGLt2tVmK18wGGTJksVs2bKZSpUqh834WnWn+roiIqcvBflERE4DNpuNTZs20rXrAwC4XBEEAn4CgQBTp06hSZOmREVFY7fbSUpK4tZb72DBgnmmWWwNd1jOOaeBWadtnQJiPW+z2Zg2bQpLly4GwOfzERcXR9u2dxTvTYuIiIiInEChB1qkpaWxfftWxo0bQ1ZWJsFgkLJly9G4cRMuvPAiSpUqZV4XOghyLGG+hx66l169+lG+fHkiIiL48MMh/PzzD6SkVAfgppvammEQERERETk9HWsYzhoG/umn78nMzMButxMIBGjW7ALat+94yPfy+/2kpFSjZ88XeffdN5k3by4FBQXYbDb8fr95z99+m8TZZ9cnMjIybKgjJaUaDz3UFZ/Py+zZf/Dssy+YEN/Bh7yJiIiIiJyOnn32SdLT03nkke40atT4qGE+a2teeno6UFgXB4NBYmNjqVChIkBYMK9nz6eZNm3K/0J8TrxeD1WrpvDuux+RkJBo+sEA33//DeXKladVq4sBqFq1GlWrVuOiiy49wT8FEREREfmnevToxuzZf+B0OklP3023bg/zwQdDqVv37CO+zpq7tfqs1sKOYDBAVlYWZcuWM4cGH0m9eudw443/YdCgV8yWZ4C8vFzy8/PUwxURKYH0v+wiIqeJmJhSZtjX5/OaUzfmzp3Fzp07zcAwQKtWl/DII93+d63PbA6x1n2vWZPKo48+RGrqSpxOpyn8fT4f48aNYdCggUDhyR12u53zzmtOcnIFQKd4iIiIiMjpL3Rgedq0Kbz11qs8++yTTJw4jtmz/2DOnFmMGfMjr746gEcffZDU1FVhr7cGQQBatGjJ3Xd3pGHDxmYQ2xqqdjqdbNu2laef7sajj3bh0Ue78PPPPwCwadMG5s+fR0bGvuK9eRERERE5bnbuTAPC68OjWbBgHmvWpIYNX1StWpXo6BjzXqGs7SCVKlXmsceepGHDxmEHs0FhfTtr1gz2788+5FBH1arV+O9/H+Ptt9/nuutuADBDJSIiIiIip7MePbozc+Z0NmxYx/Dhn7NkyWLgyDV6MBhkz550du3aGVZbp6enk5mZAXDMIT4orNn379/P0KEf8eabr7JmTSpQWKdbQv98rL87iIiIiMiJ98QTj5oQn81W+O/9VapUpUqVqsf0+sTEROLjE8Ie27t3L5988gGAmd09HKtOvOKKq6levYbp2TqdTpxOJ2535D+5LREROcXpX+hERE4TpUuXpmXLi7Db7eb0DofDQWZmJh9//B55eXlhRf/NN7elXbt7AMypHlYT2ufzsXbtarp2fYB+/XoxbNinvP/+YPr1e4GXX+4LQGRkJD6fj9Kl47jhhpuJj48/WbcuIiIiInLchIb4fvjhW/r3783s2X+Qm5trambrv30+H3/9tZann+7OtGm/U1BQYN7n4DBfu3b3HDLMZ7fbyczMZOvWLWzYsB4Al8uFy+WiSpUqxMXFF/vPQERERET+vWHDPmXgwP4sWbIIOPYw3+bNm/B6vWEHr1lDIaHDvaGsGrNChYp0796DihUrEwgETD/Y6XSyd+9eJk+eABx6MLh69Ro0adLUfI4ObBMRERGR090zzzzB7NkzcTqdFBQUMH/+n3z55dCjhvlsNhulSsUSFRVl6nKHw0FGxj7Gj//FXNezZw8T4nM6D72JD2Ddur/46KMhfPbZxwAsX760yMEZoX9WLS4iIiJyatiwYT2LFs0HCus1r9dDzZq1eO+9T4mJKYXX6wUO9FsPri2DwSCBQIDIyKiwnqvdbmfx4oV8880o4Mi9Y6tOjI2NJTo6xvSIvV4vfr8fn893nO9aREROBQryiYicJiIiIrj55rbExyeY9dlW0b5x4wY2bFgHHBj2cLsjufPOu7nrrg4ARVZ0O51OPB4PkyZN4JNPPmDEiC+YMmWy+az8/HwAunV7iqZNmxfbfYqIiIiInCihwxOjR4/kjTcGkp+fj81mM8PRoQPVgUDgf0PRexg06BVmzpz2t8N8wWAwbDCjcODDy1ln1eL229sRGakT9ERERERON198MZRPPvmAefPm8tNP37NwYeGwx5EGcq26ce/ePcCBDR82m439+/cf9fVWjVmlSlV69nwRt9uNz+czB0gAbN++7ajvY72XiIiIiMjprHfvZ/njjxlERESYw9u8Xi8LF84/pjAfhNfk1pD0n3/OYfXq1P+F+H43m/g8nqIhPmsT39dfD+eHH74FCmvt3NxchfVERERETgPVq9fgnXc+oFKlyng8HmrVqs0773xIbGwsHo8Hl8sFwO7duw75epvNRkJCIldf3RrAzBoEAgH2789m0qRx/P77r+baIx0E5/F4yMvLM9fabDbOPrs+ycnJx/OWRUTkFKF/qRMROU1YJy536dLVNKOt5u/WrVuYMGEsEL6KOyEhkfvue5AHH3wYAJ/PZwaJrTCg3W43hb81wOHxeLDb7Tz/fB+uuOJq4NCnOIuIiIiInE6s+vmXX35k8OA3AHC73fj9/v+F9gob8Vagz6qbHQ4H+/bt5e23Bx1TmK9Ro3PDwnzWdQ6HA5/PR9my5ejVqy/ly6vpLiIiInK6+eKLoXz88ftAYS928uQJ/PTT9+Tk7D/i66y6sKCg8AA1K4QXDAaZPHkiO3emHVMALxAIULt2HS677MqwWhNg27atACbYJyIiIiJSUrVu3Ya4uHgz22Ad4nasYb6oqCguu+xKHA5H2KzEokUL6NGjmwnxHW4Tn3WIckREBKtWrQDA5YowQ9t5eXmqy0VEREROccFgkAYNGtGjx/M0a3YBb7/9gQnxRUREADBixBe0a9eWhQvnHzaMV7t2nbBDIqzaMjV1FT/++B3Tp081z1mLOizW3zdt2khubo6pbYPBIDVqnEV0dMyJun0RETmJFOQTETlNWMV93br1qFGjJhBe9E+ePJH58/80j1siIyPp0OFennuuN8nJFXG73QQCAdNYtq51OBz/W/MdSUpKdfr2fYXWrdsAFNkiIiIiIiJyulqwYB6ff/4pUDhkYYXyunTpSu/e/Xn00e7Url0Xp9NpgnhW/XysYb4OHTpx4YWtzOCGddiGFeJ74413qVo1pfhvXkRERET+le++G21CfJGRUWYw95ZbbiMmptQxvYd1Xej25oyMvcydOxufz3fU19vtdiIiIjj77PrmdGdLVFSUeW8RERERkZKsRYtW9OkzgNjY0vh8PtOD/TthvpSU6vj9flPXW7MXGRn7zMFs1ia+wYM/LBLig8Iec6lSsQAEAoXvU6/eOURFRYVdJyIiIiKnHqtGbNKkKa+//naREN+oUV/x/vuDKSgo4KWXXjxsmO+SSy7n0kuvMAE8OFBbLlw4n5Ejv2DMmB9NvRoIBExf17ru229HkZa2wxw6nJJSjbZt7wC0hENEpCRynuwvICIif0+NGjW56qrWpKauxO/3m0I+NzeH5cuX0rRpcwKBgHnccu2111OlSgrz5s1h3Lhf2L17J8Fg0DSlA4EA5csnc9NNt9Cs2fnUrXs2oBCfiIiIiJQMgUAAn8/H77//yp496dhsNjweDwCvvPIGLVteZK6tWbM2EyaM5ddfJ+H1eszrQ8N8AK1aXYLb7QYOnJ5nt9tp1uwC4uMTOPfcpgwfPgyfz0uZMkmcfXZ9OnS4l0qVKhfz3YuIiIjIvxUIBChbthzlyyezc2ca+fl5uFwu3nxzCI0anYvf7w87eA0O3Vs977xmjB49gvz8fPNYZmYmP//8Aw0aNKJ69RpH/B7W4HCtWnWIjIzE6/WaoY+KFSsBFOkNi4iIiIiURE2bNqdv35d54YVnyc7Owul0mhkKK8xX6D4aNWocdpgGwMUXX0rr1m2YMGFs2IyFVV97vV4qVKjI4MEfkphYBp/PZzatWNdv27aVzMwMM5ANB+pyERERETn1WbWhtQkvNMQ3ZMjbALhcLnbuTKNfvxfo1asvTZo0NXWl1a/t3Pkh0tK2s3z5MvO+Vo24fPkydu3axYoVy3j44cdxu9243W58Ph+5ubl88sn7jBs3BsAcUNGo0blUqFAh7DuKiEjJoSCfiMgp4FjDctZ1bdvezsKF8/jjjxmmQRwIBBg58ksuu+xKUlKqHfJ19es3oH79BrRtezvLli1l8+ZN+Hw+7HYblStXoWHDxiQkJP7t7yUiIiIicqqz2+2kpe1g4sTx5oRmv9/P/fd3oWXLi8yQhXXiXnx8PIsWLSAtbYcZ8DhSmO/gwzRq1apDrVp1aN26Dfn5eZQqFYvL5cLlcp2U+xcRERGRf8dut9OiRUvcbjf9+vUiMzOTN998j0aNGodt8Ni8eSMZGRk0bFh0UBggPj4BtzuS3NxcM5Rhs9lYvXoVb775Ki+++DIJCQmH/R7WVo9169aSn5+P3W7H4XDg8/lISakOqK8rIiIiImeOfxrmg8KB6Kuuas26dWtZu3aN6fFaz1ubUAoKCsjPzzcHabhcLtML/uqrYWzZstl8nxo1zuKGG/5jXq+6XEREROT0YdVuP//8gwnxOZ3O/83Y2klP310kzGfVheXLJ3PrrXeRk5PDhg3rzftZs727d+9i7NifWbp0MSkp1TjnnAasW/cXu3fvYsmSRUDhtmePx0OtWrXp0OFeoqNjTsJPQUREioOO5BQROckCgQA2m421a1czdepvpKfvBg69Djv09I/zz7+QiIgIM+zhcDjIzc1l3LgxeDyesNeHNocDgQClS8fRsuVF3HVXezp06MTdd3fkkksuJyEh0QwwH/w6EREREZHTlVXjTps2xWxOsR6LiSkFYBro1mD0sGGfkpa2AyBssOPgMN+0ab+Tk7PfNOhXrlzOzp1p5rNLly5NuXLliY6OVohPRERE5DTncrlo0qQpPXv25aOPPg8L8TkcDpYsWUzHjnfxxRdDWbp0MUDYoDBAtWrVueOOdgDmtVBYjy5atIAXX3w+rJ48nDVrUs2ffT4fyckVuOiiS8xnioiIiIicKawwX2xsaXOImzVUbYX5vvxyKEuWLAbCa/QmTZpy2WVXkphYeOCxNb9hmTNnFgMG9GHcuDHk5eWZHu/OnWm8/vor/PLLj0DhgLfT6aRp0+bExMSYzxERERGRk+9Qs7hHUrlyFRITywCEHQgcGuZbuHC+qfcCgQBOp5MWLVpy001tSUmpRjAYDJszsEJ9W7ZsZubM6Xz44RB+/XWiCfG5XC48Hg+JiYn06fMSyckVjtfti4jIKUhBPhGRk8g60W3ZsiXcd197BgzoQ58+z7N48cKwQF3on6GwsG/T5kZq1KiJ3+83A8UAf/45m/z8vLDHQoVuCTmUoz0vIiIiInK6sWrc7du3A5gTmQFyc3MA8Hq9OJ1OAHr27MGUKb+a19eoUROXK8IMcYSG+QYPfoMffviWtWvXMGbMj/Tt24sffviWHTu2F+ctioiIiEgxcblcXHDBhdSrdw5+v98csrZ06WK6d++Kz+dj4cIFfPPNqCKDwtbgxgUXtOTcc88DCnu/1uN2u50FC+bx4os9WbhwPjk5+4HCoJ51LcD48b/w888/AIUDJJGRkbRpcyNxcfGH7AmLiIiIiJR0fzfMZ7fb8fl8OJ1Obr+9HZdddqU59M3qA1s95CVLFjFkyFvcf397+vbtxRNPPMrTTz/BTz99BxRuTvH5fFStWo3bbmtHVFTUSfkZiIiIiEhR1pZkr9fL0qWLSU9PD3v+UP3UJk2a0r//QMqVKx920MPhwnzWDEF0dDTXXtuGDh3upU6deqYnHPr60FCf3W43z3m9XqpWTeGddz6katWUE/xTERGRk80W/Lsx8+Nk9+7sk/GxIiKnDCvEt3TpYrp1exiv14vD4TBDxf/5z200bdqcVq0uNq+xCnm/34/D4WDBgnn06fM8GRn7TBM5EAhwxx1388gj3U7SnYmIiIiInJr69+/NxInjzPY9gIYNG9O//6skJCQA0LPn00ybNsW8plOnzrRu3YahQz9kypRf8fl8YZuy/X4/LlcE0dFR5Obm4fV6AHj00Sdo2/Z2s+FPREREREquRYsW8NRTj+HxeHC73RQUFGCz2bjkksu59dY7adSoMXCgJwzw3Xdf89lnn5CZmWHqy9ATnKtUqUrTps25+ea2VKmSgsvlYsuWzfz55xzeeus1AFyuCLxeDykp1enZ80Xq1q1X/DcvIiIiInIKmT//T1544Vmys7NwOp1hByNbG7Y7dLjP1OhWmK+gIJ8PPxzC77//Rnr6boCwGYzQnnIol8uF1+slMTGRwYM/pGrVasV1qyIiIiJyjLxeL5MnT2D48GHUrVuPzp3/S4UKFcOumT37D2JjY6lfv6F5bOnSxbz4Yk927dqJ3W4P27AXCARISipLr159adKkqQnt2e12CgoKWLduLV9++RkzZ043taR12IQ1A2w9XrZsOerWPZuuXR+nUqXKxfqzERE505UtG3tSPtd5Uj5VRERMiO/RR7uYprHVJPb5fHz//WgmThzH1Ve35o477qZMmSTcbrcJ8QGkpFTj7LPPYdasmeZUZ5vNxrJlS9i+fRsVK1YKO9FDRERERORMZA1alC5d2jxmt9upUeMsbr65rQnxvfhiz7AQX/v2nbj//i4AXHfdjaxevZpNmzaYhrr1vl6vh8zMwgCfyxWBz+clOzuLk3R2koiIiIgUo+zsbF59dYAJ8Xk8HlMvhtaWjRo1Dtv60bbtHezcuZOvvx5e5GRmu93Oli2b2bJlM7/88hMpKdWIjIwkPX0PaWmFm5+twKDLFUGXLg8rxCciIiIiwoHNfAeH+UI38xUqDPNZ8xludyRdujxCXFw8v/02iQ0b1pth69BZjNBtKsFgEK/XS6VKlXnllTcU4hMRERE5Rc2aNZOvvx7O5s2b2Lx5Ey5XBB063GtCc8OHD+ODD97l8suvwul0mV5rw4aN6d27f5Ew38Gb+awwHxTOJrjdbs4+uz4vvzyIESO+JDV1JdOmTTE1qSUmphQNGzaiTZsbadiwMXFx8cX+sxERkZNDG/lERE6S3bt30b17VzZt2ghgTtuwGsChp7nVqVOPxo2bcNdd7SlTJinsfWbPnkmPHt3Ne/j9fgCefPJpbr751uK5GRERERGR08CyZUt45JEHCQQC1KhxFvfd14VLLrkMgCFD3mbUqK/MtbfeeiePP/4kcGAz9siRX/Hee28DFBneCAaDOJ1OvF4v1apV57XX3iE5Obn4b1JERERE/pVDHYwWerjawbxeL3Pm/MEHH7zL5s2bcDgcBAIB0+M91GY+K8wH8NZbrzF27M/k5+cDhJ3s7HA4zEZo63tZdafP5wOgZ88Xueaa6w773UVEREREzkT/dDOfz+djzpw/mDx5IlOmTDY1uMvlIhAImN8N/H4/SUllqVu3Ho880l2bU0REREROUX6/nzFjfuCNN141/VaA6667gW7d/o8ff/zOzADExMTQtGlz7r67I/XqnWP6rX93Mx9gDoWAwr7t6tWr2LNnD+vWraV06dKUKZNEuXLJ1KlT9yT8VERExHKyNvIpyCcichLNnTubdevW8umnH5rT2kIHPYCwQF/ZsuV44IH/Uq/eOVSrVt08/uabr/L9998AmOZypUqVefnlQVSvXqN4b0pERERE5BS1d+8eXnmlPzt3ptG5cxcuuuhSAKZN+513332TnTvTCAaDNGnSlP79XyU2NtbU43a7ne3bt/HYYw+xa9dOYmJK4XA4yMzMCDt5Ly4ujnff/TisXhcRERGR00NoEG7+/D9Zv/4vbr+9HXAgzGdtZQ7l9XqZP38ub731Otu3b/vbYb5PP/2QyZMnsG3bVgAzaGx9J6vetNvtZptIXFw8jz/+FFdccVWR7y4iIiIiIv88zGf57rvRLFo0n9mz/8Dv95saPTa2NI0aNebKK6/hvPOaEx8ffxLuTkRERESO1aZNG+natTOZmZm4XBF4vR4A6tY9m9TUlQBER0eTm5uLw+Fg6NCvqFGjJsA/DvOFHs52NOrtioicPAryiYicQQ4e9li5cjmzZs3k118nmmENCN/SZ50GEhUVTfXqNbjxxv9w3XU3YLPZ+PPPOfTt25Ps7Gzz/jExMTzxxNNcffW1RzwxWkRERETkTDJ37mwCgQAtWrQ0j7399iC+/XaU+fvNN9/Kk08+XaRhXlCQT6dO7di6dQstWrSkZs3azJnzB2vXriExsQwVKlTk2WdfICWlWnHekoiIiIgcZ/Pn/8l3333NzJnTufLKa+jduz8AHo+HiIgIFi1awNy5s+nc+SEz6Ptvw3y///4rM2dOZ9Kk8eZ7uFwR+Hxe4MBASGxsaZo0OY+bbrqFZs0uADToISIiIiJyOH83zHfwLIfH42HXrp3s2rWT7OwsYmNLEx8fbwa7RUREROTUZvVOx4z5kddee4lgMGiWZdjtdgKBAG63m4KCAux2O6+88kbYLEHoe/yTMJ+IiJzaFOQTETkDhRbrfr+f/fuz+eSTD1m9ehWrVq0w11lFv1XwW6688houuuhSLr/8SgYNGsiPP36LzWYz11WvXoMPPviM6OjoYr83EREREZHicqitKMdyTTAYZPPmTdx7bzuzHdvv93PLLbfRvXuPIs31/fv307HjnezatZPrrruBZ599gdzcHJYsWUxycgXi4xNISEg4IfcoIiIiIsVj+/ZtvPPOIGbP/sP0Yq+++lqee643DoeDxYsX8uijXQDo0OFe7rvvQRPG8/l8zJs35x+H+QoKCvjjjxlMn/47y5cvJSsri7y8XABq1qxFuXLlueOOu0lJqUaZMkmAQnwiIiIicmY5ll7wwTXy3w3zhQ5kH6nePpbvIiIiIiKnhvXr/+KVV/qTmroyrF8bGqMYNGgwzZtfcMjFGQrziYiUTCcryOc8KZ8qInKGOVwD12azmaI/GAwSFxfP448/SVraDn79dSI///wDGRkZeL0eM/Rht9vN6379dSKzZ8/k999/5eqrWzN9+u/s3bsHKNzmt3nzJn755Sduu+1O83kiIiIiIiXBwU3vnTvT2LRpI9u3b8PtdlOuXHni4uKpWbMWUHg4RuiQNBTWx9nZWfj9flwuFz6fD4C//lrLvn37TCjPet2mTRvx+/0ArFq1goKCfKKjY4qcyCciIiIip6/y5ZPJyMgwQ71+v59Jk8YTGRnJNddcR/fuXQFwOp18+eVn7N+fTffuPbDZbDidTpo1u4Bu3Z4qEuazTneeNm2K+axGjRqbQWKHw4Hb7ebyy6/k4osvpaAgn4yMDPLy8nA6nVSoUAGXK6JIn1k9XxEREREp6ULnLXw+H7t27WTVqhWkpaUBUKFCBcqUSaJRo3PNwcehw9dNmzanb9+Xi4T57HY7Xq+XhQvn/++TCsN8oQPdR6q3FeITEREROX3UqFGTSy65jFWrVoSF96x6r2nT82nQoBGBQKBIiM+6LhgM0rBhY3r37l8kzBcMBrHb7aSn76ZfvxcU5hMRkSPSRj4RkRPo4CI8PT2dffv2AkHKlEkiJqYUbrfbPH/wYHFq6kpWrFjOV199Tnr6bgDTeAbCBkBKly5NQUEBBQUFYd/hwgtbMXDgmyfwLkVEREREilfo4Ma8eXOYM2c2kyaNJzMzwzTd7XY7kZGRXHLJ5TRvfgGXXnoFTqezyCEbc+fO5qmnHjPPhW5defTRJ4iPjzfXvvJKP8aO/RmACy64kNdee1uNdxEREZESxKoV582bQ//+fdi7d4/px4b2YiMjo8jPzwOgfftOdOnSNex9/slmvtC68kibPVR/ioiIiMiZJLQ2nj17Jn/8MYMpU34lOzuryLUtWrSkUaNzufXWO8PmMKwa+p9s5lPtLSIiInJ6C60nv/tuNG+99VqRTXyWa6+9nk6dOlOxYqXDvt8/3cxnPSciIqeWk7WRT0E+EZETxPoFIC1tB4sXL2TcuDFs2rSBvXv3AlC2bDni4+O57robqFevPuecU9+89uDV3Onpu/n55x+YP/9Pli1bYn6RsIaNrc+DA8W+0+nC6/UA8PnnI6lR4yz9IiAiIiIip73QRvsvv/zE0KEfsW/fXnw+n9mqZw1KWzVyqVKx1Kt3Ns8914ekpKSw91uyZBGPPPIgcOAEZet1zZu3oHnz80lISGTu3MKwoOXGG//D//3fcyf8fkVERESk+O3atZMBA15k4cJ5psa0BjTsdrvZ0nz//V3o1KnzId/j34b5RERERETOdKG94DFjfuSTTz4gI2OfCd5ZveBgMGhqdIDatevSvfv/UaNGTaKjowGF+URERETOdEOHfsRnn30MYHq11hY9a6MzwHXX3UCnTp2pUKHiYd/r74T5evfuT+PGTU78DYqIyD+iIJ+ISAliNZTXrEnl7bcHsWHDerKzs3C5XHi9XhPS8/v9uFwu4uMTuOWW27j11juJjIwMew8r1Ofz+fB4PIwa9RXz5s1h+fJlAGEnM1sDINb1AM8804s2bW4s5p+AiIiIiMjxFzo0MXr0SAYPfgM4UBNbjXa/34/dbsdut+Pz+czmlJSUatx/fxfOO68ZpUvHAYUD1s888wRz584GCNu4YrFeD4VN/dKl43j++T6cf34LDXKIiIiIlFCzZ8+kR4/uQNGTkoPBYFiI73Ab9BTmExERERH5Z0Lr4m++GcU77wwCwnvBoXW1w+EwfWG/309yckVuueU2LrvsSpKTk8NeozCfiIiIyJklKyuL++67m50704iJiSEnJyfs+RMV5gsGg7hcLt54Y4ipLUVE5NRysoJ8Rf9VUURE/hVraGP58qU8+eRjLF26mP37s8MGioPBIIFAAIfDgdfrZffuXXz44RBee20ACxfON+9hXQPgdDqJjo7mvvse5PnnX+TZZ18gObkiUVFRYdv4nE6XCfE9++wLJsQXOogsIiIiInI6soYlxo792YT4IiIizPY9h8NBYmIZoLBx7vP5cDqdQGEAb9Omjbz77ltMmDCOXbt2msebNGlKTEyM+ZzQk/eswRCbzYbLFYHf76d69RrUrl0n7DuJiIiISMkQCATw+Xy0aNGKiy++NOy5YDBoBjF27twZ9vihOJ1OmjW7gG7dnqJixUph/WHrv6dNm8K3345iyZLFwIEBDxERERGRM5nVdx0//hcT4nO73aYXHB0dTaVKlXG5XACmF2zNWqSlbWf48GF8880INmxYH/aeTZs2p2/fl4mNLR221c9ut+P1elm4cD4jRgxj4cL5Ya8TERERkdNT6dKlGTRoMPXqnUNOTg52u5377+9Co0bnApjtfNas7rhxY/j880/YsWP7Yd/T6uM2bNiY3r37U65ceXPIBBBSYzpISEg48TcpIiKnFW3kExE5jqxTNlJTV9G9e1f2788mIiICj8djrrFOgrMcfJpH/foNuemmW7jqqtbmFwPLwSc7b9mymaVLF/Pjj9+SmroqbFPIs8++wHXX3RD2vURERERETneLFy/kpZdeZMeO7WG19uOPP0mtWnWpW7cus2f/wcKF8/nxx+/ChqStwzVsNhuPPvoEt9xyGw6HA4/Hw8CB/Zg0aYL5HKu2tupo67WJiYkMHvwRVaumnJT7FxEREZETy+qlLl++lMceewiv1wscGMyw6sNgMMjVV7emV69+APj9/iL9XIs284mIiIiI/H3Lli1h4MD+bNq0MawX/H//9xz16p1NrVp1WLJkEUuXLuHjj98L6wVbtTbAXXd14KGHHimyRftIm/kALr30Cnr27IPbHVm8Ny4iIiIiJ8TGjRvo0+d5HnroES644EJmzpzOV199zooVy4Djt5nP5YrA6/UQG1uaIUM+pnr1GsVyfyIi8vedrI18CvKJiBxn27Zt5cUXe7Jq1YqwZvI111xH7dp1qFOnHnPnzmbFimXmBDerYWw1hJOTK3LbbXdy++13HdNner1eRo36iqVLFzNnziyefron119/k3nPgxvSIiIiIiKnG+sUvI8+eo9vvhmJz+czm0peffVNWrRoVeQ148f/wssv9zVD106nE6/XS7ly5fn006+Ij483A9cFBQW8/HJf5syZRU7OfuDQdfprr71FtWrVi+muRURERORkWLMmlfvv7wAUbv0oKCgwNaU1GAxWmO9aevXqC/z7MN9ll13Jf/5zK40bNymeGxUREREROQVZMw6ff/4JX3zxGV7vgYOTBw58kwsvPNALtjbxLVgwj+7duxbpBVeoUJEPP/z8sFtQDg7z2Ww2vF4vkZFRfPzxMPWCRURERE5TBx+UZtWYBQX55qCGgoIC5s//ky+//OxfhfksS5cuZsCAPmzfvo3SpUvz7rsK8YmInOpOVpDPeVI+VUSkBLKGe6dN+53Nmzdis9lMiK9Tp87cf38X88tB3bpn4/N5+eij9/j++2/Ma63gX1radurWrXdMn+v3+3G5XHTocC8FBfls27aVGjVqApjBEhERERGR053dbictbQdjx/6M1+s1A9SdOnWmRYtWptb2eDxEREQA8McfM8yQtcPhwOv1UrVqCu+++xHx8fFmyMPn8+F2u3nuud58//1o5s//k7lzZwOFdX61atWpX78R7dt3pFKlyiftZyAiIiIixWPdur+oVKkK27dvpaCgAIDIyCjy8nLNwIdVf06aNB6AXr364nA4DhvmczqdNGt2Ad26PVUkzGdtg54yZTJ5ebmkpFQjISGxWO9ZRERERORUYbfb2b17Fz/88A1er8fUy7fffhcXXnigF+z1enG5XACMHfvzYXvBCQkJphd8sKZNm9O378smzAdQqlQs7733iUJ8IiIiIqchq1a0QnxW/9Wao7VCfH6/H7fbTfPmFwCYMJ91vdXrHTduDMFgkPvue5Dk5ArAgcMk0tLS2LZtC+ed1wyAhg0b8/TTPXnrrdfo0+clhfhEROSwFOQTETlO7HY7+fn5/PbbJHJycswvAtdeez3339/FXGcNCbvdbqpWTQHAZrPhdDrxeAqb0K+99jYNGzYucirIoTgcDnOd2x1pQnzaxCciIiIip4OCgnzy8vKJj48/6rULF84nMzMDp9NpTsCrUeMsoLCm9vl8JsTXs+fTTJs25X9NdiderydkcCMxbHAj9GCNO+64m1tuuZ1Fixbg9XrJz8+jSZOmREfHEBkZeQJ+AiIiIiJyqrnyymuw2+2MHPkV69at5YEH/ktMTAxffPEZe/fuOe5hPmswGeCyy65UiE9EREREznirV6eSkRHeC65ePbwXbIX4evbswbRpvx9TL3j//v2UKlUqbJ6iadPm9Ov3Ct26PQzAe+99oqFrERERkdNIaG2Xl5dLWtoOpk+fyvbt28jLyyMqKor4+ARat25DXFwcZcokmblbl8t11DDf+PG/YLPZuOOOu6lR4yxTW3722Uf88ccMHnmkG61btwGgSZOmfPzxMBMYFBERORQF+UREjqPp06eyZk2qWa8N0LBhI+DAcLBVxI8Y8QXvvz8YAJfLZbb3vfba2zRvfgGBQIBgMBg28HG4YN+hHlOIT0REREROdVlZWTzwwD2cd14z7r+/C2XKJB3x+s2bNwGFh2PY7XaioqJISioLFAYCrWb40UJ8gUDA1OWff/4JixYtZNCgd3A6ndhsNiIiIjj//BYn8M5FRERE5FRlDW9cccXV5OXlYbPZuOmmWwDIy8vjm29GHSHMF6RXr35HDfOdd17zsDCfNZj83HO9uaHr2kQAAQAASURBVPba6833ONohbyIiIiIiJdXGjevNzIR1MLJ10FrRXvDhQ3xWLzgYDDJ06EdMnz6Vjz76rMhg9XnnNWPw4A9JTEykatVqxX27IiIiIvIPhYb4Zs/+g+nTpzJ16m/s359d5Nrx43/hrLNqcv/9XWjQoJHpv1phPpvNxpdfDmX58kNv5tu9ezfnndeUihUrMXPmNCZNmgDABx+8S1xcHC1atAIgIsJdTHcvIiKnKwX5RESOo/T03ebPfr8fp9NJ+fLJAGHDwqNGfWVCfJGRkeTn5wMwaNBgmje/gGAwaH65WLBgHkuXLubeex/Q4IaIiIiIlBhZWVk8+mgXtm/fxvbt24iOjuGuu9ofMsxnDWvs378fwDTLc3NzWbZsKQ0aNDrmEB8UHnqxb99evv56BMOHD6Nater4/QdOZRYRERGRM5fNZjO93Btv/E/YgWnt23fCbrfz9dcjDhPmmwDYDruZzxo4joiIoEmTZnTv3oOBA/uTnr47LMQXOnwiIiIiInIm8nq9QGEv2OfzEQgEWLt2DVdeec3f7gXv2ZPO6NEjGTHiCxITE8nOzj7khpTGjZsU3w2KiIiIyL8W2kf96afv+fjj99i/f7/py4b2b4PBIBkZ+9izJ52//lpLgwaNwt7L5XLRrNn5AIcN882bN4d58+bgcrnwer3YbDYz6+v1+kyfWHO+IiJyNPpXQBGR42jPnsIgX+hGvqysLICwEN+QIW8Dhw7xQeGwiMfjYcqUX3nqqcf44YdvycjIMFv9REREREROZ1lZWTz8cGfWr/8Lt7vwNLqvvx7OZ599wp496UWut2rrxMRE83erIT958ng2btwAHH1ww+fzAbB27Wref38ww4cPA2DLls389ddfJ/amRUREROSUEwwGD/n4oUJ0Vm+2Xbt7uOOOdiQmljGPW/WqtZmvf//ewIEDKCzTp09l8eKFBINB3G435557Hk8++TT9+r0StolPIT4RERERKQmsGvpwdfeR5h+sIF5ofTxu3BiWLFkMHHsvODV1Fe+99zYjRnwBwN69e1m/ft1xuT8REREROXlC68TRo0fy+usvk5mZaR63tjuH/qdGjbO45ZbbufHG/xzyPa0wX4cO91G/fgMA8z7WTLDdbjc9X+sQt7p1z6ZRo8YK8ImIyDHTUfMiIseR3V5YmPv9fmw2Gz6fj5Ejv6JJk6YkJCQyYsSXvP/+O8DhN/HZbDbS0nYwbdoUPv74fXw+H36/j9zcHOLj40/WrYmIiIiIHBdWiG/Tpg04nU48Ho+pjX/66Ts6dOh02NfGxcUB4PP5TBN806ZNjBnzIxs2rGfevDmHHdywNmYHAgFmz/6D8eN/AcDlisBmg4iIiBN+7yIiIiJyarD6sF6vF5/Py8yZM8jKysDpdBEbG0v9+g0pV668GcpwOBxm+MNut9Ou3T0Ah93MN3HiODweDy+++JIZ5hgz5kdefXUA55/fgkAgwLnnnofb7aZly4tNbatNfCIiIiJSElh1sVXb7ty5k9zc/WRkZJCbm0u1atUpW7bsIbfiWWJjY4HC2QvrfbKzs/jmm5F8+ukHLFq04Ki9YIDVq1f9b3M2uN1uPB6PeU5ERERETl9WT3Xs2J8ZPPgNoLDeKygoAArnABwOu5nRrVGjJjfddAs33vifsG19BzvSZj7rgIpgMIjT6cTn85GSUp2uXR8nLi7+RN+yiIiUIOpMiIgcR9YpzKFDHdu3b2Ps2J/x+Xx8+umHwJFDfAB//jmHd999Cyj85WL//v1kZWVRsWKl4r8pEREREZHj5OAQnzVQkZ+fT1RUNG+9NYTy5ZPDauNQLVq04ptvRrFjx3Zz6p3X6+Hbb0eZ+tsKB1apUjVscMMaoLbb7aYh73A48Ho9/2u6a/u1iIiIyJnAqhs3b97EpEnjmTlzOuvWrQ27plat2jRo0IjHHnsSh8MRNoh8LGE+u93O77//yo4d26hZszZer5eJE8cBMHfubEqViqV69bNISEgIq3sV4hMRERGR053Vi/V6vWzYsI7ffpvMtGlTSEvbYTaXlC1bjjJlkujSpSs1apxl5ixCtWjRkjp16rF69SpTY/v9fmbMmHrMvWA4sCXF4XCYoe7Q50VERETk9LVo0QKGDfsUKDy416r3Ond+iFq16hAdHU1a2g7GjRvDpZdewU033XLEEB8UhvSsMJ/NBl99NYylSxcTDAbDesU+n4+EhEQGDHiVSpUqF9s9i4hIyaAgn4jIQY526vHBpyuHuuCCC/nyy8/Izs7CZrMRDAbJzs5ixIgvyc7OAiAyMor8/DygaIjPeu+MjH1A4akg1i8XBQX5hx1oFhERERE51R0uxOf1enG73bz99nvUq3fOEevxhIREkpLKsm3b1iINdpvNhs1mw+MpevqyNZhhXZ+VlWXe02azUaFCReLjE078D0FERERETiqrHkxNXclLL73I9u3bKCgoCDnooXCbx9q1a1i7dg2rV6fSv/9AkpLKmvc4ljCfdV1q6ipSU1eZ10ZERODz+XC5XNjt6vOKiIiISMli9WJzc3P58svPmDt3NmvXrjbPu1wuvF4ve/fuYffuXfTr14trrmnDddfdQLVq1cPey+l0kZJSjdWrV+FwOPD7/WYGw5qZ8Hg8pKRUY/Dgj0hISDhkLzgjY5/pHdtsNhISEkhIUC9YRERE5HQWCBQe0jt79kzS03ebOQGAl18eRKtWF4ddf+GFrShVKjastxsqtMa02Wz4/f7/hfkuIDq6FCNHfsEff8wgEAgQDAaJjo6mQoVKvPjiS6SkVDvxNywiIiWOgnwiIgex2+3k5uayceN6tm7dgsdTgMfjpUyZMqSkVCc5uQKRkZGmcLeK+GAwSHx8PGedVZPFixeawWKA/fuzgcLGtBXie/31d4ps4gsdQgbw+33Y7XbKl0+mSpWqCvGJiIiIyGnpaCG+wYM/PGqILxgMEhUVRdeuj/N//9eNzMwMc8CG9bzf7ycuLp7evfuTkJAY9n7WnwsK8vnrr7XmsWAwSN26Z1OuXPni+WGIiIiIyElh1YPLly/lyScfJTc3F7vdbnq7cKAfC4U92hUrlvHMM0/Sp88AKleuYt7rWDfzhQ4aOxwOPB4P5cqVp02bG4mLiy/2n4GIiIiIyIni8/lwOp3s37+fF154lkWL5uPz+QDM7ITX6w074Hjv3r389NN3ZGTso337TlStmgIU9nojIiK4//4uzJ8/l71794bNXwSDQYLBIDExpejW7f9ISEgIm7uwNvj5fD6WLVtiesfBYJAGDRpRtWq1k/IzEhEREZHjw263s2PHdsaO/Rmv12sOfrj33gdo1eriIr3Z0qXjgAN1Yijrmnnz5pCens61115vNu85nU4aNWpMo0aN+f77b0hP382+ffs499zzOPfcJpQtW+5k3L6IiJQACvKJyBnt4A13y5YtYdasmcyYMZVdu3aRl5cbdn1kZBT16p1NkyZNueqq1pQvn2wGkR0OBwkJibRu3YbFixfi8/nCBosBvF4vAP37v8r557fA5/OZE+EsgUCATZs2hv09MbEMMTExx/3+RUREREROtOMR4gPMgEe1ajW49dY7GDHiS/LycovU3Pn5efzxxwz8fj/16p1jHrfe+91332bevDlA4e8D5cqV57rrbjB/1+EZIiIiIiWPNaCRmrqSHj26k5ubi9vtpqCg4JDXW0MeDoeD1atX0afP87z44ktUqlTZXPN3wnwOhwOfz4fNZuPRR7vTuHGTYrlvEREREZHiYIX4srKy6N69K2vWpIZtqrb6t9ZWPCuIZx2yPH36VMqXT+buuzuaQ5UDgQAVK1bioYceZfDgN8nOzirSC/Z4Cpg8eQJ+v5/zz28RtkUF4J13BjFr1kyg8HeCMmWSuOqqa83f1QsWEREROf1Yvdc5c2aRlZWFy+UyB0hY/duD60LLwX+3asKFC+fzxBOP4nQ6qV79LOrWrVdk0cctt9x2om9NRETOIAryicgZywrfAaxcuZw//pjBl19+BmCGNKxGMhQW8fn5eSxatIBFixYwa9ZMzjuvGR063Et0dLRpTrdpcyOpqav48cdvwwY2rII+KaksmZkZ7Nu3l4SERLxeLy6Xy1w7YcJYJk4cBxT+0hETU4o777wbtzvyqMPNIiIiIiKnkn8b4gut2aFw6CMqKopLL72CTZs2Mn3673g8nrCtKQUFBXz55ecsWDCPK6+8hubNLyAyMpI1a1YzZcpkxo//BQCXKwKv18M55zSgTp265vUiIiIiUvLYbDa2bt3Cq68OIDs7i4iICBPia9nyIhISEsnIyGD27JlmU4fV17XCfC+88Cx9+758xDCf3W7nhx++ZceO7QQCARMWtAZJnnuuN5deegWgwWERERERKRlCQ3xWL9janmdtRgllBfGsettut5OTs5+ff/6Byy+/iurVa4RtSmnW7AJuuukWvvtutDnYDQprfK/Xy8SJ41i4cAE33HATTZo0IympLCtWLGPWrOlMmjQBONALrlfvbBo2bGxeLyIiIiKnH6se3LJlE4BZuGGz2Uzv9uA5g0Ox+rMLFszjmWeeAArrxmXLllC3bj3T91XdKCIiJ4ItGHpUUTHavTv7ZHysiAgQXqh/880opkyZzPLlSwHMgDEQdjKcVbjb7XbzvMPh4JxzGtC//0ASEhJN8Z6auoqhQz9k9uw/gPBT5oLBIElJZWnQoBGdOz9ExYqVcDqdpKXtYPbsP3jjjYHAgWZyo0bn0qPHc1StWq3Yfj4iIiIiIv/W8QzxffvtKKpUSeH881uY51esWM6XXw5l3ry5Jsxn1eyBQMBcl5RUFr/fj8fjISdnP4AZqK5UqTKDBg0OG8YWERERkZIlGAzi9Xr55JMP+OGHb/B4PKZevOee++jc+SEzjPHdd6MZO/Yn1q5dY15vDWv4/X7q1KlXZDMfEFbTTpgwlpkzpzNt2hSA/53iXIMOHe7lssuuNN9JAyAiIiIicro7VIjv4F6w0+mkbt2zqVmzNsFgkNWrV7J27RrT/7Vqab/fz5VXXsMLL/QrUitv3ryJ7777mgkTxpKbm2ted3AvODIyCofDgcdTgNfrBSAiIgKPx0OFChV5880h6gWLiIiIlBADBvRhwoSxpi8bCARo2/Z2HnvsyWNelrF48UK6d++Kz+fD5XLh9XqpW7ce778/FKdTu5JERM4EZcvGnpTP1f/LiMgZJ3Qg+IMP3uX7778hLy8XIOxEuNBNelYjOBgMmkay9felSxfTtesDvPzyIFJSqgFQt249brzxFnJzc1myZFGR4eT09N38/vuvzJ49k5SU6kRHR5OevpstWzYDEBkZSX5+PhEREbRrd49CfCIiIiJyWjlaiO/ddz+ibt2zjynE99577zBy5JfUrFkLl8tFkyZNATjnnPp07Hg/sbGlmTp1Cvn5eWEDHNYQx5496WEnODscDgoKCoiPT2DgwDc1uCEiIiJSwtlsNvLz85g1awb5+fmmLrzhhpt54IH/Agfqz7Ztb6dixYq89trLpKfvBg6E9A63mc+qNa3rWrduw6WXXsFtt93Fnj3plCtXnqSksiQnJ5vrFeITERERkdPdsYT4IiIi6NHjeRo1Opfk5AoArFmTysSJ4/nuu6/x+/2mj2uz2UhL237IWrlq1RRuvfVOYmNL8913o9m/P9t8VuhhzB5PQdjmFLvdjsfjISEhkVdffUu9YBEREZESwOrlWnO+oYc7rF6dys6daVSoUPGwswiWgoICfvjhG3w+H263G4/Hg9PpJDMzk9zcHEqXjiuW+xERkTPTsUXORURKiNCB4FdfHcDw4cPIz88DDoT4rO17fr/fhPV8Pp9pHh+8pc/pdLJly2aefvoJNmxYbz6rVauLufPOu83WEOv11mudTif5+fmsXr2KRYsWsHXrFgBcLhf5+fkAPP10Ly68sBVwYDugiIiIiMip7Fg28R1riO+DD95l5MgvAdi0aRPvv/8OCxfON9fWq3cO7drdw6233kHp0qXx+/1h27Ct+vvgDdk1atRkyJCPzEEcIiIiIlKyjRnzI5s2bQyrP+vUqQcUDdZt3bqV3bt3FenHWge+rVmTSu/ez5lD2azXZmVl4fP5gMKD2ho1aszll19J/foNFOITERERkRLlWEJ8brebt956j2uuuc6E+ABq165LmzY30KhRE4Cw+nj9+nXs3Jl2yM+sUqUqN998Kw899AiJiYn4fD4zs2HV2dYhG6GP1apVm3ff/ZBq1aqf2B+KiIiIiBQLa5agYcPGQHjPdfnypXz77SgAc/ja4bjdbjp0uA+XK4KCggKgcFYhMzODnJycE3gHIiIiCvKJyBkkdCB4wIA+jBnzo9nUYTWVAaKiomjU6Fz++99H6d9/IL179+fJJ5+mYcPGlCmTBBA2dGw1o7dt28Lzz/8f+/btM5/ZqtUl3HPPfVx1VWtzrfWZoX+2ToMD8Hq9REVF06tXX66+uvB1GvAQERERkdPBoQY37HZ7WIivXr1zjjnEN3z4MID/vZeP1NRVvPTSi2zfvs003atXr0G7dvfQv/+rpKRUw+WKMO9nDWxYf05JqcaNN97CK68M0tZrERERkTPInj3p5s9WL9bpdAKFQ8hWbTpixJe8884gc210dDSAqT2tMN/q1avo3fs5li9fis/nIzV1Jb17P8fMmdOOOByiHq+IiIiInO6ONcQ3ePCHNGjQ6JD1cY0aNWnatBmAOVw5GAzi9XqP+NlJSUncdNMtDBnyCeeeex5JSWXNcwf3gmvUOItbbrmNl15SL1hERETkdBJaPxYU5B/2ugoVKoZdb80ZjB49khEjCg8LPlKYz+v1Uq1adc466yyAkEMiDryXiIjIieI82V9ARKQ4HBzimzBhbFiAzjop+eqrW3PxxZdxySWXF3mPNm1uYsWKZfzyy09MnDgubNuH1ZTesmUzzz33JIMGDSY6OgYoPPmjSpWqnHVWTT799EMCgQB+vx+XKwK/v/Bzre8QExNDrVp1uOuuDmGb+DTgISIiIiKnuqysLB555IGwwQ2rVna5XHz00efUqFEzrDYPdbgQn/WY1WC/5prrqFixUthrY2NjOffc83j//aHMmzeXOXP+YNOmjezZk47NZqNq1WpUq1ada6+9nooVK5paXURERERKNqu3um3bVgBzwBrAr79O5Oqrr8XlcgEwatRXvP/+O+a1TZs257rrbmD06BGkpq4iEAiYPq3D4WDt2tX07v0clStXYfv27aSlbWfx4gUMGPAarVpdXMx3KiIiIiJy4v2dEN/hDnSz3qNmzdrY7fawTXrJyRWIjS19xO8QCASoXLkKr7wyiPXr1zNt2hS2bt3Mli1bcDgcVKtWnSpVqtK6dRuSksoSGRl5In8kIiIiInIchdaP33//DdnZWdxww80kJpYpcu3557fgoosuZcaMqaZ363A48Pv9fPLJB7jdbtq2vR273X7IGQWXy4Xf78fr9ZnH7HY7tWvXCTswQkRE5ERQkE9ESrxjDfF17vwQbdveQalSpYADDWTrPVwuF40bN6Fx4yYkJ1dg2LBPzS8O1oCy3W5n5coVfP75pzzwwH/NEEhCQiJ3392ROnXq/S8M+DP792ezf78HgDJlkihbthxt297B2WefQ+XKVQCF+ERERETk9ODz+fi//3ucDRvWm4Z3OBsFBQUAf2sTn/WYVbPfc899PPDAfwGKDIH4/X5iY2O5/PIrufzyKykoyCc/P59AIEhsbKyp7UVERESkZArtpYb2bW02mxkGtjZ0lC1bjjp16pn+7ejRIxky5G3zXk2aNOXNN4cAkJOzn61bt5KTs98MGUNhXbtr10527doJFA5+eL1eli9fSvPmFxARcWBTtIiIiIjI6e54hPgA06ddsmRRWN3u8/moVq2G2Yp9ONZWlejoGOrXb0D9+g0AyMvLIxgMHvX1IiIiInJqCq0fv/56OO+++xYxMTFERUVx5ZXXhIX5rGtbtbqYFSuWsnfvXvO4zWbD6/Xw/vvv4PV6uPPO9kVCfNbrN23aSE7OflOTBoNBqlWrccg6VkRE5HjSFJuIlGjHGuJ7/PEnufXWO8NeGzroG7oFxG6307nzQ0RHx/DBB4MJBAI4HA4CgYDZEjJ//p+0bt2GGjXOMo/Z7XaaNm1O06bNuf32duzfn83OnWmAjeTkZBISEsN+YVCIT0REREROF06nk1tvvYN33tlGRsY+09i26m6v18Ojj3ahX7+BtGjRMuy1RwvxWaHADh3uNSG+Q52YZ/3dqqPd7kjc7vDTllVji4iIiJRMVt92/fq/cDpdVK2aEjb4ccEFFzJx4jgCgQBlyiTxn//cSocO9wLwyy8/MXjwG+a9GjU6l0GDBpu/33zzraxevZpffvkx7POsPjNgBpcTEhJp0aKlQnwiIiIiUqIcKcTncDhMiO+ddz44YojPuj4zM4NVq1YCmIHpxMQyXHnlNUD4EPeh3sv6e2i/NyoqKuwa9YJFRERETi8Hh/gAcnJy+OKLzwgEAlx99bUmzGfVeZdeejnTp//OH3/MMNv4rOcLCgoYMuRtMjMz6dChE1FR0eZ11md9++0o0tJ2mO9QuXIVbrjhZkD1pIiInFiKjItIieXz+Y4pxNet21MmxGedpnw41uluAO3adaBjx/uBwoaz9b4Aa9euZtKk8eY1oY3lQCBAVFQUZcuWo379htSv34CkpLImDGjRLwEiIiIicjqwauirrmrNU089S2xsaTPYDIX1r9PppKCggF69nmbOnFnmtX8nxPfggw8Xec2hHKmOVo0tIiIiUvIEg0HsdjvLly/lgQc68vDDnVm7dk1YD7h69bOoUeMskpLK0rbtHSbEt3jxQkaN+sq8V7Vq1enZ80UzlGzVozfeeDMJCYnY7XYcDgcOh8N8buEJz14AHnmkO40anVvMPwERERERkRMnGAz+L8SXyaOPPhgW4oPCuQyXK4KPPhrG2WfXx+fzHTHEB/D555+ycOE8gLA+8qJFC9iwYT07dmw3r7Pey/q80JkO9YJFRERESpbRo0eaEJ/T6TSHQHz11TAmTRrP3r17gMJaz+/3Ex0dwzPPvEDFipXC5oXhQB351Vef06fP84wc+RU7d6axa9dOli9fyssv92XMmB/NZwE0aNCIypUrm88QERE5UbSRT0RKJGtYGOCll14MC/EFg0EzwNGjx/PmBI3DnQp3MCvMZ7fbuf/+Luzcmcb48b+YYWXrZI85c2Zx2213kphYJqyoP9JnaCW3iIiIiJxurBrbZrNxySWXATBwYH+ys7Ow2+0Eg0H8fr8J8/Xs2YP+/V/lggsuNI30998fzIgRXwD/LsQnIiIiImcem83Gxo0beOGFZ/F4PHg8Hnr06MZrr71NzZq1ADjrrJpce+315Obm0qFDJ/PaxYsXsn37dlPTNmnSlOTkCgQCgbC6s2zZcthshfVow4aNsdlsbNiwjqysLFwuF1FRUXTv3oOrr24N6LRmERERESk5bDYbHo+HJ598jPXr1xEREWEOsrCer1u3npl1cDqdRerhgw90+/bbUQBhhx1nZOzjxx+/ZdKkcdhsNpo2bU5yckWaNTuflJRqxMcn4HA4itTZVrBP9beIiIjI6S0nZz87dhzo1QaDQTOna4X5ALOZz+Fw4PP5iI+PZ9CgwXTv3pW0tB3m0IlgMGhmeWfP/oPZs/8wMwk2m42MjH0AuN1uCgoKSEmpTqdOnYmJKXXSfgYiInLmUJBPREokq0ncp8/z/PbbJHNCcuhmkGbNLjAhPp/PZ4J/x/r+VrP5xhtvITV1JRs2rAcwjeb16/9ix44dlCmTdBzvTERERETk1PNPwnwvvzyIZs3OV4hPRERERP61ZcuWkJGRgd1ux263k56+my5dOvHpp19RrVp1AO68s33Ya/bt28sPP3yD1+sxNevhhjRKl44jNjaOvXv30rhxE9q2vZ1169Yya9YfVK9eg5SUamYTn0J8IiIiIlLS5OTsp2nT5uzYsY3MzMywAF4wGCQ1dSXvvfc27drdQ+PGTcL6xQeH+IYPLxzAtt7D2nRtXZ+fn08gEGDGjGkEAgG+/XYULlcENWvWpG7dc6haNYWmTZsTERFB+fLJqr1FRERESoiYmFLceusdREdHM3LkV3i9HlMzhm7mgwNhPiu0V7lyFV566XWee+7/SEvbbpZ1hNaaViAQDswlWPMLCQmJDBjwKhUrVjpZty8iImcYBflEpMTaunUL6em7gcKhXyvcZ53ItnnzRj78cAi3396OhISEvz1gYRXztWrVplKlymzYsN40pF0uF16vl/nz51K/fgMNHYuIiIhIifd3w3zPPfcULVq04vfffwUU4hMRERGRYxfayw0Gg6xYscwE8izx8QlmMCP0eusU582bN5GZmYnLFYHPV7hRZMeO7cCBg9zsdjs2m41169aSnZ0JwMKF8+jUqTPNml1As2YXHPZ7iYiIiIiUFAkJibRtezvR0dEMH/4FOTn7zVC13W7H6/Uyb95cwIbNZqNRo3Ox2WxhByofHOKz5jZCWZtXrJraZrNht9vJz89j+fJlLF++DIC4uDhiYkqRklKdhg0b0b59p2L5OYiIiIjIiVWpUmXatLmRQCDA11+POKYwn/V8rVq1ef/9T3j66Sf46681AOZ1oUtAbDabOZQiEAhQo0ZN+vV7mapVq52s2xYRkTOQ/eiXiIicnipXrsJDDz1ihoitJrJVjO/cmcbEieMYPXoEWVmZZvD47wgGg7jdbm655TYiIyPNYz6fD4Bdu3YCaOhYRERERM4IoTX1JZdcxtNP9yQ2tnTYZmy/34/L5SI/P18hPhERERH526zact26v1izJhWbzUZSUlmg8ARln8/HWWfV4tNPvzJb8kLDdVbYLyMjA7/fj9/vM8//+utEvv56OFBYo1qPL1q0kL179wKFAUGXy3XI76YQn4iIiIiUVElJZbn22uu5++57iIkpZQ6+sLab+Hw+5s2bw/DhX7BkySKAw4b4ALMhJfTPDofDzHRYoT6fz2cCfdZ/5+TksH37NpYtW0LLlhefhJ+GiIiIiJwoFStW4oYbbuaOO9rhckWYutOa/7XCfJMmjWfv3j0Aph5NSirLm28O4a67OlCnTj2gcN7AOizCCvQFg0GqVk3huutu4JVXBinEJyIixU4b+USkRLIK7/r1G3LHHXcTCASZMWOqKeYtu3fvYuLEcQDcdVd7SpeO+1unJlvXxcbG4fF4zEkdVtGfk7P/uN6XiIiIiMip7lg281kHX4RuUbFqaYX4RERERORwrP7u0qWL6datK2XKJDFw4CCaNTufYcM+xePxULZsOfr1e4X4+Pgj1pOhYbxgMGhCgO+++xaZmZlcccXVuN1uFiyYx/vvv2OujYqK1uY9ERERETkjWWE+4JCb+awwHxSG8urXb3jIEJ91oNtdd3XA5XKxefMm5s//E5/PS35+vvk865Dm0AOZHQ4HXq+X2NjSDBnyMdWr1yimuxcRERGR4mKF+YBj3sxn9XdLly7Nffc9yM03t2Xy5AmsWLGMlStX4HA48HgKqFmzDtWqVePGG28hOTmZmJhSJ/FORUTkTKUgn4iUSKHDww0aNDKPz5gxNWwzH/z7MB8UrvQuW7Yce/akm6YzQF5eHqABZBERERE5sxxLmC80xGcNYtx77wPcd9+DgGpoEREREQln9XWXLVtCt24P4/V6SUvbTo8e3Xn00e5cfvmVTJnyK9WqVadcufJmqONw6tdvQI0aNVm//i9sNht+v98Me3z55WeMHfsTgNnE53A4iIhwc9llV4TVuyIiIiIiZ5JjCfPNn/8nLpcLtzuSyZMnAEVDfO3bd6JLl67mfdPSdrBv315+//03du3aydy5s/H7/eTl5QKYzX8K8YmIiIicng5ewnE0RwrzhW7mg/AwXyAQICIiguTkCnTocC+BQIDs7CycTie5ubkkJCSazdEiIiIni/6fSERKrOIM8+3evYusrCyzWcT6heOss2qF/V1ERERE5ExxLGE+i91ux26307z5BQD4fD41z0VEREQkjN1uZ/nyZTz8cGcAXK4I/H4fO3em8e67b5OQkABATEwp3G532IFrh+J2R3L22eewfv1f2O12AoGAOUzC7/eTkZFhataIiAg8Hg+VKlWiSpUUAIX4REREROSMdbQwn9frZebM6QQCAaBoiK9Dh3t58MGHzWN2u53k5AokJ1egXr1zANi6dQvZ2VnMmDGNbdu2snLlCtLSthMREaEQn4iIiMhpJjTEN3r0COLjE7n66tZHfd0/CfNZnxM6/xsXFw9AdHRM2IHD6vGKiMjJoqk4ESnRiivMl5GxD6/XY/5uNaDLlStvvoeIiIiIyJnm72zm8/l8dOv2MH37vsKFF7Y6mV9bRERERE5BBQUF/PDDN+bvfr/PBO3S03eRlZUBFPZqgSNu4wsGg7jdbu699wGWLVvKpk0bcDqd+P1+M2xsvbfD4cDjKez9durUmWrVqh/3exMREREROd0cKcxn9YUB0we26uz27TuFhfhC63brNTabjcqVqwCYYN/OnWns27eXUqVizXMiIiIicmo4uK4LdXCIb/DgNwFwuyO45JLLj/re/yTMBwdmdkOXcITO8WqmV0RETiatiBKREi+0SdygQSPuuqs9F110KYBpFttsNmw2mwnzjRz5FVlZmWGvPZzc3BzGjPkRn8+Hw+HAZrPhcDioUKGi2SgiIiIiInKmCq2pL7nkMp5+uiexsaXNQAcUDmg4nU4KCgp44YVnmDNn1sn8yiIiIiJyCnK73dx9d0dat25DdHS0qSdtNhs+n4/8/HwAlixZxG+/TTrie9lsNvx+P+XKlefVV98kObkCPp8vbNjYGji2Dm177rneZrDkaD1jEREREZEzgRXmu/vue4iJKWW264UKDfHdd9+DdOnSFTj0sLdV34eyXluuXHnq1j1bIT4RERGRU8jkyROAwsPQrD5qqGAwaOrDr78ebkJ8AC++2JPff//1mD7HCvPdcUc7XK4I/H6/mUM4EOb7nEmTxrN3757jcGciIiInloJ8InJGODjM165dh38d5rNet337dv76a415LHQIJCmpbDHcnYiIiIjIqe1Ywnx+v9+E+Xr27KEwn4iIiIgUUaPGWXTo0IlWrS4uEuaztj0Hg0HmzJnF7t27jvhe1nBJxYqVGDz4I1q1upjy5ZPNoLHf7ycqKpq6dc+mf/9XzbaR0K3SIiIiIiJnugNhvo5FwnyhdXOlSlXMjEboQPfRHOq9REREROTk69GjG3379uKzzz4GDh3ms2q4b74ZxbvvvgWA0+nE6XTi9Xrp27cXU6Yce5jv+utv4vrrb8TpdJr53WAwiMPhIDMzk6+++pyJExXmExGRU58teJKODd29O/tkfKyInOFChyyWL1/KiBFfMmPGVOBAAzgYDBIMBilbthzXXHMdd93VntKl48Je6/P5cDqd+P1+nn66O3PnzjavDwQCxMcn0Lfvy5x77nlhq8FFRERERM5koTX19OlTeeWVfmRnZ5ltJ1DY4Pf5fERERNC//6u0aNHyZH5lERERETkJDg7LHdxj3bx5I8OGfcrMmdPJzc019aTNZjMDHF27Ps4dd9x91IFfaxPI/v37Wb/+L2bNmkl2dhYej4fLL7+SypWrUqVK1UN+LxERERERKZSevpvx48cyfPgwcnL243A4CAQCpu/rcrlo1ux87rjjbpo0aQqovhYRERE5XfXo0Z3Zs2eanm3Hjvdz330PAkU3L+/bt49+/V5g4cJ55tAHK3xnzeG+8EI/LrvsymP67OXLl/LGGwNZu3YNdrs97LC3QCBAXFwcd9/diWuuuZbExDLH/+ZFRKREKVs29qR8roJ8InLG+bdhPmtTCEDPnk8zbdqUsBCfw+HgyiuvoWvXx0lISCzu2xMREREROaUpzCciIiIiR2KF9tauXcOGDeu5+urWYY9bDhfms9vt5uTnp59+nuuvv/mon3ksA8QaMhYRERERObLDhfmsoWqn00mzZhfQrl0HGjduAqjOFhERETndWCE+h8NBMBg09V6nTp0PG+ZbsyaV4cOHMWvWTPLz8w8Z5uvVqx+XX35sYb7Ro0cwePCbQPjmZqvuTEwsw3/+cys33XSLZnhFROSITlaQTyuiROSMY7PZzIBw/foNadeuAxdddCmAOa3ZOqFj9+5dTJw4jpEjvyIrKxObzXbYEJ/1C0GZMkm0aXOjfgEQERERETmE0Hr84osv5ZlnehEbW9o0+AFzeIbH46Fnzx7MnTv7ZH5lERERESkmVlhvyZLFdO7cgaFDP2LSpAkA5nRlS9Wq1ejY8X5atbqY6OjoIgPCAAMHDmDs2J+P+rlWHRp69mXoZ4VeIyIiIiIih5aUVJZrr23D3Xd3JCamVNjGFbvdjs/nY968OYwY8SWLFy8EwvvFIiIiInJq+/zzT8JCfHCgnvv8808YOvQjoPDgXuuwNYDatevSvn0nzj//QiIjI00v15oL8Pl89OvXiylTfj3i51s929at21C1agp2u918vvWd3G43e/fuYfz4X8IOhhMRETmV6P+hROSM9E/CfMOHf4HH4wGgZ88eYSE+65Rnm83GY489wbnnnlf8NyUiIiIicpr4u2G+p556jHnz5p7MrywiIiIiJ5gV4lu6dDHdu3clEAiQlradr78ezsSJ44BjD/NZtSTAK6/0O6YwH4SH9TTkISIiIiLy9ynMJyIiIlJy3XVXey666FIT0rO2Kx9LmK9WrTp07HjfvwrzWT3b0qXjiI6Oxu2O5PrrbyIqKhqfz4fb7aagoIC4uDheeul14uLiT9wPQ0RE5F9wnuwvICLyd1iF/8F//iesXx5sNpsJ8wHMmDHVDI1Y77979y4mT56Ay+Vi7drVzJo1MyzE5/P5AHj22Re45JLLj8v3ExEREREpyULr8YsvvhQoHLLOzs4ygx1WPW2z2ShbttxJ/LYiIiIicqJZm/i6dfsvPp+PiIgIPB4Pa9akMnr0SACuueY6E+az+rNWmA9g5szp5ObmmoPXrAGQV17pB0CbNjeenJsTERERETmDWGE+gOHDh5GTsx+Hw2HqeCvMZ2ncuElYv1hERERETj2FQblIevfuT58+zzFz5vQi/65vhfkA7rvvQRPmczgcwIEwH8DcubPIz88v0svt168XNhtcdtmVh/0ufr8fv99PXl4uVapU5aWXXqNXr2fYvz+b+PgE3nnnA6pXr3GCfyIiIiL/nI4TFZHTSmjTNnRTx795v7+zmW/UqK+OGOK79trrAYX4RERERKRkCAaDYRtPQk9FPh4nJB9pM5/T6cLr9VKqVCzDho2iWrXq//rzREREROTU9vPP35uTk30+n+nDWmG+4trMJyIiIiIi/87f2cy3ZMliAM1YiIiIiJzCnE4nfr8ft9tNnz4v0arVxaYPe7w38/Xt24sJE8ZSUJBvXhcIBExPePfuXXg8XgC2bt1K06bN6dv3JcqXT+bNN4coxCciIqc8W/B4TN79A7t3Z5+MjxWR00ToicoAGzduYNu2rSxZsgi3201kZCS1a9fhnHMaEh0d/a8/LzR4t3z5UkaM+JIZM6YCB9Zxh/7Ppc1mKxLiu+66Gw753UVERERETicHH0oRekqyz+cjMjLyhH7m9OlTef31l9m3by+lS5fm3Xc/VqNdREREpAQL7acGAgGeeeYJZs/+I+w0Z2tAo3btutx++11cc811RV4LsHnzRoYN+zRsM18wGMThcJhe7jPP9NJmPhERERGRYpKevpvx48cW2cxn1fmFsx91eeihR2jQoNHJ/roiIiIichTWhr2CgoJDbuYLBoPmz506dea++x4Me51l7drVDBs2NGwzX2gv1+Fw8MAD/+XSS6+gUqXKYd/h9ddf5qefvgfg5ptv5cknnwbA4/EQERFRTD8JEREpCcqWjT0pn6sgn4icckIL9iVLFjF//p98/fUI/H4fHo/HXOd2u0lOrkCXLl2pV+8ckpLK/qvPPVqYL/T0EOvkD1CIT0RERERKjtB6dtu2rWzYsJ6ffvqOffv2kZWVCUDz5hdQpUpVrrvuRqKioszJe6FN938itB7/7bdJfPDBEAYOfIMaNc76dzclIiIiIqek0PovEAiwdu0aYmJiiIkpxeOPP8SGDevNtaEb+BTmExERERE5vRwuzOdyufB4PMTHJ/Dxx1+QnJx8sr+qiIiIiByD4grz2e12zj+/Beed14wmTZqxffs2ZsyYysSJ48x7dOrUmfvv7wIUPbRYRETkaBTkExEhvFD/8svP+f33X1m7djVQuGLb+p+s0GI9Li6Oyy+/iptuastZZ9X8V59/tDDfwQMfoSE+/RIgIiIiIqez0AHo336bxA8/fMuqVSvweDzYbDZzQrLVeD/nnAace+553H77XSQkJB6Xejj0PXJzc4iOjvnX9yUiIiIipx6r9ty8eRPTpk3hjz9msGbNarxeD7Vq1cbn87Fhw3rTkwWO62Y+u93Ok08+w403/qf4b15ERERE5BQSOmx9IucdDg7zud1uCgoKKF26NIMHf6QD3UREREROMwfCfPn06fM8M2dON3Wl1Y/9N2E+u92O3+8317lcEfh8XtMvttvtlCtXnpdeep1atWoX782LiEiJoSCfiJzxfD4fTqcTgLfeep3vvx8dVnSHDg0DYcPEUVHRtGhxIffcc/8JDfNFRESYrYDaxCciIiIiJUVoPfv999/w3ntvU1BQAIDL5cLn85n6GzANc7vdTpUqKfTu3f+4NceLa3BERERERE4Oq/ZcuXI5AwcOYNu2Lab2PBSrTrXqw38b5nO73eTn5wMwcuT3VK5c5UTdqoiIiIjIKedw/deD/34iZiCsMN/XXw8nMzODuLg4Bg/+iOrVaxzXzxERERGRE+dQ/47v8/no3ftZZs6cbvq31jV/L8w3m/z8vLDtfhBemwaDQZxOF16vh1atLubZZ1+gdOm4E37fIiJSMinIJyJntNDC/KWXXmT8+F9MER7aRLbZbPj9/kOexBwZGcUNN9zE3Xd3pEyZpH/1fY4U5gOF+ERERESk5Aitfb///hvefPNVoDDA5/V6ww7TsDgcDlMH+/1+4uMTeOSRbrRqdTExMaWK/R5ERERE5PRg1Z6rVq2ge/eu5OTk4HQ68fl8AFxyyWVUq1aDuLh4MjL2MW7cGHJycsjLyw3rwf7TMJ/LFYHXW3hQW48ez3PDDTcX052LiIiIiJx8ofVyZmYGu3btYvr038nMzMDr9VK37tlUqlSZpk2bn7DvkJ6ezo8/fsuECWMZOPDNf31Qs4iIiIgUn9B6cvfuXaSn72bRooW43W4gyMiRX5Gevtv0by3HFuZbw4gRXzB79kxycnLCtvrBgWCgNaOQlFSWwYM/1EFtIiLyryjIJyJnrNCCfMCAPkyYMNaE9ux2uxniAMIGLeDAALEV5ouLi6dnzxe54IIL/3XALjzMt4wvvviU2bP/4JlnetGmzY1FrhEREREROZ39/vuvvPTSi+Tn5xMZGWm2lFx66RUkJCRgtztYsOBPtm/fhsfjwel0mlre5/MRH5/A7be348YbbyYuLv7k3oyIiIiInLI2b97Ec889xaZNG83hEQCdOnXm/vu7HHTtRqZNm8qECb+wefOmfxXmmzNnFllZWQA891xvrr32+kNeLyIiIiJSEoXWvbNmzWTy5An88ccM8vJyw65zOp3cdFNb7rzzbsqXTz4h8xB79qTjdDrVRxYRERE5jYTWk7/9NpkxY35g+fKlFBQUABAVFU1BQT6BQMDM9YY6ljDfxo0bGDfuZyZOHM/evXvCDhgOBoPmPcuXT+b119+hWrXqxXHrIiJSginIJyJnJJ/Ph9PpBI4c4mvV6mLq1KlH48ZNSE1dybx5f7Jw4Tx8Pl+RMF/NmrUYMuQToqOj//X3Cw3qLVmyGL/fR5MmTYs8JyIiIiJyOtu6dQtvvvka8+bNwel0mmHqAQNe4/zzW/zvBD1YvTqVxYsX8NlnH5OTkwMUnnwXERFBQUEBderUY8iQj3C7I0/avYiIiIjIqcnqp44Y8QWfffYJBQX55vGrrmrNCy/0Aw4E9KyhkPz8fNauXc1bb73OmjWp/zjM9/HHHzB16m88/XRPrr/+prDvJCIiIiJSkoXWxz/++B0ffjiE3NwcAoFA2IFtgUDA1NgXXtiKdu3uoX79hmHD1SIiIiJy5gmtJ7/7bjQffDCYgoICQiMIiYmJREVFs23bVux2uwn0hW7VO5Yw3759e1m1aiUff/weW7ZsNkFBgAoVKlK7dl3++99HqVSpcnHcuoiIlHAK8onIGedYN/E9+ODD/Oc/t1GqVCnz2k2bNjJx4jhGjfoKr9drTtxwOBxERkYxYMCrNGnS9LgMYhzqPXRKs4iIiIiUBFatW7iNry/5+XnmuT59BnDFFVeb2tc6hKOgoICHH+7MmjWp2Gw2s5EvJaU6b7/9HmXKJGkgWkREREQOyev18vDDnUlNXWl6wYFAgIceeoS77+54xNdu3ryJfv1eIDV15T8K823YsJ6srEwaNToXUIhPRERERM4MoXXx6NEjGDz4TeDAwRlWXWyNj9ntdvx+PwDnndeMu+/uSJMmTRXmExERERHGjPmRV18dAIDL5cLr9RIdHU2PHs9Ts2ZtkpKSWLt2DX/+OYcpUyazbdvWsEUdVqjvaGE+gIKCfBYsmM+6dX8RDBaGAlu0aEXZsuWIjT05oQsRESl5TlaQz3lSPlVEznjHGuLr1u0p2ra9w7zOGh5OSanGtddez+bNm5g+/XegsMHs8/nYvz+bVatW0KRJ0+MyiHGo91CIT0RERERKApvNhsfj4euvR5Cfn2dOX27YsDHnndecYDAYFuID6N+/t9mEYj1XtWoKgwd/QEJCIl6vF5fLZT7jUE13ERERETkzbdmyyQxvWAMbdruds86qBRy5dqxaNYWnn+7JgAG9+euvteZwN+t05zVrUhk9eiQA11xznXnc6uVWr17DvJdCfCIiIiJyprDq4Z9//sGE+Nxut9lsYtXNltAae8GCeQSDhX3kc889T31eERERkTPY/Pl/8skn7wMHQnxOp5NXX32bRo0am+saN27COec0oE2bGxkwoA/Lli0xIT6rJxsMBvn8808AuO++B3E4HGG9Yb/fj9sdyYUXtuLCC1sV742KiIgUAyVRRKTYHXuI7/9MiM86/c0aHgaoUqUqLVteRDAYNI1l6/k9e9LDXiciIiIiIoeWn59HRkaGOWk5GAwSFxdHfHw8NpstLMTXs2cPpk79DbvdjsPhNCG+d9/9iISERPx+vwnx/frrRPbu3aPhDhEREREx/P4AXq+HQCBAIBAwvd3Zs2cCHLV2POusmtx/fxfKlStvesLWoDFgwnwTJ44Dig4lWxTiExEREZEzyZw5s/j448Kh69AQ3+2338Vjjz3B5ZdfSZUqVYEDG6+tGnvhwnl8+eXnLFq0wGzqExEREZEzhzWDu2TJIrKzswFMXfjww4/TqFHjsF4tFM7xVqpUmbfeeo+LLrrUPG79txXs+/zzTxg69CMAE+az/iwiIlKSKcgnIsXq74X4bgcwa7VDWYX/uec2pWzZctjt9rBrPB4voCCfiIiIiMjRbN++jV270sIe83g8QGE9fSDE9zTTpv1uQnxerycsxBcMBnE4HOTl5fHFF0N58cWeLF68yLyPiIiIiIjb7cZms5vTl606cePGDWRkZAAcMnhnsdlsnHNOQ5o0aQocGOgI3bxnhfkmTRoPYDb3iYiIiIicaYLBIFlZmUyePIHs7CzsdrsJ8b3yyhs8+ugTtG17B7169aNz5/9y3nnNAMzBGwrziYiIiIjNZiMrK4uxY3/G6/WG9VvLlSsHHDgEwprhtdls+P1+IiIi6N27P5dcclnYgWzWNUcK84mIiJRkCvKJSLEJDfG99NKLYSG+YDBoQnyPP/5kWIgvtHi3WI+lp+9m37695vRmq4ivWLFS2HUiIiIiImeyIw0uR0fH4HS6zMC0zWZj5crlzJw53TTae/bswbRpU7Db7TidRUN81uEbmzdv5KOP3jOnO69bt9a8p4iIiIhIXFwclStXMQezWXXiwoXzGTPmB+DowbuEhARuuqktAD6fL6zHHBrm++670cycOQ1QPSoiIiIiZyabzUZa2g5mzJgWNhDdtevjtGx5kdmQ7XQ6ufzyK+nUqTMJCYmmXj9amE9D1iIiIiJnhtzcHPLy8nC5XKYPGxERQWJiGeDQdaEVynO73fTq1Y+GDRvj9/sV5hMREUFBPhEpRqGb+MaP/8U0f0OHMjp16sytt94JHD7EZz0HsHLlMmw2u3kv6/pKlSqdyFsRERERETlthG64turo0Ma3w+HAmmu26vOsrCwWLpzHvn176dXrmbBNfB5PeIjParbv3buHYcM+5dtvR5n3TkvbDmgjn4iIiIgUiouLp379BmbDh7XVGeCTTz4wW/QO7huH8vl81KpVixo1zgLA6XSaDX9w4HC3lSuXM2bMj6SmrjrRtyUiIiIicsqxau6xY38mLy/X1M12u52UlOph11m++WakOUg59DCMg8N8CxbMw+PxmFp+3bq/yMrKKqY7ExEREZHi5vP5KCjINz3dYDCIx+Nh8uQJwIHZ4IOFhvleeKEflSpVwe/3h9WahwvzhdapIiIiJY2CfCJSrGbOnF5kE5/1H4Dp06eydesW4PCnJPt8Pux2O3v2pDNmzI94vR5zvd/vp1atOrRseXHx3JCIiIiIyCks9HCMn3/+gddff5mCgvywU+wqVapM06bNzWus67/5ZhSPPtqFqVN/O+wmvtCt29nZ2UyfPhWAiIgIADO8oSa7iIiIiFg1YevWbahcuUrY43a7nUAgwNChH5ua8nBhPqfTidsdSVRUNHa7ndat29CgQaOwmtOqaWfNmsmsWTNO4F2JiIiIiJya7Ha7masAwraf7Nq10zzmdDoB6Nmzh6nFAcqVSwYO1PGhYb4vvhjKpEnjCQQC/PLLj7zzzhtMnjyezMyM4rg1ERERESlmTqeTQCBQJIS3cuUK1q5dfcTXOhwOgsEgSUllueGGm0z9aQmdJf7qq2G89947AIddAiIiIlIS6P/lROSEOnjFdatWF/PAA/8NGxy2CnGn08n69X/xzDNPsHXrlkMOavh8PpzOwi0gzzzzJBs3bjCDw4FAgJiYUrRufZ3Wa4uIiIiIcKC5/d13o3nttZcYM+ZHXnmlvwnz+Xw+AKpVqwEcGJa2auzNmzcV2cQ3ePCHRUJ8UBgITEwsA2Det27ds4HDn8AnIiIiIiXToQJ4Vm1arVoNzj67PlC0TtyxYxuffvoBU6f+BhTWp6EBvWAwSCAQYPv2bWRkZBAIBNi/fz99+75C3br1wq613vuzzz5m6dLFx/X+RERERESK08H19eG2V4cKBAL4fD52794NFNbjfr+fQCDAmjWp7N+/PyTE9zTTpv1uXtu+fSf69n2Jc889z7yXtc0PYMmSRQwe/Abt2rXljTdeZeHCeQwbNpT58+fpUDcRERGREig5uQLnn98Cu90eNte7evUqJk2aYK47XC1os9lwOBw0b34BLldE2GY/axu0yxWB1+vhl19+Yt++fcVyXyIiIieLgnwicsKEDvZu2bLZPH7PPffRqVNn7HZ7WIPZun7Tpo0888yTRcJ8oSG+Rx/tQmrqSnNah6VKlapceOFFpvAXERERETnTpaau5PPPPwEKh5mnTfudV17pT35+vhnUuPPO9lSpUtWcoGc12K3GudfroVKlKrz77sckJpbB5/OFHagBsHp1Kjk5OWEn45UrV744b1VEREREThGhpzLDgZrR7/cTHR3NQw89QnJyBVNXWkPBgUCAjRs3MHjwm/zyy49A+MnLNpsNu93On3/OYdu2LQD4fF6SkpLo3XsAdeocCPMFAgFcLhcAf/45J+x7iIiIiIicLoLBIDabDa/Xy/jxv7B27ZqwHu7BB1+EcjqdVK5c2TzncDioVq06jRs3oVSpUgD06fM806ZNMa9p374TXbp0pV69c7j++pupUKFi2Ptb9XleXh7btm01NX1WVibZ2Zkn5ocgIiIiIifdWWfVMgG80PncUaO+4ttvRwGYHu+h+P1+atWqQ+3adQAoW7YcpUuXNq/zej3ExpZmyJCPSUhIKIY7EhEROXkU5BOREyI0xNe797M88sgDpKenm+c7dryf++57sEiYLxAI/C/MtyEszOf1ek2I75FHHmTlyuVmwMPhcBAIBIiLi+Pxx5+icuUqxX6/IiIiIiKnioOHNXbt2kVGxj4zYOH1evj114l8++0oE9SLjY2lbds7iIuLNyfeWf+xXnfFFVcRGxtLMBjE6XSarXvW8z/99B2ZmYVbUQKBAHXrnk3r1m2K8c5FREREpLhZtWd+fj779u3l+++/4bPPPmbw4Df59NMPGTv2Z9LT08nPzwMwW6HLli1H374vEx+fgM/nM31ia9Bj166dDBw4gMGD32T58qWm9ty3bx8///wDgwa9Yr6DdThF5cpVeOSRblSsWMkMi1ivW7x4IRAeChQREREROR3YbDZ8Ph+TJ0/giy+Gct99d7N06eL/DTt7TY07btwY5s6dXaRvW7t2XaCwdk9JqcYDDzzMVVe1BuDttwfx22+TzGfdfvtddOnS1fz90ksvN6+3DusIBALmvW02G06nE7/fT40aZ9Gy5cWquUVERERKGKsH3L59R+rWPTtsk57Vm3377UGMGfMjQJGZYIvD4aCgoID9+/cD0KJFS1q2vJioqGh8Ph8xMaUYMuRjqlevUTw3JiIichI5T/YXEJGSx9qcBzBgQB+mTPmVMmWS2Lx5I0lJSXg8HiIiIujY8X4Ahg79yAwLQ9EwX//+A6lWrToFBfk8+uhDrFq1IizE5/V6sdls9O37CvXrNzAnfoiIiIiInGlChyi8Xi8ul4u9e/cAhQPOXq8XgNat23DttdebsB5Ay5YXsWLFMqZNm4LH4zENdqvJ/sUXQ8nOzuLiiy+jadPmpubPydnPhx8OYfz4X4DCBrzLFUGLFi0BVJ+LiIiIlFBW7blhw3p++OEbFi1awMaNG4pcV65ceZo1O5+rrmrNeec1M3VkvXrn0KPHcwwc2J/MzEwzAGwdJuH3+xk9egTTpk0hMbEMpUuXJjMzk9TUlUDhQEhUVDQ33dTWfFatWrVp1uwCfvrpOxMKtNvtZGdnFc8PRURERETkBFi8eCHffTearVsLt1J36/Ywb7zxLo0bNwEKt6AMGfI2lSpVoUeP52jYsLGpuy+77Ep+//03srOz6Nz5IS666FIAJkwYy5Qpk7HZbASDQVq1upgHHywM8VkHY0RERNCuXQfmzp2Nx1NAbGwseXl55iDmQCCA1+slLi6O3r0HULZsuWL+yYiIiIjIiWb9W39EhJvLLruC7du3kpWVhc1mw+/3m0OAX311AD6fj//851bzGmtWwOrT7tixnfz8fKBww/Nzz/UmOjqapUsX07NnX4X4RETkjKEgn4gcV9Z2DoCXX+7LhAljsdvt7NmTzqhRw2nSpCkREREm7HcsYb7evZ+ld+8BvPbagEOG+ADefHMITZo01ZCwiIiIiJyxQkN8P/74HX/9tYYHH+xKpUqVAPB4PABce+31PPdc7yKvT06uwF13dWD37l1m64kV5rOa7z/88C3Tpk2hSZNmVK2aQnr6bjZt2siSJYuAwsEOj8dDrVrVuOGGm3G5XMV09yIiIiJSnKzac9WqFQwY8CLbtm0x9SMc2Lxnt9vZtWsn48aNYezYn3nooUe44oprSE5OBqB58wvo1u3/eOut10yYz+fzmfcPBALs3r2LnTvTgANDIy6XC6/XS9269ahUqbL5XjExpbj88iv56afv8Pv95j2ysrLIzc3B7Y7E4XAU809LREREROTf8fv9rFmTCkBkZCT5+fl06/Yww4aNYunSxQwZ8jYA27ZtoX//3jz3XG+aNm0OQGJiGa655jqSkyuYw9f8fj8LF843h8DZbDbq1KmH2+0O6zMHg0FKlYrF7/cTCAQ455wGVK1aje+//wav10NUVDQVK1aiT58BpKRUK+afioiIiIj8W6G139GuczqdXH31dSxcOJ+5c2ebAyFCw3xvvDGQvXv30KbNjSQnVzD9XOszvv12FNu2bcFms5Gfn4/T6eSRR7qTm5tD6dJxJ/ReRURETiUK8onIcWUV3i++2JNff52I3W43RfiiRQv4/fdfueyyK83pyg6Hg44d78dms/Hppx8WCfM5nU7Wr1/Hgw92pKCgwJzqFhrie+ut9zjvvGbH/EuFiIiIiEhJE1oLW6cvR0ZGEggE6NDhXpo2bc78+X9SqVIV2rfvCGDq8VC1atWma9fH+eCDd1mxYhn5+flmG4o1BL1v3z5+/XVike/gchWG+JKSytKrVz+dviwiIiJSQgWDQex2O8uXL+OJJx4hLy83rK4MBAKmPrWutU5n/uCDd1m37i+uvvpaLrjgQtzuSC6++DJiYmJ46aW+ZGTsM68DzDCI9WebzWZ6w1FR0dxxRzvKl08238tms5GUlERkZBQeT4H5Tg0bNiY6OqYYf0oiIiIiIsfP+ee34KabbuGnn74nPz/fHGxxzz13mO15kZFR5OfnsXv3LiIiIoADBzHfdNMtYbMUq1atZPz4XwBM39eql0Ovs9lsxMXFER0dRXa2j7POqkWXLl254oqr+OuvtZQtW46aNWuTlJRUXD8KEREREfmXQpdl2O120tLSWL58CatWrcTv9xEMBomNLc3FF19KQkIiZcuWM33apKQkunX7P5566jG2bdtq5oBDw3yff/4JK1Ysp2HDRlx77fUEAgF27drFuHE/M27cGPMdypQprCGdTqdCfCIicsZRkE9EjruCgoKw5q7f7ycYDJKfn8eyZUu47LIrgcJTma3h4XvuuQ+gSJjP7/djs9nwer1mxfbBm/gU4hMRERGRM51VC48c+RXvvVd4+rLH42HSpPFkZGSYrdlOp5PExMKG+OE2kdStezaPPvoEX331OX/+OZusrCzz/tbwtPVnwAxWe70ekpMr8Nprb1O1asoJulMREREROdlsNhvr1v1Fnz7PkZeXi9vtpqCgMDSXlFSWUqVKkZGRgd/vIzMz0wTzrH7w5MkT2LdvL/v27eXaa68nIiKCFi1a8c47H9Cnz/Ns2rSBQCBgXhMa5LNCggBPPfUsLVq0AgprUmsAZePGjQQCfnMgBaDtICIiIiJy2rJmIS6++DJmz/6D9PTdYduwASIiIsjPz8Nms/H66+/QsGHjIgPacGBoOz19lzmU2ZrJWLVqBfv27SUhIREAn8+H0+lk5crl5OfnEwgESE1dCUC9eudQr945xfyTEBEREZF/K3TOdsWK5SxcOJ/Ro0ewf382Pp8v7NoxY36gTJmydOx4Py1bXmRmDipXrsIrr7zBI488QGZmJg6Hg0AgYGaB/X4/8+bNYd68Ofz443d4vR4cDif79u0FCvu8yckVaNPmRuD/2bvzcCvLsm/Av732ACKTCIoC4oRazgOpaWlqmUOmZeaspZWWZWVfltmbWmb2lkOOqWWlmamV9mrOppk5zxOKpYgDgoLMsPdea31/0PO4t4KQuUDwPI+DA1jrGdaz/tBrX1y/++4eLASAdwupF+Bt16NHj2y++Rbp2XOpJHMK76L4v/TSi3PvvXeXxxaFe5Lsv/9nc9BBX+i24nLy2hBG8asI8Z100unZZJP3CfEBAECSK6+8ogzxtba2pVarZfbs2Rk16rFMmDAhTU1N6du3b3r37j3fa6222uo5+OBDss8+B2bYsJXKYeliR5WWlpayZq/X6+nbt1822miTnHzyGVl55VUa95AAACxykyZNzPnnn5uXXhqX1tbWMsS311775qc/PS2//vXFOf/83+Y73zk2G264cVlLFrs8VyqV3HPPXbnsst/n5ZcnJJkzQLLKKqvm5JNPz1577Zf3vned8pwi1Fer1dKjR48MH75yjj32hHzkIx9NMmfAuGsP+qabrk97e3u5wNyIEWtkt90+lSTd+s4AALA4KOrcjTbaJCNGrFEujNx1kYv29vYkybnn/ibve99mZTjv9YrXxo8fX55f7K5y88035sYbr8urr76aJOWg9o03Xl/W/IMHr9jQZwUAoHG6ztled93V+dGPjsuvf31eXn11UpI5tWJLS0vZw504cWJGj34iRx/9zZx55ql5+OEHy2utvPIqOe20czJo0HLl/G/y2jxB0a+dOPGVTJkyJZMnv5okaW1tTb1ezxprrJkhQ4aW9wWAdxs78gENsd122+fmm2/KLbfc1G3F5Xq9nr///W9Zf/0Ny4J/fjvzFY3jrn8+6qjvZeTITctV4AAA4N2utbU1gwevmFdemZCOjvZUKpXUarVMmDA+r746KfV6PaNGPZb77rsnG220yXyvN2TI0HzqU3tmm222y1lnnZaxY8dk9Ognu63EV6/Xs9FGm2TrrbfNVlt9KAMGLNvIRwQAYBEqBj2efvpfeeyxR5KkXHRtv/0+k89//ovlsQMGLJvNN98im2++Rfbdd4+MHTsmyZyF3YpzPv/5L2bgwEFJUtauAwYsm89+9vPZa6/9cvXV/5cxY57Jo48+kj59+qRHj57ZZpvtstpqI7LWWu9J8touIfV6PZ2dnTn99JNz443XJZkzANKjR89sttkW6dXrtUXnAABgcdPR0ZHW1tZ87WvfzMMPP5hp06YlyRtmKdra2pLMfwGLfv36lefXarU0Nzens7MzZ5xxasaOfTbrrbdhBgwYkGuv/UuuvfYv5Xn9+/dvzAMCANBQXUN8f/jDJTnjjFPT0TFnMYium3F0XeC3qamprBMvvfTiPPvsmHz845/IBz6wdZJklVVWzSmnnJHjjz82Tz31ZLm4RNGDLTbuKGrWojc8ZMjQHHroV9KnT5+F+RUAwDuK9AvwtitCefvss3+eeurJPP/8c2UxXqvVcsstN2WfffbPwIGDuhX8CxLmKxrOF198Yd773nUyfPjKttYGAIAk22+/Y3r06JFzzjkzzz03tmzG12q1dHR0lH++887b8573rJ2lllpqvtdsaWnJ4MEr5Jhjjs+kSRPzyCMP59VXJ2XSpIlZbrnlM3DgwIwcuZmaHADgXaAY9Ljsst9nwoTxZX251lrvyac+tVeSlLvnNTc3J5kzFDJmzNNJ5tSWRYjvpJNOy8iRm3Xr/xYLwrW2tqa1tTWf/vQ+SZLZs2enR48eb/g8l19+WSZOnJj3vW+zPPbYI3nggftz6603J0na2trS3t6eVVZZNbvttnt69OjZwG8GAAAaq7W1NUly0003ZMqUKeXrxfxEpVJJtVrNZz6zd0499aysv/6G3Ya1X2+jjTbJcsstn/HjXyrr+mJI+/LL/5A//vHS9O7dJ9OmTS2vv+yyA7PFFh8s76sfDACweCh2yUuSP/7x0pxyyv8mmVNjdnR0vGFHvWROuK9Wq6VarXabM5g2bVqq1Wq23nrbJMlKK62c4447Ib/73YW5667bM3bss+Wsb2trW2q1ajk3XK1Ws/zyg3PiiSeXu/EBwLtVU31+yzA1yIQJUxfFbYGFaMqUKfnf//1hbr75xrS0tJRFfbVazcc//sl89avfeMNuekWYL0l+85tfdgvzFYoG8vDhK+eEE36aYcNW0igGAOBdretQxk033ZDzzjsrzz03tmzKF/VyrVZLv379ctxxP8pGG23Srf5ekGvPi3ocAODdYfr0afnc5w7ICy88Xw5gbLHFB/KjH52UpHvtePHFF+aMM05NkvTs2TOzZs1Kkvz0p6flfe/brFy4rVKp5JVXXs6yyw58w/2KexSDI8W1//znP+WCC87PuHEvlgMnhSLEN2jQcjn11LMybNhKDf1OAABgYbjkkoty2mknJ3lt6LrrosjFwhnNzc059dSzs/76G8y1t1ss/PaLX/w8f/rTpZk1a1a3HnJxTDGw3dralo6O9my++RY5+uhj07dvv4X+7AAA/Peuv/6anHjiDzJ79uxu/drttts+w4evnJaWlkyc+Er+7/+uyOzZs+Y6a5Akm2zyvuy332ey0UablO9Nnz4tzzzzTC655KLcf/+9mTRpYrd7r7jikIwYsUYOOeTLGTp02EJ/dgCYl0GDFs0OsXbkAxqmb9++2W+/A/OPf9ya9vb2stGbJE8+OSqvvPJyll9+cLfmcdeBjLntzJe8FvYbM+aZfPvbRwjzAQDwrte1gb7NNtslSc4776w8//xzZX1d7IwyefLkfP/7/5PTTvt5hg4dNt8w39xCfK8fAFGHAwC8O7z00riMHftsktfqxGK3vFmzZqVnzzk73y1IiK8YOr799tvy7W8fkR/+8Cd5//u37Ha/pqamslYt7nf//ffmhhuuzbhxLyZJuYBccc329vYMGLBsfvrT04T4AABYIkybNi3PP/9ckjk1crGQRWtrazmL0dnZWQb8Dj/8kHmG+SqVSnr06JHttvtInnhiVB566P50dnaWNXVRVxf95I6OOfX1l7/8dSE+AIDF1JNPjsoll1yU2bNnp7W1tezX/uAHJ2bzzbdMW1tbeez22++UP/zh97nzztszceIrZS1ZzP/ec89dGTx4xayxxlrp3bt3arVall66d9Zee50ce+wPM3r0kxk79tl/zypU06vX0tl0080zYMCy6d279yJ5fgB4p3nzJfUB/gu1Wi1rrLFWPv3pfcqAXjHg+/jjj+bqq69M8sbB4K6Bv/33/2wOOugLZdO467W7hvm6bskNAADvRl3r4W222S4HH3xohgwZWq6OV/ze0tKSl1+ekK985ZC89NK4NDc3p1qt/kf3mt8OfQAAvHPNrYda9GPnp7OzM0nS0tJSXmfUqMczbdq0BQ7xJXNq16lTp+aqq/6c733vqFSr1XKV5jfr8U6YMD5XXnl57r//3iSv1aXFwHFzc0vWWGOtnHba2VlllVUX6JkAAOCdrnfv3tljj72z//6fLevlI474Vj70oe3Ss+dSZf+3CPNVq9UcfvghefDBB7rNX3S1xhpr5bOf/XzWXnvd9OzZs+wdVyqVstdcrVaz3HLL2+kaAGAxVdSBDz/8UJ555ukkKReFOPbYE7LVVtuUIb5arZZ6vZ4111wrn//8F7PPPgdk8OAVy2sUO/QlyZVXXp477rgtyWs92uK4ESPWyDbbbJf99jswBxxwUD71qT2z0krDhfgAoAuTd0DDFAX6BhtslN6952w72nUF5Ztuuj5PP/2veZ5bDBML8wEAwGverN6dW5hv6NBh3cJ81Wo1LS0tmTBhfA499KC3HOYDAGDxU+yukST33XdPbrnlr0m6L672ZqG+AQOWTZ8+fcu/Nzc354UXns8FF5yfJLnssovnuxNfvV7PpEkTc9FFv8lJJ52YmTNnJEnuvvvON/3stVotd911R6677ppurxXPtcoqq+bjH/9EfvjD/81KK628wN8JAAAsDoYMGZoddtg5e+21X0466bTsuusn8+lP753NNnv/Ww7zrb/+Bjn88CPyiU/skQEDlk1HR0dqtVpqtVpWXHFItt562/zsZ2dn5ZVXWQRPDADAf6tSqWTSpIn57W9/nVmzZqWlpSVNTU35wAe2zqabbtZt9qBY0CFJBg4clB122DkHHfT5rLjikLLWrNfraWlpSZL8/OdnlrtGF+d3ZY4XAOatZVF/AGDJ9773bZbtt98xl1xyUarValmwjx37bEaPfjKrrLJqarXaGwr5Ypi4ubk5++//2STJL37x8247+xWrwo0Z80yOPvqb+f73f2RIAwCAJVIxdF3Uwh0dHeWfi2Z5oaivt9lmuyTJeeedleeff658vVqtprW1tQzznXXWL7L88oPL+hsAgCVTUT/ec89dueyyi3P77bflc587NPvue2AqlUo6OjrS2tqahx56IOPGvZiPfGSHbue3tfVIa2tLpk7t7DYM/I9/3JqxY5/NrbfenGTeIb7i/lOmTMk111yV9vb2tLa2pqOjo1z5uTjm9SqVSj74wQ9l3LgX8+yzz+Txxx9LvZ6svPLKGT58ley66yez7LIDs9RSS73N3xoAACx8Xevnoq87dOiwHHTQF9KjR4/UarWMGLFmDjjgoDQ1NeX222/LrFkzU6lUyjBfR0dHDj/8kJx66tlZf/0N5jqXMWLEmhkxYs184hOfyu23/z0dHZ1pako222yLLLPMMll6aTunAAAszp5++l+ZPn1aWlpaUq1WU6/XM3To0PnWeX369MmWW26VmTNn5oILzs+ECePLhYMrlUqmTp2S559/LkOGDO1Wuxbm1ecFAAT5gAXQ2dk5z8Hg+SmO22233fPAA/flySdHpV6vp7m5OZ2dnTn//HOy0UabZODAgXM9v7m5ubzGvMJ81Wo1PXr0yL/+9c989atfyoUXXpJevZb+L58aAAAWva4N746Ojjz33NjcfPON+ec/R2fq1KmpVqtZeuml84EPbJ2hQ4dlww03LsN+RR3fNcz33HNjy/q6GOYQ5gMAeHd5+ul/5ZJLfpe77ro9tVotv/zlualUKtl77/3T2tqaBx+8P4cd9vkkc4YtPvzhjyaZU5v27ds3O++8ay688Ffl+/V6Pc8883SeeebpJPMP8SVJ3759y793dnYmSXr3nv+AcJ8+fXLQQV9IvV7P1KlTUq/X06dP3wXqVQMAwOKg6N92rZ+Lerder6dHjx7d6uvVVx9RzlK8WZjvZz87O+ut1z3MN2nSpNx55z+y/vobZoUVVsyuu+6+kJ8WAIBGe+SRhzJjxoxu9WWfPn2TZK4BvK569+6drbfeJs89NzZ/+tNlqVY7y532pk+fluuuuzrve99mjX0AAFgCCfIBb6parZYhvj/96bIMHjw4m2yyaVpbWxfo/KIBvNxyy2edddbNk0+OKnfaK7btvvfeu7L99jvOMxxY7Bgyr535WlpaMnv27CTJ/vt/RogPAIAlQtf6+L777sntt9+W//u/yzN9+rQ3HHvPPXclSXbf/dPZfvudsuqqq6WlpUWYDwCAN+jTp28effShf+/S3JaOjvacc86ZWXrp3ll77XVz+OGHlsced9x3M2vWrHzsY7uWAx1rrLFmuRNfpVJJpVIphzeamprKEN+pp56VjTba5A3DIPV6PS+9NC7VarXs73Z0dGTFFYeU789reKTrLtV9+/ab63sAALC46doLrtfrefHFF/Lkk0/kpZdeTGdnZ1ZYYcUMH75yhg0bntbW1jQ1NZU1eVNT0wKF+b7ylUNy4oknZ9NNNy/ve8YZp+Smm67Pnnvum112+UQGDx688B8eAICGKuZsiz5uvV7P2LHPlu/Nby5gmWUGZKeddskNN1ybiRNfKevWSqWSKVOmJLH7HgD8pwT5gHnqOrz7/e//T6677uosv/zgrL76iHzxi4dn4MCBCxSaq9fraWtrywEHHJRbb70lEyaML38omD59eq699upsv/2O5WtzK+qL8N/rw3yVSiUdHR1JkqOO+l522GHn8p5+OAAAYHHVdXDj6quvzC9/eU5eeeXldHR0pKWlpRx6LurearWaWq2W3/3uwjz++GPZZpsPZ5dddptnmO/5558T5gMAeBeq1+sZOHBgPve5Q3PaaSenvb29XEjtpJNOTDKnFu3Zs2dmz56der2eV155uds1ttpqm3z845/IFVf8sawpiyBfYa+99s1GG22SpPticcmcoY777rsnEye+kqampnR0dGTZZQdm6623K9+fl7f6HgAAvFN17QXfccc/cscdt+Waa/7yhgXdKpVK3v/+LbPxxiOz++57lucU5y9ImO+b3/xqPvGJPdLa2poXX3whN998Y5Lkj3+8NIMGLZePfWzXbrU7AADvfPPaQKMwc+bMMsBX9HH/8Y9b8+KLL2SFFVac76xtvV7Pqquulv33/2xOOeV/y9eKBduKv+vPAsCCm/f/uYF3tc7OznJo9/jjj8l1112dJHnllZdz22235mtf+1LOPvv0PPjgA93OK1Z966oYLB4wYNl8+tN7p2fPnt1W+bj77jty5ZWXl8fOSxHmS5L99/9sPve5Q9PZ2ZlEiA8AgCVH10b7ZZddnBNOOC7jxs1ZebkYsu6640nRJC/q9wceuC8XXXRBfvnLc8oQX1E3b7PNdjn44EMzZMjQVCqVsi5/fZhv/PiXutXfAAAsGYq+6Xvfu06GDBmaZM5AcLGjR61WS2tra2bNmpV6vZ6DDvpCDjzw4PL8ov+71177ZeTITcvXuu4ekiT3339vLrzwV5kxY8YbBoGvueaqnHXWaeXnaW1ty7bbfiTLLLPMXPvLAACwpOpaS1955eU58cQf5PLL/5Dp06eltbUtlUolzc3NaW1tS61Wy2233ZpTT/1pvv3tb+SBB+7L7Nmzyp5xkjLMt/nmW6Rnz6W69X9bWlpSq9Xyhz/8Pr/73QVliK/oA7e2tpizAABYzHStJ59//rlu7xW92mHDhiVJeVxLS0smT56cM8/8WaZMmVzOHMxLUSOusMKK5XWL14pZ4Dc7HwB4I0E+YK6K4Yof/vDYXHPNVWWDuFqtplKpZPz4l3LFFX/M4Ycfkl/+8pw89NADSTLPlT2KoeINNtg4ffv2S5JuPwA89NCDC/S5mpuby2GOffc9MAceeLAQHwAAS4x6vV7W1Jdf/oeceupPU6/X09ralnq9XjbBu662XNS/XV8fN+6FXHHFH3LuuWe9aZivGNh+fZhvn312z4QJ4+3IBwCwhFpjjbXy4Q9/NEnKOrHQ0dGRJDn00K+UIb6iJ1vUm4MHr5Bdd909a675nvL9SqVSvj9q1OP57W9/kyOP/FpuvfXmPPLIw7nhhmtz1lmn5fjjj0mS9OjRI7VaLYMGDcrWW2+T5ubmN105GgAAliRd+7mXXnpxTjzx+Lz88oTy9c7OjrIf3NHRnubm5jQ1NaWpqSl///st+dnPfprLLvt9pkyZkubm5rKun1eYr5j1SFJep6WlJdVqNeuuu17e//4P6AcDACxGutaTF198Yfbcc7dceeUV5fvFHME666yfXr16lfVisQjEww8/mD//+U+ZMWPGm4b5iteHD185PXv27Dafu8EGG3XrCwMAC6Zl/ocA71Znn316rr76yvLvRUiu+L1o9p5//rm5/vprsskmm+Yznzk4vXv3SVtb21y37F5zzbWy99775ZRTfpJqtVqGA6+++sp8+MPbZ+TIzeb7uYoV5Zqbm3PQQV8oX5/fFuEAAPBOVzS9b7rphpx99pxdSnr06JHZs2cnSfbcc9+suupqGThwUCZPfjWXXfb7PPfc2Eye/Gp5frHT3uTJk3PDDddmmWWWyR577F2uuFypVLLNNtslSc4776w899zYN9TSs2bNysyZMxfikwMAsLAUvdV99jkgt912ax599OEk6TaA0dTUlJ49e87zGs3Nzdl88y0ybdrU/PGPl+aJJx7vFuar1WqZMWN6HnjgvjzyyENpapoziFwMfXStcQ855LCsu+76DXxiAAB45ynq77/85f/ys5/9NEn3OnmppXqlT58+mTp1ambOnFHW8YXRo5/MxIkT8/LLL2e//Q7MgAHLlu8VYb4kuf322zJr1sxUKpVuw9lF+G/IkGE54ohvdTsfAIB3vq715BlnnJokOfHEH6RSqWTHHT+WZM5M7XLLLZ+NN35fbr315rJ3mySvvPJyrr76yvTp0zcf+cgOWWqppea5kUa9Xs/dd9+ZWbNmpbm5uawri136AID/jCAfUHr98O4nP7lHBgwYkHvuuTu33/73MsRXrMpWq9XKIN7zzz+X554bm0cffSibbvr+7LjjxzJs2Erdrl2E/7bccqvceustuffeu1Or1crdQa6++qqstdba6dOnz3w/69xWghPiAwBgSfDss2Py5z//MTNmzEhLS0s5uHHCCT/Jlltu1e3YkSM3zV//ekOuueYv3Qawiwb8+PEv5aabbsg666yXddZZr9vCHF3DfM8//1yamprS0dGRPn365owzzs1KKw1fuA8OAMBCUQxiPPzwgxk16rEkb1zErVar5Wc/+2lmzJieffc9sKwvix7snF2jW/PhD380Sy+9dC699OI8+OD9Zc+4uFZxXq3WWdapScoa9zvfOSYf+tB23T4DAAC8Wzz44P357W9/nSRpa2sr6+QjjvhW1lxzrYwYsWYeffTh3Hbbrfnd7y5ItVot5y6SOcPXl112cVpbW3LooV/pVk+vvvqIHHDAQWlpack//vH3TJ8+La2treUOLJ2dnenXr39OPPGkDBkydCE/OQAA/616vZ4ZM6aXm3UUi0KccMJxmT17dnbbbfdUKpX06tUrH/zg1rn11pvLxSHq9XpqtVqefXZMLrvs4sycOSM777xrevfu3e2YosdbrVZz9913JEm5a/Q666yXHXbYedF9AQCwGJN6AZLMWYX59UG4QYOWyx577J0f//jkfO1r38wHP/ihJHMaunPbna9SqWT06Cdz0UW/yRe/eHD+/Oc/ZfToJ5PMCdkVTePllx+cDTbYKEnKoZBkTpP61VcnJUn5GgAAvFsUq9aNHv1EHn30kdTr9XR2diZJjjrqe9lyy63KY4rGer9+/bPTTh/Pl750eEaO3KxspievLXTx+OOP5vrrr0mSsnYvjtlmm+1y8MGHZqWVhqdarWbppZfOGWecm1VWWXWhPjsAAAtPpVLJY489ksMO+3yq1WpaW9u6vV/0eqvVas477+xcdNFvyvOKvm1RU7a2tmaLLT6YL3zhS+VCEdVqtRzwKOrOrotNVCqVDBw4KMcee0I++tGdkgjxAQDw7lLU1XfffWdefPHFJEl7e3uS5MQTT86uu34ya675nrS0tGTttdfNF7/4lRx55NHdFtZoaZmzdvuQIcOy1177z7WeXm211XPggQflU5/aM4MGLZeOjo7UarX07dsv66yzXs4889wMH77yQnhiAADeDl3napuamjJt2rQ88cSoJHP6skWN+Pe//y3Tpk0r+7Mf/ehO+eQn9yiPS16bJ3jmmadz2WW/z5lnnpqXX55QbrLRdWG20047KX/7283l60svvXQ+8IGt09LS0m3XZwBgwTTVF9H/QSdMmLoobgvMRbGCRpJ8//v/k46Ojhx33AlJko6OjrS2tiZJZsyYkccffzQXX3xhnnnm6Ywb9+JcV2IuhjxaWlqyyiqr5kMf+nD22GOvtLS0dNtJ75BDPptHH324DPlVq9Vss812+d73jre7HgAA70rTp0/LF7/4ufzrX0+VO2GvueZ78oMfnJjllx88z/Pq9XrGjHkmp59+cu688/ZuqzIXzfwf//jkbL75lt3OKY659tq/5NJLL853vnOMEB8AwBKus7Mzv/vdBbnwwl9lxowZ5eutra3p6OhIkjKEV6/X09zcnM9//ovZe+/9k+QN/eCuA8MXXHB+brzx+owZ83S5KEVXyywzIB/84Iey3XYfKRd7E+IDAODdaNy4F/O5zx2QV1+dVM5d7L33/jn00C+XNXJnZ2c5jH3ssUfnhhuuTVNTU5qbm9PZ2ZmVVhqe008/J8ssM6DbsUn3Onv27NmZOnVq7rrr9rS3t2fEiDWz4opDsswyyyySZwcA4D/XtS87ZswzGT585cyYMT177717Xn11UrlT3i677JbDD/9G2trmLOBW1IVPPTU655xzRm6//bYkrwX5uoYDBw1aLvvss3+GDBmWYcNWyqOPPpLbbvtbbrrp+iRJa2tbOjras8EGG+V73/tBBg4ctDC/AgB42w0a1GeR3Ldl/ocAS7KuIb4f/vDYXHfd1UmSn/ykb77xjW+Xwxutra1ZaqmlsvHGI7PaaiMyfvy4XHjhr/Poow9n/PiXyh8Sih32KpVKOjs7M3r0kxk9+sncd9/dGTly03zsY7ulT585/8HbY4+9c9JJJ2by5FfLc//5z3/mn/8cnREj1uz2gwcAALwbvPrqq5k6dUq5OEa9Xs/gwSu8aYgvmbPq3corr5KDDvpCZs2alQcfvL98r6ipn3hiVDbffMtuu2oXf95++x3zgQ9slV69lm7o8wEAsOi1tLRkp512SVNTUy699OJMnPhK9t//s5k6dUquueYvmTlzRrfebLVazTnnnJkk2Xvv/bst7lYMBhd15X77fSZbb71txo59NrfcclNeeeXl1Gq19OnTNyuuOCQf+cgOGTRoufTu3bvbeQAA8G7zyCMPZfLkV8sF3ZqamrLaaiOS5A0hvqOP/mZuueWvqVQqaW5uSUdH+zxDfFOmTEnfvn273au1tTUDBw7Mjjt+bOE+JAAAb4uu/dqLLrogZ531s3z960dmt912T//+y+SVV15Okmy11Yfy//7fUUnSbS4gmbNb82677Z7p06fnoYceeEOPt7m5ORMmjM9pp52carWanj17Zvbs2eWOe21tbWlvb8/gwSvmyCOPFuIDgP+CIB+8i3UN8R1//DG55pqrysL8iiv+mFqtlm9+8ztpbW3tdmz//v3Tv3//HHfcCbn//ntz33335OKLf5tqtZqOjvY0Nzd3K/Kr1WruueeuPPDAffnLX/4vhxzy5ay11nuz2WabZ/XVR+Tee+8ug39jxjydv/3t5owYsaYQHwAA7zqjRj2eCRPGd6uFi8b4ghgxYs3suusnM27ci3nppXHdduW76abrs9de+6VHjx7l8V3DfEJ8AADvHgMGLJuddtol06dPT//+/fPpT++T2bNnZfbs2fnrX2/sFuYrerzzCvMl3evKYcNWyrBhK+X975+zG3SxUNzcCPEBAPBu9cwzT6der6darSaZsyBbjx5zdk1pb28vd1A5+ugjyxBfS0tL2tu7h/hqtVoZ4vvlL8/JY489kp/85Gfdam2zFwAAi6+ufdjf//63OeusnyVJTjrpxPTu3Tuf+9yhOeqobyRJNtvs/Um6zwYnr4X6Nt30/eno6EyPHj1z9913pFarlfO+1Wo1lUqlnE9ob28v+8BNTU1pb2/Pcsstn//931MydOiwhfkVAMASR6cG3qU6OzvfEOIrVt8oCu//+7/L8+MfH59kzmobRQM5eW077Q033DgHHfSFnHLKmfnc5w7NiisOKXcOKY4pfoio1+sZM+aZ/PCHx+ZHPzouo0ePzpe+9NU3fJ4rrvhjHn30kYXyPQAAwDtJS0tztwGLpqamjBv3Yl555eUFCvS1tLRk8823yIgRayRJ2Whvbm7OrFmz5nqO4WkAgCVb1zqy6PHW6/Uss8yAHHDAQfn0p/dJkvTo0TOHH/6NbLvth7PUUr2SvNYH7hrmu+ii3yRJOcRRaGpqSkdHxxvuVYT4/pMFKgAAYEnXNcBX/H3cuBeT5HUhvpvmGeIrzn/llZdz9tmn5/zzz81jjz2a8eNfUn8DACwhinrxwgt/ldNPPyVJysV7jzvuu7nllpvKjTNWXHFoknQL8SWvLcRWqVTygQ9slc985uDssMPOSVLO+zY3N5c1ZNeZ33q9nh49emadddbLKaecmZVXXqXhzwwASzpBPniXKlZk+8EPvtctxNc1rPdmYb6uhXqSrL32Otlrr31zzjm/yoEHHpyRIzdNMqfI77pqR6VSydSpU3LnnbfnsMM+l1tuuSkjR25WBgiTZPr0aRk9+okk6TYIAgAAi5OiqZ3MqWuL2vbNatxardbtvHq9nieeeDwPPfRA2Vx/M7VaLUsv3TsHHHBQWlvbynvV6/XMmDE97e3tb8ejAQCwGChqx64LNxQDHMVrXXfKq1ar6dWrV7785a+/IczX1NSUSqXSJcx3QZKUrxXn33XXHRkz5plu9ypYQAIAgCVV177tggbollpqqfL4ola+4IJf5dlnn0mSHH30N8sQX3PzG0N8nZ2dSZJHH30kZ599en77218nSaZOnZKJE19RfwMALEFGjXo8F198YZI5s78dHR1l//Xqq6/M00//89+zuVOTpNsccKGYN2hqasq6666fI488Ol/5yhFZaaXhaWlpSWdnZ7mBR9dfa6+9bvbd94Acd9wJGTZspYX30ACwBGtZ1B8AWHQuu+ziXHvtX8ohjGIgo6sizJck3/zmd8ow3+sHPpI5Ax39+vXPgQcenHq9nssvvyz/+Mff8+CD96e9vb3bqh5FaPDXv/5FllqqV7eVPNrb2/OrX52XLbf8YAYOHLRwvgwAAHibNTU1ZebMmenRo0cmTZqYHj16pnfv3mUN3XVAozB48Arp1atXZs+enVqtVjbMTzvt5AwZMjRrrLHWm96zGKTu339AevTokY6O9i47pTSlXrdQBgDAu0GxqNqECePz1FOj87e//TUzZkzP7Nmzs9lmW2SVVVbL+utv0C1sVyzGVoT5kuTGG6/PzJkzyusV9ea5556Zzs6O7L//Z8tr/PnPf8pJJ52YXXfdPZ/4xKeyyiqrLpJnBwCAha3Ynbq1tXWufd+5GTBgQPnnYo5i2rSpOeus0zJ79uzcffedZYivo6N7iK9arZaLN48a9WiuueaqJEnPnktl1qyZFkwGAFgMFHXj3OrHoh9bGDJkaPbZ58BcddUVGTPmmfL4Yhago6Mj9Xo9119/dbba6kPl7npzmwcuNDc351Of2jObbfb+jBv3Qq655qpMmjQpEydOTKXSlA033CQrrrhidtxxl7S2tpb1JwDw3/N/VXgXGz585aywwooZP/6lcuePriqVSlnMv1mYr+vxyWsrLe+++57Zeutt88wzT+e8887O+PEvZcKE8WWIr7jOrFkz3/CDxSuvvJwXXnhekA8AgMXSLbfclDFjnsnNN9+Y2bNn55VXXk7fvv0yfPjKWWWV1bL11ttk6NCV0rdv327nrb76GllhhSH55z9Hl3VzpVLJxImv5Fe/+kUOOeSwrLTS8De9d3Nzc/r165e2trbytUqlko03Hpm+ffs15HkBAHjnKIY8Ro16PKeddlLGjHkmkye/Wr5/2223pl+//tl++x3y2c9+Pksv3bt8r+jPvlmYr6mpKZ2dnTn33LPy3HNjs/zygzNjxoxccslFSZLLL78svXv3zn77fSa9evVaqM8OAACN9vqh6muv/Uv+9a9/ZtSox9PW1prBg1fMllt+MBtttEm5A/bchqi32OKDGTLk13n++efKAe5arZbbb7+t7Au3tLxxJ75i1qK4ZjGf0dLSklmzZiaxGzYAwDtZUccVNVtnZ2cmT56c2bNnpbW1NQMGLNstNFetVtOnT5/sssuuaW6u5I9/vCzPPz82ScrrFL8ee+zR3Hjj9dl22w/PtyYsPsewYStl2LCVMnLkZuV7nZ2dgnsA0ED+LwvvYuuss35WXnnVvPjiC+Vqy8UPAuPGvZharVa+vqBhvkJR5A8cOCgDBw7KaquNyNNP/zOXX/6H3HHHPzJz5ozy/GI1uObm5nR2diZJvvWt72a99TZYGF8DAAC8LWbPnp077rgtt9zy11x//TVveH/69Ol58cUXcscd/8jFF1+YH//4lGy22fvL94t6fNttP5KxY8eks7Mz9Xq9HOC49967ctFFv8k++xyQYcNWmutnKOrwBx64NzNmTC/r7Xq9Pt8AIAAAi79iJ49HHnko/+//fTXTpk1N8toibJVK5d+DIa/mkkt+lxdeeCH77HNA1lrrPeVgxoKE+Yqd+a6++spu929ra0t7e3tmzZqVpPvCcQAAsLgrZhxmz56dm266Pn//+y35299ufsNxl19+WfbYY69sv/2OWWONtd4wRF2v17PUUr2y3nob5PnnnyvnL5qamsr5jCRpb2/P8OGr5NRTz+wW4iuu0dTUlClTppTXrVQqWXbZgRkwYNkF3hkQAICFp+ivVqvVvPzyhFx//TV56KEHMmrU46lWO9OjR88MGLBsttrqQ3nf+zbPmmuuVS7isPTSvbPjjrskyRvCfMVcwYQJ43PjjddllVVWzaqrrvamn+X1teLrF4wAABpHkA/epWq1WpZaaqkcdtjheeKJxzJx4sQ0NTX9uxG8cjbd9P254oo/dAvbFWG+ej058sg3D/N1LeTr9XqWWWaZLLPMJtloo01y22235pFHHsrvf//bVKvV1Ov19OjRI7Nnz06SHHXU97LDDjuX5/qhAACAd7oZM6bnrLNOz91331k2zIsmd1FLFw30pqamvOc9a2e55Zbvdo1iuHqzzTbPJZdclFdfnZSWlpZy9eUZM2bk5ptvysyZM7L//gdltdVWL69XHFPUzjfccG1mzZpV3nPEiDXz8Y9/MokaGwBgSdbU1JTRo5/Mt751RKZNm1rWk8ViakUtWAyL/P3vt2T69GnZZ58DsvHGIxc4zFdcoxgQKXYCaW9vz5AhQ7PNNtulV6+lF9n3AAAAb7diV5Lp06fl9NNPyd1335mXXhqX5LVecL1eT0tLSzo6OnLJJb/Lyy9PyJ577pv3vGftbtdqampKz549s/POH88111yVzs7Ocv6iUAxrf+tbR2fZZQd22xWlWMCjo6MjjzzyUJKUsxdrr71ull9+8EL6VgAAWFDFrO3MmTNz6aW/y1133ZEHH7y/2xzB9OnTM2HC+PzrX//M73//2xx22Nfy0Y/uVP77fu/evbPTTrskacqf/nRpnnuu+858tVott956c/r165cDDjg4gwcveF1YzAF33fUZAGiMyqL+AMCiUQxZDB68Yrbffse0tLSUxf6dd96eFVZYIXvssVeSlEPByZwi/corL8+JJx6fJG9oJs9Ncd3iuC22+EC+8IUv5bTTzsmee+6boUOHlSG+b3/7f8oQX9eV5gAA4J1q2rRp+fa3/18uv/y1Ve9eP9RcKAaiN9vs/fNcAW/EiDXz1a9+I8mc4ZDiWpVKJdOnT8vf//63HHPMUbnzzttTr8/Z5aS5uTlNTU3p7OzMKaf8b667bs6OgE1NTWlra8v73rdZ+vTpU74GAMCSacqUKfnVr87N5MmvprW1LZ2dnd3qv+LPxcrPSXL//ffmN7/5Ze655650dnaWx74+zLftth9Or169kqSsQ4trNjc3l8PHhx765ay77voL43EBAGChKEJ0U6dOzZFHfj1XXnlFGeLr2guu1+tlXZwkN910Q2644bq5XrNer2e99TbI17/+zSSvDXZ3XzS5lssv/0NGjXosLS0t5QIdxTGnn35ybr/9tvJ6gwYtlx13fG3RZAAA3hmKGnHatGk55pijcsEFv8qDD96fJN0W7H1tId/OTJ48Occff0wuvPBXmTZtWpI5fd2ll+6dnXb6WHbb7VMZOnRYWYcmr4Xxrrzyilx44a/KmhUAeGdpqi+izs2ECVMXxW2Bubj//ntz5JFfz8yZM9La2paOjvZsvPHI7Lbbp3LHHbflyiuvSJJyZ75kzg8MO++8a4488jtJMs+d+eanWq1m+vTp+fWvz8t6622Qrbbapry+AWMAAN7ppk6dmsMPPySjRz9ZDjrPb7GLjTcemVNOOTPJvOvejo6O/OY3v8yvfnVeknTbJbuoyZPkwx/+aIYPXzlrrfXejBr1WB599JHcfvvfkyRtbW1pb2/Pe9+7To477gSrMAMAvAs8++wz+drXDsuECePL4Y2BAwelo6MjST2TJ08ujy2CfEV9ud56G2S//T6TTTZ5X7nTR/F+sUP0GWeckltu+WsmT341Sf4dFuwo73X00cdm++13TKLHCwDAkqEI8U2ZMiVf+coh+ec/R3fbga/r2FVRYxe1cFFr//Snp+V979tsrtefMmVyLrzwV/nd7y5M8sZecHNzc/r165fPf/5LGT585QwbtlIefvjB/PWvN+a6665OknLO4wMf2Drf/OZ30r9//wZ+IwAA/Ce61pNHHPHljBr1WLkLX7EoxNwUi6clyWGHfTWf/vQ+qdfrZY04ffq0XHXV/5U78xW78s0JAs6ZV/j4xz+R/fb7jFkBAJiHQYP6LJL7CvIBSZJf/eq8/OIXPy//PmDAgBx22Ney2mqr54ILfpUbbrg2ydsf5uu68vObvQYAAO8006ZNy+GHH5onnxxV1sktLS3p6OhIpVLJsssOzMYbj8zAgYOyzDIDMmHC+Dz55KgceODB2XDDjedbP48b92IuvvjC/OEPlyTpXosXTfuiwV/8XigGNwYNWi6nnnpWhg1bqbFfBgAA7wgXXHB+zjnnzPLve+65b7bbbvv06dMn7e3tueCC8/Poow/n+eefS/Kfh/lmzZqViy++MLffflsee+yRJHNq08GDV8znPndItt32I0mE+AAAWDJ0Hbr+4hcPzpgxT6e1tS3VamdqtVpWWGHF9O+/TFZbbUTuuuv2TJkyJbNmzSwHsos+7r77HpgvfOFL87zPs8+OyWWXXZw//emyJN17wV0Dga2trVlqqaUyc+bMfy/W8dqCbiuuOCQnnXR6hgwZ2uBvBQCABTW3erKo9SqVSrcFgot/829paSlf7xrmO+GEn2TLLbdK8lr/VZgPAP47iyrI1zL/Q4AlWVHQf/CDW+fvf/9bnnji8VQqlUycODEXX/zbnHXWL3LwwYekUmnKddddUw4bFyvAXXnl5UmSI4/8TrnzyH8S5ptbYE+IDwCAd7qZM2fm+9//7lxDfK2tbTnooM9n/fU3yjrrrNvtvPb29jJwN7+6efDgFbL77ntmqaV65cILf5VqtVo27avVatmAT944gN3R0Z4VVlgxP/7xKUJ8AABLqGLYY9y4cRk8eM4QxqxZs8r399prv3zxi1/pds63vvXdXHvtVbnqqv/LI488VF6j2F36oYceyAUXnJ8k3cJ8xfs9e/bMvvsemI99bNfcddcdmTJlclZaaXhWWGFIVl55lSRCfAAALBnmF+IbOXLTfPazX8hKKw1P37598+yzY3LFFX/MDTdcm4kTX+kWwPvXv56a6z2KenyllYbn05/eJ0sv3fsNveCuO7V0dnZmypQpqVQqaWpqSqVSSXt7ewYMGJATTzxZiA8A4B1kbvVkUeMVAb3m5uYMGLBshg0bno6O9jz88INlcK8I47W0tKSzszPnnffzrLLKahkyZGgZ+lt66d7ZaaePJUkZ5isU87xXXPHHJBHmA4B3EEE+WMJ0DdItyMBE8f6qq66e9dffME888XiamprS0tKSJ58clV/84uc55JDDsvfeB6SpqZJrr/3L2x7mAwCAxUlnZ2cuuug3ue++e8thjCLE19bWlh//+JRsvPHI8viu9XFbW9t/dK+hQ4dlr732yworrJiTT/5x2bRvbm4uA4HFEEcy52eAfv36ZfXV18g3vvHtDB067O14ZAAA3mGKgd+HHnog3/72Edliiw/mqKO+l9bW1iTJwIGD8uEPb9/t2FqtltbW1uyww8cyaNDyueSS3+Wuu27/j8J8xYrQyy47MDvssPMbPpcQHwAAS4L5hfi23PKD+f73Tyxr5Wq1+u8w3t6pVjvz5z9fnmq1s6yN+/XrP9f7dF3keMiQodlzz32y7LLL5mc/O6nsBb9+IeSiLi96wquvPiLHHvvDrLTSym/ztwAAwFv1ZiG+rrMFhx/+jayzznpZddXVkiSPPPJwzjzz1Iwa9Vg6Ojq67aw3fvxLefbZMRkyZGjZh+0e5qvnT3+6TJgPABYDgnywBOk6IDx58qvdmsHFMMbcFO99/vOH5r777s5TT40uj73vvnsyduyYrLba6tl99z3T1NSUa665SpgPAIB3naIZPmbMM7njjn9k1qyZSdKt0f7Tn56WDTbYqNsA81upi7ue37dv3+yyy25ZddXV8qc/XZqHHnow48a9ONfzNtpoZLbZZrt84ANbZcCAZd/ikwIA8E5W9HMffvjBfOUrh6Rareaaa65Kjx49s/HGm6RXr17p1atXRoxYM8lrg7/FwG9zc3NGjtw0bW1taWpK7rxzwcN8C7pwHAAALK7mH+LbKiec8JMkr9XmRQ94ueWWzy677JZrr70606a1l9dcd931kySvvPJybr/9tnR2dmTWrFlZf/0Ns8IKQ9K/f/9/L9LWP7vvvmdWW21EfvGLn+fZZ8dk0qSJ3RZzKwa2V155lWy88cjsuee+GTx4hYX8LQEAMC8LEuLr0aNHfvrT07P++ht0O2+dddbNEUd8K8cff0xGj36inMWtVCqZOnVKrrzy8my++RblOd3DfLskabIzHwAsBgT5YAnRNTj3P//z7fz977fksMO+lnXWWTdrrLFWOawxtxWRi+GMHj16Zqeddsm5556VWbNmJUlGjXos119/bQ466AtZa633ZPfd90wSYT4AAN51ijr66quvzKhRjyWZU0sXjfhvfvM7bwjxvRVdz5848ZUykLfOOutltdVGpL19dm644bq8/PKEPP/8c+nRo0fWXHOtLL/84HzgA1v/dw8JAMAi8/p+6rzqymInvsMO+3zq9XpaW1vT2dmZP//5j3n44Qcze/bstLe3Z8qUyenVa+kyhJe8NthRqVSy/voblq//J2E+AABYUv0nIb65zUPU6/WsuurqWXvtdXLXXXekXq9nvfU2SI8ePXP88cfk4YcfyvPPvzZUPWDAgKywwpAcccS3MmLEGuXsxYYbbpxjjvlhXn55fC677PeZNGlSnn12TJJkxIg1MnTosOy888czaNByWWqppRbeFwQAwJta0BDf6aefk7XWem+3DTpaWlpSr9ez2mqr57DDvprDDz80nZ2v7fJcqVQybdq0JN0XVHvjznx50zBfc3Nz9tprP4tBAMAi1FQvlmxayCZMmLoobgtLpK4N4uOPPybXXHNVkqRnz57lim877PCx9O7dO5VK5U0Dds8+OyZHHPGVjBv3Qlpb29LR0Z6ll+6d44//cTbeeGSSZPToJ3LJJb8r71OE+ZI5jemdd941Rx75nTd8NgAAWJzV6/WMHftsvva1L2X8+JfKhnqtVsvWW2+bww//RgYOHPiWr1806ev1eqrVai699OKMGfN0Pvax3bL22uuUn2F+IcH/NkgIAMDC17WPetFFF2STTUZmjTXWmmttN2nSxHzjG4fnySdHdatJk6RHjx6ZPXt2KpVKzj77l3nPe9ae6/2K69ZqtTz44P357W9/nTvvvD1J3nDN9dbbIPvt9xlhPgAAlmj/bYiv8OKLL+SrX/1iXnjh+TQ1NWXgwEGZOnVKuZhyc3Nzuo5q1Wq1LLVUr5xwwk+y8cYjy8/xejNmTC8HtAEAeOdZ0BDfaaf9PO95z9rdQnyvv05nZ2e+8IUD8/TT/ypfL3ZlPu+8C9KjR483nFf0fKdPn5arrvq/MszX1NRU/qrVaqnX69ljj71z6KFf1u8F4F1v0KA+i+S+b6wAgMXK3EJ8TU1NaW1tzaxZs/Lss2Ny+umn5Nhjj85vf/vrtLe3v2mwbqWVhueQQ76UJOnoaE+lUkl7++zce+/d5eDGiBFrZo899spHP7pT+RmKHyiKnflOPPH4JK+t5AEAAIu7pqamjB//UiZNmpRkTiO8qJE33HDj/yrEl8wZmH7ppXH57W9/na9//bCceeapufbav2Ts2DHdPkNx72TOkMfr620hPgCAxUvXHu/3v/8/Oeusn+Xss8/Iv/71VLmaclfLLDMgu+yyW9Za6z2p1WrdBj6KEF+tVstVV/05U6fOfVHF1+/Mt88+B2TTTTdP8lqAr7jmQw89kIsu+k3uuuuOdHZ2NuQ7AACARWneQ9ed5UJu8wvxFXX06NFPZsqUKUnm9HFffnlCZs2alUql0q2+r9fr5Q7bM2fOyHe+8//yr389Ve7E0vWYJOnVa+luIb5FtG47AABz8WYhvubm5jLE97Ofnf2mIb5kzs58PXv2TK9evd5Q8805Z+514Ot35tttt09l6NBhZU1ZqcxZUKJnz6Wy004fE+IDgEVIkA8WY52dnXMN8TU1NZVbahfv33XX7TnnnDNz6KEH5ZZbbsoLLzzf7VpdC/711tsgW2zxgfJaHR0dufzyP+T5558rjxHmAwDg3aSol//xj1vT0fHa4hiVSiV9+vTN5ptv0e24t2LChPH5zne+mXPPPSv3339vmpub09nZmb/+9Ya0t7d3u3YR1qtUKnbABgBYjL2+x3vddVcnSR5++IGcfvqpbwjzFcPBH//4J/KJT+yRESPWKF9//WDwPffcldGjn5jnvRc0zNfS0pL77783v/jFzzNp0sQGfAsAALDo1Ov1cuj6y1/+Qreh61qtlmWWGZDPfvbzSbrX710V8xIvvvhCTjvt5EybNjUtLS2pVCrd+rrF4nBdB7c7OzvT2tqa6dOn58QTj8+kSZPK/m8xszE3FnQDAHhneLN6Minqvbb88pe/zXvfu046OzvnGeIrPPXU6IwdO7b8e6VSKfu4PXr0nOd5bxbm6+hoT9++fXPOOb/Kqquu/vY8PADwlgjywWKsWBHjmGO+0y3EV2x/3bUhXAxcPPnkqPz4x8fn2GOPzs0335j29vYkcwr44geHQYOWy8iRm5VN5NbWtkydOiXnnXd2ZsyYUV5zfmG+q666Iscff0ySGC4GAGCxVgxFvPrqq0nm1L6v1cut6devX7fj3orevfuUQxxdB7BfffXVtLa2GswAAFgCvb7HWyzUMGvWrDzwwH1vCPMVu+0lyQ477JxPfWqvbmG+rgs+PP/8czn77NPz4osvzPP+8wvztbS0lLvwffzjn8igQcs17LsAAIBFoampKbNnz84hh3wm//rXU+nRo0fZ/02SadOm5cwzT83o0U902y2vUOyy8vLLL+drXzss48a9kNbWtrLXO2LEmtltt91z0kmn56ijvpf99/9seV5RvxfD3OPGvZixY8ckseMeAMDiYl71ZNf3R4xYI717z9ld+c1CfEXvd9SoRzNt2tTy/GKRiVVWWW2BPk/XMN8nP7lH+vXrl9bWtpx++rlZZZVV/5vHBQDeBoJ8sJj7299uzo03XpckaWlpTb1eLwN9lUolK600PCussGIZ7mtubs6UKVPy2GOP5Lvf/VZ+9KPv58orr0jSPWz3yU/ukS233Cr1ej2dnR1JktGjn8jTT/8rScrhjXmF+YoG9jXXXJWHH35woX0fAADQKNVqNbNnz0qScreToik/ceLE/2oX6lqtlqWWWipbbPGBJN0DgS+++ELGj3+pbNoDALBk6drjbW5uKQN5HR3t/3WY7/HHH833v/8/eemlcfO8/5uF+YqF4I466nvZZZfdkhgoBgBgydPe3p73v/8DZb+3a/+3o6M99957T8466/Q37JjdNcR32GGfz/PPj01bW1uq1c7UarVsttn7873v/SBf+tLh2Xjjkdlhh53zuc8dmmOOOT69evXqtjNfkkyc+EruuOMfSey4BwCwOJlbPVnUjPV6PU899WR+8IPv5Z//fOoNuzYXitnbRx55KKec8pOy1ix6wRtuuHG23fYj5TXfTNcw3/bb75SDDz4kv/nNxUJ8APAOIcgHi7l1110vn/nM55IkHR3t3Zq8tVotM2bMyKc+tVc22miTclWOJGlra0uSXH/9NfnJT07IkUd+Lffdd0+5w0i9Xs+OO+6cZZcdWBb9Y8c+m8svvyzJnJWii2vNLczX0TEn/HfUUd/Luuuu3+BvAQAAGq+5uTlLL92722v1ej3Tp0/LuHEv/le7UBd1/IABy5bXLerwzs7O1OtvvjIfAACLr3n1eP+bMF+hUqnk4YcfzLHHHv0fhfn23ffAbLTRJkmSb33ru9lhh53LaxsoBgBgSdOnT5/st9+BOfDAg5O8NkSdzLsu7+zsnGuIr7NzTojvQx/aLiec8NMMH75yevTomXq9Xtbq2277kXz5y18v79VVsfMKAACLj7nVk8X8QKVSSXt7ex544P6cccapb1gcIpnTd21ubs4TT4zK1772pcyePTutra1lP7Znz54ZOXKzLL300kkWbNGH4h59+vTJxz/+yQwdOqwBTw4AvBWmAGExt8wyA/LJT+5RDnq8/geAl14al1tuuSk//OH/Zu+9989yyy2fZM4KIK2trWWx/o9//D0nnHBcfvjDYzJq1GNpamrKxhu/rxz+KIJ/N954fbk6dNeVQYow3447fqz8bEcd9b1uAx4AALC4e32Qr6i9b7zx+syaNestX7eol6dOnVK+VtTaffr0Sb9+/d7ytQEAeGd7sx7vogrzrbfeBtlvv8/kpJNOz0477ZIk5XsAALAk6tevfz7xie51+bzCfKNHP5GWlpZMmDB+riG+bbbZLscdd0K3BZKbmpq6zVhsv/2OWXfd9csh7OJngM7OzvL+AAAsPuZVT9br9Xn2eWu1Wjo7O1OpVDJq1OM57LDPZdasWWltbS1fr9fr2XDDjfPJT34qzc3N892Nr6ui1rQ4GwC8s/gXV1gCvP4HgK4FfKVSyYMP3p/jjvtuDj30yznuuBPy8Y9/IknS0dFRHlOpVDJu3Iu5/fbb8sUvfi4///kZGT/+pXzjG99Ov3790t4+ZyXozs6O3HffPeW5XQv8ESPWzCc+sUc+9KHtcuSRR5chPgMeAAAsKTbb7P3p1atXknRbQfnBB+/LpEkTk7y1AYuiXp46deobXuvRo0c6Otr/o4Y8AACLl3n1eJNFF+bbZJP3ZeTITctrGfYAAGBJ17//goX5zj337Nx77905/PBD5xriO/bYE5J0r+sLRc3d2tqafv36pV6vp16vlwG+NdZYM8lrwT4AABYfC1pPnn76qfnnP59KpVJJS0tLRo16LF/+8ue7hfiam5tTrVaz+uoj8t3vfj+9ei2darWqTwsAS4Cm+iKaBJwwYer8DwL+I6+++mr++MdLcv755yZJufpGU1NTqtVqRo7cNCeddHqS5Kabbsi1116VRx99OJMnTy6L/tbWtnR0zAntDRkyNDvv/PG0t7fnN7/5ZarVajmwcfLJZ2TjjUfO9XNMmTIlffv2TTJnwEOIDwCAJcWYMc/ki188KFOmTOm2el6tVsvIkZvlpJNOS9J9F5X/5Nrf/vYRGTv22bKGrtVq2XffA/OFL3zpbX8WAADeeebW4y0CeXOGfduywQYb5bDDDs+qq67erR4tasirr74yl176u4we/WSSdOvP1mq1rLvu+vne936Q5ZcfvJCfDgAAFg8LUpc3N1cya9asNw3xtbS0zPMenZ2d+eIXD87jjz/arWb/yU9OzciRmzXw6QAAaLQF6/NumKOPPjYzZszIZz6z9xtCfJ2dnVlppeE566xfpG/ffm9pBgEAeHODBvVZJPeVroElyNxW8yhWc2tubs7dd9+ZL3/5C6nX69lmm+1y+OHfyLHHnpA11lgrbW09kiQdHe1pbW1NrVbL2LHP5qyzTssVV/wxtVottVotLS0tqdfrOf/8c/PyyxO63b/IBRchviRCfAAALFGGD185e+yxd5Luu5JUKpXcffcdOeWU/02ScqGMBVE07B9//NG8/PLL5etFfb3SSsPfts8PAMA723+yYnMjd+YDAIB3swWpy2fNmpVKpVKG+D70oQUP8SXJqFGP59VXJ5ULxtVqtWy++RZCfAAAS4AFqScffPD+HHXU/8sBB+w53xBf8ToAsGSQsIElzPzCfA88cF8Z5ltxxSHZeOOROe20s3PooV/O+9+/ZZKko6MjSdLa2pokeeWVl8sh5OL3sWOfzZNPPtHtNVt2AwDwbrD++htmxIg1yvq3Xq+Xobtrr70655xzZpIFC/MVO6eMHftszjnnzMycOaPcWbter2ejjTbJ9tvv2NgHAgDgHUWYDwAAFr03q8sLRQDvfe/bPMcdN/8QX9Evbm9vz2WXXZwXX3whtVot9Xo9yy8/ODvvvGt5XQAAFm9vVk9WKpW0t7fnscceSXt7e1paWt40xDe/RSIAgMWLIB8sgeYX5nvwwfvzla8cUh7fq9fS2XXXT+ZHPzopX/7y17L22uumpaUlHR0d5SoelUql224jEye+kt///rdJYqUPAADeVTbYYKN88IMfKocpmpqaylp52rSp+dOfLstPf3pikrnXyl2HMIoQ39e/flgmTBiflpaWcnBjwIBls/32O5YrMgMA8O6xsMJ8P/jB9zJunDAfAADMzbzq8q494Tl/T55//rkk856fqFar5Xunn35ybrzxuiRJS0tLKpVKNtxw46y33vpJLKIMALCkmFc9Wa/Xy5qvqampfL0I8Z1xxnlCfACwBBPkgyXUguzM1zXM19nZmaampuyxx9759rf/J0ceeXQGDVquPCfp3ixua2vLfffdk0suuWjhPhgAACxCRW184IEHZ+utty1Dd0nKwepp06bm8ssvy1e/+sWMHftsZsyYkeS1wemirp40aWJuv/22HH74oRk37sW0tLSUdXuSvPe9a2fzzbfsdg4AAO8ejQ7ztbW15YEH7stRRx2RWbNmLeSnAwCAxcObDV8nc2rs+++/Nz/5yQnd6vKuuob4fvazn+ZPf7osyZyavLOzMyuvvGo++9nPp2/ffgvxyQAAWBjmV08Wv1er1QwevGIuuOCS9O/fX4gPAJZgTfVFtKz/hAlTF8Vt4V3n1VdfzR//eEnOP//cJHNWfytW86hWq9lww43zs5+dnSRpb29PW1tbee6LL76Qa665Kv/4x60ZNerxsuHco0ePzJ49O0ny4x+fXA4XAwDAu0GtVkulUsn06dNyzDHfyR13/KNcgbnrIhi1Wi1DhgzLuuuul223/UhWXHHFLL/8CpkwYXwee+zR3HbbLbnnnrsyZcqUMsTX3Nyczs7ODB++ck488eQMGTJ0ET8tAACL2tx6vEUgr16vp7W1LRtssFEOO+zwrLrq6mX/t6hbk+Tqq6/MpZf+LqNHP5kkaW1tS0dHe5LkiCOOzK677r4IngwAABYfb7Uuf32I79JLL06Scu5iwIABOe20n2ellVZeJM8FAMDCMa96suvufBtssFG++93jMmjQct1eBwAaY9CgPovkvoJ88C7wn4T5ilU8iiGPjo6OzJw5I+eff17uvvvOjBnzdHndb33ru9lpp10WyTMBAMA7wbPPPpOf/vTE3HffPd3CfEVDveuOJz179szSS/fOzJkzyl36ktca9JVKJdVqNf37L5MzzjjH4AYAAKW3M8z3z38+VZ571FHfyw477Fxex2AIAADM239al3fdReWUU36SP/zh90leC/H16dM3Z555XlZeeZVF80AAACxUc6snq9VqOWfQ1taW9dbbIF/+8te69XkBgMYQ5AMa6q2E+V7vkUceyt1335lf/vKcHHnkd7LzzrsmSbdhEAAAeLcZO/bZnHbaybn99r93q4uLH7crlUo5zNE14FfU5MWvJBk0aLmcfPIZGT585YX7EAAAvOO9XWG+3/721xkz5pluC7UZCAEAgAWzoHX5oYcelhEj1kwixAcAwGvmVU8Wvdx59XkBgLefIB/QcG81zPf6oN7LL0/IwIGDkhjwAACAJJk5c2Z+9KPjctNNN5SvvX71vNfXzcXr9Xo9Sy3VK2ussWa+9a3vZujQYQv74wMAsJh4O8J8f/7znzJgwIBsueVW5Xl6vAAAsOAWpC7fcMONc8QRR+byy/+Q3/3ugiRCfAAAzPFW+7wAwNtLkA9YKN6OnfmKoQ8/HAAAQPfB59/97sL87W9/zSOPPFS+//pd+pqbm9PZ2Vnu1LfaaiOy+eZb5JOf3KNcMAMAAObl7QjzFeb2GgAAMH/zq8vb2tqyzDID8tJL45II8QEA0J0wHwAseoJ8wELzdoT5AACA13QdgH7qqdF54IF784c/XJJXX30106bN/effNdZYK+997zrZc899suyyA9OzZ8+F+ZEBAFiMGfIAAIBFb351eUGIDwCAuVnwPu9Xs+qqqy3KjwoASyRBPmChEuYDAIC31+uHo196aVwmTnwl9957dyZPnpyZM2ckSYYOHZbVV18jI0askX79+i+iTwsAwOJuQYY8Nt54k3zhC4dl9dVHLMqPCgAAS6x51eVFv7ilpSUdHR1CfAAAzNX8+rxLLdUrq6yyar797f9RSwLA20yQD1jo5hfmW2eddXPmmb+wUjMAADRAUXvbHQUAgLfqzYY8mpqaUqvVst56G+RHPzopffosmn+IAgCAJd3c6vJqtZrW1lYhPgAA5mtefd6WltZ0dLRnwIAB+fnPf53Bgwcv4k8KAEuWRRXkqyySuwLvCP37988nPrFHPvOZzyVJqtVqmpqaUqk0J0keeeTh3HXXHYvyIwIAwGJvXuvnFOE9IT4AAN6qufV4K5VKWlpaykDfLrvsJsQHAAANNLe6vGfPnkJ8AAAskLnVkz169EhHR3v69u2bU045S4gPAJYgLYv6AwCLVvEDQJKcf/65qVarqVarSZLvfOeYbLrp5ovy4wEAwGJPUA8AgEZ6sx7vUUd9L9tvv2OS2AkaAAAaqGtd/utf/yKzZs1K//7L5LTTfi7EBwDAfKknAeDdQ5APKH8AqFQq+cUvfp5kTojvox/dKUlSq9VSqdjAEwAAAADgnWh+PV4hPgAAaLz+/fvnk5/cI7NmzcwVV/wxp556lqFrAAAWmHoSAN4dmur1en1R3HjChKmL4rbAm5g0aVIuueSiDBu2Unbc8WNJDHgAAAAAACwu9HgBAGDRmzJlcmq1evr377+oPwoAAIsh9SQALByDBvVZJPcV5AO66ejoSGtraxI78QEAAAAALG70eAEAAAAAAADe3KIK8vnXW6CbYsAjiQEPAAAAAIDFjB4vAAAAAAAAwDuTf8EFAAAAAAAAAAAAAAAAgAYS5AMAAAAAAAAAAAAAAACABhLkAwAAAAAAAAAAAAAAAIAGEuQDAAAAAAAAAAAAAAAAgAYS5AMAAAAAAAAAAAAAAACABhLkAwAAAAAAAAAAAAAAAIAGEuQDAAAAAAAAAAAAAAAAgAYS5AMAAAAAAAAAAAAAAACABhLkAwAAAAAAAAAAAAAAAIAGEuQDAAAAAAAAAAAAAAAAgAYS5AMAAAAAAAAAAAAAAACABhLkAwAAAAAAAAAAAAAAAIAGEuQDAAAAAAAAAAAAAAAAgAYS5AMAAAAAAAAAAAAAAACABhLkAwAAAAAAAAAAAAAAAIAGEuQDAAAAAAAAAAAAAAAAgAYS5AMAAAAAAAAAAAAAAACABhLkAwAAAAAAAAAAAAAAAIAGEuQDAAAAAAAAAAAAAAAAgAYS5AMAAAAAAAAAAAAAAACABhLkAwAAAAAAAAAAAAAAAIAGEuQDAAAAAAAAAAAAAAAAgAYS5AMAAAAAAAAAAAAAAACABhLkAwAAAAAAAAAAAAAAAIAGEuQDAAAAAAAAAAAAAAAAgAYS5AMAAAAAAAAAAAAAAACABhLkAwAAAAAAAAAAAAAAAIAGEuQDAAAAAAAAAAAAAAAAgAYS5AMAAAAAAAAAAAAAAACABhLkAwAAAAAAAAAAAAAAAIAGEuQDAAAAAAAAAAAAAAAAgAYS5AMAAAAAAAAAAAAAAACABhLkAwAAAAAAAAAAAAAAAIAGEuQDAAAAAAAAAAAAAAAAgAYS5AMAAAAAAAAAAAAAAACABhLkAwAAAAAAAAAAAAAAAIAGEuQDAAAAAAAAAAAAAAAAgAYS5AMAAAAAAAAAAAAAAACABhLkAwAAAAAAAAAAAAAAAIAGEuQDAAAAAAAAAAAAAAAAgAYS5AMAAAAAAAAAAAAAAACABhLkAwAAAAAAAAAAAAAAAIAGEuQDAAAAAAAAAAAAAAAAgAYS5AMAAAAAAAAAAAAAAACABhLkAwAAAAAAAAAAAAAAAIAGEuQDAAAAAAAAAAAAAAAAgAYS5AMAAAAAAAAAAAAAAACABhLkAwAAAAAAAAAAAAAAAIAGEuQDAAAAAAAAAAAAAAAAgAYS5AMAAAAAAAAAAAAAAACABhLkAwAAAAAAAAAAAAAAAIAGEuQDAAAAAAAAAAAAAAAAgAYS5AMAAAAAAAAAAAAAAACABhLkAwAAAAAAAAAAAAAAAIAGEuQDAAAAAAAAAAAAAAAAgAYS5AMAAAAAAAAAAAAAAACABhLkAwAAAAAAAAAAAAAAAIAGEuQDAAAAAAAAAAAAAAAAgAYS5AMAAAAAAAAAAAAAAACABhLkAwAAAAAAAAAAAAAAAIAGEuQDAAAAAAAAAAAAAAAAgAYS5AMAAAAAAAAAAAAAAACABhLkAwAAAAAAAAAAAAAAAIAGEuQDAAAAAAAAAAAAAAAAgAYS5AMAAAAAAAAAAAAAAACABhLkAwAAAAAAAAAAAAAAAIAGEuQDAAAAAAAAAAAAAAAAgAYS5AMAAAAAAAAAAAAAAACABhLkAwAAAAAAAAAAAAAAAIAGEuQDAAAAAAAAAAAAAAAAgAYS5AMAAAAAAAAAAAAAAACABhLkAwAAAAAAAAAAAAAAAIAGEuQDAAAAAAAAAAAAAAAAgAYS5AMAAAAAAAAAAAAAAACABhLkAwAAAAAAAAAAAAAAAIAGEuQDAAAAAAAAAAAAAAAAgAYS5AMAAAAAAAAAAAAAAACABhLkAwAAAAAAAAAAAAAAAIAGEuQDAAAAAAAAAAAAAAAAgAYS5AMAAAAAAAAAAAAAAACABhLkAwAAAAAAAAAAAAAAAIAGEuQDAAAAAAAAAAAAAAAAgAYS5AMAAAAAAAAAAAAAAACABhLkAwAAAAAAAAAAAAAAAIAGEuQDAAAAAAAAAAAAAAAAgAYS5AMAAAAAAAAAAAAAAACABhLkAwAAAAAAAAAAAAAAAIAGEuQDAAAAAAAAAAAAAAAAgAYS5AMAAAAAAAAAAAAAAACABhLkAwAAAAAAAAAAAAAAAIAGEuQDAAAAAAAAAAAAAAAAgAYS5AMAAAAAAAAAAAAAAACABhLkAwAAAAAAAAAAAAAAAIAGEuQDAAAAAAAAAAAAAAAAgAYS5AMAAAAAAAAAAAAAAACABhLkAwAAAAAAAAAAAAAAAIAGEuQDAAAAAAAAAAAAAAAAgAYS5AMAAAAAAAAAAAAAAACABhLkAwAAAAAAAAAAAAAAAIAGEuQDAAAAAAAAAAAAAAAAgAYS5AMAAAAAAAAAAAAAAACABhLkAwAAAAAAAAAAAAAAAIAGEuQDAAAAAAAAAAAAAAAAgAYS5AMAAAAAAAAAAAAAAACABhLkAwAAAAAAAAAAAAAAAIAGEuQDAAAAAAAAAAAAAAAAgAYS5AMAAAAAAAAAAAAAAACABhLkAwAAAAAAAAAAAAAAAIAGEuQDAAAAAAAAAAAAAAAAgAYS5AMAAAAAAAAAAAAAAACABhLkAwAAAAAAAAAAAAAAAIAGEuQDAAAAAAAAAAAAAAAAgAYS5AMAAAAAAAAAAAAAAACABhLkAwAAAAAAAAAAAAAAAIAGEuQDAAAAAAAAAAAAAAAAgAYS5AMAAAAAAAAAAAAAAACABhLkAwAAAAAAAAAAAAAAAIAGEuQDAAAAAAAAAAAAAAAAgAYS5AMAAAAAAAAAAAAAAACABhLkAwAAAAAAAAAAAAAAAIAGEuQDAAAAAAAAAAAAAAAAgAYS5AMAAAAAAAAAAAAAAACABhLkAwAAAAAAAAAAAAAAAIAGEuQDAAAAAAAAAAAAAAAAgAYS5AMAAAAAAAAAAAAAAACABhLkAwAAAAAAAAAAAAAAAIAGEuQDAAAAAAAAAAAAAAAAgAYS5AMAAAAAAAAAAAAAAACABhLkAwAAAAAAAAAAAAAAAIAGEuQDAAAAAAAAAAAAAAAAgAYS5AMAAAAAAAAAAAAAAACABhLkAwAAAAAAAAAAAAAAAIAGEuQDAAAAAAAAAAAAAAAAgAYS5AMAAAAAAAAAAAAAAACABhLkAwAAAAAAAAAAAAAAAIAGEuQDAAAAAAAAAAAAAAAAgAYS5AMAAAAAAAAAAAAAAACABhLkAwAAAAAAAAAAAAAAAIAGEuQDAAAAAAAAAAAAAAAAgAYS5AMAAAAAAAAAAAAAAACABhLkAwAAAAAAAAAAAAAAAIAGEuQDAAAAAAAAAAAAAAAAgAYS5AMAAAAAAAAAAAAAAACABhLkAwAAAAAAAAAAAAAAAIAGEuQDAAAAAAAAAAAAAAAAgAYS5AMAAAAAAAAAAAAAAACABhLkAwAAAAAAAAAAAAAAAIAGEuQDAAAAAAAAAAAAAAAAgAYS5AMAAAAAAAAAAAAAAACABhLkAwAAAAAAAAAAAAAAAIAGEuQDAAAAAAAAAAAAAAAAgAYS5AMAAAAAAAAAAAAAAACABhLkAwAAAAAAAAAAAAAAAIAGEuQDAAAAAAAAAAAAAAAAgAYS5AMAAAAAAAAAAAAAAACABhLkAwAAAAAAAAAAAAAAAIAGEuQDAAAAAAAAAAAAAAAAgAYS5AMAAAAAAAAAAAAAAACABhLkAwAAAAAAAAAAAAAAAIAGEuQDAAAAAAAAAAAAAAAAgAYS5AMAAAAAAAAAAAAAAACABhLkAwAAAAAAAAAAAAAAAIAGEuQDAAAAAAAAAAAAAAAAgAYS5AMAAAAAAAAAAAAAAACABhLkAwAAAAAAAAAAAAAAAIAGEuQDAAAAAAAAAAAAAAAAgAYS5AMAAAAAAAAAAAAAAACABhLkAwAAAAAAAAAAAAAAAIAGEuQDAAAAAAAAAAAAAAAAgAYS5AMAAAAAAAAAAAAAAACABhLkAwAAAAAAAAAAAAAAAIAGEuQDAAAAAAAAAAAAAAAAgAYS5AMAAAAAAAAAAAAAAACABhLkAwAAAAAAAAAAAAAAAIAGEuQDAAAAAAAAAAAAAAAAgAYS5AMAAAAAAAAAAAAAAACABhLkAwAAAAAAAAAAAAAAAIAGEuQDAAAAAAAAAAAAAAAAgAYS5AMAAAAAAAAAAAAAAACABhLkAwAAAAAAAAAAAAAAAIAGEuQDAAAAAAAAAAAAAAAAgAYS5AMAAAAAAAAAAAAAAACABhLkAwAAAAAAAAAAAAAAAIAGEuQDAAAAAAAAAAAAAAAAgAYS5AMAAAAAAAAAAAAAAACABhLkAwAAAAAAAAAAAAAAAIAGEuQDAAAAAAAAAAAAAAAAgAYS5AMAAAAAAAAAAAAAAACABhLkAwAAAAAAAAAAAAAAAIAGEuQDAAAAAAAAAAAAAAAAgAYS5AMAAAAAAAAAAAAAAACABhLkAwAAAAAAAAAAAAAAAIAGEuQDAAAAAAAAAAAAAAAAgAYS5AMAAAAAAAAAAAAAAACABhLkAwAAAAAAAAAAAAAAAIAGEuQDAAAAAAAAAAAAAAAAgAYS5AMAAAAAAAAAAAAAAACABhLkAwAAAAAAAAAAAAAAAIAGEuQDAAAAAAAAAAAAAAAAgAYS5AMAAAAAAAAAAAAAAACABhLkAwAAAAAAAAAAAAAAAIAGEuQDAAAAAAAAAAAAAAAAgAYS5AMAAAAAAAAAAAAAAACABhLkAwAAAAAAAAAAAAAAAIAGEuQDAAAAAAAAAAAAAAAAgAYS5AMAAAAAAAAAAAAAAACABhLkAwAAAAAAAAAAAAAAAIAGEuQDAAAAAAAAAAAAAAAAgAYS5AMAAAAAAAAAAAAAAACABhLkAwAAAAAAAAAAAAAAAIAGEuQDAAAAAAAAAAAAAAAAgAYS5AMAAAAAAAAAAAAAAACABhLkAwAAAAAAAAAAAAAAAIAGEuQDAAAAAAAAAAAAAAAAgAYS5AMAAAAAAAAAAAAAAACABhLkAwAAAAAAAAAAAAAAAIAGEuQDAAAAAAAAAAAAAAAAgAYS5AMAAAAAAAAAAAAAAACABhLkAwAAAAAAAAAAAAAAAIAGEuQDAAAAAAAAAAAAAAAAgAYS5AMAAAAAAAAAAAAAAACABhLkAwAAAAAAAAAAAAAAAIAGEuQDAAAAAAAAAAAAAAAAgAYS5AMAAAAAAAAAAAAAAACABhLkAwAAAAAAAAAAAAAAAIAGEuQDAAAAAAAAAAAAAAAAgAYS5AMAAAAAAAAAAAAAAACABhLkAwAAAAAAAAAAAAAAAIAGEuQDAAAAAAAAAAAAAAAAgAYS5AMAAAAAAAAAAAAAAACABhLkAwAAAAAAAAAAAAAAAIAGEuQDAAAAAAAAAAAAAAAAgAYS5AMAAAAAAAAAAAAAAACABhLkAwAAAAAAAAAAAAAAAIAGEuQDAAAAAAAAAAAAAAAAgAYS5AMAAAAAAAAAAAAAAACABhLkAwAAAAAAAAAAAAAAAIAGEuQDAAAAAAAAAAAAAAAAgAZqWdQfAIDGmDK7lrFTO/P8tGpmV+vpqNVTrSXNlaS10pQezU0Z0rs5w/q0pG8PuW4AABZP9WlTkhfGpv7S80n77KSzI6lWk+bmpKU1aeuRpuWHJCsOS1Pvvov64wIAwFsyuTojz3ZMyPOdEzOr3p7OejWdqaYlzWlpak7PprYMaRmQlVoHpV9zr0X9cQEA4K1pn5TK1KfSNP3ppDozTbWOpNaRVFpTr7QmzUulvvQqqfVZPWlbZlF/WgAAeEvap3dk6rgZmTZhVqrt1dSq9dSr9TQ1N6XS3JTmtub0HtQzfQb3StvSrYv64wLwNhPkA1gC1Ov1/GtyZ0ZP6sjTkzvz1KudmTirms5aUmn69zFJ6vWkqSn590up1ZOWSjKgZ3NW79+SVfq1ZMQyrVm1X0uamprmdTsAAFgk6vV6MvZfqT89OvXnnk7GPJW8OjHp7EwqleKgzKl+m+YUv0nqtVrS0pL0H5AMXz1NQ1dJ0yojkmGrqnsBAHjHqdfr+WfHuDzR/nz+1f5Snmp/Ma9Up6Yz1VRSST31OcelnqZ/d3v/P3t/HmTnfd4Hvt/3LL0CaIDYiJUEwF2kJEoUJUuiVsuyZUqyHTk3TuxsvjeVStVUJXHqJqmaP6dqkqnrTKqmKjWTKSexszhjO44lUZFFUVxEaiEpiZK4EwRA7MSORu9ne+8fTTQJklhI9OnTDXw+VSqd0zjnfZ/TQBFP//D7/p4iRTrppJZqVleX54a+Ddnetz43923Kjvq1+l4AABafskxx5rlUTv88ldEXUow+k2L6SFI2k1ST1/reufXe5LX/bydFPeXA+pQjt6czcks6K9+bcsVtc2vCAACwWJRlmTMHJ3Jq33jOHJrI6IHxTI820mmXKSpJytc637PbHDL7/2UnqVSLDIz0ZWTzsqzYOJxVW5dlxaZh670AS1xRlmV58ZfNv2PHxnpxW4ArynSrzJOvzuSBfVPZM9pKkdlwXr2a9FWK1Cu5YMNelmWanaTRKdNsz4b+yiTbR2r5xesGc9f6/gzUNPwAAPRWOTOd/PzJdL73QLJ/z+xmjE4nqdeTet/s5L0LLVSX5eykvmYjaTZnQ39lmWzdnsrHfjG5464U/QML94EAAOBtTHcaeXx6Z+4ffyq7m0eSFCnTSV9RS19RTz3Vi6/3pp1G2UyjbKXI7C6Q7fVr8/ll78/dAzdmoNK3YJ8HAADeVmsqlaMPprbvz1KceSGzW5U7SaX/tf/1XXy9t9NIOjOz/3ut7y1Hbk1ry1fSWffppDa4MJ8FAADOo9Vo58izp7L/iSMZPTSRIrOtbKVeSaVWSaVWXHS9t9Mq02l10ml2Ury2v3dk03C23r0+625blVpfdcE+D8CVaO3a5T25ryAfwBJ0eKKVRw9M5+H9MxlrzDboy+pFapXLD921OmUmmmU6ZbK8r5JPbenPPZsHsmHYEFcAABZWefRwyicfTfn4w8n42OzmjaFls9P1LlerlUxNzB5jN7w8xYc/leJD96RYt+Hyrw0AAO/AodbJPDLxTB6cfDpjnakUqWR5ZSC14vI3YbTKdsY60ylTZnllIJ8ZuiOfHL49G2vXzEPlAABw6YqJfakeui/VA19LmqeTFEl9JKnUL//inWbSOjO73ltfmfbmL6W98d6Uw1sv/9oAAPAOTByfzsGnjuXgj4+lMdmabXuHaqlUK5d97U67k9ZkK2WZ9A3VsumDa7PpzrUZXuPgYoB3Q5APgItqtMvct3sy9+2aTLOT9FWToYucyvFulWWZyVaZRjupV5J7dwzli9uHUq+a0AcAQHeVzUbK79yX8sH7knZzdurewNCFT2F+1zcrk+nJ2Wl91XqKz9yb4rNfTFGfh80jAABwAY2yma+OPZGvjj2ZVtrpL2oZKvq7t95bzmSmbKWWar68/EP58vIPp69wgBsAAF3Wnk51z39M7ZU/mg3cVQaS2nBSXP5G5rcoO0lrIulMJ5V6Wtf/zbS3/c2k2j//9wIAgDdoNzvZ8+ih7HnscDqtMpV6JbWBatfWe1vT7XSanVRqRbZ9fEO2fWJjqrUu9NgAVzBBPgAuaPfpZv7dM+PZe6aVgVqRwdrCBeqmWmWmW2WuW1HL796xLNtGbGoGAKA7yn270/nTf5cc3Jv0DyQDgwt38+mpZGY62XRdKn/1d1Ns2bZw9wYA4Kqyq/Fq/u/T92dP82iGir4MVhZuY/FUZyaTZSPb6uvy91b+Urb3Xbtg9wYA4OpSjD6X+nP/IsWZF2fDe7Xhhbt5ayJpT6RcfnOat/3zlCO3Lty9AQC4qoweHM+zX3slY4cnU+2vptZfXbB7t2baac+0s3zDUN7zpW0Z2bSAPTfAEifIB8DbarbLfH33ZL6+azLtMlnRV6TSjUkkF9Epy5xplKkVpvMBADD/ymYz5Xe+nvLBryftdrJsRVLpwWlxnU4yfiap1kznAwBg3jXKVr469ni+OvZk2mlnpDKUSjcmkVxEu+zkTGcyVdP5AADohvZMqnv+6LUpfK2kb1VSLNxm5jllO2mcSio10/kAAJh37VYne7772hS+dpm+4XqKysLvqy07ZRoTzVSqpvMBvBOCfAC8xenpTv71T0az6/TCT+E7n7PT+XasrOUffmAkKwc0+wAAXJ7yzOl0/v2/TvbuWvgpfOdzdjrfdTtS+Tv/MMWKlb2uCACAJe5Uezy/f+Kr2dk8vOBT+M7n7HS+G+sb8nurv5xV1WW9LgkAgKVu5njqP/2nqYw+k1QXeArf+bw2na8zcnua7/+XSf+aXlcEAMASNzPWyFN/vDOjByYWfArf+ZydzjeyeTh3/taN6V/e1+uSABY1QT4AznF8sp3f//FoDoy1M9Lfmyl859Mpy4zOlNm8vJrf++BI1gz1/gcQAACWpvLk8XT+4PeTwweS5SO9mcJ3Pp1OMjaabNicyu/+XoprbO4AAODdOdYazb888d+zv3U8KyvDqfZgCt/5tMtOTncmsqW2Jv909a9nbW2k1yUBALBUTR1O31O/l2J8V9K3ujdT+M6nbCeNEymX7Ujjzt9PBjf0uiIAAJaoqdMz+cl/einjR6fSt6w3U/jOp+yUaYw3s2zdYD7w2zdlcGXvD5QDWKx6FeRbPP9KCMCcY5Pt/IsnF2eIL0kqRZGR/iIHxmbrPD7Z7nVJAAAsQeXJY+n8n/9icYb4ktl6lo8khw+k83/+i5Qnj/e6IgAAlqCjrdH8L8f/LAeaJ7KqsmxRhfiSpFpUsqqyLAeax/O/HP+zHGuN9rokAACWoGLqUPp+9D+lGN+d9K1ZXCG+ZLaevjUpxnel70f/UzJ1uNcVAQCwBE2dmsmP/sMLizLElyRFpUjfsnrGj07lR//hhUydnul1SQC8yeL6l0IAcnq6k3/149EcmWhn5SIM8Z1VKYqs7C9yZGJ2cuDoTKfXJQEAsISUZ06n8wf/Kjl+JFmxcvGF+M6qVGbrO34knT/4/ZRnbGoGAODSnWqP53878d9zpHU6q6rDi3q9d1V1WY60TuVfnvjvOd2e6HVJAAAsJTPHU3/qn6SYOvDaJL5Fut5bVGbDfFP70/fU7yUzJ3pdEQAAS8jMWCM/+c8vZfLkTPqWL74Q31lFpUjf8nomT85ODpwZb/a6JADeYJGumgBcnZrtMv/6J6PZ/9okvmKRbuo4q3jDZL7//cejabbLXpcEAMASUDab6fz7f50c3j878W6R970pitcn8/37/z1l0yI3AAAX1yhb+f0TX83+1vGsrA4vifXeldVl2d86nv/fib9Io2z1uiQAAJaC9kzqP/2nKcZ3Le4Q31lnw3zju1L/6f83aZtQAgDAxbVbnTz1xztfn8S3BNZ7z07me+q/vJR2y7AOgMVika+cAFxdvr57MrtOtxb1JL43q7wW5tt1upX7dk/2uhwAAJaA8jtfT/buSpavXLyT+N6sUpkN8+3dlfLB+3pdDQAAS8BXxx7PzubhrKws3kl8b1YpiqysDGdn83C+NvZEr8sBAGAJqO75o1RGn1kaIb6zikrStzqV0WdSfeU/9roaAACWgD3fPZTRAxOzIb5FOonvzYrKbJhv9MBE9jx6uNflAPCaJbJ6AnDl2326mft2TWagtnRCfGdViiIDtSJf3zWZPaOmkwAAcH7lvt2zQbj+gaUT4jurUkn6B1J+5+sp9+/pdTUAACxiuxqv5qtjT2ao6Et1qWxmfk21qGSo6MtfjD2R3Y1Xe10OAACLWDH6XGqv/FFSHU6Kaq/LeWeKalIdTm3PH6YYfb7X1QAAsIiNHhzPnscOp9pfXTIhvrOKSpFqfzV7Hj2U0YMTvS4HgAjyASwKjXaZf/fMeFplMlhbWk3+WYO1Iq1O8gdPj6fZLntdDgAAi1DZbKTzp/8uabeSgcFel/PuDAwm7VY6f/oHKZsOsQAA4K0aZTP/9+n70047g5X+XpfzrgxW+tMq2/m3p+9Po2z1uhwAABaj9nTqz/2LpNNKasO9rubdqQ0nnWbqz/2vSXum19UAALAItZudPPu1V9Jpl6n1L7HDK15T66+m0yrz3Nf2pN3q9LocgKueIB/AInDf7snsPdPKir6lGeI7a0V/kb1nWrlv92SvSwEAYBEqv3NfcnBvsmxFr0u5PMtWJAf2zk4WBACAN/nq2BPZ0zyakcpQr0u5LCurQ9nTPJqvjT3R61IAAFiEqnv+Y4ozLyZ9q3pdyuXpuybF2IupvvIfe10JAACL0J5HD2Xs8GT6huu9LuWy9C2r58zhyex59HCvSwG46gnyAfTY4YlW7ts1mYFakUqxtIN8laLIQK3I13dN5vCEU5oBAHhdefTwbPCtfyCpLPHliEol6R9I+eDXUx61yA0AwOsOtU7mq2NPZqjoS6VY2n1vpahkqOjLX4w9kUOtk70uBwCARaSY2JfaK380O9GuWJpTSeYU1aQ6nNqeP0wxsa/X1QAAsIhMHJ/OnscOp9pfTVFZ2vt7i0qRan81ex49lInj070uB+CqtrT/BRHgCvDdA9NpdpLB2tJu8s8arBVpdpJHD2j0AQB4Xfnkd5N2MxkY7HUp82NgMGk1Uz75aK8rAQBgEXl44pm00s5gpb/XpcyLwUp/WmnnuxPP9roUAAAWkeqh+5JOczbIdyWoDSedZqqHvtHrSgAAWEQOPnUsnVaZWv8SP7ziNbX+ajqtMgefOtbrUgCuaoJ8AD003SrzyP6Z9F0ZPf6cvmry8P6ZTLfKXpcCAMAiUM5Mp3z8kaTe1+tS5le9L+XjD6eccYgFAADJdKeRhyafTn9R63Up86qvqOU7k09nutPodSkAACwGralUD3wtqQz0upL5VelP9eBXk9ZUrysBAGARaDXaOfjjY6nUr6y4RaVeycGfHEur0e51KQBXrSvrbxaAJeZHR2Yy1uhk6AqZxnfWUK3IWKOTHx2Z6XUpAAAsBk//KJkYSwaGel3J/BoYmv1cT/+o15UAALAIPDG9M2Od6QwVV8Y0vrOGi/6MdabyxPTLvS4FAIBFoHL0oaR5+sqZxndWbVnSOJ3K0Yd7XQkAAIvA0edOpTHZSm3gyprUURuopjHRytHnTvW6FICrliAfQI+UZZlv751KpUiK4soK8hVFkUqRPLB3KmVpKh8AwNWsLMt0Hvt2UlSSK6zvTVEkRSWd7z2g7wUAuMqVZZlvjT+VIsUVud5bJPnW+FP6XgCAq11ZprbvT19b773Ctp299plq+/800fcCAFzVyrLMvsePzG4JuBLXe4tk3xNHrPcC9MgVtqICsHTsHm1lz2grw/Urq8k/a7heZPdoK7tHW70uBQCAXtq/O9m/Jxm8wk5nPmtwONm3e/ZzAgBw1drVfDW7m0eyvDLQ61K6YnllMLubr2ZX89VelwIAQA8VZ55LceaFpLai16V0R21FitHnU5x5rteVAADQQ2cOTmT00ERqQ7Vel9IVtaFaRg9O5MzBiV6XAnBVEuQD6JGdp5opktQqV2aQr1aZPaV556lmr0sBAKCHyj07ZyfX1a7MBe7UaklRpHxlZ68rAQCgh15sHExSpFZUe11KV8x+riIvNQ71uhQAAHqocvrnSYqkUu91Kd1RqScpUjn9dK8rAQCgh07tG0+RpFK9MqMWlWolRZLT+8d7XQrAVenK/NsFYAnYM9pK5wqfSt0pZz8nAABXr/LAnqTT6XUZ3dXppNy/p9dVAADQQ7sbR1Lmyu57y3Syu3Gk12UAANBDldEXkiu87006Kc483+siAADooTOHJlJe4ft7yzIZNZEPoCcE+QB65OXTrdSvzMOZ59Qrya7TgnwAAFe1vS8n9Sv0dOaz6vVk765eVwEAQA+93DicvuIKnUL9mr6ilp0m8gEAXNWK0WeSSn+vy+iuSl8qp5/pdRUAAPTQ6IHxVOpXdsyiUqtk9ICJfAC9cGX/DQOwSJ2Z6eTkdDt9laLXpXRVX7XIiel2xhpX+ol8AAC8nXL8THL6ZFLv63Up3VXvS06fSDk+1utKAADogdH2ZE60x9JXXNkHWPQV9Zxoj+VMe7LXpQAA0AuNUymmj1wFQb6B2c/ZON3rSgAA6IHGRDPTo41Uald2zKJSr2R6tJHGRLPXpQBcda7so0EBFqn9Y620OsmyBd7XUXY6Wchp39WUabSTl46O55ZVV/j4QQAA3qLY/VL6ms2UA0NJZ+EOdyjLMkWxgIdmVKopmo1M7Xkp5fZbFu6+AAAsCi81D6RRtjLU7ku7aC/YfRe6762USaNs5aWx/bm1vnnB7gsAwOJQO/10+jqNdKorFni9t5OiWMhN1LVUOo3MHHs6rZUfWMD7AgCwGJx+ZTztVieVgSKdzsLtuC1SpKgsXN9bqRVpTZUZOzKV1duv7EPqABYbQT6AHjg43k6lyIJtsmjMzGSmMZOyXMgY36xWWct3f7onx+snF/zeAAD01obdz2V7s5HmxMSC3K/ZbKbZaiZlmRRF6rV66vWFWXCuN5vZ/b1HcvjQ0QW5HwAAi8fTI0fTXNPIRHth1l9brWaazebZtjf1ej212sL0vc1qM48c/GFOjK5bkPsBALB4bG1/P7e0mplpjC/I/VqvrffO9b21emoLtN7bXzaz+2ffzr7qwnxWAAAWj9b+WlqN/jTGF36/bVEU6e/vT19/96dgF0WRolJk4thUVm9f0fX7AfA6QT6AHphZoA0dSTIzM5OZmekFu9+blUmaubJHjAMA8Paq7WYWaiR0s9lMs9l4/QtlOfd8QcJ8ZVJtNbt/HwAAFp1mpZMs0GC8VquZRuP1vrMsk0ZjdnPzgvS9RdKoLNz0FQAAFo9qGhd/0TxpNZtpNN/U9zabKbNAfW+SamYW5D4AACwy7QVa7H0bZVlmenp2v+9ChPlSJq1Gu/v3AeAckhUAPdDslAu1nzmNRo8Xl8sibX/dAABclSqdzoLsZy5Tzk7iexuzX+9+910kqXQscAMAXI3axUKt9pZpNt++720tUN+bLOTnBQBgMamUrSxUz3m+9d7Wgh2mVr72eQEAuOosgnPMZmZmZk+z6LIyZTot670AC02yAqAH2p0F6bGTsky5IDe6QAlJOmXvTigBAKB3ik4nCzaS73x9b7lQh2iUr31eAACuNp2ikwXrOs/f9i7M/VOmU+h7AQCuRpUs0EFmZXnhvneBmt8F+7wAACwuZbFg2xzOW8IC7vst24J8AAtNkA+gB6qVpFiIbFtRpFiQG12ghCQVJzQDAFyVykolWZCZfDl/g10UC1RB8drnBQDgalMpK1mwrvP8be/C3D9FKqW+FwDgatRJdWFuVBQX7nsXqPldsM8LAMDiUpQLts3hvCUs4L7fompQB8BC8y9tAD1QryzUto6kr69/ge50HkWZ6mKYNQ4AwILrVCoLclBdkSL1Wv1tf232693vvssknYqNHQAAV6NquVCrvUXq9bfve2sL1PcmC/l5AQBYTDpFLQvVc55vvbd2nq/Pv+K1zwsAwFVnEaQr+vv7F+QAiyJFKjXrvQALzYoDQA/0L+AJFv39/SmSzDRmFnTc9llFkrogHwDAValdrS/YSXVnNzQ3W82kLJNiNtx3vo3O865I2gu2iQQAgMWk3qlkQU6wyOsbl5vN5tm2N/V6feE2NJdJX2cR7GQBAGDBtdO3YPeqvWG9d67vrdXnvr4Q2unxockAAPRGdeH32Z5VFEX6+/vT179AvWiR1PocWAyw0AT5AHpg07JqOmVSluWCjMDue62xLzudhdpPkmT28zUbySfed2tuWaXZBwC42hQb1qbvpafSPzy8IKfFnbVQffYbbpii08wNH/tkdmy/ZeHuCwDAonBN80CeGP9ahjO0oH3oQve9ZVmmWU7mk7d8JLfWNy/YfQEAWBxqp4fT/8y3Uq8vW+D13k6KYgEPkyjLVJrT2X7757J15QcW7r4AACwKp18Zz9N7X0l9WXVB11+LFCkqC9f3lmWZslNmeO3ggt0TgFmCfAA9sGV5LbVK0uwkC3mYRVGpLNRAlCRJo12mr1rmpnXLMtznlGYAgKtNuf2mdOr1FJ12Ul+405oXXLOR1PsyuO2mFMPDva4GAIAFdlN7S/omaulUkr7iyj3QrFG20tep5ablWzJcHep1OQAALLT6HSkqfammlVQWclrdAu81aM8klb70r70j/X3WewEArjb16/tSre1LOpVU6lfuvtdOq0ylWmT5ekE+gIV25f7tArCIreiv5JqBahqd3o3gXgiNdpnVA9UsF+IDALgqFctWJCuvmQ26XcmajWTl6hTLlve6EgAAemCkOpTV1eVplM1el9JVjbKZ1dXlWSHEBwBwdepblXJgfdKZ6XUl3dWZnv2cfSt7XQkAAD3QN1zPwEhfOq1Or0vpqk6zk4GRvvQN13tdCsBVR7ICoEduWFlLs93rKrqr2Ul2rDT8FQDgqnbdDUnzyt7QnGYzuW5Hr6sAAKCHbujbkEbZ6nUZXdUoW7mxb2OvywAAoIfKkduvgiBfI52Vt/e6CgAAemhk87J0mld4kK/VycjmZb0uA+CqJMgH0CPbRmqpFL2uorsqxeznBADg6lVs3pZUrvDlh0olxZZtva4CAIAe2t63PsUV/s9uRSrZ3re+12UAANBDnZFbcuVvN6ukXHFrr4sAAKCHVmwcTnGF7+8timRk03CvywC4Kl3pKysAi9aNq+opk7Q6Za9L6YpWp0yZ2c8JAMDVq9h2Y1KWSesKnU7SaiVlmeL6G3tdCQAAPXRz36YkZVplu9eldMXs5ypzk4l8AABXtc7K9yYpk06z16V0R6eZpExn5R29rgQAgB5atXVZyiSd9pU5la/T7qRMsnKLiXwAvSDIB9Aj20dq2TZSy0TzygzyTTTLbB+pZbuJfAAAV7ct25Mt25KpiV5X0h1TE8nW7bOfEwCAq9aO+rXZXl+fsc50r0vpirHOVLbXr82O+rW9LgUAgB4qV9w2O62udabXpXRH60zKkVtTrrit15UAANBDKzYNZ2TjcFqTV+aBxa3JVkY2DWeFiXwAPSHIB9AjRVHkc9cNplMmZXllhfnKskynTH7xusEUV/p8cQAALqgoilQ+/rmk7MxO5ruSlGVSdlL52C/qewEArnJFUeTzy+5MmfKKXO8tk3x+2Z36XgCAq11RpLX1K6+t915h00le+0ytLb+Z6HsBAK5qRVFk64fXz24JuBLXe8tk693rrfcC9IggH0AP3bW+P8v7KplsXVmN/mSrzPK+Su5a39/rUgAAWAzuuCsZXp5MT/a6kvk1PTn7ue64q9eVAACwCNw9cGOWVwYyWc70upR5NVHOZHllMHcP3NDrUgAAWAQ66z6d1FcmrYlelzK/WuNJ38p01n2q15UAALAIrLttVfqGamlNt3tdyrxqTbfTN1zLuttW9boUgKuWIB9ADw3UinxqS38aV1afn0Y7+dSW/gzUnNYBAEBS9A+k+PCnkmaj16XMr2YjxYc/laJ/oNeVAACwCAxU+vKZoTsyU7Z6Xcq8apStfHbojgxU+npdCgAAi0FtMO3NX0o6072uZH51ZtLe9OWkNtjrSgAAWARqfdVs+uDadJpX1iTqTrOTTR9Ym1pftdelAFy1BPkAeuyezQOpV5KpK2Qq31SrTL0y+7kAAOCs4kP3JNV6Mj3V61Lmx/RUUqvPfi4AAHjNJ4dvTy3VTHWujKl8U52Z1FLNJ4bf0+tSAABYRNob700q9StnKl9rIqnU0974q72uBACARWTTnWtTqRVpzVwZ0zpaM+1UakU23bm216UAXNUE+QB6bMNwLffuGMp0q0ynXNphvk5ZZrpV5os7hrJhuNbrcgAAWESKdRtSfObeZGY66SzxE+s6nWRmOsVnvphi3YZeVwMAwCKysXZNvrz8Q5ksG+mUS7vvbZedTJaN/Nryu7Oxdk2vywEAYBEph7emdf3fTNoTSbnENzWX7aQ9kda2v5VyeGuvqwEAYBEZXjOQbR/fkPZMO2Vnae/vLTtl2jPtbLtnY4bXGNQB0EuCfACLwL3bh3LdilrONJZ2o39mpsx1K2q5d/tQr0sBAGARKj57b7LpumT8TK9LuTzjZ5LN180GEwEA4E2+vPzubKuvy2hnstelXJbR9mS21dflS8vv7nUpAAAsQu1tv5Ny+c1J41SvS7k8jZMpl9+c9vW/0+tKAABYhLbdszHLNwylMdHsdSmXpTHezIoNQ9l2j8OKAXpNkA9gEeirFvm7ty9LrUimWkszzDfVKlOrJL97x7LUq0WvywEAYBEq6n2p/ObfTaq1ZHqq1+W8O9NTSbWWym/+bop6vdfVAACwCPUV9fx/Vv5SqqlmqjPT63LelanOTGpFNX9v5S+lr6j1uhwAABaj6kCat/2zpFJLWhO9rubdaU0klXqat/3zpNrf62oAAFiEqvVK3vOl61OpFmnNLM1p1K2Zdiq1Ird9aVuqNfERgF7zX2KARWL7ynru3TGU6VaZTrm0wnydssx0q8wXdwxl24jNzAAAnF+xdfvsJLuZ6aTT6XU570ynk8xMp/jsF1Ns2dbragAAWMR29F2bLy//UCbLRtrl0up722UnU2Ujv7b87mzvu7bX5QAAsIiVI7eldf3fTNoTSbnENjWX7aQ9kda2v5Vy5NZeVwMAwCI2smlZtn18Q9oz7ZSdpbW/t+yUac+0s+2ejRnZNNzrcgCIIB/AovLF7UPZsbKW0ZmlE+brlGVGZ8rsWFnLvduHel0OAABLQPHZLybX7UjGRpdOmK/Tma33uh2zQUQAALiILy//cG6sb8jpzsSSWu893ZnIDfUN+dLyu3tdDgAAS0B7299MZ+T2pHEiWSqHWJSdpHEinZHb077+d3pdDQAAS8C2T2zMyObhNMabSybMV3bKNMabGdk8nG33bOh1OQC8RpAPYBGpV4v8ww+MZPPyakZnypSLfHNH+VqIb/Pyav7RB0dSrxa9LgkAgCWgqNdT+Tv/MNmweTYct8j73pTlbJ0bNqfyd/5Rirop1AAAXFxfUcvvrf5yttTW5HR7fEms955uj2dLbU3+yepfS19R63VJAAAsBdX+NN//L1Mu25E0ji/+MF/ZSRrHUy7bkeb7/7ek2t/rigAAWAKqtUru/K0bs2zd4GyYbwms9zbGm1m2bjB3/vWbUq2JjQAsFv6LDLDIrByo5Pc+OJL1w9WcXsST+TplmdMzZdYPV/N7HxzJSL+/UgAAuHTFipWp/O7vJWvWJ2dOL97JfJ3ObH1r1qfyu7+XYsVIrysCAGAJWVVdln+6+tezvrYqp9rji3q991R7POtrq/JPV/96VlaHe10SAABLSf+aNO78/ZSDWxZ3mO9siG9wSxp3/n7Sv7rXFQEAsIT0L+/LB377pgxd05/G2OKdzFd2yjTGmhm6pj8f+O2b0r/MYcUAi4nUBcAitGaomn/2odcn8y22zR2dN0zi+2cfGsmaoWqvSwIAYAkqrlmTyt//Z69P5ltsYb5O5/VJfH//n6W4Zk2vKwIAYAlaWxvJ/7zmK9lcX5NTnfG0F9mm5nbZyanOeDbX1+R/XvOVrK05vAIAgHdhcEMad/0fb5jM1+51Recq23OT+Bp3/R/J4IZeVwQAwBI0uLI/d/3tW16fzLfIwnxl5/VJfHf97VsyuNIEaoDFpih7NNf12LGxXtwWYEk5Pd3Jv/7JaHadbmWgVmSwVvS6pEy1yky3yuxYWcs/MokPAIB5UJ45nc6//9fJ3l1J/0AyMNjrkpLpqWRmOrluRyp/5x+ZxAcAwGU71R7P75/4anY2D2eo6MtgpfcbKKY6M5ksG7mxviH/ZPWvmcQHAMDlmzme+k//aSqjzyTV4aS2CHrM1kTSnkhn5PY03/+/mcQHAMBlmxlr5Kk/3pnRAxOp9ldT6+/9QIzWTDvtmXZGNg/nzr9uEh/Axaxdu7wn9xXkA1jkmu0y9+2ezNd3TaZVJiv6ilSKhQ/0dcoyZ2bK1CrJF3cM5d7tQ6lXex8sBADgylA2mykfvC/ld76etFvJshVJpQeHRnQ6yfiZpFpL8dkvpvjMvSnqFrcBAJgfjbKVr409kb8YeyLttDNSGUqlWPi+t112MtqeTK2o5teW350vLb87fUVtwesAAOAK1Z5J9ZX/mNqeP0w6raRvVVL0YGNz2U4aJ5NKPa1tfyvt638nqfb+QA0AAK4M7VYnex49nD2PHkqnXaZvuJ6isvD7as9O4avUimy7Z2O23bMh1ZohHQAXI8gHwAXtGW3mD54ez94zCz+d7+wUvutW1PK7dyzLthEbmQEA6I5y/550/uQPkoN7F34639kpfJuvS+U3fzfFlm0Ld28AAK4quxuv5t+evj97mkcXfDrf2Sl82+rr8vdW/lK29127YPcGAODqUow+n/pz/2uKsRcXfjrfa1P4yuU3p3nbP085cuvC3RsAgKvK6MGJPPu1PRk7PLng0/nOTuFbsWEot31pW0Y2LYKJ2ABLhCAfABfVbJf5+u7J3LdrMs1O0ldNhmpFii5M6CvLMpOtMo12UjeFDwCABVQ2mym/8/WUD92XtJpJvS8ZGEq6MZm6LJPpyaTZSGr1FJ8xhQ8AgIXRKFv56tjj+erYk2mlnb6iluGiv2vrvRPlTBplM7XUTOEDAGDhtGdS3fNHqb3yR0mnmVT6k9qypBuTqctO0hpPOjOm8AEAsKDarU72fPdQ9jx2OJ1WmUq9ktpAtWvrva3pdjrNjil8AJdBkA+AS3Z4opVHD0zn4f0zGWt0UimS4XqR2jyM5G51ykw0y3TKZHlfJZ/a0p97Ng9kw7ANHQAALKzy6OGUTz6a8vGHk4mx2Y0dg8NJbR5601YrmZqY3dgxvDzFhz+V4kP3pFi34fKvDQAA78Ch1sl8d+LZfGfy6Yx1plIkWV4ZTK24/FObW2U7Y52plK9d87NDd+QTw+/Jxto1l31tAAB4J4qJfake+kaqB7+aNE7PrvfWViSVeThUrdNMWmdm13v7Vqa96ctpb/zVlMNbL//aAADwDkwcn87Bp47l4E+OpTHRSlEktaFaKtXLD9l12p20Jlspy6RvuJZNH1ibTXeuzfCagXmoHODqI8gHwDs23SrzoyMzeWDvVHaPtlIk6ZSzE/T6qkXqlVzwNI+yLNPsJI327P9XiqRMsn2kll+8bjB3re/PQM0EPgAAequcmU6e/lE633sg2bd7djJfp5PU67PT+mr1C0/rK8vZyX7NRtJsJpXK7Ne2bk/lY7+Y3HFXin4L2wAA9NZ0p5EnpnfmW+M/ze7mq0mKlOmkr6ilr6innguf3lyWZZppp1E20yhbKVJJUmZ7/dp8ftmduXvghgxU+hbs8wAAwNtqTaVy9KHU9v9ZitHnk9mdDkmlL6kMzP7/xdZ7O42kMz37/6/1veXIrWlt+c101n0qqQ0uyEcBAIDzaTXaOfrcqex74khGD06kyGwrW6lVUqlXUqkVF13v7bTKdJqddFqdFK/t7x3ZNJytd6/PuttWpdZ3+YfBAVzNBPkAeNfKsszu0VZ2nmpmz2grL59u5eR0O63XwnnJbANflrPr3Wdb/06Z1CrJ6oFqdqysZdtILTetqmfbSK0r47wBAOBylGWZ7N+d8pWdKffvSfa+nJw+OTtdr1I5+6LMdr/F65s9Op3ZKX4rVyfX7UixZVuK629KtmzT9wIAsOiUZZldzVfzUuNQdjeOZGfjUE60x9JMO9VUUmb2n/Ze63qTJEWKtNNJPdWsri7PjX0bs71vfW7u25Tt9fX6XgAAFp+yTHHmuVROP53izPOpnH4mxfSRpGwmZ6dTv916b9lOinrKgfXprLw95Ypb01n53pQrbr1wABAAAHqgLMucOTiR0/vHM3pwIqMHxjM92kinXaZ4bfrG2TXfZHatN0VSdspUqkUGRvoysnlZRjYNZ+XWZVmxcdh6L8A8EeQDYF6NNTrZN9bKofF2pltlmp0y7U5SrST1SpGBWpGNy6rZuryW5X2XP7IbAAB6oRwfSw7vS3nkUDIzPTt5r91OqtXZSX39AynWb0w2bE2xrDeLLwAAcLnOtCezr3U8B5snMl020izbaaWdWqqpF9UMFH3ZVF+drbU1WVEd6nW5AADw7jROpzL2coqJPUl7KkWnkXSaSaWestKXVAdTDm9LZ/kNSd/KXlcLAADvSmOimbEjU5k4NpVWo51Oq0zZLlNUi1RqRWp91QyvHczy9YPpG673ulyAK5YgHwAAAAAAAAAAAAAAAAB0Ua+CfEYwAQAAAAAAAAAAAAAAAEAXCfIBAAAAAAAAAAAAAAAAQBcJ8gEAAAAAAAAAAAAAAABAFwnyAQAAAAAAAAAAAAAAAEAXCfIBAAAAAAAAAAAAAAAAQBcJ8gEAAAAAAAAAAAAAAABAFwnyAQAAAAAAAAAAAAAAAEAXCfIBAAAAAAAAAAAAAAAAQBcJ8gEAAAAAAAAAAAAAAABAFwnyAQAAAAAAAAAAAAAAAEAXCfIBAAAAAAAAAAAAAAAAQBcJ8gEAAAAAAAAAAAAAAABAFwnyAQAAAAAAAAAAAAAAAEAXCfIBAAAAAAAAAAAAAAAAQBcJ8gEAAAAAAAAAAAAAAABAFwnyAQAAAAAAAAAAAAAAAEAXCfIBAAAAAAAAAAAAAAAAQBcJ8gEAAAAAAAAAAAAAAABAFwnyAQAAAAAAAAAAAAAAAEAXCfIBAAAAAAAAAAAAAAAAQBcJ8gEAAAAAAAAAAAAAAABAFwnyAQAAAAAAAAAAAAAAAEAXCfIBAAAAAAAAAAAAAAAAQBcJ8gEAAAAAAAAAAAAAAABAFwnyAQAAAAAAAAAAAAAAAEAXCfIBAAAAAAAAAAAAAAAAQBcJ8gEAAAAAAAAAAAAAAABAFwnyAQAAAAAAAAAAAAAAAEAXCfIBAAAAAAAAAAAAAAAAQBcJ8gEAAAAAAAAAAAAAAABAFwnyAQAAAAAAAAAAAAAAAEAXCfIBAAAAAAAAAAAAAAAAQBcJ8gEAAAAAAAAAAAAAAABAFwnyAQAAAAAAAAAAAAAAAEAXCfIBAAAAAAAAAAAAAAAAQBcJ8gEAAAAAAAAAAAAAAABAFwnyAQAAAAAAAAAAAAAAAEAXCfIBAAAAAAAAAAAAAAAAQBcJ8gEAAAAAAAAAAAAAAABAFwnyAQAAAAAAAAAAAAAAAEAXCfIBAAAAAAAAAAAAAAAAQBcJ8gEAAAAAAAAAAAAAAABAFwnyAQAAAAAAAAAAAAAAAEAXCfIBAAAAAAAAAAAAAAAAQBcJ8gEAAAAAAAAAAAAAAABAFwnyAQAAAAAAAAAAAAAAAEAXCfIBAAAAAAAAAAAAAAAAQBcJ8gEAAAAAAAAAAAAAAABAFwnyAQAAAAAAAAAAAAAAAEAXCfIBAAAAAAAAAAAAAAAAQBcJ8gEAAAAAAAAAAAAAAABAFwnyAQAAAAAAAAAAAAAAAEAXCfIBAAAAAAAAAAAAAAAAQBcJ8gEAAAAAAAAAAAAAAABAFwnyAQAAAAAAAAAAAAAAAEAXCfIBAAAAAAAAAAAAAAAAQBcJ8gEAAAAAAAAAAAAAAABAFwnyAQAAAAAAAAAAAAAAAEAXCfIBAAAAAAAAAAAAAAAAQBcJ8gEAAAAAAAAAAAAAAABAFwnyAQAAAAAAAAAAAAAAAEAXCfIBAAAAAAAAAAAAAAAAQBcJ8gEAAAAAAAAAAAAAAABAFwnyAQAAAAAAAAAAAAAAAEAXCfIBAAAAAAAAAAAAAAAAQBcJ8gEAAAAAAAAAAAAAAABAFwnyAQAAAAAAAAAAAAAAAEAXCfIBAAAAAAAAAAAAAAAAQBcJ8gEAAAAAAAAAAAAAAABAFwnyAQAAAAAAAAAAAAAAAEAXCfIBAAAAAAAAAAAAAAAAQBcJ8gEAAAAAAAAAAAAAAABAFwnyAQAAAAAAAAAAAAAAAEAXCfIBAAAAAAAAAAAAAAAAQBcJ8gEAAAAAAAAAAAAAAABAFwnyAQAAAAAAAAAAAAAAAEAXCfIBAAAAAAAAAAAAAAAAQBcJ8gEAAAAAAAAAAAAAAABAFwnyAQAAAAAAAAAAAAAAAEAXCfIBAAAAAAAAAAAAAAAAQBcJ8gEAAAAAAAAAAAAAAABAFwnyAQAAAAAAAAAAAAAAAEAXCfIBAAAAAAAAAAAAAAAAQBcJ8gEAAAAAAAAAAAAAAABAFwnyAQAAAAAAAAAAAAAAAEAXCfIBAAAAAAAAAAAAAAAAQBcJ8gEAAAAAAAAAAAAAAABAFwnyAQAAAAAAAAAAAAAAAEAXCfIBAAAAAAAAAAAAAAAAQBcJ8gEAAAAAAAAAAAAAAABAFwnyAQAAAAAAAAAAAAAAAEAXCfIBAAAAAAAAAAAAAAAAQBcJ8gEAAAAAAAAAAAAAAABAFwnyAQAAAAAAAAAAAAAAAEAXCfIBAAAAAAAAAAAAAAAAQBcJ8gEAAAAAAAAAAAAAAABAFwnyAQAAAAAAAAAAAAAAAEAXCfIBAAAAAAAAAAAAAAAAQBcJ8gEAAAAAAAAAAAAAAABAFwnyAQAAAAAAAAAAAAAAAEAXCfIBAAAAAAAAAAAAAAAAQBcJ8gEAAAAAAAAAAAAAAABAFwnyAQAAAAAAAAAAAAAAAEAXCfIBAAAAAAAAAAAAAAAAQBcJ8gEAAAAAAAAAAAAAAABAFwnyAQAAAAAAAAAAAAAAAEAXCfIBAAAAAAAAAAAAAAAAQBcJ8gEAAAAAAAAAAAAAAABAFwnyAQAAAAAAAAAAAAAAAEAXCfIBAAAAAAAAAAAAAAAAQBcJ8gEAAAAAAAAAAAAAAABAFwnyAQAAAAAAAAAAAAAAAEAXCfIBAAAAAAAAAAAAAAAAQBcJ8gEAAAAAAAAAAAAAAABAFwnyAQAAAAAAAAAAAAAAAEAXCfIBAAAAAAAAAAAAAAAAQBcJ8gEAAAAAAAAAAAAAAABAFwnyAQAAAAAAAAAAAAAAAEAXCfIBAAAAAAAAAAAAAAAAQBcJ8gEAAAAAAAAAAAAAAABAFwnyAQAAAAAAAAAAAAAAAEAXCfIBAAAAAAAAAAAAAAAAQBcJ8gEAAAAAAAAAAAAAAABAFwnyAQAAAAAAAAAAAAAAAEAXCfIBAAAAAAAAAAAAAAAAQBcJ8gEAAAAAAAAAAAAAAABAFwnyAQAAAAAAAAAAAAAAAEAXCfIBAAAAAAAAAAAAAAAAQBcJ8gEAAAAAAAAAAAAAAABAFwnyAQAAAAAAAAAAAAAAAEAXCfIBAAAAAAAAAAAAAAAAQBcJ8gEAAAAAAAAAAAAAAABAFwnyAQAAAAAAAAAAAAAAAEAXCfIBAAAAAAAAAAAAAAAAQBcJ8gEAAAAAAAAAAAAAAABAFwnyAQAAAAAAAAAAAAAAAEAXCfIBAAAAAAAAAAAAAAAAQBcJ8gEAAAAAAAAAAAAAAABAFwnyAQAAAAAAAAAAAAAAAEAXCfIBAAAAAAAAAAAAAAAAQBcJ8gEAAAAAAAAAAAAAAABAFwnyAQAAAAAAAAAAAAAAAEAXCfIBAAAAAAAAAAAAAAAAQBcJ8gEAAAAAAAAAAAAAAABAFwnyAQAAAAAAAAAAAAAAAEAXCfIBAAAAAAAAAAAAAAAAQBcJ8gEAAAAAAAAAAAAAAABAFwnyAQAAAAAAAAAAAAAAAEAXCfIBAAAAAAAAAAAAAAAAQBcJ8gEAAAAAAAAAAAAAAABAFwnyAQAAAAAAAAAAAAAAAEAXCfIBAAAAAAAAAAAAAAAAQBcJ8gEAAAAAAAAAAAAAAABAFwnyAQAAAAAAAAAAAAAAAEAXCfIBAAAAAAAAAAAAAAAAQBcJ8gEAAAAAAAAAAAAAAABAFwnyAQAAAAAAAAAAAAAAAEAXCfIBAAAAAAAAAAAAAAAAQBcJ8gEAAAAAAAAAAAAAAABAFwnyAQAAAAAAAAAAAAAAAEAXCfIBAAAAAAAAAAAAAAAAQBcJ8gEAAAAAAAAAAAAAAABAFwnyAQAAAAAAAAAAAAAAAEAXCfIBAAAAAAAAAAAAAAAAQBcJ8gEAAAAAAAAAAAAAAABAFwnyAQAAAAAAAAAAAAAAAEAXCfIBAAAAAAAAAAAAAAAAQBcJ8gEAAAAAAAAAAAAAAABAFwnyAQAAAAAAAAAAAAAAAEAXCfIBAAAAAAAAAAAAAAAAQBcJ8gEAAAAAAAAAAAAAAABAFwnyAQAAAAAAAAAAAAAAAEAXCfIBAAAAAAAAAAAAAAAAQBcJ8gEAAAAAAAAAAAAAAABAFwnyAQAAAAAAAAAAAAAAAEAXCfIBAAAAAAAAAAAAAAAAQBcJ8gEAAAAAAAAAAAAAAABAFwnyAQAAAAAAAAAAAAAAAEAXCfIBAAAAAAAAAAAAAAAAQBcJ8gEAAAAAAAAAAAAAAABAFwnyAQAAAAAAAAAAAAAAAEAXCfIBAAAAAAAAAAAAAAAAQBcJ8gEAAAAAAAAAAAAAAABAFwnyAQAAAAAAAAAAAAAAAEAXCfIBAAAAAAAAAAAAAAAAQBcJ8gEAAAAAAAAAAAAAAABAFwnyAQAAAAAAAAAAAAAAAEAXCfIBAAAAAAAAAAAAAAAAQBcJ8gEAAAAAAAAAAAAAAABAFwnyAQAAAAAAAAAAAAAAAEAXCfIBAAAAAAAAAAAAAAAAQBcJ8gEAAAAAAAAAAAAAAABAFwnyAQAAAAAAAAAAAAAAAEAXCfIBAAAAAAAAAAAAAAAAQBcJ8gEAAAAAAAAAAAAAAABAFwnyAQAAAAAAAAAAAAAAAEAXCfIBAAAAAAAAAAAAAAAAQBcJ8gEAAAAAAAAAAAAAAABAFwnyAQAAAAAAAAAAAAAAAEAXCfIBAAAAAAAAAAAAAAAAQBcJ8gEAAAAAAAAAAAAAAABAFwnyAQAAAAAAAAAAAAAAAEAXCfIBAAAAAAAAAAAAAAAAQBcJ8gEAAAAAAAAAAAAAAABAFwnyAQAAAAAAAAAAAAAAAEAXCfIBAAAAAAAAAAAAAAAAQBcJ8gEAAAAAAAAAAAAAAABAFwnyAQAAAAAAAAAAAAAAAEAXCfIBAAAAAAAAAAAAAAAAQBcJ8gEAAAAAAAAAAAAAAABAFwnyAQAAAAAAAAAAAAAAAEAXCfIBAAAAAAAAAAAAAAAAQBcJ8gEAAAAAAAAAAAAAAABAFwnyAQAAAAAAAAAAAAAAAEAXCfIBAAAAAAAAAAAAAAAAQBcJ8gEAAAAAAAAAAAAAAABAFwnyAQAAAAAAAAAAAAAAAEAXCfIBAAAAAAAAAAAAAAAAQBcJ8gEAAAAAAAAAAAAAAABAFwnyAQAAAAAAAAAAAAAAAEAXCfIBAAAAAAAAAAAAAAAAQBcJ8gEAAAAAAAAAAAAAAABAFwnyAQAAAAAAAAAAAAAAAEAXCfIBAAAAAAAAAAAAAAAAQBcJ8gEAAAAAAAAAAAAAAABAFwnyAQAAAAAAAAAAAAAAAEAXCfIBAAAAAAAAAAAAAAAAQBcJ8gEAAAAAAAAAAAAAAABAFwnyAQAAAAAAAAAAAAAAAEAXCfIBAAAAAAAAAAAAAAAAQBcJ8gEAAAAAAAAAAAAAAABAFwnyAQAAAAAAAAAAAAAAAEAX1XpdAABv7+DB/fnqV/907vk/+Af/uIfVAABAd+h7AQC4Guh7AQC4Guh7AQBYqvSyACwUQT7ginDs2JHs2bMrR48eyenTJzM9PZ1ms5FqtZparZ7h4WVZteqabNq0Jdu27cjQ0HCvS77qjY2dyf33fyNHjhxOkixfviK/8zv/7wW599TUZF544dns3783p06dyPT0dIqikoGBgaxZsy5bt16fm2++NfV634LUAwBwqfS9S0NZljlwYF927XopR44czvj4WJrNZur1egYHh7Ju3bW57rrt2bHjxlQqlQWvb+/e3fnGN/5i7vldd30kd9/90QWvAwDgfPS9i9ebN7O8EytWjOS3f/t357miWdPT03n55Rfy8ssvZXT0dKamJlOr1bJixcps3Lg5t912R665ZnVX7g0A8G7pexevf/Nv/tVlX2O+N36/+uqh7Nz5Qg4fPpTx8TNpNBqp1eoZGBjIunXXZuvW63PDDTenVrMdEADoPr3s0nHkyOHs3PlCDh06kPHx8TQajQwODmT58pFs27YjN99824L9/rRazTz66EN5/vln5r7227/9u1mxYuQdX2t6ejrPP//0a/uAT2Z6eiq1Wi3Dw8uyadOW3HzzbVm37tr5LB9g3vjJHVjSjh49ku997+EcPnzwbX+91Wql1WplenoqJ04cy8svv5jHHnsot9/+/nzkIx9Lteo/g2/n5z9/KtPTU9m+/YasWbNu3q+/e/fLeeihb2VmZmber30hZVnmpz/9UZ588gdptVpv+tV2xsebGR8fyyuv7Mrjj38vn/7057J9+40LWiMAwNvR93ZHN/reEyeO5aGH7s/Ro0fe8mszMzOZmZnJ6dOn8tJLz+fxx0fymc98Phs3bp6Xe1+KRqORRx75zoLdDwDgndD3dke313t7bc+el/Pww9/O1NTUOV9vNBo5fvxojh8/mqeffip33vmhfPjDH0tRFD2qFABglr63O67Uvnd8fCwPPnh/DhzY+5ZfazRm0mjM5MyZ0bz88ov54Q8fyyc/+YvZtm1HDyoFAK4Getnu6EYvOz09lQcf/FZeeWX3W35tYmIiExMTefXVQ/nJT57IPfd8JjfddOu83Pd8Tp48kfvvvy8nT5647Gu99NLzefTRhzIzM33O19vtdmZmZnLy5Ik8/fRPc8st78knP/mLqVarl31PgPnkb0Ngydq1a2ceeOB/pN1uz31tcHAoa9euz/Lly1Ov19NutzM5OZljx47kzJnRJLON2s9+9uMcPfpqvvSlv7JofzDYtGlLT0Zzt1qtfP/7j6TT6WTFipF5XeBut9v5/vcfydNP/3TernmpyrLMQw/dnxdeeHbua7VaLZs3b82KFSvTbrdz7NircxuuZ2am85d/+fV87nO/mhtvvHnB6wUAOEvf2x3d6HuPHDmcr3/9v6XRaMx9bfXqNVm/fkPq9b5MT0/l1VcPZXT0dJLkzJnRfO1rf5Zf/dVfz5Yt1132/S/FD3/4aMbHxxbkXgAA74S+tzu6ud7b19eX97znfZf8+oGBwXm791nPP/9MHnro/rnn/f392bLl+gwNDWV8fCz79u1Nq9VMWZb5yU+eSKfTyUc/+ol5rwMA4FLpe7tjvvveO+/80Dt+z+joqeze/XKSzNtEk/Hxsfz5n//Xc9Z0V668JtdeuyH9/QNptZo5ceJ4jhw5nLIsMzk5kW9+86v5zGd+Obfcctu81AAAcJZetju6sYY7OTmZP//zP577PUiSZcuWZ/Pmrenr68/Y2Gj27XtlLvj2wAPfTKfTyS23vOey7/12nn/+mTz66INvM4DjnXvxxefy4IPfSlmWSc7uA74uK1asSLPZzOHDB3P69KkkyQsvPJupqan8yq98KZVK5bLvDTBfFuffhAAXcerUyXznO9+c+4Fg+fIV+fjHP5Xrrtt+3mbr1VcP5bHHHpoLah0+fDDf//53c889n1mwupeC48ePptPpzPt1R0dP5f77v5Fjx44mSer1elavXptXXz007/d6O88887NzQnw33HBzPvGJz7xl88jhw4dy//33ZWJiPEnyyCPfzubNWzM4OP+bTAAALkbf2z3z3fc2Go1861v3zYX4hoeX5Rd/8ZezadPWt7x2584X8tBD96fVaqXT6eTBB/8yf+Nv/N3UavV5q+ftHD58KM8++/Ou3gMA4N3Q93ZPt9Z7k6S/fyC/8Av3dOXal+Lw4YN55JEH5p7fccf785GP3JN6/fW++s2nTv/0pz/Kjh03Zf36axe8XgAAfW/3zHff+2763L/4iz+Zezxfh0c8/PC350J8fX19+exnf+Vtp+2dOnUy3/rW1+emm3z3uw9k8+YtWbZs+bzUAQCgl+2ebqzhfuc735wL8RVFkY997JO54447UxTF3GsmJyfywAPfzIED+5LM9p5r167P6tVr5q2OZrORhx9+IDt3vjD3tS1brsv+/W+dNn0pTp06mYcf/vZciO+667bns5/9/Fv2AT///DN55JHvpNNpZ+/e3fnJT57IXXd95N1/EIB5JloMLEk/+ckTcycz9PcP5Dd+469l27YbLnhiwrXXbsyv//r/K+vXb5j72rPP/jxjY2e6Xu9ScuTIq/N+zVOnTuZP/uQ/z4X4Vq1ana985W9k8+a3bmruhlarlSee+P7c861br8/nPveFtz0BesOGjfnlX/7i3PNGo5HnnrPZGQDoDX1v98x33/v880/PbaioVKq5997feNsQX5LceOMt+ehHPzn3fGJiIrt27ZzXet6s3W7n4YfvT1mWqVarC9aLAwBcCn1v93RjvXex+N73Hp7b4HLHHe/PPfd85pwQXzI7BfDzn/9iVq1aPfe1n/3sxwtaJwDAWfre7ul13/vSS8/n0KEDSZKNGzflpptuvexrnjx5Ivv2vTL3/OMf//TbhviSZNWqa/Irv/LluT9LrVYrzz339GXXAABwll62e+a7lz14cN85QbmPfvSTee97P3BOiC+ZnSL9hS98OWvXzk4A7HQ6efzx781rLX/yJ/9pLsTX39+fX/mVL+UDH7j7XV/v8ce/NxcmXbNmbX75l+99233At956ez7ykY/NPX/qqSczNTX1ru8LMN8E+YAlac+eXXOPb7vtjgwPL7uk91WrtXNOPut0Ouec9EBy9Oj8L3BPTk6k2ZydTHLjjTfnK1/561m16pp5v8/57Nu3JzMz03PPP/rRT7zlh5I3Wr9+QzZs2PSG97/SzfIAAM5L39s98933vvzyS3OPb7zx5oueUnfrrbenXu+be3748MF5refNfvzjx3Pq1Mkkye23v++S/ywBACwEfW/3dGO9dzF45ZVdcyd5Dw8vO+egjDerVqv58Ic/lttue28+8YnP5H3v+8BClQkAcA59b/f0su9tNBr5/ve/m2R22sl8TZh545pxpVLJDTfcfMHXj4ysPGeTfLfXnAGAq4tetnvmu5d97rln5h6vWDGS9773zvO+tlar5+Mf//Tc81de2ZXR0dPzVsvZa61Zsy5f+crfyLZtN7zra42Pj2XPnpfnnt9998dSrdbO+/r3vvcDGR4eTpI0m828+OKz7/reAPPt/P/1AlikZmam02jMzD1/p4GwDRs25aMf/USWL1+R1avXZmRk5Vte88QT38+PfvTDJMmmTVvy5S//ZpJk7949ee65n+fEieOZmppMMnsqxaZNW3LbbXdk3bprz3vf73znL/Pii88lSe6880P5hV+4J6Ojp/P449/LwYP7MjPTyAc+8KHcffdHkyQHD+7PV7/6p3Pv/wf/4B+/5Zr/5t/8q7nHv/VbfzurVl2TdrudnTtfzAsvPJMTJ46n2WykXq9nxYqVue6663PHHXdmcHDonOucOTOa//Sf/uAt13/wwW/lwQe/Nff8t3/7d7Nixch5P+OFVCrV18Zzv/9dvf9yjI6Opq+vP43GTJYvX5Frrrn46O+1a9fPLWyfHTEOALCQ9L2vWwp977XXbsiyZcsyNTWV7dsvvvhcrVazatWquc3Hk5OT7+h+78TJk8fzk588kSQZHBzKBz/44Xzve4907X4AAO+Evvd1S6HvXSxeeun1zT7vfe+dqVarF3z99u03XFKfDgDQLfre111pfe+TT/4gk5MTSZLbbntvVq9eOy/XnZ5+fWLI4OBgarWLb/Nbtmz53GMTRwCA+aKXfd1S6GXPTopOkh07brzg0Itk9vdn5cpVOX36VJLZMN/73vfBd3TPC7n11ttzzz2fuaR+9kL27Hk5ZVkmmf0zcN112y74+kqlkptuui1PPfVkkmTXrp15//vvuqwaAOaLIB+w5Jwdi3zWu1l8fCfNWKPRSFmW+f73H8nPfvaTt/z66OjpjI6ezvPPP5MPfODufPjDH3ubq7zV+PhY/vzP/+vcDxez95q5wDsu7Zr33ffnOXnyxDlfn5mZybFjR3Ls2JE8++zTuffe35gbh70QBgeH8uu//lfPOf1tId15512588670mo102g0Luk9b9z4canvAQCYT/reC19zsfW9H/vYp97xezqdcu5xvd6dJZqyLPPQQ99Op9NJknz845/KwMBgV+4FAPBu6HsvfM3F1vcuBu12K3v37pl7fjmnOAMALBR974WvuVT73pMnj+fpp59KkvT3989tAp8Pb1zHnZqaTlmWF92EPTMzPfd4cNA6MAAwP/SyF77mYuplW61WJibG556vWbP+kt63cePmuSDfvn2vzFuQ79Of/qXceuvt83KtAwf2zT3esGHTRXvjZPZznQ3yHT36ahqNRvr6+ualHoDLIcgHLDkDA4OpVqtzPxy8+OKzee9733/BEcmX68knfzD3A8H69RuyZs26VCqVjI6eyoED+9LpdFKWZX7848fT399/ST90PP749875geByNRqNfOMb/z1nzoxmcHAomzdvzdDQcGZmpnPo0IG5qXJTU5O5//778tf+2t+c+5719fXnzjs/lCR59tmfzQXXtm7dltWrX59e19fX/65qu+aa1Zfz0eZNrVZPrVa/pNeOj4/NPbbADQD0gr737S3mvvedfo6zC+FJsnbt+U8KvBw///lTOXLkcJLkuuu25cYbb+nKfQAA3i1979u7Uvrebjh+/FiazdnPNDw8nJUrV/W4IgCAi9P3vr2l3vc+9tjDc4eoffCDH57XvQUbNmyae9zptHPs2JELTpwpy/KcDeQbN26et1oAgKubXvbtLcZe9o0HOyTJwMDAJb1v5crXpyyeOnXyHd3zQuYrxJckx44dnXu8fv2l7a944+vKsszx40f1ycCiIMgHLDmVSiWbNm3Nvn2zJ+6ePHki3/jGX+Qzn/l8li1bPu/3m5gYz1NPPZnh4WX5lV/5ctatO/eEilOnTs4148lss3/TTbdmaGj4vNecmprMzp0vZPnyFbnnnk9n48YtqVQqabWa77rOH/zguzlzZjR33vmh3H33L5zzQ1Kn08mjjz6YZ5/9eZLZE0n27NmVG264Oclss/4Lv3BPkuTll1+c+6Hghhtuyi23vOdd17RUtdvtHDiwd+75tddu7GE1AMDVSt/79q6UvvfHP/7h3PehVqvnpptunfd7jI2dyeOPfy9JUq/X84lPfHbe7wEAcLn0vW9vqfW9J04cz5EjhzI5OZmyLDM4OJg1a9Zl/foNl3Qy8jvxxs3Jb9xgkiTHjx/N0aNHMjExnmq1mmXLls9toAEA6CV979tban3vGx04sG9uKsjw8LLcfvv75/X611yzOlu3Xp99+15Jknz/+9/NF7/4G+fdMP/00z+dO7C4Xq/nttvumNd6AICrl1727S3GXrZarZ7z/M3TFM/njVPqxsfH0mw2U69f2tCMhdBqtc4ZzrFixcpLet/AwGD6+vrmvr+nT58S5AMWhUqvCwB4N+6668Pn/OP/gQP78p//87/Lt7/9P7J798uZmbm8cddvNDk5kU6nky984a0/ECTJqlXX5Jd+6Vfnnrfb7TzzzM8ueM09e15OrVbLr/3aX8311+9IX19farVaBgbe/elshw4dyO23vy+/8Av3vGXhtlKp5KMf/eQ5p3Ps37/3zZfgNS+++Nw5499vvvm2HlYDAFzN9L1vtdT73unpqTz66IN56qkfJUmKosinPvWLGRoamvd7Pfzwt+f+4eHDH/5Yli9fMe/3AACYD/ret1oqfe9LLz2fP/7jP8z/8//8UR5++IE88cT38+STP8h3v/tg/vzP/2v+8A//bX7+86fmppTMhzeeCL1ixUiS2T8z//W//mH+5E/+Ux5++Nt58skf5Ic/fCwPPPDN/If/8H/lL//yaxkdPT1vNQAAvBv63rdaKn3v2zl7iFoyO42vVpv/8/Q/9anPzW2OP3ToQP7bf/vj7Nr10tzv78zMTF599VAefvjbeeyxh5KcXXP+XIaHl817PQDA1Usv+1aLsZft7x9IpfJ6PGRsbPSS3vfm37/JyYl5retyvbmewcFL31/xxtdOTIzPW00Al8NEPmBJuvbajfnkJz+bRx75TsqyTDLbjO/c+UJ27nwhRVFk9eo12bhxczZs2JQNGzZf1sbYbdtuyNq1b/2B4Kx1667Npk1bcvDg/iTJ3r17cvfdHz3v62dmZvLBD354XjfS1mq1fPjDHzvvr9fr9WzYsCl79+5OMr/jr68kY2Nn8oMffHfu+caNm7Jly3U9rAgAuJrpe99qKfW9o6On89xzT6csy0xPT2Vs7ExeffXQ3Kl3y5Ytzyc/+dlcd932eb/3iy8+N/cPAevXX5s77rhz3u8BADBf9L1vtRT63rGxM3nggW9e8DWTkxN57LGHsm/fnnz+8/emXu+74OsvxdTU5Nzjvr6+PP30U3nssYfn/uy8nd27X87Bg/vzhS/8WjZs2HTZNQAAvBv63rdaCn3v29m375UcOXI4yew676233t6V+yxbtjxf+cpfz3e/+2B2796Z48eP5Vvfuu+8r7/mmjX5+Mc/lc2bt3alHgDg6qWXfavF2MvO/j6szbFjR5IkBw8euKS9Aq++evCc583mu59U2A0zM9PnPO/vv/R15jeGKd98HYBeEeQDlqzbbntvli1bkUcfffAtJ+mWZZnjx4/l+PFj+fnPn0qSrF27Ptu27chNN906d0rvpbrhhpsu+prNm6+b+6Hg+PGjabfbbxlT/U6v+U5s2XJ9+vsHLviakZHXP/d8noBypZiZmck3vvHf5743tVo9n/zk53pcFQBwtdP3nmsp9b3j42N56qkn3/L1NWvW5s47P5QdO2465zS8+TI1NZnvfe/hJLMn/X3qU58753REAIDFSN97rqXU99500625+ebbsnr1mvT3D2RiYjz79u3JU0/9KGNjZ5LMbnT+zne+lV/+5S9e9v2azcbc4xMnjufpp3+aoihy++3vy0033ZprrlmTZHZjzIsvPptnn/353LSSb37za/mrf/W356aaAAAsNH3vuZZS3/tGP/3pj+Ye33HH+y/4PbtcQ0PD+chHPp6+vr688MKz533d+vXX5v3vvysbN27uWi0AwNVNL3uuxdrLbt16/VyQ75VXdufMmdELfv9PnTqZvXv3nPO1xRbka7Va5zx/8wTEC3njn4k3XwegVwT5gCVt69br81u/9bfz8ssv5oUXns3Bg/vPe+rusWNHcuzYkTz55A9yww035+67P5qRkZWXdJ8Lnexx1urVq+cel2WZM2dGs2rVNW/72mq1OreZYL5cSo1vPO241VpcjXavTU9P5etf//OcPHli7muf/eznz/t7CACwkPS9r7sS+t7jx4/lgQe+mZdeeiF33fWRrF9/7bxe/7HHHsr09OxJcnfe+aGsXr12Xq8PANAt+t7XLYW+d2hoOJ///L1vmXC3YsVIbr/9/bnpptvyzW9+dW4zze7dO7Nr187s2HHjZd33jZtIDhzYl2q1mnvv/Y1s2rTlnNetW7c+69atz5Yt1+eb3/zq3KTsxx//Xj772V++rBoAAC6Hvvd1S6HvfbPjx4/lwIF9SWYPB7711ju6dq+yLPODH3w3P/vZT+b+jCxfviIbNmzK4OBQms1GTp06mSNHDufIkVfzrW/dl2uuWZ3Pfe5Xs3r1/P5eAQAketk3Wqy97Hve89489dST6XQ66XTaeeCBb+aLX/wrqdfrb3ntxMR4/vIvv5ZOp3PO1xfbOcFv/jP2Tg4yrlRef+2bPydArwjyAUtepVLJTTfdmptuujVTU1M5dGh/Dh8+lMOHD+T48WNvaeDKsszOnS9kz55d+aVf+tVcf/32i17/Uk4DGRpads7ziYnx8/5QMDg4NO8TMQYHBy/6GlM43t7o6Ol84xv/PadPn5r72ic+8dns2DG/J7AAAFwOfe/Zay6dvnfTpi35B//gH89tGJ6YmMirrx7MM8/8LCdPnsjevbuzb9+efPSjn8z73veBebnn3r27s3Pni0mSlStX5a67Pjwv1wUAWCj63rPXXJx978aNm/P3//4/nLv/hWro6+vL5z9/b/7Lf/kPmZ6eSjI7ueRyg3xv/jPwwQ9++C0hvje6/vrtee9778zPfvaTJMnOnS/kox/95CV9jwEAukXfe/aai7PvvZBnnvnp3OMbb7w5AwMXnsJyOR555IE899zTSZJarZZPfvIXc9NNt77le3LmzGgeeuj+HDy4PydPnshXv/on+c3f/O0sX76ia7UBAFcvvezZay7OXnbZsuW5666P5Iknvp8kefXVQ/nTP/3P+dCHfiGbN29JX19/xsfPZPfuXXnqqSczPT2Vbdt2ZM+eXXPXeGMAcTEoiso5z9vt9iW/t9V6/bWVSuUCrwRYOIJ8wBVlcHAwO3bcNBfAajRmcujQwRw4sC+vvLIrZ86Mzr221WrmW9/6er7ylb9xwZPI6vW+S2qm33xaxYVGS3djg8CFRoJfSY4ePZJdu1664GtWrBjJe97z3ku83qv5xjf+IlNTk0lmG/VPf/qXcvPNt112rQAA3aLvXVqKosjg4FAGB4eyZs3a3Hbbe/ODHzyan/3sxynLMt/73sMZGRnJ9dfvmHvPu+l7m81GHnnkO3PPP/Wpz6VatfQDACxd+t7F52LhvTcbGBjMe97z3vz4x48nSY4cOZzp6akMDMx+z95N3/vm35vbbrv4BJTbb3//XJCv0+nk4MH9ueEGB7kBAIuDvnfpaLVaefnl1/vXG2+85ZLet3//3rkpfuezdu36c3rU/fv3zoX4kry26X3H2701K1aM5N57fyN/9mf/JSdOHMv09HQeffShfOELX76k+gAA3i297OL0gQ/cnTNnRvPCC88mSU6fPplvf/sbb/varVuvz913f+ycIF9f3+tBvvnes/tu1Ovn7ntot1uX/N5W6/XX1mpvnUoI0At2cwFXtL6+/lx//fZcf/32fOxjn8wrr+zOY489lLGxM0lmT2V4/PHH8oUv/Np5r/F246TfzptPauh0zn/iw2I7rWIpOXnyeJ566skLvmbjxs2X9EPBvn178pd/ed/cyPJarZbPfe5Xs23b2y9+AwAsVvrepaVSqeRjH/tkTp48nv379yZJvv/9R8/ZhPFu+t4f/vCxjI+PJZndzLxx4+YuVA8A0Dv63qVp69br54J8SXL8+LFs3rw1ybvre9/4/R4eHs7Q0PBFaxgZWZmhoeFMTk4kSU6cOCbIBwAsWvrexeuVV3an0ZhJkgwNDV9wMvQbHT588KJ9780333ZOj/qzn/147vGGDZvOG+I7q1qt5oMf/HDuv/++12rdlbGxsSxfvvySagQAmA962cXh7ECLa6/dmCee+P7cuugbDQ8P533v+2De974P5vjxo+f82hunTs/nnt13q7//3CBmo9HyF1dkAAAxkklEQVS45Pc2m6+/tpvTtAHeCUE+4KpRFEW2bduR9euvzX/7b38894PBvn2vpNlsnrf5v9QRzG9+nckXi9sLLzybhx/+djqdTpLZ0elf+MKXs379hh5XBgBwefS9S8cdd9w5F+Q7ffpkTp48nmuuOf/Jgxdy+PChPPPMz5Iky5evyC/8wifmrU4AgMVI37t0LF++4pznU1OTl3W94eFlc4/fyQacZcuWzW1YmZ6evqwaAAAWir53cXn55RfnHm/btuMdTat+JzqdTg4dOjD3fOvW6y/pfZs3nxssPHz4QJYvv3U+SwMAuGR62d4qiiK33XZHbrnlPTl8+ECOHz+emZnpDA4OZeXKVdm0actcGPL06dNz71u+fMWiCz4ODQ2lKIqUZZkkcwccX0yn08nExPjc82XLHHIBLA7+xgKuOkNDw3n/++/Ko48+mGS2URsdPZU1a9a97evfeBrDhbx5LPelngrCO3PLLe/JLbe857Ku8cILz+bBB78193xkZGW++MW/khUrRi63PACARUPfu/itWnXNOc9PnTo5F+R7p33vj3/8w7lF61qtlgce+B8XfP3x48fmHu/c+UKOHTsy9/zTn/58hoaGLvneAAC9pO9d/M72qWe98aTsd7Peu2rV6rnHMzMzl/y+oqi84fE7uiUAQM/pe3uv0+nkwIF9c88vdRpfktx990dz990fveTXT09Pp9VqzT2/1A3HAwODqVSqc9No3rhpGQCgV/SyvVWpVLJp09Zs2rT1vK85derE3ONrrll9zq/Nx57dy1WtVrNixUhGR08nyVwo9GImJsbnhn0kb92jAdArgnzAkjU5OZmBgYG3jMe+FKtXnzvl4o0LoG/WarUyOTl50Y2sb14AffMpwywOu3e/nIceun/u+dq163Pvvb+ewUEblQGAxUnfu/iNjp7OgQP7Mjk5kcnJiXz8459OtVq96PsqlXNf0+mU53nlxb3x9/bUqZM5derkJb93dPT03IL37LWa538xAECX6HuvXGen4J11uWuxa9a8/vs9NTWZ6empDAwMXvR909NTc48HBgYuqwYAgHdL37t0HTlyOI3G6wdJbNx46UG+d+7cteI3bj6+4LvKci7EBwAw3/SyV679+/fOPb722k09rOT81q1bP7ev4ciRVy/pPa++enjucaVSzZo1a7tRGsA7JsgHLCmjo6fzwx8+miNHXs34+FjuvffXs3Xrtnd8nTef2HGxjQPHjx+56H1OnHh9okW1WjWCeRE6fvxYHnjgm3MnQF977cbce+9vpK9vcY0BBwDQ9y4tp0+fyiOPPDD3/NZbb8+6ddde9H3j42PnPB8cvPjmYwCAK4m+d2kZGzuT/fv3ZmzsTCYmxvOJT3w2tdrF/6nxjZsliqLI6tWXt1li9eq1GR5eNrdRZ//+fbnxxpsv+J6ZmZlzDq84OwkbAGAh6HuvDG+cxjcysvKiG8svx8DAYIqimNvbMDY2eknve+uaswONAYDLo5e98o2Pj+Xo0deDcTt23NjDas7vuuu2Z+fOF5Mkhw8fTKfTuWio9ODB13v4rVuvS7UqOgMsDv5rBCwpQ0PD2bt3z9xpHD/5yZPv6oeCfftemXs8PDycFStGLvj6Xbt2XvQ+555IsfFdnTqy2JxdFL4StNutfPvb35ibLnLNNavzhS/8mhAfALAo6XsX1uX2vbPfh+rcSccvvfTCJQX59u/fM/e4KIqsWbPuXdfwa7/2V9/R67/znb/Miy8+lyS5666P5O67P/qu7w0A8G7pexfW5fa9k5MTefjhb88937Ll+osG6MqyzPPPPzP3fN26a9Pf339ZdRRFke3bb8jTT/80SfLMMz+9aB27dr10zvs3btx8WTUAALwT+t6F1a19DsePH517vGrV6q7c46xKpZI1a9bm2LHZe+7fvzd33/2xi77v4MH95zxfv35DV+oDAK4eetmFNR+97MGD+/Lii8/n5MkT6evry5e+9JULvv6nP/3x3H3Xrl2flStXXXYN3bBt2w2p1WpptVqZmZnO7t0v54Ybbjrv6xuNmbngX5LceOOtC1EmwCVZ+n9jAVeVer2e97znfXPPDx06kB/+8LF3dI2DB/fn2Wd/Pvf8pptuS1EUF3zPSy89f85pvW92+PChvPrqobnn1123/R3VtJi88XsxPT3Vw0rm15NP/jCnTp1MkgwMDOTee38jAwMDPa4KAODt6Xu7bz773v7+/mzb9vr34tlnf5bjx49d4B2zp9o9/fTP5p5v3LhZfwoAXHX0vd03n33vunXXZmRk5dzzJ5/8wVtO0n6zn/3sxzl58vjc8zvueP9l1XDW+973wVQq1SSzpy+/MSz4ZjMz03nyyR/MPb/uum0ZGhqelzoAAC6Fvrf7FmKfw8mTJ+Yer1y5siv3eKPt21+fhHLkyKvZu3fPBV6dtNvt/PSnP5p7vmrV6qxadU3X6gMArg562e6b71620ynzwgvP5ujRV3PgwL63HPbwRocPH8wzz/x07vliPgC4Xq/nllveM/f8iSe+n2azed7Xv3H9evnyFdm2bUfXawT+/+3d+5NX9X3H8feyVwIsCAsCK2CLXEWsiigqKaFlRmNqnUZ/MGlmMp3+We1MZ5xJJ+0QL4g2wWS0rUYNCl6gxhTlstxdbrLssuylPzBs2AAqsi9WyuPxE+c757vnnP3OMO/9znmeD1+XkA+44axa9eCoJz689947tWnTxlFD+eWcOdNT77zzRm3a9IsaGhqqqvPD2apVD3zp+1pb26qhoaE2b35u1A0HFxw71l2vvvryRfu31vLlK67mkr5V2tomjvx7165PRlawu5GdOdNT77//7sj2ww+vs4w6APCtZ+7NGuu59/77H6rGxvM3Eg8ODtamTRtHPVXwYocPH6wXXvj3Onu276L3r7mm4wMA3KjMvVljOfc2NDSMupHjxIlj9eKLG+vkyeOX7Ds4OFBbt75Vb775nyOvzZnTWXfc8eUr531d7e1TR0WBr7/+au3Y8cElT6w+efJEvfjixurpOV1V51c2MXsDAOPB3JuVvs9hYGCgTp06ObI9dWp+lZK77vqLmjjxOyPbW7ZsHrXS9MVOn/6iXn75+VGx4erV5l4AYGyYZbPGepa97bb5NWNGx8j2r371Uh0+fPCS/Xbv3lUvv/z8yGezYMGf1YIFV7/a4vW0evVD1draWlXnv59+5ZUXqrf3zKh9hoeH69133673339v5LWHHvrLampquq7nCvBl/I8E3HBaW1vrBz/4u9q8+fk6fvz8l5D79u2pffv21KRJk6qj49aaPHlyNTc31+DgUPX19dbx492XrIjR3j61nnjiqWpubvnS47W0tNTy5ffV22+/UT//+bM1Z87cmj69oxoaJtTJk8erq2vvyCBbVfXww9+rlpbWsb/w62T27Dl15Mihqqo6cuRwPfvsP9e0abdUX19frVhx9zd6YvJvf/tfl3394MH9I/8+e7bvivvdc8/917Q6ybZtW2twcLCqzt+o0d39+RWPdSULFy6uWbNu/cbnAABwtcy9WWM9906fPqPWr3+0fv3rV2poaKh6e8/USy/9oqZPn1GzZs2u1ta2Oneuv44ePVJHjx4e9d4HH3yk5s69bawuDQDghmLuzRrruXfRoqV16NCB+vDD7VV1/iEVP/vZv4z8HhsbG+v06dO1f//e6uv744Mrpk6dVhs2fL8mTBi7Z4yuWbO2urs/r66uPTU0NFSvv/5qbd++tTo751VjY1OdOHGs9u/f9yef57qaOdP3vADA9WfuzUrc53Cxvr7eUQ+NuHDzcFJLS2s9+ujf1KZNG2tgYKD6+/vrl798qdrbp9bs2XNr4sTv1ODgQJ04cbwOHtw/ck9EVdXKlffWwoWL4+cIANwczLJZYz3LNjQ01Lp1G+q55/6thoYGq7e3tzZu/NeaM6ezpk+fUcPDw3X48MHq7v5jJDljRkdt2PD9sbys2rHjg1EPw7jg9OlTo7a3bfvdZT+/y92z29Y2sTZseLxeeeWFGhwcrK6uvfXss/9U8+YtqClTptbZs33V1bV35MFuVRdm40V/+uMBxpWQD7ghtbdPraee+lFt3fpWffTR9pHlkXt6eqqn59MvfW9TU3PdeefKWr16zVf+QXDBvfeurjNneurDD7fXgQP768CB/ZfsM2HChHrggUdq6dLlV39B3yJ33XVP7dz50chTPXp7z4w8seLiP36uxrZtv/vKffr7+6+43513rrymkO/iG6WHhoZq+/atV/0zbrllupAPALjuzL05ibl30aIlNWnSpHrttS114sT5VUmOHese9RTki7W2ttYjj3yvliy5sX+XAADXytybk5h7165dX+3t0+rtt9+ogYFzNTw8fMXfY1XVHXcsqe9+96+u6Tvey5kwYUI99tgT9cYbr9fOnR9U1fkV+E6ePHHJvm1tbbV27fpatGjpmJ4DAMDVMPfmJObei/X3nx213dzcfM0/8+uYM6ezfvjDH9VvfvMfdfTokaqqOnXq5GVviK46f9P76tUP18qV91yX8wMAbh5m2ZzELHvrrXPq8cefrC1bNo88cO3gwf2jFt+44Pz3t+vHPIb8wx8+rgMHur5yvx07Prjs61e6Z3f+/Nvrscf+tl57bUudPv1FDQwM1Gef7bpkv8bGxrrvvgdq1aoHr/7kAcKEfMANq7m5udasWVv33be69uzZXV1de+r48WN16tTJ6u/vr8HBgWpsbKqWlpaaPHlydXTMqtmzO2vhwju+9h8DFzQ0NNTatetr8eJl9fHHO+rAga7q6TldQ0PDNWnSpOrsnFcrVtxdHR2zQld7/UydOq2efPLpeuut/65Dhw7W4OBAtbS01vTpM0Yttw0AwPVh7s1Izb1z595Wzzzz0/r00/+tPXs+rcOHD1Zv75nq7++vpqamamubWDNn3lrz5s2vRYuWXbcbPgAAvu3MvRmpuffuu++tJUuW1e9//z/V1bWnurs/r76+3hoaGq62traaMmVKdXbOr0WLltSMGTPH8IpGa25urnXr/rqWL7+rPvlkZ3V17auentN17ty5mjixraZNm14LFvx5LVt2Z7W2jm1ICADwTZh7M9L3OfT394/avtrP4lrMmNFRTz/997V37+767LNddejQ/urp6an+/rPV2NhUbW1t1dExszo759eSJcuvy2qBAMDNySybkZpl581bUD/+8T/Uzp0f1Z49n9bx49119uzZampqrkmTJtfcuZ21ePGymjOncwyv5vqYP//2euaZn9bHH++o3bt31bFjn1dvb1+1tLRUe3t7zZ9/ey1duqLa26eO96kCXFbD8PDw8Hgc+OjRL8bjsABfyzvvvFlbt75VVVVTprTXT37yj+N8RgAAMPbMvQAA3AzMvQAA3AzMvQAA3KjMsgCMh5kzp4zLcSeMy1EBAAAAAAAAAAAAAAAA4CYh5AMAAAAAAAAAAAAAAACAICEfAAAAAAAAAAAAAAAAAAQJ+QAAAAAAAAAAAAAAAAAgSMgHAAAAAAAAAAAAAAAAAEFCPgAAAAAAAAAAAAAAAAAIEvIBAAAAAAAAAAAAAAAAQFDD8PDw8Hgc+OjRL8bjsAAAAAAAAAAAAAAAAADcpGbOnDIux7UiHwAAAAAAAAAAAAAAAAAECfkAAAAAAAAAAAAAAAAAIEjIBwAAAAAAAAAAAAAAAABBQj4AAAAAAAAAAAAAAAAACBLyAQAAAAAAAAAAAAAAAECQkA8AAAAAAAAAAAAAAAAAgoR8AAAAAAAAAAAAAAAAABAk5AMAAAAAAAAAAAAAAACAICEfAAAAAAAAAAAAAAAAAAQJ+QAAAAAAAAAAAAAAAAAgSMgHAAAAAAAAAAAAAAAAAEFCPgAAAAAAAAAAAAAAAAAIEvIBAAAAAAAAAAAAAAAAQJCQDwAAAAAAAAAAAAAAAACChHwAAAAAAAAAAAAAAAAAECTkAwAAAAAAAAAAAAAAAIAgIR8AAAAAAAAAAAAAAAAABAn5AAAAAAAAAAAAAAAAACBIyAcAAAAAAAAAAAAAAAAAQUI+AAAAAAAAAAAAAAAAAAgS8gEAAAAAAAAAAAAAAABAkJAPAAAAAAAAAAAAAAAAAIKEfAAAAAAAAAAAAAAAAAAQJOQDAAAAAAAAAAAAAAAAgCAhHwAAAAAAAAAAAAAAAAAECfkAAAAAAAAAAAAAAAAAIEjIBwAAAAAAAAAAAAAAAABBQj4AAAAAAAAAAAAAAAAACBLyAQAAAAAAAAAAAAAAAECQkA8AAAAAAAAAAAAAAAAAgoR8AAAAAAAAAAAAAAAAABAk5AMAAAAAAAAAAAAAAACAICEfAAAAAAAAAAAAAAAAAAQJ+QAAAAAAAAAAAAAAAAAgSMgHAAAAAAAAAAAAAAAAAEFCPgAAAAAAAAAAAAAAAAAIEvIBAAAAAAAAAAAAAAAAQJCQDwAAAAAAAAAAAAAAAACChHwAAAAAAAAAAAAAAAAAECTkAwAAAAAAAAAAAAAAAIAgIR8AAAAAAAAAAAAAAAAABAn5AAAAAAAAAAAAAAAAACBIyAcAAAAAAAAAAAAAAAAAQUI+AAAAAAAAAAAAAAAAAAgS8gEAAAAAAAAAAAAAAABAkJAPAAAAAAAAAAAAAAAAAIKEfAAAAAAAAAAAAAAAAAAQJOQDAAAAAAAAAAAAAAAAgCAhHwAAAAAAAAAAAAAAAAAECfkAAAAAAAAAAAAAAAAAIEjIBwAAAAAAAAAAAAAAAABBQj4AAAAAAAAAAAAAAAAACBLyAQAAAAAAAAAAAAAAAECQkA8AAAAAAAAAAAAAAAAAgoR8AAAAAAAAAAAAAAAAABAk5AMAAAAAAAAAAAAAAACAICEfAAAAAAAAAAAAAAAAAAQJ+QAAAAAAAAAAAAAAAAAgSMgHAAAAAAAAAAAAAAAAAEFCPgAAAAAAAAAAAAAAAAAIEvIBAAAAAAAAAAAAAAAAQJCQDwAAAAAAAAAAAAAAAACChHwAAAAAAAAAAAAAAAAAECTkAwAAAAAAAAAAAAAAAIAgIR8AAAAAAAAAAAAAAAAABAn5AAAAAAAAAAAAAAAAACBIyAcAAAAAAAAAAAAAAAAAQUI+AAAAAAAAAAAAAAAAAAgS8gEAAAAAAAAAAAAAAABAkJAPAAAAAAAAAAAAAAAAAIKEfAAAAAAAAAAAAAAAAAAQJOQDAAAAAAAAAAAAAAAAgCAhHwAAAAAAAAAAAAAAAAAECfkAAAAAAAAAAAAAAAAAIEjIBwAAAAAAAAAAAAAAAABBQj4AAAAAAAAAAAAAAAAACBLyAQAAAAAAAAAAAAAAAECQkA8AAAAAAAAAAAAAAAAAgoR8AAAAAAAAAAAAAAAAABAk5AMAAAAAAAAAAAAAAACAICEfAAAAAAAAAAAAAAAAAAQJ+QAAAAAAAAAAAAAAAAAgSMgHAAAAAAAAAAAAAAAAAEFCPgAAAAAAAAAAAAAAAAAIEvIBAAAAAAAAAAAAAAAAQJCQDwAAAAAAAAAAAAAAAACChHwAAAAAAAAAAAAAAAAAECTkAwAAAAAAAAAAAAAAAIAgIR8AAAAAAAAAAAAAAAAABAn5AAAAAAAAAAAAAAAAACBIyAcAAAAAAAAAAAAAAAAAQUI+AAAAAAAAAAAAAAAAAAgS8gEAAAAAAAAAAAAAAABAkJAPAAAAAAAAAAAAAAAAAIKEfAAAAAAAAAAAAAAAAAAQJOQDAAAAAAAAAAAAAAAAgCAhHwAAAAAAAAAAAAAAAAAECfkAAAAAAAAAAAAAAAAAIEjIBwAAAAAAAAAAAAAAAABBQj4AAAAAAAAAAAAAAAAACBLyAQAAAAAAAAAAAAAAAECQkA8AAAAAAAAAAAAAAAAAgoR8AAAAAAAAAAAAAAAAABAk5AMAAAAAAAAAAAAAAACAICEfAAAAAAAAAAAAAAAAAAQJ+QAAAAAAAAAAAAAAAAAgSMgHAAAAAAAAAAAAAAAAAEFCPgAAAAAAAAAAAAAAAAAIEvIBAAAAAAAAAAAAAAAAQJCQDwAAAAAAAAAAAAAAAACChHwAAAAAAAAAAAAAAAAAECTkAwAAAAAAAAAAAAAAAIAgIR8AAAAAAAAAAAAAAAAABAn5AAAAAAAAAAAAAAAAACBIyAcAAAAAAAAAAAAAAAAAQUI+AAAAAAAAAAAAAAAAAAgS8gEAAAAAAAAAAAAAAABAkJAPAAAAAAAAAAAAAAAAAIKEfAAAAAAAAAAAAAAAAAAQJOQDAAAAAAAAAAAAAAAAgCAhHwAAAAAAAAAAAAAAAAAECfkAAAAAAAAAAAAAAAAAIEjIBwAAAAAAAAAAAAAAAABBQj4AAAAAAAAAAAAAAAAACBLyAQAAAAAAAAAAAAAAAECQkA8AAAAAAAAAAAAAAAAAgoR8AAAAAAAAAAAAAAAAABAk5AMAAAAAAAAAAAAAAACAICEfAAAAAAAAAAAAAAAAAAQJ+QAAAAAAAAAAAAAAAAAgSMgHAAAAAAAAAAAAAAAAAEFCPgAAAAAAAAAAAAAAAAAIEvIBAAAAAAAAAAAAAAAAQJCQDwAAAAAAAAAAAAAAAACChHwAAAAAAAAAAAAAAAAAECTkAwAAAAAAAAAAAAAAAIAgIR8AAAAAAAAAAAAAAAAABAn5AAAAAAAAAAAAAAAAACBIyAcAAAAAAAAAAAAAAAAAQUI+AAAAAAAAAAAAAAAAAAgS8gEAAAAAAAAAAAAAAABAkJAPAAAAAAAAAAAAAAAAAIKEfAAAAAAAAAAAAAAAAAAQJOQDAAAAAAAAAAAAAAAAgCAhHwAAAAAAAAAAAAAAAAAECfkAAAAAAAAAAAAAAAAAIEjIBwAAAAAAAAAAAAAAAABBQj4AAAAAAAAAAAAAAAAACBLyAQAAAAAAAAAAAAAAAECQkA8AAAAAAAAAAAAAAAAAgoR8AAAAAAAAAAAAAAAAABAk5AMAAAAAAAAAAAAAAACAICEfAAAAAAAAAAAAAAAAAAQJ+QAAAAAAAAAAAAAAAAAgSMgHAAAAAAAAAAAAAAAAAEFCPgAAAAAAAAAAAAAAAAAIEvIBAAAAAAAAAAAAAAAAQJCQDwAAAAAAAAAAAAAAAACChHwAAAAAAAAAAAAAAAAAECTkAwAAAAAAAAAAAAAAAIAgIR8AAAAAAAAAAAAAAAAABAn5AAAAAAAAAAAAAAAAACBIyAcAAAAAAAAAAAAAAAAAQUI+AAAAAAAAAAAAAAAAAAgS8gEAAAAAAAAAAAAAAABAkJAPAAAAAAAAAAAAAAAAAIKEfAAAAAAAAAAAAAAAAAAQJOQDAAAAAAAAAAAAAAAAgCAhHwAAAAAAAAAAAAAAAAAECfkAAAAAAAAAAAAAAAAAIEjIBwAAAAAAAAAAAAAAAABBQj4AAAAAAAAAAAAAAAAACBLyAQAAAAAAAAAAAAAAAECQkA8AAAAAAAAAAAAAAAAAgoR8AAAAAAAAAAAAAAAAABAk5AMAAAAAAAAAAAAAAACAICEfAAAAAAAAAAAAAAAAAAQJ+QAAAAAAAAAAAAAAAAAgSMgHAAAAAAAAAAAAAAAAAEFCPgAAAAAAAAAAAAAAAAAIEvIBAAAAAAAAAAAAAAAAQJCQDwAAAAAAAAAAAAAAAACChHwAAAAAAAAAAAAAAAAAECTkAwAAAAAAAAAAAAAAAIAgIR8AAAAAAAAAAAAAAAAABAn5AAAAAAAAAAAAAAAAACBIyAcAAAAAAAAAAAAAAAAAQUI+AAAAAAAAAAAAAAAAAAgS8gEAAAAAAAAAAAAAAABAkJAPAAAAAAAAAAAAAAAAAIKEfAAAAAAAAAAAAAAAAAAQJOQDAAAAAAAAAAAAAAAAgCAhHwAAAAAAAAAAAAAAAAAECfkAAAAAAAAAAAAAAAAAIEjIBwAAAAAAAAAAAAAAAABBQj4AAAAAAAAAAAAAAAAACBLyAQAAAAAAAAAAAAAAAECQkA8AAAAAAAAAAAAAAAAAgoR8AAAAAAAAAAAAAAAAABAk5AMAAAAAAAAAAAAAAACAICEfAAAAAAAAAAAAAAAAAAQJ+QAAAAAAAAAAAAAAAAAgSMgHAAAAAAAAAAAAAAAAAEFCPgAAAAAAAAAAAAAAAAAIEvIBAAAAAAAAAAAAAAAAQJCQDwAAAAAAAAAAAAAAAACChHwAAAAAAAAAAAAAAAAAECTkAwAAAAAAAAAAAAAAAIAgIR8AAAAAAAAAAAAAAAAABAn5AAAAAAAAAAAAAAAAACBIyAcAAAAAAAAAAAAAAAAAQUI+AAAAAAAAAAAAAAAAAAgS8gEAAAAAAAAAAAAAAABAkJAPAAAAAAAAAAAAAAAAAIKEfAAAAAAAAAAAAAAAAAAQJOQDAAAAAAAAAAAAAAAAgCAhHwAAAAAAAAAAAAAAAAAECfkAAAAAAAAAAAAAAAAAIEjIBwAAAAAAAAAAAAAAAABBQj4AAAAAAAAAAAAAAAAACBLyAQAAAAAAAAAAAAAAAECQkA8AAAAAAAAAAAAAAAAAgoR8AAAAAAAAAAAAAAAAABAk5AMAAAAAAAAAAAAAAACAICEfAAAAAAAAAAAAAAAAAAQJ+QAAAAAAAAAAAAAAAAAgSMgHAAAAAAAAAAAAAAAAAEFCPgAAAAAAAAAAAAAAAAAIEvIBAAAAAAAAAAAAAAAAQJCQDwAAAAAAAAAAAAAAAACChHwAAAAAAAAAAAAAAAAAECTkAwAAAAAAAAAAAAAAAIAgIR8AAAAAAAAAAAAAAAAABAn5AAAAAAAAAAAAAAAAACBIyAcAAAAAAAAAAAAAAAAAQUI+AAAAAAAAAAAAAAAAAAgS8gEAAAAAAAAAAAAAAABAkJAPAAAAAAAAAAAAAAAAAIKEfAAAAAAAAAAAAAAAAAAQJOQDAAAAAAAAAAAAAAAAgCAhHwAAAAAAAAAAAAAAAAAECfkAAAAAAAAAAAAAAAAAIEjIBwAAAAAAAAAAAAAAAABBQj4AAAAAAAAAAAAAAAAACBLyAQAAAAAAAAAAAAAAAECQkA8AAAAAAAAAAAAAAAAAgoR8AAAAAAAAAAAAAAAAABAk5AMAAAAAAAAAAAAAAACAICEfAAAAAAAAAAAAAAAAAAQJ+QAAAAAAAAAAAAAAAAAgSMgHAAAAAAAAAAAAAAAAAEFCPgAAAAAAAAAAAAAAAAAIEvIBAAAAAAAAAAAAAAAAQJCQDwAAAAAAAAAAAAAAAACChHwAAAAAAAAAAAAAAAAAECTkAwAAAAAAAAAAAAAAAIAgIR8AAAAAAAAAAAAAAAAABAn5AAAAAAAAAAAAAAAAACBIyAcAAAAAAAAAAAAAAAAAQUI+AAAAAAAAAAAAAAAAAAgS8gEAAAAAAAAAAAAAAABAkJAPAAAAAAAAAAAAAAAAAIKEfAAAAAAAAAAAAAAAAAAQJOQDAAAAAAAAAAAAAAAAgCAhHwAAAAAAAAAAAAAAAAAECfkAAAAAAAAAAAAAAAAAIEjIBwAAAAAAAAAAAAAAAABBQj4AAAAAAAAAAAAAAAAACBLyAQAAAAAAAAAAAAAAAECQkA8AAAAAAAAAAAAAAAAAgoR8AAAAAAAAAAAAAAAAABAk5AMAAAAAAAAAAAAAAACAICEfAAAAAAAAAAAAAAAAAAQJ+QAAAAAAAAAAAAAAAAAgSMgHAAAAAAAAAAAAAAAAAEFCPgAAAAAAAAAAAAAAAAAIEvIBAAAAAAAAAAAAAAAAQJCQDwAAAAAAAAAAAAAAAACChHwAAAAAAAAAAAAAAAAAECTkAwAAAAAAAAAAAAAAAIAgIR8AAAAAAAAAAAAAAAAABAn5AAAAAAAAAAAAAAAAACBIyAcAAAAAAAAAAAAAAAAAQUI+AAAAAAAAAAAAAAAAAAgS8gEAAAAAAAAAAAAAAABAkJAPAAAAAAAAAAAAAAAAAIKEfAAAAAAAAAAAAAAAAAAQJOQDAAAAAAAAAAAAAAAAgCAhHwAAAAAAAAAAAAAAAAAECfkAAAAAAAAAAAAAAAAAIEjIBwAAAAAAAAAAAAAAAABBQj4AAAAAAAAAAAAAAAAACBLyAQAAAAAAAAAAAAAAAECQkA8AAAAAAAAAAAAAAAAAgoR8AAAAAAAAAAAAAAAAABAk5AMAAAAAAAAAAAAAAACAICEfAAAAAAAAAAAAAAAAAAQJ+QAAAAAAAAAAAAAAAAAgSMgHAAAAAAAAAAAAAAAAAEFCPgAAAAAAAAAAAAAAAAAIEvIBAAAAAAAAAAAAAAAAQJCQDwAAAAAAAAAAAAAAAACChHwAAAAAAAAAAAAAAAAAECTkAwAAAAAAAAAAAAAAAIAgIR8AAAAAAAAAAAAAAAAABAn5AAAAAAAAAAAAAAAAACBIyAcAAAAAAAAAAAAAAAAAQUI+AAAAAAAAAAAAAAAAAAgS8gEAAAAAAAAAAAAAAABAkJAPAAAAAAAAAAAAAAAAAIKEfAAAAAAAAAAAAAAAAAAQJOQDAAAAAAAAAAAAAAAAgCAhHwAAAAAAAAAAAAAAAAAECfkAAAAAAAAAAAAAAAAAIEjIBwAAAAAAAAAAAAAAAABBQj4AAAAAAAAAAAAAAAAACBLyAQAAAAAAAAAAAAAAAECQkA8AAAAAAAAAAAAAAAAAgoR8AAAAAAAAAAAAAAAAABAk5AMAAAAAAAAAAAAAAACAICEfAAAAAAAAAAAAAAAAAAQJ+QAAAAAAAAAAAAAAAAAgSMgHAAAAAAAAAAAAAAAAAEFCPgAAAAAAAAAAAAAAAAAIEvIBAAAAAAAAAAAAAAAAQJCQDwAAAAAAAAAAAAAAAACChHwAAAAAAAAAAAAAAAAAECTkAwAAAAAAAAAAAAAAAIAgIR8AAAAAAAAAAAAAAAAABAn5AAAAAAAAAAAAAAAAACBIyAcAAAAAAAAAAAAAAAAAQUI+AAAAAAAAAAAAAAAAAAgS8gEAAAAAAAAAAAAAAABAkJAPAAAAAAAAAAAAAAAAAIKEfAAAAAAAAAAAAAAAAAAQJOQDAAAAAAAAAAAAAAAAgCAhHwAAAAAAAAAAAAAAAAAECfkAAAAAAAAAAAAAAAAAIEjIBwAAAAAAAAAAAAAAAABBQj4AAAAAAAAAAAAAAAAACBLyAQAAAAAAAAAAAAAAAECQkA8AAAAAAAAAAAAAAAAAgoR8AAAAAAAAAAAAAAAAABAk5AMAAAAAAAAAAAAAAACAICEfAAAAAAAAAAAAAAAAAAQJ+QAAAAAAAAAAAAAAAAAgSMgHAAAAAAAAAAAAAAAAAEFCPgAAAAAAAAAAAAAAAAAIEvIBAAAAAAAAAAAAAAAAQJCQDwAAAAAAAAAAAAAAAACChHwAAAAAAAAAAAAAAAAAECTkAwAAAAAAAAAAAAAAAIAgIR8AAAAAAAAAAAAAAAAABAn5AAAAAAAAAAAAAAAAACBIyAcAAAAAAAAAAAAAAAAAQUI+AAAAAAAAAAAAAAAAAAgS8gEAAAAAAAAAAAAAAABAkJAPAAAAAAAAAAAAAAAAAIKEfAAAAAAAAAAAAAAAAAAQJOQDAAAAAAAAAAAAAAAAgCAhHwAAAAAAAAAAAAAAAAAECfkAAAAAAAAAAAAAAAAAIEjIBwAAAAAAAAAAAAAAAABBQj4AAAAAAAAAAAAAAAAACBLyAQAAAAAAAAAAAAAAAECQkA8AAAAAAAAAAAAAAAAAgoR8AAAAAAAAAAAAAAAAABAk5AMAAAAAAAAAAAAAAACAICEfAAAAAAAAAAAAAAAAAAQJ+QAAAAAAAAAAAAAAAAAgSMgHAAAAAAAAAAAAAAAAAEFCPgAAAAAAAAAAAAAAAAAIEvIBAAAAAAAAAAAAAAAAQJCQDwAAAAAAAAAAAAAAAACChHwAAAAAAAAAAAAAAAAAECTkAwAAAAAAAAAAAAAAAIAgIR8AAAAAAAAAAAAAAAAABAn5AAAAAAAAAAAAAAAAACBIyAcAAAAAAAAAAAAAAAAAQUI+AAAAAAAAAAAAAAAAAAgS8gEAAAAAAAAAAAAAAABAkJAPAAAAAAAAAAAAAAAAAIKEfAAAAAAAAAAAAAAAAAAQJOQDAAAAAAAAAAAAAAAAgCAhHwAAAAAAAAAAAAAAAAAECfkAAAAAAAAAAAAAAAAAIEjIBwAAAAAAAAAAAAAAAABBQj4AAAAAAAAAAAAAAAAACBLyAQAAAAAAAAAAAAAAAECQkA8AAAAAAAAAAAAAAAAAgoR8AAAAAAAAAAAAAAAAABAk5AMAAAAAAAAAAAAAAACAICEfAAAAAAAAAAAAAAAAAAQJ+QAAAAAAAAAAAAAAAAAgSMgHAAAAAAAAAAAAAAAAAEFCPgAAAAAAAAAAAAAAAAAIEvIBAAAAAAAAAAAAAAAAQJCQDwAAAAAAAAAAAAAAAACChHwAAAAAAAAAAAAAAAAAECTkAwAAAAAAAAAAAAAAAIAgIR8AAAAAAAAAAAAAAAAABAn5AAAAAAAAAAAAAAAAACBIyAcAAAAAAAAAAAAAAAAAQUI+AAAAAAAAAAAAAAAAAAgS8gEAAAAAAAAAAAAAAABAkJAPAAAAAAAAAAAAAAAAAIKEfAAAAAAAAAAAAAAAAAAQJOQDAAAAAAAAAAAAAAAAgCAhHwAAAAAAAAAAAAAAAAAECfkAAAAAAAAAAAAAAAAAIEjIBwAAAAAAAAAAAAAAAABBQj4AAAAAAAAAAAAAAAAACBLyAQAAAAAAAAAAAAAAAECQkA8AAAAAAAAAAAAAAAAAgoR8AAAAAAAAAAAAAAAAABAk5AMAAAAAAAAAAAAAAACAICEfAAAAAAAAAAAAAAAAAAQJ+QAAAAAAAAAAAAAAAAAgSMgHAAAAAAAAAAAAAAAAAEFCPgAAAAAAAAAAAAAAAAAIEvIBAAAAAAAAAAAAAAAAQJCQDwAAAAAAAAAAAAAAAACChHwAAAAAAAAAAAAAAAAAECTkAwAAAAAAAAAAAAAAAIAgIR8AAAAAAAAAAAAAAAAABAn5AAAAAAAAAAAAAAAAACBIyAcAAAAAAAAAAAAAAAAAQUI+AAAAAAAAAAAAAAAAAAgS8gEAAAAAAAAAAAAAAABAkJAPAAAAAAAAAAAAAAAAAIKEfAAAAAAAAAAAAAAAAAAQJOQDAAAAAAAAAAAAAAAAgCAhHwAAAAAAAAAAAAAAAAAECfkAAAAAAAAAAAAAAAAAIEjIBwAAAAAAAAAAAAAAAABBQj4AAAAAAAAAAAAAAAAACBLyAQAAAAAAAAAAAAAAAECQkA8AAAAAAAAAAAAAAAAAgoR8AAAAAAAAAAAAAAAAABAk5AMAAAAAAAAAAAAAAACAICEfAAAAAAAAAAAAAAAAAAQJ+QAAAAAAAAAAAAAAAAAgSMgHAAAAAAAAAAAAAAAAAEFCPgAAAAAAAAAAAAAAAAAIEvIBAAAAAAAAAAAAAAAAQJCQDwAAAAAAAAAAAAAAAACChHwAAAAAAAAAAAAAAAAAECTkAwAAAAAAAAAAAAAAAIAgIR8AAAAAAAAAAAAAAAAABAn5AAAAAAAAAAAAAAAAACBIyAcAAAAAAAAAAAAAAAAAQUI+AAAAAAAAAAAAAAAAAAgS8gEAAAAAAAAAAAAAAABAkJAPAAAAAAAAAAAAAAAAAIKEfAAAAAAAAAAAAAAAAAAQJOQDAAAAAAAAAAAAAAAAgCAhHwAAAAAAAAAAAAAAAAAECfkAAAAAAAAAAAAAAAAAIEjIBwAAAAAAAAAAAAAAAABBQj4AAAAAAAAAAAAAAAAACBLyAQAAAAAAAAAAAAAAAECQkA8AAAAAAAAAAAAAAAAAgoR8AAAAAAAAAAAAAAAAABAk5AMAAAAAAAAAAAAAAACAICEfAAAAAAAAAAAAAAAAAAQJ+QAAAAAAAAAAAAAAAAAgSMgHAAAAAAAAAAAAAAAAAEFCPgAAAAAAAAAAAAAAAAAIEvIBAAAAAAAAAAAAAAAAQJCQDwAAAAAAAAAAAAAAAACChHwAAAAAAAAAAAAAAAAAECTkAwAAAAAAAAAAAAAAAIAgIR8AAAAAAAAAAAAAAAAABAn5AAAAAAAAAAAAAAAAACBIyAcAAAAAAAAAAAAAAAAAQUI+AAAAAAAAAAAAAAAAAAgS8gEAAAAAAAAAAAAAAABAkJAPAAAAAAAAAAAAAAAAAIKEfAAAAAAAAAAAAAAAAAAQJOQDAAAAAAAAAAAAAAAAgCAhHwAAAAAAAAAAAAAAAAAECfkAAAAAAAAAAAAAAAAAIEjIBwAAAAAAAAAAAAAAAABBQj4AAAAAAAAAAAAAAAAACBLyAQAAAAAAAAAAAAAAAECQkA8AAAAAAAAAAAAAAAAAgoR8AAAAAAAAAAAAAAAAABAk5AMAAAAAAAAAAAAAAACAoIbh4eHh8T4JAAAAAAAAAAAAAAAAAPj/yop8AAAAAAAAAAAAAAAAABAk5AMAAAAAAAAAAAAAAACAICEfAAAAAAAAAAAAAAAAAAQJ+QAAAAAAAAAAAAAAAAAgSMgHAAAAAAAAAAAAAAAAAEFCPgAAAAAAAAAAAAAAAAAIEvIBAAAAAAAAAAAAAAAAQJCQDwAAAAAAAAAAAAAAAACChHwAAAAAAAAAAAAAAAAAECTkAwAAAAAAAAAAAAAAAIAgIR8AAAAAAAAAAAAAAAAABAn5AAAAAAAAAAAAAAAAACBIyAcAAAAAAAAAAAAAAAAAQUI+AAAAAAAAAAAAAAAAAAgS8gEAAAAAAAAAAAAAAABAkJAPAAAAAAAAAAAAAAAAAIKEfAAAAAAAAAAAAAAAAAAQJOQDAAAAAAAAAAAAAAAAgCAhHwAAAAAAAAAAAAAAAAAECfkAAAAAAAAAAAAAAAAAIEjIBwAAAAAAAAAAAAAAAABBQj4AAAAAAAAAAAAAAAAACBLyAQAAAAAAAAAAAAAAAECQkA8AAAAAAAAAAAAAAAAAgoR8AAAAAAAAAAAAAAAAABAk5AMAAAAAAAAAAAAAAACAICEfAAAAAAAAAAAAAAAAAAQJ+QAAAAAAAAAAAAAAAAAgSMgHAAAAAAAAAAAAAAAAAEH/B20KlfGI5yDaAAAAAElFTkSuQmCC\" style=\"max-width: 100%; height: auto;\" alt=\"Project Timeline\">\n</div>\n\n<div style=\"margin-top: 50px; padding-top: 20px; border-top: 2px solid #ecf0f1; text-align: center; color: #7f8c8d; font-size: 12px;\">\n    <p>This document was generated through AI-assisted collaboration and team consensus.</p>\n    <p>Please review and provide feedback before final approval.</p>\n</div>\n\n</body>\n</html>",
  "preview": ""
}
Test Result: PASSED
Document e0097dfd-13cc-43c0-ad75-a21d99bc14a4 quality check:
  - HTML formatting: ✅
  - CSS styling: ✅
  - Section headers: ✅
  - Embedded charts: ✅

================================================================================
Testing: Get Document afc37265-da3e-4cdd-837e-7efa2350d9b7 for Quality Check (GET https://a985bc5b-b2e4-4dfa-b7b1-059accd4e9ea.preview.emergentagent.com/api/documents/afc37265-da3e-4cdd-837e-7efa2350d9b7)
Status Code: 200
Response Headers: {
  "Date": "Mon, 16 Jun 2025 22:14:44 GMT",
  "Content-Type": "application/json",
  "Content-Length": "230049",
  "Connection": "keep-alive",
  "Strict-Transport-Security": "max-age=15724800; includeSubDomains"
}
Response: {
  "id": "afc37265-da3e-4cdd-837e-7efa2350d9b7",
  "metadata": {
    "id": "48169f9a-e40c-47b2-979c-24642175fb8a",
    "title": "Project Risk Assessment",
    "filename": "Project_Risk_Assessment_20250616.md",
    "authors": [
      "Mark Castellano",
      "Dex Rodriguez"
    ],
    "category": "Research",
    "status": "Draft",
    "description": "Assessment of project risks and mitigation strategies",
    "keywords": [
      "risk",
      "assessment",
      "mitigation",
      "project"
    ],
    "created_at": "2025-06-16T22:14:43.941000",
    "updated_at": "2025-06-16T22:14:43.941000",
    "simulation_id": "",
    "conversation_round": 0,
    "scenario_name": "",
    "user_id": "test-user-123"
  },
  "content": "<!DOCTYPE html>\n<html>\n<head>\n    <meta charset=\"UTF-8\">\n    <title>Project Risk Assessment</title>\n    <style>\n        body {\n            font-family: 'Segoe UI', Tahoma, Geneva, Verdana, sans-serif;\n            line-height: 1.6;\n            max-width: 800px;\n            margin: 0 auto;\n            padding: 40px;\n            background-color: #ffffff;\n            color: #333333;\n        }\n        .header {\n            border-bottom: 3px solid #2c3e50;\n            padding-bottom: 20px;\n            margin-bottom: 30px;\n        }\n        .title {\n            font-size: 28px;\n            font-weight: bold;\n            color: #2c3e50;\n            margin-bottom: 10px;\n        }\n        .subtitle {\n            font-size: 16px;\n            color: #7f8c8d;\n            font-style: italic;\n        }\n        .meta-info {\n            background-color: #f8f9fa;\n            padding: 15px;\n            border-left: 4px solid #3498db;\n            margin: 20px 0;\n        }\n        .section-header {\n            font-size: 20px;\n            font-weight: bold;\n            color: #2c3e50;\n            margin-top: 30px;\n            margin-bottom: 15px;\n            border-bottom: 2px solid #ecf0f1;\n            padding-bottom: 5px;\n        }\n        .subsection {\n            font-size: 16px;\n            font-weight: 600;\n            color: #34495e;\n            margin-top: 20px;\n            margin-bottom: 10px;\n        }\n        .chart-container {\n            text-align: center;\n            margin: 30px 0;\n            padding: 20px;\n            background-color: #f8f9fa;\n            border-radius: 8px;\n        }\n        .chart-title {\n            font-size: 16px;\n            font-weight: bold;\n            margin-bottom: 15px;\n            color: #2c3e50;\n        }\n        .highlight {\n            background-color: #fff3cd;\n            padding: 2px 4px;\n            border-radius: 3px;\n        }\n        .important {\n            font-weight: bold;\n            color: #e74c3c;\n        }\n        .note {\n            background-color: #e8f4f8;\n            padding: 10px;\n            border-left: 4px solid #3498db;\n            margin: 15px 0;\n            font-style: italic;\n        }\n        ul, ol {\n            margin: 15px 0;\n            padding-left: 25px;\n        }\n        li {\n            margin-bottom: 5px;\n        }\n        table {\n            width: 100%;\n            border-collapse: collapse;\n            margin: 20px 0;\n        }\n        th, td {\n            border: 1px solid #ddd;\n            padding: 12px;\n            text-align: left;\n        }\n        th {\n            background-color: #f2f2f2;\n            font-weight: bold;\n        }\n    </style>\n</head>\n<body>\n\n<div class=\"header\">\n    <div class=\"title\">Project Risk Assessment</div>\n    <div class=\"subtitle\">Research Document</div>\n</div>\n\n<div class=\"meta-info\">\n    <strong>Authors:</strong> Mark Castellano, Dex Rodriguez<br>\n    <strong>Date:</strong> June 16, 2025<br>\n    <strong>Document Type:</strong> Research<br>\n    <strong>Status:</strong> <span class=\"highlight\">Draft for Review</span>\n</div>\n<p># Project <strong>risk</strong> Assessment</p>\n\n<p>## Overview</p>\n<p>This document outlines the key risks associated with our project and proposed mitigation strategies.</p>\n\n<p>## <strong>risk</strong> Factors</p>\n<ul>\n<li>Technical Complexity: 7/10</li>\n<ul>\n<li>Market Competition: 8/10</li>\n<ul>\n<li>Regulatory Challenges: 6/10</li>\n</ul>\n\n<p>## Mitigation Strategies</p>\n<ul>\n<li>Technical Complexity: Hire additional senior developers and implement phased approach</li>\n<ul>\n<li>Market Competition: Focus on unique value proposition and accelerate go-to-market</li>\n<ul>\n<li>Regulatory Challenges: Engage legal consultants early in the process</li>\n</ul>\n\n<p>## Monitoring</p>\n<p>Risks will be reviewed bi-weekly during project status meetings.</p>\n\n\n<div class=\"chart-container\">\n    <div class=\"chart-title\">Risk Assessment</div>\n    <img src=\"data:image/png;base64,iVBORw0KGgoAAAANSUhEUgAAC5oAAAbnCAYAAACmsv12AAAAOnRFWHRTb2Z0d2FyZQBNYXRwbG90bGliIHZlcnNpb24zLjEwLjMsIGh0dHBzOi8vbWF0cGxvdGxpYi5vcmcvZiW1igAAAAlwSFlzAAAuIwAALiMBeKU/dgABAABJREFUeJzs3Xd8leXdP/BvQhiBIAgEkKEoiAMFceCodStD1NZVcWsVRXFVrVpHrT6OUveqrVq1+rirggXcDBVRQFBBUFRAQGSvECCB5PeHP3g8Qs45CUkOyPv9evEy576v67o/JCfhCJ/7OlmlpaWlAQAAAAAAAAAAAAAA/192pgMAAAAAAAAAAAAAALBxUTQHAAAAAAAAAAAAACCBojkAAAAAAAAAAAAAAAkUzQEAAAAAAAAAAAAASKBoDgAAAAAAAAAAAABAAkVzAAAAAAAAAAAAAAASKJoDAAAAAAAAAAAAAJBA0RwAAAAAAAAAAAAAgASK5gAAAAAAAAAAAAAAJFA0BwAAAAAAAAAAAAAggaI5AAAAAAAAAAAAAAAJFM0BAAAAAAAAAAAAAEigaA4AAAAAAAAAAAAAQAJFcwAAAAAAAAAAAAAAEiiaAwAAAAAAAAAAAACQQNEcAAAAAAAAAAAAAIAEiuYAAAAAAAAAAAAAACRQNAcAAAAAAAAAAAAAIIGiOQAAAAAAAAAAAAAACRTNAQAAAAAAAAAAAABIoGgOAAAAAAAAAAAAAEACRXMAAAAAAAAAAAAAABIomgMAAAAAAAAAAAAAkEDRHAAAAAAAAAAAAACABIrmAAAAAAAAAAAAAAAkUDQHAAAAAAAAAAAAACCBojkAAAAAAAAAAAAAAAkUzQEAAAAAAAAAAAAASKBoDgAAAAAAAAAAAABAgpxMBwAAAAAANl8fffRRnH766UnHtGzZMt59991qSlS5rr766njllVeSjunbt29cdNFF1ZQIAAAAAAAgPXY0BwAAAAAAAAAAAAAggR3NAQAAAGATdv/998cDDzxQJWtnZWVFrVq1Ijc3Nxo1ahRNmzaNtm3bxk477RRdunSJbbbZpkquyy/PggUL4oADDoji4uK0xh9zzDHRr1+/Kk4FAAAAAAAko2gOAAAAAKxXaWlprFy5MlauXBmLFi2Kb7/9NkaOHLn2fNu2beOoo46K3/3ud9GoUaMMJmVjN2jQoLRL5hERb731Vixfvjxyc3OrMBUAAAAAAJBMdqYDAAAAAACbpm+++SbuueeeOOigg+Luu++OwsLCTEdiI9W/f/9yjS8sLIy33nqritIA8FOzZs2KHXbYYZ1fp512WqajAQAAAJBhiuYAAAAAwAZZuXJlPPzww3HsscfGV199lek4bGSmTJkSn332WbnnlbecDkDFvP3225mOAAAAAMBGKifTAQAAAACAX4YpU6bEKaecEo899lh07NgxrTk77rhjPP7440nH1K5duzLikSEVLYx/+OGHMXfu3MjPz6/kRAD8lHeQAAAAAKAsiuYAAAAAQKVZsmRJnH/++fGf//wnttpqq5TjGzRoEPvtt181JCMTSktLY8CAARWau3r16hg4cGCceeaZlRsKgLUWLlwYo0ePznQMAAAAADZS2ZkOAAAAAAD8ssyfPz9uuOGGTMdgIzBmzJiYOXNmhedXdDd0ANIzZMiQWL16daZjAAAAALCRsqM5AAAAAGwGRo0aFVtssUXa40tKSqKgoCAWLFgQkyZNig8++CAGDx4cS5cuTWv+8OHDY9SoUbHXXntVNDK/AKmK4nvttVeMHj06SktL13v+iy++iK+//jratWtXFfEANntvvfVWpiMAAAAAsBGzozkAAAAAsI7s7OzYYostok2bNtGtW7e4+eab4913340TTzwx7TWeeeaZKkzIxq6oqChef/31pGOOOuqo2HXXXZOOsas5QNUoLCyMDz74INMxAAAAANiIKZoDAAAAAGnZYost4uabb45zzjknrfFDhgyJ4uLiKk7Fxurdd9+NJUuWJB1z4IEHxoEHHph0zGuvvVbmjucAVNx7770XK1euzHQMAAAAADZiOZkOAAAAAABsWi699NJ45513YsqUKUnHLV++PCZOnBgdO3aspmSpLVq0KL766quYM2dOFBQUxLJly2LlypVRt27dqFevXjRt2jS22267aNmyZWRn26djQ6TaibxDhw7RvHnzOOSQQ+L+++8vc9ysWbPi448/jr333ruyI5ZpxYoVMXny5Jg+fXosW7Ysli1bFoWFhVGnTp2oW7duNGzYMLbbbrto06ZN1KpVq1oyFRcXxzfffBPTpk2LpUuXrs1Us2bNqFevXjRo0CDatGkT2267beTm5lZLpjVmzJgR33zzTSxcuDAWLVoUhYWFkZubG1tssUVss802sf3220eDBg2qJUtpaWlMnz49vv7661i8ePHar19WVlbUq1cv6tWrF61bt462bdtGw4YNqyVTxI/P46+++ioWLly4NlNpaenanz0tW7aMtm3bRpMmTaotUzJTp06Nzz//PObNmxcrV66M+vXrx1ZbbRWdOnWKxo0bl3u9pUuXxoQJE2LKlCmxdOnSKCkpWfuuGbvttlvUrVu3Cn4XiYqLi2PSpEnxww8/xKJFi2LhwoVRWloaubm5kZ+fH9tuu220a9cucnI2jn86++GHH2L8+PHxww8/xNKlS6NGjRrRsGHDaN26dey6666Rl5e3wdd46623KiEpAAAAAL9kG8fflgEAAAAAm4yaNWvGb3/727jrrrtSjv3222+TFs0/+uijOP3005Ou0bJly3j33XfLnTMioqioKIYPHx6DBw+OUaNGxezZs9Oal5ubG/vss08ceOCB0b1792otpKbyyiuvxNVXX51y3DXXXBNnnnlm1Qdaj4ULF8Z7772XdMxhhx0WERE777xztGzZMmbOnFnm2P79+1dp0by0tDTGjh0bgwcPjvfffz+mTZsWq1evTjmvRo0a0bFjx7XPkzZt2lRqrkmTJsXgwYNjyJAh8e2336b1DgFZWVmx4447xoEHHhjdunWLnXbaqVIzRUQUFhbGm2++Ge+++26MHTs25syZk3R8dnZ27LTTTtGzZ8849thjK/37afbs2TF48OB4++23Y8KECVFYWJjWvBYtWsQBBxwQhxxySBxwwAGRlZVVaZkWLlwYb731Vrzxxhvx+eefx+LFi9Oa16RJk/j1r38dBx10UBx66KFRs2bNcl979erVsfPOOycdc+SRR67zM3z16tXx4osvxlNPPRVff/11mXP33HPPOOuss9Z+Dyczbty4ePjhh+P9998v8/lbs2bNOOKII+Kyyy6L1q1bp1yzPL777rsYMGBAjBw5Mj7//PNYsWJF0vF5eXmx7777xnHHHRcHHnhghW84uvLKK2PAgAFlns/Ozo6xY8dGnTp1Eo4XFRXF888/H//5z39i4sSJZc6vUaNG/OpXv4pzzjkn7Z+Np512Wnz88cfp/Qb+v48//jh22GGH9Z677bbb4thjjy3XegAAAABsehTNAQAAAIBy23333dMaN3/+/CpOsn5FRUXx9NNPx8MPP5x2wfOnli9fHkOGDIkhQ4ZEv379olevXnHeeedV267MZfnwww/j+uuvTznu3HPPzVjJPCJi0KBBKUvRXbt2Tfj4X//6V5lj33jjjfjzn/8ctWvXrrSMa7z99ttxxx13pNyhf31Wr14dY8eOjbFjx8Z9990XXbt2jYsuuijatm27QZlGjRoVf/3rX+Pzzz8v99zS0tKYOHFiTJw4MR5++OHYf//94+KLL45OnTptUKaIH7+vHnvssXj88cfL9X1VUlISEyZMiAkTJsQDDzwQ5513Xpx99tkVKlH/1PTp0+POO++M119/PUpLS8s9//vvv4/nnnsunnvuuWjXrl306dMnevbsuUGZ5s+fH/fdd1+89NJLsWrVqnLPnzdvXrzyyivxyiuvRIsWLeKcc86Jk046KWrUqJH2GumM/f777xMez5o1K/r27Rvjx49POXf06NExevTo6Nq1a/z1r39d7w76q1atiltvvTX+93//N+V6xcXFMXDgwBgyZEhcccUVccopp6Sck8qUKVPi7rvvjjfffLNcz42CgoJ466234q233oodd9wxrrnmmthnn33Kff1UX4OSkpL44YcfEm5OGT16dPzxj39MetPNGqtXr47hw4fH8OHDo2fPnnHdddfFlltuWe6cAAAAAJCK934FAAAAAMqtUaNGaY0rKiqq4iTr+uabb6Jnz57x17/+tUIl858rLCyMxx57LH7zm9/EmDFjKiFhxUyePDkuuuiilAXuY489Nq644opqSrV+/fv3T3q+bdu2CWXs7t27Jx1fUFAQ77zzTqVk++ma5557blx44YUVKpn/XElJSQwePDiOPfbYeP755yu0RnFxcVxzzTVx6qmnVqhkvj7vv/9+9OrVKx588MEoKSmp8DoTJ06Mo48+Ou65554N+r5atmxZ3HXXXXHSSSelVagty9NPPx09evSIwYMHV6hk/nNff/11XH755XHxxRfHkiVLKrTGG2+8EUcccUQ899xzFSqZ/9z3338fN910U5xxxhlpvxtDupYtW7b24+nTp8eJJ56YVsn8p954443o3bv3Oj+TVq9eHX379k2rZP5ThYWFcdNNN8UTTzxRrnk/98QTT8QxxxwTb7zxxgY9NyZNmhRnnnlm9OvXb4O+d8ry06/BK6+8EmeccUaFvif++9//xhlnnBELFy6szHgAAAAAEBGK5gAAAABABaQqO6+xxRZbVHGSROPGjYtevXrFtGnTKn3t77//Pk4//fQYNmxYpa+dyty5c6N3796xdOnSpOMOPvjguPnmm6sp1fpNnTo1Pv3006RjevTokfC4Y8eO0bJly6RzBgwYsMHZ1liwYEGceuqpMXz48Epbc40VK1bEDTfcEHfffXe55i1fvjx69+4dL7/8cqVnWr16ddx3331x1VVXVah4O3To0OjVq1elFPLXGD9+fPTq1Su+/fbbcs+966674uabb66SG1neeOONOOWUU8pdNn/22Wfj0ksvjYKCgkrPNGrUqDj++OPX2YV8Q6xcuTIifiw7n3/++TFnzpwKrfPxxx/Hfffdl3DstttuiyFDhlQ42+233x7vvfdeueeVlJTENddcE7fddtva39+GKi0tjcceeywuv/zyWL16daWsucaKFSsiIuLdd9+Na6+9doNuTvjyyy/jnHPOqfSMAAAAAKBoDgAAAACU26xZs9Iat+WWW1Zxkv+zZMmSuOSSSyplF/OyrFq1Ki699NL44osvquwaP1dYWBjnnXdeypJp586d4+67746cnJxqSrZ+qXYzj1i3aB6Relfz9957LxYsWFDhXD/1pz/9KSZOnFgpa5Xl4YcfjhdeeCHt8X/7299ixIgRVZjox7L+PffcU645I0eOjIsuuiiWL19e6Xlmz54dvXv3LtdOzK+//nr84x//qPQsP/XVV1/FBRdckHbx99NPP42bb765Sna9XmPOnDlxzjnnVFqRfc0NB/fcc098/fXXG7TWv/71r7U/nz7++ON4+umnNzjb7bffXu7S9J///OcquVEjImLQoEFx2223VeqapaWlMXv27LjqqqsqpSA+fvz4eOqppyohGQAAAAD8H0VzAAAAAKDcPvzww7TG7bDDDlWc5P/ccccd8cMPP6Q1tk6dOtGmTZvYZZddomPHjtGmTZto2LBhWnMLCwvjhhtuqNDO0OW1evXq+MMf/hATJkxIOq5du3bx8MMPR25ubpVnSqa0tDTlzuM77rhjbLfdduscP/LII5POW7VqVQwcOHCD8kVE/Pe//017t+WcnJxo2bJldOjQIXbbbbdo165d5OfnR3Z2en+1ftttt8XcuXNTjvvkk0/imWeeSWvN7OzsaNasWey8886x2267Rfv27aNp06Zp32Dwz3/+MyZNmpTW2NmzZ8dll12W9s7heXl50b59+9h1111T7lC/xvTp0+PPf/5zWmMLCgrixhtvTGtsxI83uuywww6x2267xU477RQtW7ZM+3tk1KhR8fzzz6ccV1paGldffXXaReEGDRpE+/bto2PHjtGhQ4do1apV1KtXL62533zzTTz44INpjU3H119/Hf/7v/+7weusWrUqnnrqqSgtLY2bbrqpUn42fv311zF48OC0x7/44ovlurGjefPmscsuu8QOO+wQDRo0SGvOU089tUE7ta/PjTfeWO7d85O5//77o7CwsNLWAwAAAIDMbm0DAAAAAGxylixZktausU2bNo22bdtWQ6Ify9+vvfZa0jE1a9aM0047LY455pho3779esvCs2fPjtdeey3+/ve/J905+PPPP4+BAwdGz549Nzh7MrfeemvKYmPz5s3j0UcfTbsoX5XGjBkTM2bMSDqmrEL5zjvvHG3atImpU6eWOXfAgAFx2mmnbUjEtMrDhx9+eJx66qnRuXPnqF279jrnCwoKYujQoXH//fcnzVtYWBj3339/3HTTTUmv98ILL6Qs53bp0iXOPvvs6NKly3qLyStWrIgRI0bEgw8+GOPHjy9znZKSkvjb3/4Wjz32WNLrRUTccsstae0if8QRR8TZZ58dnTp1Svi+mjdvXrz88svxz3/+M5YuXVrm/DfeeCOGDRsWBx54YNLrvPnmmyl3P2/dunWcf/75ceCBB0Z+fv4651evXh0TJkyIxx9/PAYNGpR0rfvuuy+OOeaYyMvLK3PMxx9/HN9++23SdRo3bhznnXdeHH744dGiRYt1zpeWlsbkyZPjmWeeieeeey7pc+Gpp56KU089Ne0ifzIPP/xwQkG+YcOGcdBBB0V+fn7Mnj07hg4dmnYJ+p133onOnTvH5MmTE4536NAhOnXqFHXq1Imvv/46Pvjgg7RL+YMHD07rZ+ycOXPS2m28Xr16cc4558Rxxx0XzZo1W3u8tLQ0xo8fH48++mi8/vrrSdf4y1/+Er/61a+iVq1aqX8DKYwdOzbefffdhGN16tSJ/fbbL7beeuuIiJgxY0a8//77sWLFirTWLCgoiLfffjuOPvrodc5dddVVCV/PSZMmxV//+tek6+2www5x9dVXr/dcu3bt0soEAAAAwKZN0RwAAAAASFtpaWlce+21SUuja3Tt2rUaEv1o2LBhKXdxveeee+Kwww5LOqZZs2ZxzjnnxMEHHxwnn3xyLFq0qMyxr776apUWzR9//PF4+umnk45p2LBhPPbYY7HVVltVWY7ySLWbeURE9+7dk577+9//Xub5zz77LKZMmRLbbrtthfLNmzcvRo0alXTMGWecEX/605+SjsnLy4uePXvGwQcfHGeeeWZ89tlnZY4dOHBgXH/99VGzZs31nl+9enW89dZbSa93+OGHx/333x9ZWVlljqlTp04ccsghccABB8RFF120ToH1pz744IOYO3fueovYa4wZMybeeOONpLkiIq699to4/fTT13uuSZMm0bt37+jatWucddZZMXPmzDLXuffee1MWzVOVgFu2bBkvv/xybLHFFmWOqVGjRnTs2DHuvvvu2HnnneOOO+4oc+yiRYti+PDh0aNHjwpnql+/frz44otJi+FZWVnRvn37uPHGG6NLly7xhz/8ocyyeXFxcQwcODB69+6d9LqpzJ07N2HH8NNOOy2uuOKKqFOnztpjy5Yti2uuuSat58G0adMSbqho2LBh9OvXb52v6TfffBMXXHBB0hs01nj//fdj5cqV673Z46fuu+++WLZsWdIx+fn58e9//3u976aQlZUVu+66a9x7773x4osvxnXXXVfmOrNmzYrnn39+g294iYj4xz/+kZDhjDPOiL59+0b9+vUTxi1dujRuv/32eOmll9Jad9CgQestmu+yyy4Jj2vUqJFyrQYNGsR+++2X1nUBAAAA+GVK7/09AQAAAIDN3sKFC+PCCy+MN998M+XYGjVqxJlnnln1of6/VKXF1q1bpyyZ/1Tbtm3jkksuSTrmo48+SllurKg333wz+vXrl3RMnTp14uGHH95odpUtKipKKK6uT8eOHaN169Zlni9rt/Of6t+/f7mzrTFt2rSUO4efddZZaa9Xr169uO2225IWwAsKCuLjjz8u8/y8efOS7p4fEXHmmWcmvcZP5eTkxC233BJ169Ytc0xpaWnKnfIfffTRlNc64YQTyiyZ/9Q222wTDzzwwHrfRWCNCRMmxCeffJJ0nVTf58cdd1zSkvnPnXvuudGpU6ekY955550NynTEEUeUa/fxHj16RLdu3ZKOSXYTQbqWL18eq1atiogfn1/XXXddQsk84sfn91133bVOQbksc+fOjYiI3NzceOKJJ9Z740Dbtm3j0UcfTfr8XGPFihXx9ddfp7zmq6++mnKte+65Z70l85874YQTUv7ZleoGoHStuWErKysrbr/99rjmmmvWKZlH/Hizwi233BInn3xyWusmu/EFAAAAAMrLjuYAAAAAwHoVFBTEokWLYuLEifH+++/HgAEDUu4avsbJJ58crVq1quKE/2fOnDlJzzdo0KDcax555JHx5JNPRn5+fjRr1iyaNm0azZo1S/iVm5tb0chl+vTTT+PKK6+MkpKSMsfk5OTEPffcE507d67061fUkCFDYsmSJUnHpCqSb7/99rH99tvH5MmTyxzz2muvxSWXXJJ28fqnUj1PIsr/XGnXrl3sv//+sWTJkrXPizXPlebNm0ezZs2iRYsWZc6fPXt2pWdq1KhR9OjRIyZNmrTOc3bNr2S74M+bNy+GDh2a9Bo1a9aMiy++OO1MO++8cxx++OFJd8d+9dVXY/fddy/zfKqvX8OGDdPOs8bxxx8fy5cvr9DnKZ1MFfnZc+yxx8bkyZPXeT6t+dW8efNyr1mW7bbbLq688soyz+fk5MQf//jHtG4oWOOyyy6LnXbaqczzrVu3jjPOOCPpuxesMXny5OjQoUOZ5/v37x/FxcVJ1zj44INjzz33THmtNc4777x49tlnY+XKles9P3Xq1Bg3blzstttuaa+ZzNlnnx2/+c1vUo675ppr4p133kn5M2P+/PkxZ86caNq0aaXkAwAAAGDzpmgOAAAAAJuBvfbaq9qutd1228UVV1xRbdeLiFi9enXS899++20sWLAgGjVqlPaaDRo0SFqKrQrTp0+PPn36xIoVK5KOu/nmm+Pggw+uplTpSbXTeFZWVnTv3j3lOt27d09aNJ8xY0aMGTOmXMXRNVI9TyIiRo0atd6dmJNJZ/fvsqST6eOPP47tt9++XOvecsstFY0Ub731VtIbHSIi9thjj3IXWQ855JCk31PDhg1LOn/NDtxl+fjjj+OUU04pV6YTTzwxTjzxxHLNKU+m0aNHR2lpablujDjggAPigAMOqHCm8ujTp0/k5CT/p6K99947WrVqFTNmzEi5XrNmzaJXr14pxx133HFpFc1TXTOdd9hItUP8zzVq1Cg6d+4cI0eOLHPMkCFDKqVo3rRp0+jbt29aY2vVqhWnnHJK3HXXXSnHfvfdd4rmAAAAAFSKst+nEgAAAACgnJo3bx7//Oc/o06dOtV63SZNmiQ9X1hYGBdeeGFau0dnyuLFi6N3794xf/78pOMuv/zyOPbYY6spVXoWLlwYw4cPTzpmjz32iGbNmqVcK9Wu5xERAwYMSDvbT6V6nkREXHfddfHJJ59UaP2KSCfTXXfdFe+88041pPnRqFGjUo7p2LFjuddNtjN1RMQPP/wQ06dPL/N8fn5+0vmvv/56PPTQQynL35UpVabPPvss/vKXv6S8eSQTcnNz44gjjkhrbLo3dvTo0SNq1aqVclzr1q1T7hYf8eM7a5Rl+fLlMX78+JRrVOS5uvPOOyc9P3r06HKvuT4nnHBC1K1bN+3xv/71r9Mal+zzBgAAAADloWgOAAAAAFSK7bffPv79739H69atq/3aqUqBERGffPJJHH744XHNNdfE0KFDN6oiXlFRUVx44YXx7bffJh13+umnR+/evaspVfoGDRoUxcXFScf06NEjrbXatGmT8uv5+uuvR1FRUdr51thxxx0jOzv5X4vPmTMnevXqFeecc0688sorMWfOnHJfpzxatWoVDRs2TDqmoKAgLrjggjjppJPimWeeSVrGrgzplHfL8+4AazRo0CDlmC+//LLMc+l8n997773RtWvXePDBB+OLL75IuTP7hkon07PPPhuHHnpo3HHHHfHJJ5+k/F6pLvvss0/aNwW1a9curXHl2Yk9nV36ly1bVua5L774Iq13BKjIczXV92Syd10oj549e5ZrfPv27VPuQB8RsXTp0opGAgAAAIAEqf82CgAAAAAgiZo1a8ZJJ50UV1xxRbXvZL7GfvvtF/Xr109Zrlu5cmW8/PLL8fLLL0eNGjVi++23j1133TU6deoUnTt3jrZt20ZWVlY1pf4/f/rTn1LuIr3PPvvEn/70p2pKVD79+/dPer5GjRrRrVu3tNfr3r17fPHFF2WeX7x4cQwdOjTt3ZjXaNiwYeyzzz4xYsSIlGPfe++9eO+99yLixzJ4x44do2PHjtG5c+fYeeed09q1OR1ZWVlx+OGHx4svvphy7NixY2Ps2LEREdG0adO1mXbbbbfo2LFj5ObmbnCe1atXx4wZM1KOu/322+P222/f4Ov93OTJk+Owww5b77muXbvG22+/nXKNGTNmxH333Rf33Xdf5OXlxa677hq77rpr7LbbbtG5c+cKFY/L0rVr13jyySdTjps3b1488sgj8cgjj0Rubm506NBh7c+e3XffPa3d/ivbTjvtlPbYFi1apDVuxx13THvNdHY0T1bKnzZtWlrX2XvvvdPOlK7FixfH7NmzN+jr1rBhw9huu+3KNScnJye22mqrlDebbCw3MwAAAACw6VM0BwAAAAAqJD8/P4444og4++yzo1WrVhnNUrdu3ejTp0/069cv7TmrV6+OSZMmxaRJk9aWfLfccsvYa6+9Yq+99oouXbrEDjvsUOXF8+effz7mzp2bctyECRNi7ty50bRp0yrNU15Tp06NTz/9NOmYvffeOxo3bpz2mj169Ig777wz6Zj+/fuXu2geEXHJJZfERx99lNZOyGvMmDEjZsyYEYMGDYqIiDp16sRuu+0WXbp0iS5dukSnTp02qHh+3nnnxaBBg5Lu3vxzc+bMibfffntt8bpmzZqxyy67xN577x177bVXdO7cOerVq1fuLHPmzCnX56ayJdspukePHvHYY4/FpEmT0l6voKAgPvzww/jwww/XHmvXrl106dJl7fd5kyZNKpx3jz32iIMOOiiGDh2a9pzly5fH6NGjY/To0WuPtW7deu3zqUuXLmkXuzdEmzZt0h6bznMpNze3XCX+ijw/f2rWrFkbNH9DffXVVxtUNE9nR/f12WKLLSp8TQAAAAAoL0VzAAAAAKDcDj300HjggQciOzs701HWOvvss+PDDz9cuwt1RSxcuDDefPPNePPNNyPixx1nu3btGsccc0zssccelRU1QTol84iIpUuXxi233BL33ntvleSoqFS7mUf8WBAuj1atWkWnTp2SFtiHDRsWixYtioYNG5Zr7d122y0uvfTSlEX2ZFasWBEjR46MkSNHRkRE7dq149e//nUcc8wxcdBBB5W7dN66deu46aab4vLLL69wpuLi4rU7nj/88MORk5MTXbp0iWOOOSaOOOKIqFu3blrrLFq0qMIZKkOy74ecnJy455574rjjjitXKf/nvv766/j666/jmWeeiYgfd+E+6qij4qijjqpQcfi2226L3/zmNzF79uwKZ5o+fXpMnz49/vOf/0RExDbbbBM9e/aMY445JrbZZpsKr5tM/fr10x6bzrtV5OXllev6G7oD/8b8XE1HgwYNKjSvMt65AAAAAADStfH8KxAAAAAAsMkYMmRIjB8/PtMxEmRlZcW9994bBx98cKWtuWjRonj++efj5JNPjl69esWYMWMqbe2KeP3112PYsGEZzfBTpaWlMWDAgJTjrrvuuthhhx3K9SvVLunFxcUxePDgCuXu3bt39O3bt0Jz12flypXx9ttvx0UXXRTdunWLV199NUpKSsq1Rs+ePeN//ud/IiencvaHWbVqVYwYMSKuuuqqOOSQQ+LJJ5+MoqKilPNWrFhRKdevqFQF8m233TYef/zxDdqF/OcmTZoUf/vb3+LQQw+N//mf/4kFCxaUa36jRo3i3//+d7l2CE9l2rRp8eCDD0a3bt3ij3/8Y8yYMaPS1l4j3ZsPIiKtd3Yo7w0WG/puEStXrtyg+RtqQ252iCh/MX+NjekGLwAAAAB++fxtFAAAAABsBkaNGhVffvllWr/69euXcr2SkpK44YYbYtWqVdWQPn316tWLhx56KK688soKl/jK8sknn8TJJ58cd911V7lLxJXppptuiuXLl2fs+j81ZsyYKinApiud3dTLctFFF8XDDz8cW2+9dSUmipg5c2ZcddVV0bt371iyZEm55p5wwgnx1FNPxc4771ypmRYuXBi33npr9OrVK3744YekY1evXl2p1y6vgoKClGM6deoUL730UnTt2rVSr11cXBxPPfVUHHnkkTF69OhyzW3Tpk288MILceKJJ1ZqEbikpCT69+8fRx11VLzxxhuVtm7Ehhe9My3Tf/6k81xNZlP//AMAAACweVA0BwAAAAASHHPMMbH77runHDdx4sR48sknqyFR+WRnZ8c555wTb731Vlx00UXRsmXLSl3/H//4R1xxxRWVumZ5zJgxIx544IGMXf+n0tnNvCqNHTs2pk+fXuH5Bx98cAwcODBuvvnm2HXXXSsxWcR7770Xv/vd78pdNt99993jP//5T9x9992xzz77VGoZdfz48XH88ccnvTmgZs2alXa9iki3vLvVVlvFfffdF88991wcddRRUbt27UrLsGDBgjjzzDPj3XffLde8Bg0axM033xwDBgyI3/3ud5V6s0thYWFccskl8cwzz1Tampu6TeW5CgAAAACbssp5D04AAAAA4BflhhtuiOOOOy7l7sYPPPBAdOvWrdLL3JWhUaNG0bdv37jgggti/PjxMXLkyPjwww/jk08+iRUrVmzQ2gMHDoxdd901zjrrrEpK+6NOnTrFQQcdFPfee2/ScU888UQcffTRscMOO1Tq9cujqKgoBg8enLHrr9G/f//o27dvhefXqlUrTjzxxDjxxBNj2rRpMWLEiBg5cmR89NFHsXDhwg3K9u2338ZVV10Vf//738s1Lzs7O3r06BE9evSI2bNnx4gRI+LDDz+MkSNHxuzZszco09y5c+OSSy6JZ599NmrVqrXO+dzc3LTWueeee6J79+4blKUydO7cOTp37hwFBQUxcuTItb8mT568QesWFxfHVVddFS+//HK0bt26XHO33377uOmmm+JPf/pTjB49Oj788MP48MMPY+LEiRv0bgilpaVx6623RocOHaJTp04VXueXom7duinH5Obmxrhx46o+DAAAAAD8QimaAwAAAADr2GmnneJ3v/tdyt1zCwsL46abbop//OMf1ZSs/LKzs6Njx47RsWPH6N27dxQVFcWnn34a48aNi88++yw+//zzmDVrVrnXvfPOO6Nbt26x1VZbbXDGmjVrRp8+feL888+PGjVqxPvvvx9jxowpc/yqVaviz3/+czz77LOVuuN1eQwZMqTcu3VXhddee22DiuY/tc0228Q222wTvXr1itLS0vjyyy9j7Nix8dlnn8Vnn30W3377bbmLwu+++24MGjQoevToUaFMzZo1i9/+9rfx29/+NiJ+LK9/8skna5+7kydPjuLi4nKtOX78+HjyySfj3HPPXedckyZN0lqjsLCwXNesanl5eXHYYYfFYYcdFhER8+bNi9GjR8enn34an3/+eUyYMKHcmZcsWRI33XRTPPLIIxXKVKdOndh///1j//33j4iIxYsXxyeffBLjxo2Lzz//PMaPHx+LFy8u15rFxcVx7bXXxmuvvZax7/2NRePGjVOOWbFiRZSUlER2tjf4BQAAAICKUDQHAAAAANbr0ksvjcGDB6fc1Xno0KExePDgjWJ343TUqlUr9tprr9hrr73WHps3b16MHTs2Pvroo3jnnXfi+++/T7lOcXFxvPTSS3HRRRdtUJ5tt9027rrrrth5553XHrvhhhvi2GOPTbqj/NixY+O5556LXr16bdD1K6p///4Zue7PTZ06NcaNGxe77bZbpa6blZUVO+64Y+y4445rP8fLli2Lzz77LEaPHh1DhgyJCRMmpLXWs88+W+Gi+c9tt912sd1228Xxxx8fERErV66M8ePHx5gxY2LIkCExbty4tMrwzz777HqL5ltuuWXUqlUrioqKks6fP39+xX4D1aRJkybRrVu36NatW0RElJSUxOTJk2Ps2LExfPjw+OCDD9J6Z4Phw4fH9OnTy72r+fo0aNAgDj744Dj44IPXHps6dWqMHTs23n///Rg2bFgsXbo05TqTJ0+Ojz/+OPbee+8NzrQpa968ecoxpaWlMX/+/MjPz6+GRAAAAADwy2MLBwAAAABgvRo0aBCXXXZZWmNvueWWKCgoqOJEVadJkyZx+OGHx3XXXRfvvPNOPPjgg9GyZcuU80aMGLHB1z7yyCMTSuYRETvuuGOcdNJJKefeddddMW/evA3OUF4LFy6M4cOHV/t1yzJgwIBquU69evVi3333jYsuuihefvnlePnll6NLly4p540ZMyZWrlxZJZlq164de+yxR/Tu3TueffbZGDRoUHTt2jXlvJkzZ8a0adPWOZ6VlRXt2rVLOX/KlCkVypsp2dnZscMOO8RJJ50UDz30UAwbNiz69OkTNWrUSDl35MiRVZarTZs28dvf/jbuvPPOGD58eFxzzTWRm5ubcl5l/OzZ1KXzPI34scwPAAAAAFSMojkAAAAAUKYTTjghdtlll5Tj5s6dG3feeWc1JKp62dnZcdhhh8VLL72UchfcqizbXnLJJbHlllsmHbNkyZK49dZbqyxDWQYNGhTFxcVJx+Tn58fEiRPjyy+/3KBf//znPyslT1Xo0KFDPPnkk7H//vsnHbd69er47rvvqiXTtttuG/fdd1+ccMIJKceW9fz9+Y0P6/P555+XO9vGpGHDhnHppZfG7bffnnLst99+Ww2JIurWrRtnnnlmPProo5Gdnfyfbza1on9VaNu2bdSuXTvluM8++6wa0gAAAADAL5OiOQAAAABQpuzs7LjhhhsiKysr5djnnnsuPv3002pIlZ415d7Vq1dXaH6jRo1SlnWXLl1aobXT0aBBg7j88stTjhs4cGC89957VZZjfdLZQbxbt24py7Lp2G+//aJhw4ZJx2zoDuuzZ8+OJUuWVGhudnZ2nHPOOSnHlXf9BQsWxIIFCyqUKSLivPPOSzmmrEz77rtvyrmTJ0+OGTNmlDtXZVu2bFl8//33FZ5/9NFHx1ZbbZV0THm/z1euXBnTp0+vcKY999wzdt9990rN9EtUs2bN2GuvvVKOGzp0aNWH+YUqKSnJdAQAAAAAMiwn0wEAAAAAgI1bp06d4re//W28/PLLSceVlJTEDTfcEP/5z38iJ6f6/upx3rx5MXXq1JgyZUpMmTJl7cfTp0+P4uLieOSRR+KAAw6o0NpNmjRJer6qf5/HH398PP/88yl3j/7LX/4S//3vf6NOnTpVmiciYtq0aTFu3LiU43r06FEp16tZs2Ycfvjh8eKLLyYd179//zj00EPLPF9QULD2+bHmObLm42XLlsW5554bV1xxRYUyptr5PuLH38fPLV++PKZNm5bw3F3za/HixdGjR4+4++67K5Qp1XM3ouzn769//euoWbNmyl3in3zyybj22mvTzvT666/HP//5z2jcuHE0btw4GjVqFI0aNVr7cePGjaNNmzaRl5eXMG/VqlUxY8aMhO/vNR/PmTMnmjZtGsOGDavwjQ1NmjSJWbNmlXl+fZ+nkpKSmDlz5nqfT7NmzYqcnJwYMWJE1K9fv8KZkqnOn7Ebs0MOOSTef//9pGNGjRoVEydOjJ122intda+88sqYMWNGwnPz5//dfvvtNzT+Rq+iN+AAAAAA8MvhbyIBAAAAgJSuuOKKeOutt1Luojtp0qR4/PHH49xzz62mZBGnn356fPPNN2Wef+yxxypcNJ80aVLS882bN6/QuunKysqKG264IU488cQoLS0tc9z06dPjoYceij/84Q9Vmifix0J3KltttVV07ty50q7ZvXv3lEXzoUOHxtKlS8ss9v7tb3+L5557rsz5L730Upxzzjkpd09fn4kTJ6Ycs77nylNPPRV33nlnmXPeeuutmDp1arRp06ZKMpW1k3eDBg3i0EMPjddffz3p/Oeffz6OO+642HHHHVNeq6SkJP7+978n/Z7Kzs6OwYMHr1M0nzBhQpx44ollzpszZ04MGDAgfvOb36TM8XPLly+PqVOnJh2zvs/TvHnz4ogjjihzx+eioqJ48skno2/fvuXOVFpaGl9++WW5M22OjjzyyLj99tujqKiozDGlpaVxyy23xBNPPJFWQf/zzz+P1157LenP3D333DP+93//t0KZNxbpvFPJ1KlTY8WKFdVyExMAAAAAG6cNf99SAAAAAOAXr3HjxnHRRRelNfbBBx+MGTNmVHGi/5Nq5+yRI0fG/fffX+51P/nkk5Sl6t12263c65ZXx44d47jjjks57l//+ldMnjy5yvMMGDAg5Zju3bunVWJM1z777BONGjVKOmblypVJi9FHHnlk0vkLFy6MK664IlauXFmubPPnz0/5/GrRokU0bdp0neOpnrvFxcVx2WWXxaJFi8qVqbCwMPr165d0TO3atZMWxM8+++yU11m5cmX06dMnpkyZknRcaWlp3HrrrSlv3Ojatet6S/WdOnWKVq1aJZ176623xoQJE1Jm/rk777wz5Q00nTp1WudY06ZNY88990w67x//+Ee899575c70xBNPpPycri/T5qhhw4Zx7LHHphw3atSouPbaa5MW0iMi5s6dG1dccUXSknlERO/evcuVc2OUm5ubckxRUVG89tpr1ZAGAAAAgI2VojkAAAAAkJZTTjkl2rdvn3Lc8uXL46abbqqGRD865phjombNmknHPPDAA3HWWWfFkCFDoqCgoMxxRUVF8dlnn8X//M//xOmnn56ydJyqKFxZLr/88mjQoEHSMcXFxfHnP/85ZUFyQ4wZMyamT5+eclz37t0r9bo1atSII444IuW4ZDcG7Lnnnil3Bn/vvffi6KOPjpdeeinmzZtX5rjS0tKYOnVqPPLII9GzZ8+YNm1a0nXLep60atUq9t1336Rzv/jii+jZs2f8+9//ju+//z7p2O+//z6eeeaZOOqoo2Ls2LFJxx5yyCFJi6adOnWKQw89NOkaa6557LHHxiOPPLLO56ykpCSGDh0ap59+ejz11FNJ16lVq1ZcfvnlZZ5PdbPF4sWL46STTop+/frFpEmTYvXq1WWOXbRoUbzxxhtxyimnpMzVrFmzMgvlxx9/fNK5RUVF0bt377j++uvj008/jeLi4jLHFhQUxLBhw6JPnz5x++23J123Tp06ccghhyQdszm54IILom7duinHvfrqq3HSSSfF22+/vc7XYvHixfHoo4/Gb3/725Q73P/qV7+KAw88cEMibxTSffeG22+/Pd555511ji9YsKCSEwEAAACwMUr9HoEAAAAAABGRk5MT119/fZx22mkpxw4bNiwGDRpULUXs1q1bx2mnnRb/+te/ko4bMWJEjBgxIrKysiI/Pz+23HLLqFOnTkT8WPJcunRpLFy4MGkZ9Kd23333OOCAAzY4fzoaNWoUF198cdx8881Jx40ZMyZefPHFOPHEE6skR6od3iN+LE937Nix0q/dvXv3eO6555KOGT16dMycOTNatmy5zrns7Oy4+uqr4/zzz0+6xtSpU+Paa6+NiB+LmE2aNInc3NzIycmJZcuWRUFBQSxcuDCWL1+eVu6GDRvGmWeeWeb5q6++Oo499tikxei5c+fGLbfcErfcckvUr18/8vPzo169epGTkxPLly+PpUuXxqJFi2LZsmVpZapVq1ZccMEFKcfdcMMN8fHHH6fc8buwsDDuuOOOuPvuu6Np06bRuHHjWLJkSfzwww8pd5Be45JLLonWrVuXef6ss86KF154IWbNmlXmmKKionjsscfisccei9q1a0fTpk1jiy22iFq1akVRUVEsXbo0lixZUq4d4vv27Rs5Oev/p5Sjjz46nnrqqfj888/LnF9SUhIvvPBCvPDCC1GzZs1o2rRpNGjQIGrVqhWrVq1a+7NnwYIFad8kcuaZZ8aWW26Z9u/hl65Zs2Zx+eWXp/z5GBExYcKEuPDCCyM3NzeaN28edevWjTlz5sS8efPS+vzn5eXFjTfeWAmpM69FixZRt27dKCwsTDquoKAgLrjggmjWrFlsvfXWsXz58pg1a1bk5+en9WcCAAAAAJs2RXMAAAAAIG1dunSJI488MgYOHJhy7K233hq//vWvo379+lWe68ILL4x333035U60ET/uRj1nzpyYM2dOha+Xl5cXf/vb3yIrK6vCa5RXr1694sUXX4xJkyYlHXfHHXfEoYceGo0bN67U6xcVFcXrr7+eclxV3VzQpUuXyM/Pj7lz55Y5prS0NF577bUyy+QHH3xw2s/fiB93vi5PKXl9br755sjPzy/z/I477hi///3v45///Gda6y1dujRl8TuVP/zhD2m9O0Hz5s3jzjvvjD59+iQtwq+xevXqmDVrVtIy+Poccsgh8fvf/z7pmNzc3LjxxhvjggsuSCvLypUr09p9P5mDDz446U0bWVlZ8Ze//CVOOeWUtG48KC4ujpkzZ8bMmTMrnKlDhw7Rt2/fCs//pTr11FNj7Nix8d///jet8cuXL48pU6aU6xpZWVlxyy23xNZbb12RiBudGjVqxJ577hnDhw9Pa/zs2bNj9uzZax8n+7kGAAAAwC9HdqYDAAAAAACblquuuirq1q2bctzcuXPjjjvuqIZEPxa/H3/88WjRokWVX6tBgwbx0EMPRatWrar8Wj9Vo0aNuP7661OOW7x4cdx2222Vfv2hQ4fG4sWLU46rqqJ5dnZ2dO3aNeW4AQMGJD1/++23x/77719ZscqUnZ0d11xzTRxxxBEpx/7hD3+IY489tsozRfy4M3iyHdZ/7sADD4x+/fqVuav3hjrssMPi3nvvTeumjYMOOihuvvnmarnBY++9945+/fqlHNehQ4d44IEHombNmlWeaYcddoiHHnqoWq61KbrtttvS+n6riJycnOjXr19069atStbPlJNOOinTEQAAAADYyCmaAwAAAADl0qxZs+jTp09aY59//vkYN25c1Qb6/1q0aBHPPvts7LPPPlV2jfbt28ezzz4be++9d5VdI5k999wzjjrqqJTjXnvttRgxYkSlXrt///4px7Rp0yZ22mmnSr3uT3Xv3j3lmG+++SbGjx9f5vlatWrFQw89FKeeemqVFZYbNWoU999/f9qF7jU7JV9yySVVVuiuW7du/OUvf4mrr7663L/vnj17xuOPPx5NmzattDw5OTlx/vnnx7333hu1atVKe95xxx0XDzzwQGy55ZaVluWnsrOz46STTorHHnsstthii7Tm7L///vHkk09W6c0nRxxxRDzzzDPRvHnzKrvGpq5WrVpxzz33xPnnnx/Z2ZX3z18tWrSIRx99NI4++uhKW3Njccghh8Svf/3rTMcAAAAAYCOmaA4AAAAAlNuZZ54Zbdq0STmutLQ0rr/++li1alXVh4qI5s2bxxNPPBE33XRTbLPNNpW2bsuWLePWW2+N/v37R9u2bStt3Yr44x//GPXq1Us57sYbb4yVK1dWyjUXLVoUw4YNSzmuqnYzX2OPPfaIZs2apRyXqhRfu3btuP766+Pxxx+Pvfbaq7LiRb169aJPnz7x1ltvxWGHHVauudnZ2XHBBRfECy+8EAcffHClleBr164dJ598crz99tsbtHtxly5dYuDAgXHWWWdF7dq1NyjTfvvtFy+88EJcdtllFSrWH3bYYfHf//43evXqFbm5uRuUZY2srKw44IAD4pVXXom//OUv5d41fI899oj+/ftH7969o0GDBpWSKSKic+fO8fTTT8f9998feXl5lbbuL1WNGjXisssuixdeeCG6dOmyQWvVq1cvzjrrrHjttddi3333raSEG5esrKy44447Yvfdd890FAAAAAA2UlWzNQoAAAAA8ItWq1atuPbaa+Pcc89NOfarr76Kf/3rX9G7d+9qSPZjce53v/tdnHDCCfHee+/FkCFDYuTIkTFlypS018jJyYltttkm9ttvv+jWrVvsscceVbb7dXk1bdo0LrzwwujXr1/ScdOmTYuHHnooLrvssg2+5qBBg6K4uDjluKoummdlZUW3bt3iySefTDpu4MCBcdVVV6UsMe+7776x7777xsSJE+P111+PkSNHxvjx48t1Y8RWW20Ve+yxR3Tr1i0OOOCADS5hd+jQIR5++OGYOnVqDBo0KD788MMYN25cFBUVpb1Gfn5+dOrUKY444og49NBDK62gvMUWW8TVV18d5513XvTv3z/efvvtGDduXFrPjWbNmsUhhxwSJ598crRv336DszRp0iRuvPHGuPTSS2PgwIExYsSIGDVqVCxevDjtNfLy8mKnnXaKww47LLp167bBu4Xn5eXF5ZdfHhdccEEMHjw4Pvjgg/joo49i7ty5aa+Rm5sb7du3j4MOOii6d+8e22677QZl2lztuuuu8dRTT8X48ePj1VdfjWHDhsV3332Xcl52dnbssssu0aNHjzj++OOjfv361ZA2sxo2bBj//ve/48knn4wnnngi5fO1Zs2ascsuu0TPnj2rKSEAAAAAmZRVWlpamukQAAAAAABVraCgIGbMmBEzZsyIBQsWRGFhYaxcuTJKSkqibt26Ua9evcjLy4ttttkm2rZtG7Vq1cp0ZDKgqKho7fNkzpw5sXz58li+fHkUFxdHbm5u5OXlRb169aJZs2axww47VEsRtbi4OGbNmhUzZsyIH374IQoLC2P58uVRVFQUderUiXr16kW9evUiPz8/2rdvH40aNaryTGsUFRXFV199Fd99913MnTs3VqxYEatWrYpatWpFgwYNonnz5tGuXbto0aJFlWcpLS2NOXPmxPTp02PWrFmxdOnSWLFiRaxYsSJycnLWfp623HLLaNu2bbRq1arKM0VEzJs3L2bOnBkzZ86MxYsXr82UnZ29NlODBg1iu+22i6233jqys70ZbVVYsGBBfPnllzFr1qxYuHBhrFy5MrKysiI3NzcaNWoUrVq1ivbt22/WO8eXlJTEl19+GV988cXaz1GtWrUiLy8v8vPzo1WrVtG2bdty7/gPAAAAwKZL0RwAAAAAAAAAAAAAgAS2xQAAAAAAAAAAAAAAIIGiOQAAAAAAAAAAAAAACRTNAQAAAAAAAAAAAABIoGgOAAAAAAAAAAAAAEACRXMAAAAAAAAAAAAAABIomgMAAAAAAAAAAAAAkEDRHAAAAAAAAAAAAACABIrmAAAAAAAAAAAAAAAkUDQHAAAAAAAAAAAAACCBojkAAAAAAAAAAAAAAAkUzQEAAAAAAAAAAAAASKBoDgAAAAAAAAAAAABAAkVzAAAAAAAAAAAAAAASKJoDAAAAAAAAAAAAAJBA0RwAAAAAAAAAAAAAgASK5gAAAAAAAAAAAAAAJFA0BwAAAAAAAAAAAAAggaI5AAAAAAAAAAAAAAAJFM0BAAAAAAAAAAAAAEigaA4AAAAAAAAAAAAAQAJFcwAAAAAAAAAAAAAAEiiaAwAAAAAAAAAAAACQQNEcAAAAAAAAAAAAAIAEiuYAAAAAAAAAAAAAACRQNAcAAAAAAAAAAAAAIIGiOQAAAAAAAAAAAAAACRTNAQAAAAAAAAAAAABIoGgOAAAAAAAAAAAAAEACRXMAAAAAAAAAAAAAABIomgMAAAAAAAAAAAAAkEDRHAAAAAAAAAAAAACABIrmAAAAAAAAAAAAAAAkUDQHAAAAAAAAAAAAACCBojkAAAAAAAAAAAAAAAkUzQEAAAAAAAAAAAAASKBoDgAAAAAAAAAAAABAAkVzAAAAAAAAAAAAAAASKJoDAAAAAAAAAAAAAJBA0RwAAAAAAAAAAAAAgASK5gAAAAAAAAAAAAAAJFA0BwAAAAAAAAAAAAAggaI5AAAAAAAAAAAAAAAJFM0BAAAAAAAAAAAAAEigaA4AAAAAAAAAAAAAQAJFcwAAAAAAAAAAAAAAEiiaAwAAAAAAAAAAAACQQNEcAAAAAAAAAAAAAIAEiuYAAAAAAAAAAAAAACRQNAcAAAAAAAAAAAAAIIGiOQAAAAAAAAAAAAAACRTNAQAAAAAAAAAAAABIoGgOAAAAAAAAAAAAAEACRXMAAAAAAAAAAAAAABIomgMAAAAAAAAAAAAAkEDRHAAAAAAAAAAAAACABIrmAAAAAAAAAAAAAAAkUDQHAAAAAAAAAAAAACCBojkAAAAAAAAAAAAAAAkUzQEAAAAAAAAAAAAASKBoDgAAAAAAAAAAAABAAkVzAAAAAAAAAAAAAAASKJoDAAAAAAAAAAAAAJBA0RwAAAAAAAAAAAAAgASK5gAAAAAAAAAAAAAAJFA0BwAAAAAAAAAAAAAggaI5AAAAAAAAAAAAAAAJFM0BAAAAAAAAAAAAAEigaA4AAAAAAAAAAAAAQAJFcwAAAAAAAAAAAAAAEiiaAwAAAAAAAAAAAACQQNEcAAAAAAAAAAAAAIAEiuYAAAAAAAAAAAAAACRQNAcAAAAAAAAAAAAAIIGiOQAAAAAAAAAAAAAACRTNAQAAAAAAAAAAAABIoGgOAAAAAAAAAAAAAEACRXMAAAAAAAAAAAAAABIomgMAAAAAAAAAAAAAkEDRHAAAAAAAAAAAAACABIrmAAAAAAAAAAAAAAAkUDQHAAAAAAAAAAAAACBBTqYDsOmbO3dppiMAbJKysrKiSZO8hGPz5hVEaWlphhIBAJsCryEAgIryOgIAqAivIQCAivI6AqBy5efXr/Zr2tEcAAAAAAAAAAAAAIAEiuYAAAAAAAAAAAAAACRQNAcAAAAAAAAAAAAAIIGiOQAAAAAAAAAAAAAACRTNAQAAAAAAAAAAAABIoGgOAAAAAAAAAAAAAEACRXMAAAAAAAAAAAAAABIomgMAAAAAAAAAAAAAkEDRHAAAAAAAAAAAAACABIrmAAAAAAAAAAAAAAAkUDQHAAAAAAAAAAAAACCBojkAAAAAAAAAAAAAAAkUzQEAAAAAAAAAAAAASKBoDgAAAAAAAAAAAABAAkVzAAAAAAAAAAAAAAASKJoDAAAAAAAAAAAAAJBA0RwAAAAAAAAAAAAAgAQ5mQ4AAJub776bGu+881ZMnDghpk2bEkuWLInly5dH7dq1o169vGjZslXssMNO8atf/Tp22233yMrKynRkAAAAAAAAAAAANjOK5gBQTWbOnBH33ntHjBjx/nrPr1q1KpYtWxZz5syOsWPHxHPPPR1bb71NXHrpldGlyz7VnBYAAAAAAAAAAIDNWXamAwDA5uCLL8bHOeecXmbJvCzffTct/vCHvvH88/9bRckAAAAAAAAAAABgXYrmAFDFCgoK4pprroilS5dUeI377787xo4dU4mpAAAAAAAAAAAAoGyK5gBQxV566bmYP3/eOsfr1q0X119/fQwZMiQ+++yzGDFiRNxyy9+ideut17vOY4/9o6qjAgAAAAAAAAAAQERE5GQ6AAD80g0fPmS9x//whz/GqaeetPZx7dq146CDDonttmsbp512YqxatSph/GefjYslS5bEFltsUaV5AQAAAAAAAAAAwI7mAFDFZsyYsc6xGjVqxOGHd1vv+Natt45ddum4zvGSkpL44YfvKz0fAAAAAAAAAAAA/JyiOQBUsZKS1esca9iwYeTklP3GIo0bN1nv8Z/vcg4AAAAAAAAAAABVQdEcAKpYmzbbrXNs0aJFUVxcXOacRYsWrnOsRo0asfXWbSozGgAAAAAAAAAAAKyXojkAVLGuXXusc2z16tXx5puD1zt+7tw5MX78Z+sc32+//SMvL6/S8wEAAAAAAAAAAMDPKZoDQBX7zW+Oi+23b7/O8TvuuC0effTR+P7772PVqlWxZMmSeP/94XHJJX1i5cqVCWNzc+vGBRdcUl2RAQAAAAAAAAAA2MxllZaWlmY6BJu2uXOXZjoCwEZvwYL5cdVVl8XEiV+Ue27jxo3j5pv/Gh077lb5wQCATU5WVlY0aZL4Lifz5hWE/70HAFLxOgIAqAivIQCAivI6AqBy5efXr/Zr5lT7FQFgM9SoUeP4+9//Ff/976sxcOCA+PLLSVFSUpJ0zvbbt48DDzwkjjvud1G/fvW/SAAAAAAAAAAAAGDzlZ3pAACwuSgtLY2srOyoXbtOZGVlpRy/YsWKWLJkcSxZsrga0gEAAAAAAAAAAMD/saM5AFSD776bGtdcc0VMmzY17TnTp38X06d/F6+++p84//yL4sQTe1VdQAAAAAAAAAAAAPgJRXMAqGJz586JCy/sHQsXLkg4Xq9evejbt28cfvjhkZ+fH4sXL4633x4Wjz/+SEyf/t3acUVFRXHffXdGRCibAwAAAAAAAAAAUC2yMx0AAH7p7rzz9nVK5jVq1Ii77nowzj777GjdunXUqVMnmjVrFl279oh//vPJaN1663XW+fvf74sffphVXbEBAAAAAAAAAADYjCmaA0AVmjZtarz//vB1jh922BGxyy67rndO/fr144wzfr/O8eLi4ujf/+VKzwgAAAAAAAAAAAA/p2gOAFXoo48+XO/xjh07J53XocP6S+ijR3+0wZkAAAAAAAAAAAAgFUVzAKhC338/c73HmzZtmnReWed/+OGHDc4EAAAAAAAAAAAAqSiaA0AVKipaud7jq1atSjpv5cr1zysuLtrgTAAAAAAAAAAAAJCKojkAVKEGDRqu9/j8+fOSzps/f3651gMAAAAAAAAAAIDKpGgOAFWoTZtt13v8888/SzpvwoTPy7UeAAAAAAAAAAAAVCZFcwCoQnvttXdkZ6/7x+0777wZX3315XrnFBYWxrPPPrXec1267Fup+QAAAAAAAAAAAGB9cjIdgEQFBQXx2muvxUcffRQTJkyIRYsWRWFhYeTl5UXDhg1jl112ib333jt69OgReXl5mY4LQAqNGjWOww/vFm+8MSjh+KpVq+Lii8+Pvn0vjEMPPTTy8/OjsLAw3nvvw3j00Ydj2rSp66zVsGHD6N79yGpKDgAAAAAAAAAAwOYsq7S0tDTTIYhYvXp1/Otf/4q///3vsWzZspTj69WrF+eff378/ve/jxo1alRDwrLNnbs0o9cH2NjNmTM7zjnn9FiwYP4GrXP99TdF1649KikVALCpysrKiiZNEm88njevIPzvPQCQitcRAEBFeA0BAFSU1xEAlSs/v361XzO72q/IOoqLi+PCCy+MO+64I6FkXqtWrdhuu+2iQ4cO0aZNm4RC+bJly+LOO++MCy64IIqLizMRG4A0NW3aLPr1uzsaN25cofnZ2dnRp89FSuYAAAAAAAAAAABUG0XzjcBdd90VQ4YMWfu4ZcuWce+998aYMWNi8ODB8fLLL8cbb7wRo0ePjttuuy2hqDh06NC4++67MxEbgHLYcced44knnouuXbuX650o2rffIe699+9xyilnVGE6AAAAAAAAAAAASJRV6n0oMmr27NlxyCGHxKpVqyIionnz5vHyyy8n3fX2u+++i2OPPTaWLl0aERE1a9aMYcOGVXin3A01d+7SjFwXYFM1Z87sGDLk7fj8889i6tRvYtGiRVFQUBC1a9eOvLz6sdVWLWKXXTrGvvv+Kjp16pzpuADARsbbTAIAFeV1BABQEV5DAAAV5XUEQOXKz69f7dfMqfYrkuDtt99eWzKPiPj973+fsjC+9dZbx3HHHRdPPPFEREQUFxfHu+++GyeccEJVRgWgkjRt2ix+97tT4qSTTvU/VAAAAAAAAAAAAGyUsjMdYHM3ZcqUhMd77rlnWvP22GOPhMdTp06trEgAAAAAAAAAAAAAwGZO0TzDiouLEx7Xrl07rXm5ublJ1wEAAAAAAAAAAAAAqChF8wxr1apVwuOZM2emNW/u3LkJj7feeutKywQAAAAAAAAAAAAAbN4UzTPswAMPTHg8dOjQtOZ9/PHHaz/OyspaZx0AAAAAAAAAAAAAgIrKyXSAzV379u3jiCOOiDfffDMiIp5//vk49NBD41e/+lWZc0aMGBEDBgxY+/jII4+M1q1bV3nWsmRlZWXs2gCbsvX9+PzxmJ+rAEDZvIYAACrK6wgAoCK8hgAAKsrrCIBNX1ZpaWlppkNs7hYsWBAnn3xyTJkyJSIiatasGSeeeGIceeSR0a5du6hXr14sW7Ysvvnmmxg0aFA899xzUVxcHBER22+/fTz99NPRsGHDDP4OAAAAAAAAAAAAAIBfEkXzjcTixYvjpptuioEDB0Y6X5KcnJw45phj4pprron69etXQ0IAAAAAAAAAAAAAYHOhaL4RKSkpiZdffjnuvPPOWLBgQZnjWrZsGRdddFEcddRRkZOTU40JIdFe//g60xEAYB2jzmuX6QgAAAAAAAAAALDJUzTfSHz00Ufx5z//OaZMmbL2WE5OTrRo0SLq168fBQUFMWvWrCgqKlp7vmnTpvHHP/4xjjrqqExEBkVzADZKiuYAAAAAAAAAALDhbIe9ERg4cGBceeWVsXr16oiIyM/Pj4svvji6d+8e9evXXztu+fLlMXz48Lj//vtj8uTJMWfOnLjiiiti2rRp0bdv30zFj3nzCjJ2bQCAn/PaBPily8qKaNw4L+HY/PkF4TZyACAVryMAgIrwGgIAqCivIwAqV5MmeakHVTJF8wybMmVK/OlPf1pbMt96663j6aefjmbNmq0zNjc3N7p27RoHHHBA9OnTJz788MOIiHjggQdi9913j/32269as69hU3wAYGPitQnwy5e1zpHSUj//AIB0eB0BAFSE1xAAQEV5HQGwqcvOdIDN3QMPPBArVqxY+/i2225bb8n8p3Jzc6Nfv35Rs2bNiPjxD97777+/SnMCAAAAAAAAAAAAAJsPRfMMKioqinfffXft42233Tb23HPPtOY2bdo09tlnn7WPx44dG/Pnz6/0jAAAAAAAAAAAAADA5kfRPIO+++67KCwsXPt45513Ltf87bfffu3HpaWl8dVXX1VaNgAAAAAAAAAAAABg86VonkGLFy9OeJybm1uu+bVq1Up4vHTp0g3OBAAAAAAAAAAAAACgaJ5BeXl5CY8XLVpUrvk/H1+/fv0NTAQAAAAAAAAAAAAAoGieUS1atIjs7P/7EkycOLFc87/88suEx61ataqUXAAAAAAAAAAAAADA5k3RPIPq168fHTp0WPt45syZMXLkyLTmTp8+PcaNG7f2cevWraN169aVHREAAAAAAAAAAAAA2AwpmmfYSSedlPD4xhtvjAULFiSdU1RUFNddd12UlpauPdarV68qyQcAAAAAAAAAAAAAbH4UzTPsN7/5Tey6665rH0+ZMiWOP/74ePXVV2PZsmUJY4uLi+P999+Pk046KWHn82233TZOPvnkassMAAAAAAAAAAAAAPyyZZX+dFtsMmLu3LlxxhlnxDfffJNwPCcnJ1q2bBl5eXmxfPnymDVrVixfvjxhTPPmzePJJ5+MNm3aVGPiRHPnLs3YtcmsHi/PznQEAFjHoGObZToCQJXKysqKJk3yEo7Nm1cQ/vceAEjF6wgAoCK8hgAAKsrrCIDKlZ9fv9qvaUfzjUB+fn689NJLccopp0StWrXWHl+1alVMmzYtJkyYEN9++21CyTw7Ozt69uwZr776akZL5gAAAAAAAAAAAADAL09OpgPwo7p168YNN9wQffr0iYEDB8bo0aPjyy+/jMWLF8eyZcsiNzc3tthii2jXrl3svvvuceSRR0br1q0zHRsAAAAAAAAAAAAA+AVSNN/I5Ofnx5lnnhlnnnlmpqMAAAAAAAAAAAAAAJup7EwHAAAAAAAAAAAAAABg46JoDgAAAAAAAAAAAABAAkVzAAAAAAAAAAAAAAASKJoDAAAAAAAAAAAAAJBA0RwAAAAAAAAAAAAAgASK5gAAAAAAAAAAAAAAJFA0BwAAAAAAAAAAAAAggaI5AAAAAAAAAAAAAAAJFM0BAAAAAAAAAAAAAEigaA4AAAAAAAAAAAAAQAJFcwAAAAAAAAAAAAAAEiiaAwAAAAAAAAAAAACQQNEcAAAAAAAAAAAAAIAEiuYAAAAAAAAAAAAAACRQNAcAAAAAAAAAAAAAIIGiOQAAAAAAAAAAAAAACRTNAQAAAAAAAAAAAABIoGgOAAAAAAAAAAAAAEACRXMAAAAAAAAAAAAAABIomgMAAAAAAAAAAAAAkEDRHAAAAAAAAAAAAACABIrmAAAAAAAAAAAAAAAkUDQHAAAAAAAAAAAAACCBojkAAAAAAAAAAAAAAAkUzQEAAAAAAAAAAAAASKBoDgAAAAAAAAAAAABAAkVzAAAAAAAAAAAAAAASKJoDAAAAAAAAAAAAAJBA0RwAAAAAAAAAAAAAgASK5gAAAAAAAAAAAAAAJFA0BwAAAAAAAAAAAAAggaI5AAAAAAAAAAAAAAAJFM0BAAAAAAAAAAAAAEigaA4AAAAAAAAAAAAAQAJFcwAAAAAAAAAAAAAAEiiaAwAAAAAAAAAAAACQQNEcAAAAAAAAAAAAAIAEiuYAAAAAAAAAAAAAACRQNAcAAAAAAAAAAAAAIIGiOQAAAAAAAAAAAAAACRTNAQAAAAAAAAAAAABIoGgOAAAAAAAAAAAAAEACRXMAAAAAAAAAAAAAABIomgMAAAAAAAAAAAAAkEDRHAAAAAAAAAAAAACABIrmAAAAAAAAAAAAAAAkUDQHAAAAAAAAAAAAACCBojkAAAAAAAAAAAAAAAkUzQEAAAAAAAAAAAAASKBoDgAAAAAAAAAAAABAAkVzAAAAAAAAAAAAAAASKJoDAAAAAAAAAAAAAJBA0RwAAAAAAAAAAAAAgASK5gAAAAAAAAAAAAAAJFA0BwAAAAAAAAAAAAAggaI5AAAAAAAAAAAAAAAJFM0BAAAAAAAAAAAAAEigaA4AAAAAAAAAAAAAQAJFcwAAAAAAAAAAAAAAEiiaAwAAAAAAAAAAAACQQNEcAAAAAAAAAAAAAIAEiuYAAAAAAAAAAAAAACRQNAcAAAAAAAAAAAAAIIGiOQAAAAAAAAAAAAAACRTNAQAAAAAAAAAAAABIoGgOAAAAAAAAAAAAAEACRXMAAAAAAAAAAAAAABIomgMAAAAAAAAAAAAAkEDRHAAAAAAAAAAAAACABIrmAAAAAAAAAAAAAAAkUDQHAAAAAAAAAAAAACCBojkAAAAAAAAAAAAAAAkUzQEAAAAAAAAAAAAASKBoDgAAAAAAAAAAAABAAkVzAAAAAAAAAAAAAAASKJoDAAAAAAAAAAAAAJBA0RwAAAAAAAAAAAAAgASK5gAAAAAAAAAAAAAAJFA0BwAAAAAAAAAAAAAggaI5AAAAAAAAAAAAAAAJFM0BAAAAAAAAAAAAAEigaA4AAAAAAAAAAAAAQAJFcwAAAAAAAAAAAAAAEiiaAwAAAAAAAAAAAACQICfTAQAAAAAAAACAzPrkk9Fx8cXnV9p69933cOy++56Vth4AAADVz47mAAAAAAAAAAAAAAAkUDQHAAAAAAAAAAAAACCBojkAAAAAAAAAAAAAAAkUzQEAAAAAAACASlWjRo1MRwAAAGAD5WQ6AAAAAAAAAACQWbvvvme8//7odY5nZWVFkyZ5CcfmzSuI0tLSiIgYPPi/ccstNyacb9u2XXTosGuVZQUAAKB62NEcAAAAAAAAACi3efPmxr333plwLCsrK6644prIybHvHQAAwKZO0RwAAAAAAAAAKLd+/W6NgoKlCceOPPLo2HXXThlKBAAAQGVSNAcAAAAAAAAAymXw4P/GiBHvJRxr0KBB9OlzUYYSAQAAUNkUzQEAAAAAAACAtM2dOzfuvffOdY736XNxNGjQsPoDAQAAUCUUzQEAAAAAAACAtPXr9z9RULA04diuu3aKI488OkOJAAAAqAqK5gAAAAAAAABAWl5//fUYMeL9hGNZWVlxySWXR1ZWVoZSAQAAUBUUzQEAAAAAAACAlAoLC+P2229f5/hhh3WNHXfcOQOJAAAAqEqK5gAAAAAAAABASg8//HDMmjUr4VjNmjXjvPMuzFAiAAAAqpKiOQAAAAAAAACQ1Jw5c+LJJ59c53i3bj2jefOtMpAIAACAqqZoDgAAAAAAAAAk9fDDD8eKFSsSjtWoUSNOPfWMDCUCAACgqimaAwAAAAAAAABl+uGHH+KFF15Y5/hBBx0aLVu2ykAiAAAAqoOiOQAAAAAAAABQpmeffTaKi4vXOX7MMcdmIA0AAADVRdEcAAAAAAAAAFiv4uLiePHFF9c53rJlq+jceY8MJAIAAKC6KJoDAAAAAAAAAOs1bNiQmD9//jrHu3U7MrKysjKQCAAAgOqiaA4AAAAAAAAArNewYe+s9/ivfvXrak4CAABAdVM0BwAAAAAAAADWUVRUFCNHfrjO8caNm0T79jtmIBEAAADVSdEcAAAAAAAAAFjHuHGfRGHhsnWOd+myTwbSAAAAUN0UzQEAAAAAAACAdUycOGG9x9u336GakwAAAJAJOZkOsDk75JBDYubMmZWy1pdfflkp6wAAAAAAAABARMTkyev/d+i2bdtVcxIAAAAywY7mAAAAAAAAAMA6vv766/Ue33bbttWcBAAAgEywo3kG7bTTTtGkSZMKzZ05c2bMmzcvIiLq1KlTmbEAAAAAAAAAIBYsmL/e4w0aNKzeIAAAAGSEonkGPfjggxWat3Tp0ujevfvax3369KmsSAAAAAAAAAAQJSUlsXx54TrHc3Nzo0aNGlFaWpqBVAAAAFSn7EwHoPzuvPPOmDt3bkREtGvXLn7/+99nOBEAAAAAAAAAvyTLli1bb5k8Ly8vA2kAAADIBDuab2LGjRsXzz///NrHN954Y9SsWTODiQAAAAAAAAD4palfv368//7oyMrKiiZNEsvl8+YVZCgVAAAA1cmO5puQVatWxQ033BAlJSUREXHMMcfEXnvtleFUAAAAAAAAAAAAAMAvjaL5JuSJJ56IL7/8MiIi6tWrF1deeWWGEwEAAAAAAAAAAAAAv0SK5puImTNnxgMPPLD2cd++fSM/Pz+DiQAAAAAAAAAAAACAXypF803E3/72t1i+fHlERGyzzTZx2mmnZTgRAAAAAAAAAAAAAPBLlZPpAKQ2fvz4eP3119c+vvTSS6NmzZoZTJQoKysr0xEAANby2gT4pVvfj7kfj/n5BwAk53UEAFARXkMAABXldQTApk/RfBNw5513RmlpaUREdOjQIbp3757hRImaNMnLdAQAgLW8NgE2R40b+9kHAFSM1xEAQEV4DQEAVJTXEQCbluxMByC5UaNGxYgRI9Y+vvjii+3SCQAAAAAAAAAAAABUKTuab+QeeeSRtR+3a9cuDjzwwAymAQAAAAAAgE1PwWONMx0BABLk/X5+piMAAEBKdjTfiH311VcxfPjwtY/PPPNMu5kDAAAAAAAAAAAAAFXOjuYbsSeeeCJKS0sjIqJhw4ZxzDHHZDjR+s2bV5DpCAAAa3ltAvzSZWVFNG6cl3Bs/vyC+P//+wgAUCavI4DNWZ1MBwCAn/HvGcDmwN9FAFSuJk3yUg+qZIrmG6lly5bF4MGD1z7u3r171KpVK4OJylbqT34AYCPitQnwy7fuO12Vlvr5BwCkw+sIAADYWHgdDmwe/F0EwKYuO9MBWL833ngjCgsL1z4+6qijMpgGAAAAAAAAAAAAANicKJpvpF599dW1H7ds2TJ23333zIUBAAAAAAAAAAAAADYriuYbocWLF8fo0aPXPt5///0jK2vdtxEBAAAAAAAAAAAAAKgKiuYboQ8++CBWr1699vE+++yTwTQAAAAAAAAAAAAAwOZG0Xwj9N577639OCsrS9EcAAAAAAAAAAAAAKhWiuYboTFjxqz9uEWLFtGoUaMMpgEAAAAAAAAAAAAANjeK5huZwsLCmD59+trH2267bQbTAAAAAAAAAAAAAACbI0XzjczkyZOjpKRk7ePtttsug2kAAAAAAAAAAAAAgM2RovlG5ptvvkl4vPXWW2coCQAAAAAAAAAAAACwuVI038gsWrQo4XFeXl5mggAAAAAAAAAAAAAAmy1F843M0qVLEx7Xq1cvQ0kAAAAAAAAAAAAAgM2VovlG5udF87p162YoCQAAAAAAAAAAAACwucrJdAASXXfddXHddddlOgYAAAAAAAAAAAAAsBmzozkAAAAAAAAAAAAAAAkUzQEAAAAAAAAAAAAASKBoDgAAAAAAAAAAAABAAkVzAAAAAAAAAAAAAAASKJoDAAAAAAAAAAAAAJBA0RwAAAAAAAAAAAAAgASK5gAAAAAAAAAAAAAAJFA0BwAAAAAAAAAAAAAggaI5AAAAAAAAAAAAAAAJFM0BAAAAAAAAAAAAAEigaA4AAAAAAAAAAAAAQAJFcwAAAAAAAAAAAAAAEiiaAwAAAAAAAAAAAACQQNEcAAAAAAAAAAAAAIAEiuYAAAAAAAAAAAAAACRQNAcAAAAAAAAAAAAAIIGiOQAAAAAAAAAAAAAACRTNAQAA/h97dx6nVV33j/99ZoZlhh1GETcSRSkXzIXFLUtUNMHt65r7ndVtdqe5YJpLZZmaWy63epu5JGbmgguhaYqClBuiiSmuCIiA7MwgzMz5/eGPK48DinDBuWbm+Xw8rkfnfK7z+Vyvk4/HeLx4zQcAAAAAAAAAADIUzQEAAAAAAAAAAAAAyFA0BwAAAAAAAAAAAAAgQ9EcAAAAAAAAAAAAAIAMRXMAAAAAAAAAAAAAADIUzQEAAAAAAAAAAAAAyFA0BwAAAAAAAAAAAAAgQ9EcAAAAAAAAAAAAAIAMRXMAAAAAAAAAAAAAADIUzQEAAAAAAAAAAAAAyFA0BwAAAAAAAAAAAAAgQ9EcAAAAAAAAAAAAAIAMRXMAAAAAAAAAAAAAADIUzQEAAAAAAAAAAAAAyFA0BwAAAAAAAAAAAAAgQ9EcAAAAAAAAAAAAAIAMRXMAAAAAAAAAAAAAADIUzQEAAAAAAAAAAAAAyFA0BwAAAAAAAAAAAAAgQ9EcAAAAAAAAAAAAAIAMRXMAAAAAAAAAAAAAADIUzQEAAAAAAAAAAAAAyFA0BwAAAAAAAAAAAAAgQ9EcAAAAAAAAAAAAAIAMRXMAAAAAAAAAAAAAADIUzQEAAAAAAAAAAAAAyFA0BwAAAAAAAAAAAAAgQ9EcAAAAAAAAAAAAAIAMRXMAAAAAAAAAAAAAADIUzQEAAAAAAAAAAAAAyFA0BwAAAAAAAAAAAAAgQ9EcAAAAAAAAAAAAAIAMRXMAAAAAAAAAAAAAADIUzQEAAAAAAAAAAAAAyFA0BwAAAAAAAAAAAAAgQ9EcAAAAAAAAAAAAAIAMRXMAAAAAAAAAAAAAADIUzQEAAAAAAAAAAAAAyFA0BwAAAAAAAAAAAAAgQ9EcAAAAAAAAAAAAAIAMRXMAAAAAAAAAAAAAADIUzQEAAAAAAAAAAAAAyFA0BwAAAAAAAAAAAAAgQ9EcAAAAAAAAAAAAAIAMRXMAAAAAAAAAAAAAADIUzQEAAAAAAAAAAAAAyFA0BwAAAAAAAAAAAAAgQ9EcAAAAAAAAAAAAAIAMRXMAAAAAAAAAAAAAADIUzQEAAAAAAAAAAAAAyFA0BwAAAAAAAAAAAAAgQ9EcAAAAAAAAAAAAAIAMRXMAAAAAAAAAAAAAADIUzQEAAAAAAAAAAAAAyFA0BwAAAAAAAAAAAAAgQ9EcAAAAAAAAAAAAAIAMRXMAAAAAAAAAAAAAADIUzQEAAAAAAAAAAAAAyFA0BwAAAAAAAAAAAAAgQ9EcAAAAAAAAAAAAAIAMRXMAAAAAAAAAAAAAADIUzQEAAAAAAAAAAAAAyFA0BwAAAAAAAAAAAAAgQ9EcAAAAAAAAAAAAAIAMRXMAAAAAAAAAAAAAADIUzQEAAAAAAAAAAAAAyFA0BwAAAAAAAAAAAAAgoyLvAAAAAMDKqampiWeeeTqeeWZ0vPXWWzFz5syora2Ndu3axUYbbRxbb903Bg/+dvTqtVneUQEAAAAAAABo4hTNAQAAoAl48snH4/LLL4nZsz9q9N7cuXNj7ty58corL8edd/4xhg49MH7849OjdevWOSQFAAAAAAAAoDlQNAcAAIASd911V8Xw4bev1LVpmsaIEffGlClT4rLLfhcVFf7THwAAAAAAAIAvryzvAAAAAMCKDR9+20qXzD/thReejVtuuWkNJAIAAAAAAACgJVA0BwAAgBL13nvvxg03XLvK8//0pz/G7NkfFTERAAAAAAAAAC2FojkAAACUqGuvvSrq6+sbjffp0yduuOGGeO655+L555+Pyy67OjbdtHej6xYvXhx//etDayMqAAAAAAAAAM1MRd4BAAAAgMamTp0SzzzzdKPxr31ty7jzzuHRtm3bwtiAATvFlltuHUcccVDMmTM7IiIqKytj3XW7x9y5c9dWZAAAAAAAAACaEUVzAAAAKEF///tjjcbKysri7LMvyJTMl2nfvn1cddX/RkNDQ6y7bvfo2LHj2ogJAAAAAAAAQDOlaA4AAAAlaMyY0Y3Gtttuh9hkk14rnNOr16ZrMhIAAAAAAAAALUhZ3gEAAACArIaGhnjzzTcajffrNyCHNAAAAAAAAAC0RHY0BwAAgBIzbdrU+PjjjxuNL9vN/L333ot77703nnzyyfjggw9i4cKF0alT59hkk16x8867xn777R9VVe3WdmwAAAAAAAAAmhFFcwAAACgx77337nLHq6vXjdtv/0PcfPONsWTJksx7s2d/FLNnfxQvvPBc3HbbH+L008+K3XffYy2kBQAAAAAAAKA5Kss7AAAAAJA1f/685Y7fc89dcf311zQqmX/W3Llz4txzz4qHHhqxJuIBAAAAAAAA0AIomgMAAECJqalZtNzxL1McT9M0Lr/8knj77TeLFQsAAAAAAACAFkTRHAAAAEpMTU3t575/wAEHxIgRI+KVV16JMWPGxE9+Mizat2/f6LolSz6Om2/+vzUVEwAAAAAAAIBmTNEcAAAASkxDQ/0K3zvyyGPi4osvjj59+kTr1q1jnXXWiYMPPjR++9uro7y8vNH1Tz/9ZMyZM2fNhQUAAAAAAACgWVI0BwAAgBJTVdVuueOdO3eO7373+8t9b6utto5Bg/ZuNF5fXx8TJrxY1HwAAAAAAAAANH+K5gAAAFBiqqqqlju+/fY7Rps2bVc4b+edd1vu+FtvvVmUXAAAAAAAAAC0HIrmAAAAUGI6deq83PHq6nU/d97GG/dc7vj8+fNWNxIAAAAAAAAALYyiOQAAAJSYXr02Xe54fX3d585r23b5u53X1X3+PAAAAAAAAAD4LEVzAAAAKDE9eqwf7dq1azQ+ffoHnzuvpmbRcsc7duxUlFwAAAAAAAAAtByK5gAAAFBikiSJbbbZttH4v/71StTX169w3rvvvrPc8fXW61GsaAAAAAAAAAC0EIrmAAAAUIL23HNwo7G5c+fEmDGjVzjnqaeeWO748krrAAAAAAAAAPB5FM0BAACgBO266+7RoUPHRuPXXHNlzJ07t9H4hAnjY/ToxkXzr3xlk/jKVzZZExEBAAAAAAAAaMYq8g5AY//+97/jwQcfjHHjxsWMGTNizpw5UVlZGRtuuGH07ds39ttvv9hxxx3zjgkAAMAaVFlZGd/73klx2WW/yYxPmzY1jjjiiDjrrLNi++23j8WLF8d99z0Y119/TaRp2midww//TiRJsrZiAwAAAAAAANBMJOny/hSaXMyfPz9++ctfxgMPPPCF1+62227xm9/8Jrp167YWkn2+mTMX5B2BnOx774d5RwCARkYe1D3vCABF09DQEP/zPz+Il156cZXmb799v7jiimuirMxfaAYARCRJEtXV7TNjs2YtXO4vqwE0N5UPfCXvCACQUTv03bwjAKxxvosAKK511umw1j/TnzSXiBkzZsSBBx6YKZmXlZVFjx49YosttoiOHbN/XfpTTz0VRx11VMyZM2dtRwUAAGAtKSsri0suuSK22mqbLz23T5+vxQUX/ErJHAAAAAAAAIBV4k+bS8CiRYvie9/7XkyZMiUiPvlNrqOPPjoef/zxePLJJ+OBBx6I5557Lm699dbYaqutCvPefvvt+OUvf5lXbAAAANaCqqp2ceWV18XRRx8frVq1+sLrKyoq4uCDD41rrrkxunTpshYSAgAAAAAAANAcJam/hyJ3l19+edxwww2F80suuST233//5V67aNGiOO644+Lll18ujI0YMSL69OmzxnOuyMyZC3L7bPK1770f5h0BABoZeVD3vCMArDEffjg9nnzy7/H88+Pi/fffj48++ijSNI1OnTrHhhtuFDvs0D8GDdorevRYP++oAEAJ8tdVAy1Z5QNfyTsCAGTUDn037wgAa5zvIgCKa511Oqz1z6xY659Ixocffhi33npr4fzoo49eYck8IqJdu3YxbNiwOOqoo2KDDTaI3r17x6xZs9ZGVAAAAHLWvft6cfjh34mTT/5+ZtyXsgAAAAAAAAAUm6J5zu6+++5YvHhxRERUVlbGSSed9IVzdthhh3jppZeibdu2azoeAAAAAAAAAAAAANACleUdoKV75JFHCsd77bVXdO3adaXmKZkDAAAAAAAAAAAAAGuKonmOJk+eHG+88UbhfPfdd88vDAAAAAAAAAAAAADA/0/RPEf/+te/MufbbrttPkEAAAAAAAAAAAAAAD6lIu8ALdmkSZMKx5WVldGjR4+IiFi0aFGMGjUqRo4cGe+9917MmDEj2rRpE927d49+/frFfvvtF9ttt11esRtJkiTvCAAABZ5NgOZueT/mPhnz8w8A+HyeIwAAoHT48wygJfBdBEDTp2ieo7feeqtw3L1790iSJJ555pk488wzY+bMmZlrP/7445g/f35MmjQp7rjjjth9993joosuiq5du67t2I1UV7fPOwIAQIFnE6Al6tbNzz4AYNV4jgBaioV5BwCAz/DnGUBL5bsIgKalLO8ALdncuXMLx+3atYu//e1v8V//9V+Fknnnzp3jq1/9avTq1Svatm2bmfvkk0/GoYceGjNmzFibkQEAAAAAAAAAAACAFsCO5jlatGhR4Xj+/Plx9tlnR0NDQ3zjG9+Ik08+ObbZZpvC+4sXL45HH300Lrvsspg+fXpERLz//vtx6qmnxu233x5lZX5nAACApmP6kF3zjgAAGes9+HTeEQAAAAAAAKCkaCfn6NNF8/fffz/mz58fxx9/fNx4442ZknlERNu2bWPo0KHx5z//OTbaaKPC+PPPPx+jRo1aa5kBAAAAAAAAAAAAgObPjuY5amhoyJz36dMnzjjjjM+d07179/jVr34VxxxzTGHstttui3333XeNZFwZs2YtzO2zAQA+y7MJALAqPEMALUGSRHTr1j4z9tFHCyNNcwoEsBa1zTsAAHyG7yKAlsB3EQDFVV3d/osvKjJF8xxVVVVlzg877LAoLy//wnn9+/ePzTffPN54442IiHj55ZdjwYIF0aFDhzWS84uk/s0PAJQQzyYAwKrwDAG0DEmjkTT1MxAAAPLgORxoGXwXAdDUleUdoCVr165d5rxv374rPbd///6F4/r6+nj99deLlgsAAAAAAAAAAAAAaNkUzXPUrVu3zHmnTp1Weu5GG22UOZ89e3ZRMgEAAAAAAAAAAAAAKJrnaNNNN82c19TUrPTcqqqqzPmSJUuKkgkAAAAAAAAAAAAAQNE8R717986cT5s2baXnLly4MHPeuXPnYkQCAAAAAAAAAAAAAFA0z9MOO+wQSZIUzsePH7/Sc996663MeY8ePYqWCwAAAAAAAAAAAABo2RTNc7TuuuvGdtttVzh/8MEHo6Gh4QvnpWka48aNK5x36dIlNt100zWSEQAAAAAAAAAAAABoeRTNc3bggQcWjqdOnRp33XXXF8557LHHYsqUKYXzPfbYY41kAwAAAAAAAAAAAABaJkXznB144IHRq1evwvkll1wSEyZMWOH1U6dOjV/84heF8yRJ4thjj12jGQEAAAAAAAAAAACAlkXRPGcVFRVxwQUXRKtWrSIioqamJo455pj4wx/+EAsXLixc9/HHH8f9998fhx12WMyYMaMwfsIJJ8Tmm2++1nMDAAAAAAAAAAAAAM1XRd4BiOjfv3/8+te/jmHDhkVDQ0MsXrw4fvOb38QVV1wRG264YZSVlcWUKVOitrY2M2/PPfeMU089NafUAAAAAAAAAAAAAEBzpWheIoYOHRrrr79+/PSnP43JkydHxCe7mL/11luNrq2srIzvfve7cdJJJ0VZmU3pAQAAAAAAAAAAAIDiUjQvITvssEM89NBD8cQTT8TIkSNj0qRJMWPGjFi6dGl07do1evbsGbvttlsMGTIk1l133bzjAgAAAAAAAAAAAADNlKJ5iWnTpk0MHjw4Bg8enHcUAAAAAAAAAAAAAKCFKss7AAAAAAAAAAAAAAAApUXRHAAAAAAAAAAAAACADEVzAAAAAAAAAAAAAAAyFM0BAAAAAAAAAAAAAMhQNAcAAAAAAAAAAAAAIEPRHAAAAAAAAAAAAACADEVzAAAAAAAAAAAAAAAyFM0BAAAAAAAAAAAAAMhQNAcAAAAAAAAAAAAAIEPRHAAAAAAAAAAAAACADEVzAAAAAAAAAAAAAAAyFM0BAAAAAAAAAAAAAMhQNAcAAAAAAAAAAAAAIEPRHAAAAAAAAAAAAACADEVzAAAAAAAAAAAAAAAyFM0BAAAAAAAAAAAAAMhQNAcAAAAAAAAAAAAAIEPRHAAAAAAAAAAAAACADEVzAAAAAAAAAAAAAAAyFM0BAAAAAAAAAAAAAMhQNAcAAAAAAAAAAAAAIEPRHAAAAAAAAAAAAACADEVzAAAAAAAAAAAAAAAyFM0BAAAAAAAAAAAAAMhQNAcAAAAAAAAAAAAAIEPRHAAAAAAAAAAAAACADEVzAAAAAAAAAAAAAAAyFM0BAAAAAAAAAAAAAMhQNAcAAAAAAAAAAAAAIEPRHAAAAAAAAAAAAACADEVzAAAAAAAAAAAAAAAyFM0BAAAAAAAAAAAAAMhQNAcAAAAAAAAAAAAAIEPRHAAAAAAAAAAAAACADEVzAAAAAAAAAAAAAAAyFM0BAAAAAAAAAAAAAMhQNAcAAAAAAAAAAAAAIEPRHAAAAAAAAAAAAACADEVzAAAAAAAAAAAAAAAyFM0BAAAAAAAAAAAAAMhQNAcAAAAAAAAAAAAAIEPRHAAAAAAAAAAAAACADEVzAAAAAAAAAAAAAAAyFM0BAAAAAAAAAAAAAMhQNAcAAAAAAAAAAAAAIEPRHAAAAAAAAAAAAACADEVzAAAAAAAAAAAAAAAyFM0BAAAAAAAAAAAAAMhQNAcAAAAAAAAAAAAAIEPRHAAAAAAAAAAAAACADEVzAAAAAAAAAAAAAAAyFM0BAAAAAAAAAAAAAMhQNAcAAAAAAAAAAAAAIEPRHAAAAAAAAAAAAACADEVzAAAAAAAAAAAAAAAyFM0BAAAAAAAAAAAAAMhQNAcAAAAAAAAAAAAAIEPRHAAAAAAAAAAAAACADEVzAAAAAAAAAAAAAAAyFM0BAAAAAAAAAAAAAMhQNAcAAAAAAAAAAAAAIEPRHAAAAAAAAAAAAACADEVzAAAAAAAAAAAAAAAyFM0BAAAAAAAAAAAAAMhQNAcAAAAAAAAAAAAAIEPRHAAAAAAAAAAAAACADEVzAAAAAAAAAAAAAAAyFM0BAAAAAAAAAAAAAMhQNAcAAAAAAAAAAAAAIEPRHAAAAAAAAAAAAACADEVzAAAAAAAAAAAAAAAyFM0BAAAAAAAAAAAAAMhQNAcAAAAAAAAAAAAAIEPRHAAAAAAAAAAAAACADEVzAAAAAAAAAAAAAAAyFM0BAAAAAAAAAAAAAMhQNAcAAAAAAAAAAAAAIEPRHAAAAAAAAAAAAACADEVzAAAAAAAAAAAAAAAyFM0BAAAAAAAAAAAAAMhQNAcAAAAAAAAAAAAAIEPRHAAAAAAAAAAAAACADEVzAAAAAAAAAAAAAAAyFM0BAAAAAAAAAAAAAMioyDsAAAAAAABQPCNHPhi//vXPV3udX/7yN/HNbw4qQiIAAAAAAJoiO5oDAAAAAAAAAAAAAJChaA4AAAAAAAAAAAAAQIaiOQAAAAAAAAAAAAAAGRV5BwAAAAAAANa8u+66P7baqndmbNashZGm6XKvLy8vXxuxAAAAAAAoUYrmAAAAAADQApSXl0dFRfaPBSoqKlZYNAcAAAAAoGUryzsAAAAAAAAAAAAAAAClRdEcAAAAAAAAAAAAAIAMRXMAAAAAAAAAAAAAADIq8g4AAAAAAACsHXPnzo3hw4fH448/HpMnT47Fiz+OLl26RK9em8Yuu3wj9t5732jbtm3eMQEAAAAAKAGK5gAAAAAA0AI89dSTceutN8W8efMy4x9+OD0+/HB6jBs3Nv7wh/+LU045PXbffY+cUgIAAAAAUCpyKZrvsUfpfEGdJEk89thjeccAAAAAAIA16ne/u+wLr5k1a2ace+5Z8T//c1occsjhayEVAAAAAAClKpei+dSpUyNJkkjTNI+Pz0iSJO8IAAAAAABQMtI0jauvvjw226x3fP3r2+cdBwAAAACAnJTl+eFJkuT6AgAAAAAAGmtoaIjLLvtNSWwYAwAAAABAPnLZ0TwifDkNAAAAAABrUVVVuzjppP+OwYMHR/fu3WP+/Pnx8MOPxs033xjTp3/Q6Pp3330nnn32H9G//8Ac0gIAAAAAkLdciuYnn3xyHh8LAAAAAADNXseOHWOzzTbPjLVu3TrOOeeC2GGHrQtj1dXV8e1vD42BA3eJE088Zrll82eeeVrRHAAAAACghVI0BwAAAACAZmSXXb4Ru+zyjUbjSZIs9/ouXbrED35wclxwwTmN3nvllZeLng8AAAAAgKahLO8AAAAAAABAvnbeebcoLy9vND5z5owc0gAAAAAAUAoUzQEAAAAAoIWrrKyMzp27NBpfsGB+DmkAAAAAACgFiuYAAAAAAEDU1S1tNNa2bdsckgAAAAAAUAoq8g4AAAAAAAAUT03NopgzZ07MmTM75s6dE3PmzIk99xwclZWVK5wzf/68mD+/8e7ly9vlHAAAAACAlqFJFs0nT54cY8aMiUmTJsWbb74Zc+fOjUWLFkVNTU384x//WO6cRYsWRbt27dZyUgAAAAAAWHuuvPLS+Mtf7mo0XllZGXvuOXiF80aPfiLSNG00vvnmfYqaDwAAAACApqNJFc3vueeeuOOOO+K1117LjC/78jtJkhXOvemmm2LkyJFxxhlnxKBBg9ZoTgAAAAAAyMPXvrZ1RDQuml9//TXRv/9OUV3dvtF706d/EDfeeN1y19t++x2LHREAAAAAgCaiLO8AK+Odd96JQw45JH72s5/Fa6+9FmmaFl4Rn18wX2b06NHx3nvvxY9+9KM4//zzo6GhYU3HBgAAAACAtWqXXXaLysqqRuPTp38Qxx9/ZDzwwAMxe/bsqKuri+nTp8d9990dJ554bMyZM7vRnPbtO8SgQXutjdgAAAAAAJSgkt/RfNKkSXH88cfHRx99FGmaRpIkhWL5srL5FxXNP/zww5g4cWIkSRJpmsaf//znKC8vj/POO29t3MLn2mKLLVZrft++fePPf/5zkdIAAAAAANCUVVVVxUEHHRJ33HFro/emT/8gzjjjjJVe6/DDvxPt2jXeAR0AAAAAgJahpHc0X7hwYZxwwgkxa9asiIhCUTxN02jbtm307ds3+vfvX9jZfEXefffdqKyszKxx5513xlNPPbXG7wEAAAAAANam4477bmy8cc/VWmO77XaIo48+vkiJAAAAAABoikp6R/OrrroqZs6cmdnBvH///nHCCSfEwIEDo3Xr1jFu3Lj45z//+bnr9O/fP0aNGhWnn356PPfcc4Wy+aWXXhq77bbb2riVldK9e/dYb731vtSc3r17r6E0AAAAAAA0RZWVlXH55dfGj3/8g5g6dcqXnr/jjv3j5z+/KMrLy9dAOgAAAAAAmoqSLZp/+OGHMXz48EIpvKKiIs4///w45JBDVmm97t27x+9///s45phjYsKECRER8eabb8aLL74Y2223XTGjr7JDDjkkfvSjH+UdAwAAAACAJm699daLP/zhjrjmmitj5MgHo66u7gvndO7cOY488pg47LDvKJkDAAAAAFC6RfORI0dGfX19REQkSRI/+clPVrlkvkzr1q3joosuiiFDhhTWfvLJJ0umaA4AAAAAAMVSVdUuzjzznDjhhO/Fo4+OigkTxsd7770d8+bNi9ra2ujYsWN07Ng5ttiiT/TrNyB23XX3qKqqyjs2AAAAAAAlomSL5s8++2zheP31149jjz22KOtusskmsdNOO8VTTz0VSZLEK6+8UpR1AQAAAACgFFVXrxNHHnl0fOc7x0R1dfvMe7NmLYw0TXNKBgAAAABAKSvLO8CKvP322xHxyW7mgwYNKupf0zlgwICIiEjTNN57772irQsAAAAAAAAAAAAA0ByUbNF81qxZheMtt9yyqGtvvPHGheMFCxYUdW0AAAAAAAAAAAAAgKauZIvmixcvjiRJIiKic+fORV27TZs2hePa2tqirg0AAAAAAAAAAAAA0NSVbNG8Xbt2kaZpREQsWbKkqGvPmTOncNy+ffuirg0AAAAAAAAAAAAA0NRV5B1gRTp37hzz58+PiIh33nmnqGu//fbbERGRJEl06dKlqGuvrrq6unjsscfi8ccfj5dffjlmzZoVH3/8cXTu3Dk22GCDGDhwYAwZMiQ23XTTvKMWLNt5HgCgFHg2AQBWhWcIoCVY3o+6T8b8DAQAgLXNdxFAS+C7CICmr2SL5l/5yldi8uTJERExZsyYOPHEE4u29l//+tfC8YYbbli0dVfXSy+9FPvss0/hvj9t5syZMXPmzHjppZfihhtuiP333z9+9rOflcSO7NXV+WcAAFjGs0nTMD3vAADwGZ4hgJaqWzc//4CWYWHeAQDgM3wXAbRUvosAaFrK8g6wIjvssENERKRpGs8++2y88sorRVn3jjvuiPfee69wPnDgwKKsWwxjxowplMzLy8ujR48e8bWvfS3WX3/9zHUNDQ1x3333xRFHHBEfffRRHlEBAAAAAAAAAAAAgGasZHc0/+Y3vxmXX355JEkSaZrGmWeeGX/84x+jW7duq7zmk08+GZdeemlhzYiIXXfdtViRi2LjjTeO//7v/45BgwZFx44dC+PTp0+PO++8M/7whz/Exx9/HBERb7zxRpxyyilxyy23RHl5eV6RAQAAAGCt6PvCT/KOAACNTNj+8rwjAAAAAMAaUbI7mvfu3Tt23nnnSNM0kiSJd955Jw477LD45z//+aXXmj17dlx44YVx8sknx+LFiwtr7rrrrtG7d+81kH7lVVVVFV6HHnpoPPzww3HQQQdlSuYREeutt16ceuqpcdttt0VVVVVh/Nlnn40HH3xwbccGAAAAAAAAAAAAAJqxkt3RPCLi1FNPjWeffTbq6uoiSZKYMmVKHHfccdG3b98YNGhQ9OzZM6ZOnZqZM3Xq1Fi4cGHMmDEj3nzzzRg3blyMGzcu6urqCgXzNE2jvLw8fvKT/HdAGj9+/Je6ftttt41zzz03fvrTnxbGbrrppjjggAOKnGzlzZq1MLfPBgD4LM8mAMCq8AwBAKwqzxFNQ9u8AwDAZ3iGAFqCJIno1q19ZuyjjxZGmuYUCKCJq65u/8UXFVlJF8232mqrOOecc+KCCy6IJEkKJfEJEybEhAkTGl2fpmkMGjRoueMRUZifJEmcf/750adPnzV+D2vCAQccENdee21MmTIlIiImTZoUU6dOjQ022CCXPKl/8wMAJcSzCQCwKjxDAACrynMEALAqPEMALUPSaCRN/QwEaErK8g7wRQ4//PA477zzoqLik058knzyL580TQuvT/v0+LLXp0vqFRUVMWzYsDjkkEPW+r0US1lZWey+++6ZsVdeeSWfMAAAAAAAAAAAAABAs1PyRfOIiCOPPDJuv/322HLLLRuVx1fmtWxOnz594q677orjjjsu71tabT179sycf/TRRzklAQAAAAAAAAAAAACam4q8A6ysbbfdNv7yl7/E2LFjY/jw4fHMM89EbW3tF85bZ511YsCAAXHYYYfFDjvssBaSrh1t2rTJnNfV1eWUBAAAAAAAAAAAAABobppM0XyZnXfeOXbeeeeor6+PN998M959992YMWNG1NTURENDQ7Rv3z46dOgQXbp0iT59+kT37t3zjrxGzJ07N3PepUuXfIIAAAAAAAAAAAAAAM1OkyuaL1NeXh5bbLFFbLHFFnlHWS21tbUxbdq0aN++/ZcqxU+cODFzvvHGGxc7GgAAAAAAAAAAAADQQpVs0XzRokXRrl27vGOsMW+99VYceeSRhZ3JBw0aFNdee+1Kza2trY1x48YVzquqqmKrrbZaEzEBAAAAAAAAAAAAgBaoLO8AK7LLLrvE6aefHk899VSkaZp3nKLbZJNNory8vHA+evToeP/991dq7h133BHz5s0rnO+9995RUVGyvzMAAAAAAAAAAAAAADQxJVs0r62tjYcffji+//3vx6677hoXX3xx/Pvf/847VtGUlZXFEUccUThfunRpnHHGGVFTU/O588aNGxdXXXVV4by8vDxOPPHENZYTAAAAAAAAAAAAAGh5SrZovkyapjFr1qy45ZZb4sADD4whQ4bEzTffHDNmzMg72mr7r//6r/jKV75SOB8/fnwcfPDB8dhjj8WSJUsy106bNi0uueSSOPHEEzPvnXrqqbHpppuurcgAAAAAAAAAAAAAQAtQkXeAL5IkSUR8UjiPiJg0aVJceumlcdlll8WAAQNi//33j7322ivatm2bZ8xVUlVVFddff30cd9xxMX369IiIePvtt+OHP/xhtG3bNjbccMNo06ZNzJ49Oz744ING80844QS7mQMAAAAAAAAAAAAARVeyO5ofcMAB0b59+0jTNNI0jSRJCq80TaO+vj6eeeaZGDZsWOy0005x1llnxbhx4/KO/aVtsskmce+998Z+++1XKNVHRCxevDjefPPNePXVVxuVzDfeeOP43e9+F8OGDVvbcQEAAAAAAAAAAACAFqBkdzT/zW9+E0uXLo2nnnoqRo4cGU888UTU1NRERGQK2WmaRk1NTYwYMSJGjBgR6667bgwdOjSGDh0avXv3ziv+l9KtW7e47LLL4pRTTokRI0bE+PHj46233op58+bF0qVLo2PHjlFdXR3bbrtt7LrrrvHNb34zKipK9h8dAAAAAAAAAAAAANDElXRbuVWrVrHHHnvEHnvsEYsXL44nn3wyRo4cGaNHj46PP/44Iv5TOk/TNCIiPvzww7jpppvipptuiq9+9aux//77x3777RfdunXL7T5W1kYbbRQnn3xy3jEAAAAAAAAAAAAAgBaupIvmn9a2bdsYPHhwDB48OBYtWhSPP/54jBw5MsaOHRtLly6NiMal84kTJ8Zrr70Wl156aey0005xwAEHxKBBg6J169a53QcAAAAAAAAAAAAAQKlrMkXzT2vXrl0MHTo0hg4dGgsWLIhHH300Ro4cGf/85z+jrq4uIrKl87q6unj66afj6aefjnbt2sXgwYNj6NCh0a9fvzxvAwAAAAAAAAAAAACgJDXJovmndejQIQ4++OA4+OCDY/bs2fHoo4/Gww8/HC+88EI0NDRERLZ0vnDhwrjnnnvinnvuiR49esTQoUPjlFNOyfEOAAAAAAAAAAAAAABKS1neAYqpa9eucfjhh8ftt98eo0ePjnPOOSe22267iPikZB7xSek8TdNI0zSmTZsWN9xwQ56RAQAAAAAAAAAAAABKTpPf0XxF1llnnTj66KPj6KOPjlmzZsXf//73eOKJJ+If//hH1NbWFgrnAAAAAAAAAAAAAABkNdui+adVV1fHoYceGttss01svfXWccstt8SCBQvyjgUAAAAAAAAAAAAAUJKaddG8pqYmxo4dG08++WQ89dRTMWvWrLwjAQAAAAAAAAAAAACUvGZXNF+0aFH8/e9/j1GjRsWYMWNiyZIlERGRpmnhmiRJCuetW7fOJScAAAAAAAAAAAAAQKlqFkXzhQsXxuOPPx6jRo2KsWPHxtKlSyPiP+XyJEkiSZLMWL9+/WLIkCExePDgfEIDAAAAAAAAAAAAAJSoJls0X7BgQaFc/swzz6xUubxPnz4xZMiQ2G+//aJ79+75BAcAAAAAAAAAAAAAKHFNqmg+f/78eOyxx2LUqFExbty4qKuri4jPL5evv/76MWTIkBgyZEhsttlm+QQHAAAAAAAAAAAAAGhCSr5oPm/evPjb3/4WjzzySIwbNy7q6+sj4vPL5Z07d47BgwfHkCFDYvvtt88nOAAAAAAAAAAAAABAE1WyRfO77747Ro0aFf/85z8blcsjolG5vG3btvGtb30rhgwZErvuumtUVJTsrQEAAAAAAAAAAAAAlLSSbWOfe+65kSTJCsvlaZpGeXl5DBgwIIYMGRJ77rlntGvXLq+4AAAAAAAAAAAAAADNRskWzZdZVi6P+M/u5VtvvXUMGTIkvv3tb0e3bt3yigYAAAAAAAAAAAAA0CyVfNF8Wbm8Z8+eMWTIkBgyZEj07Nkz51QAAAAAAAAAAAAAAM1XSRfNu3XrFvvss08MGTIkttlmm7zjAAAAAAAAAAAAAAC0CCVbNL/ppptip512irKysryjAAAAAAAAAAAAAAC0KCVbNN9ll13yjgAAAAAAAAAAAAAA0CKVbNF8ZdXX18f8+fNj0aJFUVNTE5tvvnnekQAAAAAAAAAAAAAAmrQmVzSfN29ePProozF27NiYNGlSvPfee1FfXx8REUmSxMSJE5c775133olWrVrFhhtuuDbjAgAAAAAAAAAAAAA0OU2maD5z5sz47W9/Gw8//HChWJ6m6UrPv+222+Luu++OI488Mk477bRo06bNmooKAAAAAAAAAAAAANCkleUdYGU88sgjMXjw4HjggQeirq4u0jSNNE0jSZLC64uMHj066urq4vbbb48jjjgi5syZsxaSAwAAAAAAAAAAAAA0PSVfNH/ooYfitNNOi0WLFmXK5RFRKJx/kTfeeCOmTZsWSZJEmqbx2muvxQ9/+MNoaGhY0/EBAAAAAAAAAAAAAJqcki6aT548Oc4+++yoq6srFMzTNI3y8vLo379/nHjiiXHsscd+Ydm8oaEhvvrVrxaK6mmaxvjx4+OPf/zjWroTAAAAAAAAAAAAAICmo6SL5r/4xS9iyZIlhXJ4mzZt4kc/+lE888wzceutt8Zpp50Wu++++xeu06dPn7j33nvje9/7XqZsfv3110ddXd2avxEAAAAAAAAAAAAAgCakZIvmr732WowZM6ZQCu/SpUv86U9/ih/+8IfRsWPHL71ekiTxk5/8JA4++ODCDuhz5syJJ554otjRAQAAAAAAAAAAAACatJItmj/yyCMREYUdyC+++OLo06fPaq971llnRfv27SNJkoiIGDdu3GqvCQAAAAAAAAAAAADQnJRs0Xz8+PER8clO5FtvvXXstttuRVm3Q4cOscceexR2Nf/Xv/5VlHUBAAAAAAAAAAAAAJqLki2aT548uXBcrJL5Mttuu21EfLJb+vTp04u6NgAAAAAAAAAAAABAU1eyRfO5c+cWjnv16lXUtddbb73C8YIFC4q6NgAAAAAAAAAAAABAU1eyRfOlS5cWjjt06FDUtcvK/nPbdXV1RV0bAAAAAAAAAAAAAKCpK9mi+afL5QsXLizq2jNnziwcd+rUqahrAwAAAAAAAAAAAAA0dSVbNO/atWvh+PXXXy/q2q+88kpERCRJEl26dCnq2gAAAAAAAAAAAAAATV3JFs379OkTERFpmsajjz5atHVra2vjkUceiSRJIiKid+/eRVsbAAAAAAAAAAAAAKA5KNmi+Y477lg4fuedd2LEiBFFWffiiy+OuXPnRpqmERGx0047FWVdAAAAAAAAAAAAAIDmomSL5oMGDYrWrVtHkiSRpmn88pe/jOeff3611vztb38bf/rTnwq7mbdq1Sq+8Y1vFCMuAAAAAAAAAAAAAECzUbJF8+rq6th///0jTdNIkiQWLlwYJ5xwQlx99dWxaNGilV6nrq4uHnvssTjwwAPj97//fUREYc1DDjkk1llnnTV1CwAAAAAAAAAAAAAATVJF3gE+z49//OMYPXp0zJw5M5IkiSVLlsR1110X//d//xcDBgyIjTfeOBYuXJiZc++998aiRYtixowZMWnSpHjxxRdjwYIFkaZpRERhh/SuXbvGSSedlMdtAQAAAAAAAAAAAACUtJIumldXV8eVV14Zxx9/fCxZsqRQEl+yZEk8/fTTja5P0zTOOeecRmMRnxTMl51XVlbG9ddfH926dVvzNwEAAAAAAAAAAAAA0MSU5R3gi2y33XYxfPjw6NGjR6RpGkmSZErjy4rkyywbW/b67PXrr79+/P73v4+tt956rd8LAAAAAAAAAAAAAEBTUPJF84iILbfcMu6777444YQTorKyslGJ/PNey66tqqqKY445Jh544IHYbrvt8r4lAAAAAAAAAAAAAICSVZF3gJXVqVOnOPPMM+P73/9+jBgxIkaPHh3/+te/Yt68eSuc07Nnz9hqq61iwIAB8e1vfzuqqqrWYmIAAAAAAAAAAAAAgKapyRTNl+nUqVMcc8wxccwxx0RExJw5c2LGjBlRU1MTDQ0N0b59++jQoUN07txZsRwAAAAAAAAAAAAAYBU0uaL5Z3Xp0iW6dOmSdwwAAAAAAAAAAAAAgGajLO8AAAAAAAAAAAAAAACUFkVzAAAAAAAAAAAAAAAyWmTR/Lnnnot+/fpFv379on///nnHAQAAAAAAAAAAAAAoKRV5B8hDXV1dzJ8/PyIikiTJOQ0AAAAAAAAAAAAAQGlpkTuaAwAAAAAAAAAAAACwYormAAAAAAAAAAAAAABkKJoDAAAAAAAAAAAAAJChaA4AAAAAAAAAAAAAQIaiOQAAAAAAAAAAAAAAGYrmAAAAAAAAAAAAAABkKJoDAAAAAAAAAAAAAJChaA4AAAAAAAAAAAAAQIaiOQAAAAAAAAAAAAAAGYrmAAAAAAAAAAAAAABkKJoDAAAAAAAAAAAAAJChaA4AAAAAAAAAAAAAQIaiOQAAAAAAAAAAAAAAGYrmAAAAAAAAAAAAAABkKJoDAAAAAAAAAAAAAJBRkdcHX3/99Xl9dEyePDm3zwYAAAAAAAAAAAAAKHW5Fc2vvPLKSJIkr4+PJEkiTdPcPh8AAAAAAAAAAAAAoFTlVjRfJq+yd54ldwAAAAAAAAAAAACAUpZ70VzhGwAAAAAAAAAAAACgtORaNM9rN3MAAAAAAAAAAAAAAFYst6L5448/ntdHAwAAAAAAAAAAAADwOXIrmm+wwQZ5fTQAAAAAAAAAAAAAAJ+jLO8AAAAAAAAAAAAAAACUFkVzAAAAAAAAAAAAAAAyFM0BAAAAAAAAAAAAAMhQNAcAAAAAAAAAAAAAIEPRHAAAAAAAAAAAAACADEVzAAAAAAAAAAAAAAAyFM0BAAAAAAAAAAAAAMhQNAcAAAAAAAAAAAAAIEPRHAAAAAAAAAAAAACADEVzAAAAAAAAAAAAAAAyFM0BAAAAAAAAAAAAAMhQNAcAAAAAAAAAAAAAIEPRHAAAAAAAAAAAAACAjIq8AwAAAAAAAAAAAADN25lnnhkjRoxY7nt33/1A9Oix/lpOBMAXsaM5AAAAAAAAAAAAsMaMHTt2hSVzAEqXojkAAAAAAAAAAACwRtTW1sZ5552XdwwAVkFF3gFWZNq0aYXj6urqaN26ddHWHjNmTLz00ksREdG/f//Ycccdi7Y2AAAAAAAAAAAA8Inf/e53MWXKlLxjALAKSrZo/q1vfSuSJImIiJtvvjkGDhxYtLXfe++9uOaaayJJknjnnXcUzQEAAAAAAAAAAKDIXn311bj11lvzjgHAKirLO8DnSdN0jazbo0ePwvr//ve/18hnAAAAAAAAAAAAQEtVX18f5557btTX1xfG1luvR46JAPiySrpovmxH82JbunRp4fjDDz9cI58BAAAAAAAAAAAALdVdd90Rr776auG8oqIijj76+BwTAfBllXTRfE157rnnCse1tbU5JgEAAAAAAAAAAIDmZdq0qfH739+QGTviiCNi44175pQIgFVRkXeAadOmfeE1H3300Upd93nq6+tj9uzZMXr06Bg+fHgkSRJpmkbr1q1Xa10AAAAAAAAAAADgP37724ti8eLFhfN11lknTjnllHjmmedzTAXAl5V70fxb3/pWJEmy3PfSNI2IiDPOOKOon7ls3YiIjTbaqKhrAwAAAAAAAAAAQEs1atTD8eyz/8iMnXfeedG+ffucEgGwqnIvmi/z6fL3l3lvVSzbzTxJkthrr72KujYAAAAAAAAAAAC0RHPnzo1rrrkiM7bnnnvq6QE0UWV5B6iurm5UJP/sDudJkhT1tUyfPn3ihBNOWCv3CQAAAAAAAAAAAM3Z1VdfFnPnzi2cd+jQIc4999z8AgGwWnLf0XzMmDHxwQcfxIQJE+Lll1+Ol19+OV599dVYvHhxRHyym3mxdzTv1KlTHHTQQXHyySdHVVVVUdcGAAAAAAAAAACAlubZZ/8Rjzzy18zY6aefHt27d88pEQCrK/eieUREjx49okePHjF48OCIiKivr48tt9yysAP5mWeeGVtuueVqf06bNm2ia9eusdFGG632WgAAAAAAAAAAAEDE4sWL49JLL8qM9e379TjssMNySgRAMZRE0fyzysvLM+d9+vSJfv365ZQGAAAAAAAAAAAAWJGbbro+PvhgauG8devWMWzYOZEkSY6pAFhdJVk0XyZN07wjAAAAAAAAAAAAACvw73+/FnfffWdm7JhjToiePTfJKREAxVKyRfPbbrutcNynT58ckwAAAAAAAAAAAACfVVdXFxdf/Muor68vjPXqtWkcddRx+YUCoGhKtmjer1+/vCMAAAAAAAAAAAAAK3DXXXfEpElvFM7LysrizDN/FhUVJVtNBOBLKMs7wJf10ksvxahRo1b6+okTJ8YVV1wR48aNW4OpAAAAAAAAAAAAoOWYOnVK3HzzjZmx/fc/OPr0+WrU1dUt99XQ0LDctRoaGgrXfHp3dADy1WR+bWjUqFFxzTXXxFtvvRXbbLNNDB48eKXmzZgxI2644Ya48cYbY4MNNojTTjst9tlnnzWcFgAAAAAAAAAAAJqvCRPGx8cff5wZu+++u+O+++7+0msddtgBheP11usRf/nLg6sbD4AiKPkdzRsaGmLYsGFx6qmnxltvvRVpmsbcuXO/9DppmsaUKVPiJz/5SZx55pl+6wkAAAAAAAAAAAAAYAVKfkfz008/PUaOHBkREUmSRETEnDlzvvQ6y+amaRoPPvhg1NfXx2WXXVa8oAAAAAAAAAAAAAAAzURJ72h+7733xsiRIyNJkkJRPCJi4cKFkabpSq3RqVOn6NatW6RpGmmaRpIkkaZpjBw5Mu655541FR0AAAAAAAAAAAAAoMkq2R3N6+rq4oorrsjsRL7BBhvED37wgxg0aFCmeP55vv71r8fYsWPjxRdfjMsuuyxeeOGFQtn8d7/7XQwdOjRatWq1Jm8FAAAAAAAAAAAAmpV99x0S++47ZIXvJ0kS1dXtM2O33jo8fv3rnze69u67H4gePdYvekYAVk/J7mj+t7/9LWbOnFk4HzBgQDz44INxyCGHRJcuXb70etttt13cfvvtsddeexV2Q58xY0Y8+uijRcu8Jj333HPx1a9+NbbYYovCCwAAAAAAAAAAAABgTSjZovmYMWMi4pOdzDt27BhXXXVVVFVVrdaaZWVl8atf/So6depU2BF92eeUsoULF8ZZZ50VDQ0NeUcBAAAAAAAAAAAAAFqAki2aT5gwISI++eszhgwZEp06dSrKuh06dIghQ4YUdjV/+eWXi7LumnTRRRfFlClT8o4BAAAAAAAAAAAAALQQJVs0nzVrVuG4b9++RV172XppmsZHH31U1LWL7Yknnoi//OUveccAAAAAAAAAAAAAAFqQki2aL1y4sHDcuXPnoq796d3RP/05pWb27Nlx7rnnFs6//vWv55gGAAAAAAAAAAAAAGgpKvIOsCKtW7eOurq6iIhYsGBBUdeeM2dO4bhVq1ZFXbuYLrjggpg5c2ZEROyyyy6x7bbbxvjx43NOBQAAAAAAAAAAAF/et789NPbdd0jeMQBYSSW7o3n37t0Lx++//35R137jjTcKx9XV1UVdu1hGjBgRjzzySEREtGnTJs4555ycEwEAAAAAAAAAAAAALUXJFs0333zzwvGywnUxLFmyJEaMGBFJkkSSJLHZZpsVbe1imT59elx44YWF81NPPTV69eqVYyIAAAAAAAAAAAAAoCUp2aL5wIEDIyIiTdN47bXX4p577inKuueff37MmjUr0jSNiIgBAwYUZd1iSdM0zj777Jg/f35EROy4445x7LHH5pwKAAAAAAAAAAAAAGhJSrZovu+++0bbtm0jSZJI0zQuuOCCGD58+CqvN2fOnPif//mfuP/++yNJkoiIaNWqVey3337FilwUd9xxR4wdOzYiIqqqquKiiy6KsrKS/ccEAAAAAAAAAAAAADRDFXkHWJGOHTvGUUcdFTfddFMkSRJLly6NX/7ylzF8+PA49NBDY+DAgbHZZpsVSuPLs2DBgnjhhRfi73//ezz44IOxePHiwk7mSZLEd7/73ejWrdvauqUv9O6778Zvf/vbwvlZZ50VG220UY6JVs7n/TMAAFjbPJsAAKvCMwQAsKo8RwAAq8IzBNASLO9H3SdjfgYCNBUlWzSPiPjhD38Yo0ePjjfffLOws/mbb74ZF110UURElJeXx3rrrRedO3eOtm3bRkVFRXz88cdRU1MT06dPj/nz5xfW+nTBPE3T6NWrV/zgBz/I5b6Wp76+PoYNGxa1tbUREbHbbrvFYYcdlnOqlVNd3T7vCAAABZ5NmobpeQcAgM/wDNFEvJd3AABozHNE07Aw7wAA8BmeIYCWqls3P/8AmpKSLppXVlbG9ddfH8cff3xMnjy58Nucy0rjdXV1MWXKlJgyZUrmNz2Xvf9pn567ySabxM033xytW7deC3excm688cZ46aWXIiKiU6dOceGFF+YbCAAAAAAAAAAAAABosUq6aB4RscEGG8Rdd90VP/vZz+Lxxx+PiBX/9UFpmkaSJMt9f1n5fO+9947zzz8/unbtuuZCf0mvvfZaXHvttYXzc889N7p3755jIgAAAAAAAAAAaNluOvKveUcAgEa+O3yfvCPQgpR80TwiokuXLnHttdfGM888E3/4wx9i7Nix0dDQkLnm0wXzz+5o3qpVq9hll13i2GOPjQEDBqy13CtjyZIlceaZZ8bSpUsj4pMi/JAhQ3JOBQAAAAAAAAAAAAC0ZE2iaL7MTjvtFDvttFPMmzcvxo4dG6+++mq8++67MXPmzKipqYklS5ZE27Zto3379lFdXR29e/eOLbbYIgYMGBAdO3bMO/5yXXHFFfHGG29ERER1dXVccMEF+QZaBbNmLcw7AgBAgWcTAGBVeIYAAFaV54imoW3eAQDgMzxDAACrynNEy1Vd3X6tf2aTKpov06lTp9h3331j3333zTvKann++efjlltuKZz/4he/iK5du+YXaBV9dgd5AIA8eTYBAFaFZwgAYFV5jgAAVoVnCABgVXmOYG1qkkXz1ZWmaSxdujQiIioqKqKsrGytZ1i0aFEMGzYsGhoaIiLioIMOij322GOt5wAAAAAAAAAAAAAA+Ky137AuASNHjoy+fftG375947TTTsslw0UXXRRTpkyJiIhNNtkkzjnnnFxyAAAAAAAAAAAAAAB8Vovc0byysrLwVwe89tpruWS4++67C8fvv/9+DBw48Avn1NfXZ8633nrrzPkrr7xSnHAAAAAAAAAAAAAAQIvWIovmL7zwQuF41qxZOSb5RF1d3SrNW7JkSZGTAAAAAAAAAAAAAAA00aJ5XV1dzJkzJ5YuXbrSc2pra2PGjBnx+OOPx/DhwyNJkkjTNBYvXrwGkwIAAAAAAAAAAAAAND1Npmj+/PPPx1/+8pcYN25czJgxY7XWStM0kiSJiIiuXbsWI96X9vrrr3/pOVdffXVcc801q7UGAAAAAAAAAAAAAMAXKfmi+eLFi2PYsGHx6KOPRsQnJfHVtaxkniRJDBw4cLXXAwAAAAAAAAAAAABoTkq6aL506dI49thj4+WXXy4UzJeVxFdXmqbRpUuXOPnkk4uyHgAAAAAAAAAAAABAc1GWd4DPc/XVV8eECRMi4pOCeZIkkabpl3p92rKxtm3bxpAhQ+Luu++OjTbaKI9bAwAAAAAAAAAAAAAoWSW7o/mCBQvitttuK+xgnqZpVFZWxre+9a342te+Fh07dozy8vI4++yzC9eccMIJsdlmm0V9fX3Mnj07JkyYEOPGjYuamppIkiT69esX559/fvTq1atoO6MDAAAAAAAAAAAAADQ3JVs0f+ihh2Lx4sWFQviOO+4YV111VXTt2jVz3dlnn1043mWXXWLgwIGZ9xcuXBjDhw+P6667Lp577rk4+eST46KLLoptt912jd8DAAAAAAAAAAAAAEBTVJZ3gBV58cUXI+KTncw7duwYV199daOS+cpo3759fO9734t77703evToEe+8804cddRRMXLkyGJHBgAAAAAAAAAAAABoFkq2aP7aa69FRESSJLHPPvtE586dV2u9Xr16xS233BKdO3eOurq6GDZsWLz88stFSLr2/OhHP4rXX3+98AIAAAAAAAAAAAAAWBNKtmg+e/bswnHfvn2LsubGG28cZ5xxRkRELF26NM4777yirAsAAAAAAAAAAAAA0JyUbNF8wYIFheOuXbuu1JylS5d+4TUHH3xwrL/++hER8frrr8fTTz+9agEBAAAAAAAAAAAAAJqpki2al5X9J1qapiu8rry8vHA8d+7clVp77733LhyPGjXqy4cDAAAAAAAAAAAAAGjGSrZo3q5du8LxnDlzVnhdZWVl4XjevHkrtXbv3r0Lx//6179WIR0AAAAAAAAAAAAAQPNVskXzzp07F44/+OCDFV7XsWPHwo7n06ZNW6m1u3XrFhGf7JT+eWsDAAAAAAAAAAAAALREJVs0//Su40899dQKr9tggw0Kx88+++xKrV1bW1s4rqmpWYV0AAAAAAAAAAAAAADNV8kWzbfaaquI+GTX8QkTJsQDDzyw3Ot69epVuG7ixInx8ssvf+Hazz//fOG4srKyCGkBAAAAAAAAAAAAAJqPki2a77XXXhERkSRJpGkaP/3pT+PCCy+M8ePHZ64bOHBg5rqzzjor5s+fv8J133nnnbjnnnsiSZKIiKiurl5DdwAAAAAAAAAAAAAA0DSVbNG8Z8+esdNOO0WappEkSdTX18cdd9wR3/nOd6Kurq5w3c477xxVVVUR8UnZ/O23344DDjggHnjggaipqSlcV1tbG/fff38cddRRUVtbW1h32223Xdu3BgAAAAAAAAAAAABQ0iryDvB5zjzzzDj00ENj6dKlhR3LO3bsGBUV/4ndoUOHOPzww+Pmm28u7FI+bdq0GDZsWEREdOrUKVq3bh2zZ8+O+vr6QsE8TdOIiNh3333X/o0BAAAAAAAAAAAAAJSwkt3RPCKiT58+cfHFF0d5eXlEfLJjeXV1daPrTjrppOjZs2fhmmVF8jRNY+7cuTFjxoyoq6srlMyXXbfDDjvErrvuuvZuCAAAAAAAAAAAAACgCSjponlExD777BN/+tOf4utf/3qkabrconn79u3jf//3f6NHjx6FncqXFc4/+4qISNM0Ntlkk7jqqqvW6r0AAAAAAAAAAAAAADQFFXkHWBlbbbVVDB8+PN5+++2YOXPmcq/p1atXjBgxIn7961/Hww8/HEuWLFnudZWVlXHIIYfEKaecElVVVWsyNgAAAAAAAAAAAABAk9QkiubL9OrVK3r16rXC9zt06BAXXXRRnH322fHEE0/ElClTYubMmZEkSXTp0iW+9rWvRf/+/aN9+/ZrMTUAAAAAAAAAAAAAQNPSpIrmK6tDhw4xdOjQvGMAAAAAAAAAAAAAADRJZXkHAAAAAAAAAAAAAACgtCiaAwAAAAAAAAAAAACQUZF3gGJYvHhx1NTUxNKlS6Nt27ZRWVkZrVu3zjsWAAAAAAAAAAAAAECT1KSK5vX19TF+/Ph4+umn49VXX43JkyfHtGnTor6+vtG1bdu2jY022ih69uwZ2223Xeyyyy7Ru3fvHFIDAAAAAAAAAAAAADQtTaJovmTJkrjrrrvixhtvjFmzZhXG0zRd4Zza2tp44403YtKkSfHYY4/FJZdcEptvvnmcdNJJsffee6+N2AAAAAAAAAAAAAAATVLJF80//PDD+P73vx+vv/56o2J5kiRfOP/Tc15//fU45ZRTYtddd43LL7882rdvX/S8AAAAAAAAAAAAAABNXVneAT7PRx99FIccckihZJ4kSeaVpukXvpY35+mnn44jjjgiampq8r5FAAAAAAAAAAAAAICSU9I7mp977rkxY8aMQkk84j87lHfp0iX69OkT6623XnTu3DnatGkTrVq1iiVLlsTHH38cs2bNig8//DD+/e9/x4IFCyIiMmXzN998M37+85/HxRdfnNv9AQAAAAAAAAAAAACUopItmr/yyivx97//PVMwr6ysjMMPPzz+3//7f7Hpppuu1DppmsbEiRPjz3/+c9x3332xdOnSQtn8gQceiCOPPDL69u27Jm8FAAAAAAAAAAAAAKBJKcs7wIo89NBDmfPNNtss7r///hg2bNhKl8wjPtnFfMstt4yf//zncffdd8cGG2yQef/+++8vRlwAAAAAAAAAAAAAgGajZIvmzz//fGHn8bZt28Z1110XPXv2XK01t9hii7juuuuioqKisPaLL75YpMQAAAAAAAAAAAAAAM1DyRbNZ86cGRGf7Ei+9957x8Ybb1yUdTfffPPYc889I03TiIiYOnVqUdYFAAAAAAAAAAAAAGguSrZoPnv27MJxv379irr2wIEDC8e1tbVFXRsAAAAAAAAAAAAAoKkr2aJ5q1atCruOd+vWrahrr7vuuoXjNm3aFHVtAAAAAAAAAAAAAICmrmSL5p8ul3/88cdFXXvZekmSRI8ePYq6NgAAAAAAAAAAAABAU1eyRfPevXsXjidPnlzUtadOnVo43mqrrYq6NgAAAAAAAAAAAABAU1eyRfPddtutcDx27Niirj1mzJjC8R577FHUtQEAAAAAAAAAAAAAmrqSLZrvv//+0aVLl4iI+Mc//hEvvPBCUdYdP358jB07NpIkiY022igGDRpUlHUBAAAAAAAAAAAAAJqLki2aV1VVxS9+8YtIkiQiIk4++eSYOHHiaq35zjvvxI9//OOIiCgvL48LL7wwyspK9v8CAAAAAAAAAAAAAIBclHTLes8994yLLrooWrduHXPmzIlDDz00fvWrX8Vbb731pdaZNWtWXHPNNXHQQQfFjBkzoqqqKq688sro16/fGkoOAAAAAAAAAAAAANB0VeQdYEXmz58f8+bNi2222SYuu+yyuPTSS+O9996LP/7xj/HHP/4xevfuHV//+tfjK1/5SlRXV0f79u2joqIilixZErW1tTF37tx4++23Y+LEifHKK69EQ0NDpGkaPXv2jP/+7/+OTp06xXPPPfelMu24445r6G4BAAAAAAAAAAAAAEpHyRbN+/XrF0mSZMaSJIk0TSMi4o033ohJkyat1FrL5iRJEpMnT46f/vSnXzpPkiQxceLELz0PAAAAAAAAAAAAAKCpKdmiecR/CuLLJElSKJ+nadro/RX5dGF9ZecAAAAAAAAAAAAAALRUJV00/+yO5iv73qquuSLK6QAAAAAAAAAAAABAS1LSRXMFbwAAAAAAAAAAAACAta9ki+a33nrrKu9aDgAAAAAAAAAAAADAqivZonn//v3zjgAAAAAAAAAAAAAA0CKV5R0AAAAAAAAAAAAAAIDSomgOAAAAAAAAAAAAAECGojkAAAAAAAAAAAAAABmK5gAAAAAAAAAAAAAAZFTkHeDLqq2tjQ8++CBqampi8eLFkabpaq+54447FiEZAAAAAAAAAAAAAEDz0CSK5i+//HLcc889MWbMmPjggw+KUi5fJkmSmDhxYtHWAwAAAAAAAAAAAABo6kq6aF5fXx/nn39+3HPPPRERRS2YAwAAAAAAAAAAAACwfCVdND/77LNjxIgRhfMkSYq6vuI6AAAAAAAAAAAAAEBjJVs0Hz9+fIwYMSJTLlcMBwAAAAAAAAAAAABY80q2aH7fffdlztM0ja222ir22muv2GKLLaJ79+5RWVkZFRUlewsAAAAAAAAAAAAAAE1Syba0X3zxxUiSJNI0jSRJ4txzz43vfOc7eccCAAAAAAAAAAAAAGj2yvIOsCIzZ86MiIgkSeIb3/iGkjkAAAAAAAAAAAAAwFpSskXzRYsWFY6/+c1v5pgEAAAAAAAAAAAAAKBlKdmiebt27SJN04iIWG+99XJOAwAAAAAAAAAAAADQcpRs0XyTTTYpHC9ZsiTHJAAAAAAAAAAAAAAALUvJFs379+9fOH7rrbdyTAIAAAAAAAAAAAAA0LKUbNH84IMPjvLy8oiIePDBB6OhoSHnRAAAAAAAAAAAAAAALUPJFs033njj+M53vhNpmsbbb78d1113Xd6RAAAAAAAAAAAAAABahJItmkdEnHHGGbHrrrtGmqZx7bXXxoUXXhiLFi3KOxYAAAAAAAAAAAAAQLNW0kXzVq1axf/+7//GySefHBUVFXHHHXfEHnvsEb/4xS/isccei/fff1/xHAAAAAAAAAAAAACgyCryDvBFKioq4rjjjosFCxbErbfeGnPnzo0777wz7rzzzqKsnyRJTJw4sShrAQAAAAAAAAAAAAA0ByVfNL/rrrvi8ssvj/nz50eSJBERkaZpzqkAAAAAAAAAAAAAAJqvki6a33jjjXHFFVcUiuXLiubL/nd1KawDAAAAAAAAAAAAADRWskXzd999N373u99FRLZYrhwOAAAAAAAAAAAAALBmlWzR/M9//nPU1dUVSuZpmkbbtm1jhx12iM033zzWW2+9qKysjIqKkr0FAAAAAAAAAAAAAIAmqWRb2s8++2xEfFIwT5IkBg8eHOedd1507do152QAAAAAAAAAAAAAAM1byRbN33///UiSJNI0jS222CKuvPLKvCMBAAAAAAAAAAAAALQIZXkHWJFFixZFRESSJDF06NCc0wAAAAAAAAAAAAAAtBwlWzRv3bp1pGkaERE9e/bMOQ0AAAAAAAAAAAAAQMtRskXzHj16FI7Ly8tzTAIAAAAAAAAAAAAA0LKUbNF8u+22Kxy///77OSYBAAAAAAAAAAAAAGhZSrZofsABBxSO//rXv+YXBAAAAAAAAAAAAACghSnZovn2228fgwYNijRNY/z48fHQQw/lHQng/2PvvqPsruv8j7/ulJBACoQQygChSAlt6VVQ2oIIyILLUiWggIhlV0EXQVDUzQIuLkpxV9dgocpCpAoIwk8RxBCS0LuBJKTXSc/M/f3Bmbv5BIgQQ+4k83ics8f53rnfmffVs2feufd5vxcAAAAAAAAAAACgS+i0oXmSDB48ONtss02q1WrOO++8DB06tN4jAQAAAAAAAAAAAACs8jp1aN6rV6/88pe/zIknnpi2tracd955OfHEE3PnnXdm+vTp9R4PAAAAAAAAAAAAAGCV1FTvAd7Nj370o9rX66yzTvbbb7889NBDGT58eIYPH54kWXfdddO3b9+sscYaqVQqy/R7KpVKfvazny2XmQEAAAAAAAAAAAAAVgWdNjT/z//8z7fF45VKJdVqtXY8fvz4jB8/fpkj82q1usznAgAAAAAAAAAAAACsqjptaN5h8bC8UqkIwwEAAAAAAAAAAAAAPmCdPjRf3OLROQAAAAAAAAAAAAAAH4xOG5rvuuuurl4OAAAAAAAAAAAAAFAHnTY0/+Uvf1nvEQAAAAAAAAAAAAAAuqSGeg8AAAAAAAAAAAAAAEDnIjQHAAAAAAAAAAAAAKAgNAcAAAAAAAAAAAAAoCA0BwAAAAAAAAAAAACgIDQHAAAAAAAAAAAAAKAgNAcAAAAAAAAAAAAAoNBUr188fPjwev3qt9l5553rPQIAAAAAAAAAAAAAQKdRt9D8hBNOSKVSqdevr6lUKnn22WfrPQYAAAAAAAAAAAAAQKdRt9C8Q7VarfcIAAAAAAAAAAAAAAAspu6heT2vai5yBwAAAAAAAAAAAAB4u7qG5kJvAAAAAAAAAAAAAIDOp26h+eDBg+v1qwEAAAAAAAAAAAAAWIq6heb/8A//UK9fDQAAAAAAAAAAAADAUjTUewAAAAAAAAAAAAAAADoXoTkAAAAAAAAAAAAAAAWhOQAAAAAAAAAAAAAABaE5AAAAAAAAAAAAAAAFoTkAAAAAAAAAAAAAAAWhOQAAAAAAAAAAAAAABaE5AAAAAAAAAAAAAAAFoTkAAAAAAAAAAAAAAAWhOQAAAAAAAAAAAAAABaE5AAAAAAAAAAAAAAAFoTkAAAAAAAAAAAAAAAWhOQAAAAAAAAAAAAAAhaZ6D8D/mTVrVu6999784Q9/yHPPPZfJkydn3rx5WWONNbLmmmtm4MCB2W233XLEEUekT58+9R4XAAAAAAAAAAAAAFhFCc07gfb29vz0pz/NNddck9bW1rd9f8aMGZkxY0ZGjx6d3/zmN/ne976Xz3zmM/nsZz+bpib/EwIAAAAAAAAAAAAAy5dKuc4WLFiQf/7nf84DDzxQ3N7c3JyNNtooPXr0yMyZMzNmzJhUq9Ukydy5c/PDH/4wo0aNytVXXy02BwAAAAAAAAAAAACWK4VynQ0ePLiIzNddd918+ctfzqGHHpru3bvXbp8xY0Z+9atf5Yc//GHmzZuXJHn44Ydz1VVX5Utf+tIKnxsAAAAAAAAAAAAAWHU11HuAruyFF17I9ddfXzseMGBAbr311hx11FFFZJ4kffr0yWc+85n8+Mc/TmNjY+32IUOGZPbs2StsZgAAAAAAAAAAAABg1Sc0r6MbbrihOP7Wt76Vfv36LfWc3XffPR//+Mdrx3Pnzs2f/vSnD2Q+AAAAAAAAAAAAAKBrEprX0RNPPFH7un///tlrr73e03n77bdfcfz6668v17kAAAAAAAAAAAAAgK6tqd4DdGXXX399pk2blunTp7+v89Zaa63ieMGCBctxKgAAAAAAAAAAAACgqxOa11GvXr3Sq1evbLzxxu/rvIkTJxbH66+//vIcCwAAAAAAAAAAAADo4hrqPQDv31133VX7urm5OXvuuWcdpwEAAAAAAAAAAAAAVjWuaL6SGTJkSP7whz/Ujo877riss846dZwoqVQqdf39AACLs5sAAMvCDgEALCt7BACwLOwQAMCyskewIgnNVwKLFi3KiBEjcu211+b++++v3b7ffvvl3HPPreNkb+nXr2e9RwAAqLGbrBzG13sAAFiCHWIlMbreAwDA29kjVg6t9R4AAJZghwAAlpU9ghVJaN4JXXvttbn77rvT1taWqVOnZtKkSVm4cGHt++uuu25OP/30nHjiiWloaKjjpAAAAAAAAAAAAADAqkho3gmNHTs2I0eOfNvta6+9dk488cSccsop6dnTO1IAAAAAAAAAAAAAgA+Gy2GvRKZMmZIf/OAH2W+//XLhhRdm0qRJ9R4JAAAAAAAAAAAAAFgFuaJ5J3T++efn/PPPT3t7e6ZOnZrJkyfn6aefzh133JHHHnsss2fPzk033ZR77rknV199dXbbbbe6zjt5cmtdfz8AwOLsJgDAsrBDAADLyh6xcuhe7wEAYAl2CABgWdkjuq5+/Xqu8N8pNO/EGhoa0q9fv/Tr1y9bb711PvnJT+a3v/1tzj333MyZMyczZ87MmWeemdtuuy0DBgyo25zVarVuvxsAYEl2EwBgWdghAIBlZY8AAJaFHQIAWFb2CFakhnoPwPtz0EEHZfDgwbXj2bNn53vf+14dJwIAAAAAAAAAAAAAVjVC85XQoYcemq222qp2/MADD2TWrFl1nAgAAAAAAAAAAAAAWJUIzVdSO+64Y+3rtra2PPPMM/UbBgAAAAAAAAAAAABYpQjN66harWbq1Kl58cUXM2XKlPd17pprrlkcz5w5czlOBgAAAAAAAAAAAAB0ZULzOrn33nuz3XbbZa+99soRRxyRG2644X2dP2PGjOK4d+/ey3M8AAAAAAAAAAAAAKALE5rXyRZbbJFFixbVjh9++OH3df7TTz9dHLe0tCyXuQAAAAAAAAAAAAAAhOZ1stlmm2XzzTevHY8aNSqPP/74ezr3+eefzzPPPFM73mijjbLRRhst9xkBAAAAAAAAAAAAgK5JaF5HgwYNKo7/9V//NePHj1/qOTNnzsy5556barVau+0f//EfP4jxAAAAAAAAAAAAAIAuSmheR8ccc0x23nnn2vHYsWNz9NFH56abbkpra2tx33nz5uWOO+7IUUcdlRdffLF2+4ABA3LKKaessJkBAAAAAAAAAAAAgFVfU70H6MoaGxtz9dVX57TTTsuzzz6bJJkyZUouvPDCfOtb38qGG26Ynj17Zs6cORkzZkwWLlxYnN+/f//85Cc/Sffu3esxPgAAAAAAAAAAAACwinJF8zpba621ctNNN+W0005Ljx49are3tbVl9OjReeaZZ/Laa68VkXlDQ0MOP/zw3H777dl4443rMTYAAAAAAAAAAAAAsApzRfNOoFu3bvna176W008/PXfffXcef/zxvPDCC5k+fXpaW1vTvXv39OnTJ1tssUV23nnnHH744Wlpaan32AAAAAAAAAAAAADAKkpo3on07ds3J510Uk466aR6jwIAAAAAAAAAAAAAdGEN9R4AAAAAAAAAAAAAAIDORWgOAAAAAAAAAAAAAEBBaA4AAAAAAAAAAAAAQEFoDgAAAAAAAAAAAABAQWgOAAAAAAAAAAAAAEBBaA4AAAAAAAAAAAAAQEFoDgAAAAAAAAAAAABAQWgOAAAAAAAAAAAAAEBBaA4AAAAAAAAAAAAAQEFoDgAAAAAAAAAAAABAQWgOAAAAAAAAAAAAAEBBaA4AAAAAAAAAAAAAQEFoDgAAAAAAAAAAAABAQWgOAAAAAAAAAAAAAEBBaA4AAAAAAAAAAAAAQEFoDgAAAAAAAAAAAABAQWgOAAAAAAAAAAAAAEBBaA4AAAAAAAAAAAAAQEFoDgAAAAAAAAAAAABAQWgOAAAAAAAAAAAAAEBBaA4AAAAAAAAAAAAAQEFoDgAAAAAAAAAAAABAQWgOAAAAAAAAAAAAAEBBaA4AAAAAAAAAAAAAQEFoDgAAAAAAAAAAAABAQWgOAAAAAAAAAAAAAEBBaA4AAAAAAAAAAAAAQEFoDgAAAAAAAAAAAABAQWgOAAAAAAAAAAAAAEBBaA4AAAAAAAAAAAAAQEFoDgAAAAAAAAAAAABAQWgOAAAAAAAAAAAAAEBBaA4AAAAAAAAAAAAAQEFoDgAAAAAAAAAAAABAQWgOAAAAAAAAAAAAAEBBaA4AAAAAAAAAAAAAQEFoDgAAAAAAAAAAAABAQWgOAAAAAAAAAAAAAEBBaA4AAAAAAAAAAAAAQEFoDgAAAAAAAAAAAABAQWgOAAAAAAAAAAAAAEBBaA4AAAAAAAAAAAAAQEFoDgAAAAAAAAAAAABAQWgOAAAAAAAAAAAAAEBBaA4AAAAAAAAAAAAAQEFoDgAAAAAAAAAAAABAQWgOAAAAAAAAAAAAAEBBaA4AAAAAAAAAAAAAQEFoDgAAAAAAAAAAAABAQWgOAAAAAAAAAAAAAEBBaA4AAAAAAAAAAAAAQEFoDgAAAAAAAAAAAABAQWgOAAAAAAAAAAAAAEBBaA4AAAAAAAAAAAAAQEFoDgAAAAAAAAAAAABAQWgOAAAAAAAAAAAAAEBBaA4AAAAAAAAAAAAAQEFoDgAAAAAAAAAAAABAQWgOAAAAAAAAAAAAAEBBaA4AAAAAAAAAAAAAQEFoDgAAAAAAAAAAAABAQWgOAAAAAAAAAAAAAEBBaA4AAAAAAAAAAAAAQEFoDgAAAAAAAAAAAABAQWgOAAAAAAAAAAAAAEBBaA4AAAAAAAAAAAAAQEFoDgAAAAAAAAAAAABAQWgOAAAAAAAAAAAAAEBBaA4AAAAAAAAAAAAAQEFoDgAAAAAAAAAAAABAQWgOAAAAAAAAAAAAAEBBaA4AAAAAAAAAAAAAQEFoDgAAAAAAAAAAAABAQWgOAAAAAAAAAAAAAEBBaA4AAAAAAAAAAAAAQEFoDgAAAAAAAAAAAABAQWgOAAAAAAAAAAAAAEBBaA4AAAAAAAAAAAAAQEFoDgAAAAAAAAAAAABAQWgOAAAAAAAAAAAAAEBBaA4AAAAAAAAAAAAAQEFoDgAAAAAAAAAAAABAQWgOAAAAAAAAAAAAAEBBaA4AAAAAAAAAAAAAQEFoDgAAAAAAAAAAAABAQWgOAAAAAAAAAAAAAEBBaA4AAAAAAAAAAAAAQEFoDgAAAAAAAAAAAABAQWgOAAAAAAAAAAAAAEBBaA4AAAAAAAAAAAAAQEFoDgAAAAAAAAAAAABAQWgOAAAAAAAAAAAAAEBBaA4AAAAAAAAAAAAAQEFoDgAAAAAAAAAAAABAQWgOAAAAAAAAAAAAAEBBaA4AAAAAAAAAAAAAQEFoDgAAAAAAAAAAAABAQWgOAAAAAAAAAAAAAEBBaA4AAAAAAAAAAAAAQEFoDgAAAAAAAAAAAABAQWgOAAAAAAAAAAAAAEBBaA4AAAAAAAAAAAAAQEFoDgAAAAAAAAAAAABAQWgOAAAAAAAAAAAAAEBBaA4AAAAAAAAAAAAAQEFoDgAAAAAAAAAAAABAQWgOAAAAAAAAAAAAAEBBaA4AAAAAAAAAAAAAQKGp3gNQeuyxx/Lb3/42w4YNy4QJEzJr1qysttpq6dOnT7beeuvsvvvuOeqoo7LmmmvWe1QAAAAAAAAAAAAAYBUlNO8knn322VxwwQV55pln3va9hQsXprW1NWPHjs0DDzyQyy+/PGeffXZOP/30NDS4KD0AAAAAAAAAAAAAsHyplDuB3/zmNzn22GPfFpn3798/2267bTbZZJM0NjbWbp8/f34uv/zynHPOOalWqyt6XAAAAAAAAAAAAABgFeeK5nU2atSonHPOOVm4cGHttqOPPjpnnHFGNt1009ptra2tueWWW3LFFVdkzpw5SZK77rorO+ywQwYNGrSixwYAAAAAAAAAAAAAVmGuaF5nF154YRGZX3DBBRk8eHARmSdJz549M2jQoAwZMiTNzc2126+++urMmzdvhc0LAAAAAAAAAAAAAKz6hOZ19Pjjj+e5556rHe+33345+eSTl3rOjjvumKOPPrp2PGPGjDz22GMf2IwAAAAAAAAAAAAAQNcjNK+jhx9+uDg+/vjj39N5Bx98cHH81FNPLbeZAAAAAAAAAAAAAACa6j1AV7bnnnumR48emTRpUiZPnpyddtrpPZ3X0tJSHE+ZMuWDGA8AAAAAAAAAAAAA6KKE5nW07777Zt99933f57W2thbHTU3+ZwQAAAAAAAAAAAAAlp+Geg/A+/faa68VxxtuuGGdJgEAAAAAAAAAAAAAVkUuhb0Suv3224vjZbkq+vJUqVTq+vsBABZnNwEAloUdAgBYVvYIAGBZ2CEAgGVlj2BFEpqvZB599NE88sgjteO99947m2++eR0nSvr161nX3w8AsDi7ycphfL0HAIAl2CFWEqPrPQAAvJ09YuXQWu8BAGAJdggAYFnZI1iRGuo9AO/d1KlTc/7556darSZJmpqa8tWvfrXOUwEAAAAAAAAAAAAAqxqh+UqitbU1Z5xxRsaOHVu77Qtf+EIGDhxYx6kAAAAAAAAAAAAAgFWR0HwlMHXq1Jxyyil56qmnarcdfvjhOfPMM+s4FQAAAAAAAAAAAACwqmqq9wAs3SuvvJLPfvazef3112u3HXzwwbnkkktSqVTqONn/mTy5td4jAADU2E0AgGVhhwAAlpU9YuXQvd4DAMAS7BAAwLKyR3Rd/fr1XOG/U2jeiT3yyCP50pe+lFmzZtVu++QnP5mLL744jY2NdZysVK1W6z0CAECN3QQAWBZ2CABgWdkjAIBlYYcAAJaVPYIVqaHeA/DObrzxxpxxxhlFZH7mmWfmu9/9bqeKzAEAAAAAAAAAAACAVY8rmncy7e3tufTSSzNkyJDabc3Nzbn44otz9NFH13EyAAAAAAAAAAAAAKCrEJp3Im1tbfnqV7+aO++8s3bbWmutlSuvvDK77rprHScDAAAAAAAAAAAAALoSoXkn0d7ennPPPTd33XVX7baNN944P/7xj7PJJpvUbzAAAAAAAAAAAAAAoMtpqPcAvGXw4MFFZL799tvnxhtvFJkDAAAAAAAAAAAAACucK5p3AjfddFN+/vOf144HDhyYIUOGpFevXnWcCgAAAAAAAAAAAADoqlzRvM7+8pe/ZPDgwbXjAQMG5Cc/+YnIHAAAAAAAAAAAAACoG6F5nZ1//vmZO3dukmS11VbLVVddlX79+tV5KgAAAAAAAAAAAACgKxOa19Hvf//7DBs2rHZ86qmnZosttqjjRAAAAAAAAAAAAAAASVO9B+jK/uu//qs4fvDBB/Poo48u08+68sor079//+UxFgAAAAAAAAAAAADQxQnN62jcuHHF8YsvvrjMP2vBggV/6zgAAAAAAAAAAAAAAEmShnoPAAAAAAAAAAAAAABA5+KK5nX04IMP1nsEAAAAAAAAAAAAAIC3cUVzAAAAAAAAAAAAAAAKQnMAAAAAAAAAAAAAAApCcwAAAAAAAAAAAAAACkJzAAAAAAAAAAAAAAAKQnMAAAAAAAAAAAAAAApCcwAAAAAAAAAAAAAACkJzAAAAAAAAAAAAAAAKQnMAAAAAAAAAAAAAAApCcwAAAAAAAAAAAAAACkJzAAAAAAAAAAAAAAAKQnMAAAAAAAAAAAAAAApCcwAAAAAAAAAAAAAACkJzAAAAAAAAAAAAAAAKQnMAAAAAAAAAAAAAAApCcwAAAAAAAAAAAAAACkJzAAAAAAAAAAAAAAAKQnMAAAAAAAAAAAAAAApCcwAAAAAAAAAAAAAACkJzAAAAAAAAAAAAAAAKQnMAAAAAAAAAAAAAAApCcwAAAAAAAAAAAAAACkJzAAAAAAAAAAAAAAAKQnMAAAAAAAAAAAAAAApCcwAAAAAAAAAAAAAACkJzAAAAAAAAAAAAAAAKQnMAAAAAAAAAAAAAAApCcwAAAAAAAAAAAAAACkJzAAAAAAAAAAAAAAAKQnMAAAAAAAAAAAAAAApCcwAAAAAAAAAAAAAACkJzAAAAAAAAAAAAAAAKQnMAAAAAAAAAAAAAAApCcwAAAAAAAAAAAAAACkJzAAAAAAAAAAAAAAAKQnMAAAAAAAAAAAAAAApCcwAAAAAAAAAAAAAACkJzAAAAAAAAAAAAAAAKQnMAAAAAAAAAAAAAAApCcwAAAAAAAAAAAAAACkJzAAAAAAAAAAAAAAAKQnMAAAAAAAAAAAAAAApCcwAAAAAAAAAAAAAACkJzAAAAAAAAAAAAAAAKQnMAAAAAAAAAAAAAAApCcwAAAAAAAAAAAAAACkJzAAAAAAAAAAAAAAAKQnMAAAAAAAAAAAAAAApCcwAAAAAAAAAAAAAACkJzAAAAAAAAAAAAAAAKQnMAAAAAAAAAAAAAAApCcwAAAAAAAAAAAAAACkJzAAAAAAAAAAAAAAAKQnMAAAAAAAAAAAAAAApCcwAAAAAAAAAAAAAACkJzAAAAAAAAAAAAAAAKQnMAAAAAAAAAAAAAAApCcwAAAAAAAAAAAAAACkJzAAAAAAAAAAAAAAAKQnMAAAAAAAAAAAAAAApCcwAAAAAAAAAAAAAACkJzAAAAAAAAAAAAAAAKQnMAAAAAAAAAAAAAAApCcwAAAAAAAAAAAAAACkJzAAAAAAAAAAAAAAAKQnMAAAAAAAAAAAAAAApCcwAAAAAAAAAAAAAACkJzAAAAAAAAAAAAAAAKQnMAAAAAAAAAAAAAAApCcwAAAAAAAAAAAAAACkJzAAAAAAAAAAAAAAAKQnMAAAAAAAAAAAAAAApCcwAAAAAAAAAAAAAACkJzAAAAAAAAAAAAAAAKQnMAAAAAAAAAAAAAAApCcwAAAAAAAAAAAAAACkJzAAAAAAAAAAAAAAAKQnMAAAAAAAAAAAAAAApCcwAAAAAAAAAAAAAACkJzAAAAAAAAAAAAAAAKQnMAAAAAAAAAAAAAAApCcwAAAAAAAAAAAAAACkJzAAAAAAAAAAAAAAAKQnMAAAAAAAAAAAAAAApCcwAAAAAAAAAAAAAACkJzAAAAAAAAAAAAAAAKQnMAAAAAAAAAAAAAAApCcwAAAAAAAAAAAAAACkJzAAAAAAAAAAAAAAAKQnMAAAAAAAAAAAAAAApCcwAAAAAAAAAAAAAACkJzAAAAAAAAAAAAAAAKQnMAAAAAAAAAAAAAAApCcwAAAAAAAAAAAAAACkJzAAAAAAAAAAAAAAAKQnMAAAAAAAAAAAAAAApCcwAAAAAAAAAAAAAACkJzAAAAAAAAAAAAAAAKQnMAAAAAAAAAAAAAAApCcwAAAAAAAAAAAAAACkJzAAAAAAAAAAAAAAAKQnMAAAAAAAAAAAAAAApCcwAAAAAAAAAAAAAACkJzAAAAAAAAAAAAAAAKQnMAAAAAAAAAAAAAAApCcwAAAAAAAAAAAAAACkJzAAAAAAAAAAAAAAAKQnMAAAAAAAAAAAAAAApCcwAAAAAAAAAAAAAACkLzTur111/PP/3TP2Wrrbaq/d+YMWPqPRYAAAAAAAAAAAAA0AUIzTuhX/3qV/nEJz6RESNG1HsUAAAAAAAAAAAAAKALaqr3APyfqVOn5oILLsgDDzxQ71EAAAAAAAAAAAAAgC7MFc07iYceeihHHHFEEZmvt956dZwIAAAAAAAAAAAAAOiqhOZ1Vq1Wc9FFF+XMM8/M5MmTkyR9+vTJD3/4w3zyk5+s83QAAAAAAAAAAAAAQFckNK+zBQsW5MYbb6wd77bbbvn1r3+dv//7v6/jVAAAAAAAAAAAAABAV9ZU7wF4S2NjYz73uc/lrLPOSmNjY73HAQAAAAAAAAAAAAC6MKF5J9DS0pLLLrssu+yyS71HAQAAAAAAAAAAAAAQmtdbc3Nzhg4dmt69e9d7FAAAAAAAAAAAAACAJElDvQfo6hoaGkTmAAAAAAAAAAAAAECn4orm/M0qlUq9RwAAqLGbAADLwg4BACwrewQAsCzsEADAsrJHsCIJzfmb9evXs94jAADU2E1WDuPrPQAALMEOsZIYXe8BAODt7BErh9Z6DwAAS7BDAADLyh7BitRQ7wEAAAAAAAAAAAAAAOhchOYAAAAAAAAAAAAAABSE5gAAAAAAAAAAAAAAFJrqPQArv8mTW+s9AgBAjd0EAFgWdggAYFnZI1YO3es9AAAswQ4BACwre0TX1a9fzxX+O4Xm/M2q1Wq9RwAAqLGbAADLwg4BACwrewQAsCzsEADAsrJHsCI11HsAAAAAAAAAAAAAAAA6F6E5AAAAAAAAAAAAAAAFoTkAAAAAAAAAAAAAAAWhOQAAAAAAAAAAAAAABaE5AAAAAAAAAAAAAAAFoTkAAAAAAAAAAAAAAAWhOQAAAAAAAAAAAAAABaE5AAAAAAAAAAAAAAAFoTkAAAAAAAAAAAAAAIWmeg/Q1Z199tmZNGnSO35v/PjxxfHnP//5dOvW7R3ve+WVV6Z///7LfT4AAAAAAAAAAAAAoOsRmtfZc889l7Fjx77n+76bBQsWLK+RAAAAAAAAAAAAAIAurqHeAwAAAAAAAAAAAAAA0Lm4onmdPfjgg/UeAQAAAAAAAAAAAACg4IrmAAAAAAAAAAAAAAAUhOYAAAAAAAAAAAAAABSE5gAAAAAAAAAAAAAAFITmAAAAAAAAAAAAAAAUhOYAAAAAAAAAAAAAABSE5gAAAAAAAAAAAAAAFITmAAAAAAAAAAAAAAAUhOYAAAAAAAAAAAAAABSE5gAAAAAAAAAAAAAAFITmAAAAAAAAAAAAAAAUhOYAAAAAAAAAAAAAABSE5gAAAAAAAAAAAAAAFITmAAAAAAAAAAAAAAAUhOYAAAAAAAAAAAAAABSE5gAAAAAAAAAAAAAAFITmAAAAAAAAAAAAAAAUhOYAAAAAAAAAAAAAABSE5gAAAAAAAAAAAAAAFITmAAAAAAAAAAAAAAAUhOYAAAAAAAAAAAAAABSE5gAAAAAAAAAAAAAAFITmAAAAAAAAAAAAAAAUhOYAAAAAAAAAAAAAABSE5gAAAAAAAAAAAAAAFITmAAAAAAAAAAAAAAAUhOYAAAAAAAAAAAAAABSE5gAAAAAAAAAAAAAAFITmAAAAAAAAAAAAAAAUhOYAAAAAAAAAAAAAABSE5gAAAAAAAAAAAAAAFITmAAAAAAAAAAAAAAAUhOYAAAAAAAAAAAAAABSE5gAAAAAAAAAAAAAAFITmAAAAAAAAAAAAAAAUhOYAAAAAAAAAAAAAABSE5gAAAAAAAAAAAAAAFITmAAAAAAAAAAAAAAAUhOYAAAAAAAAAAAAAABSE5gAAAAAAAAAAAAAAFITmAAAAAAAAAAAAAAAUhOYAAAAAAAAAAAAAABSE5gAAAAAAAAAAAAAAFITmAAAAAAAAAAAAAAAUhOYAAAAAAAAAAAAAABSE5gAAAAAAAAAAAAAAFITmAAAAAAAAAAAAAAAUhOYAAAAAAAAAAAAAABSE5gAAAAAAAAAAAAAAFITmAAAAAAAAAAAAAAAUhOYAAAAAAAAAAAAAABSE5gAAAAAAAAAAAAAAFITmAAAAAAAAAAAAAAAUhOYAAAAAAAAAAAAAABSE5gAAAAAAAAAAAAAAFITmAAAAAAAAAAAAAAAUhOYAAAAAAAAAAAAAABSE5gAAAAAAAAAAAAAAFITmAAAAAAAAAAAAAAAUhOYAAAAAAAAAAAAAABSE5gAAAAAAAAAAAAAAFITmAAAAAAAAAAAAAAAUhOYAAAAAAAAAAAAAABSE5gAAAAAAAAAAAAAAFITmAAAAAAAAAAAAAAAUhOYAAAAAAAAAAAAAABSE5gAAAAAAAAAAAAAAFITmAAAAAAAAAAAAAAAUhOYAAAAAAAAAAAAAABSE5gAAAAAAAAAAAAAAFITmAAAAAAAAAAAAAAAUhOYAAAAAAAAAAAAAABSE5gAAAAAAAAAAAAAAFITmAAAAAAAAAAAAAAAUhOYAAAAAAAAAAAAAABSE5gAAAAAAAAAAAAAAFITmAAAAAAAAAAAAAAAUhOYAAAAAAAAAAAAAABSE5gAAAAAAAAAAAAAAFITmAAAAAAAAAAAAAAAUhOYAAAAAAAAAAAAAABSE5gAAAAAAAAAAAAAAFITmAAAAAAAAAAAAAAAUhOYAAAAAAAAAAAAAABSE5gAAAAAAAAAAAAAAFITmAAAAAAAAAAAAAAAUhOYAAAAAAAAAAAAAABSE5gAAAAAAAAAAAAAAFITmAAAAAAAAAAAAAAAUhOYAAAAAAAAAAAAAABSE5gAAAAAAAAAAAAAAFITmAAAAAAAAAAAAAAAUhOYAAAAAAAAAAAAAABSE5gAAAAAAAAAAAAAAFITmAAAAAAAAAAAAAAAUhOYAAAAAAAAAAAAAABSE5gAAAAAAAAAAAAAAFITmAAAAAAAAAAAAAAAUhOYAAAAAAAAAAAAAABSE5gAAAAAAAAAAAAAAFITmAAAAAAAAAAAAAAAUhOYAAAAAAAAAAAAAABSE5gAAAAAAAAAAAAAAFITmAAAAAAAAAAAAAAAUhOYAAAAAAAAAAAAAABSE5gAAAAAAAAAAAAAAFITmAAAAAAAAAAAAAAAUhOYAAAAAAAAAAAAAABSE5gAAAAAAAAAAAAAAFJrqPQCl4cOH5/7778/jjz+eCRMmZPr06VljjTWyzjrrZJdddskBBxyQj3zkI/UeEwAAAAAAAAAAAABYhQnNO4kJEybkwgsvzEMPPfS2702fPj3Tp0/PSy+9lBtvvDE777xzvvOd72TzzTdf8YMCAAAAAAAAAAAAAKu8hnoPQDJ27NiceOKJb4vM11lnnQwcODAtLS1paPi//6mGDx+ek08+OS+99NIKnhQAAAAAAAAAAAAA6Apc0bzO5s+fn89+9rN54403arcdcsgh+eIXv5gPfehDtdsmTpyYIUOGZMiQIalWq5kyZUpOP/303H777endu3c9RgcAAAAAAAAAAAAAVlGuaF5nP/vZz/Liiy/Wjk888cT84Ac/KCLzJOnfv3++9rWv5YILLqjd9uabb+bKK69cYbMCAAAAAAAAAAAAAF2D0LyOFixYkCFDhtSON9xww5x33nlLPeekk07K7rvvXju+6aabMmPGjA9sRgAAAAAAAAAAAACg6xGa19FDDz2UqVOn1o5PPvnkNDc3/9XzBg0aVPt63rx5ueuuuz6I8QAAAAAAAAAAAACALkpoXkcPPvhgcfz3f//37+m8fffdN6uttlrt+IEHHliucwEAAAAAAAAAAAAAXZvQvI6GDx9e+7qlpSUbbLDBezqvW7du+bu/+7va8ZNPPpn29vblPh8AAAAAAAAAAAAA0DUJzetk7ty5ef3112vHAwcOfF/nb7XVVrWvZ8+enTfeeGO5zQYAAAAAAAAAAAAAdG1N9R6gqxozZkyq1WrtuKWl5X2dv+GGGxbHo0ePzoABA5bLbO9XpVKpy+8FAHgndhMAYFnYIQCAZWWPAACWhR0CAFhW9ghWJKF5nUyePLk4Xnvttd/X+Uvef8qUKX/zTMuqX7+edfvdAABLspusHMbXewAAWIIdYiUxut4DAMDb2SNWDq31HgAAlmCHAACWlT2CFamh3gN0VTNnziyOe/Z8f/+Pv+T9Z8yY8TfPBAAAAAAAAAAAAACQuKJ53cyfP7847tat2/s6f8n7L/nzYEX485kfqvcIAMBKar07fl/vEQCAldDIXS6v9wgAwEqq56fr9+nAAMDK6zPXf6zeIwAA1JUrmtdJe3t7cdzY2Pi+zl/y/gsXLvybZwIAAAAAAAAAAAAASITmdbNkKN7W1va+zl/y/s3NzX/zTAAAAAAAAAAAAAAAidC8brp3714cL1iw4H2dP3/+/OJ4tdVW+5tnAgAAAAAAAAAAAABIhOZ107t37+J41qxZ7+v8mTNnFsdrrbXW3zwTAAAAAAAAAAAAAEAiNK+b/v37F8eTJ09+X+cvef8lfx4AAAAAAAAAAAAAwLISmtfJhhtumMbGxtrxmDFj3tf5o0ePLo433XTT5TIXAAAAAAAAAAAAAIDQvE6am5vzoQ99qHb8zDPPvK/zn3766drX/fr1y3rrrbfcZgMAAAAAAAAAAAAAujaheR3ttttuta8nTpyY11577T2dN2PGjDz//PO149133325zwYAAAAAAAAAAAAAdF1C8zo66KCDiuN77rnnPZ133333pb29vXZ8yCGHLNe5AAAAAAAAAAAAAICuTWheR3vuuWc23njj2vH111+fOXPmLPWcRYsWZciQIbXjfv365YADDvjAZgQAAAAAAAAAAAAAuh6heR1VKpWcddZZteNJkybloosuSrVafddzvve97+WVV16pHX/2s59Nt27dPtA5AQAAAAAAAAAAAICupVJdWtXMB65areaUU07Jn/70p9pt+++/f77yla9kiy22qN02evTo/OAHP8idd95Zu22nnXbKddddl8bGxhU6MwAAAAAAAAAAAACwahOadwIzZ87Mqaeemqeffrq4vX///unXr1+mTZuWN998s/je1ltvnWuvvTZrrbXWihwVAAAAAAAAAAAAAOgChOadxMyZMzN48ODcdtttWdr/JJVKJUceeWS+/vWvZ80111xxAwIAAAAAAAAAAAAAXYbQvJN5/vnnc9ddd+WPf/xj3nzzzcycOTO9e/fO+uuvn7322iuHHXZYttlmm3qPCQAAAAAAAAAAAACswoTmAAAAAAAAAAAAAAAUGuo9AAAAAAAAAAAAAAAAnYvQHAAAAAAAAAAAAACAgtAcAAAAAAAAAAAAAICC0BwAAAAAAAAAAAAAgILQHAAAAAAAAAAAAACAgtAcAAAAAAAAAAAAAICC0BwAAAAAAAAAAAAAgILQHAAAAAAAAAAAAACAgtAcAAAAAAAAAAAAAICC0BwAAAAAAAAAAAAAgILQHAAAAAAAAAAAAACAgtAcAAAAAAAAAAAAAICC0BwAAAAAAAAAAAAAgILQHAAAAAAAAAAAAACAgtAcAAAAAAAAAAAAAICC0BwAAAAAAAAAAAAAgILQHAAAAAAAAAAAAACAgtAcAAAAAAAAAAAAAICC0BwAAAAAAAAAAAAAgILQHACWor29PUkyevTo/OUvf6nvMAAAAAAAAAAAALCCCM0B4F20t7enoaEhw4YNyzHHHJORI0fWbgcAAAAAAAAAAIBVmdAcAN5FQ0NDnnjiiZx00klpbW3Nz3/+80ydOjUNDf58AgDvrlqtLvUYAOC9sEMAAMvKHgEAvB92BwCWRikHAO9iwYIFueuuu5Ik3bt3z9ixY/OnP/0pSdLW1lbP0QCATqxSqSz1GADgvVhyh/CiLwDwXnXsET6hFQB4J0s+x+B1DACWpqneAwBAZ9WtW7fstttuueWWWzJv3rzMmzcv99xzTz72sY+lsbGx3uMBAJ1ItVpNpVLJrFmzMn78+Nx0002ZOnVqJk+enIEDB+bDH/5w9t1333qPCQB0Qh17xJw5czJv3rzcfvvtmTZtWtrb27P55ptnxx13zCabbOJFXwCgsPgOMX369Nx6662ZNWtW5s2bl0033TQHHnhgNtpoo3qPCQB0Mu3t7bVPcZ86dWrGjx+fkSNHZp111sl6662X7bbbrs4TAtDZVKougwIAS3XuuefmjjvuSKVSSbVazeWXX57DDjus3mMBAJ1Ex5OyL7/8coYMGZLHH388b7zxRm13SJIePXrkhz/8Yfbcc880NXnPNwDwlo494tVXX82NN96YRx55JK+88kpxn3322SdnnXVWdt111zpNCQB0NovvEDfccEP+8Ic/5LXXXivuM2DAgFx++eUZOHBgLSYDALq2xSPzu+++O7fffnsee+yxzJs3r/aaxqmnnpqPfvSj2WOPPeo8LQCdhVe3AeBddPwj65hjjskTTzyRN998M5VKJSNGjMhhhx1Wu1oIANB1dewLI0eOzLnnnpsJEyZk/vz5aWhoqH2vvb09H/7wh7PhhhuKzAGAmo5dYdSoUTn//PMzZsyYzJ07t7hPc3Nz+vTpk/XWW69OUwIAnc3iO8R5552XcePGZe7cubXnIJKkqakpW221VXr37i0yBwCSlJH5ddddl0suuSRtbW1pa2tLU1NTGhoasmDBggwZMiRPPvlkjjzyyJxwwgl1nhqAzsAr3ADwLjr+kbXddttls802y7hx45IkN9xwQw4//PDssMMO9RwPAKizjidln3zyyZx22mm1MKxnz57Zfffds9FGG6WtrS3PP/98Tj755GyyySb1HRgA6DTebY/o0aNHtt1222ywwQYZN25cGhoacsopp2TDDTes88QAQGew+A7x6U9/OnPmzEny1g4xcODArLfeelm4cGFeffXVDBo0KBtttFGdJwYAOoNqtVrrH37xi1/ku9/9bu17PXr0yNy5c2sXyum4+N7EiRPT2tqaM844oy4zA9B5CM0BYCmq1Wp69uyZL3/5yxkxYkRaW1uzcOHC3HLLLdlyyy2z2mqruao5AHRBHU/KPvXUUzn99NMzd+7cNDY2ZrPNNstll12WTTbZJN27d0+SLFq0yJXMAYCajj1i1KhRtT2ioaEhG2+8cb7zne9kyy23TO/evdPW1paJEydm/fXXr/fIAEAnsPgO0RGZVyqVbLrpphk8eHA22WST9OnTJ0kyc+bM9O7du84TAwCdRUfTcO+99+aSSy6p3b733nvnhBNOqL1R7dZbb83YsWPT0NCQcePG5Wc/+1kWLVqUz33uc/UaHYBOwCvdALAUlUol1Wo1G2+8cQ4++OD8+te/Tnt7ex5//PHMnj073bt3Lz5iCgDoGiqVSl577bVceOGFaW1tTVNTU/bYY49cfPHFaWlpyaJFi5IkbW1taWxsrJ1XrVa9SQ0AurhKpZJXXnklX/va19La2prm5ubstttu+fa3v52WlpZUq9VUq9U0Nja+a2S+5I4BAKz6OnaI888/P3PmzHnbDtHxXER7e3t69eqVxPMQAMBbqtVqpk2bVusdunfvnmOOOSbf+MY3ivt98pOfzNlnn52nn346lUolU6ZMyXXXXZckYnOALkwVBwB/RaVSSc+ePXPAAQekvb09SfKXv/wl11xzTZKIzAGgi6lWq5k/f35uvfXWvPHGG0mSzTffvBaZt7e3165g3tjYWLygu/jXCxcuzMKFC1fs8ABA3bW2tuYXv/hFxo8fnyTZcsst853vfKe2R1Qqlb8ahC0ZmXc8XwEArLpmz56d66+/PmPGjEny9h2i47mIhoaG2i7xTjtFtVpdcUMDAJ1CRzT++OOPp729PYccckgtMu94naKtrS3rrrtuhgwZkn322af2hrWO2Pzqq6+u50MAoI5c0RyALuedrkD+Xq5KfvDBB+fYY4/NzTffnCQZNWpUxowZkw033NBVQQCgC6lUKpk3b14efvjhtLa2pmfPnrnkkktqL+wuuVN0XHF03rx5mTZtWu644468/vrrefnll9PU1JSDDjoo22+/fXbZZZc6PSIAYEXoeO5g2rRpefTRRzN37tz07t07l112WTbYYIOl7hELFixItVrN3XffnbFjx+Yvf/lLWlpasummm+aoo45KQ0OD5yYAYBU3c+bM2g7Rq1evXHrppe9ph5g7d25+85vf5M0338wbb7yRxsbGfPzjH8+AAQOyySab1OfBAAAfqMX3g0WLFqWpqSkjRoxIa2trttpqq1x00UVJ3toZmpubk7z1pva2trb06tUrV1xxRb70pS/lkUcecWVzAITmAHQtHf+g+vOf/5wRI0Zk//33z4c+9KG/Gpl3vFi777775sEHH8zkyZMzatSoPPTQQznppJO8kAsAXcx9992XF198MZVKJXvssUe22mqr2ou4SfnR1I2NjXnzzTdz1VVX5emnn87zzz+fhoaG2pVHn3jiiQwcODDHHntsjjvuuLo9JgBgxbjlllsyevToNDU15ZBDDslmm22WhQsX1l7YXXKPmDBhQn7xi19k2LBhGTFiRPGzKpVKhg4dmssvvzx9+/Z9T2+kBwBWTkOHDs2rr76aSqWSww47LJtvvnktHEvevkNMnDgxQ4YMyfDhwzNy5MjiZz344IPZaaedcuqpp2bvvfde4Y8FAPjgLP7cwK9+9au88cYb+fznP1/bGTbZZJOsvvrqxR7RoSM279mzp9gcgBqhOQBdRrVaTUNDQ4YPH56TTz45SXL77bdn2223zVlnnZW+ffumV69etSdjF39StuM/DzjggNx88835/e9/nyS58cYbs/fee2ezzTarz4MCAOpi2rRpSd7aLxobG1OpVGr7wuI7xMsvv5xhw4blyiuvzOTJk5OkuG+H5557Lj/96U+z+uqr58gjj1yBjwQAWFE6/v5Pnz49yVtXFOvZs2eSpLm5OdVqtbjf66+/npEjR+ayyy7LxIkTa99raGgo3uD22GOP5XOf+1x+/vOfp1u3bq5sDgCrqClTpiR563mHjiisIyJb/O//6NGjM2LEiFx++eWZMGFCkrd2iMbGxrS3t6daraa1tTWPPvpoZsyYkdVWW82nrAHAKqRjPxgyZEguueSS9O/fPz179kxLS0uampqywQYbFPdbktgcgCUJzQFYJSz+YuziVwFbXKVSyahRo/KpT30qSdKtW7e88soreemll/L444/n7/7u73Lcccdl5513TnNzcyqVSvFu3/b29jQ2NubLX/5yXnzxxUyYMCFvvvlmXnrppWy22WbFi7wAwKqtR48eta9fffXVzJo1K7169SruM3To0Pzv//5vnn766cydO7d2e7VazdZbb53m5uaMGzeuFo69/vrruf/++7PvvvtmrbXWWjEPBABYYToCsKlTpyZ56wXdl156KWPHjk1LS0sRh99zzz0ZOnRohg0bltmzZydJ7U3xG2+8cRYsWJC5c+fWftaIESNy/vnn57LLLhOZA8AqavHXH8aNG5fk7YHY3Xffndtuuy3Dhg2rPRfRsUN07BujR49O8tab3p5//vncfffd2XbbbdOtWzefjAIAq4hHH300l1xySZJk4sSJGTp0aLbddtu0tbXVdoSl/d0XmwOwOKE5AKuEjhdR77333tx22235t3/7t/Tt2zfVarUWiE+YMCHjx4/PQQcdVAvMO84bN25cxo0bl3vuuSdHHnlkdtlll/zTP/1TEZl3fL3uuutm++23z4QJEzJ79uxcc801+fCHP5w11lijPg8eAFjhWlpaal+//PLLOf300/PFL34xffv2zbBhw/L0009n6NChbzvvhBNOyO67755DDz00STJ16tRceOGF+e1vf5skuf/++3PCCSdkr732WiGPAwBY8Xbdddf87ne/y6JFizJixIgMHTo0++67b7beeuv87ne/y5/+9Kdcf/31aWhoSHt7e+28I444Irvttls+9rGPpb29PX/84x8zdOjQPPTQQ2lsbMxTTz2VV1991aeuAcAqap111ql9/bvf/S4XX3xxTjzxxKy55pr54x//mOHDh+eGG26oheUdjjrqqOy222456qij0t7enpEjR+a73/1unn322SxYsCB33XVXTjvttOK5DgBg5bbXXnvlH//xH3Prrbemra0tr776aqZMmZJqtZrHHnus9qb3pRGbA9ChUl38X5kAsBJ77bXXcthhh6Varebggw/Ot771rfTt2zdJMmzYsJx00kk544wzctxxx6V79+750Y9+lGeeeSZPPPFEkrztBdx99tknBxxwQA4++OD079+/+F2///3vc/rppydJevXqlYsuuiiHH354EaQDAKuu9vb2nHfeefn1r39dewG3401nHVcd7dCnT5+0tLTknHPOyR577FG7AlnHp7BMmjQpxx9/fMaMGZMkueiii3L88cev2AcEAKwwzz33XE466aTaztBx9dA+ffpk8uTJaWtrq913jTXWyNprr52vfvWr2XPPPdOzZ8/a9xYtWpSHH344F1xwQaZPn55qtZof/ehH+ehHP7qiHxIAsALMmDEjZ511VoYPH167bZ111km1Ws306dOzaNGi2u09e/ZMv3798q//+q/Zbbfdas9ZdHwy67Bhw3Lqqadm4cKFSZJrrrkm+++//4p9QADAB2LxT2L/5je/mRtvvDGVSqX2Wkbv3r3z7//+79l///2zaNGiNDUt/Tq1HT+vtbW1iM2r1WrWXnvtnHjiiWJzgFWcEg6AVUZ7e3v22WefdOvWLffff3++/vWvJ0lGjhyZT3/600mSH//4x/n973+fvn375utf/3q+//3v58ILL8z222+f7t27J3nrnbmVSiWPPPJILr300hx//PH51a9+lVGjRtV+17777pt/+Id/SJLMmjUrv/vd75Is/eOlAIBVR0NDQ4466qjstddetauELVy4MPPnzy/ut8022+QrX/lKrrjiiuy9997FrtDc3Jy2trass8462XvvvWu3z5s3b8U8CABghatWqxk4cGD+7d/+rbht/vz5mTJlStra2mr7whZbbJEzzzwz//Vf/5WDDjqoFplXq9VUq9U0NTXlwAMPTEtLS20fsUcAwKprjTXWyHHHHZctttgiyVuf9Dpt2rRMmzYtixYtqn2C61ZbbZWzzz4711xzTT760Y9m9dVXT/LWDtHQ0JBqtZpdd901++yzT+2cOXPm1OdBAQDLXceVyJO3QvPjjjuu9lxCQ0NDZsyYkUsvvTQzZ85MU1NT8Yb3pf28jiub77PPPqlWq7Urm9900025/PLLV8RDA6BOlv6WJADopN7pyuGbb755jjzyyNoVyh966KEcf/zxeeqpp7Jo0aKsscYa2WGHHbLffvvVzunfv39OOOGEfOQjH8nrr7+eK6+8Mq+//nomTZqU5K13544dOzYXX3xx+vbtm2OPPTZHHnlkWlpasv/+++e2225Lktx111058MADc9hhh62g/wYAgA/K4nvG4l93PHHacdtee+2VRYsWZe21186dd96ZBQsW1H7GnnvumW222SZf+MIX0qNHj9rtHS/gdmhoaMj8+fPz5ptv1m5bf/31P8iHBwB8gDr2hXfT8b1DDjkk3//+93Peeeelra0t1Wq1dhXSrbfeOtttt13OOeecrL766mlqaip+bsd/trW1pbW1NXPnzk1TU1MaGxvTr1+/D/gRAgAfhMX/1i9+FdKO5yAWf5NZW1tbbr755jz55JPFVcy32267bLfddvnnf/7n9OrVq/Z8xpI7RJJMnz49EyZMSLVaTXNzc9Zbb70V9VABgBWgIw5vbGzMN7/5zSTJjTfeWNspXnvttdob03r27FnsH0v7eR2xeceVzZubmzNhwoTce++9GTRoUO0T5wFYtVSqHZc6AYCVwJ///Odsu+22WX311d8x/EqSf//3f8+1115bnNe9e/fsscce+eY3v5n111+/eHJ28SdXZ8+enVGjRuXOO+/Mfffdl9bW1to/tjqesN1hhx2y66675nOf+1y+/OUv5//9v/+XhoaGHH/88fnGN77xjhE8ALDyaW1tzZQpU7L22munra0tffr0qX1vyY+TfOyxxzJ16tQ0NDSkb9++2XHHHdOtW7ck7/wGueT/XjgeO3ZsPvWpT2Xs2LHZYIMNcsstt3gyFgBWAXPnzk2lUql9glqSLP50fKVSyXPPPZcXXngho0aNynrrrZeWlpbsuOOOaWlpSfLX94iXX345gwYNyuTJk7Pxxhvn1ltvrV35HABYOU2bNi1rrbXW227v+Pu/cOHCLFiwIHfffXdmzJiR1VZbLeuvv3522mmnrL322kne/c1vHT/jlVdeyac//emMHz8+AwYMyP/+7//aIQBgFbR4QP7Nb34zN954YxoaGlKpVNLW1pYPf/jD+c///M/3FJsv/vNaW1vzla98JQ8//HB69+6d6667rvapKwCseoTmAKw0rrrqqvzkJz/JoEGDcsYZZ6RHjx7FC66LB18nnHBChg8fnkqlkmq1mrXXXjv/8z//k6233vpd/4G05Iu3f/zjHzNq1Kj89Kc/zZw5c2ofPdnxp3OzzTbLmmuumREjRqS9vT1NTU25+eabs80226yA/zYAgOWp4wXYSZMm5aWXXsr111+fsWPH5tVXX03fvn3T3NycQw89NNtss00OPfTQ2nl/7Q1mf+2F3fnz5+czn/lM/vznP2f11VfPaaedlrPPPrv2EZYAQOfX8fd+2rRpeeONN3LzzTdn7NixeeONN9LQ0JBdd901AwYMyMknn5xu3brVPpa644Xdd/PXIvP58+fnlFNOyYgRI9KzZ8988YtfzKc+9SlvgAeAlUTHDjF16tSMGTMmN9xwQyZMmJAXXngh/fv3z5prrplDDz002223XbbddtvaeX/tb/1f2yHmzZuXU089NU8++WTWWGONfOELX8igQYPeU1wGAHQeS9sJFv/eO8XmlUql9gmuyxqbz5o1K+eff36+8IUviMwBVnFCcwBWCt/73vfyk5/8JEmyySab5MADD8znP//59OjRo3afjidln3jiiZxyyim1K5B3xOEHH3xwLrroor/6MdJL/oPs1VdfzYMPPph77703Tz31VHHfjheEm5qasnDhwhxzzDE5//zzs/rqqy+Xxw0AfPA6/vY///zz+Y//+I+89NJLGT9+fG2H6PhIyI7jY489Nscdd1y23HLLNDU1ve+Ya/E47Otf/3ruuuuuJMlWW22Vb3/729lhhx0+qIcKACxnHXvACy+8kP/+7//Ok08+mXHjxtX2hyRpaGhIe3t7tt9++xx88MH5xCc+kXXXXXeZYq7F94jzzjsvd999dyqVSrbbbrt8+9vfztZbb/1BPEwAYDlbfIe46qqr8swzz2Ts2LG173c8B9GtW7c0NzfnX/7lX7L//vvXPvXk/e4R77ZDbLvttvn2t7+dgQMHLvfHCAAsf0te3GbSpEkZPXp03nzzzfTo0SO9evXKTjvtlObm5to+0XH18o7d4Vvf+lZuuOGGIjbfZ599csUVV7zn2LzjIoDvdrEdAFYtQnMAVgqf+cxn8oc//CE9evTI3Llzs9FGG+XnP/951l9//eJ+L774Yo488sgkSffu3dPY2JjZs2fX/hH10Y9+NIMHD37Hj518J4uHYwsWLMgvf/nLjBgxIvfdd1/tPh2BWXt7e7bYYov89Kc/zTrrrOMfVQCwEuj4Wz9y5Mj8y7/8SyZMmFA8idrxBGzHFcbb29uTJLvuumuOPPLIfOITn8hqq632nmPzjv1g/vz5+cY3vpHf/va3mTNnThoaGvKDH/wgBx100Af6eAGA5afj7/+oUaNyzjnnZNy4cVm0aFEtMl98d+h4XqJ3797ZZpttcuGFF2azzTZ7z5HY4rvG/Pnzc9FFF+W+++7LnDlz0q1bt3z/+9/PgQce+IE+XgBg+Xi3HaJjd1j8k1UXf/Pa4YcfniOOOCIf+chHip/zbjqeg+i4X8cOce+992bu3LlpamrKFVdcYYcAgJXE4n/7hw0blmHDhuUXv/hFZs2alQULFiR5a3fYYost8pGPfCQf//jHs+WWW9bOX7hwYZqbm5Msn9gcgK5DaA5Ap7Z4rH3uuefmjjvuSHNzc6699trssssu7xhzH3PMMXnmmWey7777Zvfdd88999yTZ599dplj86T8R1t7e3sefPDB3HnnnRk2bFgmT55cPPF7yimn5LzzzltO/w0AAB+Ujj1i1KhRGTRoUObMmZMkWXvttfPpT386m222Wbp3754ZM2bkuuuuy+jRozNhwoTa3/0BAwbkyCOPzKmnnvqOn2bSsT+88soraWlpSffu3TN58uRMmDAhF198cUaOHFm77yWXXJJPfOITxVwAQOe1+B5xyimnZO7cuUmS3r175+ijj84GG2yQvn375pFHHsmrr75a/N1P3to3/ud//idbb731O/7t77ht/Pjx6dOnT3r06JHZs2dn4sSJufDCC/PnP/+5dt9LL7209qZ7ewQAdG4df6tHjhyZU089tfZcxJprrpljjjkmm2++edrb2zNx4sT8+te/zqRJk2r3SZIdd9wxxx13XI466qil/vzJkyfXPt115syZmTJlSi644II88cQTtfvaIQBg5bF4rzB06NBcc801GT9+/P9n7z7jo6jeNo7/tqWQQEhI6L1IERAUBcT6iAVQqkiXYgErCiICQlQ6AkoTGx1U4C+KSlGxYEEUEAxSQws9ISGEhJStz4t8ZshCgCAt0ev7BjI7ZWffzD3nXOccsrKysNvtfvu63W4cDgehoaG88cYb3HnnnQQEBAAKm4uIyD+joLmIiOR7xrJLAP379+eRRx6hYcOGuN1uLBYLNpvtrEbQ8ePH0717d6Kioli4cCEfffQRO3bsuKSw+ZnXOHnyJAkJCUybNo3du3ezc+dOAG666SamTJlCRETEZfoFRERE5ErZvXs3Tz/9NHFxcQQEBFC3bl1Gjx5NuXLl/PY7duwYGzduZP78+fzxxx9+M5RGR0fTqVMnv/2NuuHPP/+kc+fOVK1albCwMBISEkhPTycpKcmsY0aOHKmQuYiISAG0c+dO+vTpw+HDhwkICKBWrVqMHj2aSpUq+e2XlJTE7NmzmTdvntkB7HK5APjiiy/8ZheD053HP//8M+PGjaNo0aJUr16d2NhY9u/fz5EjR8x9NVhNRESk4ImNjaVPnz4cOnTIrCHGjh1LhQoV/Pbbvn07f/zxBzNnzuTo0aMAWK1WChcuzMiRI89aFc2oBdasWcMzzzxDvXr1iIiIIC4ujsTERPMcAGPGjDHD6qohRERE8recIfN58+YxatQoIPsZHhERgdfrJSwsjLS0NJKSkgD8Vkp5+umnadWqFeXLlwf88xcKm4uISF4oaC4iIgVCzpcd428jnLV582ZWr15Nr169cp1NNCsriy+++IL58+efFTYfNWrUPw6EG42vLpeLX3/9lbFjx7J3714AJk6cSPPmzf/ZzYqIiMhVkZaWxptvvskXX3xBRkYGderU4e2336ZMmTJm46nP58Pj8Zh1yIIFC5gwYQJOpxO3283NN9/MvHnzcj3/kSNH6NGjhxlid7lcWK1WPB4PwcHBlCtXjueff97sGFbHroiISMGRnJzMuHHj+Oqrr3C5XDRo0IBx48ZRunRpsw3D4/FgsVjMzuChQ4fyxRdf4PF4cLvd1KlTh8WLF+d6/ri4OHr16sWhQ4fO+iwoKIgSJUrQr18/7r//fkB1hIiISEFx4sQJRo8ezYoVK3A6ndx44428+eabfm0RZ9YQU6dO5b333gOyZyFt2LAhc+bMyfX8Bw4coHv37uZAOKfTaQbNgoODzRrivvvuA1RDiIiIFCQLFy4kOjra/LtJkyb07duXEiVKEBUVRVxcHKtXr+bjjz/myJEjOJ1OAOx2O+3bt6dt27bUqVMHwC9ArrC5iIhciPVafwEREZG8OHO5J6vVis1mY8OGDTzyyCPMnj2bmTNnmktVezweILuRNDAwkJYtW9K1a1eqV69uNpz++OOPDB48mOPHj/+j72QE1h0OB7fddhtlypQxP/vuu+/weDzmTKciIiJydeTl2WuMtz516hRr164lIyODIkWKMHr0aMqUKYPX6/VrNDXqkJUrVzJ37lwzZN64cWMzZG7UHjmlpKSYq6c4nU4ztF68eHG6d+/OiBEjFDIXEREpYIw64tChQ6xbtw6Xy0XhwoUZMWIEpUuXxuv1mrWD1Wo1A2Lffvstf/zxhxkyb9SokRkyd7vdZ11n06ZNudY1kZGRtG3bltGjRytkLiIiUoAYNURSUhIbNmzA6XQSFhbGqFGjzmqLyFlDrFy5ki+//BKfz4fL5aJx48ZmyPzMtgifz8eBAwdIT08HMMNlXq+XYsWK8fDDDzN69GiFzEVERAqgH3/8kUmTJgEQHBxM165dmTFjBnXr1qVEiRJYrVYqVapEjx49ePvtt+nUqRMOh4OAgADcbrcZPjcYg9vg9KqtPp8Pn8+H1Wrl119/pW/fvqSlpfntKyIi/032C+8iIiKS/1itVvbs2UOXLl0AyMjI4NNPP8Xn8/H4448THBxsLiGVM2wO+M1sboTNR48ebQbBLoYxotdut/P444+zYcMGMjIy2LhxI6dOnaJIkSKX9b5FREQkd2vXruX666+ncOHCfstIns9HH31EXFwcVquVRo0aUbFiRb+ZOXJ2uK5cuZKJEydy+PBhM2Q+a9Ys4OyVVww1atRg/vz5/Pjjj8THx5ORkUFkZCRNmjQhKirK3E8duyIiIgWH8cxetGgRBw8exGq10rFjxwvWERMmTODIkSN5riNatWpF2bJl2bt3L9u3b8dutxMZGckDDzxAeHg4ISEhZ11HRERE8i/jeT1//nyzhnjwwQcva1uExWLh1ltvZfHixfz000/s27cPu91OREQEzZs3JyoqioCAgLOuIyIiIvlbamoqK1euJDU1FYB77rmHV199FfCfmdzpdBIQEEDNmjX59NNPCQwMJC0tDYDHH3/cHGxmMALkNpvNnCn9448/BjDD5o899hgzZswgNDT0qtyriIjkTwqai4hIgVW5cmXuuusufvzxR7xeL0eOHGHJkiUAFx02HzRoEKNGjSIiIuKs6+RscM0tuGb8XapUKex2O1arlcTERP7++29uvfXWK/kTiIiICDBt2jTef/99unXrRp8+fQgNDT1v2Nx4rickJADZz/eqVav6ddBebMeucb2MjAyCg4OB7OWsHQ6HOWt5Tjm/nzp2RUREChaPx8OhQ4eA7Gd6+fLlAc4bEMstZG7UCkZd4HQ6/WZDv+mmm7jpppvOun7Omc5VR4iIiBQshw8fBrKf51WqVAHOX0PkpS3CCJVBdp1Srlw5c5KenIxZ1UE1hIiISEGyb98+vvnmG1wuF1WqVDFD4TlD5h6Px6wHpkyZwrJly8yQee/evXnxxRfPOgbOHTZ3OBw4nU527tzJyZMnFTQXEfmPu/AUbyIiIvmQseTju+++S7NmzcwGWCNs/uGHH5KRkYHVasXr9WKxWPzC5l27dqV69ermccbM5sePHzev4XK5ANi1axfLli0DMEPrZ/J6vVSoUIHq1avj9XpxOp1mp7OIiIhcOePHj2fKlClkZWXxzTffMGXKFNLS0s47o7nH48Hr9bJjxw4g+/luLPvocrn+0exhVquVuLg4Jk6cyBdffAGAw+E469pGHZGXGddFREQkfzp58iQHDx40/y5atKj5/4upI4xawWq1cvjwYRYtWkRCQoLZlpHznDmpjhARESl4PB4PaWlpbNu2DcgOdRltCm63+x+3RRw8eJD33nuPv/76yzwv+NcPxv8VLhcREbn25s+fb9YDF2K0DXz11Vekp6cD2SuphoSE4Ha7/ULmxv+nTJnCRx99RHJyMgB9+vTxC5nn1qZghM0BoqOj6dq1K06nk7CwMBYvXkzp0qUv4Y5FROTfQC3SIiJSIBgvUXv27MHn8xEQEIDb7QbgrbfeMsPmVqv1ksLmgwYN4siRI0B2OCw1NZV+/foxcuRIc7b03BpjjRcydfaKiIhcXfv27QMgODiY/fv38+2333Ly5MnzHmOxWLBarURFRQHZdUZcXByQ/fz/J0tUr1mzhjZt2vDxxx+zcuXK815bRERECragoCBzljCAo0ePAtmD4v9JHbF8+XI6derEiBEjeO+99wD/9gXVDyIiIgWfzWYjNDSU4sWLA9lBL2OlNZvN9o9qiNWrV/PII48wY8YMli5dCuQeKlctISIikj88/vjjjBgxgk8++YTY2NgL7m+0DRjtDgCVKlXCarWan10oZP7CCy+Y+1mtVrMuOHDggN8kfDnD5q+++io9e/Zk/vz5VK1a9RLvWkRE/g2UhhMRkXzPWP7xzz//5MEHH+SXX34BwG63nxU2NwLl/zRsvnr1al555RUWLFjAN998Q/fu3YmNjSUlJYWtW7eSmpqa63d0uVxkZGSQmprq91InIiIiV4bRcTp16lTat29PRkYGDoeDN998k9KlS+e6AonBeFYbS1RbrVa2b9/O5s2bzX0upmPX5/OxefNm0tPTcbvdbNmy5YJhdxERESmYfD4fNpvNHLAGsGzZMlwulxk+v5g6AmDt2rXEx8cDkJSUdJXuRERERK4FI2gO8Msvv3DgwIF/FDJ3Op2sXr2a48ePk5mZybZt2/B4PAqVi4iI5FP9+/c3cw4LFy5k3rx5eQqbA2RlZZn9GhkZGcDplVrzGjLPObDtyy+/ZMSIESxcuBCfz2fmGnKGzQcOHEi1atUuw52LiMi/gVOEaw0AAQAASURBVILmIiKS71mtVv744w969eqF1+vF6XSan+UWNjdC4znD5unp6XkOm//++++MHj2al156ia1btwLZs5XdfffdFC5c+Kzv5/P5cDgc7Ny5kx07duD1eilTpgwNGza8Oj+QiIjIf5DFYjFrgOHDh9O2bVs+/PBDbrrpJtxut7kaypn/wumQeq1atbDb7VgsFvbt28fq1asBWLFiBRMmTMhzyNxisVC9enXg9BLVxncTERGRgidn3ZDz/5BdgwQEBHDrrbcC2W0W27ZtY+HChQCsWrXqouoIwG8J6v3795OZmanB6yIiIgXQmYPec6spbrzxRiC7ptixY4c56H358uUXNVAtICCASpUqmedyu91+fSciIiKSf7hcLpo0aUJkZKS5bdGiRXkOm9tsNrOW2Lx5M6mpqTidzosKmRvfY+7cuQwYMIDVq1fz7bffYrFYzM+Na4mIiJzJfuFdREREri2n08ngwYPJzMzEYrGwfv167rnnHvOlyAib2+123nrrLSA7IJYzbA7ZS1EFBwebM6TnDJsDfPTRR2zbtg3IbpjN2QgcHR1NkyZNcv1+FouF3bt388Ybb5jHVKtWjWLFil2x30RERETwqwFGjRoFZHe+Gg2jMTExfP/99zz22GMULlzYrAGMWTvuvvtuKlasyK5du4Ds2dHj4+P5448/OHLkSJ46do1znTp1CsjuVI6KiqJIkSJX5TcQERGRy8uoF7Zs2YLNZqNGjRrmNjg9yOyGG26gePHiJCYmkpWVxfLlyzl06BCrVq266Doi56D28uXLExQUdJXuVkRERC4Xo17YunUrW7ZsoX379ubkN1ar1awl7rjjDqZNm0ZGRgYZGRm8/vrr7N27ly+++CLPIXOjHslZn4SFhREcHHx1b1pERETyxOFw0KJFC4KCghg5cqS5mtmiRYsA6NatW66zhxvP/Hr16vH9998DsGPHDg4cOECtWrWAvIfMje8RGBgIQGBgIMnJyZw6dYqQkJArc+MiIvKvoRnNRUQk3wsICKB+/fpmOHzLli2A/2javM5snpGRkevM5q1ateKJJ54ww+Qulwu3201wcDBjxowxw+hnzkgCcOzYMUaMGGGONo6KiuKVV15RwExEROQqOLOz1Wq1YrPZ2LBhAx06dGDu3LnMnDmTtLQ0swaA7AbWkJAQevfuTVhYmHn84sWLOXjwoNmxO2PGDCD3jl1jO8DOnTux2+14vV4iIyNz3VdERETyNyMI9ueff9KuXTsee+wxtm/f7ldDGOHwm2++mZtvvtnc/ueff/Lxxx+bAbFbb72VmTNnAueuIzweD1lZWWzYsMHcVqxYMbxeb67tDyIiIpI/+Xw+rFYrGzZs4OGHH+add95h8eLFAH51hM/n47rrruPJJ580B8KnpKTwzjvvcOjQIdxuN40aNTpvyByyawiv18v27dvNbcWLFzevISIiIvlPYGAg99xzD0OGDPGbsO58M5sbbRD169fH5/Ph8/lISUlh6NChpKam8v777+c5ZG6snFamTBmCg4PJysoiOTmZjIwM1Q8iInJBCpqLiEiBULduXbxeL3a7neTkZNLT08/a51LC5gEBATzwwANMmjSJwYMH07NnT1566SU++OADWrduDZweMXymyMhIqlevjtfrJSwsjFmzZlGxYsUr+XOIiIjIOVitVvbt20eXLl3w+XxkZWWxZMkSPvjgA7+wudHAeuONN3LLLbeYHbdGbXDdddcxa9YsrFYrLpfrnB27drudkydP8s033+B2uwkLC6N79+6AOndFREQKGqvVysaNG+nWrRsASUlJ9O3bl23btvmFxIx/hw4das4gZrVaycrKwuPxcP311/Phhx9isVhwOp3nrCNsNhunTp1i8+bNAERERNCpUye/FVhEREQk/7NYLGzfvp0uXbrg9Xo5duwYc+fOZeHChQB+/REAt912GzfccIN5vNfrxe12U69ePWbPng2cP2Ru9JP8/vvvAISHh9OpUyfzu4iIiEj+9E/C5gANGjSgbdu25oomW7Zs4eGHH2bGjBl5CpnD6Un8jh49auYlatWqRUREhOoHERG5IAXNRUQkXzMCWjVr1sThcOD1etm1axfbtm3Ldf9/GjaH7Mbe0NBQHn30UQYOHMjjjz9OgwYNzO+R2wuWcfzAgQMZOHAgixcvpmrVqlfipxAREflPu5jQdsWKFbnvvvuA7Gd1fHw8n3/++Vlhc8ievaN79+5+z2+v18vOnTtZtWoVkL2cpLHd4Ha7sdlsZGVl0b9/f/bu3Yvdbqd+/fpUqlQJUOeuiIhIQbRt2zYzwGWz2YiLi+OFF17wC5sbK64VKVKE3r17U7FiRb/2hcjISDZv3kxWVhYBAQF+NQSc7vDNzMykX79+HDhwgICAAJo0aUJkZOS1uG0RERG5ROXKlaNMmTJAdvtBbGws8+fP9wubGzOJ1qlTh/bt2581C/n+/fs5ePAgcHoFt5ztIUYNkZWVxUsvvcT+/ftxOBw0btzYvLaIiIjkb/80bH7bbbdRrFgxfD4fNpuN/fv3k5KSAkDfvn3PGzKH0/0bO3fuNNs3qlWrhtWq6KCIiFyYnhYiIpKvGZ20N9xwA2XLlsXr9eJwODh58uQ5j8lr2Dw9Pd0vaHamnA245wqKGY3DFouFbt26Ub58+X96qyIiIpIHsbGx7Nixw/zb6/Waz3Lj+Q8wefJkWrdubdYAuYXNjQ7eBg0a0L9/fyIjI/H5fGZn7rPPPsvUqVPZtWsXgF+Dq91ux+l0MmTIEHMGsZCQELp06ULJkiWv7I8gIiIiV0znzp2Jjo42a4Vzhc0huzZo0qQJ3bp1o3Tp0ub21atXM3r0aBYtWoTT6Tyr09YIiL322musW7cOgNDQUNq1a0dERMTVvWERERG5LEJCQli+fDm1a9c2a4Izw+Y2mw2XywVA27Zt6dmzJ4GBgUB2O8Px48dp27Yty5cvJz4+HvDvm7DZbDidToYOHWrWEEWKFKF9+/aqIURERAqQiwmbG3VF8+bNeeCBB/D5fPh8PrOtoXr16jz11FMAOJ3OXEPmxv6bN2/m448/xuv1UqFCBTp06GB+LiIicj4Wn54WIiKSz3k8HrxeL88//zw//PADAF27duXVV181ZxLLTc6lJV988UVWrFiBxWLB5/NRqlQp2rZty+OPP05wcPB5zyMiIiL5w9dff83AgQN54IEHeOyxx6hWrZoZJI+JieGrr77i8ccfN2cEA3jllVf4/PPPzRqgRIkStG7dmieeeILQ0FC/euGHH35g1KhRHDp0CDjdgHvTTTfRoEEDHn74YUJCQkhOTubgwYNMmzaNmJgY81rjx4/nwQcfvIq/iIiIiFxOOdsGFixYwNixY81OWo/HQ4UKFXj77bepWbOmOYO5xWLh+PHjLFmyhIULF3LgwAHzfGFhYdSuXZvnnnuOYsWKUa5cOQ4dOkRiYiJvvvkmGzZsMDtzJ06cSPPmza/JfYuIiMjFMWqG5ORkjh07xs8//0xWVhaFChUiMjKSN954g1OnTpkD3KtVq0bXrl3NMJfL5TJXT3v//feZMWMGJ0+eNAe6BQcHc8cdd3D33XfTtGlTQkNDOXz4MAkJCYwbN44///zT/C6qIURERAoeo5ZwuVysXLmSN998k4SEBPPzRx55hG7dulGtWjXAP/fQv39/li1bZrZJBAUFcccdd/Dqq6/6rZJmDJ43rrVjxw6ef/554uLisNvttGjRgiFDhlCkSJGre/MiIlIgKWguIiL5ihEWy83ChQuJjo4G4P7772fSpEkXPJ/C5iIiIv8e3bp1Y926dYSFhXH//ffTuXNnatSowcaNG+nUqRN2u51u3brx1FNPERoaaj7XLyZs/ttvvzFlyhS2bdtGRkYGgHlcaGgoFouFjIwMHA4HGRkZWCwWbDYbo0aNomXLlsD56xkRERHJ3/5p2DwlJYVVq1Yxe/ZsYmNjsVqtWK1W3G43RYoUweFwUKFCBQ4ePIjL5SI5ORnIrjNGjx5N69atAdURIiIi+Z1RK2zdupXJkyezc+dODh8+bH5eqFAh0tPTAXA4HOYM5meGzZ1OJwEBAUB2zTFv3jz2799/1gqspUqVIiAggOPHj2O1WklJSQGya4gxY8bQqlUrQDWEiIhIfnfmszopKYkTJ06QkJDAnj17GD9+PE6n0xyodmbY3Bio5nK5ePHFF1m1apXZJuH1eqlUqRLDhw+nYsWKfoFzgG3btjFkyBB27tyJ2+2mYsWKfPjhh5QtW/bq/QAiIlKgKWguIiLXlNEoe/LkSQoXLnxWQ6jH48FqtWKxWFi9ejW9e/cGoFKlSixYsICiRYteMBx+vrB5uXLlaN68Ob1796ZQoUJX5iZFRETksti+fTsDBgwgNjaW4OBgHnnkEWrWrMnQoUNxuVzYbDYeeOABoqOjKVKkiDljB1xc2Hzbtm2sWLGCJUuWkJiYaM764XA4cLvdZmgsJCSEcuXK8eyzz9K0aVNAHbsiIiL/Bv80bJ6RkcHOnTuZMGECf/zxh1l3BAYGkpWVZR4PEBwcTPHixenXrx/3338/oDpCREQkvzNqhI0bN/Lkk0+SmpoKZK9iUr9+fUqUKEFycjIJCQls2rTprOPPFzb/7rvv+Prrr/nyyy/x+XzY7Xa8Xq9ZP1gsFnO285IlS/Liiy9y3333AaohRERE8ruc7Qxr1qxh7dq1LF26lJMnT5KRkUHp0qVJTk4mIyODgIAAnE4ncHbY3OjzyMjIYPDgwWbuwWaz4Xa7CQsLo0aNGtx1111ERESQnp7Ovn37WLRokTmxTrFixZg7dy5VqlS5Nj+GiIgUSAqai4jINWO8UK1fv56xY8cSGRnJbbfdRrVq1ahQoQIlSpTw2z8rK4uHH36Y2NhY7HY7S5cuzfMLUG5hc2PEb1hYGLNnz6ZmzZqX/R5FRETkn8mtkzQ9PZ3Zs2czZ84cUlJSCAwMxOVy4fV6CQ4O5uabbyY6OpoyZcqYx//TsHlaWhpxcXG888477Nu3j927d5udu0YwrHPnztx8883UqlXrnN9ZRERECqZ/GjY3TJkyhc2bN/PTTz+dde7SpUvz0EMPcc8991C3bl1AdYSIiEhBsXXrVp544gmSkpKw2+3UrVuX4cOHU758eRwOBwCZmZmsXbuWhQsXsnHjRk6cOGG2RZwZNjdmJwVISEhg/fr1vPfeexw7dozjx4+b17VYLJQsWZJ27dpxxx13qIYQEREpIHK2LyxevJipU6eSnJyM0+mkRIkS2Gw2ChcuzMmTJzly5AgAVqvVXOXkXGFzgOjoaL744ouzVmcF/Aar+Xw+rFYrFStWZMqUKQqZi4jIRVPQXERErqn169fTo0cP3G43gNkgWrZsWapUqUKNGjW4/fbbiYyMpEKFCnTq1ImNGzdis9l45513uPPOO4HTjak5X9TOlDM81r9/f5YtWwbAyJEjadeu3ZW+VREREbmAKVOmULFiRR566CEg987SPXv2MGDAALZs2WJus9vt3HDDDUyZMoWIiAi/Zz5wUWHznPtCdv2QlJTE33//jdvtJiMjg7Jly1KtWjXCwsLM/dSxKyIikv+d2WZwoef3xYbNrVarXy2RlZXFhg0biI+P59ChQwQHB1OqVCkaN25MkSJFzP1UR4iIiBQMx44dY+DAgaxZswaAmjVrMnXqVMqUKeO3OqvxbD948CC//fYb7733HgcPHjRDY2eGzc9sx0hKSuLYsWOsXbsWt9uNxWKhdOnS3HzzzURGRpr7qYYQERHJ33I+q+fNm8fIkSPNz+6++25eeuklwsPDiYiI4NChQ/zyyy/Mnz+fgwcPmuFxODtsnnOg2qJFi/j222/5+eefzf3tdru5OqvX66VcuXLUrl2bfv36Ua5cuatx6yIi8i+joLmIiFwzBw4coHv37hw+fNhvu9GJa4zStVgshISE8H//93/s2rWLbdu24fP5uOeee3jiiSeIiIigWLFihISE5HqdnJ28ORtsn3rqKW6//XY6d+4MqFFWRETkWnrnnXeYPHkyAFOnTqVp06Z+n/t8PjweD3a7nY8//pg33njD3G6z2XjggQd46aWXKFWqVK7nv5iwuREUO98ANjg7rCYiIiL5l/Hc/uuvv0hISODee+8FrkzYPC/tC6ojRERECg7j2b5u3TpefPFFEhMTKVSoEHPnzqV27doXnABn06ZNvPrqq+zbt++cM5vntY5QDSEiIlLwLFu2jJdfftns4+jYsSOvvvpqrvtu2bKFZcuW8emnn5KSkmJuP1/YPCEhgY0bN7Jo0SL279/PiRMnSE9P57rrrqNGjRq0a9eO6667jiJFilz5mxURkX8lBc1FROSaSUxMJDExkbi4OPbv38/WrVvZunUrqampfktCgv/yUBaLxZwlLDg4GJvNRpUqVahUqRJly5alUaNGFClShOuuu87vHEYDrNPpJCAgwO8zhcxFRESunRUrVvDiiy/6bZsyZYoZAMtpw4YNdOnSBfBfBjI4OJgHH3yQrl27Ur169Vyv80/C5iIiIlLwGe/8GzZsoFu3bvh8PqZMmWIObPunYXNjhrDcwuZnXh/wm+FURERECp7XX3+djz/+GIBatWoxZ84cQkND8/Rs37p1Ky+++CJxcXEXDJsbctYNqiFEREQKpkOHDjFkyBDWrVuHx+OhadOmTJ06FfDvs8hZByQmJvL999/z9ttv++Umzgybn7lCq9PpxGKxcOLECbKysoiIiKBQoUJX61ZFRORfzH7hXURERK6MyMhIIiMjqVGjhrktKyuLEydOsH79eo4dO8bPP/9MYmIiR48eNUfsGg2qFovFXDIqJiaGv/76C4D3338fr9dL7dq1KV68ODfddBPVq1endOnSlCxZ8qzvoQZaERGRa6tUqVLcddddbNy40Xzeh4eHn7VfWloa7777LpC99GPVqlXZvn07ABkZGXz55ZdYLBa6dOmSa9jcmHnUZrMxZswYADNsHh8fz+effw6gsLmIiMi/jMViYfv27fTq1Quv14vNZmPIkCF4vV7uu+++CwbAc6500qVLF3w+HyNGjMDtduNwOIiLi+OFF144Z9g853nV/iAiIlJwnThxwvx/cHDwRQW3atWqxWuvvcbgwYM5cuQIALGxscyfPx+ADh06nLW6mmoIERGRgu/QoUNs2rQJj8dDZGQk/fr1A84OiedsR4iMjKR58+YEBwczevRoM2y+aNEiADNsbrPZ/NozbDYbNpuNqKgo4PTAd+UhRETkUiloLiIi15zxYuPxeAgMDKREiRK0aNECgEcffRSLxcKOHTs4dOgQX3/9Nd988w1utxur1UpUVBROp9NvJK/b7cbn87F582Y8Hg/ffPMNkB1Iq1y5Mm+//TaVK1c299dLlYiIyLVVr149nnvuOcaPH09MTAwffPABN954I263G7vdbtYKoaGh9OzZ09z2xhtvsGnTJp5//nkAMjMz+eKLLwAUNhcRERE/mZmZlC1blkOHDpGZmUlKSgpDhw4FuOiwedeuXUlLS+Ptt9/G5XJht9svGDYXERGRgsvj8QBw8uRJc9vhw4c5efJkrgPlz+WGG26gY8eOvP/++2RkZOD1es2wuc/no2PHjmeFzUVERKRgMtoYfvzxRzIzM7HZbHi9XkJCQgD8Qua5CQ0N5f/+7//IyMhgwoQJ5iQ9Z4bNc7ZjnHlO4zPlIURE5FLpDVVERK46n89njp4F/EbY5ravxWKhRo0a3HPPPXTu3JnMzEzcbjd16tRh4cKFLF68mKFDh/Lkk09SrVo1IiIi8Pl8ZuOvwe1206VLF7+QuYiIiFw7OZ/V119/Pf3792fx4sVmyNyQc8awW2+9lRdeeIFRo0ZRvHhx7rvvPjMwDqfD5gsWLGDHjh25XtcImwOMGTOG1q1bmzWHETb/4IMPSEtLMzt4RUREpGCrV68eI0eO5LrrrsNuz55/xQibGwPUjbD5ueSsC/r06WMOkjcGsRlh823btqmGEBER+RcxZgetV68ekD2pzdGjR/nss8/82i8upFChQtxzzz1ERkbi9XrNmiQ2NpYFCxbwySefAKiOEBER+RcwMhAul8vcFhgYSGhoaJ7PERISQtOmTenUqRPBwcHm9kWLFjFv3jx27tx5+b6wiIjIeShoLiIiV9yZnbQWi8V8scq5XFNujPC58XmVKlUoW7YsVquVTZs2sWfPHsqUKUOXLl3o168fn3zyCV9++SVvvfUWzz//PHfddRclS5bE4XAwcuRIOnTocN7riYiIyJX3559/ApgzeBjP5dq1a1O5cmW8Xi8WiwW73c769etp3LgxX375pXl89erViYiIMDtdW7dufclh8zZt2viFzb/88kumTZtGamqqZhETEREp4Ixao169egwaNIhatWpdUtgcwOv10qRJE6xWq99M6HFxcbz00kts2bJFNYSIiMi/TPny5QHMtow1a9aYs5znNRhetWpVunXrBmCG1C0Wixk2X7hwIYBZY4iIiEj+d75ndvHixYHs531iYiI///zzBY/JKSIigmbNmlGnTh0AAgICgOyw+fz58/3C5qodRETkSlFLt4iIXDE5Q+Tp6el8++23LFy4kPfee4/Fixezbds20tPTgQt35BodtoULF6ZcuXLmbB+JiYl+1woKCiI8PJxmzZrx9NNPM23aNJYsWcLixYtp166dua+WhxIREbk23nnnHTp37sz06dOB3DtOrVYrNpuNjRs30qNHDwAGDBjAypUrzX18Pp9feOtSw+ajR482w+YOh4PDhw+zePFi9u/ff1nuW0RERK6dnG0A9evXv+SwOWTXK/fffz8lSpQgLCyMO++8E7vdjtVqZffu3fTp04eUlBR18oqIiPyLtGrViltvvdUMlf/yyy+88847QN5mITfqgqpVqxIQEEC9evWoUKGC2cYRGxvLRx99xNKlSwHUjyEiIlIAGBPnGP83GM/90qVLm9tcLhdr1qwBsp/zeR2oVr16dTp27AiA0+k02zOMsHlsbKx5ThERkStBQXMREbkijBeqffv28cEHH9C5c2eee+45oqOjeeuttxg6dCjt27enf//+fPzxxwBnzXJ+JiMIVrVqVSB7to/vvvvObybUM2dAt1gsREREUKNGDXO7XrBERESujffff5/JkycD8O677/Lee+8BuXfGpqenM2vWLNxut9lo+sILL5hh89wCYJcjbN6uXTtzKctBgwZx/fXXX+pti4iIyFVkPNfPlLPt4HKEzd1uNw6Hg/DwcMLCwnjggQe4+eabzZrmhRdeICwsTG0QIiIiBcSFBocZz/iHH36YkiVLmtvnz5/Pu+++C1w4bG7UBbVq1SI4OJjQ0FAmT55MtWrVzD6VHTt2sHjxYn755ZdLvSURERG5wnJOiPPhhx8ydOhQMjMzgdPP/XvuuYcaNWqYK5ksWrSIRYsWAXlbwcT4vFmzZtx6663mcYZPP/2Ud999l927d1/GOxMREfGnoLmIiFx2Xq8Xq9XKli1b6NevHx988AHbt2/HZrNhtVqx2+3YbDbcbjc//fQTr7/+OoMGDWL79u243e5zduYaIfKGDRua2xISErBarWctR228uJ1ru4iIiFxdaWlp/Pzzz2YdkJWVxZQpU84ZNi9UqBCPPfYY9913nxkAg8sbNjeOzcrKMreNHDmS5s2bM2zYML/VUERERCR/O3MAenx8PLt37+bw4cNAdq2Rc7awSw2b2+12UlNTSUpK4tChQ9xxxx306tWLevXqMWbMGNURIiIiBUTOSWsAMjIy/D43agejr6FRo0Y0atQIu91u1hCTJ09m9uzZ5n4Xmp306NGjZGRk8Pfff1O0aFHefPNNKlWqZH6X9evXs3z5cjOopnpCREQkfzLqh08++YTx48fz6aef8sorr5h9Dl6vl6CgIFq2bEmhQoXM2uHdd9/lxx9/NM9xoZXfjcn0oqKicDgcdO7cmTJlygDZA+5Xr15N4cKFr+CdiojIf52C5iIiclkZIfNNmzbRq1cvtm7dSlpaGsHBwZQqVYqbbrqJChUqmI2yRoPrZ599xqhRo1i5ciVOp/OcL1Q+n4+IiAgg+6Vq9+7dbN++/erdoIiIiPwjoaGhjBs3jrvvvttsTHW73ecNm99www08+eSTNGnShKCgIHP7pYTNjbrBaJjdt28f3bp1Y8uWLeb+EydOpHPnzoD/spciIiKSPxnP9aNHj7J06VIeffRRWrVqRYsWLWjTpg2PPfYY3333HU6n029AuhE2v/766y8qbG7Mmh4fH4/b7aZw4cLYbDZuv/12Jk+eTOvWrQHVESIiIvmd8aw+cOAAX375Jc8++yxPPvkkAwYMYPr06aSnp/vVDl6vl4iICJ555hmqVKlirnDi9Xp5++23mTlzJnDusLlRQyQlJWG324mIiCAgIIAaNWowbtw4ypcvb+67ZMkSli1bBmgCHRERkfxsy5YtfPDBB+bA9927d3Pq1Cng9EC1//u//6Ns2bLmCq7x8fHMmDGD33//Hbhw2NwQHh6Oy+WiSJEiTJo0yew3+fjjjylevPiVuD0RERFAQXMREbmMjKWhtmzZQu/evUlJScFqtVKhQgU++OAD5s+fz7x588zloFq0aEG5cuXM4//44w9mzZrFnDlzcLlcuTaeWiwWateuTY0aNfD5fKSkpHD06NGreZsiIiLyD3i9XkqVKsXgwYNp0qQJgYGBwIXD5rVr1+app566bGHzmTNnsmnTJiwWC0lJSbz88sts2bKFp556Ktea4szVUURERCR/MQJi27ZtY8iQIYwbN44//viDtLQ0bDYbKSkprFmzhq1bt541Qylkh81feeWVXMPmX3/9NeBfa3g8Hmw2G06nk3HjxpGUlEThwoXNNgyjYzfn8tkiIiKS/xiT5mzevJl+/foxYsQIVq1axbp16/jyyy+ZNGkSXbt25ccff+TkyZNAdk3g8XgoV64c48ePJyoqCpfLhcPhIDMzk3HjxjF16lSAsybbcbvdZg3xzjvvkJ6eTuHChSlUqBAA119/Pc8//zzFihUzv+PixYtJTk7WjOYiIiL5yJnP5cTERJKSkvB4PDRq1IglS5aYE+cZ+1esWJFhw4ZhtVpxu914PB42btzIrFmzWL9+PXD+sLnP58Pj8Zirtvl8PmrXrs3nn3/OypUrqVat2hW6WxERkWxq6RYRkcvGYrFw8OBBRo0aRUpKCgCNGzdm5syZNGjQwOxsDQoKombNmkRHR/P666+bM5zbbDa2bNnCnj17cDgc571WzqWfNm3aBJyeDURERETyh5yBLCNAXqpUKYYOHXrNwuYrVqygf//+PP/883Tu3JmYmBgcDgehoaGcOHHiivwOIiIicmUYAbGNGzfy+OOPs2bNGpKSknA4HOZM4wC33HIL9957L2FhYbmexwib16pVyy9s/sorr7B06VLg9EyiNpuNzMxMoqOjWbt2LUFBQTRv3pyQkBC/+kUzj4qIiORfOWuIXr16sXnzZlJSUvye9zabja1btzJixAj+97//cezYMSwWC1arFY/HQ7Vq1fjggw8oXLgwLpfLrCGmTp1KdHQ0e/fuxe12m4Fzu92O0+lk2LBhrFu3jkKFCtGyZUsCAwPN79OgQQNq1qwJZNcSu3btIjU1VXWFiIhIPpFz5bK4uDhcLhfHjh0jMzOT0qVLM3jwYBwOh19uwei7aNCgAWPGjDFrA7fbza+//sr06dNZs2aNue+Zq6IYA9n//vtvVq9eDWDWHRUrVqRixYpX+rZFREQUNBcRkcvDeOH59ddf2bNnDwBly5ZlxIgRlClTxmwohdOdrUWKFCE5OdlcutoY5Tt69Gjg7NHAxraAgAAaNmxobvvzzz8BzOWoRERE5NqbMWMGw4YNM2f9vBxh8z59+lxy2Nzn83Ho0CG++eYb4uLiAHC5XLz44ovUqFHjyvwYIiIictkZHa2bNm2iZ8+eJCUl4fP5iIiIYODAgXzwwQd88sknDBs2jL59+17wOV+/fn0GDRrkFzbPyMhg4MCBvPXWW6xdu5bDhw8TGxvLU089xVdffQVkD4S/4447AK2EIiIiUhDkXJn1ySefJDU1FYDg4GCuv/56qlevTmBgoBkQO3jwILNnz+aTTz4hPj7eDJu73W5q1KjB/PnzKVmyJG6326whFi5cyMCBAxkzZgzbtm1j48aN/Prrrzz66KN8/vnnAERERFCnTh3gdA1RsmRJ2rRpA4DD4SAtLY19+/ZdxV9HREREziXnymXvv/8+jz/+OKtXr6Zo0aIEBATgcDjMlUnOzC0Y+YgWLVowePBg82+Xy8Xvv//Om2++ybJly4DTdYHP5zOD7bGxsQwePJisrCyqVatG8+bNr8o9i4iIGOzX+guIiEj+ZTSM+ny+C86YYQTFly5dSnJyMgEBAbz66quUKlXKDJiB/wvYihUrmDRpEseOHcPtdtOoUSNmz57td+0zGd+jfPnyQHZj65EjR0hLSyM0NPRy3bqIiIhcgnfeeYfJkydTqFAhwsLCePHFF81a4Myw+fDhw/n111/Jysoyw+YAvXv3Nvc1aoc6derQp08fIHtwW2ZmJpAdNn/77bd54IEHzLB5ztqldevW2Gw2BgwYYC5VnXNGkTFjxnDvvfcC5KnuERERkWvLeF5v376dZ599lszMTAICArj++usZO3as2WYAXNTMXvXr12fw4MGMGzeOv//+G6fTCcB7773HwoULsdvteDwekpOTzWMGDRrETTfddNnuTURERK4si8VCfHw8b775JqmpqTgcDmrUqMGYMWMoV64cAQEBfPPNN3zzzTfmwLKEhAQWLlyIz+ejQ4cOlChRApvNhtvtpnr16syYMYOBAwcSGxuL2+0GICYmhpiYGBYvXozT6SQ4OJj09HTze/Tv35+6deuafxvtHxUqVKBIkSKkpaUB5NpPIiIiIlef0W8wffp0Jk2aBMDs2bNp164dkZGRFClSxAyan4vNZqN169a43W7GjRuH1+vF6/Wybds2Bg4cyN69e2ndujVlypTBYrFgsVjYunUrr776Kvv27cNqtVK7dm0iIiKu+P2KiIjkpDdTERHJ1SeffEJmZiYdOnQgODg4T6GrTZs2sWXLFiwWC0WKFKFChQr4fD6/kLlxjpUrV/LWW29x+PBh3G43jRs3ZtasWcC5A+7GDKUWi4VKlSpRtGhRTpw4wYEDB4iPjyckJETBMBERkWts1apVTJ48GcjuJP3www/xeDwMHDjQ3OdSw+ZPPfUUcHFh84ceeoioqCjGjx/PwYMHSU9Pp0qVKjzxxBPm7B8KmYuIiBQMFouFI0eOMH78eJKSkoDskPjo0aMpXbq0OeD9zGd7zpriTMZn9erVY9CgQUyfPp1169aRmpqK3W4nNTXVnE0MskNfI0eOVB0hIiJSgBjP63379pkzhd94441mDWEMMmvatCn169enePHizJw5E4DExEQWLVoE4Bc293g8VKlShbfffpsPPviANWvWcODAAWw2GxaLxawx0tPTsVqt2O12hg8fTrNmzfy+k1GjpKamkpmZaW4LCwu7yr+SiIiInIvb7Wbr1q1AdrvA+vXr8Xg8FC9enD179vDXX39xww03nPccoaGhdOrUiZCQEIYNG4bX68Vut+N2u5k6dSqrVq2iZMmSlCtXjpSUFL799lsyMjIAqFKlCs888wwhISFX/F5FRERyUtBcRETOYsxCWqlSJYKDg2nZsmWewubJyclkZWUBEB4eTvny5c39zwyZT5w4MU8h86SkJBISEqhZs6bftWvVqkVQUBAAI0aMoEqVKlfktxAREZGLc88999CsWTNWrVpFZmYmdrvd7DzN6VLC5rVr177osLnP56NRo0Z88MEHZGRkkJWVRWhoKFFRUebnCoeJiIjkf0aIfP369Wzfvh2fz0fp0qUZOXIkpUuXxuv1mgPez2yTMGqJo0ePkpKSQlZWFmXKlCEkJISgoCCzTaJOnToMGDCA5cuX8+mnn3L48GHz+sHBwVSrVo0nn3ySpk2b+p1fRERE8jfjeb18+XKOHj1KsWLFGDFihFlDBAQEANltFlFRUfTr1w+Hw8F7770H5B42N1Z7LVu2LP369eP+++9n7ty5rF271myvAAgLC6N27dp069aNu+66C/CvIYx2j/379+N2u/F6vTRq1Ijrr7/+av08IiIicgF2u52xY8cSGhrKZ599BsDGjRtxOBz4fD62b9/ODTfc4Lfie24CAwNp3749UVFRDBw4kJSUFCC7VomNjWX79u3m38ZkfFFRUUyePJmyZcte4bsUERE5m8VnPJFERETIDoG/8MIL5t/VqlWjS5cutGrV6oJh81WrVvHss89isVgoX748y5Ytw263+wXD8hIyN6xfv553330Xt9vN0KFDqVy5sjkDSFZWFp07d6ZLly48/PDDwPlnJhMREZErL+eAsWeeeYYffviBBQsWcOONN+LxeLBarWd1oBr/HjlyxC9sDtmNts899xy9e/f2O8bw999/M336dL+wOWCGzSFvwS+Fw0RERAqenj178ttvvxEYGMiECRNo2rRprh25xnP+xIkTrF+/nm+++Yb169dz5MgRACpWrEitWrXo168fZcqUweVy4XA4AHA6naSmprJ48WJOnjxJWloaTZs2pWLFipQvX97v/CIiIpI/GW0J8fHxAJQoUYL+/fuzbNkyBgwYwGOPPXbeMJjX62XSpElm2BwgMjKSRx55xAyb+3w+fD6fX5vF77//zqFDh8wBa3fccQdRUVGUKlUKyD1kvmPHDrp3786JEycoVqwYzzzzDJ07d1bfh4iISD6Tnp7OG2+8weeffw6Aw+HA5XJRrFgxPv74Y8qXL3/B57dRC2zbto0PP/yQjRs3cvjwYb9+E6/XS1hYGFWrVmXEiBFUqlTpKt2hiIiIP81oLiIifho1asT//d//8f3335sjZhcsWABwwbB5zm0HDx7kxx9/5O677zYbaPMaMvf5fOzYsYPnn3+e48ePA5CWlmae32q1EhwczHvvvUfx4sUBhcxFRETyA7vdbnbOTps2jbi4OCpWrIjb7Qaya4WDBw9SqlQpbDabX2Pp1ZrZPDcKh4mIiBQsR44cYceOHVitVkJCQqhQoQKAWSPkfPZnZmayZ88eRowYwYEDB0hMTMRms+Hz+bDb7ezdu5e9e/eyceNGZs+eTfny5c16xm63U6xYMfr06ZPr91DIXEREJH8z2hDWr1/PM888Q8eOHenUqZM5c7kR+j7fjKNWq5W+ffsCnHdmc6MmMOqIhg0bnvOcZwbbjZB5dHQ0J06cAKBq1arcd9995uciIiJy9Vwoe1CoUCGGDRsGwOeff47L5SIwMJCkpCRef/11Ro0aZQ5GO1e7gdF3UbNmTYYOHcqRI0eYN28eBw8eZMuWLYSHh3Pddddx9913c+edd5q5CBERkWtBb6UiIuKnaNGijB49mnvvvdd88THC5kuXLiUjI8NviaacqlevTtmyZbFYLHg8HjZu3Gg2li5fvjzPM5lbLBaKFSuG3W43jz906NBZ14uKigI4a6YQERERuXZsNhsejweLxULFihXxer1Adgh9w4YNtG/fnjfeeMOc4dz4N2fYvEmTJgQGBgKYYXOjM9fY12CEzZs0aUJQUJC5/YUXXmDlypUA56xdREREpGBKSUnh+PHjeL1evF6vucS0wejEXbduHZMnT6ZXr15s3LiRxMREs83CZrP5DYY7fPgwzz//PAkJCWZbRM7gOuBXg+S8joiIiORPVquVDRs20LVrV1JSUli0aBHLly83Py9ZsiRw9jM+t/P07dvXXHENTofNFy5caM6WDrmH1n0+n981lixZwoEDBzhx4gT79+/n+++/57HHHuOvv/4CoEyZMrzxxhtERkb+sxsXERGRfyxnyHzx4sVs3rw51/2MsHnr1q0ByMrKwmq1smnTJqZNm0ZSUtIF+yaMdoWiRYtSs2ZNRo0axdy5c/n666/5/PPPeeedd2jfvr1C5iIics1pRnMRETlLWFgYI0aMAODbb7/N88zmxYsXp1SpUhw8eBCAGTNm0KBBA4KCgnjrrbc4cuTIBUPmkP3yVqxYMcqWLUtCQgKQvVz1mYxrq2NXREQkfzlzVi5j9rAePXrgdrtZtWoVwcHBDBgwwAymGzOc/9OZzY2ZRs+c2Xzy5Mncd999qhdERET+RUqWLEmFChXMgNbq1aspX7682fF6/PhxPv/8c+bNm0diYiIul8s8tnz58jRs2JDq1auTlJTEzz//zN9//w1AXFwc3377LV26dPFr88i5wpqIiIgULAcOHDD/n5yczHvvvUflypUBWL9+PTfeeGOe2gzyOrN5biwWi3mNuXPnMmrUKIoUKUJ4eDgul4v4+Hg8Hg8AkZGRvP/+++aKLSIiInJ1Ge/+s2bNYuzYsZQuXZp33nmHGjVqnLXvmTObe71eTp06xapVqwgKCqJPnz5ERETkaUW0nPsUK1Ys1+0iIiLXioLmIiKSq4sNm3u9XgICAujduze7du0iOTkZgKeeeorIyEhOnDiRp5A5ZL+8HTx40JzFPCgoiHLlyl2N2xYREZErZNGiRbjdbhwOB0lJSXz22WcAly1sXqdOHZ566inAP2z+/PPPM378eB588MFrcNciIiJyJQQGBlK8eHHi4uIA+OCDD4iNjaVSpUocOXKEw4cPExMT43eMw+GgX79+3HLLLVx//fXm9ltuuYV33nmHdevWkZGRwdq1a+nSpYs6cUVERP4ljFlGX3nlFSB7ZZSNGzcCsHPnTuD0SmgXev5fStgcsld+HTduHJA9uU5cXJx57UKFClGxYkXGjx9vBuFFRETk2vj8888ZO3YsgLkC2qRJk6hZs+ZZ+54ZNofsAfDLli0DyHPYPOdn5/q/iIjItaIpWERE5JyMsPm9995rvvgYYfOlS5eSkZFhNoIaIa9q1apx2223YbPZzBB5UlISbrebO+6444Ihc2PZ6v3795sBsRIlSlC9evWrccsiIiJyhYwdO5ZWrVrhcrmwWCykpKSwZMkS3nzzTTNk7vF4zAC5ETZv0qQJgYGBAGbY3OjMNfY11K5dm6eeeoomTZoQGhpqbs/IyLi6NysiIiKXVc5lpr1eL8HBwQwdOpTIyEhz++rVq5k1axYrV65k8+bNZkds6dKladGiBR999BE9e/Y0Q+bGymmNGjXirrvuMq9x+PBhTp48ed6lrUVERKRgad26NaNGjTL/DggIAOCrr74yA2FGX8eFGGHz3r17m9uMsPnixYuJj48/57F79uwhPDwcwOz/8Pl8XH/99XTr1o1p06YpZC4iIpIPnDp1iipVqmCz2bBarezfv5++ffuybdu2XPc3wubGADfIzkgsW7aMd999l+PHj+e51hAREcmPLD49xURE5AJSUlJ49dVXzZnNfT4f1apVo0uXLubM5jlnFP3jjz8YMGAA8fHx2O12PB4PDoeDKVOmcOedd+JyuXA4HGddxwiZOZ1OOnXqxJYtWyhUqBDPPfccPXv29LuGiIiIFBzGADOfz8dLL73EsmXLzJqiSJEitG3bNteZza1WK0eOHPGb2RzAbrfz3HPPmZ26Z9YIW7ZsYdKkSfz000+MGjWKtm3bXpP7FhERkX/mQu//Rr2watUqoqOjSUpKwm63m4PXIXvW8xtvvJFnn32WSpUq5Tp7mHGdNWvW8MQTT+DxeGjSpAkffvihZgwTERH5F1qyZAmDBw8GsldSzczMpGrVqgwZMoTGjRsD5Glmc8iuIyZNmmQOhgcoXLgwHTp04NlnnyUoKCjX4zZv3syePXuIi4sjJCSEiIgI7rvvPhwOhxmAFxERkWvv008/Ze7cuezYscOc9KZ8+fLnnNkcID09nTfeeMMcyAZQrFgxWrRokeeZzUVERPIjBc1FRCRP8hI2Nzp6AVatWsULL7xgBsvcbjeFCxcmOjqaBx980Dyv8blxbGZmJoMHD2b58uVYLBauu+46Ro0a5bestYiIiBQ8xrP+aoXNY2JiOHXqlNlRrAFrIiIi+Z/R2ep2u3G73axatYq0tDQyMzNp0qQJYWFhFC9e3O+Ybdu2MWbMGBITEzl69CiFCxemadOm1K1bl5YtW573ekabxJw5c3jzzTdxu920bNmSMWPGqG4QERH5l8oZNrfZbFgsFho2bMhTTz1FgwYNgEsLm0+cOJHmzZvnuq/qCxERkfwv5zP7f//7H/PmzVPYXERE/vMUNBcRkTy72LD5l19+yYABAwD8ZhZ76qmnuOOOO6hfv755bq/XS1paGoMGDeKXX34hKysLm83GpEmTaNq06dW/WREREbnszhc2DwsLo02bNpc1bG5Qo62IiEj+ZzzH4+LiWLp0KatWrWLnzp3m53a7nXvuuYd+/fpRoUIF4PQz3ul0ApCWlobdbqdIkSLmcTnbKXIytp86dYpOnTqxc+dOihUrxvTp06lbt+4VvlsRERG5nHJ77z9fW0DOsDmAw+GgUaNG9O7d+x+FzSdMmMCMGTMYOXIk7dq1+8ffWURERPIHhc1FRET8KWguIiIXJS9hc2NGMIAVK1bw6quvcurUKfPFC6Bs2bLUqlWL6667jsKFC7N9+3Y2bdrE3r17zWuNHTuWVq1aAWp0FRERKQjO9bzO2Sh7pWc2P1eYTERERPIv41m/efNmoqOj2b9/P2lpaVitVqxWq9nO0LJlS5555hnKlCljHntm/WGc63ztCEa9kJWVxXPPPcdPP/1EQEAA9957L4MGDSIyMvKK37OIiIhcGR6PB4vFctZA9DNrg8sdNt++fTu1atUy/9bs5SIiIgXb1Qibq2YQEZGCQkFzERG5aBcbNl+9ejXTpk1j165dpKenmy9LRug8J7vdTkhICMOGDaNFixaAQuYiIiL5nfGsdrvdOJ1Otm3bhtfrJSgoiDp16ph1gdFoavx9uWY2DwoK4oknnuCZZ565xr+EiIiIXCzjGb9x40aefPJJUlNTAQgODiY8PJxy5cqxe/duKlWqxIABAy55tnGjDsnKyuK1117jyy+/xO12ExkZyZtvvknjxo0vx22JiIjIFWa0RaSmppKQkMD//vc/EhISSE5OxmKxUKtWLRo0aECDBg0ICQkBzh6c/tlnnzFo0CDz70sJmxsUGBMREfn3uFJh85YtW/LYY49poLuIiBQYCpqLiIjpXA2guc0MerFh8+3bt7Nq1SqWLFnC4cOHc71+WFgYDRo0oFOnTtx2222AQuYiIiL5nVE/7N69m08//ZSff/6Z2NhYACwWC9dffz3169ena9euVKhQwTzO5XLhcDguOWzu8Xhwu90ALF26lOrVq1+T30FEREQunvHOHxMTQ48ePUhPTwegTJkyDB8+nIoVK1K6dGn27t2L3W6nXLlyl3QdQ1paGoMGDeLnn38mMzMTgIkTJ9K8efNLvykRERG54oz2gdjYWGbPns369euJi4vLdd8HHniAJk2a0L59e+DqhM1FREQkf/onA8Iud9jcWL2tV69evPDCCxqgJiIiBYKC5iIiYjaSGo+EAwcOkJmZSVRUFOHh4bnuC3kLm+dstHW5XKSkpDBnzhzi4uKIiYnB5XJRsWJFIiMjzQBa8eLFz7qWiIiIXF1ff/01ZcqUoXbt2ufcx2hgjYmJYcCAARw+fBiXy3XW7OWQPaBs0KBBNGnShKioKACcTicBAQEAvPTSS3z11VcXFTYfPXo033zzDQCjRo2ibdu2V/hXERERkcstNjaWPn36cOjQIQIDA6lfvz4jRoygbNmyeTr+XJ3ExvaffvqJQ4cOUaNGDVwuF/v27WPu3Lns2rXL3HfMmDG0bt0aUFuEiIhIfpezLeLll1/myJEjZGVl+fVxnCkkJITmzZszfPjwXD9fsmQJgwcPNv9W2FxEROTfJ2f7wZw5cyhevDjNmjW76GMvR9g8JCSExYsXU7ly5Uu/MRERkatAQXMRkf8446Voz549rFixgtWrV7Nr1y7S09MpXrw4pUuXpn379tSrV48qVaqYxxmNqnkJmxvXMP41jk1LS8Pr9VKkSBE10oqIiOQj77zzDpMnT6Zp06Y8++yz1KhR46x9cs5A2r17dzIyMgDMMLixD4DdbsftdhMQEED79u1p1aoVdevWBU6Hzf/JzOaHDx9m6NChPPTQQwqHiYiIFEAnTpxg9OjRrFixAqfTSb169Zg4cSKlS5c+Z4D8Qs/6nJ/v2rWLli1b4vV6zXrE4XCYA+MKFSrEsGHDePDBB/N0bhEREbm2jGf1X3/9RY8ePcy2iEKFCvHAAw9QunRp7HY7mzdvZtOmTSQlJZnPdp/Px1133cWoUaOIiIg469ya2VxEROS/YcaMGbz55pvYbDYmT57MPffck6fjzgybz507l507d15U2HzgwIF8++23fPXVV1StWvWy3ZOIiMiVpqC5iMh/WM6ZP4YMGcL+/fvJyso6q/M1NDSUqKgoBgwYwP/93/+Zx19M2DxnA2zO4LnFYvGbaUSNtCIiItfWpEmTmD59OgChoaHceuutPP3007mGzXfv3s1zzz3Hnj17AChevDg9evSgePHiJCcns23bNpYvX47T6TTD53a7nbvvvpsuXbrQqFEj4Pxh8yJFitC2bdtzhs0zMjIIDg4G/tmylyIiInL1GW0E27dv55lnnuHQoUOEh4fzySefUKFChVyf6WcOYl+1ahXJycns3buXypUrU7lyZW688UZz/9TUVJ5++mnWrVsHYK625vF4CAsLo3bt2vTo0YPbb7/d7zuJiIhI/rZ9+3b69OnD0aNHCQgIoEaNGowePdpvopzMzEwOHz7MyJEjiYmJITU11ez3qFmzJu+++y4lSpQ469wKm4uIiPy7rV69mt69e5t/BwYGMmHCBJo2bZqn43O2VyxatIgZM2YQFxdn1hnlypVj0qRJ1KpVK9fjMzIyOHnyZK51iIiISH5mv9ZfQERErg2fz4fVamXTpk306NGDzMxMIDvo7Xa7Acx/MzMz2bt3L08//TQvv/wyrVq1olixYlgsFrxeL2FhYYwYMQLADJvHxsayYMECgLPC5sbLV85OYzXMioiI5A+lS5c2/5+WlsbPP/8M4Bc293g8+Hw+PvvsMw4dOoTFYqFhw4YMHz6ccuXK+Z3v//7v/1ixYgVff/01brcbt9vNDz/8QFpaGm63m9tuu42AgABcLhcOh4MJEyZgsVj46quvsFgsnDx5kiVLluDz+Xj55Zf9wuaAGTI3ahsRERG5NnI+ny/EaAP46KOPOHToEHa7nY4dO1KhQgW/8+QMclmtVo4dO8aSJUv47bffWLt27Vnn7devH4888ghFixalcOHCdOrUicKFC7N582bS09MJDw8nIiKCnj17UrNmTSpWrHjWdURERCT/On78ONOnT+fYsWMA1KtXjzFjxlC6dGncbjd2u91sH6hcuTIzZszg6aef5pdffjEnu7FarecMd7Vp0wbADJu7XC7Wrl1rDni/5ZZbVDOIiIgUYGFhYbRo0YLvv/+ejIwMsrKy6N+/f57D5jkHwD/yyCMkJiYyefJkfD4fDoeDAwcO0Ldv33OGzYODg80+DRERkYJEQXMRkf8oi8XCjh07eO6558yQeWRkJO3ataN48eIcOHCAgwcPsmrVKrOB1u12M27cOI4dO2Z2AFutVnw+30WHzUVERCR/at++PYGBgbz88stA9gwbZ4bNbTYbqamp/PTTT2RlZVGtWjVGjRpF6dKlzUZWo35o2rQplSpVolKlSrz//vs4nU7cbjd//PEHgYGBBAUF0aBBA3MlFYfDwfjx4wH8wuafffYZVquVl156KdcQm+oLERGRaydnODwuLo7y5cvn6dlshMR8Pp852O3M1dAA4uPj2bp1K6NGjeLo0aO4XC6sVqvZwWu323E6nUycOJHU1FT69u2L3W6nefPm3HPPPaSlpXH8+HGKFi1KWFgYAQEB5ndQO4WIiEj+Z9QFO3bsICYmBo/HQ9GiRRkxYoTZFmG3n+72Np71P/zwAzt37sTr9eJ2u7n11luZOXOm3znPdGbY3Ofz8eOPP3Lq1CnefvttihUrdqVvV0RERPLIeKc/893+XO/69erVw263Y7PZWL58OW63+5LC5k8//TQxMTH8+OOP+Hw+7Hb7BcPmIiIiBZGmexMR+Y9KS0vjww8/JCkpCbvdzi233MLHH3/Miy++SJcuXXjllVeYOnUq48aNo0qVKn4vYrNmzWLmzJns3r0bwHx5M8Lm9957r/nyZoTNly5dSkZGhrmviIiI5D/GM7ply5aMHTvW3G6Ezd955x22bdsGwMaNG9m5cyehoaEMHz7cL2QOmLOIAVSpUoWuXbsycOBAAgMDgexA2i+//MLixYvZs2cPkL0ktcfjAWD8+PE8+OCDZk2Rnp7OggULGD58+NX5MURERCRPcobMn3/+ebp06cKmTZvO++7v8XjIysri4MGD5t9//vknTqfzrFXQvvvuO8aOHcuAAQM4cOAALpfLXGEtIiICu93uFyz74IMPWLp0qfl3QEAAxYoVo1q1akRFRREQEIDX6zU/V8hcRETk2jh16lSe9zXqgoULF3LkyBHsdjuPPfYY5cuXx+PxmJ/nDJWtXLnSHKTmdrtp3LixGTJ3u93nXRWtTZs2jB492pyAB6Bdu3YKmYuIiOQTRpuD8dy3WCycOnUKp9Pptz3n+79xTO3atenWrRvNmzc32xOMsPmqVavydH2r1Wr2ZTzyyCMUKlQIn89n1g0HDhygf//+xMTEXOqtioiI5AsKmouI/EedOHGCmJgYvF4v1apVY/To0ZQrVw6Px4PP5/MLmr3++uvcd999FCpUyDx+4cKFfPLJJxw+fBg4/bJ2vrD5l19+aYbNRUREJP/JOSCsVatWuYbNp0+fTlxcHEWLFgWgbNmyVKhQIdeZwHI+84sWLUrbtm0ZPHiwGTZ3u90sX76c77//Hshu6LXZbGeFzY19nU4nN91005W5eREREflHjJD5yy+/zDfffENiYiKvv/46GzduPGfY3GazERgYSJMmTcxtf/31F4sXLyYtLQ2Xy8W6desYN24cffv25euvvyYtLc3c94477mDgwIF89NFHLFiwgJdffpkyZcqYn8+ZM4f4+PhzzmB2vmCZiIiIXHkTJ06kc+fOxMfH5/mYzMxM9u/fb4a/y5YtC5yuRc4MmU+cOJEjR46YIfNZs2YBmCuwGXWKy+XK9Xpt2rQhOjoagOHDh9O6dWvzOiIiInLteL1eLBYLHo+HEydOMGvWLPr370/Lli3p0KEDAwcOZOXKlaSlpfkFwnP2f9SpU+eSw+ZGDVK1alUcDgdVq1alQ4cO5md79+4lOjraDL+LiIgUZPYL7yIiIv8GRvjL6XQSEBDAunXriIuLo3DhwowePZoyZcrg9XrNFyI43TDboEEDihYtStGiRVm6dKnZuTtv3jyKFCnC008/jc1mM/c3wuYA3377rRk2//DDD8nKyqJz585+1xEREZH8I+cyk61atQJg4MCBQHbY/KeffsJqtVK/fn3sdjuRkZGEh4fnqaM1ODiYFi1akJGRwYQJE3C5XLhcLiZNmkS9evVo0KCBX9jcZrMxfvx4XC4XX3/9NaNHj+ahhx66ovcvIiIiF++XX37hhx9+ALJXNdm+fTvR0dG8/vrr1K9f/5wDzq+//nqCg4PJzMxkz549vP3228ydOxe73U5SUhInTpww9w0MDCQsLIyBAwdyyy23EBUVBWQPeqtatSoBAQEMHz6cjIwMEhMTcTqdGuguIiKSD02dOpX3338fyG5vGDt2LCVKlLjgccnJyezfvx+v10tgYCCVKlUCzp7R1AiZHz58+Jwhc2P/I0eOsGHDBho1akRkZORZ12zfvj0NGzakfPnyALkOshcREZGrx+g3yMjIYOHChfzwww/8/vvvZr/GkSNH2LZtG7/99hs333wzQ4YMISIiwnyG5+z/MMLmAMuXL8ftdpth8wkTJtC0adM8fafixYtTrFgxMjMzuffee/F4PPzvf/8jNDSUMWPGEBAQcCV/EhERkatCb8IiIv8BxovTpk2bmD17NsePH6dw4cIA1KxZM0+zkFatWpVHH32Uhx9+mJCQEHP7tGnT+Oqrr87a/8yZzQH2799PqVKlFDIXERHJ5843s3lmZia//PILa9aswePxkJqaah6TF6GhoTRr1owOHTpgt9uxWq24XC7eeustjh8/bp4n58zmkyZNYv78+bRp0wbwX+5SRERErr0mTZrwzDPPULlyZdxutzngPDo6+rwzmz/00EM89NBD+Hw+rFYr6enpxMXFsWfPHlJSUsx2isqVK9OjRw9mzpxJixYtzJC5USsEBwfTsGFDQkNDATh+/Li5ApuIiIjkHzt37uTLL78EsgenrV27lpdeeinPM5tbLBa8Xi9ZWVls27YNyJ6R/GJD5gA//PADPXv25OWXX+a777475zUVMhcREckf3G43NpuNtLQ0Bg0axIcffsjvv/9+1n4Wi4Vjx46xcuVKXn31Vb/2BePzyzmz+f79+0lISMDpdFKrVi26dOlCp06d+Pjjj6levfpluHMREZFrT2/DIiL/AVarlfXr19OxY0cmTpzIvHnz2LVrFwBRUVEEBwfnKRxWoUIFHnnkEVq0aEFwcLC5PTo6mg0bNpy1f1hYGCNHjuSuu+4CYNSoUXke+SsiIiLX1vnC5mlpaaxduxafz8fOnTv58ccfL+rcJUqU4MEHH6R69ermiir79+9n7969wOnZyHKGzRs0aACoY1dERCS/MZas7t69O4888ggVK1Y0Zwc7X9jceMa/8cYbPPzwwzgcDnObz+fD5/NRrlw5WrRowaxZs3jqqaeoWrWq33lyDmQPCAjAbrdjsVgoXrw4pUqVugp3LyIiIhejcuXKPPXUU9SrV88cnLZu3bo8hc2LFStGuXLlzBDY5s2bAcxZQi8mZO7xeJg6dSr79u3D6/Xy119/Aecf2K62CBERkWvHeJafPHmSxx9/nJUrV5KYmAhAtWrVuPPOO7n55pupUqWK2W7g8/n4/fff+eijj3C73X7nuxxhc6Nu2LdvH1lZWTgcDhwOBzVr1mTQoEFUq1btsv8OIiIi14reiEVE/gPi4+Pp1auX+fecOXPYvn07VquVgwcPXtRy0pUrV6Zjx47Uq1cPq9WKw+HA6XTy6aefcurUqbP2L1KkCGPHjmX27Nm0bdsW0CykIiIiBcX5wubG8zwjI4M///zT3H6uGUvPVK9ePR566CEgu4P32LFjfP311+Z1DWeuhKKOXRERkfzFarX6hc07duyYp7B5zgFlI0aMYOTIkTz99NM0adKENm3aMGzYMCZPnsyECRMoUaIEQUFBwNmrqBidxXFxcaSnp+Pz+QgPDzdnPRcREZH8wefzYbfbeeihh+jUqRN16tQx64W8hM0DAgIoW7as+exftGiRGf76+uuvmTBhQp5C5saA9xtuuMHcbgTV8tpPIiIiIleP8SxPSUmhS5cubNq0CcheHeW1115j+vTpvPvuu8ycOZMPP/yQ5s2bmwPYT506xZo1a3Ltt8hr2Pybb77xO87r9ZoT4sTGxjJy5EhcLhcVK1Y0V5U3BsKJiIj8W6iHXkTkP6BQoUI89dRTBAYGApCens6qVavwer0cO3aM7du3A3kPgNeqVYuePXvicDhwuVx4vV7WrFnD8ePHc90/LCyMRo0amddQQExERKTgOFfY3OVymbXF+++/bza25qVT1qg52rdvT9WqVc2G26SkpMv+/UVEROTKuxxh8wcffJDnn3+eGTNmMHr0aDp37mwuMX2u9gqPx4PdbsfpdDJu3DhSUlIICwujZ8+eBAcHa6C7iIhIPmHMXu7z+bDZbLRo0YKuXbvmOWxuPNPbtWtHREQEVqsVn8/HokWLmDp1KhMnTuTIkSMXDJnD6QHsQUFBZmi9ePHigILmIiIi+c2ZIfPY2FgcDgcVKlRg+vTpdOzYkbJlywLZwfMSJUowceJEmjVrZrY/rFu3jvXr1+d6/ryEzQcMGMAnn3xi1ihWqxWr1crOnTsZOnQo8fHxFClSxFzlPa+T8YiIiBQkSvqJiPwHFC5cmK5du9K3b9+zZgU9fPgw3377LYDZOHs+xud33HEHzz//PJDdMXz06FE+//xzv31yo5C5iIhIwXOusHlWVhbBwcEAjBkz5pyNtWcy6oGQkBCKFCliduympqYqECYiIlJAXUrYPCev1+u3zLVx7jN5PB5sNhtZWVm89NJLxMTEYLPZqF69OnXq1DnncSIiInL1zJ49m7i4OOx2Ox6Px2xfsNvtFxU2N57p1atXp2zZsni9XjweD2vWrGHmzJkcPHgQt9vNrbfeysyZM4HcQ+aQXUOkpqaydetWM1heokQJQKuxioiI5Cdnhsx37dqFw+GgcuXKvPHGG9x+++3A6bYDi8ViDmbv168f1apVM2sBp9N5zuvkJWw+cuRIxo4dy//+9z9+//13vvjiCx577DE2b94MQIUKFbj33nvN84mIiPzbqKVdROQ/onDhwjz88MP0798fm82G2+02l2yaNWsWK1euBPxfpHJjsVjMxtbGjRtTtGhR82UpOTnZ3EdERET+Xc4VNs/IyMDhcBAfH8/EiROJiYnJ0/lcLhdut9sMpEF28FxEREQKrn8aNj/zHEZtkFv7ghEss9lsOJ1OXnvtNX7++Wcge2nqXr16UaVKlSt3kyIiIpIn06dPZ8yYMXTq1ImDBw+aK5nkDJs/+OCDeQ6b+3w+SpYsyaBBg3A4HOa2jIwMPB4PN9xwAzNnzsRiseB0Os8ZMrfZbKSmprJ//358Ph/h4eG0bt0a0CA1ERGR/OJcIfNKlSoxZMgQGjZsCGDWDwZjMHuxYsWIiIgwV1UJDQ294DWNDESdOnV49NFHadWqlVlzuFwuli9fzquvvkqfPn0YOHAgx44dw+PxEB4eztixY82BayIiIv9GelsWEfkPKVKkiF/Y3Ol04nA48Hg8LFiwwJyF9EJhc6OxtVatWpQoUcJ86UpJSbnyNyEiIiJXxLlm7cpZE5wrbO5yufD5fPz9999MmjSJv/76K9fjDR6PB4fDQUpKCocPH8bn8xEaGkqLFi3UqSsiIlLAXY6weW6SkpLM8/t8PuLj4+nTpw9ffPEFGRkZAAwfPlxLVYuIiOQDn376KZMmTQLg+PHjdOrUiQMHDpwVNrfZbHme2dyYBKd+/foMGjTInCXdZrNhtVqpUqUKe/bsAbIHn53ZzmHsm5mZycCBAzl8+DCBgYE0bdqUiIgI1Q4iIiL5xPlC5q+++iq33HILcHbIPKdChQpRtWpVAIKDgylbtixHjhxh06ZNzJgxg/fee49ly5b55SOsVqs5I3rt2rXp3r073bt3JzAwEMiuL4yMhVE3lC9fnvnz51O5cuUr+puIiIhca2cP5RYRkQLrzJep3F6ujLA5wIQJE3C5XABs2rSJjz/+mEKFClGrVi2zofdcL2dut5v09HROnTplvkgZL1nnO05ERETyF+O5bXTYrl+/nszMTCwWC/Xr18fhcBAYGOi3n/H/Vq1aATBw4EC8Xi8ul4s//viD0aNH88ILL9CoUSOzJvB6vVitVrOROCsri2HDhpGQkABkN8hWqlTpmv0OIiIicvkYYXOr1Ur37t0B+OSTT9i3b59f2Pz111+nfv3652xDMM7xyy+/MG3aNK6//nqKFStGXFwc69ev5+DBg+a+Y8aM4cEHHwTULiEiInKt2Ww2atWqxc6dO/F6vRw7dozOnTvz0UcfUa5cOTP0bcxs3qJFCwDmz5/P5s2b/cLm48ePN2cINQant2jRguPHjzN9+nTcbjcAX331FceOHaNDhw40bdrU3Ne4lhEMi46OZt26dQAULVqUVq1aaYU1ERGRfOJyhMwhe6Db5s2bAWjUqBHbt2/njTfeIDU1lZMnT/rt++ijj/Lggw9St25dc1CczWbjuuuu47HHHqNu3bqMGTOG5ORknE4nkN2fUadOHV544QXKlSt3hX4NERGR/MPi0/BsEZECz3iR8vl8uFwukpOTCQ0N9WscPfNl6+TJk/zvf/9jwoQJ5sjcgIAAWrRoQefOnalTp06ux8HphtnDhw/zyCOPkJiYSOHChXn77bdp0qTJVbhjERERuRyM8Nb+/ftZtmwZX3/9Ndu3bzc/r1ChAg0bNqRbt25Uq1bN3B/8a4SlS5cycOBA4PQso0WLFuXVV1/lgQceMJerNGRmZjJs2DC+/vprsrKysFqtTJ48maZNm16lOxcREZGrwagdfD4fc+bM8Qub+3w+qlWrdsGweVxcHB07diQ5OfmszwIDAylWrBgDBgygWbNmgELmIiIi+cXKlSuZOXMmMTEx5iC0qKioXMPmFosFj8fDV1995Rc29/l83HzzzWbYPOdz/uDBg3zyySfMmjXL7OOwWq0EBQXRo0cP7rvvPqpWrWqG1Y4dO8aIESNYv369GU6fOHEizZs3v2a/kYiIiJxmPOdTUlLo2LEje/fuxW63U6JECUaMGEHjxo399suNUV9s2bKFxx9/nBMnTlCqVCmSkpLIysoCTq/c6nA4zEn5br31Vh599FG/VdJyXuPYsWPExcWxb98+7HY7jRo1IjQ0lNDQ0Cv4i4iIiOQfCpqLiBRwRqdtbGwsS5Ys4ZdffiE5OZmgoCCaNm3KXXfdRaNGjcz9c74UnStsfvfdd9OpUyfzOGPJa4vFYo4idjqdPPvss/z0009YLBbq1q3Lm2++Sfny5a/+jyAiIiIXzaghNm/eTHR0NAcOHCA1NRW73W7WC263G6vVSqlSpZgwYQL16tXLU9g8ICDAnNmjRYsW1KlTh7vuuosTJ06QkJDA+++/z99//w2A3W5n5MiR5uzoCoeJiIj8u1xK2Nzj8fD+++8zf/58kpKS/D4rVqwYd9xxB23btuXmm28GVEeIiIjkBznbDVasWMGsWbPyHDZ3u90sW7Ysz2HzhIQEPv/8cyZNmoTH48Fut5sh8hIlSlCsWDFKlCjB4cOHSUpKIjEx0fyeY8aMoXXr1oBqCBERkfzC5XLRr18/vv32W7N2iIiIYPLkydSrVw+73X7OY426IiUlhZ49e7J161bzs4iICG644QYiIyMJDAzk22+/5eTJk2RkZJj73HXXXTz33HNcf/31frVBztpGRETkv0pBcxGRAsx4qfnrr7948cUXSUhIwO12m6NvjRetoUOH0qFDB/O4C4XN7XY71apV49FHH6VNmzZnXTcrK4thw4axYsUKnE4ndrudSZMmcc8991yFuxYREZFLZdQQGzdupE+fPqSkpADZs4JaLBYCAgLM5SONTlq73c6cOXO46aab8hQ2Dw4O9mukLVSoEOnp6eb5wsLCKFGiBM8//7w5k7k6dkVERP6dLiVsnpSUxKZNm/j+++85ceIENpuNYsWK0b59e0qWLElERASgOkJERCQ/uZSw+cXObJ6VlcXq1asZOnSo2b5hsViw2Wxm6NwQFBREeHg4r7zyCvfffz+gGkJERCS/WbBgAUuWLGHLli3mtpIlS/Laa69x++23n7WCKpwOmaempjJo0CBWrVplftazZ09uv/12br31VnPb7t27WbFiBUuWLOHw4cPm9h49evDKK69coTsTEREpuBQ0FxEpoIzGz7/++osePXqYQS5j5nGv1+u33NPTTz9Nt27dCA8P9zsezg6bGw23AA8//DANGjSgcePGJCcnk5CQwNSpU4mJiQE0C6mIiEhBYzyrY2Ji6NGjB+np6VgsFkqXLs3AgQOJiorC4/GwevVqZsyYgdfr/cdhc2Nm86ioKKKioggPDyclJYXg4GAeeeQRqlevznXXXXfWOUREROTf55+Ezc+cNUyziImIiBQcV3Nmc4DY2FgWLFjAhg0biI2NPev7FC9enAceeID777+fm266CVBbhIiISH6S87m8ZMkS5s6dy/bt2806oGTJkrz++uvcdtttfmHznCHz1157jR9++IH09HQARo4cScuWLXE4HOa+VqsVi8VCcnIyy5cv59133+XYsWPm+WbNmkXjxo2v4p2LiIjkfwqai4gUYPv27eOpp55i7969ABQtWpQmTZpgtVr54YcfcDqdOJ1Oc/9evXrRs2dPoqKigPOHzY1gmCE4OBin04nNZsPpdFKkSBFKly7Ns88+q1lIRURECpjdu3fz9NNPExcXh91u55ZbbuGNN96gbNmyfvt9+umnvPvuuxw6dAir1fqPwuZWq5XChQtz//3388gjj1C7dm2cTicBAQHmdVRDiIiI/Df805nNVSuIiIgUTFc6bH7mdTIzM8nMzGTFihUkJSWRlJREUFAQZcqU4Z577iEsLIxChQoBqi9ERETyo5y1Q17C5ucLmU+ZMoV77733vNc7duwYU6ZMYfHixTgcDrxeL2+88QZt27a94vcqIiJSkChoLiJSABkvWLNmzWLKlClkZmZy8803M3LkSDMgFhMTw5IlS/j6669JTk42j/0nYfOIiAiKFy9u7hscHEzHjh2pWbOmZiEVEREpYE6ePMn48eP54osvyMzMpEaNGkydOpWyZcuaNYbROAvwyy+/8PLLL3P8+HFztZSLDZsDhIeHc+edd9K7d28qVaqk2kFERKSAutRn+D8Nm4uIiEjBdLXC5nDhOkWro4iIiOR/eQ2bN27cmICAgFxD5lOnTjUny7uQzZs307FjRzweDwBt27Zl1KhRV+bmRERECii9SYuIFEDGi9VPP/1Eeno6VapUYcyYMZQtWxa32w1A3bp16d27N48//jiRkZHmsTNnzmTmzJnm8k/GCxlAkSJFePjhh+nfv785c7nNZuPUqVPUr1+fl19+mc8++4y5c+fSqlUrhcxFREQKEON5f+zYMdauXUtmZiZhYWG89dZbfiFzwO+5fuDAAY4fPw5gzmjudrvp3r07GzZsMDuGjeOM67Rq1YqxY8ea50lOTubLL78kNTX1rGuIiIhI/mU85w8fPkxWVtYlP8ON2sFisdC9e3c6duxIxYoVzbaF2NhYoqOj2bhxI5ojRUREpODL2W7QrFkzevbsSd26dc12iGPHjtG5c2cOHDhgzkxqtC/Y7XZatGhB165dqVOnjlkvrFu3jpdeeon4+Hi/a51Zp5xZSyhkLiIikv/lrB3atm3Lo48+So0aNcw64OjRo0RHR/PXX3+RnJx83pD5hdoV3G43tWvX5rrrrjMn3wkODr6CdyciIlIw6W1aRKSAOn78OHv27CEgIIDo6GhKlSqF1+vFbreb+5QqVYo2bdrQp08fv7D5rFmz8hw293g8ZGVl8dlnn/HFF1+wY8cOHA4HcPrFTEExERGR/M94Xn/yySfs378fgHvuuYdKlSrh8XjMztacgfOZM2fy+uuvA9mNq4ULF8bj8Zw3bJ6z4fbMsPkbb7xB3bp1r/zNioiIyGVh1AUbNmzgySefJCYmxtx+KfIaNt+0aZPC5iIiIv8CVzNsnpP6LkRERAqmvITN+/fvz/PPP3/ekPmFagG73Y7FYsHhcJgzmleuXPkK3pmIiEjBpKC5iEgBcWbHqsvlIjMzk8DAQEqUKHHOJR8jIiJo3rz5JYXNATIzM1mxYgVz585l27Zt5jEiIiJSsCQkJJj/L1SokN9nOeuJ2bNnM27cOADCwsLo1q0br732GhUrVsTj8RAQEGCGzdevX4/VasXlcmG1WnE6neZ1WrVqxYgRIxg+fDjt2rUDLjyLiIiIiOQPVquVP/74g+7du7Nr1y5Wr15tbr8c575Q2PyVV15h/fr1l3wtERERufbOFTb3+Xxm2LxTp06XPWwuIiIiBdOFwuYJCQls2LDhrJC5z+fL84rsPp+P7du3s3//frOto0yZMlfupkRERAooBc1FRPI5I4jlcrnIyspi9+7dZGVlUaJECRo3bkxgYCDlypU7byfv5QqbO51Oli1bxrx588ywuYiIiBQMHo+HzMxMjhw5Ym4znuc2m+2skPmYMWOA7JB5q1at6NevH82bN6d3794EBQXhdDoJCgrC7XbTo0cPvvvuO7KysgB46aWXmDx5snmthx9+mPbt2wOYgTIRERHJ/zIzM5k0aRJutxu73c5nn312WYPf5wqbG7VCXFwcKSkpl+16IiIicm3lFjY3guNWq5XExESFzUVERMR0vrA5nJ4Yr0+fPuZM5jm3n4/RHrF9+3bS0tLwer00adKEu+666/LfiIiISAGnoLmISD5mvNzExsYyYcIEOnXqRIcOHejYsSPPPPMMqampnDp1ir/++gs4/+yglytsnpWVpbC5iIhIPpdbTWCz2QgKCqJmzZrmtg0bNvDbb7/5hcwXLlxohsyDg4Np3bo1gwcPNo9p3bo1vXr1ArLDZw6HA7fbzfPPP0/v3r156KGH+Oabb/jf//7HL7/8YjYCGy7HDKgiIiJydTgcDu6++26Cg4Px+XykpKSwfft2gLOe8f/UmWHzzp07U7JkSQBGjx7t11EsIiIi+dv5+ig8Hg9w6WHzBx98MNew+cCBAzl69OhVuU8RERG5es4VNofT9cUXX3zBjz/+iNPpzPNM5larla1bt/L666/jdrspVaoUbdq0MT8XERGR09TDLyKSTxmBr40bN/LEE0+wYMECtm7dyqlTp9i2bRvfffcdv/76KxkZGWzcuBG48Mhchc1FRET+/Yyg1oEDB/xm8zIaYmvVqmVue+WVV7jxxhvN8PcPP/zAlClTzM8feOABBg0aBGQ32BrnaNGiBWXLlvWrGTweD3/++SexsbEAhIaGUr58eQXLRURECjCbzUazZs0IDQ3F4/Hgdrt55513OHDgwGV9xucMm3fr1o1OnToxZcoUs4P3coXaRURE5Mow2gbcbjepqal8/vnnLFy4kIULF7J+/XrcbrfZvwCXFja32Ww8+OCDdOvWjbp16+Lz+XA4HKxdu5ZnnnmGjIyMa/IbiIiIyJVzZti8e/fu5qQ6FouFw4cPEx0dzZo1a8zw+bkYA9V27drFkCFDyMjIwGazUbduXW699VbznCIiInKaxadhWCIi+Y7xchMTE8Ojjz5KZmYmcDoAbvzrcDhwuVyEhYUxdepUbr755jyd//jx4yxfvpx3332XxMREc3vPnj3p1asXUVFRft8D4OTJk/zvf/9jwoQJ5stZYGAgLVq0oFu3bn6zo4qIiMi1YTy7//zzTzp37kyLFi3o27cv5cuXN/fJzMyka9eudO7cmbZt25rbDx06xOjRo/nxxx9xu93cdtttfPjhh0B2iDxnh7DL5aJz587ExsbSsGFDfv/9dzIzM/2C5+PGjaNly5ZX6c5FRETkSjAGwf/vf//jtddew+Px4HA46Nu3L7169TLDYJf7ehfaJiIiIvmH8azeu3cvn376KatXrzYHoQMULlyYKlWqMGTIEKpXr05AQMBZxwKsWLGCWbNmsXnzZiwWC16vl8jISD7++GPKlStntk0YbR8ej4dly5bx0UcfsWnTJgCio6Pp1KnTVb1/ERERuXpy1g6fffYZc+fOZdu2bWbfRIkSJXj99de5/fbb/fo0DEYdsXv3bqKjo4mJicHpdFKxYkU++OADypUrd7VvSUREpEBQC72ISD5ksVjYt28fr7zyihkyL1q0KC1btuTuu++mTJkyQHbIy+FwcOrUKRYsWMCuXbvydP7zzWw+Z84cEhISzO9hON/M5h999BGbN2++LPcuIiIi/5wxC0e/fv0AWLZsGTNmzODUqVNAdmA8KCiIjz76yAyZG7OA7N69mzVr1uB2uylXrhyvvfaaeUzOBlmv14vD4aBkyZKEhobSokULevfuTUREBOHh4VSrVo2JEyeaIXONbRYRESm4jM7bOnXqULVqVXw+H06nk++//x6LxYLVar2sz/rcAuUKmYuIiORfRtgrJiaGvn378tFHHxEbG4vNZsNut2Oz2cjMzGTTpk288MILLFu2jBMnTpjHX+rM5i1atKBDhw5Uq1aNESNGmCFztUWIiIj8O+WsHdq0acOjjz5KzZo1zQB5fHw80dHR/Pzzz2fNbH5myPzvv//G6XQSHh7OtGnTFDIXERE5D/u1/gIiIuLPeMH59ddfSUhIwGq10rBhQ0aPHk3JkiUB2LBhA6tWrWLWrFm4XC4Afv75Z4oVK0a3bt2oWLHiBa9jhM0Bc2Zzi8XChx9+SGZmJgMGDCAwMNDvGCNsDpgzm7tcLhYvXkxAQMBZs5GIiIjI1WN07q5cuZLjx48D2bOGPfTQQ4SEhACYgXHjeW103LpcLubOnUt6ejoAZcqUITIyEq/Xe9asH0bYy263c+rUKapWrUrLli155JFHcDqdWK1WSpQoYZ5fS0yKiIgUfNWrV6dZs2Zs374dyG6XmDVrFj179tSzXkRE5D/KaIfYuHEjjz/+uDnIPTAwEIfDQaFChUhISDBDXocOHeKtt94iPT2d5s2bEx4eDpwOjFmtVpo1awZgzmyeM2ye28zmNpuNli1b0qBBAzMcprYIERGRf7ectUObNm0A/GY2N8LmOWc2PzNkvnnzZrKysggLC2PevHlUqVLlGt+ViIhI/qbpYERE8hljyccffviBtLQ0KleuzIgRIyhZsiROpxOAm266iWeeeYaBAweax506dYovvviCBQsWsG/fvjxdK+fM5qVKlTJn+ahevfpZIXNDzpnNAwMD8Xq9FCpUiM6dOytkLiIicg0Yz2/j3y1btuB0OilSpAhz5syhQYMG55zJy+h49Xg8JCYmmtvLly9PUFDQOY87cuQIf//9NxkZGRw6dAiAYsWKUapUKYXMRURE/mWMmcI6duzILbfcYm7fuHEjGRkZ1+priYiIyDVkDFyPiYnhiSee4NSpU9hsNipUqMD777/PokWLWLlyJf369aNBgwbmcQkJCbz33nssX76c5ORkc/ulzmyukLmIiMh/y8XMbO50Os8ZMl+wYAFVq1a9xncjIiKS/yloLiKSDxgvQQcPHiQtLQ2bzUZiYiJBQUEMHjyYMmXK4PV6/YLcoaGh9OzZk6FDh5rbUlNT+eyzzy46bN6iRQu6d+9OoUKFGD58OO3btz/vMUWKFKF9+/b07t2bsLAwPvnkE43yFRERuQa8Xi8Wi4Vt27bx6aefAphB7/vuu4+aNWuana/nc+rUKbNT2PgbOGs2c2MWsqNHj5KRkUFAQABhYWG5nlMduyIiIv8OxmomISEhfkGxb775ht9+++1afS0RERG5hiwWC3v27GHIkCFmn8Ytt9zCrFmzaNiwIZUqVaJQoUI8+eSTPPPMM7Ro0cI89nKFzd1u91ltD2qLEBER+e/Ia9g8JiaGnTt38tprrylkLiIi8g8paC4ico0ZyzqtX7+erl278tZbb3Hy5EmKFy+O2+0mMjISON2xe6YuXbr4hc3T0tL4/PPPLypsHh4eTsuWLVm8eLEZMjdeys6lcOHCdOvWjZUrV3Ldddfl6ToiIiJy+RgdrRs2bKBNmzZMmzaNxYsXm8HviIgILBbLWWHx3ISEhBASEmIGyVesWMGvv/7qdy23243NZiMrK4uxY8eSmJhIVFSUGmJFREQKoNze+c+1konBbrfTq1cvKlSoYG5bsGABSUlJl/37iYiISP6Wnp7Oxx9/bK5yZqzMWrp0aXPAu1FvNG7cmBdffJFatWphtVqx2WyXFDZv27YtcXFx2O32q3/jIiIikq/kJWz+wgsv0L9/f2JiYhQyFxER+YcUNBcRucaMgFiPHj04evQoq1atYtq0aVgsFooXL07RokWB83f4nhk2T01NveiweUREhDkrudFoeyGFCxcmPDw8T+cXERGRy8tisbBv3z66dOkCQHx8PJ9++ilWqxWLxUJmZmaezuPz+QgKCuLOO+/EbrebK6jMnDmTDRs2mNey2+04nU6GDRvGpk2bCA4O5oEHHiAiIuKCA9REREQk/zAGvG/ZsoV169YRHx8PnJ4B9FztDx6Px1xdrVChQgDs2LGDhIQE87wiIiLy35CSksKvv/5Keno6ISEhvPXWW+bKrLkNeF+1ahVbt27F6/Waq7NdbNjc6LNITU1ly5YtV+dGRUREJN87X9gcIDExkX379ilkLiIicgkUNBcRyQe+++473G43DoeD+Ph4fvnlF/bt28fhw4fNBtMLLfmYW9j8s88+Y/78+ezdu/eivo+WlxQRESkYKlasyH333QdkP783bdrEqlWrCA0N5bfffuPAgQMXPIfx3L/zzjsBcDqdeL1e/vjjD1577TU+/fRTYmJi2LBhA7169eLLL78Esgec3X333cC5V14RERGR/MUImf/555+0a9eOXr160bdvX7788kuOHz8O4DcDaU5GaKxevXrmoPjExESmTp2Kx+NRPSAiIvIfsmTJEvbs2YPVauWmm26iSpUqOJ1Osx4wag6AWbNmMWbMGCB7RbWKFSuawa9zhc1zDnxr1qwZPXr0MANho0ePpnnz5lflPkVEROTyyfl8v9CqahfrXGFzyG7PcLlcFClSRCFzERGRf0it/yIi+cDLL7/MY489hsvlAmD37t0cOHAAi8XC2rVrcTqdeXrZOjNsnpaWZs5sfrFhcxEREcnfPB4PAJMnT6ZVq1bmUpC7du0iNTWVQ4cOsWPHDr99z+fGG29k3Lhx5t8+n4/Y2FiGDBlCt27dePzxx1m/fr3ZWPvKK6/QoEGDK3BnIiIi8k/4fD6z7cDtdue6j9VqJSYmhm7dugGnB6oNGDCAl156icmTJ5OZmWnWDrm1RdSoUYPHHnvM/HvHjh1s2rQJ0KzmIiIi/xVJSUlA9rPf4/FgsVjMFdJyhsxnz57N2LFjAQgLC6N9+/a8+eabtGrVyjxXzrB5YmIikB0IczqdbNy4EYDmzZvTq1cv3n33Xdq0aWNeR0RERPI/o20h52R3F1pV7Z/ILWxeu3ZtPB4PISEhfPTRRwqZi4iI/EP2a/0FRET+6zweDzabjQEDBuD1epk1a5bfi9WyZcto06YNNWrUMPc9ny5dugAwfPhw4HTY3PisUqVKV+5mRERE5Kqx2WxmbWB02i5duhSLxYLD4SA9PZ2RI0dSp04dSpQo4dfReyYjpN68eXNOnTrF0KFDcbvdWK1WLBYLHo+HrKwsLBYLNpuNESNGmLOHGceKiIjItWU8j3/66Sd27dpFu3btCAsLA063PRw/fpzvvvuOW265hd9++w2n02ke/9tvv7FmzRp+/PFHGjVqRJs2bahWrZr5udFZa7VaufPOO1m5ciXr1q3j4MGDfP/999x0002a1VxEROQ/IisrC4CAgAASExNJSEigePHifm0Pc+bMMWcyDwsLo3Xr1rzyyisAtG/fnoSEBH777TfsdjsJCQlMnz6dpKQkmjVrRuXKlYmOjmb37t0888wz3HnnnbRs2dK8/vnaOEREROTay9lvYLFYOHDgAFu3buXAgQMEBQURHBzM7bffTkhICCEhIZetn8EIm1utVtq0aUNWVhaBgYG89tprCpmLiIhcAovvcq9HIiIiFy1ngHzs2LFm2Nxms+F2u6lcuTLz588nIiIiT2FzgAULFphhc4DQ0FDatWtHhw4dqFy58hW7FxEREbm63G43dnv2GOKBAweydOlSrFYrDoeDrKwsGjZsyNtvv014eHieO2JXr17NtGnTOHDggLl0dVhYGDVr1qR79+7cfffdgELmIiIi+c3mzZtp3749kL36SJs2bcyw+R9//MHw4cPp2LEjDzzwADExMSxcuJDNmzeTlJSE1Wr1mxW9UKFC9OjRgzp16pjP/pzGjx/Phx9+CGTXCdOmTdNqJyIiIv8RRj+G4YMPPuD22283/168eLG5+mpQUBCPPPIIgwcP9jvHnDlzGD16NDabDYvFgtvtJigoiMDAQAoXLszBgwex2Wz06dOHxx9/nODg4KtzcyIiInJJcvZDGIPaFy5cSGpqqt8M5qVKlaJu3bp06dKFW265xdx+Ofodcn6H1NRUChcufEnnExER+a9T0FxEJJ+4UNj8pptuYsqUKZcUNrfb7bRt25aXX36Z0NDQK3YvIiIicnWdK2xuNKTed999DBs2jKJFi+Y5bH7kyBFOnDjBn3/+CcCNN95IeHg4JUuWBBQyFxERyY82bdrEkCFD2L17N1arlX79+vH444+zceNGunfvjtPppFKlSgwaNIg77riD5ORk4uPjeeedd4iNjWXv3r2A/8opFouFhx56iPvvv58GDRqY7QmZmZl06NCBHTt24HA4eOGFF3jsscfy3GYhIiIiBdeOHTvo1asXSUlJvPLKK7Rv356QkBAge/D6sGHDiI+PB6Bly5aMGzcOyO4HMVZP8/l8tGrVip07d5rndTgcuFwu7HY7brebwMBApk+fzq233nr1b1JEREQuWs7+hyVLljBt2jSOHTuG0+nEZrPh8/nMWceNldMsFgv9+/fngQceoGzZssDlD5uLiIjIpVHQXETkKsn5MpSz0/Vc23OGza1WKx6Ph5tvvplJkyZdUtj8zTff5KGHHrrctyciIiJXyPkaQ3N+llvY3KgxgoKCaNq0KUOGDLmosPm5KGQuIiJy7eX2PM/IyOD9999n3rx5pKWlYbVa6dixI4sWLcLtdlOoUCGuv/56xo8fT4kSJczj3G43e/bsYfny5Xz11VfEx8f7hbwAIiMjKVu2LC+99BJly5alZMmSTJ06lXfffRe3201kZCSffvqp33lFRETk3+n48eOMHTuW//u//+P+++/32z569GhWrFiB2+2mcePG5sznOfs0XC4XDoeDZ599lj///JPGjRuzbNmys64zbtw4WrZseXVuSkRERC5JznaKefPmMXLkSHNwWYkSJQgMDCQ8PJxTp06xa9eus45v1aoVDz/8MDfffPPV/uoiIiJyAQqai4hcA2lpaeecUfxKhM2NJSiHDx9uLqEtIiIi+duZYe6jR4+SkpKCz+ejWLFiREVFnXXM1Qybi4iIyLWxZ88eKleuDPjXC8b/ExISePLJJ9m+fTuA2akbFBREw4YNeeONNyhRooRZC5xZE2zdupXt27czffp0jh8/zqlTp/zaJcLCwrjpppvo0KED5cuXp127dqSnpwPQr18/HnvsMXOmUhERESl4ctYG52s7yMjIIDg42G+/9evX88QTT5CRkUHp0qWZPn061atXP6svw9h/+PDhLFiwgEWLFrF//37mzJlDWloakZGRdO7cmWbNmgEa8C4iIlKQLFq0iGHDhgHZbRJ33nknL7/8MsWKFSMsLIzMzEx++OEHlixZwqZNm0hNTQXAarXSpEkTHn74Yb+BbCIiInLtKWguInIFGY2fKSkpJCQksGDBAo4cOcLevXspW7Ys4eHhtGnThkqVKlGmTBnzuJwhscsVNt+9ezdVqlQBtEyUiIhIfmfUEEePHmXTpk0sWrSI3bt3c+zYMQBKlSpFmTJl6NChA3Xq1KF8+fLmMQqbi4iI/HtNnz6defPmER0dbXa65gxeGXXA/v37ad26Nenp6eZnFStWZNKkSVx33XW5hrXOrAuOHTvGmjVrWL58OT/99BO5NSN369aNDRs2sG3bNnw+HzfffDMzZ87E4XAoECYiIlLA5KU+ONfz3djvpZde4quvvgKgWrVqzJkzh4iIiHNec8SIEcyfP5+pU6fStGlTjh8/TkBAAE6n0zxONYWIiEjB8csvvzBkyBDi4+MJDAykffv2vPrqq8DZz/T4+Hi+++473nzzTdxuNy6XC0CT54mIiORD9mv9BURE/q2MhtXY2FhmzpzJ+vXrOXDggPn5/v37Afj111+JioqiX79+3H333QDY7XZz6ciBAwcCMGvWLLxeLzabjXXr1tG3b9+LCpsrZC4iIlIwGM/qbdu2MW7cOGJjY0lMTMRut5szksbHx3Po0CF27NhB+fLleeGFF2jSpAngX0eMHTsWwAybZ2ZmsmrVKgCFzUVERAqYqVOnMnXqVADeffddPB4PzZs39+ukNZ7pycnJOJ1OADMgHhcXx7p164iKiiI8PPys8+esB7xeL1FRUbRq1YpWrVrx+eefExMTw0cffeR3zLx587BYLOZ3WLduHfPnz6dnz54KhImIiOQTeQlqG20Dhw8fZtOmTXz33XecOHGCIkWKcNttt3H33XcTERGBxWLJtR3B+NsYIG+xWKhSpco5Q+Zer5eUlBTWr18PQGJiIgDh4eF+31UhcxERkYLB5/Phcrn49ttvSU5OBuCuu+4yQ+Y58wxG/0WJEiU4cuQIDoeDjIwMAJ588kmFzEVERPIhzWguInIFGA2tMTExDBgwgCNHjuB0Os1wGJxeutput+N2uwF49tlnadGiBZUqVQJOv2TB5ZvZXERERPIvo4bYtGkTffv2JSEhAZ/Ph8PhwOVyERYWRkpKirn//7N35wE61f3/x5/XMjszhrHNWMaWsosUKRVukd0gZEtfUt1KCGkIWQuVSspStqwJaZWSlLKM7DtjHduYjdmu5ffH/M5xXXZlmbm9Hv/MzHWd61znzD/nc96f13l/PMcWgwcPpmnTpuTKlQvwHkeos7mIiEjO5Xa7OXnyJI0aNeLcuXP4+/uTlpZGmTJlmDlzJnny5PHafvPmzbRp0wYAX19fXC6XWXewWq306dOH1q1bExwcfM3vvniMsGHDBr799ltWr15NbGys+brdbsftduNyuahTpw7vvPOOOSYRERGROyc9PR0/P7+rzh8Y1/stW7YwfPhwYmNjvWoPAHXr1qVhw4Y0btzY6zMXa9myJdu3bwfgvvvu49NPPyUsLMxrG+NY9u3bR7du3YiLizM7mouIiEjOtW/fPtq2bUtKSgrFihVjzpw5hIWFeY1DPH+fOHEic+bMMYPpPXr0oHfv3pdsJyIiIneekgQiIjeZ2+02A2Jdu3YlNjaWjIwMgoODad68Ob169aJNmzY89thjQNay1kbo64MPPuDTTz/l77//BjBDZZAVEOvatas5cevZ2Tw+Ph6bzYbT6bwj5ywiIiL/njGG2Lx5M127duXEiRO43W7CwsJ48803mT59Ot988w3vvfcePXr0wG63e03qDhs2jM8++4xjx44BWeMIY2wwZswYmjVrZobSjc7mI0aMICEhAavVisvluv0nLSIiItdksVgoWLAg06ZNo2TJkqSlpWG32xk2bNglIXOApKQk7HY7Pj4+VK1alWeeeYbAwEAgKxQ2btw4FixYQFJS0jW/++IAWbVq1ejXrx9z5szhmWee4YEHHgCyahtOpxO3280vv/xCTEzMvz9xERER+VcmT57M888/T0JCwhXnD4zAeExMDM899xybN2/2Cpnb7VmLY//000988MEHTJ48GcBshuO5H6fTSVBQEJA1fjlw4ADbtm0DMLfNyMjAZrORnp7Om2++SVxcHIULF6Zy5cq35p8gIiIit5wx7/DTTz+RkpKCxWKhUKFCBAcHX3fI/Pnnn/cKmasxjoiISPaijuYiIrfAjh07eP755zlx4gS+vr6ULVuW0aNHU6pUKa/tvv76a+bMmcP27dtJS0szX//Pf/5Dx44dzQlbdTYXERG5O+zfv59evXqxd+9efHx8qFatGsOHD6do0aKXbPvbb7+xaNEifvrpJ69OpW+++SZPP/20uZ3n2OBKnc3feOMNQkJC1NlcREQkm3K73VgsFjZu3MjAgQMZOXIk1apVMx9ev7gOsGbNGr788ksGDBhAQEAA06dPZ9q0aeZS1Dfa2dyTMV5wu90kJiayfPlyli9fzu7du0lJSQGyup6OGTNGXc1FRETukI8++oj3338fi8VCgwYNGDp0KCEhIZedP9i2bRudO3c2r+MBAQFERkZy/vx5EhMTvR5QDwsLIyoqildeeQW4tNvo8uXL6devn/kwe+7cuZk2bRoVK1Y0t3E6nQwcOJClS5fi4+NDixYtGDhwIH5+fqpJiIiI5GBDhgxh3rx5ALRq1YoRI0aYY4VrhcyvNLbYt28f/v7+RERE3N6TERERES/2O30AIiL/a06cOME777zDiRMnAKhSpQqjRo0iIiLC6+lbi8VC48aNiYyM5KuvvmLJkiUkJycD8MMPP+Dj40Pu3Lm59957zY6kNpuN/v37AzB9+nSvzuavvvoq48ePJ2/evHfmxEVERORfSUtLY/HixWZH8jJlyjBy5EjCw8PNcYDb7cbhcODj40Pt2rXZtWsXv//+O+fOnQOyuox6hswBbDYbDocDu93OmDFjAMyweVpaGr/88guZmZkMGTKE0NDQ23vSIiIick2ewe7777+fxYsXExgY6BUy37ZtG8ePH6devXoAPPzww1SvXh0/Pz8AoqKisFgsTJ06ldTUVLOzOXDDYXPjWCwWC3ny5KFDhw48/vjj/Pbbb4wePZrz58+zc+dOkpKSyJUrl7mtiIiI3B4xMTF89NFHQNY8hPGA+vDhwy8Jm588eZKxY8eSkpKCj48PpUuXZsSIERQrVoy0tDT27dvH6NGj2bFjBxaLhdOnTzN37lwAXnnlFWw2m9dD6+XLl6dmzZr88ccfWCwWkpOT6dKlC127diUiIgJ/f38+++wzc1XXwMBAGjZsSEBAwB34T4mIiMjN5Nnn1Giy929C5gsWLODLL7+kePHiDBkyRA+liYiI3EG6AouI3CTG0o8bNmxg9+7dAISFhTFixAgiIiLMULjFYsFisZg3WhUqVODZZ5+lW7duhISEmPtbvnw5CxcuNG+yPJe27N+/P127dsXtduNyufD19WXt2rV0796djIyM23naIiIicpOkpKTw888/c/78eQICAhgxYgTh4eHmGMJgrHLy3XffMX/+fM6dO4fD4eChhx5i9uzZAGZ3c4PdbjdfGzNmDM2aNcPtdmO320lOTua7775j3759t+lMRURE5Frmz59vXteNDqJGWNsIYhkh8w0bNvD0008zdOhQVqxYYe7DbrebtYfChQvTqlUrunXrZn7eCJsvWLCApKSkGzo+41iM/YeHh1OzZk3Cw8MBOHr0qBlCU8hcRETk9qpatSq9evWiUKFCuFwuMjMz+fnnn4mOjiYxMRGbzUZmZiYAsbGxHDx4EID777+fDz74gHLlyhEQEEBYWBgPPvggX3zxBbVr1zYfHktISGDu3Lm8++67AObKqwCRkZG0adOGyMhIM4B+7tw5Jk2axMCBAxkwYIAZMgeIjo6mZs2at/X/IyIiIjeXURsw5i4g68G32NhYHA7HDYfMXS4XX3/9NdHR0cTExPDnn39is9kUMhcREbmDdBUWEblJjBufL7/8klOnTmG32+nZsydFixb16mRu8JxoDQ8PJyoqih49enh1EZs1axY///yz13dcHDa32WxmuPzpp5/G19f3lp2jiIiI3DpLly5l7969WCwWatSoQcmSJb3GEJ7dQL/77jvGjRvH0aNHcTgc1KxZk88++wzA7F5+sYvD5i1atDAnlkeNGkX16tVvw1mKiIjItUyaNInBgwfzxRdfsGjRIuBC2Bwu1BNsNhtbt26lQ4cOZGZmkpiYyPjx4/nxxx/N9z3d7LC557EAFC1alMaNG5t/x8bG3vD+RERE5N8x5g+6d+/OM888Q/78+QEuCZsbQbAVK1Zw4sQJChYseEnTHMiqMfj7+/Phhx/yxBNPXDFs7hleb9CgAd27d+e+++4zaxpWqxW73U56ejpWqxU/Pz/GjBljjh08O6CKiIhIzlSjRg38/Pyw2WycPXuWnTt3mnMVN9LJ3Gq1EhQUBIC/vz8JCQmcOnXq9p6MiIiIeFHQXETkJoqLi2P37t3YbDbcbjdFixYFLp3cvZywsDCeeuopOnbsaN44AQwdOpTNmzebf18cNn/66aeBrIBYVFQUoKKsiIhIThQfHw9kXcfDw8PNgqzxmmfIfPz48Rw/ftwMmU+fPh24EDI3gmgpKSmkpKSY3+EZNh81ahQNGjRg8ODBtGjRwvweERERuXO++OIL3nvvPQAOHDjAjBkzWLhwIeAdNje4XC5CQkKwWCxkZGRw8OBBJkyYYIbNPVdUg1sTNocLY4jKlSvj7+8PwJo1a7RiioiIyG1ms9nM8cJzzz1Hly5dLgmbv/HGGyQkJACQmpqK1Wqlc+fOFClS5JKmOXa7HafTiZ+fH++++y5169a9Ytjcx8fHbIrTvHlz+vXrR+fOnQkICMDtduNwOMibNy9169bl/fffp1mzZoB3zUNERERyHuM6Xrp0aXPskJqayvDhw4mLi2PKlCnXHTI3xjFFixYlNDSU9PR0UlNTzQfaRERE5M5Q0FxE5CY6c+YMJ0+exO12kytXLkJDQ4ELXUSupWDBgjRu3JhHH30Uu91uhsF++ukn4MKNlWfY/I033mDBggVeATEVZUVERHKe06dPm797XssvFzI/duzYFUPmkBVE27dvH++99x7ffPMNLpfLHDt4hs3fe+892rdvD2SNMzSGEBERubMaNmxIZGQkkDUG2LVrFzNnzrxs2NztdlOpUiU+/fRTwsPDgazr+c0MmxsTuTt37mT37t1XPG5jDFGhQgXy5s0LZI1N9BCbiIjI7ec5XujWrdslYfNffvmFN954g9TUVHLnzo3L5aJYsWLA5ZvmGPMRvr6+TJgw4aphc19fXzNsXrNmTfr168fChQv56KOPGDt2LLNnz2b48OHUqVMH0HyGiIhITuH54Lvb7Tbv9z1rFKVKleLZZ5/FYrFgtVo5ffo0TZs25dNPP72ukDlgPvC2f/9+zp49i9VqpUSJEuTLl081BhERkTtIQXMRkZvIcxnIxMRE9uzZA1xfR3NDiRIlaNOmDf7+/jgcDpxOJz/88IPZWcTgGTavWLEioICYiIhITuY5Xjhw4ACpqalkZGTccMjc7Xbz008/ERUVxcyZM5k1axZWq9Vr/8a2njzHGSIiInL7ORwO8uTJw/z58ylVqhQulwur1XrFsLkRIK9UqRITJkwgIiIC+Pdh8/nz53PmzBkgqzNpUlISAwcO5L///S87duy46jlYrVazo3laWpq5YouIiIjcXtcKm//8888MGDCAzMxM8uTJY66yevHqKQbPsPn48eN54oknrho2Nx5wN0Jnjz76KE2bNqVEiRLkyZPH3K/mM0RERLIvzzqC1Wrl/PnzpKSkEBsba97vG/MKxra1atWiQoUKuN1ubDYbSUlJJCYmAtC7d++rhszhwlhkz549WK1WnE4nFSpUIHfu3Bo3iIiI3EFKEoiIXMGVCqpXe79IkSKEhYWZf69Zs4aUlJQbfrq2Zs2adO3aFcia1D1y5MhlO4dd6QlfERERyXnuvfde8/dNmzZx8OBBfH19gesPmUPWJG1aWhqpqan4+voSHx9vhsVEREQke3K73eaqI8HBwcyZM+eOhc3Hjx/P9OnTWblyJTt37qRLly7s2LGDU6dO8dNPP5ldSi/mcrlISEggNTXVnPx1uVzqOCYiInKHXC1s7nQ6+euvv/jpp59ISEggLi7O/MyVGGFzPz8/3n333ct2Np8wYQKQ9YC70+lUIExERCSH8mxwt3XrVubNm0e7du1o2rQpDRs2pGXLlnTv3p0ZM2Zw5MgRcwxRtWpVnnrqKXMsYLPZsFgsFCpUiE6dOgGQkZFx2ZC52+3GarWybds2PvnkE1wuF+Hh4bRs2dJ8X0RERO4MJRJFRP6/i29Mzp8/T3JyMn/88Qffffcdq1at4o8//iA2Nha4tOBqfD4sLMzs1vHrr7+yb98+LBaL2X38WozC7wMPPEBAQABut5vMzEx1ARMREfkfV6lSJbO4mpqaysiRI0lPT2fVqlWMGzfuukLmxngkPDycoKAgMjIyOH36NImJidd8iE5ERERuv23btpnBbM+weUhIyB0Nm0+dOpWXX36ZTp06sX37dgACAgJ46KGHzAfhPBmTwYcOHeLEiRO43W7uueceKlSooICZiIjILXa50JXxmtEJFC4Nm589e5aTJ08CF5rmXItnZ/MJEyZcEjafN2+eGTb3XJVVREREcg6jDgHw5ZdfMmDAAEaOHMmuXbuIi4vD7XZz+vRpfv31VyZOnMi0adNITU01r/tdunTh2WefBS50Lo+Li6Nt27bs3bvXq65g5CqM+sbu3bsZMGAA6enpWK1WKlasyH333QdoJRQREZE7SUFzERG8n8hNSUlh5cqV9O3bl6ioKLp27corr7xCjx496Nq1K82bN+ell14yb3oMFouF3Llz061bN/O15ORk+vXrx4kTJ7DZbNcV8DJu2ipWrOi1hKQKsiIiIv+73G439913H40bN8ZqtWKxWNi6dSvPPfccw4YN4/jx49cMmcOFQmtGRgbp6ekAlClThvDwcK18IiIiks188MEH9OzZk8WLF5OWlpYtwuaBgYFAVjDM4XCQmppqbjdw4ECqV69+yXkY4bK9e/cycuRIs/Zx3333afwhIiJyG3iGrhwOh3ltNngGvi8Om2dmZgLw+++/m012rjUXcT1h8/fee8/cVkRERHIO40FygBkzZvD666+zb98+0tPTCQgIMOckjPFCZGQkTzzxBAEBAV55iN69e9O+fXvgwlzG7t276dChAwsWLDBXczf2Z7Va2bJlC3369OHAgQMAFC1alL59+3plJkREROTOsF97ExGR/23GU7QA3377LT///DNLly4137fZbLjdbvz8/EhNTSU1NZWHHnrokmCXoWLFijzwwAOsX78em83GoUOHGDJkCG+99RZhYWFeTwBfzfHjx0lMTAQgMDCQAgUK3ISzFRERkezEmIi1WCz4+vpSq1YtfvjhB1JTU0lLS2Pjxo243W5cLhe1a9fmk08+AS4fMvd8fdOmTeZrefPmVchLREQkmxk/frx5Xf/yyy9xOBy0adMGf39/gEvC5u3bt2ffvn1eYXOAqKgoM2xutVq9wua9e/fm6NGjXmFzgPr165thcyOEVrhwYVq3bk2uXLn48MMPSU5OBrLGFlarlZEjR9K4cWOAS8JrFouFY8eO8dZbb7Fv3z4ga3WVF1980Qyui4iIyM1x8XV43759HD58mB9//JHk5GSSk5OxWq2UKFGCChUq8NBDD1GoUCEz+GW1Ws1mOdOnT+f06dPYbDbi4+Pp168fs2bNIm/evF7zJpdzcdi8d+/e/PTTT1gsFlJSUvjss89IS0ujf//+t/x/IiIiIjePMc5YtGgRI0eOBLLGHw8//DCtW7cmf/787Nmzh+3bt/Pdd9/RrVs3ateubX7eWE3FZrMxePBg/P39mTZtGg6HA5vNRmJiIiNHjiR//vw89thjhISEYLFYOHToEN9++63ZQCcsLIyPPvqIokWL3v5/goiIiFxCQXMRuat5Fkvff/99li1bxuHDh833LRaL+TSucVNTrlw5HnjggSvuMzIykqeeeooNGzbgdDqxWq388ccfjBo1itdff518+fJdNWxuBMROnTqFj48P58+fp1ixYtxzzz0367RFRETkNjAmfxMTE0lNTWXt2rUAlC9fnuDgYAoWLGgWbY1tmzVrxubNm5k9e7bZadTlchEeHs7bb7+N1WolIyPDa2lJg9PpxG63k5aWxrJly3A4HAQHB/Pss8/i6+t7yWS0iIiI3Bnp6en8/fffAAQEBLB161YcDgeNGjUyg+Zw+8PmBQsWpEOHDjzwwAPMnDmTpKQkihYtSu3atXnkkUeAS8NthtTUVHLnzo3L5SIwMJBPP/2UYsWK3dL/o4iIyN3Gcz5jx44d/Pnnn3z00Uc4HA7Onz/vte2aNWsAWLJkCYUKFQLwGi9cLmy+f/9+evXqxfvvv/+vwuYOhwOHw0GFChVuxb9BREREbrFff/2ViRMnAuDv70+rVq2Ijo42369WrRoAnTt3plSpUoB3vcAYI9hsNl577TVCQ0P58ssvOXjwIJC1osqhQ4eYMWOGuU/PVd5KlCjBe++9R8mSJW/H6YqIiMh1sLg910kVEbmLeBZJhw4dyhdffGG+V7ZsWYoXL07z5s0JCgrCZrNx7tw5li5dSuXKlenUqdNl9+l5A/XWW28xa9Ys872AgABq165NdHQ0BQoUuGyR1ngtPT2djh07snnzZoKCgujVqxedO3e+7m7oIiIicmcZ1+ydO3fyySefsHnzZo4cOQJASEgIJUuWpFu3btSrV8/8jPGwmcvlol+/fixfvhzIKrCGhYXRpEkTOnXqRKFChcz9Gz+NMURqaiq9e/fml19+wW63U6NGDd58800FvURERLKZxMREhg4dyjfffIPdbufzzz+nWrVqlw1yG2OEpKQk2rdvz969e81xwD333EPHjh1p3bo1gFfY3GKxsHnzZjNsDlkBs8jISHr37k39+vUB71qG8XtmZiY+Pj5edYhrPbS2Y8cOli1bRuvWrSlRosRN/5+JiIjczTznE+bMmcM333zD+vXrgQvBLLgQ7LLb7bRr145BgwZdsi/P6/vUqVPNsLmxnwceeID33nvvusLmnseWkZHBiy++yOrVqxk5ciQtW7a8mf8CERERucXcbjeZmZmMHDmSL7/8koyMDBo3bsw777wDXLjmX1x7uFKGwXMcsXr1alauXMm8efNwuVzAhXGLMQYpUaIEVapU4cUXX6RIkSK378RFRETkmhQ0F5G7kudNzaBBg1i0aJF5A9O2bVs6d+5MkSJFLukW6nmTdD03TAMHDmTx4sVAVrHXZrNRsWJFxo4d67XMk8vlwul04uPjQ3p6OoMHD2bJkiVYLBbKlSvHiBEjuPfee2/J/0JERERuLmOMEBMTQ69evThz5gwulwubzWYWXY1Cav/+/WnTpg1BQUFenz1x4gRvvvkmP//8s7nfwMBAypcvz9ChQy/bySM9PZ1Bgwbx448/kp6eTkBAAO+++y516tS5PScuIiIiNyQhIYEhQ4bQoUMHatSogcPhMGsHxmSt8fN2hs093eiKKEZAXURERG4ezzmH0aNHs2jRIpKTk4GsgFbu3LnJnz8/ISEhZGZmsmvXLgIDA+nXrx8tWrS47D4vDpt/9tlnnDp16l+HzdPT09m4cSM1a9a85HtEREQk+zt48CBt27YlMTGRyMhIFixYQO7cua9rPHA5np9zOp1s3bqVZcuWsW3bNk6fPk1ycjLlypWjZMmSREVFUaRIEXLlynWzT0tERET+JQXNReSu41nYHDFiBDNnzsRisZAnTx66devGc889d9ltL9fh60o8i6qDBg3i66+/NieLHQ4H+fLlo0+fPpQrV84rQH727FneeOMN1qxZQ1paGj4+PkyYMMGr26mIiIhkX56Brk6dOpGWlgZc6MxhMIJhAD169KBTp07ky5fPa18HDhxgwoQJ/PDDD177CAkJoWnTplStWpWSJUty/vx5Dhw4wJw5c9i2bZv5+XfeeYfGjRt7HZeIiIhkL0b9wDNkvn37drZs2ULTpk0JCAi442FzERERuXM8w1nR0dEsWLDAfO+xxx6jdu3aNGzYkNy5c5uNc3bu3ElKSgrVq1e/6r5vVdj8cvsXERGRnGHx4sUMHDgQgDp16vDxxx+bjXRuxMWrsRrzIZ5jg/T0dM6fP09oaOjNOwERERG5JRQ0F5G71owZM5gwYQKpqanY7Xb69u1Lly5dgEsLov+WZwHYCIn5+fkRHBxMzZo1CQwMJD4+nm3btpmTvgBjx46ladOmgCZ8RUREcor9+/fzwgsvcPDgQSwWC+Hh4fTr18+83n/xxRfs3buXc+fOmZ/p1q0bXbt2JSwszGtfZ8+eZcyYMXz11VfApUtJ5smTh3PnzmG1WklPT8diseDr68vw4cM1hhAREclBjAnYDRs20KFDBwoXLkzPnj1p0qSJwuYiIiJ3Kc+g9uDBg5k/f75539+5c2deeeUVLBYLFovliquKXCvsfbPD5iIiIpKzTZw4kQ8//BCARo0aMX78+BtevcwYXyQkJPDqq6/Su3dvKlasaNYcPMcUV2r8JyIiItmL/U4fgIjInbB582a+/fZbUlNTAXj22WfNkPk/eSL3SoyboeHDhxMWFsbSpUs5fvw4kBVmP3XqFEuXLgUwC7e+vr7kypWLN954g0aNGnntR0RERLIvt9uN2+3mm2++4cSJE1gsFmrWrMlbb71FeHi4uV358uVZtmwZCxcuJD4+HsiazAUuCZuHhoYyevRoSpQowdKlS9m3bx8Adrsdt9ttLpWdmZlJrly5KFGiBM8//zx169Y1j0ljCBERkezParWyb98+OnToAMDx48eZOXMmLpeLZs2amWFzu92Ow+EgODiYOXPmeIXNd+/ezcyZMwFo3bq1GUA3wuaVKlViwoQJvPrqqxw5cgSXy8XBgwd5//33yczMpFGjRho3iIiIZBNut9sMXU2YMMEMmYeEhNCzZ086d+5sbgdcMfx1rY7inuOFbt26AXiFzdetW8fLL7+ssLmIiMhdIjg42PzdeFD9RkLmkDW+SExM5IUXXmDjxo0UKlSI0qVLExAQAOA1lvAcq6gmISIikn1pvTIRuSv99ddfxMTEAFCvXj1effVVICv8fTOXcjSeyAV4+eWXef3112nXrp25TJQnt9tNaGgoDRs2ZNy4cQqZi4iI5DBGl9HVq1eTmppKyZIlGT58OOHh4TidTnPyt0yZMjzzzDN0797dK1Q+depUpk+fzunTp83XHA4HAD169OCtt97ijTfeIDw8nMDAQBwOB06nk+DgYO6991769evHqFGjFDIXERHJocLCwnj44YeBrHHFnj17mD17NkuWLCE1NdV8QP3isHnp0qXNgJgRNjdWVTPCY8ZnK1WqxPjx4ylSpIj5/p49exg7dizHjh27Y+cuIiIi3oz7+eXLl7NkyRIg6z6/a9euZsjcuMb/W8Z4AbJWXOvSpQv58+c36xhG2Dw+Pt5caU1ERET+NwUGBgJZ44Nt27axbNmyG96H0+lk9OjRbNy4EYvFwpYtW0hLS7vZhyoiIiK3kcVtVAlERO4S+/fvp127diQmJhIQEMCAAQNo06YNcHOfkr3akpRbtmwhJiaGjRs34nA48PPzo0CBAjRp0oRChQqRN29eQAExERGRO+l6rsOeXUItFgtbt26lQ4cO2Gw2PvnkE6pXr37FMUF8fDxff/01n3zyiVe4vFu3bl6dzS/uFnbmzBkcDgexsbG4XC4KFy5M4cKF8fX1vaFjFxERkewnKSmJQYMG8eOPP5rh8DJlytChQwevzubGA252u52kpCSvzuYul4t77rmHjh070rp1a+DSMcvmzZvp168fsbGxAIwaNYoWLVrcyVMXERGRiyQmJjJs2DCWL18OQPv27Rk8eDBw9fmHf8pzn1OnTvXqbO52u3nggQfU2VxEROR/3J49e/i///s/Tp06hdPppHnz5rz22mtmfuF6zZw5kxEjRpgPqY0fP95stCciIiI5j/1OH4CIyO1iTKYeP37c7A6aL18+GjRocEuCWFarlczMTOLi4ihatKjXpG7FihWpWLEinTp1uuo+FBATERG5czwDXJdjXNv/+usvvv/+ewYOHIjdbsflcpEvXz7Cw8O9lrq+WN68eWncuDEWi4XJkyebYfOpU6cCmGFzm83mFRzPly8fAAULFvTan+ckr8YQIiIiOVNwcDBvvfUWgBk2NzqbA15h84s7m3uGzY3O5gCtW7c2A+hGXaJSpUqMHTuWnj170qdPHzNkrofVREREso/169ebIfNKlSrRpUsX4NIH0m8Wq9Vq1kG6desGYIbNIauz+auvvsr48eNvOGwmIiIiOUOJEiUoXrw4cXFxAHz11VeUKlWK//u//wOuXTcw3n/66adZsGAB+/btAyA9Pf3WH7yIiIjcMjf3UXcRkWzMuOFZunQp586dA+Dee+8lJCTkpi/1uHXrVr766iuee+45Bg8eTHx8vBkyM47j4gUltMCEiIhI9vDOO+/QqlUrADPAdTlWq5V169bRtWtXZs+ezbhx4/D39yckJIQCBQoQHh5+zaBW3rx5eeqpp+jRo4fZwRyywubTp083w+fXE/hSJzEREZH/DSEhIbz11lvUr1/fnKA1wuZLliwhNTXV7Cx6cdi8dOnSZqDcCJsvWLAAwAybG5+tXLkyy5cvN8c9xnsiIiJyZ7lcLtLS0li0aJH5WmRkpPnA+c28/3e5XADmHIlnHaRbt2506dKF/Pnzm++tXbuW7t27k5GRcdOOQURERG6Py+URPF9zuVzY7XZ69erlNV8xbtw4Fi9eDGDWFK7EqCv4+Pjg5+dnjjE8V2QVERGRnEdBcxG568THx5u/FyhQAIvFctODWVu3bmXAgAH8+eef/PHHH2zatOmSbS6evNVkroiIyJ334YcfMmXKFLZt22Z277pS2Pzs2bOMGDECp9OJ3W5n+vTpTJw4kQIFCnDq1ClOnTp1XQ+SXW/YXERERO4etyNsDpAnTx6Aq67CIiIiIreX0Vl8165dAAQEBNCiRQv8/PxuesOa1NRUTp8+zbx589i2bRuAuVobXAibFy5c2KyNPP300wqLiYiI5BCeYweLxcK5c+dISkoiNTXVfM1g1AVKlChB/fr18ff3N3MUAwcOZNmyZZd85nIcDgcJCQmkp6eb+wwKCrp5JyUiIiK3nWYPROSu4XA4OHfuHIcOHTJfS0lJAW5+N/GSJUvi5+dnFlsTEhJu6v5FRETk5tu0aRMzZswAsrptrFmzhq5duwKXD5v7+/vTtWtXypUrZ763fPlytm/fbhZrLRaLOTl7NQqbi4iIyMVudtjc6IrqGSg3Jof18LuIiEj2smHDBo4ePWqGu0JCQoCbe80+cuQIb7/9Nq1bt2bYsGH88MMP5nvGw2mQFTZv164dgYGBjBw5kqioKECrtIqIiGR3ng+ar127lo8//ph27drRtm1bXnzxRd59913i4+PN+Q3j2p83b16ioqIoU6aM2WgHoF+/fnz11VdX/U6jRrFr1y727NmDy+WiatWq1KpV69adqIiIiNxy9jt9ACIit4vdbsftduPv72++ZizveLMnVMuVK0fu3Lk5e/YsAMePHwcwJ4ZFREQk+6lQoQLPPfccX375JQcOHMBqtfLHH3/QtWtXpk+fbga4jKJqQEAA//nPf/Dx8WHSpEns2bMHq9WK1WolISGB999/nzFjxuDv739dYwAjbA4wefJkM1w+depUALp27eoVQhcREZGcwxgLnDp1iqNHj/Ldd99x/vx5fHx8KFCgAI0aNSI0NJRcuXJ5bW+EzQF+/PFHr7A5QLNmzQgICLhs2Lx9+/bs3bsXq9XK/v37+eSTT0hPT6d9+/Z37P8gIiIi18eoCRjjgbx589707wgODuavv/4y5y/+/PNPXC4XLpcLu91uhs2tVivdu3fn8ccfp0yZMgDm6yIiIpI9eV6r58+fz4cffkh8fDyZmZkAHDhwgN9//50NGzYQFRVFvXr1CAoKwul0YrPZKF++PK+++iqDBg3i2LFj+Pj4kJmZyYABA4iPj6dFixaEhoYCWZkLX19f87N79+7lzTffxO12ExQUxCOPPILNZlNWQkREJAdT0FxE7io+Pj7mstCQ1bl0//79lCxZ8qZ9h8PhwGaz4ePjY3b0MALtunkSERHJnoxJ1GeffRar1cr8+fOJjY29rrD5448/DmCGzSGr89eWLVv47rvvaNy4sbn9tVwtbO5wOHjuuefInz//zT59ERER+YdSUlLMcPiVGJO7O3bs4N1332XHjh2cPHnSa5u5c+dSu3ZtmjdvTrVq1czagdvtvilhc5fLRWxsLAULFrwF/wURERG5WYw5hOTkZPPvs2fPcubMGQoVKnTTvsflchEcHEyFChXYv38/AImJieYD9Aar1WqGxoyQudvtVshcREQkG/O8Vn/++eeMGjXqkm1sNhtOp5N169Zx8uRJjhw5QqdOncidO7c5B1KzZk2GDBnC4MGDOXHihFlzGDt2LLt27aJOnTo0atTIXOXdZrOxbds2oqOjOXLkCADFihWjRYsW5iotIiIikjOpCiAidw2n04nL5SI8PBzI6nAeHx9PbGwscGEpqH/LbrcTEBBAYGCgeQNXqlQpABVfRUREsimjS5fNZqNLly60adOG4sWLm8EwI2wOmMVUgxE279mzJ2XKlMHlcuF2uzl27BgLFy5k7dq1OJ3O6z4WI2zeo0cPrw7mn3/+OSdOnLh5Jy0iIiL/yqeffsqkSZPMLqCXY4wlNm3aRLdu3Vi1ahUnT57EYrFgs9mw2+3YbDaOHz/OwoUL6dKlC0uWLPFagc0zbF6/fn0zgGaEzZcsWUJqaqq57cVh86JFiwIwatQo6tate1v+NyIiIvLvBAUFAVmBLavVyrlz5wDM5jb/ljFXERkZCWTVOq40R3JxMEzNdERERLI341q9cOFCr5B5qVKlqFu3LlWrVjUfRLdYLMTGxrJgwQImT55MUlKS1xxInTp1GDVqFGXLlvUaAyxZsoRBgwbRsWNHhg4dyrhx43jttddo374927dvJzMzk3z58jFu3DgKFy58G89eREREbgV1NBeRu4ZRDH3iiSdYvHgxLpcLh8PB5MmTqVatGsHBwTftu86cOUNycrJZ9A0JCblp+xYREZFb4+KwOfCvO5uvX7+eadOmYbPZqFGjxnV37TDC5larlQkTJpCSksKIESOoUKHCzT9xERERuWETJ07kww8/xNfXl8DAQFq2bHnJxKnRQWz79u288MILxMfHA+Dn50dwcDBBQUGcOnXKDI75+PiQkZFB//79OXjwIG3atKFw4cJYLBZcLtc/7my+cOFC1q1bR7169QDv5bNFREQkezECXEb4y+FwkJGRwVdffUWVKlXMjqH/ltGl3KhTOBwOzp8/T2pqKn5+fhoriIiI5HB///03U6ZMASAwMJAGDRowfPhw8+GymJgYpk+fzooVK7BYLMTFxbFkyRLcbjc9evQgODjYnAOpVasWw4YNY9asWfz222+cPXsWu91ORkYG69atY926dcCFORa73U6JEiV47733burK8iIiInLnKGguInedMmXKULx4cQ4dOoTdbmffvn18+eWXtG/f/qYVaXfu3Gkug12uXDkefPDBm7JfERERubVuRdj8999/N/d/o2Hzhg0bkp6eTqFChWjUqBGgcJiIiMidtmnTJj788EMAMjIymDJlCm63m1atWnmFzS0WC8ePH2fkyJHEx8djt9spWbIkw4cPp1ChQhQsWJANGzawfv16PvjgA68VUyZNmkRycjLt2rWjVKlSWK1Wr87mcP1h85CQEIXMRUREchC32014eDi5c+fm/PnzAOzfv5/MzEx8fX1vyvXc+Lyxf4DSpUsTEBBw01Z/FRERkTtn165d5gqpLVq0IDo6GsiqY/j6+lKtWjWqVKlCdHQ0X375JRaLhVOnTrF06VKAS8LmlStXpkCBAjz++ONMmjSJvXv3eq20YjwkX6JECapUqcILL7xgrrAmIiIiOZ+C5iJy14mMjKRWrVrExsbidDpJTk7mu+++o3r16v+6S6jL5cLpdPLbb7+ZE7pFihQxA2giIiKS/WW3sPkzzzxjPgyncJiIiMidV6JECfr06cP7779PZmYmqampTJ06FcAMm7vdbiwWC5s3b+bgwYMAVKtWjdGjR1O4cGEzVF6tWjWqVavGfffdx/Tp04mJiSEtLQ2AWbNm4XA46NatG0WLFsVisVxX2Lx58+b4+/ubYXNPGkeIiIhkfxaLhdKlS1OtWjV++eUXIOtBt+nTp/PSSy+ZD6AZ3c//6XcAJCUlma+VK1cO0HhBREQkp7l43iA9PZ0vv/yS1NRUatasaYbMnU6nOdfgdrux2WyMHDkSm83GggULrhg2N1ZCKVy4MIULF6ZevXp8++23bN++ne3bt5OQkEDZsmWJiIigadOmFCxYkFy5ct3+f4SIiIjcMko+ishdxbjJ6tmzJ7t27WLjxo3AhW5kb775prkk5Y0ybrBOnz7NypUrcTgc5MuXj169emG32/914VdERERun+wUNvdccUWTvSIiIndeSEgIbdu2xWq1Mm7cOFwu12XD5gBLly7l9OnThIWF8dZbb1G4cGFzGWm4UKd49NFHyZcvH3PnzuWbb77h3LlzAMydO5egoCCee+45QkNDvY7hcmHzuXPn4nQ6admyJQEBAbfz3yIiIiI3iTHXULduXdauXYvL5SIjI4N58+ZRvnx5Hn/88Zsy13Do0CFWrVoFgJ+fH/fffz+A5jJERERyEM+QeUxMDOHh4RQsWJCMjAx8fHxo164dcGF8YbBYLOZrw4cPB7hq2Nz4HiOs3qxZM5o1a3bZfYuIiMj/HqUUROSuYtxkhYaG0qBBA/LmzWu+9/PPPzN69GjOnDlzw/s1bp7S09MZMGAAsbGxBAQEUK9ePQoUKKDCrIiISA50cdi8TZs2FC9e3CyoGmFzwAybG4ywec+ePSlTpoz5+u+//86nn37KX3/9hdPpvO3nJCIiIjdHcHAwrVu3pk+fPmatwQibL1q0iGPHjuF2uzl+/DgA//3vfylatChOp9PrwTGjIylA+fLl6dKlC1FRUV6dv6ZOnWpO8BpdzeFC2Lx+/fq43W58fHzYuXMn06ZNIy4u7rb8H0REROTmM4JatWvXJiwsjIyMDGw2G2fOnGHx4sVs27btX+3fqF/s3buX8+fPA1C0aFEefPBBAM1liIiI5CBGjWHKlCl07tyZOXPmcPjwYfLkyYPb7SY8PBzgskFwm81mzlMMHz6c1q1bm7kGI2w+efJkkpKSvOZLICvgbvz0HDsYNQsRERH536KguYjclXx8fGjatCm1a9fG19fXvCH69ttviY6OZufOnWRmZgIXbpKuxAiZp6Wl8eabb/LXX38BEBYWRvPmzQkODlZhVkREJAcwrvmeYwCFzUVERORKrhY2nz9/Pnv37jXHF4UKFQIuP7HrWTMoVaoU7dq1o1mzZgQGBpqvjxo1yuw46rm9ETZv0KCBOYbp2bMnJUqUuMlnKyIiIreTy+WicOHCDBs2jICAAJxOJy6Xi5UrV7Jw4UIOHDhgbnsjgS6n04ndbictLY2JEyeSkJBASEgIPXr0IFeuXKpTiIiI5EAff/wx77zzDhkZGSxZsoQlS5aQmppKUFAQQUFBwJXHC/8kbA4XAu5Wq9XrgXrlIkRERP43KWguIncll8tFaGgoffv2pVq1al7LOa1cuZJhw4axYMECEhISvLqLuVwuM0BmvGaz2Th37hy9evVi+fLlOBwOrFYr/fr1o2rVqnfmBEVEROSGGMHxmJgY+vTpw/Hjx82i6fWEzbt06QL8u7C5On2IiIjkPFcKm8+YMYNVq1YRHByM3W6nSJEiwPVd7yMjI3n66aepU6cOPj4+2O12AN577z0OHTp0yfYhISEMHTqU2rVr8+abbxIVFXXd3yUiIiLZkzGuqFSpEu3bt8fHxwfI6ka+YMECZs+ezfbt24GsQNe1GuaA98qs/fv3Z8eOHdjtdipWrEiFChWAyz8UJyIiItmbZ7g7Li6OxYsXc/LkSRITE4mJiblkm4v907C5iIiI3D0UNBeRHOH7779ny5YtN21/xg1QgQIFGDlyJA888IDXzdXGjRuZOHEiL7zwAn/++SeHDx82P2dM8FosFvbv38+yZct4+umn+fXXX8nIyACyOo395z//ATSxKyIikt253W6sVisbNmygY8eO/PDDD4wePZoTJ05cd9h87dq1/zhsvm7dOpxOpzp9iIiI5FCXC5ufP3+eDz/8kCNHjuBwOFi7di1w/TWCMmXK0KFDB4oXL47D4cBut3P06FG2bdsGXLr6Wp48eZg0aRJPP/20+b7GFiIiIjlfrly5aNKkCQ0aNDDnJhwOB3PnzmXKlCnmiifGGORKYw23222GzAcNGsSvv/4KZNUsOnfurNVQREREcrAePXowaNAg8+9jx45x9OhRLBaL+WDateoRF4fN27Rpc9mweWJiosLmIiIidyGLWwlIEcnmPvroI95//33q1avHSy+9xL333nvT9m108Dhx4gRjx47lt99+IzExEYvFgs1mw+FwEBAQQL58+XjwwQcJDQ0lf/78nD59mvj4eFauXInD4SA5OdkMob/11ls0bdoUwLz5EhERkezt8OHD1K9fHwBfX18sFguPPPII0dHRFCxY0CtsbrVacTqdfPbZZ8yfP5/Y2FjzvZo1azJ9+nQAMxRmSE1N5eeff2bSpEns2bPHfL169eo8//zz1K5d+/aetIiIiNxUSUlJLFiwgHHjxplBb6P02rx5c0aPHg3cWK1g6dKlvPbaa+bfDzzwAJ9//rnXstQXUy1CRETkf8+6dev4+OOP+fPPP82H261WK4UKFSIqKopu3bpht9ux2Wxm8MuzjnH+/HlOnTrFwIED2bhxo7nf8ePH06hRoztyTiIiIvLvGdd6gM8//5xRo0YBWfMcRpO86dOnU7NmzeuqF3iuBD948GDmz59v1jfy589P8+bN6datG3ny5Ll1JyUiIiLZjoLmIpKtvf/++3z00UdAVueOWrVq0bNnT+67776b9h3GzVd8fDxz5sxh5cqVbN++3QybO53Oaz7hGxgYSKlSpejZsydPPPEEoIldERGRnOaNN95g4cKFQNbKJb6+vv8obP7QQw/x2WefAVcOm3/88cfs3r3bfH3KlCkKmouIiPwPuDhs7uPjQ2ZmJgCjR4+mefPm17Ufz5rCK6+8wvfff4/NZqNw4cLMnTuXfPny3apTEBERkWzEc0ywdu1a5s6dy08//URmZqZX59EaNWpQtmxZ2rRpQ+7cucmfPz82m424uDh2797NqlWr+OWXXzh69Ki5b8+xieYzREREcq4rhc0DAgJITU2lePHijBs3jgoVKvyrsLnVasVms/Hcc8/x0ksvXfUheBEREfnfoqC5iGRrCxYsIDo62vw7ICCARx555JaFzdPT0zl06BBTpkzh+++/Jz093QyZ2+1283ejeAuQP39+2rZtS926dc1jUlFWREQk5/Asmr711lvMmjULuLVh81WrVjFhwgRiY2MZOXIkLVu2vO3nLSIiIrfGxWFzo4tYhQoVGDBgANWrV7+h/U2YMIHJkyebfy9cuJAKFSrc7MMWERGRbMpzvmH79u0sXryY+fPnk56ejp+fH+np6ea2AQEB2Gw2wsLCsFgsJCcnc/r0abMTqY+PDyEhIbz++utmJ3PNZ4iIiOR8Vwqb2+12XC4XVapUITo6mvvuu+8fh80BgoKCWLhwISVKlLiFZyMiIiLZjYLmIpLtff311/Tt29f8+1aFzS/2+++/s3v3bhYuXEhqaionT540l5709/fnwQcf5J577qFFixYUKFDA/JyKsiIiIjnPtcLmjz76KG+88cZNC5ufP3+eFStWEBgYSL169QDvQrCIiIjkbBeHzS0WC3a7ncaNG/Pss89SpkyZa+7DqC9899139O7dG7vdjo+PD19++SWRkZG3/iREREQk2/Ccdzh9+jQbN25k2LBhnD59GgCr1YrVasVisZCZmYnFYjHD5RaLBZfLRZ48eahRowbt2rWjZs2al+xXREREcpaLr+NXCpvbbDYsFgtVqlRh0KBB/yhs3qdPH5YvX87XX39N6dKlb9EZiYiISHaloLmIZFueNzfLli2jX79+5nu3MmzuecMEkJycjNPp5MCBA/j6+hIUFITNZqNo0aLmNgqGiYiI5Hy3O2zu+X0aS4iIiOQMNxLGSkpKYuHChYwbN85cGc3Pz4+2bdvSrl07s/vXlfZpjB2mTZvG22+/jdvtpmjRoixZsoTAwMCbd1IiIiKSIx0+fJj58+ezfv16YmJirrhdwYIFCQsL48UXX6Rs2bJEREQACpmLiIhkdxdfqz1XXffMM3hud6WwufFQ2r8Jm588edKrAZ+IiIjcPRQ0F5Fs7U6Fza90DBdTKExEROR/y+0Om4uIiMj/tsuFzf39/YmKiqJNmzbcc889wOUnj202GxkZGTz99NNs374du93OM888w2uvvYbb7faaVBYREZG7i2dNwu12891333H69Gl27txJcnIyNpuN8PBwChcuzMMPP0xERAT+/v53+rBFRETkOnnmEGJjYzl48CALFiwgKSkJf39/ChUqRNOmTSldujR58uTx2v5Whs1FRETk7qSguYhke9khbC4iIiLZ180ucl4rbP7II48QHR19Q2Hzhx9+mKlTpwLqGCYiIpLTGNfuxMRETpw4waJFi0hISCAzM5PQ0FBat25NoUKFyJMnz2U/f6XO5vXq1SMqKoqaNWt6fZfL5cJms5GWlkZ0dDTLli0DIH/+/IwfP54HHnjglp+ziIiI5AwXN8Mx/r5c7UGNc0RERHIGz2v2t99+y8KFC4mJieH8+fNA1lyF2+0mIiKCatWq8fLLLxMREXFLw+YiIiJyd1PQXERyBIXNRURE5HI8Q+Fff/01jzzyCMHBwV5FUaOgeu7cOYKCgm54v/82bO7r60tGRgZVqlRh7ty5N/k/ICIiIreScX3fvXs306ZNY/369Rw5csRrm7CwMDM0XqFCBeDSB8suFza32+0UL16cdu3a0aZNG+x2uzmmSEpK4vXXX+e3334jIyMDgHHjxvHUU0/dpjMXERGRf+tyYa9bHeRSUExERCRn8xw/zJkzh7Fjx+JwOHA4HOY2RtAcsmoL5cuXZ+zYsRQvXlxhcxEREbklFDQXkRxDYXMRERHx5BkG79evHytWrODHH38kLCzMHDcYhdSNGzcybtw4+vbtS9WqVW94/5cLmz/66KO88cYbVw2bL1q0iP379wMwePBg2rdvfwv+EyIiInIrGNf1zZs307t3b06ePElmZqbXNd/tduN2u/H396dixYr06tXL7Dh+rbC5sR+AGjVqUKhQIcqUKcP+/fvZvHkz+/btw2azERQUxJtvvkmjRo0uu18RERHJXi6+Vqenp+N0OgkMDLziNiIiIiKe44MZM2YwcuRI870yZcpQtmxZMjIyiIuLY/PmzQDYbDacTif33nsv7733nsLmIiIicksoaC4iOYrC5iIiInKxvn378vXXXwPQtWtX+vfv7/X+hg0b6NSpE06nk+rVq/Paa69RqVKl69r3v+1sPnXqVGbMmEHv3r1p1aoVoMlkERGRnMC4nm/atIkuXbqQlpYGZNUeKlasiI+PD8eOHePAgQNA1tjAarVStmxZBgwYQI0aNYBrh839/PxIT0+/7DGEhoby4IMPEhUVRe3atS+7PxEREclejDHE4cOH+e2331i5ciVxcXEEBARQp04d6tatyz333GPWDYyag4iIiIhhwYIFREdHAxAYGEiDBg0YOnQovr6+AKSkpPDhhx8yffp0QGFzERERufUUNBeRHEdhcxERETHExMTQqVMnc5nIqlWr8u6775IvXz6cTidJSUk8+eSTJCYmYrfbAahQoQKvv/76Pwqbv/nmm8ydO9d8z8/P75ph8/3791OmTBlA4TAREZGcwLheb926lf/7v//j7Nmz+Pr6cs899zB69GgiIyOx2+0cOHCAlStX8vbbbwNZy1W73e4bDpv7+Pjgcrlo0KABpUqVIleuXKSlpfHYY49RqFAhQkJCLrsfERERyV48V0MZPHgwhw8f5ty5c17blC9fnrp169K9e3fsdrvC5iIiIuLljz/+YNCgQRw7dgyA9u3bM3jwYAAyMzPx8fExt506dSrjx4/3WjXtn4bNq1WrRt++falYseLtPF0RERHJIax3+gBERG6UxWIxw2RNmjQxJ3QBUlNTWb16NZMmTWLHjh136hBFRETkNqlUqRJVq1bF4XDgcDhYt24dq1evBrK6eISGhjJw4EBCQ0PNbbZu3crIkSPNpSWvxegGAvD6669Tr14987309HRWr17N8OHDOXHihFfI3OVyYbPZFDIXERHJYSwWC4cPH2bkyJGcPXsWgCpVqjBx4kRKly6Ny+UCIDIykm7dupl1CYfDgdPpZNeuXYwePZq//vrL3J9nr4/g4GCioqLo06cPNpuNzMxMnE4nq1evpkCBArRv354ePXpQtmxZM2Ru7EdERESyJ6MWEBMTw7PPPsvOnTu9QuZWqxWLxcK2bduYNm0a0dHRZGZmetUcRERE5O7ldrvJyMjg+++/5/Tp0wDUr1/fDJkbD6oD5spo3bp1o2TJkmbdwWq1snPnTl5++WViY2PNeQrA6/fOnTszcOBAAHMe488//2TixIlkZGTc1vMWERGRnEFBcxHJkRQ2FxEREaPrV48ePciTJ4/ZAezLL78kPj7enKht3rw50dHR5M6dG+Afh80BfH19admyJfnz58dms2GxWEhPT+e33367bNjck8JhIiIi2Z8x6frDDz+wf/9+AIoWLcrIkSMpXLgwLpfLXKraGGs0adKEJk2amF3A/knYHCA5OZkhQ4YwZ84cTeyKiIjkMFarle3bt9OjRw9SUlIAyJUrF4899hjVqlUjIiLCDIClpKSwePFi+vbtq7C5iIiIABceel+6dCkZGRkUK1aMoUOHAt6rrjocDvz8/ADo3bs3e/bsMfdhhMZvNGyenp5OSEgIr732mlnzEBEREfGkoLmIZEvGDc7FPCdlFTYXERG5uxmF1eLFi1OoUCGcTicWi4Xdu3dz8uRJbDYbDocDgEaNGjF06NB/FTY3PPTQQ+TPnx+n00nevHmxWq2kpaWxdu1aBg8eTFxc3CUhcxEREblzkpOTr3tbq9VKeno6y5cvJyEhAT8/P0aNGkWRIkXMpaghq25ht9sBmD59OsuWLcPlcnnVM24kbG5MErtcLkJDQzWxKyIiksOcPn2aCRMmkJSUhK+vL1WqVGHBggV8/PHHTJs2jZkzZ/LEE0+YYwWLxcL3339Pnz59FDYXERG5yxnjg59//pnz589js9nw8/PD19f3kpC5UYt4+eWX+fbbb7HZbBQuXJh69epht9txOp3Y7fZLwuYOh8NrNVbICpu/+uqrAMyaNYvSpUvfgbMXERGRnEDpBxHJVowJV4vFgsvl4s8//2TVqlX8+uuvJCcnmx29PLdT2FxEROTuVqRIETp16mT+nZCQwKRJk8jIyMBut5tF05sRNnc4HAQGBlKjRg0CAgJ48MEHKVKkCD4+PqSkpLBq1SoOHjx4089RRERE/pnx48fTunVrjhw5ct2fWbNmDdu3b8dmsxEUFETBggVxOBzmxK7nyiWfffYZY8aMASAkJIRHH30UuNDt/HJhc89u5cHBwTRv3pwXX3wRgOHDh9O0adN/edYiIiJyux0+fJh9+/YBULlyZcaNG0eJEiXMrqOFChXio48+olOnToSEhOB2u7FYLPzwww8Km4uIiNzljBrDmTNngKwshJ+fH7ly5TJrEUaAHKBXr158//33WK1WChQoQK9evZg4cSK9evUCLgTSd+7cyUsvvcSBAwew2+1YrVZ2797N0qVLzXmT7t27s3btWsqUKXO7T1tERERyEAXNRSTbcLlcWCwWDh06xKRJk2jZsiWdO3emR48edO/enVatWvHWW2+xa9cuM4gOCpuLiIgIPPDAA5QrVw7IKsoeOHCAuLg4831jrPBvw+ZGIdff35/MzExatGjBSy+9RHBwMAAjRozgoYceuqnnJiIiIv/MBx98wCeffMLBgwfp16/fdYfNk5KSgKzxg9VqJTQ01BwDXBwyHz16NHAhMP7JJ58wceJEIGsS2O12m2HzP/74AwBfX18yMjJYtGgRAHnz5iUqKoply5bRunVr83tEREQk+/JcpQRg+fLlHDt2jLCwMEaOHElERITXCihGgPz111+ndevWCpuLiIjIJfz9/YGseYitW7eadQOXy2UGzvv27csPP/yA1WqlYMGCvPTSSzRv3hzICo0/88wzAOYD83v27KFDhw4sXLiQpUuX8t///pcBAwawcOFC83tDQkJu41mKiIhITqSguYhkC8ZE7ZYtW3jllVeYPn06O3fuxG63Y7PZ8PHx4dChQyxatIiePXuyceNGr2WdFDYXERG5uxUtWpT7778ft9uNy+Vi9+7dLFu2DMgKnnuOFf5N2NzhcOB0Ojl06BAOh4OjR4/StGlTevbsybvvvkurVq2ASyecRURE5Pbau3cv33zzDZA1QRsTE0OfPn2uK2zu4+MDZAXCT58+zZw5c3A4HGbwHGDmzJleIfOWLVvSv39/AOrXr8/AgQOBrHqH0+lkx44d9O3blwULFrBlyxb69evHoEGDzPpF3rx5ze5hnt8jIiIi2Y/RNGf//v2cPHkSyJqHAGjVqhVFixbF6XR6Xc89A+R9+/ZV2FxERERMxnxCqVKlzIfTQ0JCiIiI8BpTjBw5kq+//hqAwMBAnn/+eXNOwlg9rXPnztxzzz3AhQxGfHw8b775Jq+99hqHDh0CICYmhvT0dCArayEiIiJyNZqxEJE7zrjBiYmJ4bnnnmP79u0kJyfj5+eHj48PQUFBZGZmAllBsWPHjtGpUyfWr1+vsLmIiIiYY4GuXbtSsmRJ8/UVK1Zw+PBh8+9/GzY3lqZMSUlh+/btwIUC8DPPPMOTTz5pHo8KsyIiIndWyZIlefHFF6levToOhwOLxcLff/99XWHzvHnzEhgYSFpaGgChoaFmCAzgq6++YsSIEUBWiL1x48YMGDAAq9Vq1i/q16/P/fffD2QFy9xuN2fOnCE6OpouXbrw/fffA7Bu3TpOnTrl9f0aR4iIiGRfxnzG+vXradOmDa+//jqJiYnkzZsXgGLFigGYXUc9KWwuIiIil2PUAR5//HFy585NQEAAH3/8MQ899JA5pli4cKH5QD1Az549adu2LZA1PvH19QWgYMGChIeHA1kNejzZ7Xbcbjfh4eG88MIL+Pn53fJzExERkf8NCpqLyB1ldOnavHkzzz33HImJiVgsFiIiInj77beZPn06kyZNokePHthsNhwOB3a7HYfDQefOnRU2FxEREbObR548ebj33nvN1/bs2cP+/fuBC4Hw6w2bb9q0yetzGRkZ2Gw20tPTeeONNzh48CBhYWHUqFHjiscjIiIid4ZRa2jUqBHt27enSpUqZoDresLmNWvWpEKFCgC8+eabtGzZ0uxyvm7dOqZMmWJe7+vXr8/gwYOBrIfSjO3Cw8MpV64cALly5cJut2OxWLBarWaXMcha1jp//vw3/58gIiIit4SxMmuXLl1ISUkhJiaGwYMHk5KSgr+/v7ndlULiCpuLiIjI5TidToKCgvjggw/45ptvqFq1qpmBSEpK4pdffuH06dMAdOrUiW7dugEXHoIzfvf19aV27dpYrVYeeughHnzwQTNn4XA4KFy4MJ9++uklIXQRERGRq7Hf6QMQkbubxWJh37599OvXj3PnzmG326lRowbDhg2jSJEi5nbVqlUjMjKSSZMmceTIEa+w+eeff0716tXNmygjQGaxWGjSpAkA/fr1Ay6EzQFeeOEFM4wmIiIiOV9QUBBdunThxx9/JDMzE5fLxeTJk6lUqRKhoaHmdp5jhUaNGgEwZMgQkpOTcTgcbNmyhf79+xMdHU3t2rUB8PX1xeFwEB0dzerVq7FarVSuXJk8efLciVMVERGRq/C81jds2NB8fdOmTV5h83HjxnnVHuDCBG2vXr3IzMykZs2a5utut5uVK1dy6NAhXC4X1apVY/z48UDWhLDRZcz4vVatWixatIhHH32Uffv2cfDgQc6fP29+1+jRo6lXrx6AV8d0ERERyd62bduGv78/6enpnDt3jg0bNpiroRw/fhy4fEdzgxEgt9ls9O3bF4AFCxaYjXiMsPm4cePw8fHxGmeIiIhIzuQZCIcLdQDjp3Gtr1q1KuBdZ1i/fj0rVqwAsh5sb9q06WX3adQVHA4HLpeLBg0aUKxYMTZs2MD69euJjIykQYMGCpmLiIjIDVPQXETuqKSkJD7//HNOnDgBQOnSpc2QuXFjZNxEtWjRgoIFC9K3b1/i4+Px8fEhMzPzH4XN//jjDzIyMnjppZfMLmUiIiKSs7ndbsqUKUPdunX5/vvvsVqtHD9+nKNHjxIaGupVmL1a2NzlchEbG8tzzz1H586dKVCgALly5WLevHls374dAB8fH9q0aUO+fPnu2PmKiIjIlf3TsLkxQXv//fd7dQSzWq0cOXKEL7/8koyMDHLnzk3Hjh2xWCyXhL+M3202G6mpqTz88MO89NJL/PXXX/z000+ULFmSGjVq8NhjjwEKmYuIiOQ0Tz/9NBaLhY8//pi4uDhOnz6N3Z415bpq1SoaN25MZGTkVfehsLmIiMj/Ps8guMVi4cyZM5w/fx6LxUKhQoXM1c8uDoxD1ljBqBf89ddf5utBQUHcc889wKWrqxq1hfj4eAD+/PNPHn74YYoWLUrz5s1v1WmKiIjIXUBBcxG5I4ybotOnT7N27VrS0tIICQlh/PjxXiFzwGuyNTY21rwxcjgc/7izeXJyMr/88gtdu3a9zWcuIiIit4rFYiEgIICHH36Y7777DqfTyfHjx5k9ezajRo26ZEL24rC5xWJh5MiRnD592nzv888/BzDHHIa33nqLOnXq3NbzExERkRvzbzqbXzxZC1nBMSP85XK5KFOmDHDljqXJyckArF69mubNm1O8eHGioqK86hwKmYuIiOQsxvxD27ZtcTqdfPrpp8TFxZk1g7179xITE0NkZORlQ2Oerids/tprrzF27Fh8fHxuy/mJiIjIzeE5Dli1ahU//vgj3333HQ6HA4fDwRNPPMHDDz9M27ZtrzheMOoFR48eNf/OkyePuQKr8aCb53eeO3eOnTt3ApA3b95bdXoiIiJyl7lydUNE5BYybormzp3LoUOHAHjiiScoWbIkTqfzkq5hANOmTWPo0KEABAQEkDt3blwuF3a7HafTSefOnVm/fj1WqxWXywVkTdgamjRpwttvv23+PXLkSB588MFbf7IiIiJyVcZ1+0p/Xy/jut+yZUseeeQRICsktn79erOwejEjgAbQsGFDhg8fTtWqVfH39weyOpcbIXO73U7u3Ll55513aNasmdd3ioiISPZ0cdi8U6dOVKlSxXzNCJsfOXLkivsw6hLGamw2m438+fNToEAB4NKxi9PpxOFwsG7dOiCr25jn8Vx8fCIiIpJzeM4/tG/fnu7du1OoUCEsFgtWq5XU1FRGjx7Njh07zBVbr8YImwP07duX1q1bExISgtvtxsfHh2+//ZYXX3xR9QcREZEcxDPjMGfOHF577TW++uorUlJSgKyGeitWrGDIkCEMHz6cpKSkq+7PGAe43W42b97M1q1bLxsyt1qtbN26ld9//x2AXLly3exTExERkbuUguYickedPHnS/N1z4hW8b8A+++wzxo4dC0BISAgdO3Zk2LBhREZG4nQ68fX1NcPm69atw2q1kpmZidVqJSMjw5wMbtKkCSNHjmT48OG0bNkSUEBMRETkTnI4HOb1fteuXcCFMNeNXqONoJbFYuH+++83fz98+DAxMTFX/ZzxXY899hivv/46PXv2JDw8HIvFgsPhoECBAjRu3Jh3332Xxo0bm8encJiIiEj2dzPC5oDZqdTlcnHw4EF+++03wLv7udGVNDExkbVr1wKX1jtEREQkZ/MMm7dr184Mm7vdbux2O4mJiTz77LMcOHDAK0h+JZcLm4eFhZGZmQlAgwYNVH8QERHJIdxut1knmDFjBsOGDSMxMdGsKaSnpwMXagmzZ89m6NChZnO+i/cFcP/992Oz2fD19SUjI4PZs2dz+PBhczujkd+ePXuIjo7G4XBw7733Uq9evVt6riIiInL3sF97ExGRm8/o7nX8+HHztW3btgFZRdWLQ+ajR48GskLmzZo149VXXwUgIyODIUOGkJqair+/P2lpaXTp0oX33nuPBx98EB8fH/r27UuuXLl46aWXCA8PNwPmwDWXrhQREZFbx+l0ml03+vfvzy+//EK9evVo3749RYsWJTg42Nz2RkLdVquVDh06sGjRIjMw9tlnn1G7dm2KFi162c94BtAqVKhAhQoViIqKYv/+/Zw7d46yZcuSK1cuswOIQuYiIiI5y8Vhc8OmTZu8wubjxo2jSJEiXp81PlemTBmsVqu52smKFSsoW7YsJUuWBLJqFL6+vqSnpzNo0CBiY2MJDQ2lUaNGt/VcRURE5N/znDu43O9G2NxqtdKuXTsAPvnkE+Li4rDb7Zw9e5b27dszZ84cSpQoYT6MdiVG2Nxms9G3b18cDgezZs1i2LBhXk1zVIsQERHJ3oxr9ZIlSxg5cqT5+v3330+1atXInTs3y5YtIy4ujuTkZACWL19ORkYGr7zyCqVKlbpkXxUqVMDtdpORkQHAzz//jL+/P23btuXee+/FZrOxbds23njjDY4dO4bNZqNSpUrmyq0iIiIi/5bFrVa+InIHDRkyhHnz5pl/T5s2jYceesgs2s6bN48hQ4YAEBAQQJs2bRg4cKDXPj744AM++OADAHx8fMxO5lWqVCEpKYm9e/cCMGzYMKKiohQsFxERyWb69evHsmXLzEna8PBwihYtSs+ePSlRogQFCxY0t72eSVVjYvaDDz7g448/xu12ExQUxLhx43jkkUeuObkLl38YTRO6IiIiOZ9xPXe73Xz77bfMmDHDDJu73W4qV6582bA5wNGjR4mKiuLs2bNAVg2iffv2NGrUiMqVKwNZYfP+/fvz448/4nQ6qVWrFiNGjKBQoUK39TxFRETk5sjMzCQ+Pp7g4GD8/f296gJutxuXy2XWGL744gszbG6z2XA4HISGhvLFF1+Yq7PeSD1i27ZtlC9f3vwu1SRERERyhoMHD9K/f3/+/vtvAgMDady4McOGDTPfP3HiBIsWLeLrr79m//795uv16tWjd+/eZtjc8/o/ZcoU3nnnHXNbPz8/AgMDqVmzJunp6fz2229mt/TixYszderUy9Y2RERERP4JBc1F5I4wbormz5/P4MGDARgwYADt2rXDz88PyHoSNzo6mtOnTwPQokULRo0aBWQFyCwWC1arlQMHDtC9e3eOHDliFm/hQrcygFy5cvHhhx/y4IMP3u5TFRERkatYsGAB0dHRAGZ3UCNw7uPjQ+XKlalfvz5NmjQhJCTkkpVPrmb9+vV07drVXGr6oYceYvr06ZqYFRERucv9k7C5Mf5YvHgxQ4YMMbuI2e12wsPDqVGjBlarlQ0bNrBv3z4gK4j+wQcfUKdOnTtyniIiInJjjDFCfHw8Bw4cYM6cORw6dIh9+/ZRsGBB8uTJQ4MGDbj//vupVKmS+TmHw2Gu2HYzwuYXb6OQuYiISM6yatUqevXqRXp6Om3atGHo0KFYLBZz/sNqtZKSksIvv/zC1KlT2bFjh/nZi8PmRj0iLS2N999/n2nTpgHeDfjcbreZiwgNDWXWrFlendFFRERE/i0FzUXkjkpLS6Njx460a9fOXP4RsrqEjR49mp9//hmHw0Ht2rWZMmUKcGmR1eFw0KFDB3bu3EnNmjVZu3YtaWlpXkHzsWPH0rRp09t7ciIiInJNx48fJzExkcmTJ7N371727NkDeD8wBlC1alXKlSvH//3f/xEaGmo+mHYtY8aMYfr06VitVvLmzcu4ceN48MEHrzusLiIiIjmP53Xe83fPkNY/7WyekJDArFmz+OSTT8jIyMBms+F0OgHMh+UMY8aMoVmzZpd8t4iIiGQ/xphh165dfPTRR2zZsoVjx46ZYwPjmu/r64uPjw+9evXiqaeeIiwsDMjqfO7j4wNcPmyeN29eZs+eTYkSJa4rbC4iIiI5w+XmGgYMGMBXX31FtWrVmDVrFhaL5bLX/7S0NH799VcmTZp01bC5ISEhgTlz5vD++++bYxSjgU9gYCCRkZG8/fbbCpmLiIjITaeguYjcMtea2DW6fGRkZODr6+u13erVq3n55Zc5f/48RYsWZfr06RQpUuSSGzBj+169erFx40Zee+01jh49ysyZMwHIly8fPXv2pFGjRl7fLSIiItmDcW1OT0/n5MmTLF68mF9++YWdO3eay08b4S2AggULUrt2bRo2bEjt2rXN1680SfvDDz/w2muvkZGRgcvlolu3bvTr1++2nJuIiIjcecnJyeTOnfuy791I2NyznnD8+HG++eYb3n33XXPlFGNi19fXl1y5cvH666/TuHFjr+8RERGR7MmYZ9i8eTOvvvoqcXFxXiuueTK6hwI0adKEZs2amfWJa4XNb7SzuYiIiGRvnhmIb775hipVqhAeHs7AgQNZvHgxr776Kt27d/da/eRiRtj8448/Zvv27ebrVwqbA6xcuZJff/2VP/74A4vFQuHChalTpw5PPvkkhQoVujUnKyIiInc1Bc1F5Ka7eAI1JSWFs2fPkj9/fpxOJ0FBQeZ7l3vC1+Fw0LNnT1avXg3Agw8+yOTJk/H19b1i59HevXvz888/M3v2bMqXL098fDwZGRlYLBYKFix42eMSERGR7OHia/SRI0fYs2cPn376KceOHSMuLs7r4TVD06ZNqVy5Mh06dLhkX5777NatG2vWrAGyHkL7+OOPqVix4u04NREREblNjGv/qVOn2Lt3LwsWLODo0aMcPXqUKlWqULp0af7v//4Pf39/bDbbJWOGGw2bA2zcuJFPPvmEgwcPkpSUhL+/P08++SR16tThwQcf9DouERERyZ6Ma/Xff/9N165dOX/+PAChoaG0bNmSyMhIkpKSiIuLY968eTgcDq/aRI0aNWjbti1PPfUUoLC5iIjI3Wj69OmMGTOGypUrM2nSJN577z3mzZvHJ598wqOPPnrN2sD1hs0vzlacP38el8tFrly5bt3JiYiIiACXf2ROROQfMm5ujh8/zvbt2/nyyy+JjY3l6NGjhIeHkytXLqKioihbtiyVKlW6bHDc4XBw+vRp8+9ixYrh7+/v1c3U0/Hjx9m2bRtpaWkcPXqU8uXLkzdvXq9tNLErIiKSfRnXaGMcUaRIEYoUKULlypU5duwYM2fOJCYmhkOHDgEXOoYuXbqUpUuX8vXXX1O3bl3q1atHZGSkuU9j1ZR27dqxY8cOzp49S1JSErt376ZixYqXfeBNREREch7jmr5z507effddtm3bxqlTp8wupD/99BMrVqxg3bp1PPPMMzz66KMEBQVdEjZv2LChuU8jbP7333/Tp0+fS8Lmbreb+++/n/fee4/MzEwSExMJCQnxmtxVLUJERCT7s1gs7Ny5k969e3P+/Hl8fX0pX748Y8aMoVixYl7bNmjQgMWLF7Ny5UrOnj0LwF9//UVKSgrp6em0bNnS7Hju4+NDu3btAMywud1u5+zZs7Rv3545c+YobC4iIvI/4Mcff2TMmDEA/P333/Tr14/q1asDcOrUKYBr1gb8/f159NFHAbzC5itWrAAww+ZWq9WrLhEYGGjuQzUIERERuZUUNBeRm8aY2N22bRujR49m//79nDlzxrzROXjwIE6nk61bt9KgQQN69+5N0aJFL9nPuXPnOHfuHDabDafTyblz5wAuKbYaBdi4uDizABwSEnLZY9NNlYiISPZ3ceg7b9685M2blzFjxrBz507Wr1/P7NmzOX36NMnJyWY30piYGLZs2cKUKVN49tlnKVeuHLVr18bX1xeA++67j0KFChEfH09mZiZTp07liSeeIDQ09E6cpoiIiNxERi1i06ZN9OrVizNnzuB0Os1aBGDWFzZs2EBiYiKnTp2iRYsW5M6d+x+FzeFCncHPzw8/Pz8zYO45satahIiISPZ35swZJk6cyIkTJwCoWLEiY8eOJSIiwpyDMMYb1atXJyIiggoVKjB58mTi4uKwWCxs376d+fPnExwcTL169fDx8TE/e7mweXx8PB07duTzzz+nZMmSd/L0RURE5F8KCgqiVq1a/P777wCsWbOGzZs3AxAXFwdcfpX3i3mGzSdNmsSOHTuAS8PmV6o5qAYhIiIit5La94nITWHcHMXExPDss8+ybt06zpw5g81mMwPiRkfyggULUq1atcuGzAFy5cpFUFCQuf13333Hb7/9Zr7vdrtxOBzYbDbS09MZO3Ysp0+fJn/+/JQpU+YWn6mIiIjcTsZ44N577+WZZ55h8uTJjBs3jho1ahAaGuq1XHVCQgLvvvsuL774IgMHDmTVqlUkJycTERHBf//7X7OQe/r0af766y+v/YuIiEjO43a7sVqt/P3333Tt2pWTJ0/idDrJkycPrVu3pmfPnjz00EMULlzYDJ3v3buX2bNns2jRIpKTk71C5p5h806dOlGlShXzNSNsfuTIkasekyZ2RURE7jzjun81Rj1h586dbNu2DafTSd68eRk1ahQRERG4XC5zbsMzGFa4cGGaNWvGoEGDCA8PN79r06ZNLFiwgG3btgGYAXWAdu3a0b17dwoVKoTT6cTf39988C0lJeW6jldERESyp5o1a9KzZ08zJA6QlpYGwJw5czhw4MB1r6xqhM179uxJuXLlzNdXrFjBhAkT2Ldv3809eBEREZHrpI7mIvKvGRO727dv58UXXyQxMRGA8PBwevbsSVhYGCdPnuTgwYPMmzePJ598kg4dOpif9ZyEdbvd+Pn5UadOHfbs2YPVasXhcDB9+nT8/f2pXr06FosFu91ORkYGgwcPJiYmhoCAABo0aEDevHmv64lgERERyRmMSV1jzFCsWDGKFStGrVq1iImJYeXKlSxbtoyEhAQga/I3PT2dxYsXs3btWiIjI+nbty/FixenWbNmLFmyhKSkJL799lsaNGig5alFRERyKGNssGPHDl588UVSU1Px9fWlQoUKjBo1iuLFiwOQmprKH3/8wezZs1mzZg0AsbGxfPHFFwC0atXqqp3NLRYLMTExZtj81VdfZfz48WZncxEREck+9u/fT8mSJb2u6VdizCHMmzePuLg4bDYbTz/9NMWKFTO7kV9JYGAgjz32GL6+vgwdOpRjx44BsGrVKu655x7Kly9vfocxX2F0Np86dar54NrAgQPNVVFEREQk5zHGG9WrVzcfHPv111/JzMzEx8eHxMREvvjiC3r27HndK6x6djb/+OOP2b59O5AVNrfZbLz00ktqviciIiK3ncWtx+RF5CY4fPgw/fr1Y9OmTdhsNh588EGGDx9ORESE13aHDh2iWLFiwNWXiNq0aRMdO3YkMzMTAB8fH4oXL07nzp255557yMzM5N1332Xjxo24XC7y58/PhAkTqF69+q09UREREbnjLp7w3bJlC7t37+bTTz8lPj6epKQkczLZ7XYTGhrK448/TlxcHH///Tfnz58nICCA999/n9q1a9+p0xAREZF/6fjx40RHR7NmzRrcbjfVqlVj7NixRERE4HQ6sVgsWK1WMjIyiI2N5cMPP+S7774zw2fFixenXbt2Vwybu91uvv32W2bOnGmGzd1uN1WrVmXs2LFXXKlNREREbr8PPviAFStW8MILL/Cf//wHuLTRzcVSU1Np27Yt+/btw+l0MmbMGJo1a3bd35mens5PP/3EqFGjOHXqlNex1KtXz/zbcy5k1qxZTJw4kf79+9OyZcvrOk4RERHJvjxrCOvWrWPKlCn8+uuv5vtGc76GDRve0ANmaWlp/Prrr0yaNIkdO3Zgt9txOBw0adKEESNG4OvreytOR0REROSy1NFcRP4Vo0C6atUqDhw4AEDx4sXNkLnT6cRqtZpFUiNkfq2OIFWqVOHtt9/mlVdeAbJu0Pbu3Ut0dDR+fn5YrVZSU1PN7QcOHKiQuYiIyF3CGEMY45CKFStSsWJFHn/8cTZs2MCyZctYs2YN586dA+Ds2bN8/fXXuN1us5PI+fPn2bRpk4LmIiIiOZBRU1i3bh07duzA7XZTqFAhRo8eTUREBC6XyxwvOBwOfH19KVOmjPkwvFGjuJHO5gAxMTH4+PgQExPDCy+8wLx58wgMDLzNZy8iIiIXmzBhApMnTwayOpQ7HA4aNWp0zfD2mTNnzJC5r68vPj4+QNb4wW6/9hSqn58ftWrVonXr1nz++eekpaXhdDpZsmQJDz30kBkm8+xs/swzz1CrVi1KliwJKGQuIiKS03nWEB544AHzdSNsfuzYMaZNm4afnx9169YlKCjouvbr2dn8008/ZcuWLQQHB/Pcc88pZC4iIiK3nYLmInKJhIQE8uTJc13bGl04vvnmGxITEwkICGDYsGGXTOxe7Gohc+NG7Mknn2TEiBEMGjQIh8NhBtadTifp6elYLBZsNhtvvfUWjRo18vqsiIiI/O/zXBnF5XKRN29e6tevT/369Vm9ejVbtmxhxowZpKenk5qais1mw8fHx1wxJTw8/E4duoiIiPwLRk1h0aJFnDlzBh8fH/r06UPRokW9Hmx3uVxmSOyzzz5j6tSpQNYYwuFwAFcPmxuBsIYNG+J2u7Hb7axbtw6ADh06KGQuIiKSDSQkJLBkyRIAAgICWLNmDU6nk1q1al1znsPX15eAgADS0tLIyMhg7969ANcVMjfkyZOHRo0asXLlSnbu3AnAunXrOHv2rFfXUs+wuULmIiIiOcvFK7Vf/JD6tcLmBw4c4OOPPwa44bB5nTp1yMjIYO7cuQwePJh77rnnJp6ZiIiIyPVR0FxEvEyZMoV9+/bxf//3f2ax81p27drFjh07sFgsFChQwFw62vNm63p43ogZWrVqRf78+fnwww85fPgw8fHxAISEhFCuXDk6derE448/7vV5ERERufsY4w4jXPbII4/wyCOPUL9+fTZu3MiCBQvYvXs3GRkZADe8HLaIiIhkL4cOHWLnzp3YbDbsdjuFCxcGLowJPCeBP/vsM0aPHg1k1RMee+wxkpOTWblyJXD5sHlGRga+vr5mR9OGDRvidDpJTk7mmWeeISoqClAtQkRE5E7LkycP06ZNY8CAAWzevBm73c5///vf62qmU6BAAYoVK8b27dsBWL16NU2bNiUyMvKGjqF06dJ07dqV/v37Y7fbSUhIYNOmTRQtWtRrrHDxnInGECIiItnXxdfwtLQ00tPTOXv2LDabjaJFi5KZmYmvr69ZgzB+Xi5svn///n8UNvfz86N+/fo89thjXg+xiYiIiNxOCpqLiGnixIl8+OGHBAQEkCdPHqKioihVqtQ1PxcfH09qaioAuXLlIjQ09Ia/2/NGbfTo0RQrVoz27dsD8Oijj3LPPfeQkJDAhg0bsFqtVK1alTx58lCoUKFLPi8iIiLZz+26Vl+8akqZMmUoU6YMUVFRfPPNN/zxxx9UrlzZDJlf3IlEREREcoazZ8+SmJgIgMPhIC4uDsCrEzlcGjJv0aIF/fv35+jRozgcDnPC1wibp6en07p1a/LmzUt6ejrvv/8+tWrV4uGHH6Zx48bcf//9FClSBNA4QkREJLsoWbIko0aNol+/fgwcOJBq1aqZq6RervsoZF3HnU6nGTS3WCzs2rWLjRs3EhkZed3XeWOf1atXp3Dhwpw6dQqApKQkQGFyERGRnMhzHLB79242b97MnDlzSEhI4NixY1gsFipXrkxERATPP/88RYsWxd/fH6vVajbDudlhcz8/v5t8liIiIiLXT0FzEQFg69atfPjhhwBkZmYyffp0nE4nffr0ueZNS0BAAJBVMD1y5AjHjx+nePHiN/T9RrF1xIgRzJw5k4cffpgnn3ySPHnyYLVaKVSoEIUKFeLee++95LMKmYuIiGRvRlF2z549BAUFER4efluDWUZht0mTJjRp0uSS4xIREZGcJzg4mMDAQNxuN6mpqaxbt4769evj6+trXt9nz55thsxz585NixYtGDBgAJDVwbRTp04cOXKEAwcOAFlh81mzZhETE0OrVq1YuHAha9asYdOmTURERBAZGWmGzN1ut8YRIiIi2UipUqX44osv8PPzw+FwYLFYsFqt7N69m0OHDlGvXj0sFos5n2CE0Lt06cKKFStwOBxkZGQwfPhwypYtS/ny5a+rbmDMTURERBAaGsqJEyeAG1/xVURERLIHz+v/0qVLmTVrFrt37yYtLQ2LxYLNZsPtdrNp0yY2bdrE6tWriYqKon79+lStWhWbzWaujnYzw+YiIiIid5KqHCICQIUKFXjjjTew2+04HA4Annrqqet6MjZ37tzmzda5c+f4/vvvyczMvOFjmDZtGjNnzgRg/fr1xMbGXlcxViFzERGR7Msoym7YsIEmTZowadIk4PZOuF7c5dygSV8REZGcy3gg3VhhLX/+/FgsFrNG8PXXXzNmzBhz+0aNGpkhc4fDga+vL/fffz+lS5fG7XZjs9mwWCycOnWKX375hVdeeYVVq1bhcDg4d+7cJbUH1SJERESyH2M+wwiBbdiwgaZNm/LRRx+xYsUK8z232w1kPThWunRpmjdvjs1mw263k5qaSq9evdi3bx9WqxWXy3XN73W73Zw4cYL4+HgzxF6gQAHzPREREckZPEPms2fPJjo6mq1bt5KWlkZAQAA2m41cuXLhcrnMukBSUhKzZs1i1KhRfPPNNwBm5sJisfDAAw/w3HPP8eijj5rfY4TNf/rpJ86dO3f7T1RERETkBilZISKmZ555hr59+wIwa9YsKleujNPpvGoh1O12ExoaStmyZXG73TgcDn7++Wdz+Wqn03nd31+tWjXsdjtWq5X09HR++eUXgOsq5IqIiEj2ZLVa2bJlC8888wwAf//9Nzt37rzDRyUiIiI5mdPpJCAggFatWmG32xkxYgQvvfQSvr6+AGzevNlcqQ3gP//5D0OHDjU/a7fbcbvdBAYG0r59e3x9fQkKCjLrH3a73etBteeff/6GV24TERGRO8dms7Fjxw46dOgAwI4dO/j888/58ccfAbw6m+fKlYsGDRoQHh5udh89evQoffr0Yf/+/dcMmzudTiwWC/Hx8WRmZuJ0OilcuDDVq1c3v0tERESyP8+Vy+bMmcPw4cNJT0/H5XLxwAMPEB0dzYwZM5g+fToDBgygQYMG5mczMzPZsmULw4YNY8GCBUBWbQFQ2FxERET+JyhoLiJeunTpwm+//Ub16tVxOBxmsfXw4cPmUtKeLBYLefPm5ZFHHjH/jomJYfjw4UBWQfd6wuZOp5PKlSvz6KOPmoXXM2fOAOo2KiIikpM5nU6WL1+O2+3Gz8+P3bt3s2XLljt9WCIiIpKDGSHwOnXqMGfOHFq1agVceFB9w4YN7N+/H6fTSYUKFXj77beBrHGJ8Vmj9hAcHIyfnx9t2rShZ8+e5hLXGRkZ+Pr6Mnr0aJ588klAHUlFRERyEn9/fyIiIoCsa/i6deuYMWOGV9jcmLt45JFH6NixI4AZNt+5cycvvvgie/fuxWq1XnYcYIwt0tPTGT58OGfOnCEgIIAWLVoQEhKiJjoiIiI5iFEn+P777xk7diwAQUFBtGnThpkzZ9KyZUvuv/9+ypUrR5cuXRgyZAiTJk0iMDDQXCktISGB6Oho/v77b3O/Rt5CYXMRERHJyZTeFJFLhIWFeXXxWr9+PVFRUUydOpWDBw96bWsUSqOioqhYsaL5pO/333/PW2+9BVxf2NyY6A0LCzO3NZa5FBERkZzLZrPRuXNnwsLCSE9PB2DSpEnExsbe4SMTERGRnMqoG5QuXZpKlSoBFzqPnTx5kunTp5OamorNZqNJkyb4+fl5hcyN7QECAwPJzMxk8+bNvPzyy0yaNIno6GgGDx7M9OnTad68ubm9OpKKiIjcWcb1Oy4ujqSkJK/XLw6ClyhRgilTplC2bFnztYvD5sYDZgCdOnXipZdeAi6EzQ8cOEDHjh35448/yMzMNPfjcrlwOBzYbDYyMjJ48803iYmJASAiIoI6deoAaqIjIiKS0xw6dIhFixaZ44NGjRqZK6QZr7lcLlwuF6GhoTz++OM8+eST+Pn5me93796dypUrm/v0XEnlSmHzTz/9lG+//Zbz58/frlMVERERuSH2O30AIpI9WSwWM2T+zDPPALBixQr8/f3p0KEDJUqUAC4USgsVKkTt2rXZu3cvGRkZWCwWZs2aha+vL6+99poZNvec1PWUmZmJ3W7n9OnT5rZ58+YFsm7WVJAVERHJmYwlozt37szEiRNxOBwkJSWxceNGihcvftXxgYiIiNxdjInXlJQUUlJSWL58OQkJCaSnpxMSEkLVqlUpX748ISEhl3zWCIEfPHiQ5ORk7HY7DoeDChUqAFwy3jC2P3nyJOnp6Zw5cwaHw+E12XvxcYmIiMidZbFY+P7773n77bfp1q0bjRs3Jnfu3LhcLmw2Gzt37mTPnj00bNgQu91OiRIlmDBhAr1792bXrl1AVtjcUL9+fex2O5mZmfj4+PDSSy+RmZnJ5MmTzbD52bNn6dmzJx06dKBGjRrUqVMHq9WKw+EgLi6OwYMHs3btWrOT6csvv0zFihXv1L9IRERE/oUDBw6wfv16HA4HlSpVYtiwYeYqKHZ7VrzKuOYDvPfee/z8889mk50ePXrQu3dv4NJV1TzD5oZff/0Vu93Onj17mDdvnrmimoiIiEh2o6C5iFzVnj17zN8TEhL46quvALzC5i6XC19fX5599lk2b97MmjVrsNvtOJ1OPvvsMxwOB6+//jo2m+2yoXGn04mPjw+JiYns2bMHp9NJSEgIDRs2BNT1Q0REJCczCqnVqlUjV65cxMfHk5KSwvz582nRooVC5iIiIgJceMh8z549zJw5k7/++uuSVdX8/f0pWLAgb7/9NuXKlTMneT0dOHDA7GYOFzqOXcyY8N20aRMWi4XcuXNf8dgUMhcREckekpOTGTZsGGfOnGHmzJnY7Xbq1atHaGgoGzZsoEOHDkRGRmK1WmnYsCFWq5WSJUteM2zu4+Njhs179+5NUFAQkyZNIi0tDYC0tDQ+++wzpk6dSvXq1QkKCiIxMZFjx45x8uRJc18jR46kfv36gB5UExERyWkyMjKYPXu22VX8iSeewGKxmA+fgXd4fOLEicydO5ezZ88C8Pzzz/PKK69csp3hcmFzq9XKL7/8Qu7cuRkxYgS5cuW6HacqIiIicsOU3hSRq2rXrh1Dhgwx/05JSeGrr75i9uzZHDhwAMDs3pE7d27efvtt7rnnHnPZSLfbzYwZM+jfvz+ZmZlmaNxY5jozM9NcXjI6OprDhw9jt9upXbs2+fPnv2S5SxEREcmZ7r//fjp06ABkFVRjYmKYP3/+HT4qERERyQ6MkPnff//N//3f//HVV19x8OBBr3CWMbmbkpJi1g4uJzw8HB8fH2w2G1arlU2bNpGZmem1jTHhe+7cOb7++mtcLhdBQUF6AE5ERCSby507Ny+99BJ58uRh//79TJ48mXXr1rF69Wq6du0KwKFDh/j777/NzqKAGTYvW7as+dq6deuYMWMGP/74I4AZNgfo3r070dHR1KhRwxxzGOOSjRs3smrVKjZv3szJkyfx8/OjQIECTJgwgWbNmgEKmYuIiOREFovFDI0DVK5cGeCKIfM5c+ZcNmTucDi8GuklJiYCF8YHnmHzTp060aBBA2bPns0999xzy89RRERE5J9S0FxErqldu3ZER0ebf18ubG4sL5k3b16mT59OZGSkGTa3Wq0sWbKE7t27s2LFChISEsybMB8fH86dO0f//v1ZvXo1AEFBQbRs2ZLcuXOrGCsiIvI/wOVyAdCgQQPKly9vPki2YcOGO3lYIiIikg243W6sViubN2+ma9euxMXFkZGRQe7cualXrx5169bl/vvvx2q14ufnR8eOHXnqqaeuuL/AwEAyMzPJyMjA5XLx5Zdfeq3WZjzwnpqayoABA9i9ezchISG0bt3anPAVERGR7KtmzZpUq1YNu93OkSNHGD58OM8//zwZGRkEBgZSq1YtunTpQkBAgNfnSpYsybvvvsu9995rvna1sHnLli0ZMGAAr732GmFhYfj4+AAXahwul4t8+fLRqlUrxo0bZ67QqpC5iIjIned5b3899/kul4tTp05x/Phx8zXPgLjL5bqukLnT6cRut5tjgdWrV/POO++wZ88e8zXPnzVr1mT06NEKmYuIiEi2d/nWPyIiFzE6kA4fPhy4EDY33itRooRZhM2XLx9z5syhZ8+e/P3331gsFiwWC3/88Qe7d+8mNDSUevXq4evrS3x8PL///jv79+83vys6OpqHH374tp+jiIiI3BpG946SJUtSqVIltm3bBsCSJUv4z3/+Q926de/k4YmIiMgdZLFY2Lt3LwMHDuT8+fP4+vpSvnx5Ro4cSYkSJcztvvrqKzIzM2ndujVwoQv6xapVq0b79u2ZM2cOALGxsfTv35++fftSsWJF8ubNy7lz5xg4cCC//vorAEWLFqV06dLm8YiIiEj2FRkZScuWLVm1ahUAp06dArJC4lWqVGHMmDHky5fPq+uooUSJEkyYMIHevXuzc+dOICtsbqhfvz4+Pj44HA7sdjv33Xcf9913H/Xq1WPPnj38+eefZGZmYrFYKFiwIHXr1qVAgQIEBgYCCpmLiIhkBxePASwWi/maUUswrtnG31arlXz58pE/f35Onz4NQEJCApDVodx44OxaIXPP7x0/fjyffPIJkNW0b8iQIZeMFSwWyyUPx4mIiIhkRwqai8h1u5Gwed68eZk8eTJjxozhjz/+IC4uDsh68vfMmTPs378fl8uF3W43i7aBgYEMGTLE7EymoqyIiEj2d73Xa6Nb6SuvvMIff/zBwYMHsVgsfP/999SsWZOAgABd90VERO5CKSkpTJs2jSNHjgBQvnx53nnnHSIiIszlpq1WK82bNzc/c7ngmKfHH3+c7du3s2nTJiwWC3v27GHgwIEUKlSI0NBQDh48yNGjR83tn3/+eUqVKnXLzlFERERuDpfLhcVioW7dujz99NPMmjXLXJHEZrNRq1Yt8uXLB3DFscL1hM3tdrsZPHO5XISHhxMeHk6dOnUu2Z9nl1TVNURERO48YwwwYcIEEhMTefPNN7HZbGRkZODr6wvA/v37KVWqlFfo3O124+fnZ+5n7ty51KpVi2LFigHw/vvv88UXX1xXyBwgKSnpkt81VhAREZGc6tK2PyIiV9GhQweio6PNv42w+ezZszlw4ACA2fEjT548vPHGG7zyyis88cQTwIVlJY3iq8PhIDg4mNq1a/POO+8oZC4iIpJDXHxNN1xpGUqjO0hQUBBPPfUUvr6+uN1ufv31V44fP24WckVEROTukpKSwoYNG0hPTyc0NJRRo0YRERFhPpx+ua7lVwuZAzzyyCO0atWKsmXLmuOLxMREtm/fzpo1a7xC5qNHj6ZevXrA9S2nLSIiIneO1WrFYrGwceNGvvjiC+DC9TstLY158+Yxf/58r2DX5Rhh87Jly5qvrVu3jhkzZvDjjz+a32U8NO/5PQbjb81jiIiIZD8LFy5k8uTJzJ07l7fffhvADJl/+umnPPXUUyxZsgTAnJvw9/enWbNm+Pr6YrVaOX78OL///jvp6el8+OGH1x0yN8YIxsNvAKdPnyYjI8OcVxERERHJadTRXOQuZoS5ExISSE5OZu3atTidTsqVK0e+fPmIiIi47Oeup7O53W7H6XQSFBRE8+bNad68OUuWLOHAgQP89NNP2Gw2QkNDCQsLo3Xr1hQvXpyCBQt6HZeIiIhkT0ZXr40bN/LJJ5/wwgsvULRoUUJDQ81r+OWu50ZH0ieeeIJp06YBWctPfvTRR4waNcos9IqIiMjdY/HixcTGxmK1Wqlfvz6RkZHX7Fh+OZ4dyCwWC61bt8bf35/ly5fzyy+/4HQ6zW39/PzIly8fffv2pVGjRl6fFxERkezt5MmT9OnTB6fTaV7Tjx07BsDhw4eZPHkyFouFBg0aEBwcfMX9lChRgnffffeqnc09xxYXjxM0bhAREcm+7HY7vr6+OJ1Opk+fjsvlon///syaNYtx48YBMGjQIEqXLk358uXN63rp0qVxuVy4XC4SExOZNm0av//+O3/99RcJCQnAtTuZG/vKzMw0XytevLjmP0RERCRHU9Bc5C5lBMR27tzJRx99xJYtWzh+/DgAuXPnJjQ0lP79+/P44497dewwboyuJ2xus9m8uno0a9YMgBdffBEfH58rHpsKtCIiInfexWEtz9etVisbNmyga9euZGRkEBMTQ7Vq1XjyySdp2LAhPj4+WCyWK4bEypcvz3//+1/Gjh0LwO7duzl27BiRkZHmGEVERETuDmfOnAGyxhjh4eHAtTuWX8xzvLJ27Vruu+8+8uTJQ5MmTXjooYf46aefWLVqFQkJCfj6+vKf//yHSpUqUbFixUs+LyIiItlbgQIFePrpp1m4cCGRkZG89NJLLF++nBkzZgBw9OhRPv74Y4DrCptPmDDBDJtbLJarhs1FREQkZ2jevDm7d+82G9589tlnbN261bzO582bl4YNG1K+fHmvzz3wwAM8//zzfPDBBwAcOnSIY8eO4XA4AOjZsycvv/wycPmQOWTlMDIzM9mzZ485jrhSgz8RERGRnMLi1pqwIncdI8AVExPDf//7X86cOYPb7cZms5mdOYwnbP/73//SvHlz8+bn4oLq7NmzzbA5QK5cuWjevLkZNr/a9xv7A4XLRUREsgvPFU/y5Mlz2fdiY2Np0KABkNUZxCiyAjzxxBNUrVqVzp07X7VDx+bNmxk0aBB79uwBoFu3bvTr1+/mn5CIiIhkSw6HA7vdzvPPP88vv/wCQOvWrRk+fPg/6mgOMHToUObOncvChQsvmSzOyMjAbreb9Q+DgmMiIiI5h+fcwooVK6hcuTL58+fnyJEjfPrpp8ybN8/cNiIigueff/6aYXOAAwcOeHU2h6ygWadOnahfvz6gMYOIiEhOYYwXkpOT6dOnD7/++iuAGfoOCQkhKiqKV199FZvNZtYgjM8dPXqU4cOHm7UKY5umTZuazXOMmsaVvnv9+vV06dIFh8PBvffey6effkr+/Plv2/9ARERE5GZTq0CRu4zRhXTz5s107dqV06dP43a7sdvtZlDMcxmniRMn8vnnn7Nv3z7gwg2YoUOHDkRHR5t/G53NZ8+ezYEDBy57DJ5dSi+35KSIiIjcORaLhZ9//pmGDRvy22+/AVnFUYfDgcViYceOHfj7+9OvXz9q1qxphsyNwNbKlSsZN24crVu3ZsqUKezatctr/8b2lSpV4sEHHzRfX7FiBVu3br0dpygiIiK3iMvluuT3K/W4MCZkIyMjzdeOHTsG4LVC2vUaPnw4X3zxBW63mw8++MCrtmF8n9VqNSePDapJiIiI5BxWq9W8jterV88MbBUpUoTnn3+etm3bmtsanc2///57kpKSrrpfo7P5vffea762bt06Zs+ezbfffgtozCAiIpJTWK1WnE4nuXPnpk2bNoSFhXllHCIiIujXrx82m42MjAxzbsPIMERERBAVFUXlypWBrM7lkLUy6+rVqzl79qxZ03C73eZ+jZD57t276du3Lw6Hg4CAAGrWrEmuXLlu6/9ARERE5GZT0FzkLmOxWDhw4AADBw4kLS0Nq9VK8eLFeffdd5k6dSpvv/02jz32GEFBQeZnZsyYwcyZM29q2FxERESyp9jYWN544w3Onj3L4MGD+f3337FardjtdjZs2ECLFi3o0KEDHTt25KOPPuKDDz6gSpUqhIaGAlnBMKvVyq5du3j//ffp1KkTn3zyCX/++SeAV5eP7t27m5O4R44cYdu2bcCVA2kiIiKSvVx8zc7MzCQzM5P4+HhOnToFXAhlGROzFwsLCzN/X7NmDbNmzTI/d71jgsTERE6ePAmAr68vhw8fviRo7vnQu+fvIiIikn15jgWMsYTVar3sGKFw4cI3NWxut9tZu3YtU6dONR+GExERkZzBCI8fOHDAbLwHWbWG7du3M27cOCCrhuBZrzC2q1u3Lq1ataJUqVLm53bu3MnQoUOZPXs2+/fvN1836h5Wq5WdO3fyxhtvmDWR4sWL07FjRwICAm7DWYuIiIjcOha3Uhwidw1jacfJkyfzySefcO7cOWrVqsXw4cOJiIgwt4uNjWXlypV8/PHHJCYmmq+3a9eODh06ULp0aa/9GWbPns3w4cPNv3PlykXz5s3p0KEDJUqUuA1nKCIiIv/WuXPnePXVV1m1ahWQFf6aMmUKPj4+NGvWzOxI3rZtW4YMGYLVauXkyZMcP36cyZMns23bNk6cOAFgrpYCEBoaymOPPUbbtm0pWbIkwcHBpKSkMG7cOL744gsAChQowBdffOE1LhEREZHsyejUBRAfH8+6detYtGgRhw8fJj4+HpfLxcMPP0xERAT//e9/8ff3v+x+jh07xrPPPktsbCxut5sqVarQu3dvr5VPrseiRYsYNGiQuaT1ggULqFix4r8+TxEREckeUlNTvUJanmMRT8ePH+fjjz9m3rx55msRERE8//zzNGjQgODg4Kt+z4EDB+jbt6/5MPxbb71FVFTUTToLERERuV0WL17MwIEDAfDz88Pp/H/s3XmcjeX/x/HXWWYfM4xhxoyxZo8QQkKSFgmVlH1LSlJJSKUs2UMptNiXCj9Zv0gl0WLLEjN2Y1/GMIxZzpzl98c8zt0cZhjCDN7Px+P7aOY+932d+5r6Ps51rut9fy6HsXOry+WiY8eO9OnTB0h/oM0dTndnIFwuF3PmzGH+/PnGuAAgICCAvHnz0rVrV6KioihbtizR0dEcOnSITz75hAsXLgDpayvTp0+nRIkSt7jnIiIiIjeeguYidxmbzUa7du3YsmULxYsX5+uvvyYyMhKHw4HZbDaC44mJifz0008MGzaMs2fPGte/+OKLtGnTxnh6Nzth82effZbnn3/euEZERERyJ/ci7alTp2jZsiXHjx8HIG/evCQmJhpbPT7wwAO89957FC5c+LI21q9fz7p165gzZw4pKSnG1pNOpxOXy0VUVBTFixenZ8+eVKhQgSNHjtCsWTMSExPx9/enX79+tGjRIssFYxEREcl5GRdgFy1axE8//cSKFSuM191hb/fPvXv3pk2bNh47m7glJibSp08ffvrpJ6MSWNOmTenSpUu25hHcY4bExESefvppTp06hd1u57vvvjO2uRYREZHbh3vN4cyZMxw9epTvvvuOkydPcuzYMapVq0aJEiXo0KHDFdu41rC5y+XC5XIZ8xD79+/nlVdeoWPHjrzwwgse9yUiIiK5n8vlYt26dQwePJiDBw/SqlUrEhMTWbVqFUlJSVcNm7vnGlwuF//73/+YP38+69atAzwL7ACEhIQQHx/vMRcSFRXFxIkTlY8QERGRO4aC5iJ3OPeXIJvNhre3N/v27aNly5Y4nU6++OILatasmWWQKyUlhR9//JGPP/74srD5lSqbz549m4EDBwLp20VZLBaaN29Onz59CAwMvMk9FhERkav5448/KFSoEMWKFbvsNfdk6tKlSxk0aBDnzp0zXvP29uahhx6if//+REREeIwhMk7CAmzdupVt27Yxbdo0jh07htPpBDAmcP39/WncuDGPPPII+/btY+zYsaSlpVG9enVmzJhxU/svIiIi1y/jZ/64ceNYuHAhx44dy/L8KlWqMHjw4EwXV93zCXv27KFVq1ZG1S+LxULbtm1p3bo1UVFR2bqvffv20aJFC2w2Gz4+Pvzwww/ZvlZERERyB/c8w65duxg/fjzbtm0zdk3LqE6dOvTo0YNy5crh7e2daVtXCps3atSI4OBg0tLS8PLyYs+ePcyYMYM+ffoQEBAApD8M517P0MPwIiIitx+73c6WLVvYvHkzXbt2JS0tjXfffZdVq1aRnJyc7crmADExMSxcuJApU6ZgNptxOp14e3sb6x4ulwuHw0GBAgUoW7Ys7733HkWLFs2ZjouIiIjcBJeXERKRO4Z78nPDhg0sXryY7t27Y7FYMJvN+Pn5ERERAZDlBKmvry+PPvoogEfYfM6cOQBG2Nz9Jcz9RatVq1YADBw4EJfLhd1up3r16gqZi4iI5ALjx49n/PjxdOrUiRdffPGyAJZ7EvWRRx5h6dKl/PLLL0D6RCnAk08+SUREBHa73SNYfunk63333cd9991HkyZN+OGHH/jjjz/49ddfjfOTkpKYP38+8+fP99hdZcOGDcyaNYvWrVvf1L+DiIiIXLuMC64DBw5k9uzZxmulSpWiYMGCVKtWjVOnTrF9+3Z2797NW2+9lWUFL5PJhNPppFSpUvTp04chQ4aQnJyMw+FgxowZWK1WnnvuOePhuMwqibrv6fz583h5eZGUlERkZCRhYWE3548gIiIiN4V7PWPr1q307NmTuLg47Ha7sf4A6RVEHQ4Ha9euJSEhga5du/LQQw/h6+t7WXuFChWiW7duAEbY/OjRo0ycOJHU1FSeeOIJ8ufPz4ULF+jTpw87d+4kISGBkSNH4u3tbaxnZKx0LiIiIrcPq9XK/fffT7Vq1QDw8vLi/fffx2w2s3LlSiNsPmXKFAD69OljVCW3WCweGYiyZctStmxZKleuzLp161i5ciVJSUlGZfOAgACqVavGE088wUMPPUT+/PlzrN8iIiIiN4Mqmovc4TZs2ED79u1xOp20bt2aJ554gp49exIeHs78+fOz1cb1VjafMWMGQ4YMYdCgQbRo0eLGdkxERESu2Zdffsknn3wCQJ48eWjatCnt27f3CJu7P8+3b99OmzZtSE1N9VjULViwIEOHDuXBBx/0OD8z7glZ9zlz585lw4YNLF261NhC0mQyeUzYOp1Onn76aUaMGHEz/xQiIiJyjTKGzPv378/8+fONz/CWLVvStm1bChcu7BH02rVrF2XKlLnieMHt5MmTTJ06ldmzZ5OamgqkP8jWokULnnnmGSpVqnTZfdjtdqxWKzabjc6dO7Nhwwb8/Px45ZVX6Nq162U7roiIiEju5A6Zb9myhY4dO5KcnAxAcHAwderUIW/evPz9998cPXqUhIQE47py5crRrVs36tWrl2nYHDKvbB4aGsq9995LuXLlWLVqFXv27MFqtVKlShWGDh1K4cKFb26HRURE5IZwzzdcOu+Q2XH3eOP8+fMMGTLEI2x+pcrmGdtzt3P69GkOHz5MfHw8efLkISgoiAoVKtzCnouIiIjcWgqai9zBEhMTadu2LdHR0cbTt82bN+eff/7h7NmzfPvtt9meML3esPn+/fspUaIEoO0lRUREclJaWhozZ85k9OjRRpUNPz8/li5dauxy4nbixAkaNmyI3W7H398fk8lESkqKEQ4vUKAAI0aMoFatWsCVw+aXvp6WlsaOHTuYOXMm//zzDwcPHjQmcr28vEhLSwNg0qRJ1KtX74b/HUREROTaZfw+765kbjKZyJs3Lx07dqRr164e57pcrusKeO/du5dp06axcOFCbDYbkL4LW61atWjSpAnNmjW77BqbzcYHH3zAkiVLsNvtFC9enJEjR3LvvfdeX2dFRETklnLPGURHR9OlSxfOnDmDt7c35cqVY9iwYRQvXhxIX+9YuHAhixYtYuvWrcb12Q2bT5o0iW+//TbL+7BarXz22Wc8/PDDN7aDIiIiclNknKuw2WzExcURFxeHr68vBQsWJG/evMDlIfHrDZu7XWk9JDsP2ouIiIjcjhQ0F7mD2e12/vrrL0aPHs3OnTs9XsubNy9fffUVFStWzHaFr+sNm4NC5iIiIrlBYmIiy5Yt44MPPgBg1qxZ3H///Zd9dp87d47p06czZcoUqlatytNPP820adPYtWvXfw6bu/+ZmJhIQkICX331FVu3biU6OhrAeDiuadOmfPDBB/j5+WkMISIikkt88cUXfPrpp5hMJoKCgnjttddo27YtkPUCbHZkHEfExMQwb9485s2bR0pKCpC+A4rFYqFp06Y0aNCASpUqcf78eeLj4xk7diybNm0y2ho7diyPP/74f+ypiIiI3EpHjx7l3Xff5a+//gKgevXqDBs2jMjISBwOByaTCbPZTHJyMhs3bmTq1KmsW7fOmGfITtj8xIkTfPnll8yePRsALy8vXC6X8TD+sGF4NbEjAACSRklEQVTDjIfaFBITERHJ3TJmD1atWsXy5ctZtWqVMY9QuXJlGjRo4PFg/KXXXk/YPOPvyj+IiIjI3URBc5E7nN1uZ9OmTQwePJg9e/ZgsVgwmUzY7Xbq16/P559/jsViyfbE6ZXC5m3atKFkyZI3szsiIiLyHyUmJrJkyRLKli1L5cqVsdvtRnjLZrPh7e0NpIfNf//9d6pWrUp4eDi//vorn3zyCXv37r3usHlWDh06xLp165g9ezaxsbHYbDYKFSrE7NmzKVSo0I3rvIiIiFy3VatWMXr0aA4cOABAr169eOmll4DsL65e6byMi7WxsbEsW7aMr776iqSkJKxWqxECs1qt+Pj4kJqaio+PDxcvXgTSH1YbOnQoTz/9NKCAmIiIyO3A/fk/d+5cPvnkE86ePUuhQoWYPn06UVFRHmMHu92O1WoF4IMPPuD777/HYrEYu6lkJ2yemJjIzJkz+eKLL4zdU8LDw3n77bd56qmnAI0hREREcruM44NZs2YxduxYkpOTsdvt+Pr6kpKSYoTGmzZtSqdOnShVqpTHfMS1hM3tdjtmsxmz2czGjRvx9/enfPnyOdJ3ERERkZyioLnIXeDSsLnVasXlchEQEMCrr75Ku3btMJvN/ylsbrVaadasGe3ataN06dI3u0siIiLyH7gnUR0OBy6XC6vVyubNm1m9ejXNmzc3tqV2n+f+59q1axk5cuQNC5tfGjbbtm0bffr0MQJsHTt2pHfv3phMJi3yioiI5CCbzcbAgQOZN28eAK1atTJ2SLmeCl5nz54lOjqatLQ0ACpVqkRgYCBeXl7GOUlJSfz999+8//77nDp1Crvdbjw872a32/H396dQoUK8+eabNGzYEFBATERE5HbTqlUrNm/ejLe3N5988gkNGzb0GGNk/Hn69Ol8/PHHAB4PowFZhs0vHRvs3LmT06dP4+3tTcGCBY0COhpDiIiI5G4ZP6szjgkAI+/gcrmMnVMB6tatS5cuXbj//vs9qpNfLWzevn17+vXrZ5y/fv162rVrR4MGDejVq5cK8ImIiMhdxZrTNyAiN5/VauX+++/nvffeM8Lm7i9NixYtIjQ0lMaNGxtfmq42kerr68ujjz4KYITN7XY78+bN47nnnrsVXRIREZH/wL04azabMZlMbNy4kTZt2gBgMpl49tlnKVKkiHGee2xQp04dAI+w+enTp3nnnXeMsHl2xxMZ78N9fqVKlXj22WcZNWoUAPv379fWkyIiIrnA+vXrjZB5xYoV6dy5M3D5FtJXcubMGY4dO8bUqVPZv38/0dHRxmsRERE88sgjNG3alHvvvRdIn3t48MEHmT17NosXL+b3339ny5YtpKSk4HK5CAoKIl++fLRq1Ypq1apRoUIFQAExERGR2010dDT//PMPFosFHx8fIiIiADINmU+dOpVhw4YBEBQUxAMPPEBCQgLr16832po4cSKAETZPS0vDy8vLY4yQWRVSjSFERERyP/dn9ZIlSzxC5tWrV6du3brkyZOHpUuXcujQIU6ePAnAmjVrsNlsdO3alQceeMCYx3AX2QkKCqJ///4AHmHzadOmcfbsWRo3bsyZM2cYNGgQAH/88QcxMTGUKFFCYwcRERG5ayhoLnIHyKqyR0aZhc1NJhM7d+5k1qxZmM1mnnjiiWsOm5vNZt577z2Sk5MZMmQIlStXvhldFBERkZvAZDJx+vRpunbtahybPHkyDoeDli1bEhUVZZznHh/UqVMHl8vFqFGjbkjY/NL2K1euTHBwMAkJCfz666/8/fffVKlS5ab0X0RERK7M6XQC6QutbkWLFqVgwYIAWYbMLx0H/Pnnn8yYMYOtW7cSFxdnXGexWLBYLBw7dozvvvuOdevW8eGHH1KjRg1MJhN2u53w8HBeeuklXnrpJXbu3ElSUhLJyckULFiQyMhIAgMDs3xfERERyf3OnTuHzWYzPsPPnz9vvJZVyDw4OJhnnnmGXr16sWXLFj755BM2b96MyWQiOjqaCRMmkJKSwsMPP0xQUBApKSnMnDmT6tWrc99992V6HxpDiIiI3B6OHj3Kd999B4C/vz9PP/00H374ofH6o48+ypo1a5gxYwY7d+4E0uclIP3zvkaNGlcMm//4448kJSVhMplYtGgRP/30E8nJycYcSfHixalWrZrGDiIiInJXUdBc5DbmXkB1T7QmJiZis9kICQkxzslYXSyzsDnA33//bZx/rWHzRx55BJvNhre3N40bNwaub9tsERERyRl+fn68/vrrjB8/nsTERNLS0pg2bRpAlmHzhx56CJPJdM2Vzd1jhsy4z6tWrRpFihRh+/btAMTFxd3M7ouIiMgVmM1mbDabsTAL0KBBA7y8vLKsZp7x+I4dO/jll18YP3688XrGsYHD4cDlcgHpcwn79+/nww8/ZNiwYVSqVAmr1Wq8ZjabM60+mnEOQou8IiIitx8fHx8gfb3hwoULbNiwgZo1a+JyuYzP+JkzZ3pUMm/evDnvvPMOJpOJe++9l2eeeYZDhw5x9uxZXC4XMTExTJgwgU2bNvHEE08wbdo01q9fz8MPP0yfPn2Mh+ZERETk9nPkyBG2bdsGwJNPPmmEzO12OxaLhfz589O4cWOioqIYPXq0kYVwh82BK4bNTSYTq1atIjExEZPJREpKinFOvnz5GDVqFGFhYbe20yIiIiI5TEFzkduUeyH1wIEDLF26lDVr1nDs2DGSkpJ46qmnqFKlCs2bN8disdz0sHnTpk2vWlFdREREcodLP6sDAwN57rnn8Pb2ZsSIEaSkpGQrbJ5VZfPevXszcuRII2zuDpfv37+fbdu28eCDD1KgQIFM781ut2O1WsmXL5/xXv/88w+PPvqoxhgiIiI55Pz58yQkJBi/u+cRsqpm7j4+efJkfvrpJzZt2gSkz0fY7XZcLhdRUVEULFiQgIAAEhMT2bBhgzEOOHToEDNnzuTdd98lb968AFccA2h8ICIikvu5v9MnJyfj5+cH/FtIp0SJEkRERHDs2DHjeFpaGl5eXgAsWrTICJmbTCYaN25M3759AUhLS8PX15cnnniChQsXEhcXh9VqxeVycfDgQQ4ePMj//d//YbfbgfQKqA6H41Z3X0RERK5TxnUB97zB6tWrSU1NpXLlynz00UdA+oPs7ofVAby9valatSr9+vVj6NCh1xQ2f/fddwkODubXX3/l4MGDOBwOTCYTkZGRTJo0iRIlStyq7ouIiIjkGgqai+QyJ0+evOoTsO4vVNu2bePdd9/lyJEjpKSkGIu233//PUuXLmXTpk0MHjz4ssXfGx02z7ioqwVeERGR3Ms9hti6dStHjx7lySefBNLD5k8//TTANYXNM6tsHhcXR+/evRk2bBh16tTB29ublJQUXnnlFWJjYxkwYADNmzfH19f3svtzTwS7Q2WAsbCsMYaIiEjO8PX1JSAgwBgDHDhwgIsXLxIQEGCc4x5jXLx4kSNHjvD555+zcuVKj3asVisRERG0b9+eunXrGmOLpKQk5s2bx8cff2yEwDZs2MC5c+c8xgQiIiJye8o4FzF79mxeeOEFqlSpgslkwuFwEBQUxMMPP8ysWbMYPHgwzz77rLEmsWXLFqZMmYLT6QSgUaNGDBgwAEgPlHl5eeF0OgkICODFF19k8+bN5MmTh7NnzwL/zim4dezYkUKFCt3C3ouIiMj1yhgyX7JkCeHh4VSrVs34fHcHxd0B9EuZzWbuvffe6wqbv/HGGzz66KP88ssvnD17lqJFi/LUU08RGRl5s7stIiIikispaC6Si4wZM4Zvv/2WiRMnUqVKlUzPcW8X+ffff9OpUyeSk5ON19wLslarleTkZObNm8eZM2cYPnw4QUFBHu3c6LC5iIiI5G7uMcS2bdto2bIlABcuXDB+vt6weWaVzePi4njppZfo3r07/v7+LFy4kNjYWCA9OPbEE09kGjR3Op2YTCbi4uKM93BvoS0iIiI5w9/fn5CQEFwuFwDLly+nVKlSdOrUyahIajabiY2NZcaMGaxfv57du3djNpsxm83Y7XZCQ0Np1aoVdevW5d577zXadrlc+Pv7065dO5xOp1Gt9Pjx46xYsYKXX3751ndYREREbiiz2cz27dtp3bo1drudEydO0KtXLypVqmQEu55++mkaNWrEAw88APwbLPvjjz84cOAATqeTSpUqMXLkSACPXVzdAbSCBQtiNptp2rQpJpOJKVOmkJaWBqSvhwwePJjHHnsMQGseIiIiOax37948++yz1KxZM8tz3J/xkydPZsSIEZQrV46BAwcau5OUKVMGyHrHNXcb1xo2d7lc+Pn5Ua1aNapVq/bfOioiIiJyh1DQXCSXGD9+PJMmTQKgf//+fPzxx1SuXPmy80wmEzExMXTv3t0ImQcHB1O7dm28vb3ZsmWLEeQymUz88ssv9OrVi2HDhpE/f36PthQ2FxERuXuYTCaOHDlC//79jWOjRo2ifv36xm4qN6qyucvlwul0Mn78eGPHFQA/Pz+aNm2aaXVS9yLyP//8w6ZNm3A6nRQoUIBatWoBWgQWERHJCe4H1Vq1asWuXbs4c+YMAJ999hm7du0iMjKSPHnyEBsby+rVq0lISDCudTqd+Pj4UL58eYYMGULRokXx9vY22jWZTJhMJuNBsyeeeIIFCxYYD66dO3cuJ7osIiIiN9jZs2cZMWKEMTewb9++y3Ytu++++4yf3eOP48ePM3PmTFJSUvDy8uL555/H29vbI2TuPt9kMuHj44PD4eDw4cN8/vnnlClThiNHjmCxWKhSpYoRZNP8goiISM7q2rUra9asYcOGDYwZMybLAnwAq1evZsSIEQBER0czYsQI4zP95MmTANnanf1awubu9jKOGTR+EBERkbudguYiucDp06fZsWMHkP7E7f79++nTpw/Dhw+/LGyemJjIhAkTiI+Px8vLiwoVKvDxxx9TokQJABISEpgwYQK//PILsbGxmEwmfvvtN/r27cvw4cMJCQnxaE9hcxERkbvHwYMHOX36NAChoaFMmDDBCJm7/ZfK5gCffPIJe/bswel0YrVaje2tAT788EPq1auX6b2ZzWZ2797NkCFDSE1NBaBkyZIULlzYeC8RERG5tdyfv+XKlaNmzZr8+OOPpKWl4XK5WLly5WXnZ3zArHLlyjz88MO0atWKPHnyGBXRM7YL/1YoCwsLIygoyKhMltnuJyIiInL7cM8XxMfHc+DAAQDy5cvH119/TdmyZbO8zj1OiI6OJiEhAavVisvlomLFisDlVUvd5587dw6n00l8fDwAzZo1y/KeREREJGd8/vnnrFmzBovFwokTJ2jdujXz58+nXLlymZ5fpEgRHnvsMVasWAGk75i6e/duAA4fPgxw2UNombnWsDl4zl1o/CAiIiJ3O/PVTxGRm61AgQJ0796dZs2aGQuqsbGx9OnThy1btnicm5CQwM6dOwGoWLEio0ePpkSJEjgcDpxOJ8HBwfTs2ZN27dpRtmxZY+L0t99+o0+fPsYka0YZw+alSpUyjv/999/MmDGDFStWaAJWRETkNuQOeSclJQGwa9cuzp07R0BAACNHjqRixYoeQXA3d9j8nXfeMUJe7rD5d999Z0zgwr9hc4A6derQt29fHn30UfLkyYPdbsdsNpM3b16GDx9O06ZNATyCZu7fL168yDvvvGNM8ObLl48BAwZkWv1cREREbq3IyEi6dOlClSpVjLGBl5cXZrMZi8ViVCp3Op34+/vTpk0bhg4dSqdOnciTJ49RtTwr7rkQf39/41hwcPBN7JGIiIjcLO55hlOnTgFw8eJF4uLi8Pf35/3336ds2bLGZ/+VHDx4ELvdjtPpxOl0Gg+zXcrd1saNGwEICAjweD2rh91ERETk1rv33ntp2LCh8dB5ZGQkRYsWzfL8EiVK0KtXLxo3bmwcc693/PDDD+zatQuLxXLZmkNmMobNM1ZR//PPP5k0aRLr16/P1hhFRERE5G6koLlIDnN/6bn33ntp27YtTZo0MV7LLGz+119/cfjwYUJCQhgyZAiRkZE4nU4sFgtmsxmXy4Wfnx8tWrSgTZs2lCtX7j+Hzb/88ksWL1588/4IIiIicsM5nU7MZjMbN25k0KBB7N69m3vuuQdfX18iIiK45557AC7brtrtesPmNWrUoE+fPkycOJGuXbsyZMgQJk2a5BEyv3Rh12QyERAQwFtvvQWkh8xmzJhB8eLFb+wfRURERK5buXLlePfdd3n22WcJDw8nLS0Np9NpLMLmy5ePLl26MGbMGN577z2KFy+Ol5cXLpcry/GGm8ViYd++fcb8R/78+alaterN7pKIiIjcYO65iE2bNvH4448zbdo0SpQoQWBgIDabzdiZ9WpVRyF9JzaTyYSXl5cxVgA8AmDuCqYXLlzg559/Bv59cM09T6FwuYiISO5Rr1492rZtS6VKlShTpgw//PAD/v7+2Gy2LK8pUqQIr7/+uhE2T0tLw8fHh+TkZD7//HNOnjyZ7c/7K4XNv/76a9auXauwuYiIiEgmrDl9AyJ3u4xfeipUqECHDh0AjGC3O2w+fPhwKleubCzONmzYkOLFi1+2FZQ76OXt7c3TTz8NwKxZs4iOjvYImw8fPpyQkBCPe8kYNh88eDB79uwBYOfOnaokJiIicpsxm82sX7+eDh064HQ6sVqtVK5cGYC8efNSoECBq7bhDpsDjBgxgpSUFCNsDtCyZUuioqIAzzFNWFgYYWFh3H///R7tXWmHFJfLRd26dZkzZw758uWjWLFi19plERERucnKlCnDW2+9RadOnVixYgWpqamkpaUZC8Th4eHGue6g2dUWe93zGps3byYtLQ1Ir2hWunTpm9oXERERufHMZjNbt26ldevWAIwdOxaXy0XTpk1ZsWLFZdXGryQkJASXy0VqaioAX375JXXq1DHWNex2O1arleTkZPr06cOePXsIDg7m2WefvfEdExERkf/MvT7wwAMP0KdPH8qUKYOPjw+pqan4+PgAcPLkScLCwi67tmjRorz++usALF261BgfbNq0ie+//57WrVtfln3ISsaw+dChQ/n777/x8vJi3bp1+Pj4UKNGDfz8/G5Qr0VERETuDKpoLpLLuMPml1Y2f+edd9ixY4ex6Oqu8JlZ5Y9Lw+atW7e+5srm77//vrFN1ccff0y9evVuRndFRETkJklOTmbgwIHGzidz585l27ZtlClThgMHDnD06NFstXMtlc0vdel2lVcLmrlcLqpUqaKQuYiISC7m7+9PREQEHTt2pFu3bvTo0YN69eoRHh6O0+k0zrtaFXP4N2QeHx/P1KlTSUpKIiQkhO7du+Pr6+vRnoiIiOR+NpuNBQsWGOsWycnJTJgwgQ0bNpCcnMy5c+cAsvUZX6NGDZ544gkgfVyxd+9eOnbsSExMDMnJyUbIvF+/fqxduxaAEiVKGHMKqmQuIiKSu2TcGbVSpUr4+PgY1ckBJk6cyKOPPsrGjRszvd4dNndXNgc4c+YMCxYsYN68eZw9ezbb95IxbF69enXS0tIICgrijTfeUMhcREREJBMKmovkQpmFzQ8dOkSfPn2w2Wz4+fmRnJwMZD0h+1/D5lWrVmXAgAGMHz+eZ5555orvJSIiIrmPn58fI0eOpFSpUsZWj9999x0HDx4kLS2NmJgYgGxtA3m9YfNrWdQ1mUxaBBYREbmNuBeHXS6X8XN2wuVu7pB5amoqvXr1Yt++ffj6+lK3bl3Kli17ze2JiIhIzvP29uall17i+eefJ2/evAAkJiZy4sQJLl68yDfffIPNZsvWZ7y3tzf16tWjaNGixkP0u3bt4uWXX+a1116jZ8+eNGvWjOXLlxttdunSxSigIyIiIrnPpWsAXl5eAEyePJmxY8dis9l4++232bRpU6bXFy1alJ49e3qEzY8dO8a3337L3LlzM80+ZMUdNn/rrbeoU6cOM2bM0O5qIiIiIlkwuS4tMygiucaOHTuYOnUqixcvNo7lyZOHCxcu0K5dO959992rtuEOlttsNhYtWsSsWbOIjo42gugPPfQQw4cPv+pWUu4tr0VEROT2smvXLnr27MnBgwexWq04nU6cTie1a9dm8uTJQPY/5xMTE1m8eDHDhw8nJSUFSH9ArX379rzwwgtERUXd1L6IiIjIncEdMrfZbAwYMICFCxfidDopXLgww4YNo1q1ajl9iyIiInId3OsRx48fZ8KECaxcuZJz585hNptxOp0ULVqU3r1788gjj1zxYXN3OwCTJk1i5syZnD59+orvPXz4cJo2bXrZ9SIiIpK7HT9+nL59+/LXX39hsVhwOByEhoYybtw47r///kyvOXToEOPGjWPp0qXGsYiICF544QWee+65q2YfMnI6nR6V1UVERETkckqNiuRimVU2d1cyX7JkCTt27LhqG/+lsnlGCpmLiIjkXld6drRMmTKMGzeOYsWKYbfbsVgsWCwWfv/9d4YOHQpgLPheTWBgIE2aNKFPnz5GZXO73c7s2bOZOXMmsbGxN6ZDIiIicsdyh8xTUlLo378/y5cvx+l04uXlxTvvvKOQuYiIyG3i0nkEh8NhrEcUKlSIV155hUaNGhEcHGycGxsby4IFCzh27NgV2zaZTMY1L7/8Mp07d6Zy5cqXneft7U1YWBijR49WyFxEROQ2VahQIbp168ajjz5q7MAaFxdHz549s6xsXqRIkSwrm8+bN++aK5srZC4iIiJyZapoLpJLZZwMvbSyudVqxWw207FjRzp27GhsQZmd9rKqbF6/fn2GDBlC/vz5b2a3RERE5AZzVyM/cOAABQoUIDAwMNPzMlY29/Lywm63ExoayksvvUS7du082rqaixcvsmjRIo/K5gDz5s3j3nvvvTEdExERkdvSpeOJtLQ0vLy8PI6fPXuWt99+mz///NNYRB45cqTxoL0CYiIiIrmb+3N927ZtrF69mtdffx3494GySyubr1ixgoSEBOP6559/nn79+uHn55et9wGIjo7mt99+Y8WKFdhsNnx8fGjUqBE1atQwQugaQ4iIiNxeMn52//nnn0yfPp2ff/7ZeP1WVjYXERERkawpaC5ym9ixYwfTpk1j0aJFxrGCBQvSt29fGjZsiLe391XbyCps7uXlRVpaGtWrV+ebb77JVlsiIiKS89wLrps2baJ169Y88sgjjBgxgoCAgEzPzxg2d29BWbJkSdq1a0fLli092ryaixcvsmTJEgYMGADA4MGDee65525c50REROS2lZyczKJFi6hfvz4hISF4eXkBsHfvXv7++2+mTp3Kvn37jPOHDx+uKqQiIiK3Cfdn9aZNm2jXrh0mk4muXbtec9i8devW9OnT56rrEZfOUyQmJuLt7Y3ZbMZqtV52XyIiInJ7UdhcREREJPdT0FwkF7hSoMs9KQuZh80jIiJ47733qFOnznWFzb/99lv++ecfAAYMGMCLL754A3okIiIit8q2bdto2bIl7mH9U089xYcffpityuZmsxmn00mpUqVo27Ytzz//PJD9sHliYiL/93//R3BwsMJhIiIiAqTPYyxcuJDhw4fjcrkoXrw4oaGh2Gw2Nm7ciMlkIikpCS8vL4KDg+nfvz9PPPEEoHGEiIjI7eLAgQM0adIEu92O1WolMDCQF154gTfeeAPIfti8TZs2vPPOO9dU/CbjnEV25y9EREQkd1PYXERERCR3U9BcJAdduoCakJBAcnIyFouF0NBQ47WM593osPmCBQuYPHkyL730klGFVAu7IiIitweHw8Ho0aOZNWsWaWlpOJ1O4NaGzd2LytdyjYiIiNy54uLi6NOnD+vWrfM4bjKZjAfjgoODqVKlCu3bt6dWrVqA5iJERERuJzabja5du/Lnn38an/F58+a9ZWFzERERuT1l/O5/6TzAzQybt2jRgnz58t2MLomIiIjcFRQ0F8kh7iDWiRMn2Lp1K//3f//HkSNHOHv2LGazmcqVK1O2bFlatWpFvnz5PL5k3eiw+fHjxylatKjHcREREbk9xMfH880337Bw4ULi4uKM47cybC4iIiLi9sMPP9C3b1+PYxlD5oULF6Zbt27cf//9FC9eHNBchIiIyO3I5XLx+uuv8/PPP+NwOAAUNhcREREP2fm+n3GH95sRNi9SpAiNGzemXbt2CpuLiIiIXCcFzUVygDu0tWPHDkaOHMnevXuJi4vDarXicDiML1Aul4sWLVrQrVs3IiMjb1pl86x+FxERkdzNPaY4e/YsX375JYsXL1bYXERERHLcsmXLOHz4MGvWrCEpKYnAwECKFy9OxYoVeeyxxwgKCsrpWxQREZFscs8LxMXFcejQIX766SdSU1Px9vamYMGCTJkyhTNnzmC32wGFzUVERCRdxrWF+Ph4Dh8+zJIlS7hw4QJ58+YlIiKCZ599loCAAI/rbmTY3Gq1YrfbKVWqFNOnT1fQXEREROQ6KWgucou5v1Bt2bKFrl27cv78eQDjS05G4eHhdOnShTZt2mTa1o0Im4uIiMjtzT3pqrC5iIiI5LRLxww2m80Yq2Sco8hYrUxERERyr4xFc0aNGsWBAwc4ceKE8XrGdY2MPytsLiIicnfLOD+watUqFi5cyNq1a0lOTvY4r0SJErzyyis8+OCDhISEGMdvRNh8/PjxLFq0iDx58jBr1ixKly59o7spIiIictdQ0FzkFnJ/Idq5cyedO3fm7NmzABQsWJAePXoQEBCAl5cXS5cuZd++fdSrV4+3337b49pLKWwuIiIiCpuLiIjI7UA7qYmIiNw+MhbN6dy5MxcvXgTSQ+T169cnPDychIQEzpw5w88//2zs1uqeV1DYXERE5O6UcS1hzpw5jB07losXL2K327FYLDidTuPhc7vdTlhYGC1atOCZZ54hIiLCaOe/hs0PHDjAN998Q9u2bSlTpszN6q6IiIjIXUFBc5Fb7PDhw7zzzjv8/fffmM1matasyeDBgz2+NCUnJxMbG0vZsmWBqwe7FDYXERGRmxU2b9euHS1atLhV3RARERERERGRXCI6OpqXX36ZU6dOYbVaqVKlCoMHD6Zo0aIe523ZsoVly5axcuVKTpw4gcViweFwXHfYvF27drz99tta2xAREbnNZMw1TJ8+nY8//th4LSoqioCAAMxmMwcPHiQpKcl4LV++fDz33HO8+OKLNzRsnpaWhpeX1w3to4iIiMjdSEFzkVvE/aVq6tSpTJgwgYSEBEqWLMlXX31FREQEdrsdq9V6Wag8u9VDFTYXERG581xr1c8bHTY3mUwULlyYdu3a0bp16//cHxERERERERG5PcTHx9O/f39++eUXAEqVKsXEiROJjIz0CIwDmEwmEhISiImJYfDgwezZswer1Yrdbr/msLk7pN6iRQsGDhyo3VBERERuExnXM7777jsGDBgAgK+vLw8//DADBgzA19cXX19fVqxYwcqVK1m6dKlx/c0Km4uIiIjIf3f19KqI3BDusPj//vc/EhIS8PPzY+DAgUREROB0OrFarR7nXXpdVtwTuRUqVKB9+/Y8/fTTxmvHjh1j+PDhrFmzBpvNdiO7IyIiIjeZ0+nEZDIRExPD0aNHs3WNyWTC5XKRL18+unbtSpMmTQgNDTVeX7JkCR9++CGJiYmZXl+mTBnGjRtHsWLFcDqdOBwOYmNjCQsLuyF9EhEREREREZHczb3mcPLkSaKjo4H0gNiHH35IZGQkTqcTi8UCpM9DuINfwcHBPPDAA3z99deUL18eu92OxWLh3LlzfPvtt4wdOxbACJK75zAKFSrEK6+8wmOPPUZoaCgOhwNIX/NQyFxEROT24f7cXr16NZ999hkAVquV5557jjFjxpA3b14jE/HYY4/x6quv0r59e+P6s2fPMm/ePObMmcOxY8c82nWPT2rWrEm7du1o0KCB8XpcXBw9e/Zk8+bNN72PIiIiIncrBc1FbqEdO3YQExOD1WolMDDQCJlnp2J5Rhk3IrDb7cbPl4bNLRYLsbGxvPfee8THx9+YToiIiMhN53K5MJvNbNq0iWbNmvHyyy/f0rD5p59+alQMGTp0KA0bNvzvnRIRERERERGRXM8dElu+fDknTpzAZDIRFhZGVFSUMV+RFafTSVhYGNOmTaNs2bJG9fLshM1fffVVHnroIaxWK0OGDOGFF164Fd0VERGRGyg+Pp7FixeTkJAAQKNGjXjvvfeA9F1NrFYrLpcLl8tFyZIl6datG0WLFsVsNmM2m/9T2Lxdu3Zs2bLl1nVWRERE5C6ioLnILXT+/HlSU1NxOp2EhoZSqFCh6wqZuyd6J02aZGwn5Q6cu8PmzZs3Nyp/vPXWW4SHh9/AnoiIiMjNZDKZ2LVrF61btwZg7969vPXWWxw5ciTb12cMmz/55JPky5fPeP1qYfPSpUvz+eef89lnn9G8eXMgfbFYRERERERERO4OFy9eBP59GN7Hx+eqFcbNZjMOh4M8efLw2WefUbx4cRwOB2az+aph8/DwcHr06MGMGTN49tlnAc1FiIiI3G4OHTrE6tWrSUtL45577mHo0KEAxsNn7p/dY4oPP/yQ2NhYXC6X8bmf3bB527ZtadCggVEl3eFwEBwcfMv6KiIiInI3UdBc5BZKTU0F0idbjx49SnR0tEd18uxwf+kaMmQIY8aMYfny5QDG07+QHjZv1aoVjRo1YvDgwTz//PMA1/xeIiIiknP2799PqVKlgPTP/61bt9KrV6/rCpt369aN2rVrA+Dt7Q1cPWxerlw5Hn30UYDr2oFFRERERERERG4/7pCXzWYD0tce4uPjOX/+PHD1dQaLxYLL5SIqKooePXqQP39+o82rhc0jIiKoUqWK8T6aixAREck515ItcJ+7YMECLl68iNlspnjx4vj4+GCz2YyQud1uN4LhPXv2ZMWKFZjNZgoUKEDNmjWN9jILm2cMowPUqlWLtm3bUrVqVfLkycOiRYsoXrz4f+63iIiIiFxOMzQit1BkZCSBgYGYTCYuXLjA7t27PZ68za7vv/+eGTNmALB69Wp++uknAI9qIhUrVmTgwIE899xzQPrk8NWqjYiIiEju8fjjj/Pqq69SuXJlY0eT6wmbO51OQkJC6N27N4UKFcJmsxkTuVcLm7tpYVdERERERETk7uCeAyhfvrxxLCEhgalTp5KampqtdQb3OVWrVuWee+4BMOYiMgubZ7Z+ofUMERGRnGO32zGZTKSkpBAfH3/V892f26dPnwbSswnu3dfdxW8cDkemIfOwsDBef/11xo8fT5s2bYw23WHzWbNmcejQIUwmExaLhQMHDrBy5UogPWzeo0cPFi1aZBTuEREREZEbT4kRkVsoLCyMPHnykJaWhsvlYvjw4cTExFzzhGnp0qUpUqSI8aXsxIkTHq+7g+t58+Y1jikgJiIicvtwB8sff/xx2rVr95/C5u5tq8PDw+nevTteXl7Y7Xbj9SVLljBo0KCrhs1FRERERERE5O5RsmRJ/P39jcqhW7ZsYdeuXdfURnh4OC+88AKAMRdhNpsvC5ubzWaPCqUiIiKSc9xVxxMSEmjSpAljx44lLi4uW9f6+flhMpnw9vZm79697Nu3D0gPmburmvfq1csjZN69e3eee+45AgMDadWqlbHTqsViMcLmY8eOZf369Wzbto0+ffowaNAgfvzxRwCqV69OoUKFbsJfQkRERETclDwVuUWcTidBQUG88MILeHl5YbVaOX/+PF9++SVHjx69prbuueceQkNDja0r3V/Q3AFzVfoQERG5vbl3PDGZTDzxxBP/OWzunsB1bxtZrFgxqlatCqRXFFu4cCH9+vXzCKCLiIiIiIiIyN2revXqPPTQQ0YAfMeOHUybNo20tDQAo0ppVtzrFWXKlCEkJIRKlSpRrFgxnE4nVquVc+fOMXfuXL788ksgPWx+rbu/ioiIyI2VMWTetm1bDh8+zPfff8/kyZONauVXki9fPlwuFzabjePHj5OcnIzL5TLWKAYOHMjSpUsxmUzkyZOHV1991dihHaBEiRI89NBDAEYF84SEBJYtW0a7du1o1aoV27Zt48yZM+zbt88Yl4iIiIjIzaWgucgt4q4oXrVqVfLkyYPdbsdut/P777/z/fffZ+uLGaRPzgYGBlKlShXjmK+vL6CAuYiIyO0os4pd7kC5e3vKGxE2ByhXrhzh4eFYrVbatGlD1apVjXD5gw8+aGxbKSIiIiIiIiJ3L3eI/KWXXqJUqVLG8aVLlzJ8+HAg/aH2K4XN3esVxYsXx8/Pj4CAAGbPns19991nhNjOnDnD/PnzmTdvnsc1IiIikjPcIfPWrVuze/duI4cwefLkK4bN3Q+LvfjiiwQFBREcHMw333xDhQoVjM/3mTNnsmTJEuP8bt260aJFCyB9ncTdxvPPP0+pUqWw2+3GWMPX1xeTyWS0VbhwYZo0aYKXl9dN+kuIiIiISEYKmovcAFlt6ej+MpSxCkf16tXp1KmT8fu5c+dYsGAB8+fP58yZM9l6L7vdTmxsrHEsNDT0em9dREREcpj7YbSLFy9y5swZzp8/b0yWWq3WG1rZ/Pjx48THx5OWlkaVKlXo1KkT99xzD4MGDTK2shYRERERERGRO1dW6xnw71pGxp3RHnvsMYKDgz1CYiNHjjTOu1J7AEePHiUxMZE//vgDm83G5MmTKV++PHa7HbPZTGxsLMuXL+fgwYMe9yAiIiI5Y86cOezduxdvb29sNptRoGbKlClZhs3d44TQ0FC6dOnC/PnzqVGjhvG5fvz4cX755RfOnz8PQOfOnenYsSOQPjYxm82YTCajQnmRIkUoUqSIkatISUnB5XKRlpZGaGgoEyZMIDIy8ub+IURERETEoJKFIv+BO+TlDojFxMRw5swZfHx8CA4OJigoiLCwMOOLlbtKR6dOnTh06BDff/89AKdOnWLOnDnY7Xaee+45wsPDjbYzcjgcxvZQe/bsASAkJISGDRvewl6LiIjIf+WeOD158iTR0dHMmzeP48ePc/bsWSwWC1WrVuXee++lefPmBAYGAhhhc7ctW7Z4hM1Hjx5N4cKFM30/9xgiLi4Oi8WCxWIhJCSEunXrUqFCBQoVKuRxXyIiIiIiIiJyZ8m4npGWlsY///xDfHw8DocDf39/7rvvPvz8/IyH3l0uFwEBAbRs2ZKYmBh++eUXY/e1b775BpfLxTvvvJPlPIJ7LuLcuXOYTCYKFixIWloaAQEBTJ48mXbt2rF7924A1q5dy4oVK3j55ZdV1VxERCSHvfjii6xYsYLo6GgjAO42ZcoUADp16kSBAgUuuzY4OJjOnTsbO5+4H177448/WLduHQDly5enbdu2AB7nwL+FeYKCgjh06BCdOnXigQce4LfffuPIkSMULlyYNm3aUKxYsZvSdxERERHJnILmItfJHcQ6evQo69atY+HChezcuZPk5GQgPQxWpEgRHn/8cRo3bkyJEiWwWq1G2Lx9+/acP3+e5cuXA3Dy5EnmzJnDqVOnaN++PSVLljTew+l04nQ6sVqtpKSk8P777xMbG4uXlxe1atUiKCgo02C6iIiI5D7uz/edO3cyevRodu/ezenTpz22nD58+DALFy7k6NGjdOzYkbCwMI/K5m6Xhs1HjRpFVFSUx/u5J2pTU1P59NNPOX/+PBEREbhcLnx8fIyQucvlUshcRERERERE5A7knos4fPgwa9euZcGCBezevZuUlBQgPdQVFRVF7dq1efrpp6lSpYqx3lCgQAH69u1LfHw8mzdvNtY5Jk+eTHJyMm+99RZ58uQB/p2DcK+D2Gw2Ro0axblz5yhdujT58+cHIG/evAwaNIg333yTY8eOATB79myefPLJy+Y1RERE5NZxuVz4+fnxwAMPEB0dTWBgIFWrViUmJoYTJ04AVw+bu4Pj7jUPl8tlZCIA8uTJQ0hIiMe5l15rs9kAiI6Opl69ejz44INGe+4K6yIiIiJy6yhJInIdMgbEevXqxZgxY9i0aROpqamYTCYsFoux5eOkSZPo168f48ePJzU11agGUrJkSTp27OhRjfzMmTMsWrSIN954g7Vr1xpfoMxmM1arleTkZPr27ctvv/0GgJ+fH88++yx58+ZVyFxEROQ24B5DbNmyhY4dO7Ju3TpOnz6N1Wo1QuZu4eHhREVFERYWBqQ/xJYxbN6uXTsqV65sHNu6dStvvfUW27ZtMxaK7Xa7ETL/8MMP2bRpEwEBATRr1gxfX1+P7ag1lhARERERERG582Rcz+jduzdjx45l27ZtpKWlGWsP7vWMOXPm0LZtW6ZPn87JkyeNNgoXLsywYcMoX768MdcAMGfOHPr378+6deuw2WzGcXfI/P3332f9+vX4+fnx1FNP4e/vj9PpBKBkyZLUq1fPOP/MmTOcOXPmFv91REREJCOTyYS3tzfPPPMMvr6+nD9/nnPnzjFgwADKlStnnDdlyhQmT57M6dOnr9iee4fVo0ePGseioqLw9vbO9Hyn08mRI0fYsWMHAKmpqUY7JpNJIXMRERGRHKJRmMg1yhgQe+2114iLiwPA29sbPz8/QkNDOX78OHa7HYfDgclkYseOHezdu5cdO3Ywbtw4/P39Abjvvvvo3r07fn5+LF68GEgPhO3Zs4cuXbpQv359ihcvTuHChTl27Bhr1qxhz549xr28//771K5d+9b/EUREROSauSuG79y5k5dffpmEhAQAQkNDeeWVV/D19cVkMrF8+XJiY2Np1KgRrVu3Nq41mUyXhc3d3JXNt2/fzrvvvstzzz1Hw4YNCQkJ4cyZM3zwwQf8+eefAOTLl48qVaoACpeLiIiIiIiI3Mkyrmd0797dCHL7+Pjg7e1NSEgIiYmJHgFvu93Oxx9/zK5du2jevDnVqlUDoEiRIowdO5b+/fvz999/G+evXLmS6OhoSpYsScuWLXG5XCQnJzN58mQjJJYnTx6jHfduaoGBgTz66KPMmTPHeN9du3Z5PFQvIiIit57T6aR06dK0adOGKVOmsGXLFtauXcuYMWPo0aOHkVe4WmVzt0sD4jExMRw7doyIiIjL3tdsNrN3716OHDkCYOyaonGBiIiISM4yuTKWMRS5i7m3cszo0slM9+/bt2+nc+fOnD9/HoCIiAj69etHVFQUhQsX5vjx42zYsIFFixYZwS+TyYTT6aRChQpMnDjR48vWqVOnmD59Ol9//bXH+7vDZBlZrVYCAgL44IMPaNy4cab3KSIiIrnToUOHeOedd9iyZQsWi4UHHniAwYMHe0yonjt3jiNHjnDvvfcC/06uZuT+7He5XPzvf/9j1qxZbNq0yXjd/QBcSEgICQkJxMfHG6+NGTPGI6QuIiIiIiIiIneejOsZHTt2JDExEUhfz/jggw8oXLgw99xzDydOnOCPP/5g7ty5xMTEkJSUZLTRoEEDmjVrRqNGjYz5iaNHjzJ69GjWr19PXFycx/qHl5cXaWlp+Pr6GrutAXzyySc8+eSTl93byZMnadmyJXFxcdjt9svOExERkZzz888/8+abb5KamkpYWBijRo0ib9689OjRg4MHDxrndezYMcuwudPpxG6306VLF9avX4/ZbMbHx4ePPvqIp59+2jgvLS0NLy8vdu3aRefOnYmLi6Nq1arMnDnzsvUREREREbn1NCITARwOhxEynzFjhlHx89Lwtslk4tChQ7z//vucP38eq9VKrVq1mD59Oo8++ihly5YlMDCQUqVK8eKLLzJnzhzatGmDt7c3JpMJHx8fo6o5YITICxYsyNtvv82wYcN44IEHjIrnl4bM8+bNS61atRg5cqRC5iIiIrcR97bQK1asYP/+/QCUKFGCQYMGERERgd1uN87LmzfvFUPmwGWVzTt37kzdunU9zklISCA2NtYImZtMJoYNG2aEzPW8qYiIiIiIiMidy72e8dFHH5GYmIjVaqV27drMmDGD+vXrU7JkSQDCw8Np3rw5Q4YM4Z133iEgIACLxQKkB8w2b94MpFcidzqdREZG0r9/fzp06ED58uU9dmGD9GI5KSkpWCwW/Pz8GDFihBEed89FuM89deoUFy5cMI4HBQXduj+QiIiIXFGDBg2Mz/CTJ0/yxx9/UKpUKcaOHUuxYsWM86ZMmcLkyZM5ffr0ZW2YzWa8vb1p164dkL7mkZyczKBBg/jxxx85d+4cAF5eXuzdu5f33nuPuLg4fH19qV69Og6HQ2sZIiIiIrmA9eqniNzZHA6HMWnap08fFi5cSMOGDQkICKBixYrGeU6nE4fDwZIlSzh27BgAxYoVY/DgwURGRnq043Q6jYnV6tWrs2TJEhITE0lNTeXBBx9k8ODBwL+Tqe4QWbNmzahevTpHjhzhhx9+MCZZg4ODyZcvH88//zyFCxcmPDwcUMhcRETkduEOi69YsYLz58/j5+dnjCGcTqfxwNulofIrVerIGDZv0KABERERFClShJkzZ2Kz2YD0MYa/vz9RUVG89tprPProo4DGECIiIiIiIiJ3MvcaxfLlyzl06BAAUVFRDBkyhEKFCnmsZ7h3ey1evDhbt27F39+f1NRUAKpXr07fvn2Nds1mMy6Xi/z589O2bVsee+wxJkyYwF9//cXRo0dJS0sD0ovm1KhRg+eee854MD7jXIR7TSQ2NpaUlBQcDgdVq1alTp06t+xvJCIiIllzf1Y/9thj/Pbbb8TFxfHll19Sv359KlWqxLhx43jjjTc4cOAAkB42B7KsbF6xYkUaN27M//73P5xOJxcuXKBPnz7UqVOHyMhIzGYzs2fPJjk5GUgft7Rs2RIvL69b12kRERERyZKC5nJXyziZ2q9fPxYuXAjAhg0baNGihce5ZrMZu93Ojz/+aATEBg0aZATE3O24XC4jFLZs2TLGjRtHYmIidrudmjVr8s033wD/Tt6623ZPskZGRhIZGUm1atWwWCwkJiYSGBiYaUVTBcRERERuH5s3byY6Ohqr1Ur+/PmJiIjwGItkV8aF2Yw/ly1blvfee4+aNWsSExPD7t278fLyolGjRhQvXpzSpUtfdo2IiIiIiIiI3HnMZjMpKSksX76c8+fP4+vry6BBgyhUqNBl6xnudYrly5fzxRdfcPbsWWM9Y+rUqYDneoZ7TsHHx4eoqCg+/vhjDhw4wKFDhzhx4gQOh4Pq1auTP39+QkJCjPe5NGS+e/duhg0bhsPhIG/evDzyyCMeRXxEREQk57hzCTVq1CAqKoq4uDgsFgu//fYbFSpUoEyZMowbN46ePXtmK2weFhbGc889x+nTp9m4cSNOp5OkpCRWrlwJ/FtYByAkJISxY8cSERFxq7orIiIiIlehoLnctS4NmS9YsACTyUR4eDidO3emXr16l13z888/Ex0djclkIioqiqioKI9gecbJ0uXLlzN27FiOHTuG3W6nVq1axperjJOybpdOnLrbDAgI8PhdREREbk8JCQk4HA7MZjMFChTItKrH1WQca3zzzTcULlyYxx57zOOBtIYNG9KwYcPLtqO+9HoRERERERERuXP9/PPP7Ny5E7PZTEREBEWLFvVYF7l0PeOTTz7J9nqGm3s+onjx4hQvXtzjNfe8xKUP2ZvNZnbt2sUHH3xAfHw8ACVLlqRJkyZaBxEREclF3Dumdu/enTfffJMLFy7wv//9j/bt2xMYGEjp0qWzFTZ3jxdq1aqFzWYjODiYX375BbvdjtlsxmQy4XA48PLyIioqis8++4ySJUvmWL9FRERE5HKasZG7UlYh8wIFCtClSxfatGkDpH/pyejUqVPGz8WLFyc0NDTTiqLZmZR1t33+/Hni4uIuu0d3WwqDiYiI3BncWz6aTCZiY2PZt2+fseiaXe5xwZAhQxg5ciQ//fQTkPkDaZlVANO4QkREREREROTucPbsWSB9nSM8PJwCBQpcd8jcPX9x9uxZj3WSzOYjXC6XUZkcYMaMGfz9998cPnyY6Oholi5dSvv27dm6dStOp5OIiAiGDBlCwYIFb94fQ0RERK6Z+3O+WLFiFCtWDIC9e/fy1VdfGVkHd9g84wNnU6ZMYfLkyZw+fdpox+FwAFCvXj3eeOMNPvjgA4oUKUJoaCheXl5UrlyZTp068dVXXylkLiIiIpILqaK53HWuFDJ/+eWXad26NYBHZVD3z2fOnAHSJ0pPnjxJSkoK3t7eHkGu7Fb+MJvN7NmzhwkTJlCoUCF69+59S/8OIiIicmtFRUXh4+OD0+kkMTGRw4cPU7JkSY8xR3ZMnz6dGTNmALB48WKeeeYZatasebNuW0RERERERERykezuVpaYmGj87A53gefaR3bXM0wmE9u3b2fy5Ml4eXnRt29f8uXLl+l9ZFwvmTVrFsOGDcPb25s8efLgdDpJSEgwwmmhoaF89dVXRnhNREREbpxrXXvISuHChXn++efZvn07ADt37iQ1NRU/Pz+cTme2KptbLBbjfkqWLEnJkiV55JFHSEtLIz4+nnvuuQez2ZzlLioiIiIikrNU0VzuKtcTMod/n9aNjIwEwGKxkJKSgtlsNrZzgmvbXvLPP/+kSZMmLFu2jNmzZ7N3796b/wcQERGRHFOwYEF8fHxIS0vDZrMxZMgQjhw5gtlsvqbK5qVKlTLacj/8JiIiIiIiIiJ3HpfLZcwZnDp1CofDgclkMo5dOp+Q8feMaxzR0dHExMTgcrmuOWQOsHXrVjp06MD//vc/1q5dm+kuapdatWoVI0aMAMBqtRIfH2+EzAMDA6lUqRIzZsxQ1VIREZGbwG63YzabSUlJ4ejRox6vXbqr+5W4xxYPP/ywUfDmt99+Y8mSJcC/443sVjbPOFbJnz8/4eHhlC9fHm9vbyPHISIiIiK5j4LmctfIGDLv27evETIvWLAgXbt2zTJknlHevHmNc2JiYpg8ebLx2rJly7I9KQvpoXUfHx+8vb2Nc0REROTO5HK5CAsL48UXX8RisWCxWDhx4gQTJ04kPj7eY5H4asqUKUO+fPlITU0FYM+ePcZ7iIiIiIiIiMidwx3o/umnn+jRowcLFy40wuZpaWmYTCZ2797Nr7/+apzvDo9Vq1aNoKAgLBYLqamp7Ny587qK5kD6moh7h9f4+HgOHjx41XuPi4ujVKlSACQlJeFyuXA6nVSpUoUuXbrw2WefeYTRRERE5MZwf5YnJCTQpk0bWrVqxYIFC4y1hGupcu4eO4SGhlKxYkXj2LJlyzh58qTHukR2wuZXelAtOzu2iIiIiEjO0L4zcle4NGT+ww8/YDKZCAoKolu3brz44ovA1bePqlevHvfddx9bt24FYM2aNdSuXZsTJ04wduzYbE/KAvj4+ODr68uFCxew2WycPXv2RndbREREcgn3BGnVqlXx8/MjMTERh8PBmjVriIqK4oUXXiA4OPiq21+7XC5CQkKoWrUqu3fvxuVy4ePj4/EeIiIiIiIiInJncLlcnDp1iu7duwPg5eWFxWLhiSeewNvbm40bN9KxY0dKlCiByWSibt26xhpHgQIF8PHx4fz58zgcDkaPHk39+vWJiYlh9OjRHD9+PNvrGcWKFaNw4cIcPnwYAJvNdtV7f+GFF6hfvz779+/n+PHjmM1mgoODqVu3LkCm7yMiIiL/zaUhc3e4vF+/fpQqVYo6derQtm1b8ubNi7+//1XzEYCxbtGtWzdWr17Nnj172L59O4cPHyYsLMyjDXfYvGfPnhw4cADAGGd06tSJAgUK3MTei4iIiMjNolkcueNlFTI3m80EBAQQGhqa7bZMJhNlypRh69atmEwmNm/ezJAhQzhx4gRnzpzJ9qQswJkzZ0hJScFkMlGgQAEiIyP/e2dFRETklss41sjIPfnqruhhMpmoV68eLVu25JtvvgHSt72eN28evr6+PPPMM+TJk+eKYXOn04ndbufQoUNGu/nz5/d4PxERERERERG5M5hMJsLCwujWrRsTJ05k48aNpKWlGeGwzp07k5aWxuHDh/nzzz+pWbOmsYtq4cKF6dKlC8OGDQPS1ySeeuopfH19OXXq1DWtZ5w4cYJTp04ZD8BfbT3DHTgLDw8nPDz8ste1K5uIiMjNYbVaOX/+PM8//zyxsbHGZ7vdbmfv3r3s2bOH33//nXvuuYdu3bpRuHBh/Pz8gKzXGNw7pnh7e/PQQw9x4MABEhMTGTduHF988QV58uTxOP9KYfPOnTtfUz5DRERERHKH7O+JI3Ibyhj86tevnxEyd38ZOnbsGF9//TULFy4E0reJcm8reSmXy4W3tzc9evQgIiLCmAjdunUrp0+fxm63U7t27atOytrtdgB27dqFyWTC4XAQEhJCwYIFb3j/RURE5OZxjwXcY42DBw+yceNG/vnnH44ePWrsVuIee6SlpQHw+uuv88QTTxjtHD58mNmzZ/P9999z9uxZj3B6Ru5xzcWLFzl06BCQHjJ/+OGHjfcRERERERERkTuHe36gcePG1KlTB0hfkxgxYgQdOnTAZrPh7+9PlSpVaNeunREyd6tRowbVqlUD0oNn8fHxRiXzhx56iK+//hq4+nrGvn37jPmKggULXrUa6dUqo2oOQ0RE5OZwOp1MnDiR2NhYIH0s4XQ6yZMnD35+fphMJnbt2sXSpUtp3bo1gwYNYtmyZR5tOByOy9o1m814eXnRuHFj43P+2LFjxMTEZHqNO2xevHhx49iUKVP47LPPOHPmzA3ts4iIiIjcfAqayx3r0pD5ggULMJlMBAUFERAQ4BEUnzlzJosXLwayDpu7Q+EFChSgT58+5MuXD0gPl7lcLsLCwujXr59xfmaVTR0OB1arldTUVKZMmUJKSgp58uShffv2+Pr6ZhlyFxERkdzF6XRiMpk4duwYCxYsoF27djz//PO0adOG5557jqeeeor27dszZcoUY0LXy8sLu92Oj48PL730krFADBAbG8vMmTP58ssvOXHihDHugPSJYLvdjsViISUlhQ8++IDDhw/j5eVFnTp1yJMnj8YQIiIiIiIiIncgdyC7VKlSPPzww0bF0X379uFwOPDy8qJq1aqMHDmS8PDwy+YHypUrx+OPP463tzcOh8MIhgUFBTFw4EAsFgupqamZhswzrmd8/fXXJCUlERgYSNu2bfHx8dFchIiISC5kNptp2rQpTz/9NAEBAUZm4p577qF27do888wzxvji/PnzLFy4kLfeeou33nqLWbNmkZKS4pFzyFgUx+VyUaFCBTp16oTJZOLo0aP88MMPQObZiMzC5gsXLtTOJiIiIiK3IQXN5Y6UVci8QIECvPLKK4waNYqwsDAgfaJ2+/btTJ8+/aphc3eb1atXp2PHjgQFBRkhsJMnTzJjxgz++OMPo1273W58UXIHxFJTU+nVqxe7du3CbDZTqlQpKlWqZLyviIiI5G7u7Z937tzJO++8w8iRI1m/fj2JiYmYzWZjEXbPnj0MHz6c/v37GxXC3Au3ZcuW5aWXXqJWrVpGu8ePH+f777+nZ8+ebNu2zRhjmEwmrFYrKSkpvPvuu6xbtw6AgIAAmjVrRmBgoMYQIiIiIiIiInco91pF69atuf/++4F/A+i+vr7UrVuXkJCQy65zr020bt2aDh064HK5cLlcWCwWzp8/z2uvvcb+/fvx8fG57L3cayzJycn07t2bmJgYzGYzJUuW1HqGiIhILlemTBlefvll6tevT0BAAGlpacTExHDixAkqV67MtGnTKFmyJMHBwcY6xLJlyxg2bBgvvPAC8+fPZ/fu3cC/Yw538R2AihUr4uvrC8CPP/5o5CMyU7p0aT799FPy588PwNy5cwkNDb1pfRcRERGRm8Pk0uOCcoe5Usj85ZdfpnXr1jidTlauXMnQoUM5efKkcW3FihVp164dTZo0Af4NkmXm6NGjzJgxg3nz5pGYmGgcr1q1Ko0aNaJDhw6XXXPx4kXee+89Vq9eTXJyMj4+PowZM4YGDRrcwL+AiIiI3CzuscGWLVvo0aMHp0+fBsDb2xsvLy9CQkI4fvw4kP6QmXtbaT8/Pxo0aMDo0aONthwOB9u2bePLL7/kl19+AdKD6O6q5w0aNKB06dIUKFCAEydOsHLlSmNyF2DUqFE89dRTt7D3IiIiIiIiIpJTduzYQcuWLbHb7QDGnEPlypV54YUXeOqpp7BarbhcLiMIlnG9ZODAgcyePRuTyYTFYsFutxMSEsJ7771HxYoViYqK8ni/pKQk+vXrx6+//kpKSgre3t6MHTtW6xkiIiK3iX379vHFF1/w66+/kpiYiNVqpXjx4gwdOpRixYrx22+/MXv2bLZt20ZqaqpxXUBAgLEza9WqVbnvvvsua7t3794sXrwYk8nEm2++SdeuXT3GIJndi9VqpWjRojetvyIiIiJy8yhoLncUu91uVArNKmTuZrPZWL16NUOGDLnusPnBgwf54YcfmDNnDgkJCR6v1a5dmwceeIDy5cuTlJTEoUOHWLRoEXv27DHOGTlypPE+V/riJSIiIjnP/Vm9fft2OnXqxIULFwAoVKgQb7/9NlFRURQuXJjY2Fg2bdrEDz/8wN69ezGZTJhMJpxOJw8++CDjx483trp2uVwcPXqUSZMmMXfuXODfheLMWK1W/Pz8GDBggBEy1xhCRERERERE5M527Ngx2rRpw7Fjx/D19cXX15dz584ZcwgVK1akbdu2NG7cGIvFkmXYfNiwYUydOtUjbO7v70+pUqVo0KABhQoVwt/fn+joaH788UePB95HjBjB008/DWguQkRE5HZxadjcvUPJu+++a+y4umTJErZs2cKcOXOMXdvdihYtStWqVencuTMFCxYkKCgIgD///JN3332XY8eOERQUxKxZsyhVqlSO9FFEREREbj4FzeWO1L9/f+bPn59pyDzjpOqNCJufPHmSH3/8kYkTJxIXF4fVasXhcFwWEHNXKLVYLHh7ezNo0CAFxERERG4zsbGxvPbaa+zZswer1Uq1atUYPHgwhQsX9jjP5XKRlJTEhx9+yPLly3E6nVgsFmw2G+3bt6dfv36Xff5PnTqV5cuX888//3hM5LoFBwdToUIF2rdvT7169Yz30RhCRERERERE5M6WmJjI2LFjWbNmDVFRUfTs2ZNPPvmEP//885rD5hMmTGDu3LkcP37cOCfjeob7GpfLhcViwdfXl48++kjrGSIiIrepS8PmFouFkiVL8sYbb3jsVPLnn3+yZs0ali5d6pGdAChSpAjFihWja9euVKpUCZfLxWuvvcZvv/2Gj48PL7/8Mq+++uoVcxUiIiIicvtS0FzuOAMGDOC7777Dy8uLfPnyeYTMM/tic2nYPOOkbHbD5mlpaezfv59+/fpx8OBBkpKSMJvNxkQspFdbDwoKMgJi9evXBzQpKyIicjtwOp3Y7XYmTZrE9OnTuXDhAqVLl2bChAlERkYaC7Yul8v4bDeZTCxZsoRBgwZx8eJF7HY7tWvXZvLkyZe17R5jHDhwgH379rFo0SJOnTrFxYsXyZs3L/ny5ePFF1+kSJEiREZGAhpDiIiIiIiIiNwN3PMGiYmJrFy5kgcffJCwsDCOHj1Knz592Lhxo7GuUalSJdq0aXPVsPmqVatYtWoVCxcuNELmFosFh8OB2WzG6XQSFBRE+fLl6dixox54FxERuc1dGja3Wq2UKFGCXr16GZ/zbqdPn2bKlCls376dDRs2eDyUZrVaeeqpp3jmmWeIjIzk2Wef5dy5c5QvX55vv/0Wb29vjRdERERE7kAKmssd58cff6Rfv344HA569+5Nq1atgCsHxf9rZXP3l6ULFy7w888/89tvv7F582bOnj2L0+mkQIEChIWF0bp1aypUqEDRokU9rhMREZHcLzk5mRdeeIFdu3bh5+fHtGnTqFSpksf4IONn+7Jlyxg3bhxHjx7FbrdTs2ZNpk6dCqQ/gGa1Wo22Lx0TpKWlYTKZuHjxIoGBgQDGYnBm54uIiIiIiIjInSvjA+4mk8n4/eTJk7z99tseIbArhc0zzmFcuHCBf/75hzlz5nDw4EGOHDlCcnIyJUuWJCQkhPbt21O6dGmioqIAzUWIiIjc7rIKm7/99tvUrVsXSF+b8PLywuFwkJyczLx58/j111/ZsGGDsROrxWLBZDLxzDPPcObMGX799VfsdjtvvPEG3bp1y8kuioiIiMhNoqC53JH+/PNPDh06xPPPPw9cOWTu9l8rm196/NSpUyQnJ5OcnExoaCh58+a9YqBMREREcrcffviBvn37AlCpUiW++uorgoKCPLaUdv+8fPlyPvnkE44dO4bdbqdWrVpMmTIFuDxknpnMxgkaO4iIiIiIiIjc3TJbn8gsbF6xYkXatm2badjc/bP7n6mpqXh7e3P8+HFSUlIIDw/Hy8sLLy8v4z00JyEiInJnyE7YPOMuKJBe4Xz37t1MmDCBY8eOcezYMeO1wMBAEhMTAXj44Yf55JNP8PPzu7WdEhEREZGbTkFzueNlJ2Tu9l8rm8OVJ1yv5V5EREQkd/nyyy/55JNPAGjWrBnDhg0zXrvWkLl7THDhwgXsdjv58uW79R0SERERERERkVzDPbdw7tw54uPjWbNmDYGBgRQoUIAqVaoQFBQEXB7+gszD5leqbJ5Rxgfis6p+LiIiIneO7ITN3TGijGOHs2fPcvjwYaZNm8amTZs4ceIEAFarFZfLhcPhYMyYMTzxxBO3vlMiIiIiclNduZSiyB3gWiZCvb29qV+/PoBHZfPt27czffp0AJo0aYLZbM5ykvVKVT00KSsiInL7cX/mnz592jh2+vRp0tLSjC0ir7WSudlsZt++fXz55ZeUKFGCl19++dZ3TERERERERERyBffcQ0xMDJMmTWLr1q0e1ULr16/Pgw8+SNu2bbFYLJftlhYWFsaoUaM8wubbtm1jxowZAFcMm1utViO8nvE1rWeIiIjcmUqWLMmrr74KYITN9+/fz6hRowCoW7eu8eCam8vlIl++fOTLl4/Ro0ezfv16/v77b77++mscDgdJSUkEBgZSunTpHOmTiIiIiNxcCpqLXCKzsDlwTWFzERERyd0yfoa7f86qspf7vPDwcOP35ORkjy2kIfshc4A1a9bQtWtXAIKDg3nyySeJioq68R0VERERERERkVzNPS+xZcsWXnvtNc6cOYPL5cJsNmO1Wo2dWDds2EBMTAxDhgzBarVmK2y+fft2I2z+5JNPGu15e3uzbds2NmzYQOfOna9Y8VxERETuPNcSNs9YbMc9bqlRowY1atSgXr16bN68mUWLFvHRRx9RsmTJHOuTiIiIiNw8SsiKZMIdNu/fvz9hYWEAHpXNFy9eDGCEzUVERCR3y1h5AyAtLY20tDTi4+ONSuXuiVKHw5FpG3nz5jXa2rx5M7NnzzZeW7ZsWbZD5pC++Gs2m42w+qX3JyIiIiIiIiJ3PnegfNu2bXTs2JG4uDhcLhdeXl4eD8lbLBaSkpKYP38+3bt3BzDC5hm5w+bVq1c3gmHusPmCBQuA9PWPixcv8v777zNy5Eg+/fRT4Mq7tYqIiMidxx02r1evHoGBgdjtdiNsvmbNGoDLKpu7xybuY2XLlqVVq1bMnDmTMmXK3PpOiIiIiMgtYXIp1SKSJXelEHdlc/cXqYoVK9KuXTuaNGkCoMrmIiIiuVjGz+n4+Hg2bNjA/PnzOXz4MPHx8TidTh588EEiIyPp0aMHvr6+mbZz/vx5WrduzZ49ezCZTNSuXZu+ffsSGxvLiBEjsh0yB4iNjaVZs2akpqbicrmYOXMm999//837I4iIiIiIiIhIrnTgwAG6d+/O/v37MZlMRERE0K9fP7y8vHC5XEyYMIFt27YZoXSn00n9+vWZOHEikPncw8mTJz0qm7tcLooWLUqlSpWoWrUqs2fPZs+ePZjNZipXrsy4ceMoUKBATnRfREREcti+ffv44osvjMrmVquVEiVK8Pbbb1O3bl0A7XwiIiIicpdT0FzkKhQ2FxERuX05HA4sFgsAixYt4qeffmLFihXG6xaLxahgbrFY6N27N23atMk0HJ6UlMR7773HsmXLgPTKHffffz9Hjhzh9OnT2Q6ZA2zbto3WrVvjcDgIDw9nzpw5xi4qIiIiIiIiInLnczqdmEwmJk6cyFdffUVSUhIPPvgggwYNIiIiwjjPZrMxatQoVqxYwcmTJ68rbG42m3G5XLhcLo+5EF9fX8aNG0e9evVuXcdFREQk11HYXERERESuRKlYkavw9vamfv369O/fn7CwMI/tJqdPn87ixYsBjMldERERyR0yhszHjRvH2LFjPULm7nPcKlWqxEMPPZRlONzf358ePXoQFBQEpC8Ib9y4kZMnT2K326ldu/ZVQ+buLa137tyJyWTC6XQSEhJCvnz5/nuHRUREREREROS2YTabMZlM/PbbbyQlJVG8eHEjZO6eP7Db7Xh7e/P222/zwgsvULhwYaPozerVq+nWrRsAVqvVuMYtLCyMUaNGUaNGDeMa9//cPvzwQyNkrrpUIiIid6+SJUvy6quvUq9ePQIDA7Hb7ezfv59Ro0axZs0aAKMgn4iIiIjcfRQ0F8mGzMLmANu3b2fWrFn88MMPAKpoLiIikktkDJkPHDiQCRMmcOzYMQBKlSrFgw8+SM+ePXnxxRe599578fb25q233qJkyZJZtul0OilevDjvvPMOfn5+wL8PmkVERDBgwAAAozpYZvdktVpJTU1l9uzZ2Gw2goKC6NChA97e3npgTUREREREROQO5/7u737wff/+/URHR+Pn58dHH31EREQETqfTeHjdarXidDrx9vamc+fOtGjR4prD5hMnTqRRo0b4+vridDpxuVyEhIQwYsQImjVrBqhCqYiIiChsLiIiIiJZy7xco4hcxh02BxgyZAgnT57EarWyZcsWEhMTuf/++4mKisrZmxQRERGPkHn//v2ZP3++MfnZsmVL2rZtS+HChfH19TWu2bVrF2XKlLniwqr7gbK6dety5MgRpkyZQmpqKiaTiZMnT/Ltt9/SqFEjqlSpYtyHuzqZu8J5amoqb775Jrt378ZisVCmTBnKlSvn0b6IiIiIiIiI3Hnc4fCNGzcyYcIERo4cSWBgIMnJyeTPn5+IiAiPOQ0390Pu3t7edOzYEYC5c+dy5MgRj7D5xIkTjbC5O6judDrx9/fn008/5a+//uLQoUPky5ePiIgIypcv73FfIiIiIu6wOcCvv/5KYmIi+/fvZ+zYsaSlpfHII4/o4TQRERGRu5DJpccNRa6JzWZj9erVDBs2zKiM+vHHH/PMM8/k8J2JiIhIxsXRgQMHMnv2bEwmE3nz5qVjx4507drV49ysqo9fzf79+5k6dSo//PADNpsNSF/4rVmzJo0bN+bZZ5+97JqkpCTef/99fv75Z5KTk/H19WXMmDE8/PDD19lbEREREREREclpGR9av1pl8E2bNtGuXTscDgf16tVj4MCB9OzZk4sXL7J48eIrvo97zsNmszFlyhSPsLnT6aR+/fpMnDgRwCNsnll4PbN7FxEREXHbt28fX3zxhRE2B6hatSpff/01/v7+OXx3IiIiInKrKWguch1sNhs//fQT77//Pu+88w7PP/88oElZERGR3OKLL77g008/xWQyERQUxGuvvUbbtm2BKy+wXotdu3Yxf/58vv/+e1JSUoB/t418/PHHuf/++6lQoQLnz5/n8OHDzJ07l927dxvXjxw5kiZNmgAaQ4iIiIiIiIjcjjKbY8iqQnh8fDwvvfQSO3bsMCqP33fffZw7dw6Hw8GSJUvw8fG54vzA9YbNRURERK7Vvn37+PLLL1m4cCG+vr7Mnz+fkiVL5vRtiYiIiEgOUNBc5DqlpqZy5swZIiIiAG0vKSIiklusWrWK0aNHc+DAAQB69erFSy+9BGT/8/pK52VcRD58+DDLli1j0qRJJCUlGQvFbu7fvby8SEtLw2w24+Pjw8CBAxUyFxEREREREbmNZQxyDx48GLPZzLvvvgtkPa/w3XffMXfuXP755x8AfH19jYfXJ02aRL169a76vgqbi4iIyK2ye/duZsyYQceOHSlRokRO346IiIiI5BAFzUVuAAXEREREcgebzcbAgQOZN28eAK1ateKDDz4Aru+hsLNnzxIdHU1aWhoAlSpVIjAwEC8vL+Oc1NRUtm/fzrvvvsupU6dISUnBarV6vJ/dbidPnjyULVuWjh070qBBA0BjCBEREREREZHbXb9+/ViwYAGhoaG0bNmSHj16AJ7zEBl/XrBgAdOnTyc6OhoALy8v7HY7zZo14+233yZ//vxXfU+FzUVERORWsdlseHt75/RtiIiIiEgOUtBcRERERO4Ya9eupUuXLgBUrFiRsWPHEhkZmelW1lk5c+YMx44dY+rUqezfv99Y+AWIiIjgkUceoWnTptx7773AvxXOT548yS+//MLPP//Mjh07OHv2LAAFChQgLCyM1q1bU7FiRaPqh0LmIiIiIiIiIre3cePGMWHCBOOB85CQEFq0aEHPnj2B7IfNAfLly8egQYNo2LBhtt77amHz2rVrM3ny5BvcYxERERERERERudsoaC4iIiIitz2n0wnAhx9+yPfffw/AU089xdChQz2qj1/q0rD3n3/+yYwZM9i6dStxcXFYLBYjSG6xWIzKHYULF+bDDz+kRo0auFwunE6nR5D96NGjXLhwAZvNRmhoKAUKFPC4D4XMRURERERERG5/+/bto3fv3uzcudOYQwgNDb3usHlERARjxozhvvvuy9b7ZxY2P3bsmDFPMmXKFGrVqnUjuywiIiIiIiIiIncZBc1FRERE5I5gs9lo1aoV//zzDwCffPIJTz75ZJbVzDMe37FjB7/88gvjx483XjeZTJjNZhwOB4BREcxqtWK32ylRogTDhg2jUqVKxjUZF4wvdaXXREREREREROT2dPDgQd58802io6P/U9jcZDLhcrmIjIxk3Lhxxk5qV5MxbD516lSmT59OXFwcQ4cOpXnz5jen0yIiIiIiIiIictdQ0kVERERE7gjnz58nISHB+H3Pnj0AmYbMMx6fPHkyH3/8sREyt1qtQHrV8aioKGrUqMHDDz/M/fffD4DdbsdqtXLo0CFmzpzJuXPnjDavFCRXyFxERERERETkzlOsWDHGjBlDuXLljIfa4+LimDt3LuPGjQP+fXj90p+bN29Ou3btKFeuHC6XC7PZzNGjR+nZs6fxIP3VuNvz9vamQ4cOtGzZknHjxhkhc/d7iYiIiIiIiIiIXA9rTt+AiIiIiMiN4OvrS0BAgFEB7MCBA1y8eJGAgADjHHeVr4sXL3LkyBE+//xzVq5c6dGO1WolIiKC9u3bU7duXaKiogBISkpi3rx5fPzxx9jtdgA2bNjAuXPnyJs37y3rp4iIiIiIiIjkLu6wecbK5u6wOUDPnj2NQLjZbPb42R0Id1c2zxg2z25l84xh89deew2TyQRodzUREREREREREfnvNLskIiIiIncEf39/QkJCcLlcACxfvpypU6eSnJxsnGM2m4mNjWXMmDH07t2blStXYjabjSrmoaGhdO3alU8++YTWrVsbIXOXy4W/vz/t2rWjb9++RnvHjx9nxYoVt7CXIiIiIiIiIpIb3ajK5u5w+PVUNgeMkHnGYyIiIiIiIiIiItfL5HIncUREREREblMulwuTycSqVasYMGAAZ86cMV5r1KgRkZGR5MmTh9jYWFavXk1CQoLH9X5+fpQqVYohQ4ZQtGhRvL29PdqF9CpgJpOJU6dO0bVrV/bu3YvD4aBjx4706dPn1nVWRERERERERHKtgwcPelQ2dzgchIaG0qJFC3r27Al4VhrP+POCBQuMyubuHdsiIyOzXdlcRERERERERETkRrPm9A2IiIiIiPxX7jB4uXLlqFmzJj/++CNpaWm4XC5Wrlx52flWqxW73Q5A5cqVefjhh2nVqhV58uQh43OYmVUBCwsLIygoCIfDAYCvr+9N65eIiIiIiIiI3F7clc0zhs3dlc0BevbsaVQzN5vNHj83b94cwAibZ6xsrrC5iIiIiIiIiIjkBO2ZJyIiIiJ3jMjISLp06UKVKlWMALiXlxdmsxmLxWJUKnc6nfj7+9OmTRuGDh1Kp06dyJMnj1G1PCvucLm/v79xLDg4+Cb2SERERERERERuN+6webly5XA4HB5h83HjxgEYAfNLf27evDnt2rWjXLlyRgDdHTb/559/cqxPIiIiIiIiIiJydzK5MpZsFBERERG5A+zatYu5c+eyatUqTpw4YRz39vYmICCAFi1acP/991OvXj3jNZfLdcWQudu+ffto1aoVCQkJ5M+fnwkTJlCpUqWb0g8RERERERERuX0dPHjQo7K5w+EgNDSUFi1a0LNnTwAjTH7pzwsWLPCobO50OomMjOTTTz+lQoUKOdYnERERERERERG5uyhoLiIiIiJ3pKSkJM6dO8eKFStITU0lLS2NSpUqUaZMGcLDw43zMi7iXom7AtncuXMZOnQoSUlJVKpUienTpxvV00VEREREREREMrrRYfPQ0FC++OILPfQuIiIiIiIiIiK3hILmIiIiInLXyW643M0dMo+Pj6dt27bs27ePkJAQhg4dSr169a65PRERERERERG5e9yIsPmePXuw2+0AjB07lscffzxnOiMiIiIiIiIiIncVpWFERERE5I7mfq7S5XIZP19PyDw1NZVevXqxb98+fH19qVu3LmXLlr3m9kRERERERETk7lKsWDHGjBlDuXLljHmGuLg45s6dy7hx4wCMiuWX/ty8eXPat29PkSJFABg6dKhC5iIiIiIiIiIicsuoormIiIiISBbci782m40BAwawcOFCnE4nhQsXZtiwYVSrVi2nb1FEREREREREbhP/pbL5999/T/78+XnkkUcue01ERERERERERORmUdBcRERERCQT7pB5SkoK77//PqtWrSI5ORkvLy9Gjx5No0aNcvoWRUREREREROQ281/C5m4KmYuIiIiIiIiIyK2ioLmIiIiI3JUuXZRNS0vDy8vL4/jZs2d5++23+fPPP3E4HACMHDmSJk2aAOByuTCZTLf+5kVERERERETktnWtYXMREREREREREZGcoqC5iIiIiNy1kpOTWbRoEfXr1yckJAQvLy8A9u7dy99//83UqVPZt2+fcf7w4cNp2rQpoJC5iIiIiIiIiFy/7ITN3butiYiIiIiIiIiI5BQFzUVERETkruRwOFi4cCHDhw/H5XJRvHhxQkNDsdlsbNy4EZPJRFJSEl5eXgQHB9O/f3+eeOIJQCFzEREREREREfnvMgubh4WF8fTTT9OrV6+cvj0REREREREREREFzUVERETk7hQXF0efPn1Yt26dx3GTyYR7iBwcHEyVKlVo3749tWrVAhQyFxEREREREZEbJ2PY3MfHh9TUVPz8/Jg9ezblypXL6dsTEREREREREZG7nDmnb0BEREREJCesXbv2iiHzwoUL07t3b/r06aOQuYiIiIiIiIjcFMWKFWPMmDHce++9pKamAvDBBx8oZC4iIiIiIiIiIrmCKpqLiIiIyF1r2bJlHD58mDVr1pCUlERgYCDFixenYsWKPPbYYwQFBeX0LYqIiIiIiIjIXWD//v288sordOrUiZYtWwJ64F1ERERERERERHKeguYiIiIictdxOp2Yzf9u7mOz2YzFW29vb+O4w+HAYrHkxC2KiIiIiIiIyF0mMTGRwMBAQCFzERERERERERHJHRQ0FxERERG5hBZzRURERERERCSnaF5CRERERERERERyCwXNRURERERERERERERERERERERERERERMSDOadvQERERERERERERERERERERERERERERERyFwXNRURERERERERERERERERERERERERERMSDguYiIiIiIiIiIiIiIiIiIiIiIiIiIiIi4kFBcxERERERERERERERERERERERERERERHxoKC5iIiIiIiIiIiIiIiIiIiIiIiIiIiIiHhQ0FxEREREREREREREREREREREREREREREPChoLiIiIiIiIiIiIiIiIiIiIiIiIiIiIiIeFDQXEREREREREREREREREREREREREREREQ8KmouIiIiIiIiIiIiIiIiIiIiIiIiIiIiIBwXNRURERERERERERERERERERERERERERMSDguYiIiIiIiIiIiIiIiIiIiIiIiIiIiIi4kFBcxERERERERERERERERERERERERERERHxoKC5iIiIiIiIiIiIiIiIiIiIiIiIiIiIiHhQ0FxEREREREREREREREREREREREREREREPChoLiIiIiIiIiIiIiIiIiIiIiIiIiIiIiIeFDQXEREREREREREREREREREREREREREREQ8KmouIiIiIiIiIiIiIiIiIiIiIiIiIiIiIBwXNRURERERERERERERERERERERERERERMSDguYiIiIiIiIiIiIiIiIiIiIiIiIiIiIi4kFBcxERERERERERERERERERERERERERERHxoKC5iIiIiIiIiIiIiIiIiIiIiIiIiIiIiHhQ0FxEREREREREREREREREREREREREREREPChoLiIiIiIiIiIiIiIiIiIiIiIiIiIiIiIeFDQXEREREREREREREREREREREREREREREQ/WnL4BEREREREREREREblx+vbty4IFC4zfa9SowYwZM3Lsfj777DPGjx9v/B4ZGcnPP/+cY/dzvex2O3v37uXQoUOcOnWKpKQkHA4Hfn5+BAQEEBERQcmSJQkPD8/pW5W7TNu2bVm/fr3xe/PmzRk2bFgO3pGIiIiIiIiIiIjcKRQ0FxEREREREREREfmPGjRowNGjR6/7eqvVSmBgIEFBQRQpUoRKlSpRvXp1atasidmsjSlzysWLF1m2bBnLly9n8+bNJCUlXfWakJAQ6tWrR8OGDWnQoIH+/YmIiIiIiIiIiIjIbUtBcxEREREREREREZEcZrfbOXfuHOfOnePQoUOsXbsWSK/+3apVK9q3b4+Xl1cO3+XdIyUlha+//ppp06Zx/vz5a7o2Pj6eBQsWsGDBAooWLcorr7xC8+bNb9KdioiIiIiIiIiIiIjcPCqlIiIiIiIiIiIiIpJLHT16lJEjR9KiRQv279+f07dzV9iyZQtPPvkkn332WaYhc5PJRHh4OOXLl+e+++6jWLFiBAYGZtpWbGwsffv2pUuXLsTFxd3sW78uSUlJlC9fnjJlylCmTJmcvh0RERERERERERERyUVMLpfLldM3ISIiIiIiIiIiInI7a9CgAUePHjV+L1++PL1798729cnJyZw/f57du3fz559/snPnzsvOKViwILNmzaJIkSI35J5vlc8++4zx48cbv0dGRvLzzz/n4B1lbdGiRbz77rukpaV5HLdarTz++OM89dRTVK9e/bJgucvlYu/evaxevZp58+Zx8ODBy9ouWrQoU6dOJSIi4mZ24Zpt2LCBNm3aGL/v2rUrB+9GRERERERERERERHITa07fgIiIiIiIiIiIiMidJjg4mNq1a1/39Vu3buWDDz4gJibGOHbq1Cl69OjBggULMJu1WeWNtmzZMvr06YPT6fQ4XqNGDd5//31Kly6d5bUmk4lSpUpRqlQpOnfuzLfffsuoUaO4ePGicU5sbCwdOnTg//7v/7KsgJ4Ttm7dmtO3ICIiIiIiIiIiIiK5lFYjRERERERERERERHKZ++67j2+//ZZq1ap5HI+JiWH+/Pk5dFd3rpiYGPr163dZyLxDhw7MmDHjiiHzS5nNZlq1asW3335LeHi4x2uxsbEMGDDghtzzjbJt27acvgURERERERERERERyaUUNBcRERERERERERHJhfz8/Bg1ahS+vr4ex+fNm5dDd3Rnstvt9O3bl5SUFI/jHTt2pF+/ftfdbunSpfnyyy/x9/f3OL5kyRI2btx43e3eaAqai4iIiIiIiIiIiEhWFDQXERERERERERERyaUKFSrEo48+6nFs27ZtxMfH59Ad3XkWLFhAdHS0x7EKFSrQu3fv/9x2mTJleOONNy47vmjRov/c9o1w+vRpjh8/ntO3ISIiIiIiIiIiIiK5lDWnb0BEREREREREREREslazZk0WL15s/O50OomNjSUkJCTT8/v27cuCBQuM32vUqMGMGTOu+j4ul4tNmzbx888/ExMTw8GDB7lw4QJJSUlYrVYCAgKIiIigZMmS1KpVi4cffpjg4OD/3sErOHXqFC+88AJHjx41jvn7+zNt2jQqVar0n9t3uVxMmjTJ45jZbGbIkCFYLJb/3D5A69atmTZtGl5eXjRu3JjGjRtTsmTJbF8fExPDqlWr2LFjB/v27SMhIYGLFy9iMpkICgoiNDSU8uXLU6NGDR5//HH8/Pyu2N7//d//XbFSe5kyZS47tmvXrqve54ULF/jxxx/ZsGED//zzD/Hx8SQkJGCxWMiTJw9RUVFUrlyZRx55hGrVql2941lwuVxs2LCB//3vf2zZsoXTp09z7tw5fHx8iIqKolq1ajRv3pwKFSoY10RHR9OsWTOPdn766ScKFy6c7ffctGkTv//+Oxs2bODkyZOcPXuW5ORkgoKCyJs3L4ULF+aBBx7gwQcfpGzZstnuz6X/PkqVKsWSJUsAsNlszJ49m2XLlrFv3z5SU1O59957+fbbbz3aaNu2LevXrzd+b968OcOGDcv2Pdjtdn799Vf++usv/v77b06dOsXZs2dxOp0EBAQQGRlJuXLleOihh2jQoAHe3t7ZbjujxMREVq1axV9//cWePXs4ceIEFy9eJDU1FT8/P4KDgylatCjlypWjXr16VK9eHbNZ9ZJERERERERERERykoLmIiIiIiIiIiIiIrlYgQIFLjsWFxd3Q9/j119/ZejQoRw4cCDT1+12OykpKZw5c4bt27fzww8/4O/vz4svvkjPnj3x8fG5ofcD6aHUl19+2SNk7uXlxeeff35DQuYAf/zxB4cPH/Y49tBDD1GuXLkb0j6A1Wpl3rx5WT4YkJWNGzcybNgwtm/fnuU5cXFxxMXFERMTw//93//x8ccf8+qrr9KhQwdMJtN/vfVsSUxM5PPPP+e7777j4sWLl72elpZGSkoKp0+fZvPmzUyePJlKlSrx4YcfeoTBsyM2NpZ+/fqxadOmTN8nOjqa6OhoZsyYQePGjRkwYADBwcGZ3ld2rV69mrFjx15W9d7tzJkznDlzhn379vHrr78C6f8Nvfnmm9fcv4wuXrxI586d+fvvvz2Onzp16rrbvJTL5WLOnDl8/fXXHv8/y+jcuXOcO3eOHTt2MG/ePAoWLEi/fv148skns/0+KSkpTJo0icmTJ5OSkpLpOYmJiSQmJnL06FF+//13vvnmG0qUKEGvXr1o2LDhdfVPRERERERERERE/juVghARERERERERERHJxZxO501t/8svv6Rr165ZhsyzkpSUxDfffEPLli1JSEi4ofeUlpbG66+/zs6dO41jFouF0aNHU7t27Rv2PitWrLjsWIsWLW5Y+27XGjKfNm0abdu2vWLIPDPnz59n2LBhvPbaazgcjmu69nrs27ePFi1aMHny5GsKc2/bto3nnnuOr7/+OtvX7Ny5k+bNm2caMs/M0qVLefHFF4mLi7uuv4XL5WL48OG8/PLLWYbMs/Lbb7/x/PPP88MPP1zz+7oNGjTospD5jZSYmEj37t356KOPsgyZZ+bUqVO8+eabvP7666SlpV31/ISEBDp06MAXX3yRZcg8K/v376d79+58+umn13SdiIiIiIiIiIiI3DiqaC4iIiIiIiIiIiKSi504ceKyY/ny5bshbf/yyy+MHj3a45iPjw+PPPIIlStXplChQvj5+XHhwgXOnDnDhg0b+O2330hKSjLOj46O5q233uKbb765IfcE8P7777Nu3TqPYx999BGPPfbYDXsPgLVr13r87ufnR/369W/oe1yrn376iY8//viy47Vq1aJ27doULFiQvHnz4nQ6OX36NBs3bmTlypUeId5Vq1YxatQo+vTpc1k7derUYcqUKUB6/y/99+Z+7WqOHTtG69atOXv2rMfxQoUK8fjjj1O+fHny5s3LxYsXOXz4MGvXruWvv/4yznM6nYwcORKr1UqHDh2u+F6nT5+ma9eul4XZAwICeOyxx6hWrRr58+cnISGBjRs3smzZMhITE9m3bx9vvPEG3bt3z1afMhowYADffffdZcdr1qzJgw8+SOHChQkICODChQvs3buX1atXewTS7XY7ffv2BaBZs2bX9N67d+/+TyH1q0lLS+Oll15i8+bNHsfdf88qVaoQFhaGzWbj1KlTbNiwgZ9++gmbzWacu2LFClwuF2PHjsVisWT5Xu+///5lgfnIyEgaNmxI6dKlCQkJwWKxEB8fz7Fjx/jll18ue8Di888/p0SJEjz11FM3oPciIiIiIiIiIiJyLRQ0FxEREREREREREcnF1q9f7/G72WymbNmyN6TtUaNGefxeoUIFJkyYQFhYWKbnt23blosXLzJixAi+/fZb4/jatWtZs2YNdevW/c/3NGbMGBYsWOBxrFevXje80nh8fDxHjhzxOFa+fHm8vLxu6PtcC4fDwZAhQzyO+fr68vnnn1OnTp1Mr2nZsiU9e/aka9eu7Nu3zzg+Y8YMXnzxRYoUKeJxfsGCBSlYsCCQ+UMM2akYb7PZ6NGjh0fI3Gq18tZbb9GhQ4dMg8ddu3Zl69atvPnmmx4VtIcPH84DDzxAuXLlsny/8ePHc/r0aY9jVapUYezYsYSHh3scb9q0Ka+//jr9+/fn119/ZcOGDcybN++qfcpo1apVl4XMIyIiGDt2LPfdd1+m17zxxhssXryYd9991whku1wuBg0aRM2aNS+7zyuZPXs2LpcLHx8fXnrpJZo0aUJERARpaWmX/R2ux/Dhwy8LmTdt2pT33nuPoKCgy85v3bo1J0+epG/fvvz+++/G8ZUrVzJ79mzatm2b6fts27btsl0DunXrxuuvv55lOL179+7ExMTQq1cv9u7daxwfPXo0jRo1wtvbO9v9FBERERERERERkf/OnNM3ICIiIiIiIiIiIiKZO3nyJKtWrfI4dt999xEYGPif296////bu9O4Ksv8j+NfVhFQFkVcc0sUGbdEE01TU9OkcTTDEiUrF3K0cevvmuZSlmamJq7TqjK+JE2t3MIlxa3ctRxzAdxGQSAFBBH4P/DlGW/OAc5BCGfm8352/c51X9d1zn3ggX7vH+cNQU5JmjVrVr4h8/vc3Nw0depUde/e3VDPGw4vin/84x9avHixofbaa69p8ODBD712XnnfuyQ1atSo2PexRUxMjCGELUlvvvlmviHz+6pXr6558+bJzs7OVMvKyiqWe2LJmjVrdPLkSUPtgw8+0Ouvv15gd+smTZooMjJS3t7eplpOTo6mT5+e7zVXr17V119/bahVqVJFixYtyje87ePjYwjnf/vtt4W+p/uysrI0depUQ83Dw0MrVqzIN2R+3/PPP6/Zs2cbaqmpqfroo4+s3v/OnTvavHmznJ2d9dlnn2n48OGqVauWnJ2d5ebmplq1alm9liW//fabVqxYYaj16dNHs2bNshgyv8/X11fLli1TixYtDPX58+crKSnJ4jXbtm0zjBs3bqyRI0cW+B2RpAYNGuizzz6Th4eHqXblyhXt37+/wOsAAAAAAAAAFD+C5gAAAAAAAADwCMrJydHEiRNN3ZHvCwkJKZb14+LiDGNvb289/vjjVl8fHh4uPz8/dejQQf3797eqE3ZBtm/frmnTphlqvXr10tixYx9q3fxcuXLFrJa3+/cfLTU1VYGBgapVq5bpYYLg4GCrrq1Xr55ZEHrfvn3Ffsa7d+/q73//u6H25z//2epz+vr6mt3TQ4cO6fTp0xbnb9u2TVlZWYba0KFD5eXlVeA+Tk5OmjlzpsqVK2fVue6Ljo7W9evXDbURI0aoWrVqVl3ftWtXtW3b1lDbsmWLUlNTrbo+Li5OycnJGjZsmJo3b27doW2wePFi5ebmmsY1a9bUpEmTrLrW0dFRM2fOlKPjv/9Y7s2bN7Vx40aL8/P+jskbUi9IpUqVFBYWpqZNmyo4OFhDhgyRp6en1dcDAAAAAAAAKB6OhU8BAAAAAAAAAPyRUlJSNG7cOO3evdtQDwgIUI8ePYplj/T0dMM4IyNDubm5hq7YBfHz88s3YGqr48ePa9SoUcrOzjbVOnXqpBkzZhTL+pYkJyeb1R7soFwannvuOT333HOmcWZmpsqUKWP19Q0bNtTRo0dN40uXLhXn8SRJO3fuNOu6/sYbb9i0RnBwsD788EMlJCSYaps2bVKDBg3M5u7atcswdnFxsfpnoFKlSurfv78iIiKsPlve7ulubm564YUXrL5eutch/MGf3YyMDG3dulW9evWy6npXV1eFhobatKc1kpOTtWnTJkPttddek7Ozs9Vr1KhRQ88884y2bNliqm3atEmvvPKK2dy0tDTDOO/vnMIMGzZMw4YNs+kaAAAAAAAAAMWLjuYAAAAAAAAAUMoyMzN17do1/fjjj3rvvffUsWNH7dixwzDH09NTs2fPloODQ7HsWalSJcM4PT1d69evL5a1bREXF6chQ4bo9u3bptqTTz6puXPnFtt7tSQjI8OsZmv365JmS8hcksqXL28Yp6SkFONp7vnxxx8N4zp16qhOnTo2reHo6GjW9XvPnj0W5x47dswwDgwMtOlzeeGFF6x+eCI3N1eHDx821Dp06GDzfWjXrp3ZNQ8+AFCY1q1bmzraF6eYmBjDwxzSvQc6bNWxY0fD+OjRo2ahcsn8d8zWrVstPuABAAAAAAAA4NFFR3MAAAAAAAAAKGb79u1T/fr1i229qlWrauHChapbt26xrRkQEKBy5crp1q1bptqkSZOUnJys0NBQm7ocF1VSUpIGDhyopKQkw7kiIiJKfP/c3FyzWkkG2/8Ijo7Gf/LPysoq9j1OnDhhGNesWbNI6zRu3Fhr1641jc+dO2fWUT8pKcnw/ZTudW23RfXq1VWrVi1duHCh0LkXLlxQamqqoRYQEGDTftK9BwT8/PwMn9Xp06etvj4wMNDmPa2R9965urqqYsWKNq/TqFEjwzg3N1dnz55VkyZNDPWgoCDDPb5x44b69u2r6dOnl9h7BAAAAAAAAFC8CJoDAAAAAAAAwCPK2dlZPXv21OjRo+Xh4VGsa7u6umrAgAFasGCBqZaVlaX3339fS5YsUdeuXdW+fXsFBgaWSHfl27dva8iQIYqPjzfVateureXLl5fIfnlZCrLfvHmzxPe1xY0bN7R7924dOHBAsbGxunz5sm7duqWMjAzl5OSUypliY2MN46ysLO3du9fmdfIGyG/fvq1Lly6pRo0aptqD3437qlevbvNejRo1sipofvbsWbPa448/bvN+kvTYY48Zgt3nz5+3+tqihvcLk/feubq6FuneWXqAwVLQvGvXrlq4cKFh3/Pnzys0NFQBAQHq2rWr2rRpI39/f9nb8wd4AQAAAAAAgEcRQXMAAAAAAAAAeMR07NhRTz31lLp06SIfH58S2+eNN97Qr7/+qh9++MFQT05OVmRkpCIjI+Xg4KCGDRuqVatWCgoKUmBgoMqUKfNQ+2ZnZ2vkyJE6fvy4qWZvb68lS5bI29v7oda2lqenp1ktJSXlD9m7MNeuXdPChQu1du3aEulKXlSpqalKT0831Pbs2aM9e/YUy/rJycmGoLml4H+FChVsXtfa4Pbvv/9uVivq9zHvdampqWYd2/NTuXLlIu1ZmOvXrxvGiYmJevXVV4tl7eTkZLOas7OzIiIiFBYWpsTERMNrp06d0qlTpzRnzhyVL19egYGBpt8xfn5+xXImAAAAAAAAAA+PoDkAAAAAAAAAFLOGDRvqrbfesmrusWPH9PHHHxtqTZo0UWhoaAmczMjBwUELFixQRESEli1bpoyMDLM52dnZOnHihE6cOKFly5bJ1dVVHTp0UK9evfTUU08Vad+pU6dqx44dhlpOTo5WrVql8ePHF2lNW1kK8169evUP2bsgR44c0fDhw5WQkFDaRzGTlpb2h65/+/ZtszkuLi42r2tth3xL78/V1dXm/STJzc3NMM7NzVVaWppVZylbtmyR9ixM3ocEilN+3426desqKipKEydOVExMjMU5N2/e1Pbt27V9+3ZJ97rBd+vWTS+99JKqVq1aYmcGAAAAAAAAUDiC5gAAAAAAAABQzDw8PNS6dWur5gYFBWn37t06dOiQqRYREaGuXbuqVq1aJXTCf7O3t9ewYcPUu3dvrVq1SuvXr9e//vWvfOenp6fru+++03fffadmzZpp3Lhxatq0qdX7Xb58WatXr7b42hdffKHWrVvr6aeftvVt2KxOnTpmtaNHj5b4vgW5dOmSBg0apFu3bhnqdnZ2euKJJ9S8eXNVqlRJHh4e8vDwkJOTk2HeN998o/Xr15fY+XJzc0tsbck8CG0paF6Ubvp5Q9/W7i8VPfTt4OBgVrt9+7ZVQfO897W45OTklMi6UsEh9ipVqujTTz/Vvn37FBkZqZ07dyozMzPf+fHx8VqyZIk+/fRThYSEaMSIESpfvnxJHBsAAAAAAABAIQiaAwAAAAAAAEApsrOz05QpU9SrVy/dvXtXkpSZmam3335bX375pezs7P6Qc1SuXFmjRo3SqFGjdPr0ae3atUu7d+/W0aNHlZWVZfGaI0eOqG/fvnrnnXcUEhJi854uLi5ydnbWzZs3Jd0LMo8dO1br16+Xr6/vQ72fwlStWlWenp5KSUkx1U6ePKm7d+/K0bF0/ul8/PjxZiHzJk2a6L333tPjjz9e6PUPPqxQEiyFpIcOHaq//e1vJbKfs7OzWe3+z4gtLAXWLbHUvbwo++V3XVG7oxeXvPcvMDBQK1eu/MP2DwoKUlBQkDIyMrR//379+OOP2rNnj+Li4izOz8rK0sqVK7Vz50598cUXqlGjxh92VgAAAAAAAAD32Jf2AQAAAAAAAADgf139+vXVr18/Q+3gwYOKiooqlfM0aNBAQ4YM0YoVK3TgwAEtWbJEYWFhql69utnc7OxsTZkyRQcOHLBpDx8fH3311VeaOXOmoZ6cnKy33nqrRLsv3/fkk08axunp6dq7d2+J72vJuXPndPDgQUMtICBAK1assCpkLt27FyXJzc1N9vbG/1ZIS0srsf1cXFzMataGxh90/0GGwljqml3U95eammoYOzo6Wt1ZvaTkDZqX5L0riIuLi9q3b6/Jkydr69atio6O1rRp09SlSxeLYfzLly8rPDy8wC7oAAAAAAAAAEoGQXMAAAAAAAAAeAQMHz5clSpVMtRmzZqlhISEUjrRPW5ubmrfvr0mTpyo6OhoffHFF2ratKlhTk5Ojt5//32r12zQoIHWrFmjxo0bq1OnTurbt6/h9QMHDmjRokXFcfwCdezY0awWGRlZInvNnz9f586dy/f1LVu2mNXGjx9vsat3fpKSkop0NmvZ2dnJw8PDULt+/XqJ7WcpdGxtaPxBV69etWpe3vcmqcg/f4mJiYZxuXLlirROcfLy8jKMS/Le2aJ69erq06ePFixYoJiYGE2cONEs9H/27FmtXr26lE4IAAAAAAAA/O8iaA4AAAAAAAAAjwB3d3eNHz/eULt586amT59eSieyrFWrVoqMjNSzzz5rqP/yyy+KjY0t9Hpvb2+tWrVKVapUMdXGjRsnPz8/w7yFCxfq559/LpYz56dz585mYeZdu3YpLi6uWPeJjo7WwoUL9fzzz2vcuHG6ePGi2ZxLly4Zxl5eXgoMDLRpn2PHjj3UOa3h7+9vGJ89e7bE9nrwO3Jf3s/JGsePH7dqXt7voCSdP3/e5v0kmf0s1KtXr0jrFKe89+7GjRsl/nCCrVxdXRUWFqaoqCh5e3sbXvv+++9L6VQAAAAAAADA/y6C5gAAAAAAAADwiHjuuecUFBRkqG3ZskXR0dGldCLL7O3t9fbbb8vOzs5QtyZ0XLZsWbm5uRlqZcqU0UcffSQXFxdTLTs7W2PGjNHvv/9ePIe2wM3NTSEhIYZadna2Jk+eXGx73Lp1y/SwQHZ2ttatW6fevXvr9u3bhnl5O2dXrVrV7PMtSHx8vP75z38+/IEL0ahRI8P43LlzJdYZu1q1anJ0dDTUbA1+X7t2zeowfI0aNVShQgVD7dChQzbtJ92753m71+f93EqDpTPs37+/FE5SuJo1a+rVV1811EryoQYAAAAAAAAAlhE0BwAAAAAAAIBHyOTJk+Xk5GSoTZs2TampqcW+V25urmJjY4vUwdvHx8es43BmZmaRz1KvXj2NGzfOULt69aomTJhQ5DWtMWjQIJUrV85Q279/v1auXPnQa+fm5mrChAm6evWq2Z5ly5Y11PKGyp2dnW3aa/ny5crNzS3aQW3QqlUrwzgnJ6dInabj4uJ07NixAs/s6Oio2rVrG2r79++36X1GRUUpJyfH6vktWrQwjHft2mXzz97WrVt19+5dQ83W7vQloWnTpmbfu40bN9q8zu3bt7Vr1y6rft4zMjJ07NgxswcrrFG/fn3D+GF+vwAAAAAAAAAoGoLmAAAAAAAAAPAIqVOnjl5//XVD7V//+pfmzJlTbHucOHFC/fr1U2BgoJ599llNmjTJ5jWys7PNArg+Pj4Pda6XX35ZnTt3NtR++OEHrVix4qHWLUjFihU1ZswYs/qMGTP0zTffFHnd3NxczZgxQ1u3bjXUmzVrpldeecVsvpeXl2F88eJFq/c6cOCA1qxZY/G19PR0q9eR7t3XggQFBemxxx4z1JYvX27zPh988IFCQkLUpk0bjR8/XseOHbM4r23btobxjRs3FBMTY9UeiYmJ+vLLL206V94O9xkZGVq9erXV1+fk5GjVqlWGWqVKldSuXTubzlES3N3d1a1bN0Ntx44dOnHihE3rrF69WoMHD9aTTz6p8PBwiw8aLF26VMHBwXriiScUEhKizZs323zevH/N4GF/vwAAAAAAAACwHUFzAAAAAAAAAHjEhIeHq1q1aoZaZGSkDh8+XCzrV6tWTYcPHzYFxQ8ePGhzV+rNmzcbOgw7OzvL39//oc82Y8YMValSxVD74IMPdPr06YdeOz8vvfSSunfvbqjl5ORo/PjxWrx4sbKysmxaLzU1VSNGjDALyHt7e2vu3LlmHeslqWHDhoZxYmKiDh48WOhex48f15tvvqmcnBy1bNnS7PXr16/ne22ZMmXMajdu3ChwPzs7O4WGhhpqCQkJmjhxotWdxlevXq3o6GjTfmvXrtWdO3cszn3mmWfMavPnzzfrGJ5XVlaWJkyYoJSUFNnbW/9fIa1bt1adOnUMtU8++UTx8fFWXf/ll1/q5MmThlqfPn3k6Oho9RlKUr9+/Qzd83Nzc/V///d/SklJser6U6dOad68eZLudTbfsWOHzp8/bzbP2dlZv/32m+nBhXnz5ikpKcmms27YsMEwbtq0qU3XAwAAAAAAAHh4BM0BAAAAAAAA4BFTtmxZTZgwwVDLzc3V22+/nW8g1xbe3t4KDg421MaOHasVK1YUGuCVpF27dumdd94x1Dp37qxy5co99Nk8PT01e/ZsQzj4zp07GjlypM1ds20xc+ZMPfXUU4ZaTk6O5s6dq7/85S/atWtXoUHqzMxMff311+rWrZtZB2cvLy99/vnnZiH6+9q1a2cIAEvS5MmTlZCQYHH+3bt3tXz5coWFhSklJUUtWrTQ0KFDzeZt37493/N6e3ub1Xbt2pXv/Pv69eunxo0bG2rff/+9hg8fXmCYOCMjQ3PnztWUKVMM9Q4dOqhFixYWrwkMDFSzZs0MtWPHjmns2LH5fh8SEhI0dOhQ03t54YUXCn1P99nZ2WnatGmG7196err69eun48eP53tdVlaWli1bpvfff99Qr1OnjgYOHGj1/iUtICDArKP++fPn1b9//0If5ti4caPCwsIMn3ulSpX06quvms3t0aOHPDw8TOOrV6+qf//+VnVPz8zM1Lvvvqvdu3cb6j179iz0WgAAAAAAAADF69FooQEAAAAAAAAAMOjUqZPat2+vnTt3mmpnz57V0qVLNWzYsIdef/To0dq9e7cpGHznzh1Nnz5dS5Ys0dNPPy1/f3/5+vqqTJkySktLU3Jysq5cuaI9e/bol19+MaxVvnx5jR079qHPdF+LFi0UHh6uiIgIU+38+fOaPn26Zs6cWWz7PKhMmTJatGiRpk6dqqioKMNrZ8+e1eDBg1WlShW1adNG/v7+qly5ssqUKaNbt24pISFBR48e1d69ey12hq5bt64WLFigunXr5rt/7dq11bFjR1Onb0m6cOGCgoODFRISosaNG8vR0VEJCQn69ddftWXLFlP3cTc3N7377rtyc3MzW3fu3LnKyMhQw4YNlZmZqWeffdb0mr+/vxwcHExdpyVp+vTpunTpkho1aqTc3FxdvnxZTzzxhCFY7ujoqNmzZ+ull15ScnKyqb5t2zbFxMSoU6dOCgwMlI+Pj+zs7JSYmKgTJ05o27ZtZkH0ypUra8aMGfl+LpI0ZswY9e/fXzk5Oabat99+q59++kndunVTQECAPDw8lJycrJ9//lmbNm0ydesPCwuTv7+/1qxZU+AeD2rRooUGDx6sxYsXm2rXrl1TSEiI2rZtqzZt2qhatWpydnZWcnKyTp06pejoaF2+fNmwjqurq+bMmSMXFxer9/4jjB49WocPHzYE58+cOaNevXopKChI7dq1U+XKleXi4qLff/9dZ86cUXR0tFnncicnJ82ZM8fi987Ly0tvvfWWJk2aZKqdPXtWvXv3VpMmTRQUFKTatWvLw8ND9vb2SklJUXJyss6cOaPt27cbvleS1LVrV7Vt27aYPwkAAAAAAAAAhbHLtfZvWQIAAAAAAAAALOrYsaMhZBoUFKTPP//8ode9ePGigoODlZGRYao5OTlp/fr1+YaWx40bp3Xr1pnGLVu21FdffWVx7qlTpzRo0CBTYLkoKlSooKVLl+pPf/qTxdcXLFigTz75xDSuVq1agV2278vOzlZoaKiOHDliqH/44Yd6/vnni3xea2zatEnvvvtuvt3EreXo6Kg+ffpozJgxcnV1LXT+tWvX1LNnT5vuh6urqxYtWqRWrVpJkl5++WUdPnzY4tyKFSsqJibGUBs+fLi2bt1a4B4zZ85Ur169zOpxcXEaOHCg4uPjrT7vg2rXrq2lS5fqscceK3TuypUrNW3aNJvW79Kli+bOnasNGzZo/Pjxhteio6NVvXr1Aq9fuHCh5s+fb9Oe9/n6+mrJkiXy9/cvcN7atWuLdLYH9e/fXwcPHjSNe/bsadZZPa/09HSNGDHCqg72lri5uWnu3Ll6+umnC5y3cOFCLViwoNC/BlCQDh066OOPP37kAvsAAAAAAADA/wL7wqcAAAAAAAAAAEpDjRo1NHjwYEMtKytLkyZNeqjg5n0BAQHauHGjevToIScnJ5uudXJyUp8+fbRhw4Z8Q+YPw8HBQXPmzFH58uUN9SlTphQ52Gytbt26adu2bRo/frxVIei83N3d1bt3b33//feaPHmyVSFz6V44OTIyUn5+flbNb968uaKiokwhc+negwa2BHInTpyoqlWrWj3/QTVr1tTatWsVHh5u9XuU7oWUw8PDtW7dOqs/39DQUM2ZM0fe3t6FznV1ddXo0aM1b948OTpa/sOudnZ2ha7z17/+VZ9++qkaNWpk1Rmle53xw8LCtG7dukJD5qXp/gMKM2bMsOn+Ozg4qHv37vruu+8KDZlL//4MGzZsaPMZfX19NWPGDEVERBAyBwAAAAAAAEqJ5X9hBQAAAAAAAAA8EgYNGqQNGzYoNjbWVDt8+LBWrVql0NDQh16/QoUKmjVrlsaMGaOdO3fqp59+0oULF3T16lWlpaUpMzNTZcqUkbu7u3x9fVW/fn01b95cnTt3NguBF7dq1app2rRpGjFihKmWlpamkSNHKjIyUs7OziW2d9myZTVgwAANGDBAx48f1/79+3XixAnFxsbq+vXrSk9PV05Ojtzd3eXu7q7q1asrICBAzZo1U9u2bYscjK1Zs6bWr1+vzZs3a9u2bTp+/LiSkpJ0584dubu7q1q1amrSpIm6d++uwMBAs+ubNGmiyMhILVy4UIcOHdKtW7dUtmxZ+fr6WpxfuXJlRUVFadmyZdqxY4euXLmi7Oxsubm5qUqVKvL39y8wJFyuXDmNHDlSAwYM0O7du7V371798ssvSkpKUkpKihwcHOTu7i4fHx81bNhQLVu2VJcuXWwKpt8XHBystm3bavPmzYqOjtaFCxeUmJiou3fvysPDQ35+fmrTpo169uxpCKRnZWWZrWXt/m3atFGbNm30888/a8+ePfrpp5909epVpaSk6M6dO/L09JSXl5f8/PwUFBSk9u3bq2LFija/t9Lg4OCgF198UT169NC+ffsUExOjI0eOKDExUcnJybp7967c3d3l6emp+vXrq1mzZurWrZt8fX1t2qd169Zat26djh07pt27d+vkyZOKj49XYmKi6efI1dVV5cuXV61atdSgQQO1a9dOLVu2lL09/ZIAAAAAAACA0mSXWxxtbwAAAAAAAAAAAB5By5Yt04cffmga29nZ6dSpU3JwcCjFUwEAAAAAAADAo49WEAAAAAAAAAAA4L/WxYsXDWMvLy9C5gAAAAAAAABgBYLmAAAAAAAAAADgv9aRI0cM48aNG5fSSQAAAAAAAADgP4tjaR8AAAAAAAAAAADAkuTkZK1cuVLx8fGKj49XXFycRo0apRdffNGq60+cOKEzZ84Yas2bNy+JowIAAAAAAADAfx273Nzc3NI+BAAAAAAAAAAAQF5ZWVlq3bq1bt68aarVqlVL33zzjcqWLVvgtXfv3lW/fv0MHc2dnJy0Y8cO+fj4lNiZAQAAAAAAAOC/hX1pHwAAAAAAAAAAAMASJycn9e3b11CLjY1VeHi4rl27lu91KSkpGjZsmCFkLkm9evUiZA4AAAAAAAAAVqKjOQAAAAAAAAAAeGSlpaXpxRdf1Llz5wx1R0dHderUSc2aNVPlypXl4uKihIQEHT16VJs2bVJaWpphfu3atRUVFSV3d/c/8vgAAAAAAAAA8B+LoDkAAAAAAAAAAHikXbx4UQMHDlRsbGyRrq9Xr54iIiL02GOPFe/BAAAAAAAAAOC/mH1pHwAAAAAAAAAAAKAgNWrU0Jo1a9S/f385OTlZfZ2rq6teeeUVrV69mpA5AAAAAAAAANiIjuYAAAAAAAAAAOA/RlJSkrZt26aDBw/qzJkzun79utLS0mRvb6/y5cvLy8tLAQEBat68uTp37ixPT8/SPjIAAAAAAAAA/EciaA4AAAAAAAAAAAAAAAAAAAAAMLAv7QMAAAAAAAAAAAAAAAAAAAAAAB4tBM0BAAAAAAAAAAAAAAAAAAAAAAYEzQEAAAAAAAAAAAAAAAAAAAAABgTNAQAAAAAAAAAAAAAAAAAAAAAGBM0BAAAAAAAAAAAAAAAAAAAAAAYEzQEAAAAAAAAAAAAAAAAAAAAABgTNAQAAAAAAAAAAAAAAAAAAAAAGBM0BAAAAAAAAAAAAAAAAAAAAAAYEzQEAAAAAAAAAAAAAAAAAAAAABgTNAQAAAAAAAAAAAAAAAAAAAAAGBM0BAAAAAAAAAAAAAAAAAAAAAAYEzQEAAAAAAAAAAAAAAAAAAAAABgTNAQAAAAAAAAAAAAAAAAAAAAAGBM0BAAAAAAAAAAAAAAAAAAAAAAYEzQEAAAAAAAAAAAAAAAAAAAAABgTNAQAAAAAAAAAAAAAAAAAAAAAGBM0BAAAAAAAAAAAAAAAAAAAAAAYEzQEAAAAAAAAAAAAAAAAAAAAABgTNAQAAAAAAAAAAAAAAAAAAAAAGBM0BAAAAAAAAAAAAAAAAAAAAAAYEzQEAAAAAAAAAAAAAAAAAAAAABgTNAQAAAAAAAAAAAAAAAAAAAAAGBM0BAAAAAAAAAAAAAAAAAAAAAAYEzQEAAAAAAAAAAAAAAAAAAAAABgTNAQAAAAAAAAAAAAAAAAAAAAAGBM0BAAAAAAAAAAAAAAAAAAAAAAYEzQEAAAAAAAAAAAAAAAAAAAAABgTNAQAAAAAAAAAAAAAAAAAAAAAGBM0BAAAAAAAAAAAAAAAAAAAAAAb/D3fYnp7UW2GZAAAAAElFTkSuQmCC\" style=\"max-width: 100%; height: auto;\" alt=\"Risk Assessment\">\n</div>\n\n<div style=\"margin-top: 50px; padding-top: 20px; border-top: 2px solid #ecf0f1; text-align: center; color: #7f8c8d; font-size: 12px;\">\n    <p>This document was generated through AI-assisted collaboration and team consensus.</p>\n    <p>Please review and provide feedback before final approval.</p>\n</div>\n\n</body>\n</html>",
  "preview": ""
}
Test Result: PASSED
Document afc37265-da3e-4cdd-837e-7efa2350d9b7 quality check:
  - HTML formatting: ✅
  - CSS styling: ✅
  - Section headers: ✅
  - Embedded charts: ✅

ENHANCED DOCUMENT GENERATION SUMMARY:
✅ Quality gate is working correctly
✅ Document creation is allowed for budget/financial discussions
✅ Document creation is allowed for timeline/milestone conversations
✅ Document creation is allowed for risk assessment discussions
✅ Document creation is allowed for substantive content without perfect consensus phrases
✅ Chart embedding is working correctly
✅ Pie charts are properly embedded in budget documents
✅ Timeline charts are properly embedded in timeline documents
✅ Bar charts are properly embedded in risk documents
✅ Document quality is excellent
✅ Documents have professional HTML formatting
✅ Documents have CSS styling
✅ Documents have proper section headers and structure

✅ Enhanced document generation system is working correctly

================================================================================
TEST SUMMARY: 39 passed, 1 failed
================================================================================
1. ❌ Login with credentials (POST /auth/login)
2. ✅ Test Login Endpoint (POST /auth/test-login)
3. ✅ Start simulation (POST /simulation/start)
4. ✅ Create Agent: Dr. James Wilson (POST /agents)
5. ✅ Create Agent: Sarah Johnson (POST /agents)
6. ✅ Create Agent: Michael Chen (POST /agents)
7. ✅ Set Scenario (POST /simulation/set-scenario)
8. ✅ Generate Conversation Round 1 (POST /conversation/generate)
9. ✅ Generate Conversation Round 2 (POST /conversation/generate)
10. ✅ Generate Conversation Round 3 (POST /conversation/generate)
11. ✅ Generate Conversation Round 4 (POST /conversation/generate)
12. ✅ Generate Conversation Round 5 (POST /conversation/generate)
13. ✅ Generate Fallback Conversation (POST /conversation/generate)
14. ✅ Start simulation (POST /simulation/start)
15. ✅ Create Agent: Dr. James Wilson (POST /agents)
16. ✅ Create Agent: Sarah Johnson (POST /agents)
17. ✅ Create Agent: Michael Chen (POST /agents)
18. ✅ Create Agent: Emily Rodriguez (POST /agents)
19. ✅ Set Scenario (POST /simulation/set-scenario)
20. ✅ Generate Conversation Round 1 (POST /conversation/generate)
21. ✅ Generate Conversation Round 2 (POST /conversation/generate)
22. ✅ Generate Conversation Round 3 (POST /conversation/generate)
23. ✅ Generate Conversation Round 4 (POST /conversation/generate)
24. ✅ Generate Conversation Round 5 (POST /conversation/generate)
25. ✅ Generate Conversation Round 6 (POST /conversation/generate)
26. ✅ Generate Conversation Round 7 (POST /conversation/generate)
27. ✅ Generate Conversation Round 8 (POST /conversation/generate)
28. ✅ Quality Gate - Budget Discussion (POST /documents/quality-check)
29. ✅ Quality Gate - Timeline Discussion (POST /documents/quality-check)
30. ✅ Quality Gate - Risk Assessment Discussion (POST /documents/quality-check)
31. ✅ Quality Gate - Substantive Content (POST /documents/quality-check)
32. ✅ Create Budget Document (POST /documents/create)
33. ✅ Get Budget Document (GET /documents/41b85f90-c307-409d-9f28-7078b059d5d1)
34. ✅ Create Timeline Document (POST /documents/create)
35. ✅ Get Timeline Document (GET /documents/e0097dfd-13cc-43c0-ad75-a21d99bc14a4)
36. ✅ Create Risk Document (POST /documents/create)
37. ✅ Get Risk Document (GET /documents/afc37265-da3e-4cdd-837e-7efa2350d9b7)
38. ✅ Get Document 41b85f90-c307-409d-9f28-7078b059d5d1 for Quality Check (GET /documents/41b85f90-c307-409d-9f28-7078b059d5d1)
39. ✅ Get Document e0097dfd-13cc-43c0-ad75-a21d99bc14a4 for Quality Check (GET /documents/e0097dfd-13cc-43c0-ad75-a21d99bc14a4)
40. ✅ Get Document afc37265-da3e-4cdd-837e-7efa2350d9b7 for Quality Check (GET /documents/afc37265-da3e-4cdd-837e-7efa2350d9b7)
================================================================================
OVERALL RESULT: FAILED
================================================================================

================================================================================
API FUNCTIONALITY ASSESSMENT
================================================================================
❌ Found 1 self-introductions after first round
❌ Scenario repetition is not properly eliminated after first few exchanges
❌ Agents don't show clear understanding of conversation progression
❌ Conversations don't display natural human-like patterns
❌ Strategic question-answer dynamics need improvement
✅ Enhanced document generation system is working correctly
✅ Quality gate properly allows document creation for substantive content
✅ Charts are properly embedded in documents
✅ Documents have professional formatting and structure
================================================================================
